[24/05/2011 10:10:40] /t
[24/05/2011 10:11:05] /reload spells
[24/05/2011 10:11:27] /reload spells
[24/05/2011 10:11:49] /reload spells
[24/05/2011 10:12:12] /reload spells
[24/05/2011 10:12:35] /reload spells
[24/05/2011 10:12:54] /reload spells
[24/05/2011 10:12:57] /i 2407
[24/05/2011 10:13:08] /i 2407
[24/05/2011 10:13:13] /r
[24/05/2011 10:13:15] /reload spells
[24/05/2011 10:13:44] /reload spells
[24/05/2011 10:14:19] /reload spells
[24/05/2011 10:14:52] /reload spells
[24/05/2011 10:15:43] /reload spells
[24/05/2011 10:16:03] /reload spells
[24/05/2011 10:16:27] /reload spells
[24/05/2011 10:16:49] /reload spells
[24/05/2011 10:17:03] /reload spells
[24/05/2011 10:17:30] /reload spells
[24/05/2011 10:21:11] /reload spells
[24/05/2011 10:21:38] /reload spells
[24/05/2011 10:21:53] /reload spells
[24/05/2011 10:22:11] /reload spells
[24/05/2011 10:22:56] /reload spells
[24/05/2011 10:28:22] /reload spells
[24/05/2011 10:28:51] /reload spells
[24/05/2011 10:29:21] /reload spells
[24/05/2011 10:30:05] /reload spells
[24/05/2011 10:30:40] /reload spells
[24/05/2011 10:31:10] /reload spells
[24/05/2011 10:32:20] /reload spells
[24/05/2011 10:32:52] /reload spells
[24/05/2011 10:34:23] /reload spells
[24/05/2011 10:34:48] /reload spells
[24/05/2011 10:35:07] /reload spells
[24/05/2011 10:35:42] /reload spells
[24/05/2011 10:35:59] /reload spells
[24/05/2011 10:36:26] /reload spells
[24/05/2011 10:36:57] /reload spells
[24/05/2011 10:37:21] /reload spells
[24/05/2011 10:37:49] /reload spells
[24/05/2011 10:38:20] /reload spells
[24/05/2011 10:38:41] /reload spells
[24/05/2011 10:39:06] /reload spells
[24/05/2011 10:39:36] /reload spells
[24/05/2011 10:40:09] /reload spells
[24/05/2011 10:40:37] /reload spells
[24/05/2011 10:40:57] /reload spells
[24/05/2011 10:41:24] /reload spells
[24/05/2011 10:42:01] /reload spells
[24/05/2011 10:42:27] /reload spells
[24/05/2011 10:42:49] /reload spells
[24/05/2011 10:43:12] /reload spells
[24/05/2011 10:43:53] /reload spells
[24/05/2011 10:44:17] /reload spells
[24/05/2011 10:44:50] /reload spells
[24/05/2011 10:45:20] /reload spells
[24/05/2011 10:45:44] /reload spells
[24/05/2011 10:46:15] /reload spells
[24/05/2011 10:46:37] /reload spells
[24/05/2011 10:47:01] /reload spells
[24/05/2011 10:47:20] /reload spells
[24/05/2011 10:47:40] /reload spells
[24/05/2011 10:48:00] /reload spells
[24/05/2011 10:48:16] /reload spells
[24/05/2011 10:48:49] /reload spells
[24/05/2011 10:49:11] /reload spells
[24/05/2011 10:49:46] /reload spells
[24/05/2011 10:50:10] /reload spells
[24/05/2011 10:50:29] /reload spells
[24/05/2011 10:51:00] /reload spells
[24/05/2011 10:51:33] /reload spells
[24/05/2011 10:52:35] /reload spells
[24/05/2011 10:53:01] /reload spells
[24/05/2011 10:53:32] /reload spells
[24/05/2011 10:54:03] /reload spells
[24/05/2011 10:54:50] /reload spells
[24/05/2011 10:54:59] /goto demon sky
[24/05/2011 10:56:46] /attr unique 5803
[24/05/2011 10:57:10] /attr action 5803
[24/05/2011 11:00:38] /goto demon sky
[24/05/2011 11:02:00] /reload spells
[24/05/2011 11:02:21] /reload spells
[24/05/2011 11:02:44] /reload spells
[24/05/2011 11:03:30] /reload spells
[24/05/2011 11:03:45] /reload spells
