[09/07/2011 09:54:35] /b qm quiser tutor e so manda uma carta pro [Hoster] Jean em carlin
[09/07/2011 09:54:49] /b qm quiser tutor e so manda uma carta pro [Hoster] Jean em carlin
[09/07/2011 10:00:19] /i utamo remover
[09/07/2011 10:01:32] /b ai gente n do itens namoral n pedi
[09/07/2011 10:01:49] /up
[09/07/2011 10:01:50] /up
[09/07/2011 10:02:40] /t
[09/07/2011 10:02:45] /a 40
[09/07/2011 10:02:48] /a 10
[09/07/2011 10:03:49] /r
[09/07/2011 10:03:52] /r
[09/07/2011 10:06:59] /m ice lord
[09/07/2011 10:07:09] /r
[09/07/2011 10:07:12] /r
[09/07/2011 10:07:14] /r
[09/07/2011 10:07:19] /r
[09/07/2011 10:08:51] /i 2160
[09/07/2011 10:08:52] /i 2160
[09/07/2011 10:08:53] /i 2160
[09/07/2011 10:08:55] /i 2160
[09/07/2011 10:10:00] /ghost
[09/07/2011 10:10:02] /t
[09/07/2011 10:10:35] /i 8303
[09/07/2011 10:11:10] /t
[09/07/2011 10:11:14] /a 50
[09/07/2011 10:11:19] /a 20
[09/07/2011 10:12:01] /i boneco teleport
[09/07/2011 10:12:06] /t
[09/07/2011 10:12:22] /a 50
[09/07/2011 10:12:26] /a 25
[09/07/2011 10:12:45] /i boneco de teleport
[09/07/2011 10:12:46] /i boneco de teleport
[09/07/2011 10:12:46] /i boneco de teleport
[09/07/2011 10:12:47] /i boneco de teleport
[09/07/2011 10:12:48] /i boneco de teleport
[09/07/2011 10:12:49] /i boneco de teleport
[09/07/2011 10:12:49] /i boneco de teleport
[09/07/2011 10:12:50] /i boneco de teleport
[09/07/2011 10:12:50] /i boneco de teleport
[09/07/2011 10:12:51] /i boneco de teleport
[09/07/2011 10:12:52] /i boneco de teleport
[09/07/2011 10:12:52] /i boneco de teleport
[09/07/2011 10:12:53] /i boneco de teleport
[09/07/2011 10:12:53] /i boneco de teleport
[09/07/2011 10:12:53] /i boneco de teleport
[09/07/2011 10:12:54] /i boneco de teleport
[09/07/2011 10:12:54] /i boneco de teleport
[09/07/2011 10:12:55] /i boneco de teleport
[09/07/2011 10:12:56] /i boneco de teleport
[09/07/2011 10:12:56] /i boneco de teleport
[09/07/2011 10:12:57] /i boneco de teleport
[09/07/2011 10:12:57] /i boneco de teleport
[09/07/2011 10:12:57] /i boneco de teleport
[09/07/2011 10:13:01] /i boneco de teleport
[09/07/2011 10:13:25] /t
[09/07/2011 10:15:05] /a 30
[09/07/2011 10:15:06] /a 30
[09/07/2011 10:15:07] /a 30
[09/07/2011 10:15:55] /i 5915
[09/07/2011 10:16:03] /r
[09/07/2011 10:16:14] /i 966
[09/07/2011 10:16:33] /i 5915
[09/07/2011 10:16:35] /i 5915
[09/07/2011 10:16:38] /i 5915
[09/07/2011 10:16:40] /i 5915
[09/07/2011 10:17:22] /i 5915
[09/07/2011 10:17:26] /i 5915
[09/07/2011 10:17:29] /i 5915
[09/07/2011 10:17:32] /i 5915
[09/07/2011 10:17:41] /i 1484
[09/07/2011 10:17:44] /i 1484
[09/07/2011 10:17:47] /i 1484
[09/07/2011 10:17:48] /i 1484
[09/07/2011 10:17:53] /i 1484
[09/07/2011 10:18:17] /t
[09/07/2011 10:19:16] /i 1988
[09/07/2011 10:19:18] /i 1988
[09/07/2011 10:19:19] /i 1988
[09/07/2011 10:20:18] /r
[09/07/2011 10:20:28] /r
[09/07/2011 10:20:41] /r
[09/07/2011 10:20:51] /r
[09/07/2011 10:21:18] /r
[09/07/2011 10:21:29] /r
[09/07/2011 10:21:30] /r
[09/07/2011 10:21:47] /r
[09/07/2011 10:22:03] /r
[09/07/2011 10:22:04] /r
[09/07/2011 10:22:05] /r
[09/07/2011 10:22:07] /r
[09/07/2011 10:22:09] /r
[09/07/2011 10:22:10] /r
[09/07/2011 10:22:11] /r
[09/07/2011 10:22:48] /a 40
[09/07/2011 10:22:51] /a 20
[09/07/2011 10:23:01] /up
[09/07/2011 10:23:03] /up
[09/07/2011 10:23:22] /i 164
[09/07/2011 10:23:34] /i 1164
[09/07/2011 10:23:38] /r
[09/07/2011 10:23:51] /i 1614
[09/07/2011 10:23:54] /i 1614
[09/07/2011 10:23:57] /i 1614
[09/07/2011 10:23:59] /i 1614
[09/07/2011 10:24:00] /i 1614
[09/07/2011 10:24:02] /i 1614
[09/07/2011 10:24:04] /i 1614
[09/07/2011 10:24:09] /r
[09/07/2011 10:24:13] /i ham
[09/07/2011 10:24:20] /i ham
[09/07/2011 10:24:21] /i ham
[09/07/2011 10:24:29] /i ham
[09/07/2011 10:24:54] /i 1354
[09/07/2011 10:25:09] /i 1354
[09/07/2011 10:25:29] /i 1354
[09/07/2011 10:25:30] /i 1354
[09/07/2011 10:25:31] /i 1354
[09/07/2011 10:25:32] /i 1354
[09/07/2011 10:25:33] /i 1354
[09/07/2011 10:25:34] /i 1354
[09/07/2011 10:25:35] /i 1354
[09/07/2011 10:25:37] /i 1354
[09/07/2011 10:25:41] /i 1354
[09/07/2011 10:25:42] /i 1354
[09/07/2011 10:25:46] /r
[09/07/2011 10:25:49] /i 1354
[09/07/2011 10:25:51] /i 1354
[09/07/2011 10:25:52] /i 1354
[09/07/2011 10:26:01] /i 1354
[09/07/2011 10:26:02] /i 1354
[09/07/2011 10:26:03] /i 1354
[09/07/2011 10:26:04] /i 1354
[09/07/2011 10:26:05] /i 1354
[09/07/2011 10:26:06] /i 1354
[09/07/2011 10:26:06] /i 1354
[09/07/2011 10:26:11] /a 3
[09/07/2011 10:26:28] /r
[09/07/2011 10:26:31] /r
[09/07/2011 10:27:40] /down
[09/07/2011 10:27:41] /down
[09/07/2011 10:27:56] /i ring
[09/07/2011 10:27:59] /i ring
[09/07/2011 10:28:00] /i ring
[09/07/2011 10:28:00] /i ring
[09/07/2011 10:28:01] /i ring
[09/07/2011 10:28:01] /i ring
[09/07/2011 10:28:02] /i ring
[09/07/2011 10:28:03] /i ring
[09/07/2011 10:28:03] /i ring
[09/07/2011 10:28:04] /i ring
[09/07/2011 10:28:04] /i ring
[09/07/2011 10:28:05] /i ring
[09/07/2011 10:28:05] /i ring
[09/07/2011 10:28:06] /i ring
[09/07/2011 10:28:06] /i ring
[09/07/2011 10:28:07] /i ring
[09/07/2011 10:28:07] /i ring
[09/07/2011 10:28:08] /i ring
[09/07/2011 10:28:08] /i ring
[09/07/2011 10:28:09] /i ring
[09/07/2011 10:28:09] /i ring
[09/07/2011 10:28:10] /i ring
[09/07/2011 10:28:11] /i ring
[09/07/2011 10:28:11] /i ring
[09/07/2011 10:28:12] /i ring
[09/07/2011 10:29:06] /i ice legs
[09/07/2011 10:29:06] /i ice amor
[09/07/2011 10:29:08] /i ice amor
[09/07/2011 10:29:17] /i ice armor
[09/07/2011 10:29:34] /i ice helmet
[09/07/2011 10:29:55] /i ice legs
[09/07/2011 10:29:55] /i ice armor
[09/07/2011 10:29:56] /i ice helmet
[09/07/2011 10:29:57] /i ice legs
[09/07/2011 10:29:57] /i ice armor
[09/07/2011 10:29:58] /i ice helmet
[09/07/2011 10:29:59] /i ice legs
[09/07/2011 10:30:00] /i ice armor
[09/07/2011 10:30:00] /i ice helmet
[09/07/2011 10:30:01] /i ice legs
[09/07/2011 10:30:01] /i ice armor
[09/07/2011 10:30:01] /i ice helmet
[09/07/2011 10:30:12] /i ice legs
[09/07/2011 10:30:12] /i ice armor
[09/07/2011 10:30:12] /i ice helmet
[09/07/2011 10:30:14] /i ice legs
[09/07/2011 10:30:14] /i ice armor
[09/07/2011 10:30:14] /i ice helmet
[09/07/2011 10:30:15] /i ice legs
[09/07/2011 10:30:15] /i ice armor
[09/07/2011 10:30:15] /i ice helmet
[09/07/2011 10:30:16] /i ice legs
[09/07/2011 10:30:16] /i ice armor
[09/07/2011 10:30:16] /i ice helmet
[09/07/2011 10:30:17] /i ice legs
[09/07/2011 10:30:18] /i ice armor
[09/07/2011 10:30:18] /i ice helmet
[09/07/2011 10:30:19] /i ice legs
[09/07/2011 10:30:19] /i ice armor
[09/07/2011 10:30:19] /i ice helmet
[09/07/2011 10:30:20] /i ice legs
[09/07/2011 10:30:20] /i ice armor
[09/07/2011 10:30:20] /i ice helmet
[09/07/2011 10:30:21] /i ice legs
[09/07/2011 10:30:22] /i ice armor
[09/07/2011 10:30:22] /i ice helmet
[09/07/2011 10:30:23] /i ice legs
[09/07/2011 10:30:23] /i ice armor
[09/07/2011 10:30:23] /i ice helmet
[09/07/2011 10:30:24] /i ice legs
[09/07/2011 10:30:24] /i ice armor
[09/07/2011 10:30:24] /i ice helmet
[09/07/2011 10:30:25] /i ice legs
[09/07/2011 10:30:25] /i ice armor
[09/07/2011 10:30:26] /i ice helmet
[09/07/2011 10:30:27] /i ice legs
[09/07/2011 10:30:27] /i ice armor
[09/07/2011 10:30:27] /i ice helmet
[09/07/2011 10:30:28] /i ice legs
[09/07/2011 10:30:28] /i ice armor
[09/07/2011 10:30:28] /i ice helmet
[09/07/2011 10:30:30] /i ice legs
[09/07/2011 10:30:30] /i ice armor
[09/07/2011 10:30:30] /i ice helmet
[09/07/2011 10:30:31] /i ice legs
[09/07/2011 10:30:31] /i ice armor
[09/07/2011 10:30:31] /i ice helmet
[09/07/2011 10:30:32] /i ice legs
[09/07/2011 10:30:32] /i ice armor
[09/07/2011 10:30:32] /i ice helmet
[09/07/2011 10:30:33] /i ice legs
[09/07/2011 10:30:33] /i ice helmet
[09/07/2011 10:30:37] /i ice armor
[09/07/2011 10:30:38] /i ice helmet
[09/07/2011 10:30:40] /i ice legs
[09/07/2011 10:30:41] /i ice armor
[09/07/2011 10:30:41] /i ice helmet
[09/07/2011 10:30:41] /i ice legs
[09/07/2011 10:30:42] /i ice armor
[09/07/2011 10:30:42] /i ice helmet
[09/07/2011 10:30:43] /i ice legs
[09/07/2011 10:30:43] /i ice armor
[09/07/2011 10:30:43] /i ice helmet
[09/07/2011 10:30:44] /i ice legs
[09/07/2011 10:30:44] /i ice armor
[09/07/2011 10:30:44] /i ice helmet
[09/07/2011 10:30:45] /i ice legs
[09/07/2011 10:30:45] /i ice armor
[09/07/2011 10:30:45] /i ice helmet
[09/07/2011 10:30:46] /i ice legs
[09/07/2011 10:30:46] /i ice armor
[09/07/2011 10:30:46] /i ice helmet
[09/07/2011 10:30:47] /i ice legs
[09/07/2011 10:30:47] /i ice armor
[09/07/2011 10:30:47] /i ice helmet
[09/07/2011 10:30:48] /i ice legs
[09/07/2011 10:30:48] /i ice armor
[09/07/2011 10:30:48] /i ice helmet
[09/07/2011 10:30:49] /i ice legs
[09/07/2011 10:30:49] /i ice armor
[09/07/2011 10:30:49] /i ice helmet
[09/07/2011 10:30:52] /i ice legs
[09/07/2011 10:30:52] /i ice armor
[09/07/2011 10:30:53] /i ice helmet
[09/07/2011 10:30:53] /i ice legs
[09/07/2011 10:30:53] /i ice armor
[09/07/2011 10:30:53] /i ice helmet
[09/07/2011 10:30:54] /i ice legs
[09/07/2011 10:30:54] /i ice armor
[09/07/2011 10:30:54] /i ice helmet
[09/07/2011 10:30:55] /i ice legs
[09/07/2011 10:30:55] /i ice armor
[09/07/2011 10:30:55] /i ice helmet
[09/07/2011 10:30:56] /i ice legs
[09/07/2011 10:30:56] /i ice armor
[09/07/2011 10:30:56] /i ice helmet
[09/07/2011 10:30:57] /i ice legs
[09/07/2011 10:30:57] /i ice armor
[09/07/2011 10:30:57] /i ice helmet
[09/07/2011 10:30:58] /i ice legs
[09/07/2011 10:30:58] /i ice armor
[09/07/2011 10:30:58] /i ice helmet
[09/07/2011 10:30:59] /i ice legs
[09/07/2011 10:30:59] /i ice armor
[09/07/2011 10:30:59] /i ice helmet
[09/07/2011 10:31:00] /i ice legs
[09/07/2011 10:31:00] /i ice armor
[09/07/2011 10:31:00] /i ice helmet
[09/07/2011 10:31:01] /i ice legs
[09/07/2011 10:31:01] /i ice armor
[09/07/2011 10:31:02] /i ice helmet
[09/07/2011 10:31:02] /i ice legs
[09/07/2011 10:31:03] /i ice armor
[09/07/2011 10:31:03] /i ice helmet
[09/07/2011 10:31:04] /i ice legs
[09/07/2011 10:31:04] /i ice armor
[09/07/2011 10:31:04] /i ice helmet
[09/07/2011 10:31:05] /i ice legs
[09/07/2011 10:31:05] /i ice armor
[09/07/2011 10:31:05] /i ice helmet
[09/07/2011 10:31:06] /i ice legs
[09/07/2011 10:31:06] /i ice armor
[09/07/2011 10:31:06] /i ice helmet
[09/07/2011 10:31:07] /i ice legs
[09/07/2011 10:31:07] /i ice armor
[09/07/2011 10:31:07] /i ice helmet
[09/07/2011 10:31:08] /i ice legs
[09/07/2011 10:31:08] /i ice armor
[09/07/2011 10:31:08] /i ice helmet
[09/07/2011 10:31:09] /i ice legs
[09/07/2011 10:31:09] /i ice armor
[09/07/2011 10:31:09] /i ice helmet
[09/07/2011 10:31:10] /i ice legs
[09/07/2011 10:31:10] /i ice armor
[09/07/2011 10:31:10] /i ice helmet
[09/07/2011 10:31:11] /i ice legs
[09/07/2011 10:31:11] /i ice armor
[09/07/2011 10:31:11] /i ice helmet
[09/07/2011 10:31:12] /i ice legs
[09/07/2011 10:31:13] /i ice armor
[09/07/2011 10:31:13] /i ice helmet
[09/07/2011 10:31:14] /i ice legs
[09/07/2011 10:31:14] /i ice armor
[09/07/2011 10:31:14] /i ice helmet
[09/07/2011 10:31:15] /i ice legs
[09/07/2011 10:31:15] /i ice helmet
[09/07/2011 10:31:19] /r
[09/07/2011 10:31:21] /r
[09/07/2011 10:31:22] /i ice legs
[09/07/2011 10:31:22] /i ice armor
[09/07/2011 10:31:23] /i ice helmet
[09/07/2011 10:31:24] /i ice legs
[09/07/2011 10:31:24] /i ice armor
[09/07/2011 10:31:24] /i ice helmet
[09/07/2011 10:31:25] /i ice legs
[09/07/2011 10:31:25] /i ice armor
[09/07/2011 10:31:25] /i ice helmet
[09/07/2011 10:31:26] /i ice legs
[09/07/2011 10:31:26] /i ice armor
[09/07/2011 10:31:27] /i ice helmet
[09/07/2011 10:31:27] /i ice legs
[09/07/2011 10:31:28] /i ice armor
[09/07/2011 10:31:28] /i ice helmet
[09/07/2011 10:31:29] /i ice legs
[09/07/2011 10:31:29] /i ice armor
[09/07/2011 10:31:29] /i ice helmet
[09/07/2011 10:31:33] /i ice legs
[09/07/2011 10:31:33] /i ice armor
[09/07/2011 10:31:33] /i ice helmet
[09/07/2011 10:31:34] /i ice legs
[09/07/2011 10:31:34] /i ice armor
[09/07/2011 10:31:35] /i ice helmet
[09/07/2011 10:31:35] /i ice legs
[09/07/2011 10:31:36] /i ice armor
[09/07/2011 10:31:36] /i ice helmet
[09/07/2011 10:31:37] /i ice legs
[09/07/2011 10:31:37] /i ice armor
[09/07/2011 10:31:37] /i ice helmet
[09/07/2011 10:31:38] /i ice legs
[09/07/2011 10:31:38] /i ice armor
[09/07/2011 10:31:39] /i ice helmet
[09/07/2011 10:31:39] /i ice legs
[09/07/2011 10:31:39] /i ice armor
[09/07/2011 10:31:40] /i ice helmet
[09/07/2011 10:31:40] /i ice legs
[09/07/2011 10:31:41] /i ice armor
[09/07/2011 10:31:41] /i ice helmet
[09/07/2011 10:31:42] /i ice legs
[09/07/2011 10:31:42] /i ice armor
[09/07/2011 10:31:42] /i ice helmet
[09/07/2011 10:31:42] /i ice legs
[09/07/2011 10:31:43] /i ice armor
[09/07/2011 10:31:43] /i ice helmet
[09/07/2011 10:31:44] /i ice legs
[09/07/2011 10:31:44] /i ice armor
[09/07/2011 10:31:44] /i ice helmet
[09/07/2011 10:31:45] /i ice legs
[09/07/2011 10:31:45] /i ice armor
[09/07/2011 10:31:46] /i ice helmet
[09/07/2011 10:31:46] /i ice legs
[09/07/2011 10:31:46] /i ice armor
[09/07/2011 10:31:47] /i ice helmet
[09/07/2011 10:31:48] /i ice legs
[09/07/2011 10:31:48] /i ice armor
[09/07/2011 10:31:48] /i ice helmet
[09/07/2011 10:31:49] /i ice legs
[09/07/2011 10:31:49] /i ice armor
[09/07/2011 10:31:49] /i ice helmet
[09/07/2011 10:31:50] /i ice legs
[09/07/2011 10:31:50] /i ice armor
[09/07/2011 10:31:50] /i ice helmet
[09/07/2011 10:31:51] /i ice legs
[09/07/2011 10:31:51] /i ice armor
[09/07/2011 10:31:51] /i ice helmet
[09/07/2011 10:31:52] /i ice legs
[09/07/2011 10:31:52] /i ice armor
[09/07/2011 10:31:52] /i ice helmet
[09/07/2011 10:31:53] /i ice legs
[09/07/2011 10:31:53] /i ice armor
[09/07/2011 10:31:53] /i ice helmet
[09/07/2011 10:31:54] /i ice legs
[09/07/2011 10:31:54] /i ice armor
[09/07/2011 10:31:54] /i ice helmet
[09/07/2011 10:31:55] /i ice legs
[09/07/2011 10:31:55] /i ice armor
[09/07/2011 10:31:55] /i ice helmet
[09/07/2011 10:32:01] /i ice legs
[09/07/2011 10:32:01] /i ice armor
[09/07/2011 10:32:01] /i ice helmet
[09/07/2011 10:32:02] /i ice legs
[09/07/2011 10:32:02] /i ice armor
[09/07/2011 10:32:02] /i ice helmet
[09/07/2011 10:32:03] /i ice legs
[09/07/2011 10:32:03] /i ice armor
[09/07/2011 10:32:03] /i ice helmet
[09/07/2011 10:32:04] /i ice legs
[09/07/2011 10:32:04] /i ice armor
[09/07/2011 10:32:04] /i ice helmet
[09/07/2011 10:32:05] /i ice legs
[09/07/2011 10:32:05] /i ice armor
[09/07/2011 10:32:05] /i ice helmet
[09/07/2011 10:32:06] /i ice legs
[09/07/2011 10:32:06] /i ice armor
[09/07/2011 10:32:06] /i ice helmet
[09/07/2011 10:32:07] /i ice legs
[09/07/2011 10:32:07] /i ice armor
[09/07/2011 10:32:07] /i ice helmet
[09/07/2011 10:32:07] /i ice legs
[09/07/2011 10:32:07] /i ice armor
[09/07/2011 10:32:07] /i ice helmet
[09/07/2011 10:32:09] /i ice legs
[09/07/2011 10:32:09] /i ice armor
[09/07/2011 10:32:09] /i ice helmet
[09/07/2011 10:32:10] /i ice legs
[09/07/2011 10:32:10] /i ice armor
[09/07/2011 10:32:10] /i ice helmet
[09/07/2011 10:32:11] /i ice legs
[09/07/2011 10:32:11] /i ice armor
[09/07/2011 10:32:11] /i ice helmet
[09/07/2011 10:32:11] /i ice legs
[09/07/2011 10:32:11] /i ice armor
[09/07/2011 10:32:12] /i ice helmet
[09/07/2011 10:32:12] /i ice legs
[09/07/2011 10:32:12] /i ice armor
[09/07/2011 10:32:13] /i ice helmet
[09/07/2011 10:32:26] /i max power
[09/07/2011 10:32:27] /i max power
[09/07/2011 10:32:50] /i ice legs
[09/07/2011 10:32:51] /i ice armor
[09/07/2011 10:32:51] /i ice helmet
[09/07/2011 10:32:52] /i ice legs
[09/07/2011 10:32:52] /i ice armor
[09/07/2011 10:32:52] /i ice helmet
[09/07/2011 10:32:52] /i ice legs
[09/07/2011 10:32:53] /i ice armor
[09/07/2011 10:32:53] /i ice helmet
[09/07/2011 10:32:53] /i ice legs
[09/07/2011 10:32:54] /i ice armor
[09/07/2011 10:32:54] /i ice helmet
[09/07/2011 10:32:55] /i ice legs
[09/07/2011 10:32:55] /i ice armor
[09/07/2011 10:32:55] /i ice helmet
[09/07/2011 10:32:56] /i ice legs
[09/07/2011 10:32:56] /i ice armor
[09/07/2011 10:32:56] /i ice helmet
[09/07/2011 10:32:58] /i ice legs
[09/07/2011 10:32:58] /i ice armor
[09/07/2011 10:32:58] /i ice helmet
[09/07/2011 10:32:59] /i ice legs
[09/07/2011 10:32:59] /i ice armor
[09/07/2011 10:32:59] /i ice helmet
[09/07/2011 10:33:00] /i ice legs
[09/07/2011 10:33:00] /i ice armor
[09/07/2011 10:33:01] /i ice helmet
[09/07/2011 10:33:01] /i ice legs
[09/07/2011 10:33:01] /i ice armor
[09/07/2011 10:33:02] /i ice helmet
[09/07/2011 10:33:02] /i ice legs
[09/07/2011 10:33:03] /i ice armor
[09/07/2011 10:33:03] /i ice helmet
[09/07/2011 10:33:03] /i ice legs
[09/07/2011 10:33:03] /i ice armor
[09/07/2011 10:33:04] /i ice helmet
[09/07/2011 10:33:04] /i ice legs
[09/07/2011 10:33:05] /i ice armor
[09/07/2011 10:33:05] /i ice helmet
[09/07/2011 10:33:27] /i 7774
[09/07/2011 10:33:28] /i 7774
[09/07/2011 10:33:29] /i 7774
[09/07/2011 10:33:31] /i 7774
[09/07/2011 10:33:31] /i 7774
[09/07/2011 10:33:32] /i 7774
[09/07/2011 10:33:32] /i 7774
[09/07/2011 10:33:33] /i 7774
[09/07/2011 10:33:33] /i 7774
[09/07/2011 10:33:34] /i 7774
[09/07/2011 10:33:34] /i 7774
[09/07/2011 10:33:35] /i 7774
[09/07/2011 10:33:35] /i 7774
[09/07/2011 10:33:37] /i 7774
[09/07/2011 10:33:37] /i 7774
[09/07/2011 10:33:38] /i 7774
[09/07/2011 10:33:38] /i 7774
[09/07/2011 10:33:39] /i 7774
[09/07/2011 10:33:39] /i 7774
[09/07/2011 10:33:40] /i 7774
[09/07/2011 10:33:40] /i 7774
[09/07/2011 10:33:42] /i 7774
[09/07/2011 10:33:42] /i 7774
[09/07/2011 10:33:42] /i 7774
[09/07/2011 10:33:43] /i 7774
[09/07/2011 10:33:44] /i 7774
[09/07/2011 10:33:44] /i 7774
[09/07/2011 10:33:44] /i 7774
[09/07/2011 10:33:45] /i 7774
[09/07/2011 10:33:45] /i 7774
[09/07/2011 10:33:46] /i 7774
[09/07/2011 10:33:46] /i 7774
[09/07/2011 10:33:47] /i 7774
[09/07/2011 10:33:47] /i 7774
[09/07/2011 10:33:48] /i 7774
[09/07/2011 10:33:48] /i 7774
[09/07/2011 10:33:50] /i 7774
[09/07/2011 10:33:51] /i 7774
[09/07/2011 10:33:51] /i 7774
[09/07/2011 10:33:51] /i 7774
[09/07/2011 10:33:52] /i 7774
[09/07/2011 10:33:54] /i 7774
[09/07/2011 10:33:55] /i 7774
[09/07/2011 10:33:55] /i 7774
[09/07/2011 10:33:56] /i 7774
[09/07/2011 10:33:57] /i 7774
[09/07/2011 10:33:57] /i 7774
[09/07/2011 10:33:57] /i 7774
[09/07/2011 10:33:58] /i 7774
[09/07/2011 10:33:58] /i 7774
[09/07/2011 10:33:59] /i 7774
[09/07/2011 10:33:59] /i 7774
[09/07/2011 10:34:00] /i 7774
[09/07/2011 10:34:00] /i 7774
[09/07/2011 10:34:01] /i 7774
[09/07/2011 10:34:01] /i 7774
[09/07/2011 10:34:02] /i 7774
[09/07/2011 10:34:04] /i 7774
[09/07/2011 10:34:04] /i 7774
[09/07/2011 10:34:05] /i 7774
[09/07/2011 10:34:05] /i 7774
[09/07/2011 10:34:06] /i 7774
[09/07/2011 10:34:09] /i 7774
[09/07/2011 10:34:09] /i 7774
[09/07/2011 10:34:10] /i 7774
[09/07/2011 10:34:10] /i 7774
[09/07/2011 10:34:10] /i 7774
[09/07/2011 10:34:11] /i 7774
[09/07/2011 10:34:11] /i 7774
[09/07/2011 10:34:11] /i 7774
[09/07/2011 10:34:12] /i 7774
[09/07/2011 10:34:12] /i 7774
[09/07/2011 10:34:13] /i 7774
[09/07/2011 10:34:13] /i 7774
[09/07/2011 10:34:13] /i 7774
[09/07/2011 10:34:14] /i 7774
[09/07/2011 10:34:14] /i 7774
[09/07/2011 10:34:15] /i 7774
[09/07/2011 10:34:16] /i 7774
[09/07/2011 10:34:16] /i 7774
[09/07/2011 10:34:17] /i 7774
[09/07/2011 10:34:17] /i 7774
[09/07/2011 10:34:17] /i 7774
[09/07/2011 10:34:18] /i 7774
[09/07/2011 10:34:18] /i 7774
[09/07/2011 10:34:20] /i 7774
[09/07/2011 10:34:20] /i 7774
[09/07/2011 10:34:21] /i 7774
[09/07/2011 10:34:21] /i 7774
[09/07/2011 10:34:22] /i 7774
[09/07/2011 10:34:22] /i 7774
[09/07/2011 10:34:23] /i 7774
[09/07/2011 10:34:23] /i 7774
[09/07/2011 10:34:24] /i 7774
[09/07/2011 10:34:25] /i 7774
[09/07/2011 10:34:25] /i 7774
[09/07/2011 10:34:26] /i 7774
[09/07/2011 10:34:27] /i 7774
[09/07/2011 10:34:27] /i 7774
[09/07/2011 10:34:28] /i 7774
[09/07/2011 10:34:28] /i 7774
[09/07/2011 10:34:29] /i 7774
[09/07/2011 10:34:29] /i 7774
[09/07/2011 10:34:30] /i 7774
[09/07/2011 10:34:30] /i 7774
[09/07/2011 10:34:31] /i 7774
[09/07/2011 10:35:10] /i 7694
[09/07/2011 10:35:10] /i 7694
[09/07/2011 10:35:13] /r
[09/07/2011 10:35:15] /r
[09/07/2011 10:35:24] /i 7697
[09/07/2011 10:35:25] /i 7697
[09/07/2011 10:35:25] /i 7697
[09/07/2011 10:35:26] /i 7697
[09/07/2011 10:35:26] /i 7697
[09/07/2011 10:35:27] /i 7697
[09/07/2011 10:35:27] /i 7697
[09/07/2011 10:35:28] /i 7697
[09/07/2011 10:35:28] /i 7697
[09/07/2011 10:35:28] /i 7697
[09/07/2011 10:35:29] /i 7697
[09/07/2011 10:35:29] /i 7697
[09/07/2011 10:35:30] /i 7697
[09/07/2011 10:35:30] /i 7697
[09/07/2011 10:35:31] /i 7697
[09/07/2011 10:35:31] /i 7697
[09/07/2011 10:35:32] /i 7697
[09/07/2011 10:35:33] /i 7697
[09/07/2011 10:35:33] /i 7697
[09/07/2011 10:35:33] /i 7697
[09/07/2011 10:35:34] /i 7697
[09/07/2011 10:35:35] /i 7697
[09/07/2011 10:35:35] /i 7697
[09/07/2011 10:35:35] /i 7697
[09/07/2011 10:35:41] /i 7697
[09/07/2011 10:35:42] /i 7697
[09/07/2011 10:35:42] /i 7697
[09/07/2011 10:35:43] /i 7697
[09/07/2011 10:35:43] /i 7697
[09/07/2011 10:35:44] /i 7697
[09/07/2011 10:35:44] /i 7697
[09/07/2011 10:35:45] /i 7697
[09/07/2011 10:35:45] /i 7697
[09/07/2011 10:35:47] /i 7697
[09/07/2011 10:35:47] /i 7697
[09/07/2011 10:35:48] /i 7697
[09/07/2011 10:35:48] /i 7697
[09/07/2011 10:35:48] /i 7697
[09/07/2011 10:35:50] /i 7697
[09/07/2011 10:35:51] /i 7697
[09/07/2011 10:35:58] /i 7697
[09/07/2011 10:35:59] /i 7697
[09/07/2011 10:36:13] /r
[09/07/2011 10:36:15] /r
[09/07/2011 10:36:16] /r
[09/07/2011 10:36:17] /r
[09/07/2011 10:36:20] /r
[09/07/2011 10:36:23] /r
[09/07/2011 10:36:24] /r
[09/07/2011 10:36:26] /r
[09/07/2011 10:36:29] /r
[09/07/2011 10:36:32] /r
[09/07/2011 10:36:33] /r
[09/07/2011 10:36:35] /r
[09/07/2011 10:36:37] /r
[09/07/2011 10:36:38] /r
[09/07/2011 10:36:41] /r
[09/07/2011 10:36:43] /r
[09/07/2011 10:36:45] /r
[09/07/2011 10:36:47] /r
[09/07/2011 10:37:32] /i 7697
[09/07/2011 10:37:33] /i 7697
[09/07/2011 10:37:33] /i 7697
[09/07/2011 10:37:34] /i 7697
[09/07/2011 10:37:34] /i 7697
[09/07/2011 10:37:35] /i 7697
[09/07/2011 10:37:35] /i 7697
[09/07/2011 10:37:36] /i 7697
[09/07/2011 10:37:36] /i 7697
[09/07/2011 10:37:37] /i 7697
[09/07/2011 10:37:37] /i 7697
[09/07/2011 10:37:38] /i 7697
[09/07/2011 10:37:39] /i 7697
[09/07/2011 10:37:39] /i 7697
[09/07/2011 10:37:40] /i 7697
[09/07/2011 10:37:40] /i 7697
[09/07/2011 10:37:41] /i 7697
[09/07/2011 10:37:41] /i 7697
[09/07/2011 10:38:37] /t
[09/07/2011 10:38:43] /ghost
[09/07/2011 10:40:38] /ghost
[09/07/2011 10:41:42] /b se eu pega mc ban 10 dias
[09/07/2011 10:42:01] /a 50
[09/07/2011 10:42:09] /c google
[09/07/2011 10:42:42] /t google
[09/07/2011 10:42:45] /t
[09/07/2011 10:43:07] /i golfrn fruits
[09/07/2011 10:43:23] /i golden fruits
[09/07/2011 10:43:28] /i golden fruits
[09/07/2011 10:43:41] /i golden fruits
[09/07/2011 10:43:57] /i 2137
[09/07/2011 10:47:07] /t
[09/07/2011 10:52:06] /ghost
[09/07/2011 10:52:08] /ghost
[09/07/2011 11:22:26] /i utamo remover
[09/07/2011 11:23:02] /i 2294
[09/07/2011 11:23:16] /goto Druiidziinho
[09/07/2011 11:23:51] /goto Druiidziinho
[09/07/2011 11:23:56] /goto Druiidziinho
[09/07/2011 11:24:08] /goto Druiidziinho
[09/07/2011 11:27:52] /goto Druiidziinho
[09/07/2011 11:28:02] /c Strik Severus
[09/07/2011 11:28:09] /goto Druiidziinho
[09/07/2011 11:28:12] /goto Druiidziinho
[09/07/2011 11:33:52] /c strik severus
[09/07/2011 11:34:50] /t Strik Severus
[09/07/2011 11:35:03] /goto Druiidziinho
[09/07/2011 11:35:13] /goto Strik Severus
[09/07/2011 11:35:22] /t Strik Severus
[09/07/2011 11:50:54] /t
[09/07/2011 11:51:05] /a 50
[09/07/2011 11:51:21] /i /i 9242
[09/07/2011 11:51:26] /i 9242
[09/07/2011 11:51:32] /i 9242
[09/07/2011 11:51:44] /up
[09/07/2011 11:51:48] /down
[09/07/2011 11:51:51] /down
[09/07/2011 11:52:20] /i 9242
[09/07/2011 11:52:25] /i 9242
[09/07/2011 11:52:34] /t
[09/07/2011 11:53:03] /t
[09/07/2011 11:53:11] /a 30
[09/07/2011 11:53:44] /i 1448
[09/07/2011 11:53:49] /i 1448
[09/07/2011 11:54:12] /i 8779
[09/07/2011 11:54:16] /i 8779
[09/07/2011 11:54:33] /i 7823
[09/07/2011 11:54:36] /i 7823
[09/07/2011 11:54:50] /t
[09/07/2011 11:55:12] /t
[09/07/2011 11:55:22] /a 50
[09/07/2011 11:55:27] /a 7
[09/07/2011 11:55:48] /i 407
[09/07/2011 11:55:54] /r
[09/07/2011 11:56:05] /i 6683
[09/07/2011 11:56:22] /i 3705
[09/07/2011 11:56:31] /i 3705
[09/07/2011 11:56:50] /t
[09/07/2011 11:57:05] /t
[09/07/2011 11:57:17] /a 50
[09/07/2011 11:57:28] /i 1444
[09/07/2011 11:57:40] /i 1444
[09/07/2011 11:57:46] /r
[09/07/2011 11:57:57] /i 1444
[09/07/2011 11:58:04] /r
[09/07/2011 11:58:07] /i 1444
[09/07/2011 11:58:21] /c Dark Neewin
[09/07/2011 11:59:12] /t
[09/07/2011 11:59:26] /b ai qm quise ve minha house vai temple
[09/07/2011 11:59:36] /ghost
[09/07/2011 11:59:57] /b follow me
[09/07/2011 12:01:40] /t Peba Aki
[09/07/2011 12:01:42] /t
[09/07/2011 12:04:18] /ghost
[09/07/2011 12:06:07] /b vo sai minha irma qr usa flw a noite volto
[09/07/2011 16:20:11] /goto Mc maguinho
[09/07/2011 16:20:19] /goto Mc maguinho
[09/07/2011 16:21:35] /goto Fan Druid Master
[09/07/2011 16:21:49] /ban Fan Druid Master ,3
[09/07/2011 16:22:26] /goto hendinan
[09/07/2011 16:22:31] /goto hendinan
[09/07/2011 16:22:35] /goto hendinan
[09/07/2011 16:22:39] /a 50
[09/07/2011 16:22:42] /a 10
[09/07/2011 16:23:02] /t
[09/07/2011 16:23:06] /goto hendinan
[09/07/2011 16:23:13] /goto Fan Druid Master
[09/07/2011 16:25:52] /goto mc maguinho
[09/07/2011 16:27:44] /t
[09/07/2011 16:28:11] /goto Ultimate Devil
[09/07/2011 16:29:13] /c mc maguinho
[09/07/2011 16:30:06] /c mc maguinho
[09/07/2011 16:32:23] /i max power rune
[09/07/2011 16:32:27] /goto The Teleportener
[09/07/2011 16:33:01] /t
[09/07/2011 16:39:53] /c mc maguinho
[09/07/2011 16:42:21] /t
[09/07/2011 16:43:54] /i 2157
[09/07/2011 16:45:07] /b querem evento?
[09/07/2011 16:45:39] /b falei no help
[09/07/2011 16:46:13] /b todos na city entao
[09/07/2011 16:46:31] /b vou me esconde esta valento 100kk
[09/07/2011 16:46:43] /a 100
[09/07/2011 16:46:47] /a 10
[09/07/2011 16:46:58] /a 2
[09/07/2011 16:47:00] /a 2
[09/07/2011 16:47:04] /up
[09/07/2011 16:47:24] /b blz entao uma ice sword
[09/07/2011 16:47:42] /down
[09/07/2011 16:47:45] /down
[09/07/2011 16:47:48] /down
[09/07/2011 16:47:52] /up
[09/07/2011 16:47:53] /up
[09/07/2011 16:48:22] /a 2
[09/07/2011 16:48:24] /ghost
[09/07/2011 16:48:28] /b valento
[09/07/2011 16:48:36] /b e na city principal
[09/07/2011 16:48:47] /i ice sword
[09/07/2011 16:49:08] /b deixa eu ve e perto dos dragons
[09/07/2011 16:50:22] /t Dr Dreeew
[09/07/2011 16:50:36] /b e so da exiva
[09/07/2011 16:50:41] /up
[09/07/2011 16:50:54] /ghost
[09/07/2011 16:51:02] /a 50
[09/07/2011 16:51:05] /a 70
[09/07/2011 16:51:38] /r
[09/07/2011 16:51:50] /ghost
[09/07/2011 16:52:29] /b estou vendo alguns demons
[09/07/2011 16:52:53] /b pra vim aki vc passa pelos globins
[09/07/2011 16:53:02] /b vcs*
[09/07/2011 16:55:03] /b oia estao demorando gogo e so da exiva
[09/07/2011 16:56:52] /b vo repassa as digas
[09/07/2011 16:57:09] /b 1 city principal
[09/07/2011 16:57:22] /b 2 tem q passa pelos globins
[09/07/2011 16:57:33] /b 3 estou vendo demons
[09/07/2011 16:58:06] /t Orbital
[09/07/2011 16:58:57] /c Mc maguinho
[09/07/2011 16:59:09] /b aleluia mc maguinho ganho
[09/07/2011 16:59:53] /b mc maguinho roubo
[09/07/2011 16:59:59] /b podem volta
[09/07/2011 17:00:05] /b podem volta a procura
[09/07/2011 17:00:22] /b por esse peqeuno erro mas 100kk
[09/07/2011 17:00:40] /b perto dos dwarf
[09/07/2011 17:01:09] /t Mc maguinho
[09/07/2011 17:02:07] /b Orbital ganho parabens
[09/07/2011 17:02:35] /t orbital
[09/07/2011 17:02:37] /t
[09/07/2011 17:02:57] /b evento agr so a noite
[09/07/2011 17:03:03] /b evento agr so a noite
[09/07/2011 17:03:43] /b evento 20:30
[09/07/2011 17:04:14] /b ai dias dos pais evento especial valento boneco upei pq vcs vao precisa
[09/07/2011 17:04:25] /b ai dias dos pais evento especial valento boneco upei pq vcs vao precisa
[09/07/2011 17:05:01] /ghost
[09/07/2011 19:46:06] /goto dr dreeew
[09/07/2011 19:46:14] /t pala of sky
[09/07/2011 19:46:18] /goto dr dreeew
[09/07/2011 19:46:24] /t pala of sky
[09/07/2011 19:46:31] /c pala of sky
[09/07/2011 19:48:44] /goto dr dreeew
[09/07/2011 19:48:54] /c pala of sky
[09/07/2011 19:49:07] /goto dr dreeew
[09/07/2011 19:54:35] /goto Mc maguinho
[09/07/2011 19:54:42] /goto Mc maguinho
[09/07/2011 19:54:43] /goto Mc maguinho
[09/07/2011 19:55:07] /t
[09/07/2011 19:59:30] /t
[09/07/2011 19:59:37] /b evento duplo hj
[09/07/2011 20:00:11] /b vai se assim qm me acha tem o direito de escolher 1 mostro qm acha o [CM] Eduardo escolher outro
[09/07/2011 20:00:33] /ghost
[09/07/2011 20:00:43] /b vai se 20:10
[09/07/2011 20:05:15] /b e simples se tutor e so manda uma carta com seu nome pra carlin e para o [Hoster] Jean
[09/07/2011 20:06:10] /b 4 mins em
[09/07/2011 20:10:03] /ban Account Manager ,3
[09/07/2011 20:11:21] /ghost
[09/07/2011 20:11:30] /a 40
[09/07/2011 20:11:39] /r
[09/07/2011 20:11:52] /a 2
[09/07/2011 20:11:54] /up
[09/07/2011 20:12:06] /down
[09/07/2011 20:12:09] /a 3
[09/07/2011 20:12:11] /a 3
[09/07/2011 20:12:32] /ghost
[09/07/2011 20:12:39] /b estou na area epic
[09/07/2011 20:12:52] /ghost
[09/07/2011 20:13:00] /up
[09/07/2011 20:13:01] /up
[09/07/2011 20:13:15] /down
[09/07/2011 20:13:21] /a 3
[09/07/2011 20:13:24] /up
[09/07/2011 20:14:05] /a 20
[09/07/2011 20:14:08] /a 20
[09/07/2011 20:14:10] /a 20
[09/07/2011 20:14:13] /a 20
[09/07/2011 20:14:17] /a 10
[09/07/2011 20:14:20] /a 10
[09/07/2011 20:14:22] /a 10
[09/07/2011 20:14:23] /a 10
[09/07/2011 20:14:24] /a 10
[09/07/2011 20:14:32] /a 10
[09/07/2011 20:14:34] /a 10
[09/07/2011 20:14:35] /a 10
[09/07/2011 20:14:36] /a 10
[09/07/2011 20:14:37] /a 10
[09/07/2011 20:14:38] /a 10
[09/07/2011 20:14:39] /a 10
[09/07/2011 20:14:40] /a 10
[09/07/2011 20:14:47] /ghost
[09/07/2011 20:15:35] /ghost
[09/07/2011 20:16:03] /b ai vai se assim cada cm um na erea epic e na area normal estou na area normal
[09/07/2011 20:16:06] /t
[09/07/2011 20:16:21] /ghost
[09/07/2011 20:16:23] /a 20
[09/07/2011 20:16:24] /a 20
[09/07/2011 20:16:25] /a 20
[09/07/2011 20:16:26] /a 20
[09/07/2011 20:16:28] /a 20
[09/07/2011 20:16:29] /a 20
[09/07/2011 20:16:30] /a 20
[09/07/2011 20:16:31] /a 20
[09/07/2011 20:17:36] /m clasus
[09/07/2011 20:17:51] /b estou area normal perto do temple
[09/07/2011 20:18:17] /b ultima dica 
[09/07/2011 20:18:32] /b na rl os carros custamao aposta corrida
[09/07/2011 20:18:58] /b na rl os carros custamao aposta corrida
[09/07/2011 20:20:13] /b Pala Of Sky ganho o meu
[09/07/2011 20:20:26] /t
[09/07/2011 20:20:47] /ban Sfdjl ,2222222222
[09/07/2011 20:20:57] /a 30
[09/07/2011 20:21:14] /m ice lord
[09/07/2011 20:21:20] /c pala of sky
[09/07/2011 20:22:31] /b qnd vcs me viram o pala tinha achado priemiro
[09/07/2011 20:23:16] /t pala of sky
[09/07/2011 20:23:18] /t
[09/07/2011 20:24:54] /goto [CM] Eduardo
[09/07/2011 20:24:59] /a 2
[09/07/2011 20:25:43] /t Dage the evil
[09/07/2011 20:26:00] /a 3
[09/07/2011 20:26:08] /a 3
[09/07/2011 20:26:10] /a 3
[09/07/2011 20:26:39] /t
[09/07/2011 20:26:49] /goto Dage the evil
[09/07/2011 20:27:00] /t Dage the evil
[09/07/2011 20:27:06] /goto [CM] Eduardo
[09/07/2011 20:27:09] /a 3
[09/07/2011 20:27:28] /i 2334
[09/07/2011 20:27:30] /i 2334
[09/07/2011 20:27:34] /i 2334
[09/07/2011 20:27:36] /i 2334
[09/07/2011 20:27:56] /a 4
[09/07/2011 20:28:06] /a 4
[09/07/2011 20:29:00] /a 3
[09/07/2011 20:29:12] /a 4
[09/07/2011 20:31:10] /t Dage the evil
[09/07/2011 20:33:13] /m hacker
[09/07/2011 20:33:38] /m hacker
[09/07/2011 20:33:39] /m hacker
[09/07/2011 20:33:40] /m hacker
[09/07/2011 20:33:42] /m hacker
[09/07/2011 20:33:47] /m hacker
[09/07/2011 20:34:06] /m exp bug
[09/07/2011 20:34:17] /m hacker
[09/07/2011 20:34:19] /m hacker
[09/07/2011 20:34:43] /m hercules
[09/07/2011 20:35:12] /m clasus
[09/07/2011 20:35:56] /m clasus
[09/07/2011 20:35:58] /m clasus
[09/07/2011 20:36:46] /m clasus
[09/07/2011 20:36:53] /m clasus
[09/07/2011 20:37:21] /c girl of pala
[09/07/2011 20:37:44] /m clasus
[09/07/2011 20:37:47] /m clasus
[09/07/2011 20:37:51] /m clasus
[09/07/2011 20:37:52] /m clasus
[09/07/2011 20:39:21] /r
[09/07/2011 20:39:23] /r
[09/07/2011 20:39:26] /r
[09/07/2011 20:39:35] /t Pala Of Sky
[09/07/2011 20:39:41] /t Dage the evil
[09/07/2011 20:41:39] /t Girl of Pala
[09/07/2011 20:43:57] /t
[09/07/2011 20:44:01] /ghost
[09/07/2011 20:44:09] /ghost
[10/07/2011 11:14:00] /ghost
[10/07/2011 11:46:32] /ghost
[10/07/2011 11:46:51] /ghost
[10/07/2011 11:46:57] /goto Mc maguinho
[10/07/2011 11:47:56] /t
[10/07/2011 11:48:06] /ban Account Manager ,444
[10/07/2011 11:48:29] /b se eu pega o ip q esta colocando mage bomb deleted
[10/07/2011 11:48:41] /ban Account Manager ,444
[10/07/2011 11:51:04] /goto Strik Severus
[10/07/2011 11:51:26] /goto fran
[10/07/2011 11:51:32] /goto fran
[10/07/2011 11:51:35] /goto fran
[10/07/2011 11:51:56] /t
[10/07/2011 11:55:00] /a 50
[10/07/2011 11:55:06] /up
[10/07/2011 11:55:24] /i 3856
[10/07/2011 11:55:35] /i 3857
[10/07/2011 11:56:14] /i 3859
[10/07/2011 11:56:18] /r
[10/07/2011 11:56:22] /i 3859
[10/07/2011 11:56:26] /i 3858
[10/07/2011 11:56:47] /c mc maguinho
[10/07/2011 11:58:38] /t
[10/07/2011 12:00:54] /goto best
[10/07/2011 12:01:17] /goto Diony
[10/07/2011 12:01:34] /goto Pally Of Dead
[10/07/2011 12:01:49] /goto Master King
[10/07/2011 12:02:09] /goto Dage the evil
[10/07/2011 12:03:03] /goto Jhonys
[10/07/2011 12:03:11] /t
[10/07/2011 12:03:59] /goto passione
[10/07/2011 12:04:45] /goto passione
[10/07/2011 12:05:50] /goto [CM] Eduardo
[10/07/2011 12:08:06] /up
[10/07/2011 12:08:18] /i 1659
[10/07/2011 12:08:43] /t
[10/07/2011 12:08:49] /a 20
[10/07/2011 12:09:58] /a 60
[10/07/2011 12:10:21] /up
[10/07/2011 12:10:29] /i 3809
[10/07/2011 12:11:01] /r
[10/07/2011 12:12:42] /t
[10/07/2011 12:13:44] /a 5
[10/07/2011 12:14:34] /m ferumbras
[10/07/2011 12:14:35] /m ferumbras
[10/07/2011 12:15:39] /m ferumbras
[10/07/2011 12:16:23] /t
[10/07/2011 12:16:33] /a 40
[10/07/2011 12:16:46] /up
[10/07/2011 12:17:33] /i 9971
[10/07/2011 12:17:35] /i 9971
[10/07/2011 12:26:00] /i demon legs
[10/07/2011 12:26:00] /i demon armor
[10/07/2011 12:26:00] /i demon helmet
[10/07/2011 12:26:02] /i demon legs
[10/07/2011 12:26:03] /i demon armor
[10/07/2011 12:26:03] /i demon helmet
[10/07/2011 12:26:04] /i demon legs
[10/07/2011 12:26:05] /i demon armor
[10/07/2011 12:26:05] /i demon helmet
[10/07/2011 12:26:12] /i demon legs
[10/07/2011 12:26:13] /i demon armor
[10/07/2011 12:26:13] /i demon helmet
[10/07/2011 15:44:09] /t
[10/07/2011 15:49:09] /ghost
[10/07/2011 15:52:34] /i utamo remover rune
[10/07/2011 15:53:06] /ghost
[10/07/2011 15:55:05] /i holy sccrab
[10/07/2011 16:01:01] /clean
[10/07/2011 16:03:12] /ghost
[10/07/2011 16:05:19] /a 3
[10/07/2011 16:05:26] /m demon lord
[10/07/2011 16:05:38] /m demon lord
[10/07/2011 16:05:39] /m demon lord
[10/07/2011 16:06:11] /b arena porrada qm qr ve so vim
[10/07/2011 16:08:38] /r
[10/07/2011 16:08:47] /r
[10/07/2011 16:08:58] /r
[10/07/2011 16:09:18] /r
[10/07/2011 16:13:03] /c Dage the evil
[10/07/2011 16:13:11] /c Muleke doido
[10/07/2011 16:14:41] /c jhonys
[10/07/2011 18:08:41] /ghost
[10/07/2011 18:08:44] /t
[10/07/2011 18:08:58] /goto [CM] Eduardo
[10/07/2011 18:15:08] /c Mc maguinho
[10/07/2011 18:15:22] /c Mc maguinho
[10/07/2011 18:18:26] /ban Jean chupa rola ,777
[10/07/2011 18:23:51] /c skawaa
[10/07/2011 18:24:37] /t
[10/07/2011 18:24:44] /goto clasus
[10/07/2011 18:24:49] /a 3
[10/07/2011 18:24:56] /c skawaa
[10/07/2011 18:26:12] /goto [CM] Eduardo
[10/07/2011 18:26:25] /up
[10/07/2011 18:26:26] /up
[10/07/2011 18:26:29] /c [CM] Eduardo
[10/07/2011 18:39:46] /goto skawaa
[10/07/2011 18:39:56] /t skawaa
[10/07/2011 18:39:59] /t
[10/07/2011 18:40:36] /ghost
[10/07/2011 18:41:58] /ghost
[10/07/2011 18:42:01] /t
[10/07/2011 18:45:56] /a 1
[10/07/2011 18:46:03] /a 20
[10/07/2011 18:46:06] /a 20
[10/07/2011 18:46:13] /a 10
[10/07/2011 18:46:37] /a 3
[10/07/2011 18:46:40] /a 5
[10/07/2011 18:46:42] /a 5
[10/07/2011 18:48:24] /ghost
[10/07/2011 18:50:22] /ghost
[10/07/2011 18:50:53] /b 18:50 You see a dead human (Vol:10). You recognize Pala Eu Xavo. He was killed by Google. ItemID: [3058]. DecayTo: [3059]. Position: [X: 161] [Y: 60] [Z: 7].
[10/07/2011 18:51:28] /b 18:50 You see a dead human (Vol:10). You recognize Pala Eu Xavo. He was killed by Google. ItemID: [3058]. DecayTo: [3059]. Position: [X: 161] [Y: 60] [Z: 7].
[10/07/2011 18:58:05] /t
[10/07/2011 19:00:29] /r
[10/07/2011 19:00:36] /r
[10/07/2011 19:00:46] /r
[10/07/2011 19:01:07] /m amazon
[10/07/2011 19:01:28] /ghost
[10/07/2011 19:03:19] /m demon lord
[10/07/2011 19:03:25] /b demon lord na city
[11/07/2011 13:30:49] /b aiai acabei de levanta '-'
[11/07/2011 14:40:40] /i 2300
[11/07/2011 14:40:48] /i 2307
[11/07/2011 14:41:24] /ghost
[11/07/2011 14:41:31] /m amazon
[11/07/2011 14:42:14] /ghost
[11/07/2011 14:43:49] /ghost
[11/07/2011 14:44:00] /a 40
[11/07/2011 14:44:04] /a 10
[11/07/2011 14:44:34] /i 2300
[11/07/2011 14:44:35] /i 2300
[11/07/2011 14:44:43] /r
[11/07/2011 14:44:46] /r
[11/07/2011 14:44:49] /i 2307
[11/07/2011 14:44:50] /i 2307
[11/07/2011 14:44:51] /i 2307
[11/07/2011 14:44:52] /i 2307
[11/07/2011 14:44:52] /i 2307
[11/07/2011 14:44:53] /i 2307
[11/07/2011 14:44:53] /i 2307
[11/07/2011 14:44:54] /i 2307
[11/07/2011 14:44:54] /i 2307
[11/07/2011 14:44:55] /i 2307
[11/07/2011 14:44:55] /i 2307
[11/07/2011 14:44:56] /i 2307
[11/07/2011 14:44:56] /i 2307
[11/07/2011 14:44:58] /i 2307
[11/07/2011 14:44:58] /i 2307
[11/07/2011 14:44:59] /i 2307
[11/07/2011 14:45:00] /i 2307
[11/07/2011 14:45:00] /i 2307
[11/07/2011 14:45:01] /i 2307
[11/07/2011 14:45:15] /i 2307
[11/07/2011 14:45:15] /i 2307
[11/07/2011 14:45:16] /i 2307
[11/07/2011 14:45:17] /i 2307
[11/07/2011 14:45:17] /i 2307
[11/07/2011 14:45:18] /i 2307
[11/07/2011 14:45:19] /i 2307
[11/07/2011 14:45:19] /i 2307
[11/07/2011 14:45:20] /i 2307
[11/07/2011 14:45:20] /i 2307
[11/07/2011 14:45:21] /i 2307
[11/07/2011 14:45:21] /i 2307
[11/07/2011 14:45:22] /i 2307
[11/07/2011 14:45:22] /i 2307
[11/07/2011 14:45:22] /i 2307
[11/07/2011 14:45:23] /i 2307
[11/07/2011 14:45:24] /i 2307
[11/07/2011 14:45:24] /i 2307
[11/07/2011 14:45:25] /i 2307
[11/07/2011 14:45:25] /i 2307
[11/07/2011 14:45:26] /i 2307
[11/07/2011 14:45:28] /i 2307
[11/07/2011 14:45:28] /i 2307
[11/07/2011 14:45:29] /i 2307
[11/07/2011 14:45:30] /i 2307
[11/07/2011 14:45:30] /i 2307
[11/07/2011 14:45:31] /i 2307
[11/07/2011 14:45:31] /i 2307
[11/07/2011 14:45:32] /i 2307
[11/07/2011 14:45:32] /i 2307
[11/07/2011 14:45:33] /i 2307
[11/07/2011 14:45:33] /i 2307
[11/07/2011 14:45:34] /i 2307
[11/07/2011 14:45:34] /i 2307
[11/07/2011 14:45:35] /i 2307
[11/07/2011 14:45:35] /i 2307
[11/07/2011 14:45:36] /i 2307
[11/07/2011 14:45:37] /i 2307
[11/07/2011 14:45:38] /i 2307
[11/07/2011 14:45:39] /i 2307
[11/07/2011 14:45:39] /i 2307
[11/07/2011 14:45:40] /i 2307
[11/07/2011 14:45:40] /i 2307
[11/07/2011 14:45:41] /i 2307
[11/07/2011 14:45:41] /i 2307
[11/07/2011 14:45:42] /i 2307
[11/07/2011 14:45:43] /i 2307
[11/07/2011 14:45:43] /i 2307
[11/07/2011 14:45:44] /i 2307
[11/07/2011 14:45:45] /i 2307
[11/07/2011 14:45:45] /i 2307
[11/07/2011 14:45:45] /i 2307
[11/07/2011 14:45:45] /i 2307
[11/07/2011 14:45:45] /i 2307
[11/07/2011 14:45:45] /i 2307
[11/07/2011 14:45:45] /i 2307
[11/07/2011 14:45:45] /i 2307
[11/07/2011 14:45:45] /i 2307
[11/07/2011 14:45:45] /i 2307
[11/07/2011 14:45:45] /i 2307
[11/07/2011 14:45:45] /i 2307
[11/07/2011 14:45:45] /i 2307
[11/07/2011 14:45:45] /i 2307
[11/07/2011 14:45:45] /i 2307
[11/07/2011 14:45:45] /i 2307
[11/07/2011 14:45:45] /i 2307
[11/07/2011 14:45:45] /i 2307
[11/07/2011 14:45:45] /i 2307
[11/07/2011 14:45:45] /i 2307
[11/07/2011 14:45:45] /i 2307
[11/07/2011 14:45:45] /i 2307
[11/07/2011 14:45:45] /i 2307
[11/07/2011 14:45:45] /i 2307
[11/07/2011 14:45:46] /i 2307
[11/07/2011 14:45:46] /i 2307
[11/07/2011 14:45:46] /i 2307
[11/07/2011 14:45:46] /i 2307
[11/07/2011 14:45:46] /i 2307
[11/07/2011 14:45:46] /i 2307
[11/07/2011 14:45:46] /i 2307
[11/07/2011 14:45:50] /i 2307
[11/07/2011 14:45:52] /i 2307
[11/07/2011 14:45:53] /i 2307
[11/07/2011 14:45:53] /i 2307
[11/07/2011 14:45:53] /i 2307
[11/07/2011 14:45:53] /i 2307
[11/07/2011 14:45:53] /i 2307
[11/07/2011 14:45:53] /i 2307
[11/07/2011 14:45:53] /i 2307
[11/07/2011 14:45:53] /i 2307
[11/07/2011 14:45:53] /i 2307
[11/07/2011 14:45:53] /i 2307
[11/07/2011 14:45:53] /i 2307
[11/07/2011 14:45:53] /i 2307
[11/07/2011 14:45:53] /i 2307
[11/07/2011 14:45:53] /i 2307
[11/07/2011 14:45:53] /i 2307
[11/07/2011 14:45:53] /i 2307
[11/07/2011 14:45:53] /i 2307
[11/07/2011 14:45:54] /i 2307
[11/07/2011 14:45:54] /i 2307
[11/07/2011 14:45:54] /i 2307
[11/07/2011 14:45:54] /i 2307
[11/07/2011 14:45:54] /i 2307
[11/07/2011 14:45:54] /i 2307
[11/07/2011 14:45:54] /i 2307
[11/07/2011 14:45:54] /i 2307
[11/07/2011 14:45:54] /i 2307
[11/07/2011 14:45:54] /i 2307
[11/07/2011 14:45:54] /i 2307
[11/07/2011 14:45:54] /i 2307
[11/07/2011 14:45:54] /i 2307
[11/07/2011 14:45:54] /i 2307
[11/07/2011 14:45:54] /i 2307
[11/07/2011 14:45:54] /i 2307
[11/07/2011 14:45:54] /i 2307
[11/07/2011 14:45:54] /i 2307
[11/07/2011 14:45:54] /i 2307
[11/07/2011 14:45:54] /i 2307
[11/07/2011 14:45:54] /i 2307
[11/07/2011 14:45:54] /i 2307
[11/07/2011 14:45:54] /i 2307
[11/07/2011 14:45:54] /i 2307
[11/07/2011 14:45:54] /i 2307
[11/07/2011 14:45:55] /i 2307
[11/07/2011 14:45:55] /i 2307
[11/07/2011 14:45:55] /i 2307
[11/07/2011 14:45:55] /i 2307
[11/07/2011 14:45:55] /i 2307
[11/07/2011 14:45:55] /i 2307
[11/07/2011 14:45:55] /i 2307
[11/07/2011 14:45:55] /i 2307
[11/07/2011 14:45:55] /i 2307
[11/07/2011 14:46:09] /t
[11/07/2011 14:46:29] /up
[11/07/2011 14:46:30] /up
[11/07/2011 14:46:33] /up
[11/07/2011 14:46:43] /a 10
[11/07/2011 14:46:45] /a 10
[11/07/2011 14:46:48] /a 10
[11/07/2011 14:46:50] /a 10
[11/07/2011 14:46:54] /a 10
[11/07/2011 14:46:56] /a 10
[11/07/2011 14:47:01] /a 5
[11/07/2011 14:47:04] /a 10
[11/07/2011 14:47:07] /a 10
[11/07/2011 14:47:09] /a 5
[11/07/2011 14:47:14] /a 10
[11/07/2011 14:47:20] /a 10
[11/07/2011 14:47:21] /a 10
[11/07/2011 14:47:27] /a 3
[11/07/2011 14:47:31] /a 3
[11/07/2011 14:47:33] /a 3
[11/07/2011 14:48:27] /t
[11/07/2011 14:48:38] /a 40
[11/07/2011 14:48:47] /up
[11/07/2011 14:49:03] /i 2332
[11/07/2011 14:49:19] /i
[11/07/2011 14:49:20] /i 2361
[11/07/2011 14:49:20] /i 2361
[11/07/2011 14:49:21] /i 2361
[11/07/2011 14:49:21] /i 2361
[11/07/2011 14:49:22] /i 2361
[11/07/2011 14:49:22] /i 2361
[11/07/2011 14:49:23] /i 2361
[11/07/2011 14:49:23] /i 2361
[11/07/2011 14:49:24] /i 2361
[11/07/2011 14:49:24] /i 2361
[11/07/2011 14:49:25] /i 2361
[11/07/2011 14:49:25] /i 2361
[11/07/2011 14:49:26] /i 2361
[11/07/2011 14:49:26] /i 2361
[11/07/2011 14:49:27] /i 2361
[11/07/2011 14:49:27] /i 2361
[11/07/2011 14:49:28] /i 2361
[11/07/2011 14:49:28] /i 2361
[11/07/2011 14:49:29] /i 2361
[11/07/2011 14:49:29] /i 2361
[11/07/2011 14:49:30] /i 2361
[11/07/2011 14:49:30] /i 2361
[11/07/2011 14:49:32] /i 2361
[11/07/2011 14:49:32] /i 2361
[11/07/2011 14:49:33] /i 2361
[11/07/2011 14:49:33] /i 2361
[11/07/2011 14:49:37] /i 2361
[11/07/2011 14:49:37] /i 2361
[11/07/2011 14:49:37] /i 2361
[11/07/2011 14:49:38] /i 2361
[11/07/2011 14:49:38] /i 2361
[11/07/2011 14:49:38] /i 2361
[11/07/2011 14:49:39] /i 2361
[11/07/2011 14:49:39] /i 2361
[11/07/2011 14:49:40] /i 2361
[11/07/2011 14:49:40] /i 2361
[11/07/2011 14:49:41] /i 2361
[11/07/2011 14:49:41] /i 2361
[11/07/2011 14:49:41] /i 2361
[11/07/2011 14:49:42] /i 2361
[11/07/2011 14:49:42] /i 2361
[11/07/2011 14:49:42] /i 2361
[11/07/2011 14:49:43] /i 2361
[11/07/2011 14:49:44] /i 2361
[11/07/2011 14:49:45] /i 2361
[11/07/2011 14:49:46] /i 2361
[11/07/2011 14:49:46] /i 2361
[11/07/2011 14:49:47] /i 2361
[11/07/2011 14:49:47] /i 2361
[11/07/2011 14:49:48] /i 2361
[11/07/2011 14:49:48] /i 2361
[11/07/2011 14:49:49] /i 2361
[11/07/2011 14:49:49] /i 2361
[11/07/2011 14:49:49] /i 2361
[11/07/2011 14:49:50] /i 2361
[11/07/2011 14:49:59] /i 2361
[11/07/2011 14:50:00] /i 2361
[11/07/2011 14:50:01] /i 2361
[11/07/2011 14:50:02] /i 2361
[11/07/2011 14:50:03] /i 2361
[11/07/2011 14:50:03] /i 2361
[11/07/2011 14:50:05] /i 2361
[11/07/2011 14:50:05] /i 2361
[11/07/2011 14:50:07] /i 2361
[11/07/2011 14:50:08] /i 2361
[11/07/2011 14:50:08] /i 2361
[11/07/2011 14:50:08] /i 2361
[11/07/2011 14:50:08] /i 2361
[11/07/2011 14:50:08] /i 2361
[11/07/2011 14:50:08] /i 2361
[11/07/2011 14:50:08] /i 2361
[11/07/2011 14:50:08] /i 2361
[11/07/2011 14:50:08] /i 2361
[11/07/2011 14:50:08] /i 2361
[11/07/2011 14:50:08] /i 2361
[11/07/2011 14:50:08] /i 2361
[11/07/2011 14:50:08] /i 2361
[11/07/2011 14:50:09] /i 2361
[11/07/2011 14:50:09] /i 2361
[11/07/2011 14:50:09] /i 2361
[11/07/2011 14:50:09] /i 2361
[11/07/2011 14:50:09] /i 2361
[11/07/2011 14:50:09] /i 2361
[11/07/2011 14:50:09] /i 2361
[11/07/2011 14:50:09] /i 2361
[11/07/2011 14:50:09] /i 2361
[11/07/2011 14:50:09] /i 2361
[11/07/2011 14:50:09] /i 2361
[11/07/2011 14:50:09] /i 2361
[11/07/2011 14:50:09] /i 2361
[11/07/2011 14:50:09] /i 2361
[11/07/2011 14:50:09] /i 2361
[11/07/2011 14:50:09] /i 2361
[11/07/2011 14:50:09] /i 2361
[11/07/2011 14:50:09] /i 2361
[11/07/2011 14:50:09] /i 2361
[11/07/2011 14:50:09] /i 2361
[11/07/2011 14:50:09] /i 2361
[11/07/2011 14:50:09] /i 2361
[11/07/2011 14:50:10] /i 2361
[11/07/2011 14:50:11] /i 2361
[11/07/2011 14:50:11] /i 2361
[11/07/2011 14:50:11] /i 2361
[11/07/2011 14:50:11] /i 2361
[11/07/2011 14:50:11] /i 2361
[11/07/2011 14:50:11] /i 2361
[11/07/2011 14:50:11] /i 2361
[11/07/2011 14:50:11] /i 2361
[11/07/2011 14:50:11] /i 2361
[11/07/2011 14:50:11] /i 2361
[11/07/2011 14:50:11] /i 2361
[11/07/2011 14:50:11] /i 2361
[11/07/2011 14:50:11] /i 2361
[11/07/2011 14:50:11] /i 2361
[11/07/2011 14:50:11] /i 2361
[11/07/2011 14:50:12] /i 2361
[11/07/2011 14:50:12] /i 2361
[11/07/2011 14:50:12] /i 2361
[11/07/2011 14:50:12] /i 2361
[11/07/2011 14:50:14] /i 2361
[11/07/2011 14:50:15] /i 2361
[11/07/2011 14:50:16] /i 2361
[11/07/2011 14:50:17] /i 2361
[11/07/2011 14:50:18] /i 2361
[11/07/2011 14:50:23] /t
[11/07/2011 14:50:31] /ghost
[11/07/2011 14:50:51] /i 2361
[11/07/2011 14:51:11] /i 1988
[11/07/2011 14:51:51] /b qm me trase 20 frozen starlight ganha uma ice sword e ice shield
[11/07/2011 14:52:01] /b estou temple
[11/07/2011 14:53:06] /b evento qm me trase 20 frozen starlight ganha uma ice sword e ice shield
[11/07/2011 14:53:13] /b evento qm me trase 20 frozen starlight ganha uma ice sword e ice shield
[11/07/2011 14:53:16] /b evento qm me trase 20 frozen starlight ganha uma ice sword e ice shield
[11/07/2011 14:53:36] /b evento qm me trase 1 bp frozen starlight ganha uma ice sword e ice shield
[11/07/2011 14:53:46] /b se pega no final da poi
[11/07/2011 14:53:58] /i ice sword
[11/07/2011 14:55:49] /b vou deixa esse evnto pro dia 15 sexta agr vao juntano
[12/07/2011 13:05:36] /ghost
[12/07/2011 13:05:52] /goto pally of hell
[12/07/2011 13:08:01] /ghost
[12/07/2011 13:09:03] /ban Pally of Hell ,2
[12/07/2011 13:09:22] /b 13:08 Pally of Hell [61893: que cm corno
[12/07/2011 13:09:31] /b ban
[12/07/2011 13:18:27] /ghost
[12/07/2011 13:18:33] /goto mc maguinho
[12/07/2011 13:27:26] /up
[12/07/2011 13:27:27] /up
[12/07/2011 13:27:34] /c pala o xava
[12/07/2011 13:27:41] /c Pala Eu Xavo
[12/07/2011 13:27:47] /c Pala Eu Xavo
[12/07/2011 13:28:04] /c mc maguinho
[12/07/2011 13:28:07] /c mc maguinho
[12/07/2011 13:28:41] /ban Pala Eu Xavo ,4
[12/07/2011 13:29:00] /t Bruninho
[12/07/2011 13:30:05] /t
[12/07/2011 13:34:07] /a 40
[12/07/2011 13:34:10] /a 10
[12/07/2011 13:34:15] /a 40
[12/07/2011 13:34:20] /a 30
[12/07/2011 13:34:58] /up
[12/07/2011 13:35:14] /down
[12/07/2011 13:35:25] /i 2331
[12/07/2011 13:35:42] /i 2361
[12/07/2011 13:35:43] /i 2361
[12/07/2011 13:35:43] /i 2361
[12/07/2011 13:35:44] /i 2361
[12/07/2011 13:35:44] /i 2361
[12/07/2011 13:35:45] /i 2361
[12/07/2011 13:35:45] /i 2361
[12/07/2011 13:35:46] /i 2361
[12/07/2011 13:35:46] /i 2361
[12/07/2011 13:35:47] /i 2361
[12/07/2011 13:35:47] /i 2361
[12/07/2011 13:35:47] /i 2361
[12/07/2011 13:35:48] /i 2361
[12/07/2011 13:35:49] /i 2361
[12/07/2011 13:35:49] /i 2361
[12/07/2011 13:35:50] /i 2361
[12/07/2011 13:35:50] /i 2361
[12/07/2011 13:35:51] /i 2361
[12/07/2011 13:35:52] /i 2361
[12/07/2011 13:35:53] /i 2361
[12/07/2011 13:35:55] /i 2361
[12/07/2011 13:35:55] /i 2361
[12/07/2011 13:35:56] /i 2361
[12/07/2011 13:35:56] /i 2361
[12/07/2011 13:35:57] /i 2361
[12/07/2011 13:35:57] /i 2361
[12/07/2011 13:35:58] /i 2361
[12/07/2011 13:35:58] /i 2361
[12/07/2011 13:35:59] /i 2361
[12/07/2011 13:35:59] /i 2361
[12/07/2011 13:35:59] /i 2361
[12/07/2011 13:36:00] /i 2361
[12/07/2011 13:36:00] /i 2361
[12/07/2011 13:36:01] /i 2361
[12/07/2011 13:36:01] /i 2361
[12/07/2011 13:36:01] /i 2361
[12/07/2011 13:36:02] /i 2361
[12/07/2011 13:36:02] /i 2361
[12/07/2011 13:36:02] /i 2361
[12/07/2011 13:36:03] /i 2361
[12/07/2011 13:36:05] /i 2361
[12/07/2011 13:36:06] /i 2361
[12/07/2011 13:36:06] /i 2361
[12/07/2011 13:36:06] /i 2361
[12/07/2011 13:36:07] /i 2361
[12/07/2011 13:36:07] /i 2361
[12/07/2011 13:36:09] /i 2361
[12/07/2011 13:36:09] /i 2361
[12/07/2011 13:36:12] /i 2361
[12/07/2011 13:36:12] /i 2361
[12/07/2011 13:36:13] /i 2361
[12/07/2011 13:36:13] /i 2361
[12/07/2011 13:36:14] /i 2361
[12/07/2011 13:36:14] /i 2361
[12/07/2011 13:36:14] /i 2361
[12/07/2011 13:36:14] /i 2361
[12/07/2011 13:36:14] /i 2361
[12/07/2011 13:36:15] /i 2361
[12/07/2011 13:36:15] /i 2361
[12/07/2011 13:36:15] /i 2361
[12/07/2011 13:36:16] /i 2361
[12/07/2011 13:36:16] /i 2361
[12/07/2011 13:36:16] /i 2361
[12/07/2011 13:36:16] /i 2361
[12/07/2011 13:36:17] /i 2361
[12/07/2011 13:36:17] /i 2361
[12/07/2011 13:36:18] /i 2361
[12/07/2011 13:36:18] /i 2361
[12/07/2011 13:36:18] /i 2361
[12/07/2011 13:36:19] /i 2361
[12/07/2011 13:36:19] /i 2361
[12/07/2011 13:36:19] /i 2361
[12/07/2011 13:36:19] /i 2361
[12/07/2011 13:36:20] /i 2361
[12/07/2011 13:36:20] /i 2361
[12/07/2011 13:36:39] /i 2361
[12/07/2011 13:36:40] /i 2361
[12/07/2011 13:36:40] /i 2361
[12/07/2011 13:36:40] /i 2361
[12/07/2011 13:36:41] /i 2361
[12/07/2011 13:36:42] /i 2361
[12/07/2011 13:36:43] /i 2361
[12/07/2011 13:36:44] /i 2361
[12/07/2011 13:36:44] /i 2361
[12/07/2011 13:36:45] /i 2361
[12/07/2011 13:36:46] /i 2361
[12/07/2011 13:36:46] /i 2361
[12/07/2011 13:36:47] /i 2361
[12/07/2011 13:36:48] /i 2361
[12/07/2011 13:36:48] /i 2361
[12/07/2011 13:36:49] /i 2361
[12/07/2011 13:36:49] /i 2361
[12/07/2011 13:36:50] /i 2361
[12/07/2011 13:36:50] /i 2361
[12/07/2011 13:36:51] /i 2361
[12/07/2011 13:36:51] /i 2361
[12/07/2011 13:36:52] /i 2361
[12/07/2011 13:36:53] /i 2361
[12/07/2011 13:37:19] /i 2361
[12/07/2011 13:37:20] /i 2361
[12/07/2011 13:37:20] /i 2361
[12/07/2011 13:37:21] /i 2361
[12/07/2011 13:37:22] /i 2361
[12/07/2011 13:37:22] /i 2361
[12/07/2011 13:37:23] /i 2361
[12/07/2011 13:37:24] /i 2361
[12/07/2011 13:37:25] /i 2361
[12/07/2011 13:37:26] /i 2361
[12/07/2011 13:37:26] /i 2361
[12/07/2011 13:37:27] /i 2361
[12/07/2011 13:37:27] /i 2361
[12/07/2011 13:37:29] /i 2361
[12/07/2011 13:37:30] /i 2361
[12/07/2011 13:37:33] /i 2361
[12/07/2011 13:38:02] /up
[12/07/2011 13:38:04] /up
[12/07/2011 13:38:23] /i 2361
[12/07/2011 13:38:24] /i 2361
[12/07/2011 13:38:24] /i 2361
[12/07/2011 13:38:25] /i 2361
[12/07/2011 13:38:25] /i 2361
[12/07/2011 13:38:26] /i 2361
[12/07/2011 13:38:27] /i 2361
[12/07/2011 13:38:27] /i 2361
[12/07/2011 13:38:29] /i 2361
[12/07/2011 13:38:30] /i 2361
[12/07/2011 13:38:30] /i 2361
[12/07/2011 13:38:31] /i 2361
[12/07/2011 13:38:32] /i 2361
[12/07/2011 13:38:35] /i 2361
[12/07/2011 13:38:36] /i 2361
[12/07/2011 13:38:39] /i 2361
[12/07/2011 13:38:40] /i 2361
[12/07/2011 13:38:47] /r
[12/07/2011 13:38:54] /i 2361
[12/07/2011 13:38:54] /i 2361
[12/07/2011 13:38:55] /i 2361
[12/07/2011 13:38:56] /i 2361
[12/07/2011 13:38:57] /i 2361
[12/07/2011 13:39:00] /i 2361
[12/07/2011 13:39:00] /i 2361
[12/07/2011 13:39:00] /i 2361
[12/07/2011 13:39:06] /r
[12/07/2011 13:39:11] /r
[12/07/2011 13:39:12] /r
[12/07/2011 13:39:13] /r
[12/07/2011 13:39:14] /r
[12/07/2011 13:39:15] /r
[12/07/2011 13:39:17] /r
[12/07/2011 13:39:19] /r
[12/07/2011 13:39:21] /r
[12/07/2011 13:39:23] /r
[12/07/2011 13:39:24] /r
[12/07/2011 13:39:27] /r
[12/07/2011 13:39:30] /r
[12/07/2011 13:39:31] /r
[12/07/2011 13:39:33] /r
[12/07/2011 13:39:36] /r
[12/07/2011 13:39:39] /r
[12/07/2011 13:39:41] /r
[12/07/2011 13:39:43] /r
[12/07/2011 13:39:46] /r
[12/07/2011 13:39:48] /r
[12/07/2011 13:39:50] /r
[12/07/2011 13:39:52] /r
[12/07/2011 13:39:57] /r
[12/07/2011 13:40:12] /i 2361
[12/07/2011 13:40:13] /i 2361
[12/07/2011 13:40:14] /i 2361
[12/07/2011 13:40:15] /i 2361
[12/07/2011 13:40:16] /i 2361
[12/07/2011 13:40:17] /i 2361
[12/07/2011 13:40:18] /i 2361
[12/07/2011 13:40:18] /i 2361
[12/07/2011 13:40:20] /i 2361
[12/07/2011 13:40:21] /i 2361
[12/07/2011 13:40:23] /i 2361
[12/07/2011 13:40:25] /i 2361
[12/07/2011 13:40:25] /i 2361
[12/07/2011 13:40:26] /i 2361
[12/07/2011 13:40:27] /i 2361
[12/07/2011 13:40:30] /i 2361
[12/07/2011 13:40:31] /i 2361
[12/07/2011 13:40:35] /r
[12/07/2011 13:40:37] /r
[12/07/2011 13:40:38] /r
[12/07/2011 13:40:46] /r
[12/07/2011 13:40:47] /r
[12/07/2011 13:40:49] /r
[12/07/2011 13:40:50] /r
[12/07/2011 13:40:50] /r
[12/07/2011 13:40:51] /r
[12/07/2011 13:40:52] /r
[12/07/2011 13:40:53] /r
[12/07/2011 13:40:57] /r
[12/07/2011 13:41:01] /r
[12/07/2011 13:41:05] /r
[12/07/2011 13:41:05] /r
[12/07/2011 13:41:06] /r
[12/07/2011 13:41:07] /r
[12/07/2011 13:41:10] /r
[12/07/2011 13:41:21] /i 2361
[12/07/2011 13:41:22] /i 2361
[12/07/2011 13:41:22] /i 2361
[12/07/2011 13:41:23] /i 2361
[12/07/2011 13:41:23] /i 2361
[12/07/2011 13:41:27] /i 2361
[12/07/2011 13:41:28] /i 2361
[12/07/2011 13:41:30] /i 2361
[12/07/2011 13:41:32] /i 2361
[12/07/2011 13:41:32] /i 2361
[12/07/2011 13:41:34] /i 2361
[12/07/2011 13:41:35] /i 2361
[12/07/2011 13:41:44] /r
[12/07/2011 13:41:44] /r
[12/07/2011 13:41:45] /r
[12/07/2011 13:41:48] /r
[12/07/2011 13:42:08] /r
[12/07/2011 13:42:09] /r
[12/07/2011 13:42:12] /r
[12/07/2011 13:42:15] /i 2361
[12/07/2011 13:42:15] /i 2361
[12/07/2011 13:42:16] /i 2361
[12/07/2011 13:42:17] /i 2361
[12/07/2011 13:42:18] /i 2361
[12/07/2011 13:42:20] /i 2361
[12/07/2011 13:42:20] /i 2361
[12/07/2011 13:42:21] /i 2361
[12/07/2011 13:42:22] /i 2361
[12/07/2011 13:42:22] /i 2361
[12/07/2011 13:42:23] /i 2361
[12/07/2011 13:42:24] /i 2361
[12/07/2011 13:42:25] /i 2361
[12/07/2011 13:42:25] /i 2361
[12/07/2011 13:42:26] /i 2361
[12/07/2011 13:42:27] /i 2361
[12/07/2011 13:42:29] /i 2361
[12/07/2011 13:42:40] /r
[12/07/2011 13:42:40] /r
[12/07/2011 13:42:40] /r
[12/07/2011 13:42:41] /r
[12/07/2011 13:42:41] /r
[12/07/2011 13:42:42] /r
[12/07/2011 13:42:43] /r
[12/07/2011 13:42:45] /r
[12/07/2011 13:42:46] /r
[12/07/2011 13:42:46] /r
[12/07/2011 13:42:47] /r
[12/07/2011 13:42:50] /r
[12/07/2011 13:42:50] /r
[12/07/2011 13:42:51] /r
[12/07/2011 13:42:51] /r
[12/07/2011 13:42:53] /r
[12/07/2011 13:42:55] /r
[12/07/2011 13:42:57] /r
[12/07/2011 13:43:17] /r
[12/07/2011 13:43:21] /r
[12/07/2011 13:43:26] /r
[12/07/2011 13:43:26] /r
[12/07/2011 13:43:28] /r
[12/07/2011 13:43:29] /r
[12/07/2011 13:43:33] /i 2361
[12/07/2011 13:43:34] /i 2361
[12/07/2011 13:43:35] /i 2361
[12/07/2011 13:43:37] /i 2361
[12/07/2011 13:43:39] /i 2361
[12/07/2011 13:43:41] /i 2361
[12/07/2011 13:43:42] /i 2361
[12/07/2011 13:43:43] /i 2361
[12/07/2011 13:43:45] /i 2361
[12/07/2011 13:43:52] /i 2361
[12/07/2011 13:43:55] /i 2361
[12/07/2011 13:43:58] /i 2361
[12/07/2011 13:44:00] /i 2361
[12/07/2011 13:44:01] /i 2361
[12/07/2011 13:44:02] /i 2361
[12/07/2011 13:44:04] /i 2361
[12/07/2011 13:44:05] /i 2361
[12/07/2011 13:44:06] /i 2361
[12/07/2011 13:44:07] /i 2361
[12/07/2011 13:45:21] /r
[12/07/2011 13:45:29] /t
[12/07/2011 20:55:03] /a 30
[12/07/2011 20:56:05] /goto Pala Eu Xavo
[12/07/2011 20:57:36] /goto Pala Eu Xavo
[12/07/2011 20:58:10] /goto Pala Eu Xavo
[12/07/2011 21:00:45] /t Black Skul
[13/07/2011 11:35:35] /goto [Hoster] Mateus
[13/07/2011 11:36:37] /t
[13/07/2011 11:36:49] /i 8303
[13/07/2011 11:36:53] /goto [Hoster] Mateus
[13/07/2011 11:38:48] /i 7390
[13/07/2011 11:38:58] /i 7390
[13/07/2011 11:39:03] /r
[13/07/2011 12:17:37] /ghost
[13/07/2011 12:21:16] /ghost
[13/07/2011 12:21:22] /t
[13/07/2011 12:21:49] /a 30
[13/07/2011 12:22:16] /t
[13/07/2011 12:22:21] /up
[13/07/2011 12:22:23] /up
[13/07/2011 12:25:23] /i 8302
[13/07/2011 12:27:42] /ghost
[13/07/2011 12:27:47] /goto mc maguinho
[13/07/2011 12:28:23] /t
[13/07/2011 12:30:47] /goto [Hoster] Mateus
[13/07/2011 12:31:59] /a 2
[13/07/2011 14:05:28] /ghost
[13/07/2011 14:05:36] /goto druid master
[13/07/2011 14:05:54] /goto Druid Master
[13/07/2011 14:07:41] /i max power rune
[13/07/2011 14:08:06] /i utamo remover rune
[13/07/2011 14:10:43] /i fire rune
[13/07/2011 14:14:55] /m demon lord
[13/07/2011 14:16:45] /b demon lord na city
[13/07/2011 16:48:53] /r
[13/07/2011 16:48:55] /r
[13/07/2011 16:49:10] /i 4551
[13/07/2011 16:49:29] /i 1217
[13/07/2011 16:49:46] /i 1217
[13/07/2011 16:49:48] /i 1217
[13/07/2011 16:49:51] /i 1217
[13/07/2011 16:49:55] /r
[13/07/2011 16:49:58] /r
[13/07/2011 16:50:02] /r
[13/07/2011 16:50:08] /r
[13/07/2011 16:50:20] /i 3858
[13/07/2011 16:50:28] /i 3857
[13/07/2011 16:50:34] /i 3856
[13/07/2011 16:50:53] /i 3860
[13/07/2011 16:50:58] /a 40
[13/07/2011 16:51:02] /a 20
[13/07/2011 16:51:08] /up
[13/07/2011 16:51:27] /i 3860
[13/07/2011 16:51:33] /r
[13/07/2011 16:51:43] /i 3857
[13/07/2011 16:51:47] /r
[13/07/2011 16:51:51] /i 3858
[13/07/2011 16:51:53] /r
[13/07/2011 16:51:55] /t
[13/07/2011 16:52:00] /i 3858
[13/07/2011 16:52:09] /i 3858
[13/07/2011 16:52:33] /i 3858
[13/07/2011 16:52:36] /i 3858
[13/07/2011 16:52:45] /r
[13/07/2011 16:52:47] /r
[13/07/2011 16:53:02] /i 3858
[13/07/2011 17:25:26] /goto [Hoster] Mateus
[13/07/2011 18:46:28] /ghost
[13/07/2011 19:16:34] /ghost
[13/07/2011 19:16:39] /goto Strik Severus
[13/07/2011 19:51:26] /goto pedro l
[13/07/2011 19:54:07] /i 8303
[13/07/2011 19:54:08] /i 8303
[13/07/2011 19:54:19] /goto pala eu xavo
[13/07/2011 19:57:19] /r
[13/07/2011 19:57:21] /r
[13/07/2011 19:58:58] /i 1481
[13/07/2011 19:59:11] /t
[15/07/2011 19:55:59] /t
[15/07/2011 20:56:05] /up
[15/07/2011 20:56:06] /up
[15/07/2011 20:56:23] /c Fan Druid Master
[15/07/2011 20:56:37] /ghost
[15/07/2011 20:57:28] /c paladin of sky
[15/07/2011 20:57:36] /c paladin of sky
[15/07/2011 20:57:38] /c paladin of sky
[15/07/2011 20:57:41] /c paladin of sky
[15/07/2011 20:57:43] /c paladin of sky
[15/07/2011 20:57:46] /c paladin of sky
[15/07/2011 20:57:48] /c paladin of sky
[15/07/2011 20:57:56] /c paladin of sky
[15/07/2011 20:58:00] /c paladin of sky
[15/07/2011 20:58:03] /t
[15/07/2011 20:58:38] /up
[15/07/2011 20:58:39] /up
[15/07/2011 20:58:44] /c pala of sky
[15/07/2011 20:59:29] /ghost
[15/07/2011 20:59:31] /t
[15/07/2011 20:59:36] /up
[15/07/2011 20:59:37] /up
[15/07/2011 20:59:40] /c Kina The Kill
[15/07/2011 20:59:47] /t
[15/07/2011 20:59:58] /up
[15/07/2011 20:59:59] /up
[15/07/2011 21:01:02] /a 3
[15/07/2011 21:01:10] /a 3
[15/07/2011 21:02:17] /t
[15/07/2011 21:03:16] /up
[15/07/2011 21:03:17] /up
[15/07/2011 21:03:20] /c Kina Do Capeta
[15/07/2011 21:04:36] /t
[15/07/2011 21:08:08] /ban kina do capeta , 55
[15/07/2011 21:16:12] /goto mc gugu
[15/07/2011 21:17:42] /a 1
[15/07/2011 21:17:44] /a 1
[15/07/2011 21:18:12] /i 2160
[15/07/2011 21:18:13] /i 2160
[15/07/2011 21:20:38] /goto Rush
[15/07/2011 21:20:41] /goto Rush
[15/07/2011 21:21:07] /b alguem tem conta no kill lvl 150k a mas?
[15/07/2011 21:21:36] /b alguem tem conta no kill lvl 150k a mas?
[16/07/2011 10:15:51] /r
[16/07/2011 10:32:23] /goto Mil Treta
[16/07/2011 10:32:30] /goto Mil Treta
[16/07/2011 10:32:32] /goto Mil Treta
[16/07/2011 10:32:34] /goto Mil Treta
[16/07/2011 10:32:35] /goto Mil Treta
[16/07/2011 10:32:37] /goto Mil Treta
[16/07/2011 10:32:38] /goto Mil Treta
[16/07/2011 10:32:42] /c Mil Treta
[16/07/2011 10:35:24] /i ice sword
[16/07/2011 10:36:54] /r
[16/07/2011 10:37:02] /r
[16/07/2011 10:37:11] /i ice sword
[16/07/2011 10:41:37] /b free items temple qm quise itens bons corri la
[16/07/2011 10:41:37] /b free items temple qm quise itens bons corri la
[16/07/2011 10:41:39] /b free items temple qm quise itens bons corri la
[16/07/2011 10:41:40] /t
[16/07/2011 10:41:48] /b free items temple qm quise itens bons corri la
[16/07/2011 10:41:49] /b free items temple qm quise itens bons corri la
[16/07/2011 10:41:57] /b free items temple qm quise itens bons corri la
[16/07/2011 10:42:19] /b free items temple qm quise itens bons corri la
[16/07/2011 10:42:21] /b free items temple qm quise itens bons corri la
[16/07/2011 10:42:40] /b free items temple qm quise itens bons corri la
[16/07/2011 10:42:45] /b mas alguem?
[16/07/2011 10:42:59] /t Sr vyctor
[16/07/2011 12:04:19] /ghost
[16/07/2011 12:06:01] /goto [Hoster] Mateus
[16/07/2011 12:06:32] /goto [Hoster] Mateus
[16/07/2011 12:06:35] /goto [Hoster] Mateus
[16/07/2011 12:06:37] /goto [Hoster] Mateus
[16/07/2011 12:07:19] /goto [Hoster] Mateus
[16/07/2011 13:22:22] /i 2160
[16/07/2011 13:22:31] /i 2160
[16/07/2011 13:22:34] /i 2160
[16/07/2011 13:22:35] /i 2160
[16/07/2011 13:22:40] /i 2160
[16/07/2011 13:59:14] /ghost
[16/07/2011 13:59:22] /i golden fruits
[16/07/2011 13:59:47] /i golden fruits
[16/07/2011 13:59:53] /t
[16/07/2011 14:00:03] /i holy scarab
[16/07/2011 14:00:27] /i 2137
[17/07/2011 14:58:20] /t
[17/07/2011 14:58:26] /up
[17/07/2011 14:58:34] /goto demon lord
[17/07/2011 14:58:44] /a 5
[17/07/2011 14:58:50] /a 5
[17/07/2011 14:58:56] /a 3
[17/07/2011 14:59:33] /a 2
[17/07/2011 14:59:38] /a 2
[17/07/2011 15:00:16] /t
[17/07/2011 15:00:18] /up
[17/07/2011 15:00:20] /up
[17/07/2011 15:00:27] /i 1387
[17/07/2011 15:00:36] /r
[17/07/2011 15:02:55] /r
[17/07/2011 15:02:55] /r
[17/07/2011 15:02:56] /r
[17/07/2011 15:02:57] /r
[17/07/2011 15:02:58] /r
[17/07/2011 15:02:59] /r
[17/07/2011 15:02:59] /r
[17/07/2011 15:03:00] /r
[17/07/2011 15:03:05] /t
[17/07/2011 15:03:28] /r
[17/07/2011 15:03:29] /r
[17/07/2011 15:03:31] /r
[17/07/2011 15:03:36] /down
[17/07/2011 15:03:59] /goto [Tutor] Black Skull Rox
[17/07/2011 15:04:41] /i 430
[17/07/2011 15:05:04] /i 1497
[17/07/2011 15:05:09] /t
[17/07/2011 15:05:14] /i up
[17/07/2011 15:05:15] /i up
[17/07/2011 15:05:19] /up
[17/07/2011 15:05:20] /up
[17/07/2011 15:05:29] /i 1497
[17/07/2011 15:05:31] /i 1497
[17/07/2011 15:05:33] /i 1497
[17/07/2011 15:05:34] /i 1497
[17/07/2011 15:05:40] /i 1497
[17/07/2011 15:05:42] /i 1497
[17/07/2011 15:05:45] /i 1497
[17/07/2011 15:05:55] /i 1497
[17/07/2011 15:05:56] /i 1497
[17/07/2011 15:05:57] /i 1497
[17/07/2011 15:05:59] /i 1497
[17/07/2011 15:06:00] /i 1497
[17/07/2011 15:06:02] /i 1497
[17/07/2011 15:06:03] /i 1497
[17/07/2011 15:06:05] /i 1497
[17/07/2011 15:06:12] /r
[17/07/2011 15:06:18] /r
[17/07/2011 15:06:21] /r
[17/07/2011 15:06:27] /r
[17/07/2011 15:06:28] /r
[17/07/2011 15:06:29] /r
[17/07/2011 15:06:30] /r
[17/07/2011 15:06:35] /r
[17/07/2011 15:06:38] /r
[17/07/2011 15:06:45] /r
[17/07/2011 15:06:47] /r
[17/07/2011 15:06:49] /r
[17/07/2011 15:06:52] /r
[17/07/2011 15:06:54] /r
[17/07/2011 15:06:55] /r
[17/07/2011 15:06:57] /t
[17/07/2011 15:08:09] /i 8303
[18/07/2011 11:49:16] /goto demon lord
[18/07/2011 11:49:34] /a 2
[19/07/2011 20:05:07] /goto hacker
[19/07/2011 20:05:12] /a 4
[19/07/2011 20:05:13] /a 4
[19/07/2011 20:05:14] /a 4
[19/07/2011 20:05:18] /a 4
[19/07/2011 20:05:36] /i 2137
[19/07/2011 20:05:39] /t
[19/07/2011 20:05:54] /down
[19/07/2011 20:05:58] /up
[19/07/2011 20:06:00] /t
[19/07/2011 20:06:23] /i 2407
[20/07/2011 11:12:41] /b deu s
[20/07/2011 11:39:10] /goto Fan do popo pipi
[20/07/2011 11:39:18] /goto Fan do popo pipi
[23/07/2011 19:36:38] /t
[23/07/2011 19:55:24] /t
[23/07/2011 23:25:14] /goto locao
[23/07/2011 23:25:40] /goto Spit Fire
[23/07/2011 23:37:09] /goto locao
[23/07/2011 23:40:14] /i ice sword
[23/07/2011 23:40:47] /r
[23/07/2011 23:40:53] /i ice sword
[25/07/2011 20:27:45] /t
[25/07/2011 20:28:06] /up
[25/07/2011 20:28:07] /up
[25/07/2011 20:28:08] /up
[25/07/2011 20:28:12] /up
[25/07/2011 20:28:24] /goto demon lord
[25/07/2011 20:28:56] /t
[25/07/2011 20:29:13] /i 2554
[25/07/2011 20:29:50] /i 2160
[25/07/2011 20:31:41] /i 2159
[25/07/2011 20:36:08] /i sword of hell
[25/07/2011 20:54:02] /goto Mascarado
[25/07/2011 20:55:44] /goto Mascarado
[25/07/2011 20:56:58] /i ice sword
[25/07/2011 20:58:02] /r
[25/07/2011 20:58:08] /i ice sword
[25/07/2011 20:59:37] /a 40
[25/07/2011 20:59:44] /a 5
[25/07/2011 20:59:46] /up
[25/07/2011 20:59:47] /up
[25/07/2011 20:59:52] /a 2
[25/07/2011 20:59:54] /up
[25/07/2011 20:59:58] /a 2
[25/07/2011 21:00:02] /up
[25/07/2011 21:00:06] /goto alma
[25/07/2011 21:01:43] /r
[25/07/2011 21:01:45] /r
[25/07/2011 21:02:39] /goto alma
[25/07/2011 21:04:04] /t
[25/07/2011 21:09:11] /goto alma
[25/07/2011 21:09:41] /m Ultimate Devil
[25/07/2011 21:09:54] /r
[25/07/2011 21:10:18] /t
[25/07/2011 21:10:32] /b todos na city evento
[25/07/2011 21:10:54] /m The Teleportener
[25/07/2011 21:13:31] /a 5
[25/07/2011 21:15:07] /b deixei no amarelo e so mata
[25/07/2011 21:15:51] /t
[25/07/2011 21:16:29] /goto alma
[25/07/2011 21:16:33] /a 3
[25/07/2011 21:16:36] /a 3
[25/07/2011 21:16:58] /a 3
[25/07/2011 21:17:01] /r
[25/07/2011 21:17:13] /b tirei ele vo por outro
[25/07/2011 21:17:15] /t
[25/07/2011 21:17:20] /m Ultimate Angel
[25/07/2011 21:18:38] /r
[25/07/2011 21:18:40] /r
[25/07/2011 21:18:41] /r
[25/07/2011 21:18:42] /r
[25/07/2011 21:18:46] /r
[25/07/2011 21:18:50] /t
[25/07/2011 21:19:04] /b vo por 1 bicho q todos matem ice lord blz?
[25/07/2011 21:19:12] /m ice lord
[25/07/2011 21:21:30] /i epic uh
[25/07/2011 21:22:37] /goto mascarado
[25/07/2011 21:22:39] /goto mascarado
[25/07/2011 21:22:41] /goto mascarado
[25/07/2011 21:22:42] /goto mascarado
[25/07/2011 21:22:43] /goto mascarado
[25/07/2011 21:22:45] /goto mascarado
[25/07/2011 21:23:12] /goto mascarado
[25/07/2011 21:23:25] /goto mascarado
[25/07/2011 21:23:29] /goto mascarado
[25/07/2011 21:25:05] /t
[25/07/2011 21:41:43] /i epic uh
[25/07/2011 21:41:46] /i epic uh
[25/07/2011 21:41:47] /i epic uh
[25/07/2011 21:41:57] /i epic uh
[25/07/2011 21:41:59] /i epic uh
[25/07/2011 21:42:01] /i epic uh
[25/07/2011 21:42:12] /i epic uh
[25/07/2011 21:42:19] /r
[25/07/2011 21:42:21] /r
[25/07/2011 21:42:23] /r
[26/07/2011 16:20:31] /a 30
[26/07/2011 16:20:37] /goto demon lord
[26/07/2011 16:20:41] /a 2
[26/07/2011 16:22:37] /i ice sword
[26/07/2011 17:29:28] /goto Popo pipi
[26/07/2011 17:29:50] /c [Tutor] Black Skull Rox
[26/07/2011 17:30:08] /goto Popo pipi
[26/07/2011 17:37:10] /goto popo pipi
[26/07/2011 17:37:17] /goto popo pipi
[26/07/2011 17:37:20] /goto popo pipi
[26/07/2011 17:37:21] /goto popo pipi
[26/07/2011 17:37:23] /goto popo pipi
[26/07/2011 17:37:24] /goto popo pipi
[26/07/2011 17:37:25] /goto popo pipi
[26/07/2011 17:37:26] /goto popo pipi
[26/07/2011 17:37:28] /goto popo pipi
[26/07/2011 17:37:29] /goto popo pipi
[26/07/2011 17:37:30] /goto popo pipi
[26/07/2011 17:37:32] /goto popo pipi
[26/07/2011 17:37:34] /goto popo pipi
[26/07/2011 17:37:35] /goto popo pipi
[26/07/2011 17:37:36] /goto popo pipi
[26/07/2011 17:37:38] /goto popo pipi
[26/07/2011 17:37:39] /goto popo pipi
[26/07/2011 17:37:41] /goto popo pipi
[26/07/2011 17:37:42] /goto popo pipi
[26/07/2011 17:37:44] /goto popo pipi
[26/07/2011 17:43:27] /goto popo pipi
[26/07/2011 17:43:31] /goto popo pipi
[26/07/2011 17:43:33] /goto popo pipi
[26/07/2011 17:43:37] /goto popo pipi
[26/07/2011 17:43:38] /goto popo pipi
[26/07/2011 17:43:40] /goto popo pipi
[26/07/2011 17:43:42] /goto popo pipi
[26/07/2011 17:43:44] /goto popo pipi
[26/07/2011 17:43:45] /goto popo pipi
[26/07/2011 17:45:12] /goto popo pipi
[26/07/2011 17:45:15] /goto popo pipi
[26/07/2011 18:11:20] /goto Girl Of Pala
[26/07/2011 18:56:03] /t
[26/07/2011 18:56:06] /ghost
[26/07/2011 18:56:32] /b ue pala tem como vim temple?
[26/07/2011 18:57:04] /ban Girl Of Pala ,3
[26/07/2011 18:57:20] /b Girl Of Pala por se passa de god
[26/07/2011 18:59:00] /b Girl Of Pala por se passa de god
[26/07/2011 18:59:09] /b ban
[26/07/2011 19:06:18] /a 2
[26/07/2011 19:06:37] /b evento na sala de svs trancam dim dim
[26/07/2011 19:06:45] /a 2
[26/07/2011 19:07:11] /i 5069
[26/07/2011 19:07:48] /b pera gente vou acha outro luga e se mata e ban
[26/07/2011 19:08:03] /a 4
[26/07/2011 19:08:37] /up
[26/07/2011 19:08:43] /up
[26/07/2011 19:08:52] /i 1481
[26/07/2011 19:08:55] /i 1481
[26/07/2011 19:08:57] /i 1481
[26/07/2011 19:08:59] /i 1481
[26/07/2011 19:09:01] /i 1481
[26/07/2011 19:09:02] /i 1481
[26/07/2011 19:09:16] /ghost
[26/07/2011 19:09:22] /t
[26/07/2011 19:09:52] /i 1481
[26/07/2011 19:09:53] /i 1481
[26/07/2011 19:09:59] /i 1481
[26/07/2011 19:10:00] /i 1481
[26/07/2011 19:10:04] /ghost
[26/07/2011 19:10:22] /b o evento e no ultimo anda da dp
[26/07/2011 19:10:41] /i ice armor
[26/07/2011 19:10:56] /b venham todos
[26/07/2011 19:11:20] /b venham todos
[26/07/2011 19:17:23] /b ai galera vou sai minha tia bateu de carro ='(
[26/07/2011 19:17:27] /r
[26/07/2011 19:17:29] /r
[26/07/2011 19:17:34] /r
[26/07/2011 19:18:19] /r
[26/07/2011 22:21:40] /t
[26/07/2011 22:22:01] /b ai galera da uma moral ai olha ai vlws http://www.youtube.com/watch?v=2I54-wWoEmA
[26/07/2011 22:22:06] /b ai galera da uma moral ai olha ai vlws http://www.youtube.com/watch?v=2I54-wWoEmA
[26/07/2011 22:31:16] /b vejam da uma moral ai http://www.youtube.com/watch?v=2I54-wWoEmA
[26/07/2011 22:31:20] /b vejam da uma moral ai http://www.youtube.com/watch?v=2I54-wWoEmA
[26/07/2011 22:32:09] /goto [Tutor] Black Skull Rox
[26/07/2011 22:32:39] /t
[26/07/2011 22:33:33] /b vejam da uma moral ai http://www.youtube.com/watch?v=2I54-wWoEmA
[27/07/2011 15:13:21] /m demon lord
[27/07/2011 15:13:32] /r
[27/07/2011 15:13:34] /r
[27/07/2011 15:13:36] /r
[27/07/2011 15:13:38] /r
[27/07/2011 15:13:42] /r
[27/07/2011 15:16:29] /a 2
[27/07/2011 15:16:31] /a 2
[27/07/2011 15:16:46] /t
[27/07/2011 15:17:51] /m demon
[27/07/2011 15:18:17] /m ultimate angel
[27/07/2011 15:18:38] /b do oq quise se mata o ultimate angel
[27/07/2011 15:20:09] /r
[27/07/2011 15:20:23] /m ultimate demonic
[27/07/2011 15:20:35] /goto locao
[27/07/2011 15:20:46] /t
[27/07/2011 15:21:04] /i 8302
[27/07/2011 15:21:13] /i demon shield
[27/07/2011 15:21:36] /r
[27/07/2011 21:10:22] /ghost
[27/07/2011 21:10:25] /i icicle
[27/07/2011 21:10:54] /up
[27/07/2011 21:12:16] /t Locao
[27/07/2011 21:12:36] /t Locao
[27/07/2011 21:12:55] /t Locao
[27/07/2011 21:13:55] /i icicle
[27/07/2011 21:15:39] /i golden fruits
[27/07/2011 21:15:47] /i golden fruit
[27/07/2011 21:15:50] /i golden fruits
[27/07/2011 21:15:54] /t
[27/07/2011 21:16:38] /up
[27/07/2011 21:16:47] /goto locao
[27/07/2011 21:16:59] /goto locao
[27/07/2011 21:17:29] /i 2137
[27/07/2011 21:18:51] /i 8306
[27/07/2011 21:19:22] /i 6567
[27/07/2011 21:19:40] /i 6568
[27/07/2011 21:19:48] /i 6579
[27/07/2011 21:19:58] /i 8919
[27/07/2011 21:20:04] /r
[27/07/2011 21:20:14] /i 2300
[27/07/2011 21:20:32] /i 8982
[27/07/2011 21:20:34] /t
[27/07/2011 21:21:20] /r
[27/07/2011 21:21:25] /r
[27/07/2011 21:21:26] /r
[27/07/2011 21:21:27] /r
[27/07/2011 21:21:29] /r
[27/07/2011 21:21:31] /r
[27/07/2011 21:21:34] /r
[27/07/2011 21:21:37] /r
[27/07/2011 21:21:40] /r
[27/07/2011 21:21:42] /r
[27/07/2011 21:21:46] /r
[27/07/2011 21:21:59] /i 9977
[27/07/2011 21:22:06] /i 9977
[27/07/2011 21:22:10] /i 9977
[27/07/2011 21:22:19] /i 9977
[27/07/2011 21:22:21] /i 9977
[27/07/2011 21:22:22] /i 9977
[27/07/2011 21:22:23] /i 9977
[27/07/2011 21:22:38] /i 9977
[27/07/2011 21:22:38] /i 9977
[27/07/2011 21:22:39] /i 9977
[27/07/2011 21:22:49] /i 9977
[27/07/2011 21:22:50] /i 9977
[27/07/2011 21:23:20] /i holy falcon
[27/07/2011 21:23:32] /i holy scarab
[27/07/2011 21:23:48] /i golden falcon
[27/07/2011 21:24:06] /i golden falcon
[27/07/2011 22:16:01] /ghost
[27/07/2011 22:16:25] /b aew santos 2 a 0 '-'
[27/07/2011 22:16:29] /b aew santos 2 a 0 '-'
[27/07/2011 22:17:07] /b vascaino porra
[27/07/2011 22:18:48] /B GOOLLLLLLLLL
[27/07/2011 22:18:56] /B GOOLLLLLLLLL
[27/07/2011 22:19:04] /b GOOLLLLLLLLL
[27/07/2011 22:19:05] /b GOOLLLLLLLLL
[27/07/2011 22:19:18] /ban Locao ,2
[27/07/2011 22:19:38] /b 22:19 Locao [61867: deita fdp 
[27/07/2011 22:20:01] /b 22:19 Locao [61867: deita fdp 
[27/07/2011 22:20:10] /b ban
[27/07/2011 22:34:26] /b penalti
[27/07/2011 23:01:55] /b golllllllllllll
[27/07/2011 23:01:56] /b golllllllllllll
[27/07/2011 23:01:58] /b golllllllllllll
[27/07/2011 23:02:15] /b golllllllllllll
[28/07/2011 12:55:46] /i sword of hell
[28/07/2011 12:55:49] /ghost
[28/07/2011 12:56:10] /up
[28/07/2011 12:56:12] /up
[28/07/2011 13:07:08] /i 2390
[28/07/2011 13:07:59] /r
[28/07/2011 13:08:09] /i 2390
[28/07/2011 13:08:41] /i 2390
[28/07/2011 13:09:04] /r
[28/07/2011 13:42:55] /goto samuca killer
[28/07/2011 13:42:58] /goto samuca killer
[28/07/2011 13:43:03] /goto samuca killer
[28/07/2011 13:43:06] /goto samuca killer
[28/07/2011 13:43:10] /goto samuca killer
[28/07/2011 13:43:33] /goto samuca killer
[28/07/2011 13:43:38] /goto samuca killer
[28/07/2011 13:43:40] /goto samuca killer
[28/07/2011 13:44:52] /goto samuca killer
[28/07/2011 13:44:53] /goto samuca killer
[28/07/2011 13:44:56] /goto samuca killer
[28/07/2011 13:44:58] /goto samuca killer
[28/07/2011 13:45:00] /goto samuca killer
[28/07/2011 13:46:45] /goto samuca killer
[28/07/2011 13:46:50] /r
[28/07/2011 14:17:00] /a 3
[28/07/2011 14:18:17] /t
[28/07/2011 14:54:05] /goto [Tutor] Black Skull Rox
[28/07/2011 14:55:15] /t
[28/07/2011 14:55:22] /goto demon lord
[28/07/2011 14:56:20] /t
[28/07/2011 15:51:21] /b http://www.youtube.com/watch?v=2I54-wWoEmA&NR=1 ve ai namoral eu q fiz vlws
[28/07/2011 15:51:38] /ghost
[28/07/2011 15:51:41] /b http://www.youtube.com/watch?v=2I54-wWoEmA&NR=1 ve ai namoral eu q fiz vlws
[28/07/2011 15:51:55] /b http://www.youtube.com/watch?v=2I54-wWoEmA&NR=1 ve ai namoral eu q fiz vlws
[28/07/2011 15:52:47] /a 20
[28/07/2011 15:52:52] /up
[28/07/2011 15:52:53] /up
[29/07/2011 12:20:01] /a 3
[29/07/2011 12:22:52] /goto Green Phantom
[29/07/2011 12:27:22] /b =''(
[29/07/2011 13:13:05] /i 8302
[29/07/2011 13:13:48] /down
[29/07/2011 13:14:04] /t
[29/07/2011 13:26:17] /ghost
[29/07/2011 13:26:21] /i dragon scale helmet
[29/07/2011 13:26:22] /i dragon scale helmet
[29/07/2011 13:26:31] /i dragon scale helmet
[29/07/2011 13:26:44] /i 2498
[29/07/2011 13:26:48] /i 2492
[29/07/2011 13:26:52] /i 2492
[29/07/2011 13:27:02] /i 2407
[29/07/2011 13:27:07] /i 2407
[29/07/2011 13:27:16] /i 2553
[29/07/2011 13:27:22] /i 2535
[29/07/2011 13:50:00] /goto Hoster Black
[29/07/2011 13:50:03] /goto Hoster Black
[29/07/2011 13:50:23] /goto Hoster Black
[29/07/2011 13:50:30] /goto Hoster Black
[29/07/2011 13:50:48] /a 10
[29/07/2011 13:50:52] /c Hoster Black
[29/07/2011 13:50:55] /ghost
[29/07/2011 13:51:29] /t
[29/07/2011 13:51:50] /ghost
[30/07/2011 13:38:14] /i sword of the hell
[30/07/2011 13:38:39] /r
[30/07/2011 13:38:51] /r
[30/07/2011 13:38:54] /i sword of the hell
[30/07/2011 13:41:25] /r
[30/07/2011 14:43:51] /ban zika ,7777
[30/07/2011 15:32:15] /goto pala of girl
[30/07/2011 15:32:24] /goto lord samu
[30/07/2011 15:38:59] /goto juninho
[30/07/2011 15:39:06] /goto lord samu
[30/07/2011 15:39:15] /goto girl of pala
[30/07/2011 15:39:17] /goto girl of pala
[30/07/2011 15:39:19] /goto girl of pala
[30/07/2011 15:39:22] /goto girl of pala
[30/07/2011 15:39:24] /goto girl of pala
[30/07/2011 15:39:27] /goto girl of pala
[30/07/2011 15:39:30] /goto girl of pala
[30/07/2011 15:39:35] /goto locao
[30/07/2011 15:39:37] /goto locao
[30/07/2011 15:39:39] /goto locao
[30/07/2011 15:39:41] /goto locao
[30/07/2011 15:39:43] /goto locao
[30/07/2011 15:39:49] /goto locao
[30/07/2011 15:40:08] /goto [Tutor] Black Skull Rox
[30/07/2011 15:40:16] /goto [Tutor] Black Skull Rox
[30/07/2011 15:40:20] /goto [Tutor] Black Skull Rox
[30/07/2011 15:40:22] /goto [Tutor] Black Skull Rox
[30/07/2011 15:40:46] /goto [Tutor] Black Skull Rox
[30/07/2011 15:41:35] /goto locao
[30/07/2011 15:43:54] /i sword of the hell
[30/07/2011 15:56:08] /r
[30/07/2011 15:56:10] /r
[30/07/2011 15:56:23] /r
[30/07/2011 15:56:24] /r
[30/07/2011 15:56:34] /i 6892
[30/07/2011 15:57:38] /a 10
[30/07/2011 15:57:40] /a 10
[30/07/2011 15:57:43] /a 10
[30/07/2011 15:57:45] /a 10
[30/07/2011 15:57:46] /a 10
[30/07/2011 15:57:49] /a 10
[30/07/2011 15:57:54] /a 2
[30/07/2011 15:57:56] /a 2
[30/07/2011 15:57:59] /a 2
[30/07/2011 15:58:00] /a 2
[30/07/2011 15:59:48] /m Training Monk
[30/07/2011 16:22:04] /t
[30/07/2011 16:38:57] /goto lord samu
[30/07/2011 16:39:00] /goto lord samu
[30/07/2011 16:39:01] /goto lord samu
[30/07/2011 16:39:03] /goto lord samu
[30/07/2011 16:39:04] /goto lord samu
[30/07/2011 16:39:06] /goto lord samu
[30/07/2011 16:39:09] /goto lord samu
[30/07/2011 16:39:21] /i uutamo remover
[30/07/2011 16:39:30] /i utamo remover
[30/07/2011 16:39:33] /i utamo remove
[30/07/2011 17:43:39] /ghost
[30/07/2011 17:46:09] /i 10064
[30/07/2011 17:46:09] /i 10064
[30/07/2011 17:46:10] /i 10064
[30/07/2011 17:46:10] /i 10064
[30/07/2011 17:46:11] /i 10064
[30/07/2011 17:46:12] /i 10064
[30/07/2011 17:46:12] /i 10064
[30/07/2011 17:46:13] /i 10064
[30/07/2011 17:46:14] /i 10064
[30/07/2011 17:46:14] /i 10064
[30/07/2011 17:46:21] /t
[30/07/2011 17:53:12] /ghost
[30/07/2011 17:53:50] /i 2275
[30/07/2011 17:54:13] /t
[30/07/2011 19:57:16] /ghost
[30/07/2011 19:57:19] /ghost
[30/07/2011 19:58:08] /i 10029
[30/07/2011 19:58:30] /i 10064
[30/07/2011 19:58:31] /i 10064
[30/07/2011 19:58:32] /i 10064
[30/07/2011 19:58:32] /i 10064
[30/07/2011 19:58:33] /i 10064
[30/07/2011 19:58:34] /i 10064
[30/07/2011 19:58:35] /i 10064
[30/07/2011 19:58:36] /i 10064
[30/07/2011 19:58:37] /i 10064
[30/07/2011 19:58:44] /i 10064
[30/07/2011 19:58:45] /i 10064
[30/07/2011 19:58:48] /i 10064
[30/07/2011 19:58:50] /i 10064
[30/07/2011 19:58:51] /i 10064
[30/07/2011 19:58:52] /i 10064
[30/07/2011 19:58:53] /i 10064
[30/07/2011 19:58:54] /i 10064
[30/07/2011 19:58:55] /i 10064
[30/07/2011 19:58:59] /i 10064
[30/07/2011 19:59:01] /i 10064
[30/07/2011 19:59:02] /i 10064
[30/07/2011 19:59:51] /i 2299
[30/07/2011 20:00:35] /i 10029
[30/07/2011 20:00:38] /i 10029
[30/07/2011 20:00:38] /i 10029
[30/07/2011 20:00:39] /i 10029
[30/07/2011 20:00:55] /i 2299
[30/07/2011 20:00:56] /i 2299
[30/07/2011 20:00:57] /i 2299
[30/07/2011 20:00:58] /i 2299
[30/07/2011 20:00:58] /i 2299
[30/07/2011 20:00:59] /i 2299
[30/07/2011 20:01:10] /i 2296
[30/07/2011 20:01:11] /i 2296
[30/07/2011 20:01:13] /i 2296
[30/07/2011 20:01:14] /i 2296
[30/07/2011 20:01:16] /i 2296
[30/07/2011 20:01:29] /i 2314
[30/07/2011 20:01:30] /i 2314
[30/07/2011 20:01:30] /i 2314
[30/07/2011 20:01:31] /i 2314
[30/07/2011 20:01:32] /i 2314
[30/07/2011 20:01:45] /i 2294
[30/07/2011 20:01:52] /i 2294
[30/07/2011 20:01:54] /i 2294
[30/07/2011 20:01:55] /i 2294
[30/07/2011 20:01:56] /i 2294
[30/07/2011 20:01:56] /i 2294
[30/07/2011 20:01:58] /i 2294
[30/07/2011 20:02:14] /i 2275
[30/07/2011 20:02:15] /i 2275
[30/07/2011 20:02:18] /i 2275
[30/07/2011 20:02:21] /i 2275
[30/07/2011 20:03:32] /a
[30/07/2011 20:03:48] /i 2157
[30/07/2011 20:03:50] /i 2157
[30/07/2011 20:03:50] /i 2157
[30/07/2011 20:03:51] /i 2157
[30/07/2011 20:03:52] /i 2157
[30/07/2011 20:03:52] /i 2157
[30/07/2011 20:03:53] /i 2157
[30/07/2011 20:03:54] /i 2157
[30/07/2011 20:04:09] /i 2157
[30/07/2011 20:04:10] /i 2157
[30/07/2011 20:04:11] /i 2157
[30/07/2011 20:04:12] /i 2157
[30/07/2011 20:04:13] /i 2157
[30/07/2011 20:04:14] /i 2157
[30/07/2011 20:05:10] /i 2157
[30/07/2011 20:05:10] /i 2157
[30/07/2011 20:05:11] /i 2157
[30/07/2011 20:05:12] /i 2157
[30/07/2011 20:05:12] /i 2157
[30/07/2011 20:05:43] /a
[30/07/2011 20:05:46] /a
[30/07/2011 20:06:44] /i 10064
[30/07/2011 20:06:46] /i 10064
[30/07/2011 20:06:49] /i 10064
[30/07/2011 20:07:02] /i 10064
[30/07/2011 20:07:02] /i 10064
[30/07/2011 20:07:03] /i 10064
[30/07/2011 20:07:04] /i 10064
[30/07/2011 20:07:05] /i 10064
[30/07/2011 20:07:05] /i 10064
[30/07/2011 20:07:06] /i 10064
[30/07/2011 20:07:25] /i 10064
[30/07/2011 20:07:26] /i 10064
[30/07/2011 20:07:26] /i 10064
[30/07/2011 20:07:27] /i 10064
[30/07/2011 20:07:28] /i 10064
[30/07/2011 20:07:29] /i 10064
[30/07/2011 20:07:54] /t
[30/07/2011 20:08:27] /i 2160
[30/07/2011 20:10:31] /t
[30/07/2011 20:10:56] /a
[30/07/2011 20:11:03] /a
[30/07/2011 20:11:07] /a
[30/07/2011 20:11:10] /a
[30/07/2011 20:11:11] /a
[30/07/2011 20:11:13] /a
[30/07/2011 20:11:15] /r
[30/07/2011 20:11:17] /a
[30/07/2011 20:11:59] /i 9776
[30/07/2011 20:12:14] /i 9777
[30/07/2011 20:12:24] /a
[30/07/2011 20:12:25] /a
[30/07/2011 20:12:26] /a
[30/07/2011 20:12:27] /a
[30/07/2011 20:14:11] /a
[31/07/2011 11:11:04] /t
[31/07/2011 11:11:54] /ghost
[31/07/2011 11:18:46] /ghost
[31/07/2011 11:34:27] /t
[31/07/2011 11:35:24] /i 1988
[31/07/2011 11:35:33] /i sword of the hell
[31/07/2011 11:35:48] /i 8303
[31/07/2011 11:35:58] /i 7697
[31/07/2011 11:36:15] /i epic uh
[31/07/2011 11:36:22] /i epic mana
[31/07/2011 11:38:05] /r
[31/07/2011 11:38:37] /i sword of the hell
[31/07/2011 11:40:02] /r
[31/07/2011 11:40:06] /i sword of the hell
[31/07/2011 11:41:57] /i 6579
[31/07/2011 11:42:08] /i 2137
[31/07/2011 11:42:11] /t
[31/07/2011 11:49:50] /i 2160
[31/07/2011 11:50:02] /i 2157
[31/07/2011 11:50:08] /i 2157
[31/07/2011 23:24:04] /i 8303
[31/07/2011 23:24:05] /i 8303
[31/07/2011 23:24:06] /i 8303
[01/08/2011 00:15:37] /goto Warlockzin
[01/08/2011 00:15:44] /goto Warlockzin
[01/08/2011 00:15:47] /goto Warlockzin
[01/08/2011 00:17:25] /goto Warlockzin
[01/08/2011 00:17:35] /goto Warlockzin
[01/08/2011 00:17:48] /goto anjo pk
[01/08/2011 00:17:54] /goto Warlockzin
[01/08/2011 00:17:59] /goto Warlockzin
[01/08/2011 00:18:01] /goto Warlockzin
[01/08/2011 00:18:05] /goto Warlockzin
[01/08/2011 00:18:06] /goto Warlockzin
[01/08/2011 00:40:31] /t
[01/08/2011 00:41:02] /goto Warlockzin
[01/08/2011 00:41:06] /goto Warlockzin
[01/08/2011 12:05:25] /ban Hediinan ,3
[01/08/2011 12:05:52] /t naique
[01/08/2011 12:32:49] /a 20
[01/08/2011 12:33:09] /i 7228
[01/08/2011 12:33:15] /i 7229
[01/08/2011 12:33:20] /r
[01/08/2011 12:33:22] /r
[01/08/2011 12:34:01] /up
[01/08/2011 12:34:37] /i 7229
[01/08/2011 12:34:44] /i 7228
[01/08/2011 12:34:50] /i 7226
[01/08/2011 12:34:57] /r
[01/08/2011 12:35:04] /i 7230
[01/08/2011 12:35:10] /r
[01/08/2011 12:36:08] /i 7231
[01/08/2011 12:36:14] /i 7232
[01/08/2011 12:36:18] /i 7233
[01/08/2011 12:36:22] /i 7234
[01/08/2011 12:36:28] /r
[01/08/2011 12:36:32] /r
[01/08/2011 12:36:42] /r
[01/08/2011 12:36:45] /r
[01/08/2011 12:36:49] /r
[01/08/2011 12:36:52] /r
[01/08/2011 13:36:11] /t
[01/08/2011 13:37:12] /ghost
[01/08/2011 15:49:35] /up
[01/08/2011 15:49:36] /up
[01/08/2011 15:49:40] /goto Legends
[01/08/2011 15:49:41] /goto Legends
[01/08/2011 15:49:43] /goto Legends
[01/08/2011 15:49:44] /goto Legends
[01/08/2011 15:49:51] /ghost
[01/08/2011 15:50:00] /ghost
[01/08/2011 15:55:10] /i soul stone
[01/08/2011 15:56:49] /i icicle
[01/08/2011 15:57:39] /i 8303
[01/08/2011 15:57:59] /i 10064
[01/08/2011 16:00:06] /i 1988
[01/08/2011 18:09:57] /i 7238
[01/08/2011 18:10:01] /r
[01/08/2011 18:10:18] /a 2
[01/08/2011 18:10:29] /a 2
[01/08/2011 18:10:32] /a 2
[01/08/2011 18:10:35] /a 2
[01/08/2011 18:10:36] /a 2
[01/08/2011 18:10:40] /i 7238
[01/08/2011 18:11:00] /ghost
[01/08/2011 18:11:54] /a 40
[01/08/2011 18:11:58] /a 10
[01/08/2011 18:14:17] /i 7229
[01/08/2011 18:14:21] /r
[01/08/2011 18:14:26] /i 7228
[01/08/2011 18:14:30] /r
[01/08/2011 18:14:35] /i 7227
[01/08/2011 18:14:43] /r
[01/08/2011 18:14:48] /i 7226
[01/08/2011 18:14:50] /i 7226
[01/08/2011 18:14:53] /r
[01/08/2011 18:14:57] /r
[01/08/2011 18:15:01] /i 7225
[01/08/2011 18:15:05] /i 7224
[01/08/2011 18:15:08] /r
[01/08/2011 18:15:10] /r
[01/08/2011 18:16:21] /i 8000
[01/08/2011 18:16:23] /i 8000
[01/08/2011 18:16:28] /r
[01/08/2011 18:16:30] /r
[01/08/2011 18:16:35] /i 8555
[01/08/2011 18:16:38] /r
[01/08/2011 18:16:46] /i 9000
[01/08/2011 18:16:50] /r
[01/08/2011 18:17:02] /i 9000
[01/08/2011 18:17:05] /r
[01/08/2011 18:17:10] /i 9999
[01/08/2011 18:17:30] /i 0001
[01/08/2011 18:17:33] /r
[01/08/2011 18:17:43] /i 9874
[01/08/2011 18:17:46] /r
[01/08/2011 18:21:24] /i 9874
[01/08/2011 18:21:28] /r
[01/08/2011 18:21:38] /i 1234
[01/08/2011 18:21:42] /r
[01/08/2011 18:21:47] /i 7412
[01/08/2011 18:21:57] /i 9632
[01/08/2011 18:22:01] /r
[01/08/2011 18:22:08] /a 1
[01/08/2011 18:22:13] /i 6686
[01/08/2011 18:23:06] /t
[02/08/2011 20:11:59] /b ai galera me jogaram macumba oia so
[02/08/2011 20:12:03] /b 20:06 Pllaxone [56423: ta 20:06 Pllaxone [56423: mais sua vida 20:06 Pllaxone [56423: vali 20:06 Pllaxone [56423: mais 20:06 Pllaxone [56423: :?D 20:06 Skawaa [7522]: ligo n 20:06 Pllaxone [56423: ki bom 20:06 Skawaa [7522]: 1 dia tenho q morre msm 20:
[02/08/2011 20:12:20] /b ='( n mando td n
[02/08/2011 20:14:25] /i 2431
[02/08/2011 20:15:05] /i 8303
[02/08/2011 20:15:52] /r
[02/08/2011 20:25:55] /a 2
[02/08/2011 20:26:39] /a 2
[02/08/2011 20:37:31] /a 40
[03/08/2011 23:48:50] /t
[03/08/2011 23:49:05] /b cheguei crianças =D
[03/08/2011 23:49:20] /ghost
[03/08/2011 23:51:02] /goto [GM] Felipe
[03/08/2011 23:51:06] /goto [GM] Felipe
[03/08/2011 23:51:10] /goto [GM] Felipe
[03/08/2011 23:51:58] /t [GM] Felipe
[03/08/2011 23:52:10] /t [GM] Felipe
[03/08/2011 23:52:19] /t [GM] Felipe
[03/08/2011 23:52:25] /t [GM] Felipe
[03/08/2011 23:52:25] /t [GM] Felipe
[03/08/2011 23:52:26] /t [GM] Felipe
[03/08/2011 23:52:27] /t [GM] Felipe
[03/08/2011 23:52:28] /t [GM] Felipe
[03/08/2011 23:52:29] /t [GM] Felipe
[03/08/2011 23:52:38] /a 200
[03/08/2011 23:52:46] /c [GM] Felipe
[03/08/2011 23:52:50] /a 10
[03/08/2011 23:52:54] /c [GM] Felipe
[03/08/2011 23:52:55] /c [GM] Felipe
[03/08/2011 23:53:25] /i sword of the hell
[03/08/2011 23:53:38] /m demon lord
[03/08/2011 23:54:17] /i max power
[03/08/2011 23:54:20] /i max power rune
[03/08/2011 23:55:44] /i ice lord
[03/08/2011 23:55:49] /m ice lord
[03/08/2011 23:56:26] /t
[03/08/2011 23:57:26] /t [GM] Felipe
[04/08/2011 00:02:48] /goto love
[04/08/2011 00:02:50] /goto love
[04/08/2011 00:02:51] /goto love
[04/08/2011 00:02:52] /goto love
[04/08/2011 00:02:53] /goto love
[04/08/2011 00:02:54] /goto love
[04/08/2011 00:02:58] /goto love
[04/08/2011 00:03:57] /c love
[04/08/2011 00:08:31] /ban Love ,4
[04/08/2011 00:10:23] /t
[04/08/2011 00:12:56] /i 8302
[04/08/2011 17:43:33] /ghost
[04/08/2011 17:46:10] /i 10064
[04/08/2011 17:49:16] /goto pala eu xavo
[04/08/2011 17:49:30] /goto [GM] Felipe
[04/08/2011 17:49:39] /goto [GM] Felipe
[04/08/2011 17:49:42] /goto pala eu xavo
[04/08/2011 17:51:35] /t
[04/08/2011 17:53:22] /t [GM] Felipe
[04/08/2011 19:57:08] /a 10
[04/08/2011 19:57:09] /a 10
[04/08/2011 19:57:11] /a 10
[04/08/2011 19:57:18] /m exp bug
[04/08/2011 20:22:13] /a 30
[04/08/2011 20:22:15] /a 30
[04/08/2011 20:22:18] /a 10
[04/08/2011 20:22:25] /up
[04/08/2011 20:22:28] /up
[04/08/2011 20:22:32] /a 10
[04/08/2011 20:22:36] /a 2
[04/08/2011 20:35:25] /r
[04/08/2011 20:37:34] /ghost
[04/08/2011 20:38:05] /ban [GM] Felipe ,55
[04/08/2011 20:41:10] /unban [GM] Felipe
[04/08/2011 20:41:22] /ghost
[04/08/2011 20:41:51] /goto [GM] Felipe
[04/08/2011 20:42:15] /ghost
[04/08/2011 21:04:28] /t
[04/08/2011 21:04:37] /up
[04/08/2011 21:04:40] /up
[04/08/2011 21:14:02] /down
[05/08/2011 17:16:48] /ghost
[05/08/2011 18:44:10] /b oia q ele da ban msm em
[05/08/2011 19:15:43] /ghost
[05/08/2011 19:17:40] /ghost
[05/08/2011 19:17:42] /up
[05/08/2011 19:17:43] /up
[05/08/2011 19:17:47] /i 8888
[05/08/2011 19:18:05] /i 7777
[05/08/2011 19:18:13] /r
[05/08/2011 19:18:19] /i 6666
[05/08/2011 19:18:23] /r
[05/08/2011 19:18:28] /i 666
[05/08/2011 19:18:37] /i 5555
[05/08/2011 19:18:40] /r
[05/08/2011 19:18:44] /i 4444
[05/08/2011 19:18:52] /i 3333
[05/08/2011 19:18:55] /r
[05/08/2011 19:19:03] /i 2222
[05/08/2011 19:19:15] /i 1111
[05/08/2011 19:19:21] /i 1111
[05/08/2011 19:19:24] /r
[05/08/2011 19:19:26] /r
[05/08/2011 19:19:41] /t
[05/08/2011 19:20:05] /i 8302
[05/08/2011 19:20:30] /i solar axe
[05/08/2011 19:31:48] /ghost
[05/08/2011 19:32:49] /c druid master
[05/08/2011 19:32:54] /c druid master
[05/08/2011 19:32:55] /c druid master
[05/08/2011 19:33:25] /ghost
[05/08/2011 19:33:30] /goto druid master
[05/08/2011 19:34:47] /ghost
[05/08/2011 19:35:16] /ban Druid Master ,1
[05/08/2011 19:35:26] /b queria tanto o ban tomo
[05/08/2011 19:39:35] /b 19:33 Druid Master [18676: me bani si for homem
[05/08/2011 19:39:43] /b dps ainda pergunta pq bani
[05/08/2011 19:39:47] /b ¬¬
[05/08/2011 19:43:25] /i ice sowrd
[05/08/2011 19:44:02] /i ice sword
[05/08/2011 19:46:10] /c mariah
[05/08/2011 19:46:15] /c mariah
[05/08/2011 19:46:18] /c mariah
[05/08/2011 19:46:20] /c mariah
[05/08/2011 19:46:29] /c mariah
[05/08/2011 19:48:06] /ghost
[05/08/2011 19:48:40] /ghost
[05/08/2011 19:48:42] /ghost
[05/08/2011 19:48:45] /t
[05/08/2011 19:49:06] /a 2
[05/08/2011 19:49:28] /ghost
[05/08/2011 19:57:40] /i epic mana rune
[05/08/2011 19:57:51] /i mana rune
[05/08/2011 19:58:00] /i epic uh
[05/08/2011 19:58:08] /i epic mana
[05/08/2011 19:58:17] /i epic fire
[05/08/2011 19:58:46] /i ice armor
[05/08/2011 19:59:17] /i boneco de teleporte
[05/08/2011 19:59:23] /i 10000
[05/08/2011 19:59:26] /i 1000
[05/08/2011 20:00:04] /i fire armor
[05/08/2011 20:00:08] /i fire armor
[05/08/2011 20:00:08] /i fire armor
[05/08/2011 20:00:09] /i fire armor
[05/08/2011 20:00:43] /c mc maguinho
[05/08/2011 20:01:03] /i ice legs
[05/08/2011 20:01:25] /i ice helmet
[05/08/2011 20:01:30] /i 10069
[05/08/2011 20:02:05] /i solar axe
[05/08/2011 20:02:19] /i 2157
[05/08/2011 20:02:50] /i 2157
[05/08/2011 20:02:51] /i 2157
[05/08/2011 20:02:52] /i 2157
[05/08/2011 20:02:54] /i 2157
[05/08/2011 20:02:55] /i 2157
[05/08/2011 20:02:55] /i 2157
[05/08/2011 20:02:56] /i 2157
[05/08/2011 20:02:58] /i 2157
[05/08/2011 20:03:00] /i 2157
[05/08/2011 20:03:25] /a 1
[05/08/2011 20:04:36] /ghost
[05/08/2011 20:04:38] /t
[05/08/2011 20:05:16] /i 2501
[05/08/2011 20:05:25] /i 2469
[05/08/2011 20:05:29] /goto mc maguinho
[05/08/2011 20:05:43] /i 2653
[05/08/2011 20:06:02] /a 3
[05/08/2011 20:06:13] /i 10064
[05/08/2011 20:06:41] /i 2275
[05/08/2011 20:06:49] /i 8306
[05/08/2011 20:06:57] /i 6391
[05/08/2011 20:07:06] /i 8976
[05/08/2011 20:07:18] /i 2294
[05/08/2011 20:07:28] /i 9932
[05/08/2011 20:07:37] /i 9778
[05/08/2011 20:07:39] /t
[05/08/2011 20:07:44] /t
[05/08/2011 20:07:51] /a 1
[05/08/2011 20:09:16] /i epic uh
[05/08/2011 20:09:17] /i epic uh
[05/08/2011 20:09:18] /i epic uh
[05/08/2011 20:09:22] /i epic mana
[05/08/2011 20:09:22] /i epic mana
[05/08/2011 20:09:23] /i epic mana
[05/08/2011 20:09:24] /i epic mana
[05/08/2011 20:10:11] /i 2284
[05/08/2011 20:10:13] /i 2284
[05/08/2011 20:10:13] /i 2284
[05/08/2011 20:10:14] /i 2284
[05/08/2011 20:10:58] /i 2160
[05/08/2011 20:11:19] /i 8547
[05/08/2011 20:11:26] /r
[05/08/2011 20:11:28] /r
[05/08/2011 20:11:37] /i 1740
[05/08/2011 20:11:46] /i 9999
[05/08/2011 20:12:45] /i ring da imortalidade
[05/08/2011 20:13:09] /i ice boots
[05/08/2011 20:13:10] /i ice boots
[05/08/2011 20:13:11] /i ice boots
[05/08/2011 20:13:15] /i ice armor
[05/08/2011 20:13:17] /i ice armor
[05/08/2011 20:13:17] /i ice armor
[05/08/2011 20:13:22] /i ice sword
[05/08/2011 20:13:23] /i ice sword
[05/08/2011 20:13:24] /i ice sword
[05/08/2011 20:13:34] /i 7697
[05/08/2011 20:13:36] /i 7697
[05/08/2011 20:13:36] /i 7697
[05/08/2011 20:14:29] /i ice helmet
[05/08/2011 20:14:30] /i ice helmet
[05/08/2011 20:14:31] /i ice helmet
[05/08/2011 20:14:35] /i ice helmet
[05/08/2011 20:15:04] /i fire armor
[05/08/2011 20:15:21] /i solar axe
[05/08/2011 20:15:29] /i ice shield
[05/08/2011 20:15:43] /i raibow shield
[05/08/2011 20:15:46] /i ice shield
[05/08/2011 20:16:06] /b evento na sala dos baus
[05/08/2011 20:16:08] /ghost
[05/08/2011 20:16:12] /b evento na sala dos baus
[05/08/2011 20:16:26] /b evento na sala dos baus
[05/08/2011 20:30:23] /b tira mc ou ban
[05/08/2011 20:31:52] /ban Lord samu I ,1
[05/08/2011 20:36:36] /r
[05/08/2011 20:37:35] /t toss
[05/08/2011 20:41:16] /i 1484
[05/08/2011 20:41:18] /i 1484
[05/08/2011 20:41:20] /i 1484
[05/08/2011 20:41:24] /i 1484
[05/08/2011 20:41:25] /i 1484
[05/08/2011 20:41:31] /i 1484
[05/08/2011 20:41:39] /c pala do capeta
[05/08/2011 20:41:44] /r
[05/08/2011 20:41:46] /r
[05/08/2011 20:41:56] /r
[05/08/2011 20:41:57] /r
[05/08/2011 20:41:59] /r
[05/08/2011 20:42:02] /r
[05/08/2011 20:42:10] /a 2
[05/08/2011 20:42:21] /c pala do capeta
[05/08/2011 20:42:33] /a 1
[05/08/2011 20:42:36] /c pala do capeta
[05/08/2011 20:42:39] /a 1
[05/08/2011 20:42:40] /a 1
[05/08/2011 20:42:51] /i 10000
[05/08/2011 20:43:11] /r
[05/08/2011 20:48:51] /b acabo
[05/08/2011 20:49:41] /r
[05/08/2011 20:49:43] /r
[05/08/2011 20:49:47] /r
[05/08/2011 20:50:30] /i 1484
[05/08/2011 20:50:34] /i 1484
[05/08/2011 20:50:36] /i 1484
[05/08/2011 20:52:23] /ghost
[05/08/2011 20:52:57] /t Black Skull Night
[05/08/2011 20:54:46] /i 1064
[05/08/2011 20:54:49] /r
[05/08/2011 20:54:57] /i 10064
[05/08/2011 20:55:30] /r
[05/08/2011 20:55:31] /r
[05/08/2011 20:55:33] /r
[05/08/2011 20:55:35] /r
[06/08/2011 00:04:03] /t
[06/08/2011 00:04:34] /i necromance shield
[06/08/2011 00:06:52] /ghost
[06/08/2011 00:07:18] /c lord samu
[06/08/2011 00:10:38] /ghost
[06/08/2011 00:10:53] /goto anjo pk
[06/08/2011 00:11:00] /goto anjo pk
[06/08/2011 00:11:09] /goto anjo pk
[06/08/2011 00:11:11] /goto anjo pk
[06/08/2011 00:11:51] /ghost
[06/08/2011 00:12:07] /ban Fan Lord Samu ,2
[06/08/2011 00:12:19] /ban Lord Samu ,2
[06/08/2011 00:12:27] /ban Lord Samu I,2
[06/08/2011 00:12:40] /ban anjo pk ,3
[06/08/2011 00:12:50] /ghost
[06/08/2011 00:12:52] /t
[06/08/2011 13:04:30] /ghost
[06/08/2011 13:04:51] /ghost
