[03/08/2011 18:21:58] /ghost
[03/08/2011 18:21:59] /t
[03/08/2011 18:22:53] /up 2
[03/08/2011 18:22:57] /up 
[03/08/2011 18:23:21] /a 2
[03/08/2011 18:23:22] /a 2
[03/08/2011 18:23:47] /a
[03/08/2011 18:23:47] /a
[03/08/2011 18:23:52] /a
[03/08/2011 18:23:52] /a
[03/08/2011 18:23:52] /a
[03/08/2011 18:24:05] /a 3
[03/08/2011 18:24:08] /a
[03/08/2011 18:24:11] /a
[03/08/2011 18:24:14] /a
[03/08/2011 18:24:16] /a
[03/08/2011 18:24:23] /a 4
[03/08/2011 18:24:27] /a
[03/08/2011 18:24:38] /a 2
[03/08/2011 18:24:50] /a 5
[03/08/2011 18:24:56] /a 4
[03/08/2011 18:25:01] /a 2
[03/08/2011 18:25:15] /a 2
[03/08/2011 18:25:21] /a
[03/08/2011 18:25:21] /a
[03/08/2011 18:25:35] /town 1
[03/08/2011 18:25:37] /town 2
[03/08/2011 18:25:39] /town 3
[03/08/2011 18:25:42] /town 4
[03/08/2011 18:25:43] /town 5
[03/08/2011 18:25:44] /town 7
[03/08/2011 18:25:45] /town 8
[03/08/2011 18:25:49] /town 5
[03/08/2011 18:25:51] /town 4
[03/08/2011 18:25:53] /town 3
[03/08/2011 18:25:54] /town 2
[03/08/2011 18:25:56] /t
[03/08/2011 18:26:00] /a 10
[03/08/2011 18:26:01] /a 10
[03/08/2011 18:26:03] /a 10
[03/08/2011 18:27:25] /a 2
[03/08/2011 18:27:32] /a 2
[03/08/2011 18:27:34] /a 2
[03/08/2011 18:27:34] /a 2
[03/08/2011 18:27:35] /a 2
[03/08/2011 18:27:38] /a 5
[03/08/2011 18:27:43] /a 3
[03/08/2011 18:27:47] /a 2
[03/08/2011 18:49:04] /ghost
[03/08/2011 18:50:31] /c Palyziiin
[03/08/2011 18:50:35] /c Palyziiin
[03/08/2011 18:51:20] /goto Palyziiin
[03/08/2011 18:52:18] /up 2
[03/08/2011 18:52:20] /up
[03/08/2011 18:52:24] /up
[03/08/2011 18:52:46] /goto Jomjom
[03/08/2011 18:52:49] /goto Jomjom
[03/08/2011 18:53:06] /goto Jomjom
[03/08/2011 18:53:45] /a
[03/08/2011 18:54:04] /t
[03/08/2011 18:55:49] /ghost
[03/08/2011 18:57:33] /a 3
[03/08/2011 18:57:38] /a 1
[03/08/2011 18:57:39] /a
[03/08/2011 18:57:40] /a
[03/08/2011 18:57:46] /a
[03/08/2011 18:57:47] /a
[03/08/2011 18:57:49] /a
[03/08/2011 18:57:51] /a
[03/08/2011 18:58:35] /a
[03/08/2011 18:58:37] /a 5
[03/08/2011 18:58:43] /a 
[03/08/2011 19:00:20] /a 2
[03/08/2011 19:01:13] /t
[03/08/2011 19:01:21] /goto lord samu
[03/08/2011 19:01:53] /goto mc maguinho
[03/08/2011 19:01:58] /goto mc maguinho
[03/08/2011 19:02:02] /goto mc maguinho
[03/08/2011 19:02:37] /goto pala eu xavo
[03/08/2011 19:03:00] /ghost
[03/08/2011 19:04:22] /goto mc maguinho
[03/08/2011 19:04:28] /goto pala eu xavo
[03/08/2011 19:04:43] /t
[03/08/2011 19:08:11] /goto demon
[03/08/2011 19:08:19] /goto exp bug
[03/08/2011 19:08:27] /goto ice lord
[03/08/2011 20:20:44] /c eliseu
[03/08/2011 20:21:37] /goto patrick holra
[03/08/2011 20:21:40] /goto patrick holra
[03/08/2011 20:21:51] /c patrick holra
[03/08/2011 20:22:05] /goto patrick horla
[03/08/2011 20:22:07] /ghost
[03/08/2011 20:22:18] /up
[03/08/2011 20:22:24] /goto patrick horla
[03/08/2011 20:22:48] /a 2
[03/08/2011 20:22:56] /c lukinha i
[03/08/2011 20:25:00] /a 20
[03/08/2011 20:25:07] /a 3
[03/08/2011 20:25:10] /a 10
[03/08/2011 20:25:14] /a 5
[03/08/2011 20:26:34] /a 20
[03/08/2011 20:26:42] /a 10
[03/08/2011 20:26:45] /a 11
[03/08/2011 20:26:50] /a 5
[03/08/2011 20:26:53] /a 2
[03/08/2011 20:27:10] /c patrick holra
[03/08/2011 20:27:14] /c patrick horla
[03/08/2011 20:29:27] /info girl of pala
[03/08/2011 21:07:07] /ghost
[03/08/2011 21:07:57] /t
[03/08/2011 21:09:52] /goto Pallyzin du Bem
[03/08/2011 21:10:44] /goto lukinha
[03/08/2011 21:10:47] /goto lukinha i
[03/08/2011 21:11:51] /goto /goto lukinha i
[03/08/2011 21:11:55] /goto lukinha i
[03/08/2011 21:12:26] /ghost
[03/08/2011 21:12:31] /a 6
[03/08/2011 21:12:36] /a 8
[03/08/2011 21:13:05] /a 22
[03/08/2011 21:13:08] /a 22
[03/08/2011 21:13:32] /up
[03/08/2011 21:13:39] /c lukinhas i
[03/08/2011 21:13:44] /c lukinha i
[03/08/2011 21:14:17] /ghost
[03/08/2011 21:15:14] /a 2
[03/08/2011 21:15:21] /goto lokinha i
[03/08/2011 21:15:28] /goto lukinha i
[03/08/2011 21:15:29] /goto lukinha i
[03/08/2011 21:15:31] /goto lukinha i
[03/08/2011 21:15:33] /goto lukinha i
[03/08/2011 21:15:40] /goto lukinha i
[03/08/2011 21:15:43] /goto lukinha i
[03/08/2011 21:15:46] /goto lukinha i
[03/08/2011 21:15:48] /goto lukinha i
[03/08/2011 21:15:51] /goto lukinha i
[03/08/2011 21:15:53] /goto lukinha i
[03/08/2011 21:16:55] /goto lukinha i
[03/08/2011 21:17:07] /goto lukinha i
[03/08/2011 21:17:10] /goto lukinha i
[03/08/2011 21:17:12] /goto lukinha i
[03/08/2011 21:17:14] /goto lukinha i
[03/08/2011 21:17:16] /goto lukinha i
[03/08/2011 21:17:18] /goto lukinha i
[03/08/2011 21:17:20] /goto lukinha i
[03/08/2011 21:17:21] /goto lukinha i
[03/08/2011 21:17:22] /goto lukinha i
[03/08/2011 21:17:34] /goto lukinha i
[03/08/2011 21:17:36] /goto lukinha i
[03/08/2011 21:18:11] /a
[03/08/2011 21:18:49] /ghost
[03/08/2011 21:19:25] /goto lukinha i
[03/08/2011 21:19:30] /ghost
[03/08/2011 21:21:18] /ghost
[03/08/2011 21:21:38] /goto lukinha i
[03/08/2011 21:21:42] /up
[03/08/2011 21:21:44] /up
[03/08/2011 21:22:03] /goto lukinha i
[03/08/2011 21:22:08] /goto lukinha i
[03/08/2011 21:22:13] /goto lukinha i
[03/08/2011 21:22:15] /goto lukinha i
[03/08/2011 21:22:16] /goto lukinha i
[03/08/2011 21:22:19] /goto lukinha i
[03/08/2011 21:22:19] /goto lukinha i
[03/08/2011 21:22:58] /goto lukinha i
[03/08/2011 21:22:59] /goto lukinha i
[03/08/2011 21:23:00] /goto lukinha i
[03/08/2011 21:23:05] /goto lukinha i
[03/08/2011 21:23:06] /goto lukinha i
[03/08/2011 21:23:08] /goto lukinha i
[03/08/2011 21:23:09] /goto lukinha i
[03/08/2011 21:23:26] /goto lukinha i
[03/08/2011 21:23:38] /goto lukinha i
[03/08/2011 21:23:49] /c lukinha i
[03/08/2011 21:23:51] /c lukinha i
[03/08/2011 21:24:01] /goto lukinha i
[03/08/2011 21:24:02] /goto lukinha i
[03/08/2011 21:24:04] /goto lukinha i
[03/08/2011 21:24:36] /goto lukinha i
[03/08/2011 21:24:37] /goto lukinha i
[03/08/2011 21:24:38] /goto lukinha i
[03/08/2011 21:24:39] /goto lukinha i
[03/08/2011 21:24:42] /goto lukinha i
[03/08/2011 21:24:43] /goto lukinha i
[03/08/2011 21:24:44] /goto lukinha i
[03/08/2011 21:24:45] /goto lukinha i
[03/08/2011 21:24:46] /goto lukinha i
[03/08/2011 21:24:46] /goto lukinha i
[03/08/2011 21:24:47] /goto lukinha i
[03/08/2011 21:24:48] /goto lukinha i
[03/08/2011 21:24:49] /goto lukinha i
[03/08/2011 21:25:01] /goto lukinha i
[03/08/2011 21:25:02] /goto lukinha i
[03/08/2011 21:25:03] /goto lukinha i
[03/08/2011 21:25:05] /goto lukinha i
[03/08/2011 21:25:06] /goto lukinha i
[03/08/2011 21:25:07] /goto lukinha i
[03/08/2011 21:25:08] /goto lukinha i
[03/08/2011 21:25:08] /goto lukinha i
[03/08/2011 21:25:09] /goto lukinha i
[03/08/2011 21:25:10] /goto lukinha i
[03/08/2011 21:25:11] /goto lukinha i
[03/08/2011 21:25:11] /goto lukinha i
[03/08/2011 21:25:24] /goto lukinha i
[03/08/2011 21:25:25] /goto lukinha i
[03/08/2011 21:25:26] /goto lukinha i
[03/08/2011 21:25:27] /goto lukinha i
[03/08/2011 21:25:29] /goto lukinha i
[03/08/2011 21:25:30] /goto lukinha i
[03/08/2011 21:25:36] /goto lukinha i
[03/08/2011 21:27:56] /goto lukinha i
[03/08/2011 21:28:02] /goto lukinha i
[03/08/2011 21:28:22] /c lukinha i
[03/08/2011 21:28:42] /a 10
[03/08/2011 21:28:46] /a 15
[03/08/2011 21:28:50] /goto lukinha i
[03/08/2011 21:28:50] /goto lukinha i
[03/08/2011 21:28:51] /goto lukinha i
[03/08/2011 21:28:52] /goto lukinha i
[03/08/2011 21:28:53] /goto lukinha i
[03/08/2011 21:28:59] /goto lukinha i
[03/08/2011 21:29:00] /goto lukinha i
[03/08/2011 21:29:00] /goto lukinha i
[03/08/2011 21:29:01] /goto lukinha i
[03/08/2011 21:29:03] /goto lukinha i
[03/08/2011 21:29:03] /goto lukinha i
[03/08/2011 21:29:03] /goto lukinha i
[03/08/2011 21:29:04] /goto lukinha i
[03/08/2011 21:29:05] /goto lukinha i
[03/08/2011 21:29:05] /goto lukinha i
[03/08/2011 21:29:27] /goto lukinha i
[03/08/2011 21:29:30] /goto lukinha i
[03/08/2011 21:29:32] /goto lukinha i
[03/08/2011 21:29:32] /goto lukinha i
[03/08/2011 21:29:34] /goto lukinha i
[03/08/2011 21:29:42] /goto lukinha i
[03/08/2011 21:29:42] /goto lukinha i
[03/08/2011 21:29:52] /goto lukinha i
[03/08/2011 21:29:52] /goto lukinha i
[03/08/2011 21:29:52] /goto lukinha i
[03/08/2011 21:29:56] /goto lukinha i
[03/08/2011 21:31:16] /c lukinha i
[03/08/2011 21:31:24] /c lukinha i
[03/08/2011 21:31:28] /goto lukinha i
[03/08/2011 21:31:30] /goto lukinha i
[03/08/2011 21:31:31] /goto lukinha i
[03/08/2011 21:31:32] /goto lukinha i
[03/08/2011 21:31:33] /goto lukinha i
[03/08/2011 21:31:34] /goto lukinha i
[03/08/2011 21:31:34] /goto lukinha i
[03/08/2011 21:31:35] /goto lukinha i
[03/08/2011 21:31:36] /goto lukinha i
[03/08/2011 21:31:37] /goto lukinha i
[03/08/2011 21:31:38] /goto lukinha i
[03/08/2011 21:31:38] /goto lukinha i
[03/08/2011 21:31:39] /goto lukinha i
[03/08/2011 21:31:41] /goto lukinha i
[03/08/2011 21:31:42] /goto lukinha i
[03/08/2011 21:31:44] /goto lukinha i
[03/08/2011 21:31:44] /goto lukinha i
[03/08/2011 21:31:45] /goto lukinha i
[03/08/2011 21:31:46] /goto lukinha i
[03/08/2011 21:31:47] /goto lukinha i
[03/08/2011 21:31:47] /goto lukinha i
[03/08/2011 21:31:48] /goto lukinha i
[03/08/2011 21:31:49] /goto lukinha i
[03/08/2011 21:31:50] /goto lukinha i
[03/08/2011 21:31:51] /goto lukinha i
[03/08/2011 21:31:52] /goto lukinha i
[03/08/2011 21:31:52] /goto lukinha i
[03/08/2011 21:31:54] /goto lukinha i
[03/08/2011 21:46:17] /t
[03/08/2011 21:46:27] /goto lukinha i
[03/08/2011 21:46:28] /goto lukinha i
[03/08/2011 21:46:29] /goto lukinha i
[03/08/2011 21:46:29] /goto lukinha i
[03/08/2011 21:46:30] /goto lukinha i
[03/08/2011 21:46:30] /goto lukinha i
[03/08/2011 21:46:30] /goto lukinha i
[03/08/2011 21:46:31] /goto lukinha i
[03/08/2011 21:46:31] /goto lukinha i
[03/08/2011 21:46:31] /goto lukinha i
[03/08/2011 21:46:32] /goto lukinha i
[03/08/2011 21:46:32] /goto lukinha i
[03/08/2011 21:46:32] /goto lukinha i
[03/08/2011 21:46:38] /goto lukinha i
[03/08/2011 21:46:38] /goto lukinha i
[03/08/2011 21:46:38] /goto lukinha i
[03/08/2011 21:46:40] /goto lukinha i
[03/08/2011 21:46:40] /goto lukinha i
[03/08/2011 21:46:40] /goto lukinha i
[03/08/2011 21:46:40] /goto lukinha i
[03/08/2011 21:46:40] /goto lukinha i
[03/08/2011 21:46:40] /goto lukinha i
[03/08/2011 21:46:41] /goto lukinha i
[03/08/2011 21:46:41] /goto lukinha i
[03/08/2011 21:46:41] /goto lukinha i
[03/08/2011 21:46:42] /goto lukinha i
[03/08/2011 21:46:42] /goto lukinha i
[03/08/2011 21:46:42] /goto lukinha i
[03/08/2011 21:46:42] /goto lukinha i
[03/08/2011 21:46:42] /goto lukinha i
[03/08/2011 21:46:42] /goto lukinha i
[03/08/2011 21:46:43] /goto lukinha i
[03/08/2011 21:46:51] /goto lukinha i
[03/08/2011 21:46:51] /goto lukinha i
[03/08/2011 21:46:51] /goto lukinha i
[03/08/2011 21:46:52] /goto lukinha i
[03/08/2011 21:46:52] /goto lukinha i
[03/08/2011 21:46:52] /goto lukinha i
[03/08/2011 21:46:53] /goto lukinha i
[03/08/2011 21:46:53] /goto lukinha i
[03/08/2011 21:46:53] /goto lukinha i
[03/08/2011 21:46:53] /goto lukinha i
[03/08/2011 21:46:54] /goto lukinha i
[03/08/2011 21:46:58] /t
[03/08/2011 21:47:48] /a 2
[03/08/2011 21:47:54] /c lukinha i
[03/08/2011 21:48:02] /c lukinha i
[03/08/2011 21:58:40] /goto lukinha i
[03/08/2011 21:58:43] /goto lukinha i
[03/08/2011 21:59:18] /goto lukinha i
[03/08/2011 21:59:20] /goto lukinha i
[03/08/2011 21:59:24] /goto lukinha i
[03/08/2011 21:59:28] /goto lukinha i
[03/08/2011 21:59:40] /goto lukinha i
[03/08/2011 21:59:40] /goto lukinha i
[03/08/2011 21:59:40] /goto lukinha i
[03/08/2011 21:59:41] /goto lukinha i
[03/08/2011 21:59:41] /goto lukinha i
[03/08/2011 21:59:41] /goto lukinha i
[03/08/2011 21:59:41] /goto lukinha i
[03/08/2011 21:59:41] /goto lukinha i
[03/08/2011 21:59:41] /goto lukinha i
[03/08/2011 21:59:45] /goto lukinha i
[03/08/2011 22:00:03] /goto lukinha i
[03/08/2011 22:00:03] /goto lukinha i
[03/08/2011 22:00:04] /goto lukinha i
[03/08/2011 22:00:05] /goto lukinha i
[03/08/2011 22:00:05] /goto lukinha i
[03/08/2011 22:00:06] /goto lukinha i
[03/08/2011 22:00:06] /goto lukinha i
[03/08/2011 22:00:07] /goto lukinha i
[03/08/2011 22:00:08] /goto lukinha i
[03/08/2011 22:00:08] /goto lukinha i
[03/08/2011 22:00:09] /goto lukinha i
[03/08/2011 22:00:09] /goto lukinha i
[03/08/2011 22:00:09] /goto lukinha i
[03/08/2011 22:00:10] /goto lukinha i
[03/08/2011 22:00:11] /goto lukinha i
[03/08/2011 22:00:20] /goto lukinha i
[03/08/2011 22:00:20] /goto lukinha i
[03/08/2011 22:00:21] /goto lukinha i
[03/08/2011 22:00:21] /goto lukinha i
[03/08/2011 22:00:21] /goto lukinha i
[03/08/2011 22:00:22] /goto lukinha i
[03/08/2011 22:00:22] /goto lukinha i
[03/08/2011 22:00:22] /goto lukinha i
[03/08/2011 22:00:23] /goto lukinha i
[03/08/2011 22:00:23] /goto lukinha i
[03/08/2011 22:00:24] /goto lukinha i
[03/08/2011 22:00:24] /goto lukinha i
[03/08/2011 22:00:25] /goto lukinha i
[03/08/2011 22:00:26] /goto lukinha i
[03/08/2011 22:00:26] /goto lukinha i
[03/08/2011 22:00:51] /goto lukinha i
[03/08/2011 22:01:00] /goto lukinha i
[03/08/2011 22:01:01] /goto lukinha i
[03/08/2011 22:01:02] /goto lukinha i
[03/08/2011 22:01:03] /goto lukinha i
[03/08/2011 22:01:05] /up 3
[03/08/2011 22:01:08] /c lukinha i
[03/08/2011 22:01:12] /goto lukinha i
[03/08/2011 22:02:08] /ghost
[03/08/2011 22:02:20] /ghost
[03/08/2011 22:03:53] /goto lukinha i
[03/08/2011 22:03:53] /goto lukinha i
[03/08/2011 22:04:04] /goto lukinha i
[03/08/2011 22:04:05] /goto lukinha i
[03/08/2011 22:04:05] /goto lukinha i
[03/08/2011 22:04:06] /goto lukinha i
[03/08/2011 22:04:06] /goto lukinha i
[03/08/2011 22:04:07] /goto lukinha i
[03/08/2011 22:04:08] /goto lukinha i
[03/08/2011 22:04:08] /goto lukinha i
[03/08/2011 22:04:09] /goto lukinha i
[03/08/2011 22:04:10] /goto lukinha i
[03/08/2011 22:04:42] /goto lukinha i
[03/08/2011 22:04:42] /goto lukinha i
[03/08/2011 22:04:55] /goto lukinha i
[03/08/2011 22:05:33] /a 3
[03/08/2011 22:05:46] /goto lukinha i
[03/08/2011 22:06:14] /t
[03/08/2011 22:06:32] /up
[03/08/2011 22:06:36] /up
[03/08/2011 22:06:50] /goto lukinha i
[03/08/2011 22:06:55] /goto lukinha i
[03/08/2011 22:07:25] /t
[03/08/2011 22:07:49] /goto lukinha i
[03/08/2011 22:08:03] /goto lukinha i
[03/08/2011 22:08:04] /goto lukinha i
[03/08/2011 22:08:29] /goto lukinha i
[03/08/2011 22:08:30] /goto lukinha i
[03/08/2011 22:08:30] /goto lukinha i
[03/08/2011 22:08:31] /goto lukinha i
[03/08/2011 22:08:32] /goto lukinha i
[03/08/2011 22:08:33] /goto lukinha i
[03/08/2011 22:08:33] /goto lukinha i
[03/08/2011 22:08:33] /goto lukinha i
[03/08/2011 22:08:33] /goto lukinha i
[03/08/2011 22:08:34] /goto lukinha i
[03/08/2011 22:08:35] /goto lukinha i
[03/08/2011 22:08:35] /goto lukinha i
[03/08/2011 22:08:40] /goto lukinha i
[03/08/2011 22:08:48] /goto lukinha i
[03/08/2011 22:08:51] /goto lukinha i
[03/08/2011 22:09:08] /goto lukinha i
[03/08/2011 22:09:09] /goto lukinha i
[03/08/2011 22:09:09] /goto lukinha i
[03/08/2011 22:09:10] /goto lukinha i
[03/08/2011 22:09:18] /goto lukinha i
[03/08/2011 22:09:20] /goto lukinha i
[03/08/2011 22:09:20] /goto lukinha i
[03/08/2011 22:09:33] /goto lukinha i
[03/08/2011 22:09:35] /goto lukinha i
[03/08/2011 22:09:36] /goto lukinha i
[03/08/2011 22:09:53] /goto lukinha i
[03/08/2011 22:09:55] /goto lukinha i
[03/08/2011 22:09:57] /goto lukinha i
[03/08/2011 22:09:57] /goto lukinha i
[03/08/2011 22:09:59] /goto lukinha i
[03/08/2011 22:10:01] /goto lukinha i
[03/08/2011 22:10:03] /goto lukinha i
[03/08/2011 22:10:05] /goto lukinha i
[03/08/2011 22:10:14] /goto lukinha i
[03/08/2011 22:10:19] /goto lukinha i
[03/08/2011 22:10:21] /goto lukinha i
[03/08/2011 22:10:24] /goto lukinha i
[03/08/2011 22:10:47] /t
[03/08/2011 22:12:01] /c lukinha i
[03/08/2011 22:12:02] /goto lukinha i
[03/08/2011 22:12:03] /goto lukinha i
[03/08/2011 22:12:04] /goto lukinha i
[03/08/2011 22:12:11] /goto lukinha i
[03/08/2011 22:12:51] /c lukinha i
[03/08/2011 22:12:53] /c lukinha i
[03/08/2011 22:12:56] /goto lukinha i
[03/08/2011 22:12:57] /goto lukinha i
[03/08/2011 22:12:58] /goto lukinha i
[03/08/2011 22:12:59] /goto lukinha i
[03/08/2011 22:13:00] /goto lukinha i
[03/08/2011 22:13:00] /goto lukinha i
[03/08/2011 22:13:01] /goto lukinha i
[03/08/2011 22:13:01] /goto lukinha i
[03/08/2011 22:13:02] /goto lukinha i
[03/08/2011 22:13:03] /goto lukinha i
[03/08/2011 22:13:03] /goto lukinha i
[03/08/2011 22:13:04] /goto lukinha i
[03/08/2011 22:13:17] /up
[03/08/2011 22:13:31] /goto lukinha i
[03/08/2011 22:13:33] /goto lukinha i
[03/08/2011 22:13:34] /goto lukinha i
[03/08/2011 22:14:29] /a 10
[03/08/2011 22:14:33] /a 10
[03/08/2011 22:14:37] /a 2
[03/08/2011 22:14:39] /a 3
[03/08/2011 22:14:50] /c lukinha i
[03/08/2011 22:14:51] /goto lukinha i
[03/08/2011 22:14:52] /goto lukinha i
[03/08/2011 22:14:53] /goto lukinha i
[03/08/2011 22:14:53] /goto lukinha i
[03/08/2011 22:16:01] /c lukinha i
[03/08/2011 22:16:02] /goto lukinha i
[03/08/2011 22:16:03] /goto lukinha i
[03/08/2011 22:16:04] /goto lukinha i
[03/08/2011 22:16:55] /a 3
[03/08/2011 22:16:56] /a 3
[03/08/2011 22:16:57] /a 3
[03/08/2011 22:17:51] /a 2
[03/08/2011 22:17:52] /a 2
[03/08/2011 22:17:54] /a 2
[03/08/2011 22:17:56] /t
[03/08/2011 22:18:13] /a lukinha i
[03/08/2011 22:18:20] /c lukinha i
[03/08/2011 22:18:22] /goto lukinha i
[03/08/2011 22:18:22] /goto lukinha i
[03/08/2011 22:18:23] /goto lukinha i
[03/08/2011 22:18:24] /goto lukinha i
[03/08/2011 22:18:27] /goto lukinha i
[03/08/2011 22:18:28] /goto lukinha i
[03/08/2011 22:18:32] /goto lukinha i
[03/08/2011 22:18:32] /goto lukinha i
[03/08/2011 22:18:32] /goto lukinha i
[03/08/2011 22:34:59] /goto lukinha i
[03/08/2011 22:35:00] /goto lukinha i
[03/08/2011 22:35:01] /goto lukinha i
[03/08/2011 22:35:03] /goto lukinha i
[03/08/2011 22:35:04] /goto lukinha i
[03/08/2011 22:35:05] /goto lukinha i
[03/08/2011 22:35:05] /goto lukinha i
[03/08/2011 22:35:06] /goto lukinha i
[03/08/2011 22:35:06] /goto lukinha i
[03/08/2011 22:35:07] /goto lukinha i
[03/08/2011 22:35:08] /goto lukinha i
[03/08/2011 22:35:50] /c lukinha i
[03/08/2011 22:35:57] /goto lukinha i
[03/08/2011 22:35:59] /goto lukinha i
[03/08/2011 22:37:31] /a 2
[03/08/2011 22:37:43] /a
[03/08/2011 22:37:47] /a
[03/08/2011 22:37:48] /a
[03/08/2011 22:37:50] /a 2
[03/08/2011 22:37:55] /a 2
[03/08/2011 22:37:58] /a 
[03/08/2011 22:38:08] /a 
[03/08/2011 22:38:11] /a 
[03/08/2011 22:38:14] /a 
[03/08/2011 22:38:15] /a 
[03/08/2011 22:38:21] /c lukinha i
[03/08/2011 22:38:32] /a
[03/08/2011 22:38:35] /a
[03/08/2011 22:38:39] /a
[03/08/2011 22:38:41] /a
[03/08/2011 22:38:41] /a
[03/08/2011 22:38:45] /a 2
[03/08/2011 22:38:48] /a 3
[03/08/2011 22:38:53] /c lukinha i
[03/08/2011 22:39:15] /a 5
[03/08/2011 22:39:17] /a
[03/08/2011 22:39:21] /a
[03/08/2011 22:39:24] /a 
[03/08/2011 22:39:27] /a 2
[03/08/2011 22:39:29] /a 3
[03/08/2011 22:39:30] /a 4
[03/08/2011 22:39:32] /a 5
[03/08/2011 22:39:34] /a 7
[03/08/2011 22:39:35] /a 8
[03/08/2011 22:39:37] /a 4
[03/08/2011 22:39:41] /a 4
[03/08/2011 22:39:44] /c lukinha i
[03/08/2011 22:39:52] /a 6
[03/08/2011 22:39:54] /a 3
[03/08/2011 22:39:58] /a 11
[03/08/2011 22:40:40] /a 2
[03/08/2011 22:40:43] /a 3
[03/08/2011 22:40:43] /a 4
[03/08/2011 22:40:45] /a 5
[03/08/2011 22:41:10] /a 2
[03/08/2011 22:41:13] /a 3
[03/08/2011 22:41:14] /a 4
[03/08/2011 22:41:17] /a 0
[03/08/2011 22:41:20] /a
[03/08/2011 22:41:20] /a
[03/08/2011 22:41:21] /a 1
[03/08/2011 22:41:23] /a 2
[03/08/2011 22:41:24] /a 4
[03/08/2011 22:41:26] /a 5
[03/08/2011 22:41:26] /a 
[03/08/2011 22:41:28] /a 8
[03/08/2011 22:41:31] /a
[03/08/2011 22:41:39] /c lukinha i
[03/08/2011 22:41:41] /c lukinha i
[03/08/2011 22:41:43] /c lukinha i
[03/08/2011 22:41:45] /c lukinha i
[03/08/2011 22:42:02] /goto lukinha i
[03/08/2011 22:42:03] /goto lukinha i
[03/08/2011 22:42:04] /goto lukinha i
[03/08/2011 22:42:05] /goto lukinha i
[03/08/2011 22:42:06] /goto lukinha i
[03/08/2011 22:42:07] /goto lukinha i
[03/08/2011 22:42:08] /goto lukinha i
[03/08/2011 22:42:11] /goto lukinha i
[03/08/2011 22:42:12] /goto lukinha i
[03/08/2011 22:42:13] /goto lukinha i
[03/08/2011 22:42:15] /goto lukinha i
[03/08/2011 22:42:20] /a 4
[03/08/2011 22:42:35] /a 1
[03/08/2011 22:42:37] /a
[03/08/2011 22:42:56] /a 3
[03/08/2011 22:42:57] /a 4
[03/08/2011 22:42:58] /a 5
[03/08/2011 22:43:08] /a 8
[03/08/2011 22:43:09] /a 8
[03/08/2011 22:43:09] /a 8
[03/08/2011 22:43:11] /a 8
[03/08/2011 22:43:19] /a 6
[03/08/2011 22:43:22] /a 7
[03/08/2011 22:43:23] /a 8
[03/08/2011 22:43:39] /a 3
[03/08/2011 22:43:46] /c lukinha
[03/08/2011 22:43:51] /c lukinha
[03/08/2011 22:43:53] /c lukinha i
[03/08/2011 22:43:56] /goto lukinha i
[03/08/2011 22:43:57] /goto lukinha i
[03/08/2011 22:43:59] /goto lukinha i
[03/08/2011 22:44:01] /goto lukinha i
[03/08/2011 22:44:07] /goto lukinha i
[03/08/2011 22:44:09] /goto lukinha i
[03/08/2011 22:44:11] /goto lukinha i
[03/08/2011 22:44:12] /goto lukinha i
[03/08/2011 22:44:23] /ghost
[03/08/2011 22:44:24] /ghost
[03/08/2011 22:44:28] /goto lukinha i
[03/08/2011 22:44:30] /goto lukinha i
[03/08/2011 22:44:31] /goto lukinha i
[03/08/2011 22:44:32] /goto lukinha i
[03/08/2011 22:44:33] /goto lukinha i
[03/08/2011 22:44:34] /goto lukinha i
[03/08/2011 22:44:35] /goto lukinha i
[03/08/2011 22:44:36] /goto lukinha i
[03/08/2011 22:44:37] /goto lukinha i
[03/08/2011 22:44:40] /goto lukinha i
[03/08/2011 22:44:41] /goto lukinha i
[03/08/2011 22:44:58] /t
[03/08/2011 22:45:15] /a 2
[03/08/2011 22:45:17] /a 3
[03/08/2011 22:45:20] /a 4
[03/08/2011 22:45:58] /c lukinha i
[03/08/2011 22:46:27] /down
[03/08/2011 22:47:04] /goto lukinha i
[03/08/2011 22:47:50] /t
[03/08/2011 22:47:54] /goto lukinha i
[03/08/2011 22:48:00] /goto lukinha i
[03/08/2011 22:48:01] /goto lukinha i
[03/08/2011 22:48:09] /goto lukinha i
[03/08/2011 22:48:11] /goto lukinha i
[03/08/2011 22:48:12] /goto lukinha i
[03/08/2011 22:48:12] /goto lukinha i
[03/08/2011 22:48:13] /goto lukinha i
[03/08/2011 22:48:45] /goto lukinha i
[03/08/2011 22:48:46] /goto lukinha i
[03/08/2011 22:48:48] /goto lukinha i
[03/08/2011 22:48:49] /goto lukinha i
[03/08/2011 22:48:50] /goto lukinha i
[03/08/2011 22:48:51] /goto lukinha i
[03/08/2011 22:48:52] /goto lukinha i
[03/08/2011 22:48:53] /goto lukinha i
[03/08/2011 22:48:54] /goto lukinha i
[03/08/2011 22:50:50] /t
[03/08/2011 22:50:52] /goto lukinha i
[03/08/2011 22:50:56] /goto lukinha i
[03/08/2011 22:50:57] /goto lukinha i
[03/08/2011 22:52:12] /c lukinha i
[03/08/2011 22:54:48] /ghost
[03/08/2011 22:55:17] /goto lukinha i
[03/08/2011 22:55:41] /up
[03/08/2011 22:55:56] /t
[03/08/2011 22:58:09] /ghost
[03/08/2011 22:58:19] /ghost
[03/08/2011 22:58:57] /a
[03/08/2011 22:58:59] /a 2
[03/08/2011 22:59:01] /goto lukinha i
[03/08/2011 22:59:02] /goto lukinha i
[03/08/2011 22:59:26] /t
[03/08/2011 22:59:37] /goto lukinha i
[03/08/2011 23:00:25] /a 2
[03/08/2011 23:00:56] /goto lukinha i
[03/08/2011 23:01:18] /c demon
[03/08/2011 23:01:23] /c demo
[03/08/2011 23:01:27] /goto lukinha i
[03/08/2011 23:01:28] /goto lukinha i
[03/08/2011 23:01:29] /goto lukinha i
[03/08/2011 23:02:09] /t
[03/08/2011 23:23:14] /a 2
[03/08/2011 23:23:18] /a 2
[03/08/2011 23:49:48] /t
[03/08/2011 23:51:35] /t
[03/08/2011 23:51:44] /goto [CM] Bruno
[03/08/2011 23:52:06] /goto [CM] Bruno
[03/08/2011 23:52:13] /t [CM] bruno
[03/08/2011 23:52:56] /goto [CM] Bruno
[03/08/2011 23:56:31] /t
[03/08/2011 23:58:52] /goto skawaa
[04/08/2011 00:03:50] /goto love
[04/08/2011 00:03:59] /a 6
[04/08/2011 00:04:02] /a 6
[04/08/2011 00:04:02] /a 6
[04/08/2011 00:04:02] /a 6
[04/08/2011 00:04:02] /a 6
[04/08/2011 00:04:04] /a 6
[04/08/2011 00:04:07] /a 7
[04/08/2011 00:04:10] /c love
[04/08/2011 00:04:14] /c [CM] bruno
[04/08/2011 00:04:20] /a
[04/08/2011 00:04:20] /a
[04/08/2011 00:04:30] /a
[04/08/2011 00:04:33] /a 3
[04/08/2011 00:04:54] /a
[04/08/2011 00:06:23] /a 2
[04/08/2011 00:07:16] /a 2
[04/08/2011 00:07:48] /a
[04/08/2011 00:09:21] /a 2
[04/08/2011 00:10:01] /t
[04/08/2011 00:11:44] /a 4
[04/08/2011 00:11:57] /t
[04/08/2011 00:13:26] /goto skawaa
[04/08/2011 14:07:01] /t best
[04/08/2011 14:26:13] /t
[04/08/2011 14:26:17] /ghost
[04/08/2011 14:26:49] /ghost
[04/08/2011 14:27:19] /a 20
[04/08/2011 14:27:32] /a 10
[04/08/2011 14:27:36] /a 15
[04/08/2011 14:27:39] /a 16
[04/08/2011 14:30:39] /goto pala eu xavo
[04/08/2011 14:32:16] /a 8
[04/08/2011 14:32:22] /a 2
[04/08/2011 14:34:47] /a 2
[04/08/2011 14:34:55] /c patrick horla
[04/08/2011 14:35:07] /down
[04/08/2011 14:35:10] /a 2
[04/08/2011 14:37:05] /ghost
[04/08/2011 14:38:02] /goto black skull rox
[04/08/2011 14:38:06] /ghost
[04/08/2011 14:39:49] /goto black skull rox
[04/08/2011 14:39:50] /goto black skull rox
[04/08/2011 14:39:51] /goto black skull rox
[04/08/2011 14:39:51] /goto black skull rox
[04/08/2011 14:39:52] /goto black skull rox
[04/08/2011 14:40:17] /t
[04/08/2011 14:41:59] /a 2
[04/08/2011 14:42:16] /a 2
[04/08/2011 14:42:22] /a 6
[04/08/2011 14:42:24] /a 6
[04/08/2011 14:42:31] /t
[04/08/2011 14:45:11] /b ja volto
[04/08/2011 14:48:18] /goto black skull roxc
[04/08/2011 14:48:19] /goto black skull rox
[04/08/2011 14:48:39] /t
[04/08/2011 14:52:41] /ghost
[04/08/2011 14:53:19] /goto black skull rox
[04/08/2011 14:53:21] /t
[04/08/2011 14:53:58] /goto black skull rox
[04/08/2011 14:54:08] /goto black skull rox
[04/08/2011 14:54:38] /goto black skull rox
[04/08/2011 14:57:22] /goto black skull rox
[04/08/2011 15:13:58] /goto black skull rox
[04/08/2011 15:14:06] /goto black skull rox
[04/08/2011 15:14:09] /up 2
[04/08/2011 15:14:15] /up
[04/08/2011 15:14:20] /goto black skull rox
[04/08/2011 15:14:23] /goto black skull rox
[04/08/2011 15:15:30] /ghost
[04/08/2011 15:18:11] /t
[04/08/2011 15:18:25] /a 2
[04/08/2011 15:18:50] /a 10
[04/08/2011 15:19:10] /a 5
[04/08/2011 15:19:13] /a 5
[04/08/2011 15:19:14] /a 5
[04/08/2011 15:19:14] /a 5
[04/08/2011 15:19:16] /a 5
[04/08/2011 15:19:18] /a 5
[04/08/2011 15:19:20] /a 5
[04/08/2011 15:19:22] /a 5
[04/08/2011 15:19:52] /c henrique
[04/08/2011 15:20:13] /t
[04/08/2011 15:22:11] /c Narioni
[04/08/2011 15:22:18] /a 10
[04/08/2011 15:22:20] /a 10
[04/08/2011 15:22:23] /a 10
[04/08/2011 15:22:25] /a 10
[04/08/2011 15:22:56] /t Narioni
[04/08/2011 15:22:57] /t
[04/08/2011 15:23:31] /a 5
[04/08/2011 15:23:32] /a 5
[04/08/2011 15:23:34] /a 5
[04/08/2011 15:23:37] /a 5
[04/08/2011 15:23:43] /up 3
[04/08/2011 15:24:11] /goto pala eu xavo
[04/08/2011 15:24:13] /ghost
[04/08/2011 15:24:44] /ghost
[04/08/2011 15:26:39] /goto pala eu xavo
[04/08/2011 15:27:24] /a 3
[04/08/2011 15:27:28] /a 3
[04/08/2011 15:27:34] /c pala eu xavo
[04/08/2011 15:27:51] /t pala eu xavo
[04/08/2011 15:27:52] /t
[04/08/2011 15:28:57] /ghost
[04/08/2011 15:29:06] /goto pala eu xavo
[04/08/2011 15:29:21] /goto pala eu xavo
[04/08/2011 15:30:03] /goto pala eu xavo
[04/08/2011 16:37:38] /goto pala eu xavo
[04/08/2011 16:38:51] /ghost
[04/08/2011 16:38:52] /ghost
[04/08/2011 16:38:55] /ghost
[04/08/2011 16:38:57] /ghost
[04/08/2011 16:39:33] /a 3
[04/08/2011 16:40:02] /a
[04/08/2011 16:40:16] /t
[04/08/2011 16:40:23] /a 3
[04/08/2011 16:41:37] /goto pala eu xavo
[04/08/2011 16:41:40] /goto pala eu xavo
[04/08/2011 16:42:32] /ghost
[04/08/2011 16:42:34] /ghost
[04/08/2011 16:42:45] /t
[04/08/2011 16:43:17] /c pala eu xavo
[04/08/2011 16:43:20] /goto pala eu xavo
[04/08/2011 16:43:21] /goto pala eu xavo
[04/08/2011 16:44:16] /a 7
[04/08/2011 16:44:16] /a 7
[04/08/2011 16:44:17] /a 7
[04/08/2011 16:44:18] /a 7
[04/08/2011 16:44:19] /a 7
[04/08/2011 16:44:20] /a 7
[04/08/2011 16:44:21] /a 7
[04/08/2011 16:44:21] /a 7
[04/08/2011 16:44:22] /a 7
[04/08/2011 16:44:23] /a 7
[04/08/2011 16:44:25] /a 9
[04/08/2011 16:44:29] /a 9
[04/08/2011 16:44:32] /a 5
[04/08/2011 16:44:35] /a 5
[04/08/2011 16:44:41] /c pala eu xavo
[04/08/2011 16:44:51] /c pala eu xavo
[04/08/2011 16:44:55] /a 7
[04/08/2011 16:45:25] /c pala eu xavo
[04/08/2011 16:45:32] /c pala eu xavo
[04/08/2011 16:45:44] /t
[04/08/2011 16:46:12] /a 20
[04/08/2011 16:46:15] /a 20
[04/08/2011 16:46:21] /a 5
[04/08/2011 16:46:24] /a 7
[04/08/2011 16:46:27] /a 7
[04/08/2011 16:46:28] /a 5
[04/08/2011 16:46:30] /a 5
[04/08/2011 16:46:33] /a 5
[04/08/2011 16:46:36] /a 2
[04/08/2011 16:46:39] /a 2
[04/08/2011 16:48:15] /t
[04/08/2011 16:48:37] /goto pala eu xavo
[04/08/2011 16:48:43] /c 
[04/08/2011 16:48:44] /a
[04/08/2011 16:48:49] /a
[04/08/2011 16:48:52] /a 2
[04/08/2011 16:49:03] /c fui ali
[04/08/2011 16:49:35] /t
[04/08/2011 16:50:37] /a 8
[04/08/2011 16:50:48] /ghost
[04/08/2011 16:50:57] /b voltei com pouko tempo gente
[04/08/2011 16:50:58] /t
[04/08/2011 17:10:03] /ghost
[04/08/2011 17:10:12] /b Qem quise fala cmg vai na casa do barco
[04/08/2011 17:10:14] /b Qem quise fala cmg vai na casa do barco
[04/08/2011 17:10:21] /b pq n vo responde pm
[04/08/2011 17:10:23] /a 8
[04/08/2011 17:10:24] /a 8
[04/08/2011 17:10:24] /a 8
[04/08/2011 17:10:25] /a 8
[04/08/2011 17:10:25] /a 8
[04/08/2011 17:10:28] /up
[04/08/2011 17:10:36] /ghost
[04/08/2011 17:10:46] /b sem mata gente
[04/08/2011 17:11:59] /t
[04/08/2011 17:12:04] /a 20
[04/08/2011 17:12:08] /a 7
[04/08/2011 17:12:14] /a 8
[04/08/2011 17:12:20] /a 9
[04/08/2011 17:12:23] /a 2
[04/08/2011 17:12:49] /a 10
[04/08/2011 17:12:52] /a 10
[04/08/2011 17:13:07] /a 8
[04/08/2011 17:13:11] /a 10
[04/08/2011 17:13:14] /a 10
[04/08/2011 17:14:07] /a 7
[04/08/2011 17:14:22] /c capanga e calmera
[04/08/2011 17:14:27] /c capanga de calmera
[04/08/2011 17:14:43] /c gokuu
[04/08/2011 17:14:58] /a 2
[04/08/2011 17:15:01] /a 6
[04/08/2011 17:15:09] /a 7
[04/08/2011 17:15:13] /a 8
[04/08/2011 17:15:28] /goto capanga de calmera
[04/08/2011 17:15:56] /a 3
[04/08/2011 17:16:31] /a 6
[04/08/2011 17:16:35] /c gokuu
[04/08/2011 17:16:37] /a 3
[04/08/2011 17:17:00] /a 4
[04/08/2011 17:17:02] /a 4
[04/08/2011 17:17:42] /ghost
[04/08/2011 17:17:50] /a 3
[04/08/2011 17:18:06] /a 4
[04/08/2011 17:18:08] /a 4
[04/08/2011 17:18:13] /c gokuu
[04/08/2011 17:18:19] /ghost
[04/08/2011 17:18:31] /a 4
[04/08/2011 17:19:02] /c capamga de calmera
[04/08/2011 17:19:11] /c pala eu xavo
[04/08/2011 17:19:35] /c capamga de calmera
[04/08/2011 17:19:37] /c capamga de calmera
[04/08/2011 17:19:38] /c capamga de calmera
[04/08/2011 17:20:12] /a 6
[04/08/2011 17:20:14] /a 6
[04/08/2011 17:20:15] /a 6
[04/08/2011 17:20:23] /c capamga de calmera
[04/08/2011 17:20:32] /c capanga de calmera
[04/08/2011 17:21:39] /a 3
[04/08/2011 17:22:11] /a 6
[04/08/2011 17:22:15] /c pala eu xavo
[04/08/2011 17:24:27] /goto pala eu xavo
[04/08/2011 17:24:33] /c capanga de calmera
[04/08/2011 17:24:35] /c gokuu
[04/08/2011 17:24:37] /a 3
[04/08/2011 17:24:40] /a 2
[04/08/2011 17:25:16] /a 3
[04/08/2011 17:25:20] /c gokuu
[04/08/2011 17:25:22] /a 3
[04/08/2011 17:25:24] /a 3
[04/08/2011 17:25:30] /c capanga de calmera
[04/08/2011 17:25:31] /a 3
[04/08/2011 17:28:20] /t pala eu xavo
[04/08/2011 17:28:25] /t areawall
[04/08/2011 17:28:29] /t Capanga de Calmera
[04/08/2011 17:28:54] /a 6
[04/08/2011 17:29:05] /c Capanga de Calmera
[04/08/2011 17:29:07] /c pala eu xavo
[04/08/2011 17:29:09] /a 3
[04/08/2011 17:29:45] /a 3
[04/08/2011 17:29:52] /c capanga de calmera
[04/08/2011 17:29:58] /c pala eu xavco
[04/08/2011 17:30:00] /c pala eu xavo
[04/08/2011 17:30:21] /a 3
[04/08/2011 17:31:46] /a 3
[04/08/2011 17:33:11] /t
[04/08/2011 17:33:46] /info pala eu xavo
[04/08/2011 17:34:44] /goto gokuu
[04/08/2011 17:34:58] /a 30
[04/08/2011 17:35:05] /a 20
[04/08/2011 17:35:09] /a 10
[04/08/2011 17:35:12] /a 7
[04/08/2011 17:35:15] /a 3
[04/08/2011 17:35:17] /a 6
[04/08/2011 17:35:21] /a 5
[04/08/2011 17:37:20] /a 7
[04/08/2011 17:37:21] /a 7
[04/08/2011 17:37:22] /a 7
[04/08/2011 17:37:23] /a 7
[04/08/2011 17:37:25] /a 20
[04/08/2011 17:37:28] /a 20
[04/08/2011 17:37:42] /t
[04/08/2011 17:37:55] /goto pala eu xavo
[04/08/2011 17:38:27] /goto pala eu xavo
[04/08/2011 17:38:44] /goto pala eu xavo
[04/08/2011 17:39:55] /c pala eu xavo
[04/08/2011 17:40:07] /goto pala eu xavo
[04/08/2011 17:40:08] /goto pala eu xavo
[04/08/2011 17:40:09] /goto pala eu xavo
[04/08/2011 17:40:12] /goto pala eu xavo
[04/08/2011 17:40:13] /goto pala eu xavo
[04/08/2011 17:40:15] /goto pala eu xavo
[04/08/2011 17:40:18] /goto pala eu xavo
[04/08/2011 17:40:19] /goto pala eu xavo
[04/08/2011 17:40:20] /goto pala eu xavo
[04/08/2011 17:40:21] /goto pala eu xavo
[04/08/2011 17:40:23] /goto pala eu xavo
[04/08/2011 17:40:34] /c pala eu xavo
[04/08/2011 17:40:57] /c pala eu xavo
[04/08/2011 17:41:06] /a 7
[04/08/2011 17:41:55] /goto pala eu xavo
[04/08/2011 17:41:57] /goto pala eu xavo
[04/08/2011 17:41:59] /goto pala eu xavo
[04/08/2011 17:43:18] /goto pala eu xavo
[04/08/2011 17:43:19] /goto pala eu xavo
[04/08/2011 17:43:22] /goto pala eu xavo
[04/08/2011 17:43:22] /goto pala eu xavo
[04/08/2011 17:43:23] /goto pala eu xavo
[04/08/2011 17:43:23] /goto pala eu xavo
[04/08/2011 17:43:27] /a 9
[04/08/2011 17:43:32] /goto pala eu xavo
[04/08/2011 17:43:35] /goto pala eu xavo
[04/08/2011 17:43:36] /goto pala eu xavo
[04/08/2011 17:43:36] /goto pala eu xavo
[04/08/2011 17:43:40] /goto pala eu xavo
[04/08/2011 17:43:40] /goto pala eu xavo
[04/08/2011 17:43:41] /goto pala eu xavo
[04/08/2011 17:43:41] /goto pala eu xavo
[04/08/2011 17:43:42] /goto pala eu xavo
[04/08/2011 17:43:43] /goto pala eu xavo
[04/08/2011 17:44:02] /goto pala eu xavo
[04/08/2011 17:44:03] /goto pala eu xavo
[04/08/2011 17:44:04] /goto pala eu xavo
[04/08/2011 17:44:04] /goto pala eu xavo
[04/08/2011 17:44:04] /goto pala eu xavo
[04/08/2011 17:44:05] /goto pala eu xavo
[04/08/2011 17:44:06] /goto pala eu xavo
[04/08/2011 17:44:08] /goto pala eu xavo
[04/08/2011 17:44:09] /goto pala eu xavo
[04/08/2011 17:44:09] /goto pala eu xavo
[04/08/2011 17:44:10] /goto pala eu xavo
[04/08/2011 17:44:10] /goto pala eu xavo
[04/08/2011 17:44:10] /goto pala eu xavo
[04/08/2011 17:44:11] /goto pala eu xavo
[04/08/2011 17:44:14] /goto pala eu xavo
[04/08/2011 17:44:35] /a 9
[04/08/2011 17:44:39] /a 4
[04/08/2011 17:46:05] /goto pala eu xavo
[04/08/2011 17:46:08] /goto pala eu xavo
[04/08/2011 17:46:10] /goto pala eu xavo
[04/08/2011 17:46:29] /up
[04/08/2011 17:46:32] /c pala eu xavo
[04/08/2011 17:46:57] /goto pala eu xavo
[04/08/2011 17:48:34] /goto pala eu xavo
[04/08/2011 17:48:45] /goto pala eu xavo
[04/08/2011 17:48:54] /goto pala eu xavo
[04/08/2011 17:48:57] /goto pala eu xavo
[04/08/2011 17:48:59] /goto pala eu xavo
[04/08/2011 17:49:01] /goto pala eu xavo
[04/08/2011 17:49:42] /goto pala eu xavo
[04/08/2011 17:50:56] /goto pala eu xavo
[04/08/2011 17:51:00] /goto pala eu xavo
[04/08/2011 17:51:12] /c pala eu xavo
[04/08/2011 17:51:14] /goto pala eu xavo
[04/08/2011 17:51:14] /goto pala eu xavo
[04/08/2011 17:51:15] /goto pala eu xavo
[04/08/2011 17:51:17] /goto pala eu xavo
[04/08/2011 17:51:22] /t
[04/08/2011 17:51:29] /goto pala eu xavo
[04/08/2011 17:51:36] /c pala eu xavo
[04/08/2011 17:51:37] /goto pala eu xavo
[04/08/2011 17:51:37] /goto pala eu xavo
[04/08/2011 17:54:14] /goto skawaa
[04/08/2011 17:54:40] /up
[04/08/2011 17:56:07] /goto shadow
[04/08/2011 17:56:15] /goto kikiki
[04/08/2011 20:30:32] /t
[04/08/2011 20:33:56] /ghost
[04/08/2011 20:34:04] /goto Lukinha I
[04/08/2011 20:34:21] /a 8
[04/08/2011 20:34:22] /a 8
[04/08/2011 20:34:22] /a 8
[04/08/2011 20:34:23] /a 8
[04/08/2011 20:34:25] /a 8
[04/08/2011 20:34:37] /a 7
[04/08/2011 20:34:46] /a 10
[04/08/2011 20:34:59] /c lukinha i
[04/08/2011 20:35:15] /ghost
[04/08/2011 20:35:34] /a 3
[04/08/2011 20:35:39] /a 3
[04/08/2011 20:35:42] /c lukinha i
[04/08/2011 20:35:45] /goto Lukinha I
[04/08/2011 20:35:45] /goto Lukinha I
[04/08/2011 20:35:47] /goto Lukinha I
[04/08/2011 20:35:48] /goto Lukinha I
[04/08/2011 20:35:49] /goto Lukinha I
[04/08/2011 20:35:49] /goto Lukinha I
[04/08/2011 20:35:51] /goto Lukinha I
[04/08/2011 20:35:51] /goto Lukinha I
[04/08/2011 20:35:52] /goto Lukinha I
[04/08/2011 20:35:53] /goto Lukinha I
[04/08/2011 20:35:54] /goto Lukinha I
[04/08/2011 20:35:55] /goto Lukinha I
[04/08/2011 20:35:59] /goto Lukinha I
[04/08/2011 20:36:01] /goto Lukinha I
[04/08/2011 20:36:03] /goto Lukinha I
[04/08/2011 20:36:04] /goto Lukinha I
[04/08/2011 20:36:06] /goto Lukinha I
[04/08/2011 20:36:07] /goto Lukinha I
[04/08/2011 20:36:07] /goto Lukinha I
[04/08/2011 20:36:13] /goto Lukinha I
[04/08/2011 20:36:14] /goto Lukinha I
[04/08/2011 20:36:15] /goto Lukinha I
[04/08/2011 20:36:16] /goto Lukinha I
[04/08/2011 20:36:18] /goto Lukinha I
[04/08/2011 20:36:19] /goto Lukinha I
[04/08/2011 20:36:20] /goto Lukinha I
[04/08/2011 20:36:21] /goto Lukinha I
[04/08/2011 20:36:21] /goto Lukinha I
[04/08/2011 20:36:22] /goto Lukinha I
[04/08/2011 20:36:22] /goto Lukinha I
[04/08/2011 20:36:22] /goto Lukinha I
[04/08/2011 20:36:22] /goto Lukinha I
[04/08/2011 20:36:22] /goto Lukinha I
[04/08/2011 20:36:22] /goto Lukinha I
[04/08/2011 20:36:22] /goto Lukinha I
[04/08/2011 20:36:22] /goto Lukinha I
[04/08/2011 20:36:22] /goto Lukinha I
[04/08/2011 20:36:22] /goto Lukinha I
[04/08/2011 20:36:46] /goto Lukinha I
[04/08/2011 20:36:48] /goto Lukinha I
[04/08/2011 20:36:49] /goto Lukinha I
[04/08/2011 20:36:50] /goto Lukinha I
[04/08/2011 20:36:52] /goto Lukinha I
[04/08/2011 20:37:08] /goto Lukinha I
[06/08/2011 13:11:34] /t
[06/08/2011 13:11:43] /b voltei gm
[06/08/2011 13:12:12] /ghost
[06/08/2011 13:12:20] /a 20
[06/08/2011 13:12:23] /a 20
[06/08/2011 13:12:26] /a 15
[06/08/2011 13:12:29] /a 7
[06/08/2011 13:12:36] /info [hoster] jean
[06/08/2011 13:14:19] /goto jose knight
[06/08/2011 13:14:29] /c jose knight
[06/08/2011 13:15:32] /ghost
[06/08/2011 13:16:57] /t
[06/08/2011 13:17:29] /goto patrick horla
[06/08/2011 13:17:33] /goto lukinha i
[06/08/2011 13:20:21] /a
[06/08/2011 13:20:24] /a 6
[06/08/2011 13:20:28] /t
[06/08/2011 13:21:25] /goto patrick horla
[06/08/2011 13:24:34] /b ja volto
[06/08/2011 13:25:17] /b gente ja volto
[06/08/2011 13:28:28] /ghost
[06/08/2011 13:29:32] /a 2
[06/08/2011 13:30:08] /t
[06/08/2011 13:30:26] /goto lukinha i
[06/08/2011 13:30:34] /ghost
[06/08/2011 13:31:07] /a 2
[06/08/2011 13:31:09] /a 2
[06/08/2011 13:31:57] /goto druid master
[06/08/2011 13:36:19] /a 20
[06/08/2011 13:36:23] /a 13
[06/08/2011 13:36:28] /a 7
[06/08/2011 13:36:32] /a 5
[06/08/2011 13:37:19] /a 2
[06/08/2011 13:37:24] /c stay crazy
[06/08/2011 13:37:48] /c patrick horla
[06/08/2011 13:37:52] /c patrick horla
[06/08/2011 13:38:01] /c patrick horla
[06/08/2011 13:42:12] /c patrick horla
[06/08/2011 13:44:22] /goto patrick horl
[06/08/2011 13:44:25] /goto patrick horla
[06/08/2011 13:45:05] /b afk 
[06/08/2011 13:45:47] /ghost
[06/08/2011 13:45:57] /a 4
[06/08/2011 13:45:59] /a 4
[06/08/2011 13:54:15] /ghost
[06/08/2011 13:58:35] /t
[06/08/2011 13:58:41] /goto druid master
[06/08/2011 13:59:16] /t
[06/08/2011 13:59:24] /a 20
[06/08/2011 13:59:25] /a 20
[06/08/2011 13:59:25] /a 20
[06/08/2011 13:59:27] /a 5
[06/08/2011 13:59:29] /a 5
[06/08/2011 13:59:34] /c druid master
[06/08/2011 14:02:02] /t
[06/08/2011 14:02:42] /down
[06/08/2011 14:04:33] /t boneco ...
[06/08/2011 14:04:37] /t
[06/08/2011 14:04:42] /c druid master
[06/08/2011 14:05:48] /a 2
[06/08/2011 14:05:57] /goto pala eu xavo
[06/08/2011 14:07:45] /goto Legends
[06/08/2011 14:07:56] /a 2
[06/08/2011 14:07:59] /a 7
[06/08/2011 14:08:02] /up
[06/08/2011 14:08:19] /goto Legends
[06/08/2011 14:12:00] /t
