[09/06/2011 19:05:47] /ghost
[09/06/2011 19:05:56] /goto Supremo Druid
[09/06/2011 19:06:16] /goto Supremo Druid
[09/06/2011 19:07:34] /a 3
[09/06/2011 19:18:42] /t
[09/06/2011 19:19:41] /a 50
[09/06/2011 19:19:53] /t
[09/06/2011 19:20:40] /a 1
[09/06/2011 19:20:44] /a 2
[09/06/2011 19:20:48] /a 2
[09/06/2011 19:20:59] /a 1
[09/06/2011 19:21:44] /c supreme druid
[09/06/2011 19:21:52] /c supremo druid
[09/06/2011 19:23:17] /goto supremo druid
[09/06/2011 19:23:33] /goto monster
[09/06/2011 19:23:51] /goto monster
[09/06/2011 19:23:53] /goto monster
[09/06/2011 19:23:59] /goto monster
[09/06/2011 19:24:05] /goto monster
[09/06/2011 19:24:06] /goto monster
[09/06/2011 19:24:08] /goto monster
[09/06/2011 19:24:10] /goto monster
[09/06/2011 19:24:48] /ghost
[09/06/2011 19:25:02] /ghost
[09/06/2011 19:25:12] /goto monster
[09/06/2011 19:25:34] /goto mlk point
[09/06/2011 19:25:40] /goto mlk do point
[09/06/2011 19:25:43] /goto mlk do point
[09/06/2011 19:25:59] /t
[09/06/2011 19:26:34] /t
[09/06/2011 19:28:46] /b parei de fla com ele
[09/06/2011 19:29:03] /ghost
[09/06/2011 19:31:59] /ghost
[09/06/2011 19:38:31] /goto demon lord
[09/06/2011 19:38:37] /a 1
[09/06/2011 19:38:42] /a 1
[09/06/2011 19:38:44] /a 1
[09/06/2011 19:40:28] /c bruno
[09/06/2011 19:44:00] /t
[09/06/2011 19:45:12] /a 2
[09/06/2011 19:45:26] /c midukann
[09/06/2011 19:45:30] /t
[09/06/2011 19:57:16] /goto mlk do point
[10/06/2011 10:28:03] /goto Layosz
[10/06/2011 10:28:20] /c demon lord
[10/06/2011 10:29:48] /goto hercules
[10/06/2011 10:30:48] /a 10
[10/06/2011 10:30:51] /a 10
[10/06/2011 10:30:55] /a 10
[10/06/2011 10:31:02] /a 10
[10/06/2011 10:50:52] /t
[10/06/2011 10:51:17] /goto Epic Freezer
[10/06/2011 10:53:00] /t
[10/06/2011 10:55:33] /a 10
[10/06/2011 10:55:37] /a 10
[10/06/2011 10:55:43] /a 9
[10/06/2011 10:55:52] /a 2
[10/06/2011 10:55:57] /a 8
[10/06/2011 10:56:06] /a 1
[10/06/2011 10:56:08] /t
[10/06/2011 10:57:32] /goto clasus
[10/06/2011 10:58:09] /a 2
[10/06/2011 10:58:15] /c alemao
[10/06/2011 10:59:01] /goto clasus
[10/06/2011 10:59:39] /c alemao
[10/06/2011 11:08:27] /c alemao
[10/06/2011 11:09:32] /goto Ultimate Devil
[10/06/2011 11:09:59] /c alemao
[10/06/2011 11:10:20] /c alemao
[10/06/2011 11:10:33] /goto alemao
[10/06/2011 11:13:12] /c Mlk Do Point
[10/06/2011 11:14:00] /c Mlk Do Point
[10/06/2011 11:15:30] /a 10
[10/06/2011 11:16:15] /c Mlk Do Point
[10/06/2011 11:17:24] /c alemao
[10/06/2011 11:17:35] /t Alemao
[10/06/2011 11:17:41] /c loocker
[10/06/2011 15:46:17] /t
[10/06/2011 15:49:10] /b Uh pula aê, deixa o caldeirão ferver
[10/06/2011 15:49:36] /b Uh pula aê, deixa o caldeirão ferver
[10/06/2011 15:53:17] /b vo sai dps volto
[10/06/2011 21:09:17] /goto clasus
[13/06/2011 12:13:47] /a 10
[13/06/2011 12:14:01] /a 20
[13/06/2011 12:14:27] /a 1
[13/06/2011 12:14:28] /a 1
[13/06/2011 12:14:28] /a 1
[13/06/2011 12:14:28] /a 1
[13/06/2011 12:14:28] /a 1
[13/06/2011 12:14:28] /a 1
[13/06/2011 12:14:28] /a 1
[13/06/2011 12:14:28] /a 1
[13/06/2011 12:14:28] /a 1
[13/06/2011 12:14:28] /a 1
[13/06/2011 12:14:28] /a 1
[13/06/2011 12:14:28] /a 1
[13/06/2011 12:14:28] /a 1
[13/06/2011 12:14:28] /a 1
[13/06/2011 12:14:28] /a 1
[13/06/2011 12:14:28] /a 1
[13/06/2011 12:14:29] /a 1
[13/06/2011 12:14:29] /a 1
[13/06/2011 12:14:29] /a 1
[13/06/2011 12:14:29] /a 1
[13/06/2011 12:14:29] /a 1
[13/06/2011 12:14:29] /a 1
[13/06/2011 12:14:29] /a 1
[13/06/2011 12:14:29] /a 1
[13/06/2011 12:14:29] /a 1
[13/06/2011 12:14:29] /a 1
[13/06/2011 12:14:29] /a 1
[13/06/2011 12:14:29] /a 1
[13/06/2011 12:14:29] /a 1
[13/06/2011 12:14:30] /a 1
[13/06/2011 12:14:30] /a 1
[13/06/2011 12:14:30] /a 1
[13/06/2011 12:14:30] /a 1
[13/06/2011 12:14:30] /a 1
[13/06/2011 12:14:30] /a 1
[13/06/2011 12:14:30] /a 1
[13/06/2011 12:14:30] /a 1
[13/06/2011 12:14:30] /a 1
[13/06/2011 12:14:30] /a 1
[13/06/2011 12:14:31] /a 1
[13/06/2011 12:14:31] /a 1
[13/06/2011 12:14:31] /a 1
[13/06/2011 12:14:31] /a 1
[13/06/2011 12:14:31] /a 1
[13/06/2011 12:14:33] /a 1
[13/06/2011 12:14:33] /a 1
[13/06/2011 12:14:33] /a 1
[13/06/2011 12:14:33] /a 1
[13/06/2011 12:14:33] /a 1
[13/06/2011 12:14:33] /a 1
[13/06/2011 12:14:33] /a 1
[13/06/2011 12:14:33] /a 1
[13/06/2011 12:14:33] /a 1
[13/06/2011 12:14:33] /a 1
[13/06/2011 12:14:33] /a 1
[13/06/2011 12:14:33] /a 1
[13/06/2011 12:14:33] /a 1
[13/06/2011 12:14:33] /a 1
[13/06/2011 12:14:33] /a 1
[13/06/2011 12:14:33] /a 1
[13/06/2011 12:14:33] /a 1
[13/06/2011 12:14:33] /a 1
[13/06/2011 12:14:33] /a 1
[13/06/2011 12:14:33] /a 1
[13/06/2011 12:14:33] /a 1
[13/06/2011 12:14:33] /a 1
[13/06/2011 12:14:33] /a 1
[13/06/2011 12:14:33] /a 1
[13/06/2011 12:14:33] /a 1
[13/06/2011 12:14:33] /a 1
[13/06/2011 12:14:33] /a 1
[13/06/2011 12:14:33] /a 1
[13/06/2011 12:14:33] /a 1
[13/06/2011 12:14:37] /a 1
[13/06/2011 12:14:37] /a 1
[13/06/2011 12:14:37] /a 1
[13/06/2011 12:14:37] /a 1
[13/06/2011 12:14:37] /a 1
[13/06/2011 12:14:37] /a 1
[13/06/2011 12:14:37] /a 1
[13/06/2011 12:14:38] /a 1
[13/06/2011 12:14:38] /a 1
[13/06/2011 12:14:38] /a 1
[13/06/2011 12:14:38] /a 1
[13/06/2011 12:14:38] /a 1
[13/06/2011 12:14:38] /a 1
[13/06/2011 12:14:38] /a 1
[13/06/2011 12:14:39] /a 1
[13/06/2011 12:14:39] /a 1
[13/06/2011 12:14:39] /a 1
[13/06/2011 12:14:39] /a 1
[13/06/2011 12:14:39] /a 1
[13/06/2011 12:14:39] /a 1
[13/06/2011 12:14:39] /a 1
[13/06/2011 12:14:39] /a 1
[13/06/2011 12:14:39] /a 1
[13/06/2011 12:14:39] /a 1
[13/06/2011 12:14:39] /a 1
[13/06/2011 12:14:39] /a 1
[13/06/2011 12:14:39] /a 1
[13/06/2011 12:14:39] /a 1
[13/06/2011 12:14:39] /a 1
[13/06/2011 12:14:39] /a 1
[13/06/2011 12:14:39] /a 1
[13/06/2011 12:14:39] /a 1
[13/06/2011 12:14:39] /a 1
[13/06/2011 12:14:39] /a 1
[13/06/2011 12:14:39] /a 1
[13/06/2011 12:14:39] /a 1
[13/06/2011 12:14:39] /a 1
[13/06/2011 12:14:39] /a 1
[13/06/2011 12:14:39] /a 1
[13/06/2011 12:14:39] /a 1
[13/06/2011 12:14:39] /a 1
[13/06/2011 12:14:39] /a 1
[13/06/2011 12:14:39] /a 1
[13/06/2011 12:14:39] /a 1
[13/06/2011 12:14:40] /a 1
[13/06/2011 12:14:40] /a 1
[13/06/2011 12:14:40] /a 1
[13/06/2011 12:14:40] /a 1
[13/06/2011 12:14:40] /a 1
[13/06/2011 12:14:40] /a 1
[13/06/2011 12:14:40] /a 1
[13/06/2011 12:14:40] /a 1
[13/06/2011 12:14:40] /a 1
[13/06/2011 12:14:40] /a 1
[13/06/2011 12:14:40] /a 1
[13/06/2011 12:14:40] /a 1
[13/06/2011 12:14:40] /a 1
[13/06/2011 12:14:40] /a 1
[13/06/2011 12:14:40] /a 1
[13/06/2011 12:14:41] /a 1
[13/06/2011 12:14:41] /a 1
[13/06/2011 12:14:41] /a 1
[13/06/2011 12:14:41] /a 1
[13/06/2011 12:14:41] /a 1
[13/06/2011 12:14:41] /a 1
[13/06/2011 12:14:41] /a 1
[13/06/2011 12:14:41] /a 1
[13/06/2011 12:14:41] /a 1
[13/06/2011 12:14:41] /a 1
[13/06/2011 12:14:41] /a 1
[13/06/2011 12:14:42] /a 1
[13/06/2011 12:14:42] /a 1
[13/06/2011 12:14:42] /a 1
[13/06/2011 12:14:42] /a 1
[13/06/2011 12:14:42] /a 1
[13/06/2011 12:14:42] /a 1
[13/06/2011 12:14:42] /a 1
[13/06/2011 12:14:42] /a 1
[13/06/2011 12:14:42] /a 1
[13/06/2011 12:14:42] /a 1
[13/06/2011 12:14:42] /a 1
[13/06/2011 12:14:42] /a 1
[13/06/2011 12:14:42] /a 1
[13/06/2011 12:14:42] /a 1
[13/06/2011 12:14:42] /a 1
[13/06/2011 12:14:42] /a 1
[13/06/2011 12:14:42] /a 1
[13/06/2011 12:14:42] /a 1
[13/06/2011 12:14:42] /a 1
[13/06/2011 12:14:42] /a 1
[13/06/2011 12:14:43] /a 1
[13/06/2011 12:14:43] /a 1
[13/06/2011 12:14:43] /a 1
[13/06/2011 12:14:43] /a 1
[13/06/2011 12:14:43] /a 1
[13/06/2011 12:14:43] /a 1
[13/06/2011 12:14:43] /a 1
[13/06/2011 12:14:43] /a 1
[13/06/2011 12:14:43] /a 1
[13/06/2011 12:14:43] /a 1
[13/06/2011 12:14:43] /a 1
[13/06/2011 12:14:43] /a 1
[13/06/2011 12:14:43] /a 1
[13/06/2011 12:14:43] /a 1
[13/06/2011 12:14:43] /a 1
[13/06/2011 12:14:43] /a 1
[13/06/2011 12:14:43] /a 1
[13/06/2011 12:14:43] /a 1
[13/06/2011 12:14:44] /a 1
[13/06/2011 12:14:44] /a 1
[13/06/2011 12:14:44] /a 1
[13/06/2011 12:14:44] /a 1
[13/06/2011 12:14:44] /a 1
[13/06/2011 12:14:44] /a 1
[13/06/2011 12:14:44] /a 1
[13/06/2011 12:14:44] /a 1
[13/06/2011 12:14:44] /a 1
[13/06/2011 12:14:44] /a 1
[13/06/2011 12:14:44] /a 1
[13/06/2011 12:14:44] /a 1
[13/06/2011 12:14:44] /a 1
[13/06/2011 12:14:44] /a 1
[13/06/2011 12:14:44] /a 1
[13/06/2011 12:14:44] /a 1
[13/06/2011 12:14:45] /a 1
[13/06/2011 12:14:45] /a 1
[13/06/2011 12:14:45] /a 1
[13/06/2011 12:14:45] /a 1
[13/06/2011 12:14:45] /a 1
[13/06/2011 12:14:45] /a 1
[13/06/2011 12:14:45] /a 1
[13/06/2011 12:14:45] /a 1
[13/06/2011 12:14:45] /a 1
[13/06/2011 12:14:45] /a 1
[13/06/2011 12:14:45] /a 1
[13/06/2011 12:14:45] /a 1
[13/06/2011 12:14:45] /a 1
[13/06/2011 12:14:45] /a 1
[13/06/2011 12:14:45] /a 1
[13/06/2011 12:14:45] /a 1
[13/06/2011 12:14:47] /a 1
[13/06/2011 12:14:48] /a 1
[13/06/2011 12:14:48] /a 1
[13/06/2011 12:14:48] /a 1
[13/06/2011 12:14:48] /a 1
[13/06/2011 12:14:48] /a 1
[13/06/2011 12:14:48] /a 1
[13/06/2011 12:14:48] /a 1
[13/06/2011 12:14:48] /a 1
[13/06/2011 12:14:48] /a 1
[13/06/2011 12:14:48] /a 1
[13/06/2011 12:14:48] /a 1
[13/06/2011 12:14:48] /a 1
[13/06/2011 12:14:48] /a 1
[13/06/2011 12:14:49] /a 1
[13/06/2011 12:14:49] /a 1
[13/06/2011 12:14:49] /a 1
[13/06/2011 12:14:49] /a 1
[13/06/2011 12:14:49] /a 1
[13/06/2011 12:14:49] /a 1
[13/06/2011 12:14:49] /a 1
[13/06/2011 12:14:49] /a 1
[13/06/2011 12:14:49] /a 1
[13/06/2011 12:14:49] /a 1
[13/06/2011 12:14:49] /a 1
[13/06/2011 12:14:49] /a 1
[13/06/2011 12:14:49] /a 1
[13/06/2011 12:14:49] /a 1
[13/06/2011 12:14:49] /a 1
[13/06/2011 12:14:50] /a 1
[13/06/2011 12:14:50] /a 1
[13/06/2011 12:14:50] /a 1
[13/06/2011 12:14:50] /a 1
[13/06/2011 12:14:50] /a 1
[13/06/2011 12:14:50] /a 1
[13/06/2011 12:14:50] /a 1
[13/06/2011 12:14:50] /a 1
[13/06/2011 12:14:50] /a 1
[13/06/2011 12:14:50] /a 1
[13/06/2011 12:14:50] /a 1
[13/06/2011 12:14:50] /a 1
[13/06/2011 12:14:50] /a 1
[13/06/2011 12:14:50] /a 1
[13/06/2011 12:14:50] /a 1
[13/06/2011 12:14:50] /a 1
[13/06/2011 12:14:50] /a 1
[13/06/2011 12:14:50] /a 1
[13/06/2011 12:14:50] /a 1
[13/06/2011 12:14:50] /a 1
[13/06/2011 12:14:50] /a 1
[13/06/2011 12:14:51] /a 1
[13/06/2011 12:14:51] /a 1
[13/06/2011 12:14:51] /a 1
[13/06/2011 12:14:51] /a 1
[13/06/2011 12:14:51] /a 1
[13/06/2011 12:14:51] /a 1
[13/06/2011 12:14:51] /a 1
[13/06/2011 12:14:51] /a 1
[13/06/2011 12:14:51] /a 1
[13/06/2011 12:14:51] /a 1
[13/06/2011 12:14:51] /a 1
[13/06/2011 12:14:51] /a 1
[13/06/2011 12:14:51] /a 1
[13/06/2011 12:14:51] /a 1
[13/06/2011 12:14:54] /a 1
[13/06/2011 12:14:54] /a 1
[13/06/2011 12:14:54] /a 1
[13/06/2011 12:14:54] /a 1
[13/06/2011 12:14:54] /a 1
[13/06/2011 12:14:54] /a 1
[13/06/2011 12:14:54] /a 1
[13/06/2011 12:14:54] /a 1
[13/06/2011 12:14:54] /a 1
[13/06/2011 12:14:54] /a 1
[13/06/2011 12:14:54] /a 1
[13/06/2011 12:14:54] /a 1
[13/06/2011 12:14:54] /a 1
[13/06/2011 12:14:54] /a 1
[13/06/2011 12:14:54] /a 1
[13/06/2011 12:14:54] /a 1
[13/06/2011 12:14:54] /a 1
[13/06/2011 12:14:54] /a 1
[13/06/2011 12:14:54] /a 1
[13/06/2011 12:14:54] /a 1
[13/06/2011 12:14:54] /a 1
[13/06/2011 12:14:54] /a 1
[13/06/2011 12:14:54] /a 1
[13/06/2011 12:14:54] /a 1
[13/06/2011 12:14:54] /a 1
[13/06/2011 12:14:54] /a 1
[13/06/2011 12:15:01] /a 2
[13/06/2011 12:15:02] /a 2
[13/06/2011 12:15:02] /a 2
[13/06/2011 12:15:02] /a 2
[13/06/2011 12:15:02] /a 2
[13/06/2011 12:15:03] /a 2
[13/06/2011 12:15:03] /a 2
[13/06/2011 12:15:03] /a 2
[13/06/2011 12:15:03] /a 2
[13/06/2011 12:15:03] /a 2
[13/06/2011 12:15:03] /a 2
[13/06/2011 12:15:03] /a 2
[13/06/2011 12:15:03] /a 2
[13/06/2011 12:15:03] /a 2
[13/06/2011 12:15:03] /a 2
[13/06/2011 12:15:03] /a 2
[13/06/2011 12:15:03] /a 2
[13/06/2011 12:15:03] /a 2
[13/06/2011 12:15:03] /a 2
[13/06/2011 12:15:03] /a 2
[13/06/2011 12:15:03] /a 2
[13/06/2011 12:15:03] /a 2
[13/06/2011 12:15:03] /a 2
[13/06/2011 12:15:03] /a 2
[13/06/2011 12:15:04] /a 2
[13/06/2011 12:15:04] /a 2
[13/06/2011 12:15:04] /a 2
[13/06/2011 12:15:04] /a 2
[13/06/2011 12:15:04] /a 2
[13/06/2011 12:15:04] /a 2
[13/06/2011 12:15:04] /a 2
[13/06/2011 12:15:04] /a 2
[13/06/2011 12:15:04] /a 2
[13/06/2011 12:15:04] /a 2
[13/06/2011 12:15:05] /a 2
[13/06/2011 12:15:05] /a 2
[13/06/2011 12:15:05] /a 2
[13/06/2011 12:15:05] /a 2
[13/06/2011 12:15:05] /a 2
[13/06/2011 12:15:05] /a 2
[13/06/2011 12:15:05] /a 2
[13/06/2011 12:15:05] /a 2
[13/06/2011 12:15:05] /a 2
[13/06/2011 12:15:05] /a 2
[13/06/2011 12:15:06] /a 2
[13/06/2011 12:15:06] /a 2
[13/06/2011 12:15:06] /a 2
[13/06/2011 12:15:06] /a 2
[13/06/2011 12:15:06] /a 2
[13/06/2011 12:15:06] /a 2
[13/06/2011 12:15:06] /a 2
[13/06/2011 12:15:06] /a 2
[13/06/2011 12:15:06] /a 2
[13/06/2011 12:15:06] /a 2
[13/06/2011 12:15:06] /a 2
[13/06/2011 12:15:06] /a 2
[13/06/2011 12:15:06] /a 2
[13/06/2011 12:15:06] /a 2
[13/06/2011 12:15:06] /a 2
[13/06/2011 12:15:06] /a 2
[13/06/2011 12:15:06] /a 2
[13/06/2011 12:15:06] /a 2
[13/06/2011 12:15:06] /a 2
[13/06/2011 12:15:06] /a 2
[13/06/2011 12:15:06] /a 2
[13/06/2011 12:15:07] /a 2
[13/06/2011 12:15:07] /a 2
[13/06/2011 12:15:07] /a 2
[13/06/2011 12:15:07] /a 2
[13/06/2011 12:15:07] /a 2
[13/06/2011 12:15:07] /a 2
[13/06/2011 12:15:07] /a 2
[13/06/2011 12:15:08] /a 2
[13/06/2011 12:15:09] /a 2
[13/06/2011 12:15:09] /a 2
[13/06/2011 12:15:09] /a 2
[13/06/2011 12:15:09] /a 2
[13/06/2011 12:15:09] /a 2
[13/06/2011 12:15:09] /a 2
[13/06/2011 12:15:09] /a 2
[13/06/2011 12:15:09] /a 2
[13/06/2011 12:15:09] /a 2
[13/06/2011 12:15:09] /a 2
[13/06/2011 12:15:09] /a 2
[13/06/2011 12:15:10] /a 2
[13/06/2011 12:15:10] /a 2
[13/06/2011 12:15:10] /a 2
[13/06/2011 12:15:10] /a 2
[13/06/2011 12:15:10] /a 2
[13/06/2011 12:15:10] /a 2
[13/06/2011 12:15:10] /a 2
[13/06/2011 12:15:10] /a 2
[13/06/2011 12:15:10] /a 2
[13/06/2011 12:15:10] /a 2
[13/06/2011 12:15:10] /a 2
[13/06/2011 12:15:10] /a 2
[13/06/2011 12:15:10] /a 2
[13/06/2011 12:15:10] /a 2
[13/06/2011 12:15:10] /a 2
[13/06/2011 12:15:10] /a 2
[13/06/2011 12:15:10] /a 2
[13/06/2011 12:15:10] /a 2
[13/06/2011 12:15:10] /a 2
[13/06/2011 12:15:10] /a 2
[13/06/2011 12:15:10] /a 2
[13/06/2011 12:15:10] /a 2
[13/06/2011 12:15:10] /a 2
[13/06/2011 12:15:10] /a 2
[13/06/2011 12:15:10] /a 2
[13/06/2011 12:15:10] /a 2
[13/06/2011 12:15:10] /a 2
[13/06/2011 12:15:11] /a 2
[13/06/2011 12:15:11] /a 2
[13/06/2011 12:15:12] /a 2
[13/06/2011 12:15:12] /a 2
[13/06/2011 12:15:12] /a 2
[13/06/2011 12:15:12] /a 2
[13/06/2011 12:15:12] /a 2
[13/06/2011 12:15:12] /a 2
[13/06/2011 12:15:12] /a 2
[13/06/2011 12:15:12] /a 2
[13/06/2011 12:15:12] /a 2
[13/06/2011 12:15:12] /a 2
[13/06/2011 12:15:12] /a 2
[13/06/2011 12:15:12] /a 2
[13/06/2011 12:15:12] /a 2
[13/06/2011 12:15:13] /a 2
[13/06/2011 12:15:13] /a 2
[13/06/2011 12:15:13] /a 2
[13/06/2011 12:15:13] /a 2
[13/06/2011 12:15:13] /a 2
[13/06/2011 12:15:13] /a 2
[13/06/2011 12:15:14] /a 2
[13/06/2011 12:15:14] /a 2
[13/06/2011 12:15:15] /a 2
[13/06/2011 12:15:15] /a 2
[13/06/2011 12:15:15] /a 2
[13/06/2011 12:15:15] /a 2
[13/06/2011 12:15:15] /a 2
[13/06/2011 12:15:15] /a 2
[13/06/2011 12:15:15] /a 2
[13/06/2011 12:15:15] /a 2
[13/06/2011 12:15:15] /a 2
[13/06/2011 12:15:15] /a 2
[13/06/2011 12:15:16] /a 2
[13/06/2011 12:15:16] /a 2
[13/06/2011 12:15:16] /a 2
[13/06/2011 12:15:16] /a 2
[13/06/2011 12:15:17] /a 2
[13/06/2011 12:15:18] /a 2
[13/06/2011 12:15:18] /a 2
[13/06/2011 12:15:18] /a 2
[13/06/2011 12:15:18] /a 2
[13/06/2011 12:15:18] /a 2
[13/06/2011 12:15:18] /a 2
[13/06/2011 12:15:18] /a 2
[13/06/2011 12:15:18] /a 2
[13/06/2011 12:15:18] /a 2
[13/06/2011 12:15:18] /a 2
[13/06/2011 12:15:18] /a 2
[13/06/2011 12:15:18] /a 2
[13/06/2011 12:15:18] /a 2
[13/06/2011 12:15:18] /a 2
[13/06/2011 12:15:18] /a 2
[13/06/2011 12:15:18] /a 2
[13/06/2011 12:15:18] /a 2
[13/06/2011 12:15:19] /a 2
[13/06/2011 12:15:19] /a 2
[13/06/2011 12:15:20] /a 2
[13/06/2011 12:15:20] /a 2
[13/06/2011 12:15:20] /a 2
[13/06/2011 12:15:20] /a 2
[13/06/2011 12:15:20] /a 2
[13/06/2011 12:15:20] /a 2
[13/06/2011 12:15:20] /a 2
[13/06/2011 12:15:20] /a 2
[13/06/2011 12:15:20] /a 2
[13/06/2011 12:15:20] /a 2
[13/06/2011 12:15:20] /a 2
[13/06/2011 12:15:20] /a 2
[13/06/2011 12:15:20] /a 2
[13/06/2011 12:15:20] /a 2
[13/06/2011 12:15:20] /a 2
[13/06/2011 12:15:20] /a 2
[13/06/2011 12:15:20] /a 2
[13/06/2011 12:15:21] /a 2
[13/06/2011 12:15:21] /a 2
[13/06/2011 12:15:21] /a 2
[13/06/2011 12:15:21] /a 2
[13/06/2011 12:15:21] /a 2
[13/06/2011 12:15:22] /a 2
[13/06/2011 12:15:22] /a 2
[13/06/2011 12:15:22] /a 2
[13/06/2011 12:15:22] /a 2
[13/06/2011 12:15:22] /a 2
[13/06/2011 12:15:22] /a 2
[13/06/2011 12:15:22] /a 2
[13/06/2011 12:15:22] /a 2
[13/06/2011 12:15:22] /a 2
[13/06/2011 12:15:22] /a 2
[13/06/2011 12:15:23] /a 2
[13/06/2011 12:15:23] /a 2
[13/06/2011 12:15:23] /a 2
[13/06/2011 12:15:23] /a 2
[13/06/2011 12:15:23] /a 2
[13/06/2011 12:15:23] /a 2
[13/06/2011 12:15:23] /a 2
[13/06/2011 12:15:23] /a 2
[13/06/2011 12:15:23] /a 2
[13/06/2011 12:15:24] /a 2
[13/06/2011 12:15:25] /a 2
[13/06/2011 12:15:25] /a 2
[13/06/2011 12:15:25] /a 2
[13/06/2011 12:15:25] /a 2
[13/06/2011 12:15:25] /a 2
[13/06/2011 12:15:25] /a 2
[13/06/2011 12:15:25] /a 2
[13/06/2011 12:15:25] /a 2
[13/06/2011 12:15:25] /a 2
[13/06/2011 12:15:25] /a 2
[13/06/2011 12:15:25] /a 2
[13/06/2011 12:15:25] /a 2
[13/06/2011 12:15:27] /a 2
[13/06/2011 12:15:27] /a 2
[13/06/2011 12:15:27] /a 2
[13/06/2011 12:15:28] /a 2
[13/06/2011 12:15:29] /a 2
[13/06/2011 12:15:30] /a 2
[13/06/2011 12:15:30] /a 2
[13/06/2011 12:15:30] /a 2
[14/06/2011 11:41:20] /t
[14/06/2011 12:19:55] /b novo ip galera blackpvp.no-ip.biz
[14/06/2011 12:19:57] /b novo ip galera blackpvp.no-ip.biz
[14/06/2011 12:19:58] /b novo ip galera blackpvp.no-ip.biz
[14/06/2011 12:20:14] /b qnd aki tive off e pq ja mudo
[14/06/2011 21:42:08] /b alguem aki joga mutacao?
[14/06/2011 21:43:51] /b mateus =D
[19/06/2011 09:55:59] /a 3
[19/06/2011 09:56:05] /a 1
[19/06/2011 09:56:08] /a 1
[19/06/2011 09:56:50] /goto Assassin Cross
[19/06/2011 09:58:57] /t
[19/06/2011 13:38:08] /b nao to itens ql qr coisa so fla help q respondo
[19/06/2011 13:38:19] /b nao to itens ql qr coisa so fla help q respondo
[19/06/2011 13:39:04] /a 5
[19/06/2011 13:39:07] /a 5
[19/06/2011 13:39:12] /a 5
[19/06/2011 13:39:16] /a 5
[19/06/2011 13:39:20] /a 6
[19/06/2011 13:39:27] /a 6
[19/06/2011 13:39:30] /a 6
[19/06/2011 13:39:33] /a 6
[20/06/2011 11:00:10] /b gay
[20/06/2011 11:19:49] /ghost
[20/06/2011 11:20:03] /a 10
[20/06/2011 11:20:13] /a 3
[20/06/2011 11:20:27] /a 10
[20/06/2011 11:20:35] /a 4
[20/06/2011 11:20:45] /a 1
[20/06/2011 11:20:50] /a 1
[20/06/2011 11:22:14] /a 3
[20/06/2011 11:23:46] /a 30
[20/06/2011 11:23:59] /a 4
[20/06/2011 11:24:04] /a 4
[20/06/2011 11:24:06] /a 4
[20/06/2011 11:24:08] /a 4
[20/06/2011 11:24:15] /a 4
[20/06/2011 11:24:18] /a 4
[20/06/2011 11:24:47] /c skawaa
[20/06/2011 11:26:42] /t
[20/06/2011 11:26:51] /a 3
[20/06/2011 11:27:03] /a 2
[20/06/2011 11:27:05] /a 2
[20/06/2011 11:27:16] /c skawaa
[20/06/2011 18:22:25] /t
[20/06/2011 18:23:18] /a 30
[20/06/2011 18:23:23] /a 19
[20/06/2011 18:23:25] /a 19
[20/06/2011 18:23:28] /a 19
[20/06/2011 18:23:31] /a 20
[20/06/2011 18:23:34] /a 10
[20/06/2011 18:23:35] /a 10
[20/06/2011 18:23:39] /a 15
[20/06/2011 18:52:15] /t
[20/06/2011 18:52:27] /goto demon lord
[20/06/2011 18:52:33] /a 2
[20/06/2011 18:52:46] /a 10
[20/06/2011 18:53:01] /a 15
[20/06/2011 18:53:20] /a 20
[20/06/2011 18:53:21] /a 20
[20/06/2011 18:53:26] /a 20
[20/06/2011 18:53:34] /a 20
[20/06/2011 18:53:37] /a 10
[20/06/2011 18:53:47] /c skawaa
[21/06/2011 19:29:53] /t
[21/06/2011 19:35:13] /goto anjo
[21/06/2011 19:39:15] /up
[21/06/2011 19:39:16] /up
[21/06/2011 19:39:17] /up
[21/06/2011 19:39:18] /up
[21/06/2011 19:39:39] /down
[21/06/2011 19:39:46] /a 2
[21/06/2011 19:39:51] /down
[21/06/2011 19:39:54] /down
[21/06/2011 19:39:57] /a 3
[21/06/2011 19:40:02] /c sonic
[21/06/2011 19:40:28] /t
[23/06/2011 17:21:02] /b koe negada
[23/06/2011 17:21:51] /b duvidas no help
[24/06/2011 23:07:36] /b cheguei negada
[24/06/2011 23:08:25] /b 23:07 Yakuza [20252: como que clona? isso e pergunta q se fassa?
[24/06/2011 23:08:52] /b respondo so help
[24/06/2011 23:13:14] /ghost
[24/06/2011 23:15:07] /a 20
[24/06/2011 23:15:13] /a 10
[24/06/2011 23:15:16] /c Druidx
[24/06/2011 23:15:18] /t
[24/06/2011 23:16:11] /a 30
[24/06/2011 23:16:16] /a 25
[24/06/2011 23:16:20] /a 
[24/06/2011 23:16:24] /a 
[24/06/2011 23:16:28] /a 10
[24/06/2011 23:16:31] /a 2
[24/06/2011 23:21:01] /ghost
[24/06/2011 23:22:09] /ghost
[24/06/2011 23:25:44] /ghost
[24/06/2011 23:25:48] /t
[24/06/2011 23:26:19] /goto [Hoster] Mateus
[24/06/2011 23:26:25] /ghost
[24/06/2011 23:28:20] /goto [Hoster] Mateus
[24/06/2011 23:31:41] /goto [Hoster] Mateus
[24/06/2011 23:33:49] /t
[24/06/2011 23:35:01] /b qm pedi vo ignora
[24/06/2011 23:41:41] /goto demon lord
[24/06/2011 23:41:45] /a 4
[24/06/2011 23:41:50] /a 4
[24/06/2011 23:42:15] /goto scarab
[24/06/2011 23:42:22] /goto scarab
[24/06/2011 23:42:32] /goto scarab
[24/06/2011 23:43:34] /ghost
[25/06/2011 00:09:46] /a 2
[25/06/2011 00:09:59] /c Rato De Quermesse
[25/06/2011 00:10:40] /b 00:08 Rato De Quermesse [8967]: dono do ot aki se passando por god tragico
[25/06/2011 00:12:15] /t
[25/06/2011 00:12:29] /b ai galera se passa por god e ban de ip so 1 aviso
[25/06/2011 00:12:43] /b bom jogo a todos boa noite
[25/06/2011 19:58:06] /goto looo
[25/06/2011 19:59:03] /c ferumbras
[25/06/2011 19:59:09] /goto ferumbras
[25/06/2011 19:59:14] /goto alma
[25/06/2011 19:59:22] /goto looo
[25/06/2011 19:59:34] /ghost
[25/06/2011 19:59:45] /ghost
[25/06/2011 19:59:49] /ghost
[27/06/2011 15:55:37] /goto Black Skull Rox
[27/06/2011 15:55:48] /goto Black Skull Rox
[27/06/2011 15:55:52] /goto Black Skull Rox
[27/06/2011 15:55:54] /goto Black Skull Rox
[27/06/2011 15:55:55] /goto Black Skull Rox
[27/06/2011 15:55:55] /goto Black Skull Rox
[27/06/2011 15:55:56] /goto Black Skull Rox
[27/06/2011 15:55:59] /goto Black Skull Rox
[27/06/2011 15:56:01] /goto Black Skull Rox
[27/06/2011 15:56:02] /goto Black Skull Rox
[27/06/2011 15:56:03] /goto Black Skull Rox
[27/06/2011 15:56:04] /goto Black Skull Rox
[27/06/2011 15:56:05] /goto Black Skull Rox
[27/06/2011 15:56:06] /goto Black Skull Rox
[27/06/2011 15:56:10] /goto Black Skull Rox
[27/06/2011 15:56:18] /ghost
[27/06/2011 15:56:21] /goto Black Skull Rox
[27/06/2011 15:56:24] /goto Black Skull Rox
[27/06/2011 15:56:44] /goto Black Skull Rox
[27/06/2011 15:56:46] /t
[27/06/2011 16:00:17] /a 20
[27/06/2011 16:00:19] /a 20
[27/06/2011 16:01:39] /t
[27/06/2011 16:02:30] /t
[28/06/2011 15:18:34] /b qm entro no meu char hj?
[28/06/2011 16:12:00] /goto rafael
[28/06/2011 16:12:03] /ghost
[28/06/2011 16:13:40] /goto teleportado
[28/06/2011 16:15:03] /goto rafael
[28/06/2011 16:15:23] /goto rafael
[28/06/2011 19:07:05] /ghost
[28/06/2011 19:23:42] /t Anahh
[28/06/2011 19:24:38] /t Anahh
[30/06/2011 11:14:26] /goto rafael
[30/06/2011 11:15:33] /a 2
[30/06/2011 11:15:36] /a 4
[30/06/2011 11:15:47] /goto clasus
[30/06/2011 11:16:45] /goto rafael
[30/06/2011 11:18:12] /goto rafael
[30/06/2011 11:18:31] /t
[04/07/2011 18:19:11] /goto mc maguinho
[04/07/2011 18:19:45] /goto mc maguinho
[04/07/2011 18:22:09] /goto mc maguinho
[04/07/2011 18:22:34] /t
[04/07/2011 18:22:52] /goto mc maguinho
[04/07/2011 18:22:59] /goto anah
[04/07/2011 18:58:03] /goto juninho
[04/07/2011 18:59:02] /goto juninho
[04/07/2011 18:59:06] /goto juninho
[04/07/2011 18:59:08] /goto juninho
[04/07/2011 18:59:11] /ghost
[04/07/2011 19:00:48] /c love stronda
[04/07/2011 19:02:43] /goto ice lord
[04/07/2011 19:03:07] /goto boss lord
[04/07/2011 19:03:14] /goto boss ice lord
[04/07/2011 19:03:25] /ghost
[04/07/2011 19:03:32] /goto demon lord
[04/07/2011 19:03:35] /a 3
[04/07/2011 19:03:44] /c juninho
[04/07/2011 19:04:23] /t juninho
[04/07/2011 19:04:25] /t
[04/07/2011 19:20:10] /goto [Hoster] Jean
[05/07/2011 09:41:32] /ghost
[05/07/2011 09:41:35] /goto Palazinhuu
[05/07/2011 09:42:09] /a 20
[05/07/2011 09:42:14] /a 10
[05/07/2011 09:42:20] /a 2
[05/07/2011 09:42:24] /c Druid Do Quinta Loka
[05/07/2011 09:42:28] /a 2
[05/07/2011 09:42:59] /b 09:42 Druid Do Quinta Loka [60752: gm quer chupa minha piroka
[05/07/2011 09:43:14] /b 09:43 Druid Do Quinta Loka [60752: arronbado 09:43 Druid Do Quinta Loka [60752: arronbado 09:43 Druid Do Quinta Loka [60752: vai tira seu gm 09:43 Druid Do Quinta Loka [60752: seu lixo
[05/07/2011 09:44:27] /t kolomy
[05/07/2011 09:46:39] /goto Palazinhuu
[05/07/2011 09:48:00] /b druid do quinta loka preso po 3 semanas
[05/07/2011 09:50:08] /a 2
[05/07/2011 09:50:14] /c palazinhu
[05/07/2011 09:50:16] /c palazinhuu
[05/07/2011 09:50:24] /a 2
[05/07/2011 09:51:12] /c palazinhuu
[05/07/2011 09:51:31] /t
[06/07/2011 21:00:39] /ghost
[06/07/2011 21:02:28] /a 2
[06/07/2011 21:03:21] /t
[06/07/2011 21:06:13] /goto looo
[06/07/2011 21:08:07] /up
[06/07/2011 21:12:33] /up
[06/07/2011 21:12:36] /up
[06/07/2011 21:12:51] /t
[06/07/2011 21:13:37] /a 20
[06/07/2011 21:15:52] /t
[07/07/2011 16:54:36] /goto demon lord
[07/07/2011 21:17:22] /goto the teleportado
[07/07/2011 21:17:25] /t
[07/07/2011 21:18:02] /goto Fan Druid Master
[07/07/2011 21:18:56] /goto the teleporther
[07/07/2011 21:19:06] /goto the teleporther
[07/07/2011 21:19:10] /t
[07/07/2011 21:19:15] /goto the teleporther
[07/07/2011 21:19:24] /goto demon lord
[07/07/2011 21:19:52] /a 2
[07/07/2011 21:19:57] /a 2
[08/07/2011 17:05:27] /a 2
[08/07/2011 18:34:31] /goto dr dreew
[08/07/2011 18:34:50] /goto dr dreeew
[08/07/2011 18:35:09] /t
[08/07/2011 18:35:15] /a 25
[08/07/2011 18:35:18] /a 10
[08/07/2011 18:35:22] /c Dr Dreeew
[08/07/2011 18:35:36] /c dr dreew
[08/07/2011 18:35:59] /ghost
[08/07/2011 18:36:28] /ghost
[08/07/2011 18:36:59] /b sirva como exemplo n usei mc o dr dreeew esta preso ate amanha
[08/07/2011 18:37:11] /b sirva como exemplo n usei mc o dr dreeew esta preso ate amanha
[08/07/2011 18:37:37] /ban Dr Dreeew, 1
[08/07/2011 18:37:40] /t
[08/07/2011 18:37:46] /b ban
[08/07/2011 18:38:33] /goto juliana
[08/07/2011 18:38:37] /goto julia
[08/07/2011 18:38:51] /goto juliana
[08/07/2011 18:40:17] /t
[08/07/2011 18:51:28] /ban Pala Of Sky ,1
[08/07/2011 18:51:50] /b Pala Of Sky ban por atrai playes falando q a bugs
[08/07/2011 18:52:07] /b Pala Of Sky ban por atrai playes falando q a bugs
[08/07/2011 19:57:41] /goto dage the evil
[08/07/2011 19:57:44] /goto dage the evil
[08/07/2011 19:57:59] /up
[08/07/2011 19:58:00] /up
[08/07/2011 19:58:16] /up
[08/07/2011 19:58:17] /up
[08/07/2011 19:58:33] /c dage the evil
[08/07/2011 19:59:29] /goto Dage the evil
[08/07/2011 19:59:32] /goto Dage the evil
[08/07/2011 19:59:34] /goto Dage the evil
[08/07/2011 19:59:38] /ban Dage the evil ,4
[08/07/2011 20:06:16] /goto demon lord
[08/07/2011 20:06:22] /a 4
[08/07/2011 20:06:24] /a 4
[08/07/2011 20:06:28] /a 6
[08/07/2011 20:06:53] /a 3
[08/07/2011 20:07:10] /t
[08/07/2011 20:07:53] /goto 
[08/07/2011 20:08:19] /goto mc maguinho
[08/07/2011 20:10:56] /goto mc maguinho
[08/07/2011 20:11:28] /goto mc maguinho
[08/07/2011 20:11:31] /goto mc maguinho
[08/07/2011 20:11:33] /goto mc maguinho
[08/07/2011 20:11:34] /goto mc maguinho
[08/07/2011 20:11:44] /a 4
[08/07/2011 20:11:51] /a 4
[08/07/2011 20:11:54] /a 4
[08/07/2011 20:11:56] /a 4
[08/07/2011 20:12:23] /a 4
[08/07/2011 20:12:27] /a 4
[08/07/2011 20:17:26] /t
[08/07/2011 20:20:27] /ghost
[08/07/2011 20:35:36] /ghost
[08/07/2011 20:35:38] /t
[08/07/2011 20:43:56] /goto Druiidziinho
[08/07/2011 20:55:19] /ban Druiidziinho ,3
[08/07/2011 20:56:05] /a 3
[08/07/2011 22:18:22] /goto skawaa
[08/07/2011 22:18:28] /goto skawaa
[08/07/2011 22:19:11] /ghost
[08/07/2011 22:49:40] /ghost
[08/07/2011 22:50:11] /goto fan druid master
[08/07/2011 22:50:26] /goto fan druid master
[08/07/2011 22:51:07] /goto fan druid master
[08/07/2011 22:51:16] /goto fan druid master
[08/07/2011 22:51:26] /goto fan druid master
[08/07/2011 22:51:29] /goto fan druid master
[08/07/2011 22:51:32] /goto fan druid master
[08/07/2011 22:52:10] /goto fan druid master
[08/07/2011 22:52:35] /goto fan druid master
[08/07/2011 22:52:43] /goto fan druid master
[08/07/2011 22:52:46] /goto fan druid master
[08/07/2011 22:52:47] /goto fan druid master
[08/07/2011 22:53:10] /goto fan druid master
[08/07/2011 22:53:13] /goto fan druid master
[08/07/2011 22:53:15] /goto fan druid master
[08/07/2011 23:10:07] /ban Pala Of Sky ,4
[09/07/2011 09:28:57] /goto skawaa
[09/07/2011 09:51:24] /t
[09/07/2011 09:51:37] /ghost
