[01/11/2011 17:42:09] /t
[01/11/2011 17:42:37] /a 2
[01/11/2011 17:42:38] /a 2
[01/11/2011 17:43:18] /t
[01/11/2011 17:45:15] /a 1
[01/11/2011 17:45:16] /a 1
[01/11/2011 17:45:18] /a 1
[01/11/2011 17:45:20] /a 1
[01/11/2011 17:46:07] /a 1
[01/11/2011 17:46:08] /a 1
[01/11/2011 17:46:08] /a 1
[01/11/2011 17:46:09] /a 1
[01/11/2011 17:46:10] /a 1
[01/11/2011 17:46:10] /a 1
[01/11/2011 17:46:11] /a 1
[01/11/2011 17:46:11] /a 1
[01/11/2011 17:46:12] /a 1
[01/11/2011 17:46:12] /a 1
[01/11/2011 17:46:13] /a 1
[01/11/2011 17:46:13] /a 1
[01/11/2011 17:46:14] /a 1
[01/11/2011 17:46:14] /a 1
[01/11/2011 17:46:15] /a 1
[01/11/2011 17:46:15] /a 1
[01/11/2011 17:46:25] /a 25
[01/11/2011 17:46:26] /a 25
[01/11/2011 17:47:27] /c joaoo
[01/11/2011 17:47:28] /c joaoo
[01/11/2011 17:47:29] /c joaoo
[01/11/2011 17:47:29] /c joaoo
[01/11/2011 17:47:30] /c joaoo
[01/11/2011 17:47:30] /c joaoo
[01/11/2011 17:47:31] /c joaoo
[01/11/2011 17:47:31] /c joaoo
[01/11/2011 17:48:11] /c joaoo
[01/11/2011 17:48:17] /c joaoo
[01/11/2011 17:48:20] /c joaoo
[01/11/2011 17:48:22] /c joaoo
[01/11/2011 17:48:23] /c joaoo
[01/11/2011 17:48:29] /c joaoo
[01/11/2011 17:48:30] /c joaoo
[01/11/2011 17:48:32] /c joaoo
[01/11/2011 17:48:34] /c joaoo
[01/11/2011 17:48:36] /c joaoo
[01/11/2011 17:48:37] /c joaoo
[01/11/2011 17:48:38] /c joaoo
[01/11/2011 17:48:39] /c joaoo
[01/11/2011 17:48:43] /c joaoo
[01/11/2011 17:48:48] /a 2
[01/11/2011 17:48:51] /c joaoo
[01/11/2011 17:48:58] /a 1
[01/11/2011 17:49:11] /a 1
[01/11/2011 17:49:14] /a 1
[01/11/2011 17:49:37] /goto joaoo
[01/11/2011 17:49:38] /goto joaoo
[01/11/2011 17:49:54] /goto joaoo
[01/11/2011 17:49:55] /goto joaoo
[01/11/2011 17:49:57] /goto joaoo
[01/11/2011 17:49:59] /goto joaoo
[01/11/2011 17:50:00] /goto joaoo
[01/11/2011 17:50:01] /goto joaoo
[01/11/2011 17:50:03] /goto joaoo
[01/11/2011 17:50:05] /goto joaoo
[01/11/2011 17:50:06] /goto joaoo
[01/11/2011 17:50:08] /goto joaoo
[01/11/2011 17:50:09] /goto joaoo
[01/11/2011 17:50:12] /goto joaoo
[01/11/2011 17:50:13] /goto joaoo
[01/11/2011 17:50:14] /goto joaoo
[01/11/2011 17:50:16] /goto joaoo
[01/11/2011 17:50:18] /goto joaoo
[01/11/2011 17:50:19] /goto joaoo
[01/11/2011 17:50:20] /goto joaoo
[01/11/2011 17:50:21] /goto joaoo
[01/11/2011 17:50:23] /goto joaoo
[01/11/2011 17:50:25] /goto joaoo
[01/11/2011 17:50:54] /t joaoo
[01/11/2011 17:51:02] /t
[01/11/2011 17:54:49] /a 4
[01/11/2011 17:54:50] /a 4
[01/11/2011 17:54:50] /a 4
[01/11/2011 17:54:51] /a 4
[01/11/2011 17:54:51] /a 4
[01/11/2011 17:54:51] /a 4
[01/11/2011 17:54:55] /a 4
[01/11/2011 17:55:08] /goto boneco
[01/11/2011 17:55:22] /goto joaoo
[01/11/2011 17:55:23] /goto joaoo
[01/11/2011 17:55:24] /goto joaoo
[01/11/2011 17:55:24] /goto joaoo
[01/11/2011 17:55:25] /goto joaoo
[01/11/2011 17:55:25] /goto joaoo
[01/11/2011 17:55:25] /goto joaoo
[01/11/2011 17:55:26] /goto joaoo
[01/11/2011 17:55:26] /goto joaoo
[01/11/2011 17:55:27] /goto joaoo
[01/11/2011 17:55:27] /goto joaoo
[01/11/2011 17:55:28] /goto joaoo
[01/11/2011 17:55:28] /goto joaoo
[01/11/2011 17:55:32] /a 5
[01/11/2011 17:55:51] /a 1
[01/11/2011 17:55:59] /a 1
[01/11/2011 17:56:00] /a 1
[01/11/2011 17:56:04] /c joaoo
[01/11/2011 17:56:47] /a 1
[01/11/2011 17:56:50] /a 4
[01/11/2011 17:57:35] /t Uh Uh Papai Chegou
[01/11/2011 18:00:17] /a 10
[01/11/2011 18:00:20] /c keio
[01/11/2011 18:00:37] /a 5
[01/11/2011 18:01:58] /t joaoo
[01/11/2011 18:02:00] /t keio
[01/11/2011 18:02:02] /t
[01/11/2011 18:25:13] /up
[01/11/2011 18:25:13] /up
[01/11/2011 18:25:24] /a 2
[01/11/2011 18:25:29] /a 2
[01/11/2011 18:25:30] /a 2
[01/11/2011 18:25:31] /a 2
[01/11/2011 18:25:36] /a 2
[01/11/2011 18:25:42] /a 2
[01/11/2011 18:25:48] /goto juca
[01/11/2011 18:25:56] /a 2
[01/11/2011 18:26:00] /c joaoo
[01/11/2011 18:45:41] /ghost
[01/11/2011 18:45:55] /a 20
[01/11/2011 18:45:57] /a 20
[01/11/2011 18:46:01] /a 10
[01/11/2011 18:46:06] /c itau
[01/11/2011 18:46:23] /t
[01/11/2011 18:46:26] /ghost
[01/11/2011 18:46:53] /goto itau
[01/11/2011 18:48:19] /c itau
[01/11/2011 18:48:23] /a 2
[01/11/2011 18:48:26] /a 4
[01/11/2011 18:48:29] /a 4
[01/11/2011 18:48:31] /a 4
[01/11/2011 18:48:33] /a 4
[01/11/2011 18:48:35] /a 4
[01/11/2011 18:48:38] /a 4
[01/11/2011 19:00:28] /t
[01/11/2011 19:04:17] /goto itau
[01/11/2011 19:04:23] /goto druid joga cil
[01/11/2011 19:04:30] /goto druid joga facil
[01/11/2011 19:04:33] /goto druid joga facil
[01/11/2011 19:04:36] /goto druid joga facil
[01/11/2011 19:04:39] /goto druid joga facil
[01/11/2011 19:04:42] /goto druid joga facil
[01/11/2011 19:04:43] /goto druid joga facil
[01/11/2011 19:04:47] /goto druid joga facil
[01/11/2011 19:05:05] /goto clasus
[01/11/2011 19:05:11] /c druid joga facil
[01/11/2011 19:05:31] /a 10
[01/11/2011 19:05:32] /a 10
[01/11/2011 19:05:33] /a 10
[01/11/2011 19:05:35] /a 10
[01/11/2011 19:05:36] /a 10
[01/11/2011 19:05:37] /a 10
[01/11/2011 19:05:38] /a 10
[01/11/2011 19:05:40] /c druid joga facil
[01/11/2011 19:05:52] /t
[01/11/2011 19:06:12] /a -1
[01/11/2011 19:06:13] /a -1
[01/11/2011 19:06:14] /a -1
[01/11/2011 19:06:15] /a -1
[01/11/2011 19:06:15] /a -1
[01/11/2011 19:06:16] /a -1
[01/11/2011 19:06:16] /a -1
[01/11/2011 19:06:17] /a -1
[01/11/2011 19:06:17] /a -1
[01/11/2011 19:06:18] /a -1
[01/11/2011 19:06:18] /a -1
[01/11/2011 19:06:19] /a -1
[01/11/2011 19:06:19] /a -1
[01/11/2011 19:06:20] /a -1
[01/11/2011 19:06:20] /a -1
[01/11/2011 19:06:20] /a -1
[01/11/2011 19:06:21] /a -1
[01/11/2011 19:06:21] /a -1
[01/11/2011 19:06:22] /a -1
[01/11/2011 19:06:22] /a -1
[01/11/2011 19:06:23] /a -1
[01/11/2011 19:06:23] /a -1
[01/11/2011 21:55:28] /t
[01/11/2011 21:56:16] /a 10
[01/11/2011 21:56:18] /a 10
[01/11/2011 21:56:22] /goto juca
[01/11/2011 21:56:28] /goto tuquino
[01/11/2011 21:56:30] /goto tuquino
[01/11/2011 21:56:31] /goto tuquino
[01/11/2011 21:56:32] /goto tuquino
[01/11/2011 21:56:33] /goto tuquino
[01/11/2011 21:56:33] /goto tuquino
[01/11/2011 21:56:40] /goto demon lord
[01/11/2011 21:56:42] /goto demon lord
[01/11/2011 21:56:44] /goto demon lord
[01/11/2011 21:56:45] /goto demon lord
[01/11/2011 21:56:47] /goto alma
[01/11/2011 21:56:48] /goto alma
[01/11/2011 21:56:52] /goto dreener
[01/11/2011 21:56:54] /goto dreener
[01/11/2011 21:56:55] /goto dreener
[01/11/2011 21:56:59] /goto whatafuck
[01/11/2011 21:57:00] /goto whatafuck
[01/11/2011 21:57:10] /goto sword of the hell
[01/11/2011 21:57:44] /c sir guerra
[01/11/2011 21:59:04] /t
[01/11/2011 21:59:31] /goto the teleportener
[01/11/2011 21:59:37] /a 2
[01/11/2011 21:59:41] /c keio
[01/11/2011 21:59:50] /c joaoo
[01/11/2011 22:00:04] /a 3
[01/11/2011 22:00:05] /a 3
[01/11/2011 22:00:11] /a 2
[01/11/2011 22:00:13] /a 4
[01/11/2011 22:00:18] /a 3
[01/11/2011 22:00:30] /ghost
[01/11/2011 22:00:36] /a 1
[01/11/2011 22:00:40] /a 4
[01/11/2011 22:00:46] /ghost
[01/11/2011 22:00:59] /a 1]
[01/11/2011 22:01:15] /a 4
[01/11/2011 22:01:19] /a 2
[01/11/2011 22:02:02] /a 2
[01/11/2011 22:02:04] /a 
[01/11/2011 22:02:07] /a 5
[01/11/2011 22:02:10] /c joaoo
[01/11/2011 22:02:14] /a 4
[01/11/2011 22:02:19] /c pally da mort
[01/11/2011 22:02:21] /c pally da mort
[01/11/2011 22:02:24] /a 2
[01/11/2011 22:02:25] /c pally da mort
[01/11/2011 22:02:30] /c pally da mort
[01/11/2011 22:02:45] /a 5
[01/11/2011 22:03:05] /a 4
[01/11/2011 22:03:09] /c pally da mort
[01/11/2011 22:03:22] /a 5
[01/11/2011 22:04:01] /a 5
[01/11/2011 22:04:07] /c pally da mort
[01/11/2011 22:04:41] /a 4
[01/11/2011 22:04:43] /c jaca
[01/11/2011 22:05:13] /c pally da mort
[01/11/2011 22:05:54] /a 4
[01/11/2011 22:05:58] /c joaoo
[01/11/2011 22:06:46] /a 4
[01/11/2011 22:06:49] /c joaoo
[01/11/2011 22:07:04] /a 4
[01/11/2011 22:07:09] /c joaoo
[01/11/2011 22:07:16] /c joaoo
[01/11/2011 22:07:19] /c joaoo
[01/11/2011 22:07:24] /t joaoo
[01/11/2011 22:07:26] /t
[01/11/2011 22:08:24] /goto dreener
[01/11/2011 22:08:29] /a 30
[01/11/2011 22:08:30] /a 30
[01/11/2011 22:08:30] /a 30
[01/11/2011 22:08:31] /a 30
[01/11/2011 22:08:32] /a 30
[01/11/2011 22:08:33] /a 30
[01/11/2011 22:08:33] /a 30
[01/11/2011 22:08:34] /a 30
[01/11/2011 22:08:36] /a 30
[01/11/2011 22:08:38] /a 25
[01/11/2011 22:08:59] /c dreener
[01/11/2011 22:09:04] /goto dreener
[01/11/2011 22:09:10] /a 120
[01/11/2011 22:09:12] /a 120
[01/11/2011 22:09:16] /a 100
[01/11/2011 22:09:17] /a 100
[01/11/2011 22:09:22] /a 11
[01/11/2011 22:09:30] /goto
[01/11/2011 22:09:35] /goto dreener
[01/11/2011 22:09:41] /a 200
[01/11/2011 22:09:44] /a 50
[01/11/2011 22:09:48] /a 25
[01/11/2011 22:09:49] /a 25
[01/11/2011 22:09:52] /a 15
[01/11/2011 22:10:00] /c sir guerra
[01/11/2011 22:10:12] /goto sir guerra
[01/11/2011 22:10:24] /t sir guerra
[01/11/2011 22:10:25] /t
[01/11/2011 22:10:32] /t sir guerra
[01/11/2011 22:10:35] /t sir guerra
[01/11/2011 22:10:53] /goto the teleportener
[01/11/2011 22:11:00] /a 15
[01/11/2011 22:11:02] /a 5
[01/11/2011 22:11:06] /c jaca
[01/11/2011 22:11:18] /a 5
[01/11/2011 22:11:21] /c joaoo
[01/11/2011 22:11:31] /a 10
[01/11/2011 22:11:33] /c jaca
[01/11/2011 22:13:00] /t joaoo
[01/11/2011 22:13:02] /t
[01/11/2011 22:17:27] /goto sir guerra
[01/11/2011 22:17:30] /goto sir guerra
[01/11/2011 22:17:52] /goto tuquino
[01/11/2011 22:18:02] /c sir guerra
[03/11/2011 14:30:27] /ghost
[03/11/2011 14:34:18] /c caximbo da paz
[03/11/2011 14:34:29] /c caximbo da paz
[03/11/2011 14:34:34] /a 1
[03/11/2011 14:34:36] /a 1
[03/11/2011 14:34:38] /a 1
[03/11/2011 14:34:40] /a 1
[03/11/2011 14:34:44] /ghost
[03/11/2011 14:35:22] /goto the teleporthener
[03/11/2011 14:35:30] /goto the teleportener
[03/11/2011 14:35:39] /c knight erimita
[03/11/2011 14:35:52] /c knight aremita
[03/11/2011 14:36:02] /c Knight Eremita 
[03/11/2011 14:36:04] /c Knight Eremita
[03/11/2011 14:36:13] /t
[03/11/2011 14:36:48] /goto the teleportener
[03/11/2011 14:36:59] /t
[03/11/2011 14:37:07] /c master chaze
[03/11/2011 14:37:25] /goto druid master I
[03/11/2011 14:37:27] /goto druid master I
[03/11/2011 14:49:58] /a
[03/11/2011 14:50:19] /c yuuu
[03/11/2011 14:50:23] /c paladin hard
[03/11/2011 14:51:14] /c fan do microbio
[03/11/2011 14:51:21] /c yuuu
[03/11/2011 14:52:23] /a 1
[03/11/2011 14:52:24] /a 1
[03/11/2011 14:52:25] /a 1
[03/11/2011 14:52:25] /a 1
[03/11/2011 14:52:30] /a 1
[03/11/2011 14:52:31] /a 1
[03/11/2011 14:52:32] /a 1
[03/11/2011 14:52:33] /a 1
[03/11/2011 14:52:34] /a 1
[03/11/2011 14:52:34] /a 1
[03/11/2011 14:52:35] /a 1
[03/11/2011 14:52:37] /a 1
[03/11/2011 14:52:37] /a 1
[03/11/2011 14:52:38] /a 1
[03/11/2011 14:52:38] /a 1
[03/11/2011 14:52:39] /a 1
[03/11/2011 14:52:40] /a 1
[03/11/2011 14:52:40] /a 1
[03/11/2011 14:52:41] /a 1
[03/11/2011 14:52:44] /a 1vc
[03/11/2011 14:52:51] /a 2
[03/11/2011 14:53:18] /c papai chegou
[03/11/2011 14:53:44] /c holy tiro
[03/11/2011 14:54:27] /c holy tiro
[03/11/2011 14:54:28] /c holy tiro
[03/11/2011 14:55:22] /t paladin hard
[03/11/2011 14:55:23] /t paladin hard
[03/11/2011 14:55:23] /t paladin hard
[03/11/2011 14:55:24] /t paladin hard
[03/11/2011 14:55:24] /t paladin hard
[03/11/2011 14:55:24] /t paladin hard
[03/11/2011 14:55:25] /t paladin hard
[03/11/2011 14:55:25] /t paladin hard
[03/11/2011 14:55:30] /c paladin hard
[03/11/2011 14:55:41] /c keio
[03/11/2011 14:55:50] /t keio
[03/11/2011 14:55:52] /c yuuu
[03/11/2011 14:55:54] /c keio
[03/11/2011 14:56:02] /t keio
[03/11/2011 14:56:07] /c yuuu
[03/11/2011 14:56:20] /c yuuu
[03/11/2011 14:56:52] /c keio
[03/11/2011 14:57:10] /c keio
[03/11/2011 14:57:48] /c paladin hard
[03/11/2011 14:57:55] /c yuuu
[03/11/2011 14:57:59] /c yuuu
[03/11/2011 14:58:01] /c yuuu
[03/11/2011 14:58:03] /c yuuu
[03/11/2011 14:58:04] /c yuuu
[03/11/2011 14:58:07] /a 2
[03/11/2011 14:58:19] /c fan do microbio
[03/11/2011 14:58:24] /c yuuu
[03/11/2011 14:58:27] /c keio
[03/11/2011 14:58:38] /c yuuu
[03/11/2011 14:58:41] /a 2
[03/11/2011 14:58:51] /t keio
[03/11/2011 14:58:55] /c yuuu
[03/11/2011 14:58:57] /c keio
[03/11/2011 14:59:09] /c keio
[03/11/2011 14:59:54] /c yuuu
[03/11/2011 14:59:59] /c fan do micobrio
[03/11/2011 15:00:19] /c yuuu
[03/11/2011 15:00:21] /c yuuu
[03/11/2011 15:00:23] /c yuuu
[03/11/2011 15:00:24] /c yuuu
[03/11/2011 15:00:24] /c yuuu
[03/11/2011 15:00:25] /c yuuu
[03/11/2011 15:00:25] /c yuuu
[03/11/2011 15:00:26] /c yuuu
[03/11/2011 15:00:26] /c yuuu
[03/11/2011 15:00:27] /c yuuu
[03/11/2011 15:00:27] /c yuuu
[03/11/2011 15:00:28] /c yuuu
[03/11/2011 15:00:28] /c yuuu
[03/11/2011 15:00:29] /c yuuu
[03/11/2011 15:00:29] /c yuuu
[03/11/2011 15:00:30] /c yuuu
[03/11/2011 15:00:30] /c yuuu
[03/11/2011 15:00:31] /c yuuu
[03/11/2011 15:00:31] /c yuuu
[03/11/2011 15:00:32] /c yuuu
[03/11/2011 15:00:32] /c yuuu
[03/11/2011 15:00:33] /c yuuu
[03/11/2011 15:00:33] /c yuuu
[03/11/2011 15:00:39] /a 2]
[03/11/2011 15:00:44] /c keio
[03/11/2011 15:00:49] /c keio
[03/11/2011 15:01:14] /a 2
[03/11/2011 15:01:16] /c keio
[03/11/2011 15:01:43] /c fan do microbi
[03/11/2011 15:01:46] /c fan do micobrio
[03/11/2011 15:02:00] /c fan do micobrio
[03/11/2011 15:02:07] /c fan do micobrio
[03/11/2011 15:02:17] /c keio
[03/11/2011 15:02:21] /c keio
[03/11/2011 15:02:25] /c keio
[03/11/2011 15:02:37] /c keio
[03/11/2011 15:04:33] /a 2
[03/11/2011 15:05:50] /a 2
[03/11/2011 15:05:53] /a 5
[03/11/2011 15:05:56] /c keio
[03/11/2011 15:06:11] /c keio
[03/11/2011 15:06:31] /t keio
[03/11/2011 15:06:38] /a 4
[03/11/2011 15:06:42] /c yuuu
[03/11/2011 15:06:59] /t yuuu
[03/11/2011 15:07:04] /c supremo psy
[03/11/2011 15:07:29] /c holy tiro
[06/11/2011 21:14:43] /t
[06/11/2011 21:17:58] /c papai chegou
[06/11/2011 21:18:25] /goto papai chegou
[06/11/2011 21:18:31] /goto papai chegou
[06/11/2011 21:18:32] /goto papai chegou
[06/11/2011 21:18:33] /goto papai chegou
[06/11/2011 21:18:34] /goto papai chegou
[06/11/2011 21:18:34] /goto papai chegou
[06/11/2011 21:18:36] /goto papai chegou
[06/11/2011 21:18:44] /goto papai chegou
[06/11/2011 21:20:37] /c papai chegou
[06/11/2011 21:20:41] /goto papai chegou
[06/11/2011 21:20:49] /c papai chegou
[06/11/2011 21:20:50] /c papai chegou
[06/11/2011 21:20:52] /c papai chegou
[06/11/2011 21:20:55] /goto papai chegou
[06/11/2011 21:20:59] /c papai chegou
[06/11/2011 21:21:00] /goto papai chegou
[06/11/2011 21:21:04] /c papai chegou
[06/11/2011 21:21:05] /c papai chegou
[06/11/2011 21:21:07] /goto papai chegou
[06/11/2011 21:21:09] /c papai chegou
[06/11/2011 21:21:10] /c papai chegou
[06/11/2011 21:21:12] /goto papai chegou
[06/11/2011 21:21:35] /c papai chegou
[06/11/2011 21:21:35] /goto papai chegou
[06/11/2011 21:21:36] /c papai chegou
[06/11/2011 21:24:36] /c papai chegou
[06/11/2011 21:24:38] /c papai chegou
[06/11/2011 21:24:39] /c papai chegou
[06/11/2011 21:24:40] /c papai chegou
[06/11/2011 21:24:41] /c papai chegou
[06/11/2011 21:24:43] /c papai chegou
[06/11/2011 21:24:44] /c papai chegou
[06/11/2011 21:24:45] /c papai chegou
[06/11/2011 21:24:46] /c papai chegou
[06/11/2011 21:24:47] /c papai chegou
[06/11/2011 21:24:48] /c papai chegou
[06/11/2011 21:24:50] /c papai chegou
[06/11/2011 21:24:51] /c papai chegou
[06/11/2011 21:24:52] /c papai chegou
[06/11/2011 21:24:53] /c papai chegou
[06/11/2011 21:24:55] /goto papai chegou
[06/11/2011 21:25:56] /ghost
[06/11/2011 21:26:58] /ghost
[06/11/2011 21:27:07] /ghost
[06/11/2011 21:29:52] /ghost
[06/11/2011 21:31:23] /goto papai chegou
[06/11/2011 21:31:37] /goto papai chegou
[06/11/2011 21:31:43] /goto papai chegou
[06/11/2011 21:31:44] /goto papai chegou
[06/11/2011 21:32:53] /goto papai chegou
[06/11/2011 21:32:54] /goto papai chegou
[06/11/2011 21:32:56] /goto papai chegou
[06/11/2011 21:32:57] /goto papai chegou
[06/11/2011 21:32:58] /goto papai chegou
[06/11/2011 21:33:00] /goto papai chegou
[06/11/2011 21:33:01] /goto papai chegou
[06/11/2011 21:33:02] /goto papai chegou
[06/11/2011 21:33:04] /goto papai chegou
[06/11/2011 21:33:07] /goto papai chegou
[06/11/2011 21:33:09] /goto papai chegou
[06/11/2011 21:33:13] /goto papai chegou
[06/11/2011 21:33:15] /goto papai chegou
[06/11/2011 21:33:16] /goto papai chegou
[06/11/2011 21:33:17] /goto papai chegou
[06/11/2011 21:33:18] /goto papai chegou
[06/11/2011 21:33:19] /goto papai chegou
[06/11/2011 21:33:20] /goto papai chegou
[06/11/2011 21:33:21] /goto papai chegou
[06/11/2011 21:33:22] /goto papai chegou
[06/11/2011 21:33:24] /goto papai chegou
[06/11/2011 21:33:25] /goto papai chegou
[06/11/2011 21:33:26] /goto papai chegou
[06/11/2011 21:34:11] /goto papai chegou
[06/11/2011 21:34:12] /goto papai chegou
[06/11/2011 21:34:15] /goto papai chegou
[06/11/2011 21:34:18] /goto papai chegou
[06/11/2011 21:34:18] /goto papai chegou
[06/11/2011 21:34:21] /goto papai chegou
[06/11/2011 21:34:23] /goto papai chegou
[06/11/2011 21:34:26] /t
[06/11/2011 21:36:15] /ghost
[06/11/2011 21:36:39] /ghost
[06/11/2011 22:55:46] /goto papai chegou
[06/11/2011 22:55:52] /goto papai chegou
[06/11/2011 22:56:03] /a 2
[06/11/2011 22:56:05] /c papai chegou
[06/11/2011 22:56:09] /a
[06/11/2011 22:57:17] /goto monster
[06/11/2011 22:57:25] /t druid joga facil
[06/11/2011 22:57:28] /t
[06/11/2011 22:59:26] /goto pally assassin
[06/11/2011 22:59:31] /t pally assassin
[06/11/2011 23:26:30] /b desculpa aiiiiiiiii jean kkkkkkkk perdeu pro america de 2 a 1 kkkkkkkkkkkkk corinthianooooooooooooooos!
[07/11/2011 19:28:30] /goto the teleportener
[07/11/2011 19:28:38] /a 2
[07/11/2011 19:29:06] /c supremo psy
[07/11/2011 19:29:21] /t
[07/11/2011 19:29:31] /goto the teleportener
[07/11/2011 19:29:36] /a 1
[07/11/2011 19:29:41] /a 5
[07/11/2011 19:29:48] /c supremo psy
[07/11/2011 19:30:19] /c supremo psy
[07/11/2011 19:30:26] /a 5
[07/11/2011 19:30:28] /c supremo psy
[07/11/2011 19:31:11] /c supremo psy
[07/11/2011 19:32:50] /a 5
[07/11/2011 19:33:00] /c paladin da morte
[07/11/2011 19:33:18] /a 5
[07/11/2011 19:37:14] /goto jaca
[07/11/2011 19:37:27] /goto ice master
[07/11/2011 19:37:36] /a 3
[07/11/2011 19:37:43] /a 3
[07/11/2011 19:37:50] /c supremo psy
[07/11/2011 20:15:27] /b oiiiiiiiii povinhosssssssssss !
[07/11/2011 20:15:38] /goto ice lord
[07/11/2011 20:16:07] /goto dreener
[07/11/2011 20:16:13] /c supremo psy
[07/11/2011 20:16:54] /c ice master
[07/11/2011 20:17:12] /goto ice master
[07/11/2011 20:17:16] /a 3
[07/11/2011 20:17:34] /c supreme psy
[07/11/2011 20:17:39] /c supreme psy
[07/11/2011 20:17:46] /c supremo psy
[07/11/2011 20:17:48] /c supremo psy
[07/11/2011 20:17:54] /t supremo psy
[07/11/2011 20:17:57] /t
[07/11/2011 20:19:28] /a 20
[07/11/2011 20:19:32] /c mitnity
[07/11/2011 20:19:37] /a 20
[07/11/2011 20:19:49] /goto aol seller
[07/11/2011 20:20:01] /a 2
[07/11/2011 20:20:07] /c supremo psy
[07/11/2011 20:20:34] /a 5
[07/11/2011 20:20:39] /c supremo psy
[07/11/2011 20:21:13] /b o supremo pagou oq ele fezzzzzzzzzz
[07/11/2011 20:21:23] /b ele nasceu gayy por isso pagou caro !!!!!!!!!
[07/11/2011 20:21:41] /b venham trazer food pro coitado na prisao !!!!!!!!
[07/11/2011 20:21:43] /b venham trazer food pro coitado na prisao !!!!!!!!
[07/11/2011 20:23:22] /c sexo na praia
[07/11/2011 20:24:25] /c paladin da morte
[07/11/2011 20:24:35] /c holy tiro I
[07/11/2011 20:25:05] /t paladin da morte
[07/11/2011 20:25:41] /c supremo psy
[07/11/2011 20:26:59] /t
[07/11/2011 20:27:32] /c supremo psy
[07/11/2011 20:28:47] /c sexo na praia
[07/11/2011 20:29:43] /goto supremo psy
[07/11/2011 20:30:08] /a 20
[07/11/2011 20:30:09] /a 20
[07/11/2011 20:30:12] /a 10
[07/11/2011 20:30:19] /c sexo na praia
[07/11/2011 20:30:37] /c druid joga facil
[07/11/2011 20:30:56] /t
[07/11/2011 20:31:36] /goto supremo psy
[07/11/2011 20:31:52] /t sexo na praia
[07/11/2011 21:06:21] /up
[07/11/2011 21:06:22] /up
[07/11/2011 21:06:23] /up
[07/11/2011 21:06:24] /up
[07/11/2011 21:13:19] /goto love
[07/11/2011 21:14:24] /c monster
[07/11/2011 21:14:35] /c monster
[07/11/2011 21:17:46] /ghost
[07/11/2011 21:18:59] /c love
[07/11/2011 21:19:11] /c love
[07/11/2011 21:19:43] /ghost
[07/11/2011 21:22:35] /goto love
[07/11/2011 21:23:05] /goto supremo psy
[07/11/2011 21:23:25] /goto supremo psy
[07/11/2011 21:23:30] /goto supremo psy
[07/11/2011 21:23:32] /goto supremo psy
[07/11/2011 21:23:40] /goto supremo psy
[07/11/2011 21:24:13] /goto supremo psy
[07/11/2011 21:25:18] /t
[07/11/2011 21:26:49] /goto clasus
[08/11/2011 14:37:08] /goto dezalmado
[08/11/2011 14:37:19] /c dezalmado
[08/11/2011 14:38:21] /t
[09/11/2011 21:38:01] /goto jioa
[09/11/2011 21:39:22] /t
[09/11/2011 21:39:34] /ghost
[10/11/2011 13:45:53] /goto socanela
[10/11/2011 13:45:55] /goto socanela
[10/11/2011 13:45:57] /goto socanela
[10/11/2011 13:46:02] /goto socanela
[10/11/2011 13:46:05] /goto socanela
[10/11/2011 13:46:07] /goto socanela
[10/11/2011 13:46:09] /goto socanela
[10/11/2011 13:47:12] /t
