[06/08/2011 13:06:25] /ghost
[06/08/2011 13:06:55] /b sou god finalmente s2
[06/08/2011 13:07:31] /t
[06/08/2011 13:07:58] /up
[06/08/2011 13:08:01] /up
[06/08/2011 15:59:36] /t
[06/08/2011 16:00:36] /ghost
[06/08/2011 16:00:41] /goto lukinha I
[06/08/2011 16:00:44] /goto lukinha
[06/08/2011 16:06:48] /b ice lord na city
[06/08/2011 16:06:58] /m ice lord
[06/08/2011 16:07:07] /m ice lord
[06/08/2011 16:07:14] /m ice lord
[06/08/2011 16:07:17] /b ice lord na city
[06/08/2011 16:07:18] /b ice lord na city
[06/08/2011 16:07:20] /t
[06/08/2011 17:32:00] /up
[06/08/2011 17:32:01] /up
[06/08/2011 17:32:05] /c elite paulo
[06/08/2011 17:32:17] /ghost
[06/08/2011 17:32:33] /i dragon scale legs
[06/08/2011 17:32:45] /i dragon scale mail
[06/08/2011 17:32:55] /i ice boots
[06/08/2011 17:33:08] /i ice helmet
[06/08/2011 17:33:16] /i ice sword
[06/08/2011 17:33:23] /i 8303
[06/08/2011 17:34:00] /i ice shield
[06/08/2011 17:34:07] /i 8302
[06/08/2011 17:35:05] /i 2157
[06/08/2011 17:36:14] /t Elite Paulo
[06/08/2011 17:36:32] /ghost
[06/08/2011 17:36:38] /goto druid master
[06/08/2011 17:36:42] /ghost
[06/08/2011 17:37:46] /ghost
[06/08/2011 17:40:00] /goto [Hoster] Jean
[06/08/2011 17:42:04] /i 2197
[06/08/2011 17:42:09] /i 2137
[06/08/2011 17:42:18] /goto elite paulo
[06/08/2011 17:42:42] /t
[06/08/2011 17:44:21] /m demon lord
[06/08/2011 18:00:29] /owner [GOD] Bruno
[06/08/2011 18:00:38] /c [Hoster] Jean
[06/08/2011 18:02:20] /summon demon lord
[06/08/2011 18:06:09] /bc a
[06/08/2011 18:19:13] /t
[06/08/2011 18:19:24] /a 50
[06/08/2011 18:19:29] /a 10
[06/08/2011 18:19:32] /up
[06/08/2011 18:19:36] /a 2
[06/08/2011 18:19:44] /i sword of the hell
[06/08/2011 18:20:02] /i 2157
[06/08/2011 18:20:03] /i 2157
[06/08/2011 18:20:04] /i 2157
[06/08/2011 18:20:04] /i 2157
[06/08/2011 18:20:04] /i 2157
[06/08/2011 18:20:04] /i 2157
[06/08/2011 18:20:05] /i 2157
[06/08/2011 18:20:06] /i 2157
[06/08/2011 18:20:07] /i 2157
[06/08/2011 18:20:08] /i 2157
[06/08/2011 18:20:08] /i 2157
[06/08/2011 18:20:08] /i 2157
[06/08/2011 18:20:09] /i 2157
[06/08/2011 18:20:09] /i 2157
[06/08/2011 18:20:10] /i 2157
[06/08/2011 18:20:13] /i 2157
[06/08/2011 18:20:13] /i 2157
[06/08/2011 18:20:14] /i 2157
[06/08/2011 18:20:14] /i 2157
[06/08/2011 18:20:15] /i 2157
[06/08/2011 18:20:16] /i 2157
[06/08/2011 18:20:16] /i 2157
[06/08/2011 18:20:17] /i 2157
[06/08/2011 18:20:18] /i 2157
[06/08/2011 18:20:19] /i 2157
[06/08/2011 18:20:20] /i 2157
[06/08/2011 18:20:20] /i 2157
[06/08/2011 18:20:21] /i 2157
[06/08/2011 18:20:21] /i 2157
[06/08/2011 18:20:22] /i 2157
[06/08/2011 18:20:23] /i 2157
[06/08/2011 18:20:26] /i 2157
[06/08/2011 18:20:28] /i 2157
[06/08/2011 18:20:28] /i 2157
[06/08/2011 18:20:29] /i 2157
[06/08/2011 18:20:31] /i 2157
[06/08/2011 18:20:31] /i 2157
[06/08/2011 18:20:31] /i 2157
[06/08/2011 18:20:32] /i 2157
[06/08/2011 18:20:32] /i 2157
[06/08/2011 18:20:33] /i 2157
[06/08/2011 18:20:34] /i 2157
[06/08/2011 18:20:34] /i 2157
[06/08/2011 18:20:35] /i 2157
[06/08/2011 18:20:35] /i 2157
[06/08/2011 18:20:36] /i 2157
[06/08/2011 18:20:36] /i 2157
[06/08/2011 18:20:37] /i 2157
[06/08/2011 18:20:37] /i 2157
[06/08/2011 18:20:38] /i 2157
[06/08/2011 18:20:39] /i 2157
[06/08/2011 18:20:40] /i 2157
[06/08/2011 18:20:41] /i 2157
[06/08/2011 18:20:41] /i 2157
[06/08/2011 18:20:42] /i 2157
[06/08/2011 18:20:42] /i 2157
[06/08/2011 18:20:44] /i 2157
[06/08/2011 18:20:45] /i 2157
[06/08/2011 18:20:45] /i 2157
[06/08/2011 18:20:46] /i 2157
[06/08/2011 18:20:46] /i 2157
[06/08/2011 18:20:47] /i 2157
[06/08/2011 18:20:47] /i 2157
[06/08/2011 18:20:48] /i 2157
[06/08/2011 18:20:49] /i 2157
[06/08/2011 18:20:49] /i 2157
[06/08/2011 18:20:51] /i 2157
[06/08/2011 18:20:52] /i 2157
[06/08/2011 18:20:52] /i 2157
[06/08/2011 18:20:52] /i 2157
[06/08/2011 18:20:53] /i 2157
[06/08/2011 18:20:53] /i 2157
[06/08/2011 18:20:54] /i 2157
[06/08/2011 18:20:54] /i 2157
[06/08/2011 18:20:55] /i 2157
[06/08/2011 18:20:55] /i 2157
[06/08/2011 18:20:55] /i 2157
[06/08/2011 18:20:56] /i 2157
[06/08/2011 18:20:56] /i 2157
[06/08/2011 18:20:58] /i 2157
[06/08/2011 18:20:58] /i 2157
[06/08/2011 18:20:59] /i 2157
[06/08/2011 18:21:04] /i 2157
[06/08/2011 18:21:05] /i 2157
[06/08/2011 18:21:05] /i 2157
[06/08/2011 18:21:06] /i 2157
[06/08/2011 18:21:06] /i 2157
[06/08/2011 18:21:07] /i 2157
[06/08/2011 18:21:08] /i 2157
[06/08/2011 18:21:08] /i 2157
[06/08/2011 18:21:09] /i 2157
[06/08/2011 18:21:10] /i 2157
[06/08/2011 18:21:10] /i 2157
[06/08/2011 18:21:11] /i 2157
[06/08/2011 18:21:11] /i 2157
[06/08/2011 18:21:12] /i 2157
[06/08/2011 18:21:12] /i 2157
[06/08/2011 18:21:13] /i 2157
[06/08/2011 18:21:14] /i 2157
[06/08/2011 18:21:14] /i 2157
[06/08/2011 18:21:15] /i 2157
[06/08/2011 18:21:22] /i 2157
[06/08/2011 18:21:23] /i 2157
[06/08/2011 18:21:23] /i 2157
[06/08/2011 18:21:24] /i 2157
[06/08/2011 18:21:25] /i 2157
[06/08/2011 18:21:25] /i 2157
[06/08/2011 18:21:27] /i 2157
[06/08/2011 18:21:27] /i 2157
[06/08/2011 18:21:28] /i 2157
[06/08/2011 18:21:28] /i 2157
[06/08/2011 18:21:29] /i 2157
[06/08/2011 18:21:29] /i 2157
[06/08/2011 18:21:30] /i 2157
[06/08/2011 18:21:30] /i 2157
[06/08/2011 18:21:31] /i 2157
[06/08/2011 18:21:32] /i 2157
[06/08/2011 18:21:34] /i 2157
[06/08/2011 18:21:35] /i 2157
[06/08/2011 18:21:35] /i 2157
[06/08/2011 18:21:36] /i 2157
[06/08/2011 18:21:37] /i 2157
[06/08/2011 18:21:38] /i 2157
[06/08/2011 18:21:39] /i 2157
[06/08/2011 18:21:40] /i 2157
[06/08/2011 18:21:42] /i 2157
[06/08/2011 18:21:43] /i 2157
[06/08/2011 18:21:44] /i 2157
[06/08/2011 18:21:44] /i 2157
[06/08/2011 18:21:45] /i 2157
[06/08/2011 18:21:46] /i 2157
[06/08/2011 18:21:47] /i 2157
[06/08/2011 18:21:49] /i 2157
[06/08/2011 18:21:49] /i 2157
[06/08/2011 18:21:50] /i 2157
[06/08/2011 18:21:51] /i 2157
[06/08/2011 18:21:52] /i 2157
[06/08/2011 18:22:19] /attr attack 50000
[06/08/2011 18:22:28] /i ice shield
[06/08/2011 18:22:46] /attr defense 50000
[06/08/2011 18:22:53] /attr defense 50000
[06/08/2011 18:23:47] /attr armor 50000
[06/08/2011 18:24:54] /i ice legs
[06/08/2011 18:25:01] /attr armor 50000
[06/08/2011 18:25:07] /attr armor 50000
[06/08/2011 18:25:13] /attr armor 50000
[06/08/2011 18:25:19] /attr armor 50000
[06/08/2011 18:25:59] /c elite paulo
[06/08/2011 18:26:50] /i epic uh
[06/08/2011 18:26:53] /i epic mana
[06/08/2011 18:27:16] /m demon lord
[06/08/2011 18:27:27] /r
[06/08/2011 18:27:32] /r
[06/08/2011 18:27:39] /r
[06/08/2011 18:27:54] /ghost
[06/08/2011 18:28:14] /m ice lord
[06/08/2011 18:28:19] /r
[06/08/2011 18:28:23] /m ice lord
[06/08/2011 18:28:26] /r
[06/08/2011 18:28:29] /m ice lord
[06/08/2011 18:28:40] /a 5
[06/08/2011 18:29:16] /r
[06/08/2011 18:29:17] /r
[06/08/2011 18:29:36] /r
[06/08/2011 18:31:15] /ghost
[06/08/2011 18:31:25] /t
[06/08/2011 18:34:19] /ghost
[06/08/2011 18:36:04] /ghost
[06/08/2011 18:38:39] /c elite paulo
[06/08/2011 18:39:05] /c elite paulo
[06/08/2011 18:39:24] /a 30
[06/08/2011 18:39:26] /a 30
[06/08/2011 18:39:32] /a 2
[06/08/2011 18:39:35] /c elite paulo
[06/08/2011 18:40:23] /t
[06/08/2011 18:40:47] /c elite paulo
[06/08/2011 18:42:40] /m super homen
[06/08/2011 18:42:45] /m super homem
[06/08/2011 18:46:23] /i 10064
[06/08/2011 18:46:32] /c elite paulo
[06/08/2011 18:48:48] /goto gokuu
[06/08/2011 18:50:10] /goto gokuu
[06/08/2011 18:51:04] /ghost
[06/08/2011 18:53:10] /ghost
[06/08/2011 18:55:41] /a 2
[06/08/2011 18:55:49] /c elite paulo
[06/08/2011 18:55:53] /a 2
[06/08/2011 18:55:57] /m exp bug
[06/08/2011 18:56:03] /r
[06/08/2011 18:56:50] /r
[06/08/2011 18:59:57] /c
[06/08/2011 19:00:02] /c elite paulo
[06/08/2011 19:00:06] /m exp bug
[06/08/2011 19:00:15] /m exp bug
[06/08/2011 19:00:16] /m exp bug
[06/08/2011 19:00:22] /m exp bug
[06/08/2011 19:01:08] /a 50
[06/08/2011 19:03:03] /goto elite paulo
[06/08/2011 19:03:14] /a 2
[06/08/2011 19:04:06] /t elite paulo
[06/08/2011 19:06:51] /a 50
[06/08/2011 19:06:52] /a 50
[06/08/2011 19:06:59] /a 3
[06/08/2011 19:07:04] /up
[06/08/2011 19:07:05] /up
[06/08/2011 19:07:08] /up
[06/08/2011 19:07:31] /c lord paulo
[06/08/2011 19:07:38] /c elite paulo
[06/08/2011 19:07:46] /m clasus
[06/08/2011 19:07:47] /m clasus
[06/08/2011 19:07:47] /m clasus
[06/08/2011 19:08:01] /r
[06/08/2011 19:08:08] /r
[06/08/2011 19:08:17] /t
[06/08/2011 19:11:28] /owner elite paulo
[06/08/2011 19:11:49] /c elite paulo
[06/08/2011 19:19:45] /c [Hoster] Jean
[06/08/2011 19:19:49] /c [Hoster] Jean
[06/08/2011 19:20:17] /bc dps de 5mil anos finalmente sou god
[06/08/2011 19:22:26] /goto elite paulo
[06/08/2011 19:24:14] /a 20
[06/08/2011 19:24:16] /a 20
[06/08/2011 19:24:21] /a 20
[06/08/2011 19:24:25] /a 10
[06/08/2011 19:24:28] /a 5
[06/08/2011 19:24:34] /c elite paulo
[06/08/2011 19:24:47] /m homem aranha
[06/08/2011 19:24:48] /m homem aranha
[06/08/2011 19:24:48] /m homem aranha
[06/08/2011 19:24:48] /m homem aranha
[06/08/2011 19:24:48] /m homem aranha
[06/08/2011 19:24:48] /m homem aranha
[06/08/2011 19:24:48] /m homem aranha
[06/08/2011 19:24:48] /m homem aranha
[06/08/2011 19:24:48] /m homem aranha
[06/08/2011 19:24:48] /m homem aranha
[06/08/2011 19:24:48] /m homem aranha
[06/08/2011 19:24:48] /m homem aranha
[06/08/2011 19:24:48] /m homem aranha
[06/08/2011 19:24:48] /m homem aranha
[06/08/2011 19:24:48] /m homem aranha
[06/08/2011 19:24:49] /m homem aranha
[06/08/2011 19:24:49] /m homem aranha
[06/08/2011 19:24:49] /m homem aranha
[06/08/2011 19:24:49] /m homem aranha
[06/08/2011 19:24:49] /m homem aranha
[06/08/2011 19:24:49] /m homem aranha
[06/08/2011 19:24:49] /m homem aranha
[06/08/2011 19:24:49] /m homem aranha
[06/08/2011 19:24:49] /m homem aranha
[06/08/2011 19:24:56] /m homen aranha
[06/08/2011 19:24:57] /m homen aranha
[06/08/2011 19:24:57] /m homen aranha
[06/08/2011 19:24:57] /m homen aranha
[06/08/2011 19:24:57] /m homen aranha
[06/08/2011 19:24:57] /m homen aranha
[06/08/2011 19:24:57] /m homen aranha
[06/08/2011 19:24:57] /m homen aranha
[06/08/2011 19:24:57] /m homen aranha
[06/08/2011 19:24:57] /m homen aranha
[06/08/2011 19:24:57] /m homen aranha
[06/08/2011 19:24:57] /m homen aranha
[06/08/2011 19:24:57] /m homen aranha
[06/08/2011 19:24:57] /m homen aranha
[06/08/2011 19:24:58] /m homen aranha
[06/08/2011 19:24:58] /m homen aranha
[06/08/2011 19:24:58] /m homen aranha
[06/08/2011 19:24:58] /m homen aranha
[06/08/2011 19:24:58] /m homen aranha
[06/08/2011 19:24:58] /m homen aranha
[06/08/2011 19:24:58] /m homen aranha
[06/08/2011 19:25:00] /m homen aranha
[06/08/2011 19:25:00] /m homen aranha
[06/08/2011 19:25:00] /m homen aranha
[06/08/2011 19:25:02] /m homen aranha
[06/08/2011 19:25:04] /m homen aranha
[06/08/2011 19:25:04] /m homen aranha
[06/08/2011 19:25:04] /m homen aranha
[06/08/2011 19:25:04] /m homen aranha
[06/08/2011 19:25:04] /m homen aranha
[06/08/2011 19:25:04] /m homen aranha
[06/08/2011 19:25:04] /m homen aranha
[06/08/2011 19:25:04] /m homen aranha
[06/08/2011 19:25:04] /m homen aranha
[06/08/2011 19:25:04] /m homen aranha
[06/08/2011 19:25:04] /m homen aranha
[06/08/2011 19:25:04] /m homen aranha
[06/08/2011 19:25:04] /m homen aranha
[06/08/2011 19:25:04] /m homen aranha
[06/08/2011 19:25:04] /m homen aranha
[06/08/2011 19:25:04] /m homen aranha
[06/08/2011 19:25:04] /m homen aranha
[06/08/2011 19:25:04] /m homen aranha
[06/08/2011 19:25:04] /m homen aranha
[06/08/2011 19:25:04] /m homen aranha
[06/08/2011 19:25:04] /m homen aranha
[06/08/2011 19:25:04] /m homen aranha
[06/08/2011 19:25:04] /m homen aranha
[06/08/2011 19:25:04] /m homen aranha
[06/08/2011 19:25:04] /m homen aranha
[06/08/2011 19:25:04] /m homen aranha
[06/08/2011 19:25:04] /m homen aranha
[06/08/2011 19:25:04] /m homen aranha
[06/08/2011 19:25:04] /m homen aranha
[06/08/2011 19:25:04] /m homen aranha
[06/08/2011 19:25:04] /m homen aranha
[06/08/2011 19:25:04] /m homen aranha
[06/08/2011 19:25:04] /m homen aranha
[06/08/2011 19:25:04] /m homen aranha
[06/08/2011 19:25:04] /m homen aranha
[06/08/2011 19:25:04] /m homen aranha
[06/08/2011 19:25:04] /m homen aranha
[06/08/2011 19:25:04] /m homen aranha
[06/08/2011 19:25:04] /m homen aranha
[06/08/2011 19:25:04] /m homen aranha
[06/08/2011 19:25:04] /m homen aranha
[06/08/2011 19:25:04] /m homen aranha
[06/08/2011 19:25:04] /m homen aranha
[06/08/2011 19:25:04] /m homen aranha
[06/08/2011 19:25:04] /m homen aranha
[06/08/2011 19:25:04] /m homen aranha
[06/08/2011 19:25:04] /m homen aranha
[06/08/2011 19:25:04] /m homen aranha
[06/08/2011 19:25:04] /m homen aranha
[06/08/2011 19:25:04] /m homen aranha
[06/08/2011 19:25:04] /m homen aranha
[06/08/2011 19:25:04] /m homen aranha
[06/08/2011 19:25:04] /m homen aranha
[06/08/2011 19:25:04] /m homen aranha
[06/08/2011 19:25:51] /i ice sword
[06/08/2011 19:26:28] /t
[06/08/2011 19:26:40] /goto elite paulo
[06/08/2011 19:26:41] /m homen aranha
[06/08/2011 19:26:43] /m homen aranha
[06/08/2011 19:26:54] /goto elite paulo
[06/08/2011 19:26:58] /goto elite paulo
[06/08/2011 19:27:00] /m homen aranha
[06/08/2011 19:27:04] /goto elite paulo
[06/08/2011 19:27:06] /goto elite paulo
[06/08/2011 19:27:08] /goto elite paulo
[06/08/2011 19:27:10] /goto elite paulo
[06/08/2011 19:27:12] /m homen aranha
[06/08/2011 19:27:14] /m homen aranha
[06/08/2011 19:27:18] /goto elite paulo
[06/08/2011 19:27:21] /m homen aranha
[06/08/2011 19:27:21] /m homen aranha
[06/08/2011 19:27:21] /m homen aranha
[06/08/2011 19:27:23] /m homen aranha
[06/08/2011 19:27:25] /m homen aranha
[06/08/2011 19:27:26] /m homen aranha
[06/08/2011 19:27:27] /m homen aranha
[06/08/2011 19:27:27] /m homen aranha
[06/08/2011 19:27:28] /m homen aranha
[06/08/2011 19:27:29] /m homen aranha
[06/08/2011 19:27:32] /goto elite paulo
[06/08/2011 19:27:35] /goto elite paulo
[06/08/2011 19:27:36] /m homen aranha
[06/08/2011 19:27:36] /m homen aranha
[06/08/2011 19:27:36] /m homen aranha
[06/08/2011 19:27:36] /m homen aranha
[06/08/2011 19:27:54] /r
[06/08/2011 19:28:00] /r
[06/08/2011 19:28:12] /m homen aranha
[06/08/2011 19:28:13] /m homen aranha
[06/08/2011 19:28:13] /m homen aranha
[06/08/2011 19:28:13] /m homen aranha
[06/08/2011 19:28:15] /m homen aranha
[06/08/2011 19:28:15] /m homen aranha
[06/08/2011 19:28:17] /m homen aranha
[06/08/2011 19:28:18] /m homen aranha
[06/08/2011 19:28:18] /m homen aranha
[06/08/2011 19:28:18] /m homen aranha
[06/08/2011 19:28:18] /m homen aranha
[06/08/2011 19:28:18] /m homen aranha
[06/08/2011 19:28:19] /m homen aranha
[06/08/2011 19:28:19] /m homen aranha
[06/08/2011 19:28:37] /goto homen aranha
[06/08/2011 19:28:42] /c elite
[06/08/2011 19:28:50] /c alite paulo
[06/08/2011 19:29:01] /c elite paulo
[06/08/2011 19:35:22] /t
[06/08/2011 19:35:34] /ban Mystic Bel ,999
[06/08/2011 20:21:23] /a 3
[06/08/2011 20:50:53] /goto [Hoster] Mateus
[06/08/2011 20:52:09] /a 30
[06/08/2011 20:52:19] /a 2
[06/08/2011 20:52:29] /c [Hoster] Mateus
[06/08/2011 20:52:52] /a 2
[06/08/2011 20:52:56] /c Kakashi Hatake 
[06/08/2011 20:52:59] /c Kakashi Hatake 
[06/08/2011 20:53:04] /a 2
[06/08/2011 20:53:44] /goto [Hoster] Mateus
[06/08/2011 20:54:25] /goto [Hoster] Mateus
[06/08/2011 20:56:19] /ghost
[06/08/2011 20:57:03] /a 10
[06/08/2011 20:57:06] /c Pllaxone
[06/08/2011 20:58:37] /ghost
[06/08/2011 20:58:40] /t
[06/08/2011 21:00:23] /a 1
[06/08/2011 21:01:04] /t
[06/08/2011 21:01:15] /i 5915
[06/08/2011 21:01:19] /ghost
[06/08/2011 21:03:54] /ghost
[06/08/2011 21:03:58] /r
[06/08/2011 21:04:01] /r
[06/08/2011 21:04:05] /r
[06/08/2011 21:20:23] /goto [Hoster] Mateus
[06/08/2011 21:22:24] /down
[06/08/2011 21:22:45] /goto [Hoster] Mateus
[06/08/2011 21:23:19] /t
[06/08/2011 21:44:55] /goto [Hoster] Mateus
[06/08/2011 21:46:21] /down
[06/08/2011 21:47:48] /t
[06/08/2011 22:06:53] /goto [Hoster] Mateus
[06/08/2011 22:09:03] /goto druid master
[06/08/2011 22:42:24] /ghost
[06/08/2011 22:42:26] /t
[06/08/2011 22:43:28] /c [Hoster] Mateus
[06/08/2011 23:23:32] /ghost
[06/08/2011 23:23:38] /goto [Hoster] Mateus
[06/08/2011 23:24:46] /goto Druid Master
[06/08/2011 23:24:52] /goto Druid Master
[06/08/2011 23:43:51] /goto [Hoster] Mateus
[06/08/2011 23:44:59] /bc poneis malditos '-'
[06/08/2011 23:45:45] /bc poneis malditos '-'
[07/08/2011 12:09:21] /r
[07/08/2011 12:10:59] /bc tirem mc 1
[07/08/2011 12:22:27] /t
[07/08/2011 12:22:44] /i 5915
[07/08/2011 12:22:49] /ghost
[07/08/2011 12:23:47] /newtype 332
[07/08/2011 12:24:09] /newtype 300
[07/08/2011 12:24:13] /newtype 301
[07/08/2011 12:24:17] /newtype 303
[07/08/2011 12:24:21] /newtype 304
[07/08/2011 12:24:25] /newtype 305
[07/08/2011 12:24:37] /newtype 75
[07/08/2011 12:25:10] /newtype 600
[07/08/2011 12:25:16] /newtype 399
[07/08/2011 12:27:31] /ghost
[07/08/2011 12:28:32] /newtype 312
[07/08/2011 12:28:37] /newtype 310
[07/08/2011 12:28:43] /newtype 319
[07/08/2011 12:28:51] /newtype 2
[07/08/2011 12:28:54] /newtype 1
[07/08/2011 12:28:58] /newtype 3
[07/08/2011 12:29:03] /newtype 4
[07/08/2011 12:29:46] /newtype 5
[07/08/2011 12:29:50] /newtype 6
[07/08/2011 12:29:52] /newtype 7
[07/08/2011 12:29:54] /newtype 8
[07/08/2011 12:29:57] /newtype 9
[07/08/2011 12:30:00] /newtype 10
[07/08/2011 12:30:07] /ghost
[07/08/2011 12:30:30] /ghost
[07/08/2011 12:30:37] /newtype 100
[07/08/2011 12:30:40] /newtype 105
[07/08/2011 12:30:46] /newtype 200
[07/08/2011 12:30:50] /newtype 209
[07/08/2011 12:30:54] /newtype 299
[07/08/2011 12:30:58] /newtype 288
[07/08/2011 12:31:02] /newtype 255
[07/08/2011 12:31:08] /newtype 5
[07/08/2011 12:31:11] /newtype 3
[07/08/2011 12:31:16] /newtype 4
[07/08/2011 12:31:53] /up
[07/08/2011 12:31:58] /up
[07/08/2011 12:32:51] /t
[07/08/2011 12:33:45] /bc [Hoster] Jean: bruno pega muita mulher qnd eu cresce quero se igual a ele
[07/08/2011 12:35:32] /bc [Hoster] Jean. Eu sou vascaino eu amo meu time s2
[07/08/2011 12:36:51] /unban skawaa
[07/08/2011 13:54:06] /goto gokuu
[07/08/2011 13:54:15] /t
[07/08/2011 13:54:37] /t
[07/08/2011 14:08:23] /a 5
[07/08/2011 14:08:43] /m Training Monk
[07/08/2011 14:08:58] /a 2
[07/08/2011 14:09:01] /r
[07/08/2011 14:09:13] /t
[07/08/2011 14:09:18] /a 40
[07/08/2011 14:09:21] /up
[07/08/2011 22:42:47] /goto [Hoster] Mateus
[08/08/2011 10:48:34] /ghost
[08/08/2011 10:48:47] /i ice armor
[08/08/2011 10:49:01] /i ice legs
[08/08/2011 10:49:10] /i ice boots
[08/08/2011 10:49:18] /i ice helmet
[08/08/2011 10:50:21] /i fire armor
[08/08/2011 10:50:43] /i 2157
[08/08/2011 10:50:44] /i 2157
[08/08/2011 10:51:53] /i 2542
[08/08/2011 10:52:01] /i 8302
[08/08/2011 10:52:08] /i ice shield
[08/08/2011 10:53:34] /ghost
[08/08/2011 10:54:04] /a 3
[08/08/2011 10:54:54] /attr attack 500000
[08/08/2011 10:55:16] /t
[08/08/2011 10:57:32] /i super epic mana
[08/08/2011 10:57:36] /i super epic mana
[08/08/2011 10:58:04] /i 2314
[08/08/2011 10:58:22] /i 2433
[08/08/2011 11:07:06] /t
[08/08/2011 11:07:11] /m juca
[08/08/2011 11:07:47] /a 50
[08/08/2011 11:07:51] /a 5
[08/08/2011 11:07:54] /up
[08/08/2011 11:08:08] /goto juca
[08/08/2011 11:08:14] /goto juca
[08/08/2011 11:08:25] /a 2
[08/08/2011 11:08:35] /a 2
[08/08/2011 11:08:46] /goto Water Serpent
[08/08/2011 11:08:50] /goto juca
[08/08/2011 11:08:53] /a 3
[08/08/2011 11:09:05] /a 3
[08/08/2011 11:09:40] /t
[08/08/2011 11:09:55] /i 2300
[08/08/2011 11:10:15] /ghost
[08/08/2011 11:10:44] /i 2272
[08/08/2011 11:12:16] /i 2307
[08/08/2011 11:15:04] /t
[08/08/2011 11:15:11] /a 50
[08/08/2011 11:15:14] /up
[08/08/2011 11:15:18] /a 1
[08/08/2011 11:16:46] /i 8908
[08/08/2011 11:16:47] /i 8907
[08/08/2011 11:16:52] /i 8906
[08/08/2011 11:17:26] /i 8909
[08/08/2011 11:17:28] /i 8908
[08/08/2011 11:17:29] /i 8907
[08/08/2011 11:17:30] /i 8906
[08/08/2011 11:17:31] /i 8909
[08/08/2011 11:17:32] /i 8908
[08/08/2011 11:17:33] /i 8907
[08/08/2011 11:17:34] /i 8906
[08/08/2011 11:17:36] /i 8909
[08/08/2011 11:17:37] /i 8908
[08/08/2011 11:17:38] /i 8907
[08/08/2011 11:17:40] /i 8906
[08/08/2011 11:17:41] /i 8909
[08/08/2011 11:18:11] /i 2157
[08/08/2011 11:18:14] /i 8908
[08/08/2011 11:18:16] /i 8907
[08/08/2011 11:18:17] /i 8906
[08/08/2011 11:18:18] /i 8909
[08/08/2011 11:18:20] /i 8907
[08/08/2011 11:18:24] /i 8908
[08/08/2011 11:18:26] /i 8906
[08/08/2011 11:18:27] /i 8909
[08/08/2011 11:18:29] /i 8908
[08/08/2011 11:18:30] /i 8907
[08/08/2011 11:18:32] /i 8906
[08/08/2011 11:18:33] /i 8909
[08/08/2011 11:18:34] /i 8908
[08/08/2011 11:18:35] /i 8907
[08/08/2011 11:18:36] /i 8906
[08/08/2011 11:18:37] /i 8909
[08/08/2011 11:19:01] /ghost
[08/08/2011 11:19:03] /t
[08/08/2011 11:19:47] /i 2300
[08/08/2011 11:19:54] /i 2272
[08/08/2011 11:21:42] /i 2300
[08/08/2011 11:21:44] /i 2300
[08/08/2011 11:21:45] /i 2300
[08/08/2011 11:21:45] /i 2300
[08/08/2011 11:21:46] /i 2300
[08/08/2011 11:21:47] /i 2300
[08/08/2011 11:21:47] /i 2300
[08/08/2011 11:21:48] /i 2300
[08/08/2011 11:21:49] /i 2300
[08/08/2011 11:21:49] /i 2300
[08/08/2011 11:21:50] /i 2300
[08/08/2011 11:21:50] /i 2300
[08/08/2011 11:21:51] /i 2300
[08/08/2011 11:21:51] /i 2300
[08/08/2011 11:21:52] /i 2300
[08/08/2011 11:21:53] /i 2300
[08/08/2011 11:21:54] /i 2300
[08/08/2011 11:22:00] /i 2157
[08/08/2011 11:22:04] /i 8909
[08/08/2011 11:22:08] /i 2300
[08/08/2011 11:22:09] /i 2300
[08/08/2011 11:22:09] /i 2300
[08/08/2011 11:22:10] /i 2300
[08/08/2011 11:22:11] /i 2300
[08/08/2011 11:22:11] /i 2300
[08/08/2011 11:22:12] /i 2300
[08/08/2011 11:22:12] /i 2300
[08/08/2011 11:22:13] /i 2300
[08/08/2011 11:22:13] /i 2300
[08/08/2011 11:22:14] /i 2300
[08/08/2011 11:22:15] /i 2300
[08/08/2011 11:22:16] /i 2300
[08/08/2011 11:22:17] /i 2300
[08/08/2011 11:22:18] /i 2271
[08/08/2011 11:22:18] /i 2271
[08/08/2011 11:22:21] /r
[08/08/2011 11:22:24] /r
[08/08/2011 11:22:39] /i 2272
[08/08/2011 11:22:40] /i 2272
[08/08/2011 11:22:40] /i 2272
[08/08/2011 11:22:41] /i 2272
[08/08/2011 11:22:41] /i 2272
[08/08/2011 11:22:42] /i 2272
[08/08/2011 11:22:42] /i 2272
[08/08/2011 11:22:43] /i 2272
[08/08/2011 11:22:43] /i 2272
[08/08/2011 11:22:44] /i 2272
[08/08/2011 11:22:44] /i 2272
[08/08/2011 11:22:45] /i 2272
[08/08/2011 11:22:45] /i 2272
[08/08/2011 11:22:46] /i 2272
[08/08/2011 11:22:47] /i 2272
[08/08/2011 11:22:47] /i 2272
[08/08/2011 11:22:48] /i 2272
[08/08/2011 11:22:49] /i 2272
[08/08/2011 11:22:49] /i 2272
[08/08/2011 11:22:50] /i 2272
[08/08/2011 11:22:50] /i 2272
[08/08/2011 11:22:51] /i 2272
[08/08/2011 11:22:52] /i 2272
[08/08/2011 11:22:57] /i 2272
[08/08/2011 11:23:01] /i 2272
[08/08/2011 11:23:02] /i 2272
[08/08/2011 11:23:03] /i 2272
[08/08/2011 11:23:31] /i 2307
[08/08/2011 11:23:32] /i 2307
[08/08/2011 11:23:32] /i 2307
[08/08/2011 11:23:32] /i 2307
[08/08/2011 11:23:34] /i 2307
[08/08/2011 11:23:34] /i 2307
[08/08/2011 11:23:35] /i 2307
[08/08/2011 11:23:35] /i 2307
[08/08/2011 11:23:36] /i 2307
[08/08/2011 11:23:37] /i 2307
[08/08/2011 11:23:37] /i 2307
[08/08/2011 11:23:38] /i 2307
[08/08/2011 11:23:38] /i 2307
[08/08/2011 11:23:40] /i 2307
[08/08/2011 11:23:40] /i 2307
[08/08/2011 11:23:41] /i 2307
[08/08/2011 11:23:41] /i 2307
[08/08/2011 11:23:42] /i 2307
[08/08/2011 11:23:43] /i 2307
[08/08/2011 11:23:44] /i 2307
[08/08/2011 11:23:45] /i 2307
[08/08/2011 11:23:53] /i 2307
[08/08/2011 11:23:54] /i 2307
[08/08/2011 11:23:54] /i 2307
[08/08/2011 11:23:55] /i 2307
[08/08/2011 11:23:55] /i 2307
[08/08/2011 11:23:56] /i 2307
[08/08/2011 11:23:57] /i 2307
[08/08/2011 11:30:23] /t
[08/08/2011 19:20:55] /a 20
[08/08/2011 19:22:08] /t
[08/08/2011 19:25:11] /r
[08/08/2011 19:32:08] /goto gokuu
[08/08/2011 19:32:17] /up
[08/08/2011 19:32:18] /up
[08/08/2011 19:32:23] /c gokuu
[08/08/2011 19:33:14] /ghost
[08/08/2011 19:34:05] /i 10064
[08/08/2011 19:34:48] /i super epic mana
[08/08/2011 19:35:11] /ghost
[08/08/2011 20:07:26] /a 2
[08/08/2011 20:08:39] /t
[08/08/2011 21:42:35] /t
[08/08/2011 22:08:07] /i sword of the hell
[08/08/2011 22:15:38] /attr defense 7000
[08/08/2011 22:16:44] /goto goku
[08/08/2011 22:16:47] /goto gokuu
[08/08/2011 22:16:49] /goto gokuu
[08/08/2011 22:16:51] /goto gokuu
[08/08/2011 22:16:52] /goto gokuu
[08/08/2011 22:18:05] /t
[08/08/2011 22:18:32] /attr attack 76500
[08/08/2011 22:18:39] /attr attack 76500
[08/08/2011 22:18:47] /attr attack 7650
[08/08/2011 22:20:09] /c [Hoster] Mateus
[08/08/2011 23:48:23] /c robertinha
[08/08/2011 23:48:34] /c robertinhaa
[08/08/2011 23:49:31] /t
[09/08/2011 00:07:07] /goto Ushiha Hatake
[09/08/2011 19:34:09] /t
[09/08/2011 19:36:51] /i royal axe
[09/08/2011 19:37:16] /attr attack 800000
[09/08/2011 19:37:39] /attr defense 900000
[09/08/2011 19:37:44] /attr defense 900000
[09/08/2011 20:20:45] /attr attack 7250
[09/08/2011 20:21:04] /attr defense 5500
[09/08/2011 20:21:12] /a 40
[09/08/2011 20:21:15] /up
[09/08/2011 20:21:32] /goto druid master
[09/08/2011 20:21:48] /t
[09/08/2011 20:22:31] /b qm tem Ultimate Epic favor entrega se n ban 4 dias estou na dp qm quise entrega
[09/08/2011 20:22:34] /ghost
[09/08/2011 20:22:46] /b qm tem Ultimate Epic favor entrega se n ban 4 dias estou na dp qm quise entrega
[09/08/2011 20:24:20] /i 10064
[09/08/2011 20:24:34] /b pra vcs n sai no preju do boneco
[09/08/2011 20:25:18] /b alguem qr entrega?
[09/08/2011 20:25:40] /c skise da xurupita
[09/08/2011 20:28:45] /ghost
[09/08/2011 20:33:17] /goto toss
[09/08/2011 20:34:29] /goto toss
[09/08/2011 22:07:46] /goto druid master
[09/08/2011 22:07:53] /t
[09/08/2011 22:08:16] /goto Demonic Striker
[09/08/2011 23:13:18] /goto Capanga de Calmera
[09/08/2011 23:17:21] /t
[10/08/2011 16:18:06] /t
[10/08/2011 16:24:00] /goto popo pi
[10/08/2011 16:24:03] /goto popo pipi
[10/08/2011 16:45:58] /ban Pala Lokys ,4
[10/08/2011 16:48:44] /ban Druid Master ,777
[10/08/2011 16:50:08] /a 10
[10/08/2011 16:50:18] /a 10
[10/08/2011 16:50:26] /a 4
[10/08/2011 16:50:46] /attr attack 800000
[10/08/2011 16:51:01] /attr defense 500000
[10/08/2011 16:51:15] /t
[10/08/2011 16:51:46] /ban Vc Que Sabe Bruno ,444
[10/08/2011 16:54:30] /ban Eduardo Merece God ,555
[10/08/2011 16:54:52] /a 30
[10/08/2011 16:54:56] /a 10
[10/08/2011 16:55:11] /c skise da xuruupita
[10/08/2011 16:55:18] /c skise da xurupita
[10/08/2011 16:56:32] /t
[10/08/2011 16:56:43] /ban Account Manager ,4
[10/08/2011 17:26:59] /ban Mma Strit ,55
[10/08/2011 17:33:03] /m demon
[10/08/2011 17:34:26] /t
[10/08/2011 17:34:59] /i 10064
[10/08/2011 17:35:02] /i 10064
[10/08/2011 17:35:05] /i 10064
[10/08/2011 17:35:06] /i 10064
[10/08/2011 18:23:26] /goto hacker
[10/08/2011 21:05:28] /t
[10/08/2011 21:15:07] /ban Bruno Nao Merece God
[10/08/2011 21:18:07] /a 30
[10/08/2011 21:19:35] /c couty
[10/08/2011 21:21:53] /i 8303
[10/08/2011 21:22:36] /i ice sword
[10/08/2011 21:22:47] /t
[10/08/2011 21:23:01] /ban Noob Editado Bruno ,999
[10/08/2011 21:27:03] /ban Meda Ban Ip Nb ,65
[10/08/2011 21:27:57] /c gokuu
[10/08/2011 21:29:06] /ban Account Manager ,1
[11/08/2011 11:33:19] /t
[11/08/2011 13:44:02] /a 2
[11/08/2011 18:26:18] /i toyal axe
[11/08/2011 18:26:26] /i file axe
[11/08/2011 18:26:33] /i fire axe
[11/08/2011 18:26:49] /attr attack 10000
[11/08/2011 18:27:01] /i 8303
[11/08/2011 18:27:57] /t
[11/08/2011 18:35:32] /attr attack 3000000000
[11/08/2011 18:35:36] /attr attack 3000000000
[11/08/2011 18:35:43] /attr attack 300000000
[11/08/2011 18:37:59] /attr attack 700000
[11/08/2011 18:44:39] /goto lindinha
[11/08/2011 18:54:20] /t
[11/08/2011 18:54:36] /a 40
[11/08/2011 21:01:33] /t
[11/08/2011 21:26:27] /goto lindinha
[11/08/2011 21:29:18] /t
[11/08/2011 21:31:26] /goto lindinha
[11/08/2011 21:50:56] /goto Sasuke Uchiha
[11/08/2011 21:51:01] /m exp bug
[11/08/2011 21:51:37] /m exp buh
[11/08/2011 21:51:38] /m exp buh
[11/08/2011 21:51:38] /m exp buh
[11/08/2011 21:51:38] /m exp buh
[11/08/2011 21:51:38] /m exp buh
[11/08/2011 21:51:38] /m exp buh
[11/08/2011 21:51:38] /m exp buh
[11/08/2011 21:51:38] /m exp buh
[11/08/2011 21:51:38] /m exp buh
[11/08/2011 21:51:38] /m exp buh
[11/08/2011 21:51:38] /m exp buh
[11/08/2011 21:51:43] /m exp bug
[11/08/2011 21:51:43] /m exp bug
[11/08/2011 21:51:43] /m exp bug
[11/08/2011 21:51:43] /m exp bug
[11/08/2011 21:51:43] /m exp bug
[11/08/2011 21:51:43] /m exp bug
[11/08/2011 21:51:43] /m exp bug
[11/08/2011 21:51:43] /m exp bug
[11/08/2011 21:51:44] /m exp bug
[11/08/2011 21:51:44] /m exp bug
[11/08/2011 21:51:44] /m exp bug
[11/08/2011 21:51:44] /m exp bug
[11/08/2011 21:51:44] /m exp bug
[11/08/2011 21:51:44] /m exp bug
[11/08/2011 21:51:44] /m exp bug
[11/08/2011 21:51:44] /m exp bug
[11/08/2011 21:51:44] /m exp bug
[11/08/2011 21:51:44] /m exp bug
[11/08/2011 21:51:44] /m exp bug
[11/08/2011 21:51:44] /m exp bug
[11/08/2011 21:51:44] /m exp bug
[11/08/2011 21:51:44] /m exp bug
[11/08/2011 21:51:44] /m exp bug
[11/08/2011 21:51:45] /m exp bug
[11/08/2011 21:51:45] /m exp bug
[11/08/2011 21:51:58] /m exp bug
[11/08/2011 21:51:58] /m exp bug
[11/08/2011 21:51:58] /m exp bug
[11/08/2011 21:51:58] /m exp bug
[11/08/2011 21:51:59] /m exp bug
[11/08/2011 21:51:59] /m exp bug
[11/08/2011 21:51:59] /m exp bug
[11/08/2011 21:51:59] /m exp bug
[11/08/2011 21:51:59] /m exp bug
[11/08/2011 21:51:59] /m exp bug
[11/08/2011 21:51:59] /m exp bug
[11/08/2011 21:51:59] /m exp bug
[11/08/2011 21:51:59] /m exp bug
[11/08/2011 21:51:59] /m exp bug
[11/08/2011 21:51:59] /m exp bug
[11/08/2011 21:51:59] /m exp bug
[11/08/2011 21:51:59] /m exp bug
[11/08/2011 21:51:59] /m exp bug
[11/08/2011 21:51:59] /m exp bug
[11/08/2011 21:51:59] /m exp bug
[11/08/2011 21:51:59] /m exp bug
[11/08/2011 21:52:00] /m exp bug
[11/08/2011 21:52:00] /m exp bug
[11/08/2011 21:52:00] /m exp bug
[11/08/2011 21:52:00] /m exp bug
[11/08/2011 21:52:00] /m exp bug
[11/08/2011 21:52:00] /m exp bug
[11/08/2011 21:52:00] /m exp bug
[11/08/2011 21:52:00] /m exp bug
[11/08/2011 21:52:20] /r
[11/08/2011 21:52:20] /r
[11/08/2011 21:52:21] /r
[11/08/2011 21:52:22] /r
[11/08/2011 21:52:22] /r
[11/08/2011 21:52:23] /r
[11/08/2011 21:52:23] /r
[11/08/2011 21:52:23] /r
[11/08/2011 21:52:23] /r
[11/08/2011 21:52:24] /r
[11/08/2011 21:52:24] /r
[11/08/2011 21:52:24] /r
[11/08/2011 21:52:24] /r
[11/08/2011 21:52:26] /r
[11/08/2011 21:52:26] /r
[11/08/2011 21:52:26] /r
[11/08/2011 21:52:27] /r
[11/08/2011 21:52:29] /r
[11/08/2011 21:52:29] /r
[11/08/2011 21:52:30] /r
[11/08/2011 21:52:30] /r
[11/08/2011 21:52:30] /r
[11/08/2011 21:52:30] /r
[11/08/2011 21:52:31] /r
[11/08/2011 21:52:31] /r
[11/08/2011 21:52:31] /r
[11/08/2011 21:52:31] /r
[11/08/2011 21:52:31] /r
[11/08/2011 21:52:31] /r
[11/08/2011 21:52:32] /r
[11/08/2011 21:52:32] /r
[11/08/2011 21:52:32] /r
[11/08/2011 21:52:33] /r
[11/08/2011 21:52:33] /r
[11/08/2011 21:52:33] /r
[11/08/2011 21:52:33] /r
[11/08/2011 21:52:33] /r
[11/08/2011 21:52:34] /r
[11/08/2011 21:52:34] /r
[11/08/2011 21:52:34] /r
[11/08/2011 21:52:35] /r
[11/08/2011 21:52:35] /r
[11/08/2011 21:52:35] /r
[11/08/2011 21:52:35] /r
[11/08/2011 21:52:36] /r
[11/08/2011 21:52:37] /r
[11/08/2011 21:52:37] /r
[11/08/2011 21:52:37] /r
[11/08/2011 21:52:37] /r
[11/08/2011 21:52:37] /r
[11/08/2011 21:52:38] /r
[11/08/2011 21:52:38] /r
[11/08/2011 21:52:38] /r
[11/08/2011 21:52:38] /r
[11/08/2011 21:52:39] /r
[11/08/2011 21:52:39] /r
[11/08/2011 21:52:39] /r
[11/08/2011 21:52:40] /r
[11/08/2011 21:52:40] /r
[11/08/2011 21:52:41] /r
[11/08/2011 21:52:41] /r
[11/08/2011 21:52:41] /r
[11/08/2011 21:52:42] /r
[11/08/2011 21:52:42] /r
[11/08/2011 21:52:42] /r
[11/08/2011 21:52:42] /r
[11/08/2011 21:52:43] /r
[11/08/2011 21:52:43] /r
[11/08/2011 21:52:43] /r
[11/08/2011 21:52:43] /r
[11/08/2011 21:52:44] /r
[11/08/2011 21:52:44] /r
[11/08/2011 21:52:44] /r
[11/08/2011 21:52:44] /r
[11/08/2011 21:52:45] /r
[11/08/2011 21:52:45] /r
[11/08/2011 21:52:46] /r
[11/08/2011 21:52:46] /r
[11/08/2011 21:52:46] /r
[11/08/2011 21:52:46] /r
[11/08/2011 21:52:47] /r
[11/08/2011 21:52:48] /r
[11/08/2011 21:52:48] /r
[11/08/2011 21:53:00] /addskill Sasuke Uchiha ,30000
[11/08/2011 21:53:11] /t Fan do tiic tac
[11/08/2011 21:53:12] /r
[11/08/2011 21:53:12] /r
[11/08/2011 21:53:12] /r
[11/08/2011 21:53:13] /r
[11/08/2011 21:53:14] /r
[11/08/2011 21:53:14] /r
[11/08/2011 21:53:14] /r
[11/08/2011 21:53:14] /r
[11/08/2011 21:53:15] /r
[11/08/2011 21:53:15] /r
[11/08/2011 21:53:15] /r
[11/08/2011 21:53:15] /r
[11/08/2011 21:53:15] /r
[11/08/2011 21:53:16] /r
[11/08/2011 21:53:16] /r
[11/08/2011 21:53:16] /r
[11/08/2011 21:53:17] /r
[11/08/2011 21:53:25] /r
[11/08/2011 21:53:26] /r
[11/08/2011 21:53:26] /r
[11/08/2011 21:53:26] /r
[11/08/2011 21:53:26] /r
[11/08/2011 21:53:27] /r
[11/08/2011 21:53:27] /r
[11/08/2011 21:53:27] /r
[11/08/2011 21:53:27] /r
[11/08/2011 21:53:28] /r
[11/08/2011 21:53:28] /r
[11/08/2011 21:53:28] /r
[11/08/2011 21:53:29] /r
[11/08/2011 21:54:04] /addskill Sasuke Uchiha 30000
[11/08/2011 21:54:14] /addskill Sasuke Uchiha ,30000
[12/08/2011 00:42:39] /t
[12/08/2011 00:42:47] /a 3
[12/08/2011 00:43:05] /t
[12/08/2011 00:43:28] /bc vou dormi
[12/08/2011 00:43:58] /m demon lord
[12/08/2011 00:45:32] /m ultimate angel
[12/08/2011 00:46:29] /r
[12/08/2011 14:44:06] /goto druid master
[12/08/2011 14:44:11] /goto druid master
[12/08/2011 14:44:18] /t
[12/08/2011 14:44:43] /i ice sword
[12/08/2011 14:45:23] /attr attack 12000
[12/08/2011 17:00:45] /goto pala eu xavo
[12/08/2011 17:06:08] /goto pala eu xavo
[12/08/2011 18:11:14] /up
[12/08/2011 18:58:00] /goto black
[12/08/2011 19:49:13] /t
[12/08/2011 19:49:19] /ban Newot ,999
[12/08/2011 19:51:44] /ban Newot ll ,777
[12/08/2011 19:52:13] /b qm sab bani ip?
[12/08/2011 19:52:38] /b qm sab bani ip?
[12/08/2011 19:54:23] /goto knight od death
[12/08/2011 19:54:35] /goto knight of death
[12/08/2011 19:54:43] /addskill Knight Of Death,level,50
[12/08/2011 19:55:03] /i 10064
[12/08/2011 19:55:12] /i 2157
[12/08/2011 19:57:56] /goto Sasuke Uchiha
[12/08/2011 19:58:32] /addskill Sasuke Uchiha,level,80000
[12/08/2011 21:07:43] /goto Knight Of Death
[12/08/2011 21:08:07] /goto Knight Of Death
[12/08/2011 21:44:01] /a 1
[12/08/2011 21:44:06] /a 1
[12/08/2011 21:44:09] /a 1
[12/08/2011 21:59:05] /t
[12/08/2011 21:59:53] /addskill Sasuke Uchiha,level,160000
[12/08/2011 22:57:48] /goto [Hoster] Mateus
[12/08/2011 22:58:16] /t
[12/08/2011 23:44:00] /ban Pally Da Stronda ,5
[12/08/2011 23:44:20] /ban Account Manager ,3
[12/08/2011 23:44:46] /goto Sasuke Uchiha
[12/08/2011 23:45:14] /addskill Sasuke Uchiha,level,30000
[13/08/2011 13:20:11] /goto [Hoster] Jean
[13/08/2011 13:20:29] /goto homen aranha
[13/08/2011 13:20:41] /a 
[13/08/2011 13:20:43] /a 3
[13/08/2011 13:20:45] /a 3
[13/08/2011 13:21:30] /a 3
[13/08/2011 14:34:01] /m yeti
[13/08/2011 14:34:03] /m yeti
[13/08/2011 14:34:04] /m yeti
[13/08/2011 14:34:06] /m yeti
[13/08/2011 14:34:21] /m yeti
[13/08/2011 14:34:22] /m yeti
[13/08/2011 14:34:22] /m yeti
[13/08/2011 14:34:36] /m yeti
[13/08/2011 14:34:40] /m yeti
[13/08/2011 14:34:41] /m yeti
[13/08/2011 16:20:53] /goto Sasuke Uchiha
[13/08/2011 16:21:09] /addskill Sasuke Uchiha,level,30000
[13/08/2011 16:21:13] /addskill Sasuke Uchiha,level,30000
[13/08/2011 16:21:15] /addskill Sasuke Uchiha,level,30000
[13/08/2011 16:58:56] /goto Sasuke Uchiha
[13/08/2011 16:59:13] /addskill Sasuke Uchiha,level,50000
[13/08/2011 16:59:26] /addskill Sasuke Uchiha,level,50000
[13/08/2011 19:43:19] /i 2157
[13/08/2011 19:43:20] /i 2157
[13/08/2011 19:43:21] /i 2157
[13/08/2011 19:43:23] /i 2157
[13/08/2011 19:43:26] /i 2157
[13/08/2011 19:43:27] /i 2157
[13/08/2011 19:43:28] /i 2157
[13/08/2011 19:43:29] /i 2157
[13/08/2011 19:43:30] /i 2157
[13/08/2011 19:43:57] /i 2157
[13/08/2011 19:43:58] /i 2157
[13/08/2011 19:43:59] /i 2157
[13/08/2011 19:43:59] /i 2157
[13/08/2011 19:44:00] /i 2157
[13/08/2011 19:44:00] /i 2157
[13/08/2011 19:44:01] /i 2157
[13/08/2011 19:44:01] /i 2157
[13/08/2011 19:44:02] /i 2157
[13/08/2011 19:44:02] /i 2157
[13/08/2011 19:44:03] /i 2157
[13/08/2011 19:44:03] /i 2157
[13/08/2011 19:44:03] /i 2157
[13/08/2011 19:44:04] /i 2157
[13/08/2011 19:44:05] /i 2157
[13/08/2011 19:51:36] /goto GOD Vancini
[13/08/2011 19:51:55] /goto lord das trevas
[13/08/2011 19:54:27] /i 2157
[13/08/2011 19:54:27] /i 2157
[13/08/2011 19:54:27] /i 2157
[13/08/2011 19:54:28] /i 2157
[13/08/2011 19:54:28] /i 2157
[13/08/2011 19:54:28] /i 2157
[13/08/2011 19:54:29] /i 2157
[13/08/2011 19:54:29] /i 2157
[13/08/2011 19:54:29] /i 2157
[13/08/2011 19:54:30] /i 2157
[13/08/2011 19:54:30] /i 2157
[13/08/2011 19:54:31] /i 2157
[13/08/2011 19:54:31] /i 2157
[13/08/2011 19:54:31] /i 2157
[13/08/2011 19:54:32] /i 2157
[13/08/2011 19:54:32] /i 2157
[13/08/2011 19:54:33] /i 2157
[13/08/2011 19:54:34] /i 2157
[13/08/2011 19:54:34] /i 2157
[13/08/2011 19:54:35] /i 2157
[13/08/2011 19:54:35] /i 2157
[13/08/2011 19:54:36] /i 2157
[13/08/2011 19:54:36] /i 2157
[13/08/2011 19:54:37] /i 2157
[13/08/2011 19:54:37] /i 2157
[13/08/2011 19:54:38] /i 2157
[13/08/2011 19:54:41] /i 2157
[13/08/2011 19:54:41] /i 2157
[13/08/2011 19:54:41] /i 2157
[13/08/2011 19:54:42] /i 2157
[13/08/2011 19:54:42] /i 2157
[13/08/2011 19:54:42] /i 2157
[13/08/2011 19:54:43] /i 2157
[13/08/2011 19:54:43] /i 2157
[13/08/2011 19:54:44] /i 2157
[13/08/2011 19:54:44] /i 2157
[13/08/2011 19:54:45] /i 2157
[13/08/2011 19:54:45] /i 2157
[13/08/2011 19:54:46] /i 2157
[13/08/2011 19:54:46] /i 2157
[13/08/2011 19:54:47] /i 2157
[13/08/2011 19:54:48] /i 2157
[13/08/2011 19:54:50] /i 2157
[13/08/2011 19:54:53] /i 2157
[13/08/2011 19:54:55] /i 2157
[13/08/2011 19:54:56] /i 2157
[13/08/2011 19:54:56] /i 2157
[13/08/2011 19:54:56] /i 2157
[13/08/2011 19:54:57] /i 2157
[13/08/2011 19:54:59] /i 2157
[13/08/2011 19:55:00] /i 2157
[13/08/2011 19:55:00] /i 2157
[13/08/2011 19:55:01] /i 2157
[13/08/2011 19:55:02] /i 2157
[13/08/2011 19:55:03] /i 2157
[13/08/2011 19:55:03] /i 2157
[13/08/2011 19:55:04] /i 2157
[13/08/2011 19:55:05] /i 2157
[13/08/2011 19:55:05] /i 2157
[13/08/2011 19:55:05] /i 2157
[13/08/2011 19:55:06] /i 2157
[13/08/2011 19:55:06] /i 2157
[13/08/2011 19:55:07] /i 2157
[13/08/2011 19:55:08] /i 2157
[13/08/2011 19:55:08] /i 2157
[13/08/2011 19:55:09] /i 2157
[13/08/2011 19:55:10] /i 2157
[13/08/2011 19:55:10] /i 2157
[13/08/2011 19:55:10] /i 2157
[13/08/2011 19:55:11] /i 2157
[13/08/2011 19:55:11] /i 2157
[13/08/2011 19:55:12] /i 2157
[13/08/2011 19:55:12] /i 2157
[13/08/2011 19:55:13] /i 2157
[13/08/2011 19:55:13] /i 2157
[13/08/2011 19:55:13] /i 2157
[13/08/2011 19:55:14] /i 2157
[13/08/2011 19:55:14] /i 2157
[13/08/2011 19:55:15] /i 2157
[13/08/2011 19:55:15] /i 2157
[13/08/2011 19:55:16] /i 2157
[13/08/2011 19:55:17] /i 2157
[13/08/2011 19:55:17] /i 2157
[13/08/2011 19:55:17] /i 2157
[13/08/2011 19:55:17] /i 2157
[13/08/2011 19:55:17] /i 2157
[13/08/2011 19:55:18] /i 2157
[13/08/2011 19:55:18] /i 2157
[13/08/2011 19:55:18] /i 2157
[13/08/2011 19:55:18] /i 2157
[13/08/2011 19:55:18] /i 2157
[13/08/2011 19:55:18] /i 2157
[13/08/2011 19:55:18] /i 2157
[13/08/2011 19:55:18] /i 2157
[13/08/2011 19:55:18] /i 2157
[13/08/2011 19:55:18] /i 2157
[13/08/2011 19:55:18] /i 2157
[13/08/2011 19:55:18] /i 2157
[13/08/2011 19:55:18] /i 2157
[13/08/2011 19:55:18] /i 2157
[13/08/2011 19:55:18] /i 2157
[13/08/2011 19:55:18] /i 2157
[13/08/2011 19:55:18] /i 2157
[13/08/2011 19:55:18] /i 2157
[13/08/2011 19:55:18] /i 2157
[13/08/2011 19:55:18] /i 2157
[13/08/2011 19:55:18] /i 2157
[13/08/2011 19:55:18] /i 2157
[13/08/2011 19:55:18] /i 2157
[13/08/2011 19:55:18] /i 2157
[13/08/2011 19:55:18] /i 2157
[13/08/2011 19:55:18] /i 2157
[13/08/2011 19:55:18] /i 2157
[13/08/2011 19:55:19] /i 2157
[13/08/2011 19:55:19] /i 2157
[13/08/2011 19:55:19] /i 2157
[13/08/2011 19:55:19] /i 2157
[13/08/2011 19:55:21] /i 2157
[13/08/2011 19:55:21] /i 2157
[13/08/2011 19:55:21] /i 2157
[13/08/2011 19:55:21] /i 2157
[13/08/2011 19:55:21] /i 2157
[13/08/2011 19:55:21] /i 2157
[13/08/2011 19:55:21] /i 2157
[13/08/2011 19:55:21] /i 2157
[13/08/2011 19:55:22] /i 2157
[13/08/2011 19:55:22] /i 2157
[13/08/2011 19:55:22] /i 2157
[13/08/2011 19:55:22] /i 2157
[13/08/2011 19:55:22] /i 2157
[13/08/2011 19:55:22] /i 2157
[13/08/2011 19:55:22] /i 2157
[13/08/2011 19:55:22] /i 2157
[13/08/2011 19:55:22] /i 2157
[13/08/2011 19:55:22] /i 2157
[13/08/2011 19:55:22] /i 2157
[13/08/2011 19:55:22] /i 2157
[13/08/2011 19:55:22] /i 2157
[13/08/2011 19:55:22] /i 2157
[13/08/2011 19:55:22] /i 2157
[13/08/2011 19:55:22] /i 2157
[13/08/2011 19:55:22] /i 2157
[13/08/2011 19:55:22] /i 2157
[13/08/2011 19:55:22] /i 2157
[13/08/2011 19:55:22] /i 2157
[13/08/2011 19:55:22] /i 2157
[13/08/2011 19:55:22] /i 2157
[13/08/2011 19:55:22] /i 2157
[13/08/2011 19:55:22] /i 2157
[13/08/2011 19:55:22] /i 2157
[13/08/2011 19:55:22] /i 2157
[13/08/2011 19:55:22] /i 2157
[13/08/2011 19:55:23] /i 2157
[13/08/2011 19:55:23] /i 2157
[13/08/2011 19:55:23] /i 2157
[13/08/2011 19:55:23] /i 2157
[13/08/2011 19:55:23] /i 2157
[13/08/2011 19:55:23] /i 2157
[13/08/2011 19:55:23] /i 2157
[13/08/2011 19:55:23] /i 2157
[13/08/2011 19:55:23] /i 2157
[13/08/2011 19:55:23] /i 2157
[13/08/2011 19:55:23] /i 2157
[13/08/2011 19:55:23] /i 2157
[13/08/2011 19:55:23] /i 2157
[13/08/2011 19:55:23] /i 2157
[13/08/2011 19:55:23] /i 2157
[13/08/2011 19:55:23] /i 2157
[13/08/2011 19:55:23] /i 2157
[13/08/2011 19:55:23] /i 2157
[13/08/2011 19:55:23] /i 2157
[13/08/2011 19:55:23] /i 2157
[13/08/2011 19:55:23] /i 2157
[13/08/2011 19:55:23] /i 2157
[13/08/2011 19:55:23] /i 2157
[13/08/2011 19:55:23] /i 2157
[13/08/2011 19:55:24] /i 2157
[13/08/2011 19:55:24] /i 2157
[13/08/2011 19:55:24] /i 2157
[13/08/2011 19:55:24] /i 2157
[13/08/2011 19:55:24] /i 2157
[13/08/2011 19:55:24] /i 2157
[13/08/2011 19:55:24] /i 2157
[13/08/2011 19:55:24] /i 2157
[13/08/2011 19:55:24] /i 2157
[13/08/2011 19:55:24] /i 2157
[13/08/2011 19:55:24] /i 2157
[13/08/2011 19:55:24] /i 2157
[13/08/2011 19:55:24] /i 2157
[13/08/2011 19:55:24] /i 2157
[13/08/2011 19:55:24] /i 2157
[13/08/2011 19:55:24] /i 2157
[13/08/2011 19:55:24] /i 2157
[13/08/2011 19:55:24] /i 2157
[13/08/2011 19:55:24] /i 2157
[13/08/2011 19:55:24] /i 2157
[13/08/2011 19:55:24] /i 2157
[13/08/2011 19:55:24] /i 2157
[13/08/2011 19:55:24] /i 2157
[13/08/2011 19:55:24] /i 2157
[13/08/2011 19:55:25] /i 2157
[13/08/2011 19:55:25] /i 2157
[13/08/2011 19:55:25] /i 2157
[13/08/2011 19:55:25] /i 2157
[13/08/2011 19:55:25] /i 2157
[13/08/2011 19:55:25] /i 2157
[13/08/2011 19:55:25] /i 2157
[13/08/2011 19:55:25] /i 2157
[13/08/2011 19:55:25] /i 2157
[13/08/2011 19:55:25] /i 2157
[13/08/2011 19:55:25] /i 2157
[13/08/2011 19:55:25] /i 2157
[13/08/2011 19:55:25] /i 2157
[13/08/2011 19:55:25] /i 2157
[13/08/2011 19:55:25] /i 2157
[13/08/2011 19:55:25] /i 2157
[13/08/2011 19:55:25] /i 2157
[13/08/2011 19:55:25] /i 2157
[13/08/2011 19:55:25] /i 2157
[13/08/2011 19:55:25] /i 2157
[13/08/2011 19:55:25] /i 2157
[13/08/2011 19:55:25] /i 2157
[13/08/2011 19:55:25] /i 2157
[13/08/2011 19:55:25] /i 2157
[13/08/2011 19:55:25] /i 2157
[13/08/2011 19:55:25] /i 2157
[13/08/2011 19:55:25] /i 2157
[13/08/2011 19:55:25] /i 2157
[13/08/2011 19:55:25] /i 2157
[13/08/2011 19:55:26] /i 2157
[13/08/2011 19:55:26] /i 2157
[13/08/2011 19:55:26] /i 2157
[13/08/2011 19:55:26] /i 2157
[13/08/2011 19:55:26] /i 2157
[13/08/2011 19:55:26] /i 2157
[13/08/2011 19:55:26] /i 2157
[13/08/2011 19:55:26] /i 2157
[13/08/2011 19:55:26] /i 2157
[13/08/2011 19:55:26] /i 2157
[13/08/2011 19:55:26] /i 2157
[13/08/2011 19:55:26] /i 2157
[13/08/2011 19:55:26] /i 2157
[13/08/2011 19:55:26] /i 2157
[13/08/2011 19:55:26] /i 2157
[13/08/2011 19:55:27] /i 2157
[13/08/2011 19:55:27] /i 2157
[13/08/2011 19:55:27] /i 2157
[13/08/2011 19:55:27] /i 2157
[13/08/2011 19:55:28] /i 2157
[13/08/2011 19:55:28] /i 2157
[13/08/2011 19:55:28] /i 2157
[13/08/2011 19:55:28] /i 2157
[13/08/2011 19:55:28] /i 2157
[13/08/2011 19:55:28] /i 2157
[13/08/2011 19:55:28] /i 2157
[13/08/2011 19:55:28] /i 2157
[13/08/2011 19:55:28] /i 2157
[13/08/2011 19:55:28] /i 2157
[13/08/2011 19:55:28] /i 2157
[13/08/2011 19:55:28] /i 2157
[13/08/2011 19:55:28] /i 2157
[13/08/2011 19:55:28] /i 2157
[13/08/2011 19:55:28] /i 2157
[13/08/2011 19:55:28] /i 2157
[13/08/2011 19:55:28] /i 2157
[13/08/2011 19:55:28] /i 2157
[13/08/2011 19:55:28] /i 2157
[13/08/2011 19:55:28] /i 2157
[13/08/2011 19:55:28] /i 2157
[13/08/2011 19:55:28] /i 2157
[13/08/2011 19:55:28] /i 2157
[13/08/2011 19:55:28] /i 2157
[13/08/2011 19:55:28] /i 2157
[13/08/2011 19:55:28] /i 2157
[13/08/2011 19:55:29] /i 2157
[13/08/2011 19:55:29] /i 2157
[13/08/2011 19:55:29] /i 2157
[13/08/2011 19:55:29] /i 2157
[13/08/2011 19:55:29] /i 2157
[13/08/2011 19:55:29] /i 2157
[13/08/2011 19:55:29] /i 2157
[13/08/2011 19:55:29] /i 2157
[13/08/2011 19:55:29] /i 2157
[13/08/2011 19:55:29] /i 2157
[13/08/2011 19:55:49] /t
[13/08/2011 19:56:32] /i 2137
[13/08/2011 19:57:15] /i 2140
[13/08/2011 20:15:06] /goto skwaa
[13/08/2011 20:15:10] /goto skawaa
[13/08/2011 20:33:10] /i 10064
[13/08/2011 20:34:16] /t
[13/08/2011 20:37:19] /r
[13/08/2011 20:37:21] /t
[14/08/2011 00:01:30] /i vile axe
[14/08/2011 00:02:53] /i Demonwing Axe
[14/08/2011 00:04:36] /i Hammer of Wrath
[14/08/2011 00:05:05] /i sword of the hell
[14/08/2011 00:06:14] /i Havoc Blade
[14/08/2011 00:07:40] /i Swamplair Armor
[14/08/2011 00:07:53] /i Swamplair Armor
[14/08/2011 00:08:21] /i Royal Scale Robe
[14/08/2011 00:09:42] /i terra legs
[14/08/2011 00:11:16] /i Firewalker Boots
[14/08/2011 00:11:19] /i Firewalker Boots
[14/08/2011 00:12:13] /i Full Helmet of the Ancients
[14/08/2011 00:12:28] /i Crusader Helmet
[14/08/2011 00:12:51] /r
[14/08/2011 00:12:57] /i Crusader Helmet
[14/08/2011 00:13:21] /r
[14/08/2011 00:13:26] /i Crusader Helmet
[14/08/2011 00:13:27] /i Crusader Helmet
[14/08/2011 00:13:28] /i Crusader Helmet
[14/08/2011 00:14:13] /i Horned Helmet
[14/08/2011 00:14:48] /i Batwing Hat
[14/08/2011 00:14:53] /r
[14/08/2011 00:15:58] /i Necromancer Shield
[14/08/2011 00:16:27] /r
[14/08/2011 00:18:02] /t
[14/08/2011 00:18:12] /goto [Hoster] Jean
[14/08/2011 00:20:05] /attr defense 20000
[14/08/2011 00:20:07] /attr defense 20000
[14/08/2011 00:20:09] /attr defense 20000
[14/08/2011 00:20:10] /attr defense 20000
[14/08/2011 00:20:15] /attr defense 20000
[14/08/2011 00:20:28] /attr attack 7500
[14/08/2011 00:20:49] /attr defense 7000
[14/08/2011 00:23:15] /i Incredible Mumpiz Slayer
[14/08/2011 00:23:42] /i Mystic Blade
[14/08/2011 00:24:26] /i Dwarven Armor
[14/08/2011 00:24:30] /i Dwarven legs
[14/08/2011 00:24:39] /i golden boots
[14/08/2011 00:29:31] /i 10542
[14/08/2011 00:29:38] /i 10541
[14/08/2011 00:29:42] /r
[14/08/2011 00:29:48] /i 10545
[14/08/2011 00:29:53] /i 10544
[14/08/2011 00:29:57] /i 10543
[14/08/2011 00:30:01] /i 10542
[14/08/2011 00:30:05] /i 10540
[14/08/2011 00:30:09] /r
[14/08/2011 00:33:27] /i Claw of 'The Noxious Spawn
[14/08/2011 00:33:31] /i Claw of 'The Noxious Spawn'
[14/08/2011 00:36:03] /i The Famous Golden Bug
[14/08/2011 00:36:17] /i Nightmare Doll
[14/08/2011 00:36:36] /i Champion's Cup
[14/08/2011 00:36:47] /i Bronze Cup of Honour
[14/08/2011 00:37:12] /i Case of Rust Bugs
[14/08/2011 00:37:31] /i Crystal Arrow
[14/08/2011 00:38:18] /i Crystal Arrow
[14/08/2011 00:38:46] /i Crystal Arrow
[14/08/2011 00:42:30] /i Tome of Knowledge
[14/08/2011 00:49:25] /t
[14/08/2011 00:49:42] /goto [Hoster] Jean
[14/08/2011 00:49:56] /i 7958
[14/08/2011 00:50:34] /i 7958
[14/08/2011 00:51:16] /i Ghastly Dragon Head
[14/08/2011 00:53:48] /i 8303
[14/08/2011 11:39:16] /goto [Hoster] Jean
[14/08/2011 13:34:32] /i Robe of the Underworld
[14/08/2011 13:35:07] /goto Earth Overlord
[14/08/2011 13:35:13] /m Earth Overlord
[14/08/2011 13:35:32] /up
[14/08/2011 13:35:33] /up
[14/08/2011 13:35:45] /m Earth Overlord
[14/08/2011 13:35:45] /m Earth Overlord
[14/08/2011 13:35:45] /m Earth Overlord
[14/08/2011 13:35:46] /m Earth Overlord
[14/08/2011 13:35:46] /m Earth Overlord
[14/08/2011 13:35:46] /m Earth Overlord
[14/08/2011 13:35:46] /m Earth Overlord
[14/08/2011 13:35:46] /m Earth Overlord
[14/08/2011 13:35:47] /m Earth Overlord
[14/08/2011 13:35:47] /m Earth Overlord
[14/08/2011 13:35:47] /m Earth Overlord
[14/08/2011 13:37:46] /m Earth Overlord
[14/08/2011 13:39:33] /r
[14/08/2011 13:39:35] /r
[14/08/2011 13:39:40] /r
[14/08/2011 13:39:42] /r
[14/08/2011 13:39:45] /r
[14/08/2011 13:39:49] /r
[14/08/2011 13:39:52] /r
[14/08/2011 13:39:55] /r
[14/08/2011 13:39:58] /r
[14/08/2011 13:40:00] /r
[14/08/2011 13:40:13] /m Serpent Spawn
[14/08/2011 13:40:14] /m Serpent Spawn
[14/08/2011 13:40:15] /m Serpent Spawn
[14/08/2011 13:40:35] /m Serpent Spawn
[14/08/2011 13:40:36] /m Serpent Spawn
[14/08/2011 13:40:37] /m Serpent Spawn
[14/08/2011 13:40:38] /m Serpent Spawn
[14/08/2011 13:40:38] /m Serpent Spawn
[14/08/2011 13:41:10] /m Serpent Spawn
[14/08/2011 13:41:10] /m Serpent Spawn
[14/08/2011 13:41:11] /m Serpent Spawn
[14/08/2011 13:41:12] /m Serpent Spawn
[14/08/2011 13:41:12] /m Serpent Spawn
[14/08/2011 13:41:55] /t
[14/08/2011 13:42:04] /a 40
[14/08/2011 13:43:03] /i dragon scale legs
[14/08/2011 13:43:15] /c [Hoster] Jean
[14/08/2011 13:43:53] /c [Hoster] Jean
[14/08/2011 13:44:30] /i Mercenary Sword
[14/08/2011 13:44:48] /r
[14/08/2011 13:45:40] /i Ornamented Shield
[14/08/2011 13:46:13] /i Scarab Shield
[14/08/2011 13:48:09] /i Shield of Corruption
[14/08/2011 13:48:41] /i Phoenix Shield
[14/08/2011 13:49:34] /i Crocodile Boots
[14/08/2011 13:50:25] /i Lunar Staff
[14/08/2011 13:50:48] /i Blessed Sceptre
[14/08/2011 13:51:01] /i 	Abyss Hammer
[14/08/2011 15:07:26] /i ice sword
[14/08/2011 15:33:45] /goto hercules
[14/08/2011 15:33:47] /a 3
[14/08/2011 15:33:56] /a 30
[14/08/2011 15:33:59] /a 10
[14/08/2011 15:34:34] /goto lvfadc
[14/08/2011 15:35:13] /c lvfadc
[14/08/2011 15:35:20] /c Lvfadc
[14/08/2011 15:35:42] /t
[14/08/2011 18:05:31] /t
[14/08/2011 18:09:06] /i epic uh
[14/08/2011 18:09:11] /i epic mana
[14/08/2011 18:09:16] /a 30
[14/08/2011 18:09:17] /a 30
[14/08/2011 18:09:56] /a 2
[14/08/2011 18:10:01] /m yalahari
[14/08/2011 22:49:41] /i 8545
[14/08/2011 22:49:45] /r
[14/08/2011 22:49:50] /i 8540
[14/08/2011 22:49:59] /r
[14/08/2011 22:50:03] /i 8541
[14/08/2011 22:50:05] /r
[14/08/2011 22:50:10] /i 8451
[14/08/2011 22:50:13] /r
[14/08/2011 22:50:29] /i 10541
[14/08/2011 22:50:35] /r
[14/08/2011 22:50:45] /i 10542
[14/08/2011 22:50:55] /i 10543
[14/08/2011 22:51:02] /i 10544
[14/08/2011 22:51:05] /i 10545
[14/08/2011 22:51:09] /i 10555
[14/08/2011 22:52:49] /i 10555//t
[14/08/2011 22:52:51] /t
[14/08/2011 22:52:58] /up
[14/08/2011 22:53:00] /up
[14/08/2011 22:53:06] /i 98545
[14/08/2011 22:53:09] /i 9854
[14/08/2011 22:53:16] /i 9854
[14/08/2011 22:53:19] /i 9854
[14/08/2011 22:53:22] /r
[14/08/2011 22:53:25] /r
[14/08/2011 22:53:31] /r
[14/08/2011 22:53:34] /r
[14/08/2011 22:53:39] /i 7412
[14/08/2011 22:53:44] /i 1000
[14/08/2011 22:53:48] /i 1002
[14/08/2011 22:53:50] /i 1002
[14/08/2011 22:53:54] /r
[14/08/2011 22:54:02] /i 936
[14/08/2011 22:54:04] /i 936
[14/08/2011 22:54:50] /i 9852
[14/08/2011 22:54:53] /r
[14/08/2011 22:55:03] /i 5000
[14/08/2011 22:55:12] /r
[14/08/2011 22:55:16] /i 3000
[14/08/2011 22:55:25] /i 2000
[14/08/2011 22:55:33] /i 4000
[14/08/2011 22:55:37] /r
[14/08/2011 22:55:41] /i 4999
[14/08/2011 22:55:44] /r
[14/08/2011 22:55:48] /i 4888
[14/08/2011 22:55:50] /i 4888
[14/08/2011 22:55:55] /i 4887
[14/08/2011 22:55:57] /i 4887
[14/08/2011 22:56:00] /r
[14/08/2011 22:56:02] /r
[14/08/2011 22:56:05] /i 4889
[14/08/2011 22:56:08] /r
[14/08/2011 22:56:12] /i 4889
[14/08/2011 22:56:20] /i 4889
[14/08/2011 22:56:23] /r
[14/08/2011 22:56:29] /i 4886
[14/08/2011 22:56:38] /i 4884
[14/08/2011 22:56:43] /r
[14/08/2011 22:56:45] /r
[14/08/2011 22:56:49] /r
[14/08/2011 22:56:54] /r
[14/08/2011 22:56:57] /r
[14/08/2011 22:56:59] /r
[14/08/2011 23:04:31] /i 1
[14/08/2011 23:04:58] /up
[14/08/2011 23:05:03] /r
[14/08/2011 23:05:08] /save
[14/08/2011 23:05:38] /goto lindinha
[14/08/2011 23:05:44] /r
[14/08/2011 23:05:54] /goto marcelo
[14/08/2011 23:06:06] /b ai alguem tem char no global ai?
[14/08/2011 23:06:23] /b ai alguem tem char no global ai?
[14/08/2011 23:06:30] /b qm tive manda msg do itens
[14/08/2011 23:07:22] /b qm tive char global manda msg do itens
[14/08/2011 23:14:22] /b qm tive char global manda msg do itens
[14/08/2011 23:32:28] /b qm tive char global manda msg vamo faze rolo =D
[14/08/2011 23:33:25] /b qm tive char global manda msg vamo faze rolo =D
[14/08/2011 23:35:48] /b qm tive char global manda msg vamo faze rolo =D
[14/08/2011 23:43:16] /b qm tive char global manda msg vamo faze rolo =D
[14/08/2011 23:43:51] /attr attack 1
[14/08/2011 23:44:14] /attr attack 30000
[14/08/2011 23:50:44] /b qm tive char global manda msg vamo faze rolo =D
[15/08/2011 00:09:45] /b qm tive char global manda msg vamo faze rolo =D
[15/08/2011 21:33:31] /i 2266
[15/08/2011 21:35:08] /a 50
[15/08/2011 21:37:55] /attr attack 600000
[15/08/2011 22:19:01] /attr attack 12000
[16/08/2011 18:21:57] /b qm tem char no global manda msg so qm tem char
[16/08/2011 18:24:43] /b qm tem char no global manda msg so qm tem char
[16/08/2011 18:25:33] /b qm tem char no global manda msg so qm tem char
[16/08/2011 18:27:30] /b qm tem char no global manda msg so qm tem char
[16/08/2011 18:33:07] /b qm tive lvl 30 a mas global com dinheiro e tals manda msg vamo faze rolo
[16/08/2011 18:37:45] /i 1064
[16/08/2011 18:37:49] /r
[16/08/2011 18:37:55] /i 10064
[16/08/2011 18:37:56] /i 10064
[16/08/2011 18:37:57] /i 10064
[16/08/2011 18:37:58] /i 10064
[16/08/2011 18:38:06] /up
[16/08/2011 18:38:07] /up
[16/08/2011 18:38:13] /c Pally Off God
[16/08/2011 18:38:28] /i 2157
[16/08/2011 18:39:46] /c kina of hell
[16/08/2011 18:39:52] /c kina of hell
[16/08/2011 18:41:08] /i 10064
[16/08/2011 18:41:09] /i 10064
[16/08/2011 18:41:19] /i 2157
[16/08/2011 20:15:48] /t
[16/08/2011 20:34:38] /a 3
[16/08/2011 22:59:42] /a 50
[16/08/2011 23:00:05] /t
[16/08/2011 23:00:13] /m juca
[16/08/2011 23:05:11] /c juca
[16/08/2011 23:05:19] /r
[16/08/2011 23:05:23] /m morte
[16/08/2011 23:05:39] /bc mort e melhor
[16/08/2011 23:05:44] /t
[17/08/2011 18:10:41] /a 40
[17/08/2011 18:22:59] /t
[17/08/2011 18:23:52] /a 2
[17/08/2011 18:24:03] /t
[17/08/2011 18:24:13] /i 2137
[17/08/2011 18:24:25] /t
[17/08/2011 18:25:14] /a 3
[17/08/2011 18:25:27] /a 2
[17/08/2011 18:25:35] /a 2
[17/08/2011 18:25:43] /a 2
[17/08/2011 21:26:37] /m alma
[17/08/2011 21:27:43] /r
[17/08/2011 21:27:50] /r
[17/08/2011 21:27:52] /r
[17/08/2011 21:27:54] /r
[17/08/2011 21:31:00] /a 20
[17/08/2011 21:31:39] /i 2316
[17/08/2011 21:31:42] /t
[17/08/2011 21:31:45] /up
[17/08/2011 21:31:48] /up
[17/08/2011 21:33:06] /m yalaharia
[17/08/2011 21:33:15] /m demon lord
[17/08/2011 21:33:45] /m juca
[17/08/2011 21:34:02] /r
[17/08/2011 21:34:06] /m morte
[17/08/2011 21:34:52] /r
[17/08/2011 21:36:18] /r
[17/08/2011 21:36:39] /t
[16/09/2011 17:50:05] /b voltei \o/
[16/09/2011 17:51:14] /t
[16/09/2011 17:51:53] /goto clasus
[16/09/2011 17:51:58] /a 2
[16/09/2011 17:52:35] /goto Mlk Zika
[16/09/2011 17:53:36] /t
[16/09/2011 17:55:23] /goto Mlk Zika
[16/09/2011 17:56:33] /i ice master
[16/09/2011 17:56:44] /i ice lord
[16/09/2011 17:56:51] /m ice master
[17/09/2011 14:08:45] /goto [Hoster] Jean
[17/09/2011 14:08:58] /b voltei sentiram saudades?
[17/09/2011 14:10:31] /goto Lord Paulistinha
[17/09/2011 14:10:35] /goto Lord Paulistinha
[17/09/2011 14:10:48] /goto Lord Paulistinha
[17/09/2011 14:10:55] /goto Lord Paulistinha
[17/09/2011 14:12:32] /ban Guuh ,5000
[17/09/2011 14:12:44] /a 30
[17/09/2011 14:12:46] /a 30
[17/09/2011 14:14:08] /m infernatil
[17/09/2011 14:49:04] /goto [Hoster] Jean
[17/09/2011 14:49:13] /goto [Hoster] Jean
[17/09/2011 14:49:26] /a 3
[17/09/2011 14:51:48] /t
[17/09/2011 14:51:51] /up
[17/09/2011 14:51:52] /up
[17/09/2011 14:53:38] /a 2
[17/09/2011 14:55:20] /t
[17/09/2011 14:55:51] /a 30
[17/09/2011 14:55:54] /a 30
[17/09/2011 14:56:15] /i golden helmet
[17/09/2011 14:56:17] /i golden helmet
[17/09/2011 14:56:29] /i golden helmet
[17/09/2011 14:56:30] /i golden helmet
[17/09/2011 14:56:31] /i golden helmet
[17/09/2011 14:56:32] /i golden helmet
[17/09/2011 14:56:32] /i golden helmet
[17/09/2011 14:56:33] /i golden helmet
[17/09/2011 14:56:33] /i golden helmet
[17/09/2011 14:56:34] /i golden helmet
[17/09/2011 14:56:34] /i golden helmet
[17/09/2011 14:56:35] /i golden helmet
[17/09/2011 14:56:35] /i golden helmet
[17/09/2011 14:56:40] /r
[17/09/2011 14:56:45] /r
[17/09/2011 14:56:47] /r
[17/09/2011 14:56:50] /r
[17/09/2011 14:56:52] /i golden helmet
[17/09/2011 14:57:08] /a 10
[17/09/2011 14:57:10] /a 10
[17/09/2011 14:57:12] /a 10
[17/09/2011 14:57:14] /a 10
[17/09/2011 14:57:16] /a 10
[17/09/2011 14:59:08] /goto super homem
[17/09/2011 14:59:21] /t
[17/09/2011 14:59:28] /a 50
[17/09/2011 14:59:32] /a 10
[17/09/2011 14:59:33] /a 10
[17/09/2011 14:59:37] /a 10
[17/09/2011 14:59:39] /a 10
[17/09/2011 14:59:53] /a 30
[17/09/2011 14:59:55] /a 30
[17/09/2011 15:00:31] /a 40
[17/09/2011 15:00:35] /a 10
[17/09/2011 15:00:39] /i ceremonial mask
[17/09/2011 15:00:40] /i ceremonial mask
[17/09/2011 15:00:41] /i ceremonial mask
[17/09/2011 15:00:41] /i ceremonial mask
[17/09/2011 15:00:42] /i ceremonial mask
[17/09/2011 15:00:43] /i ceremonial mask
[17/09/2011 15:00:45] /i ceremonial mask
[17/09/2011 15:00:46] /i ceremonial mask
[17/09/2011 15:00:48] /i golden helmet
[17/09/2011 15:00:49] /i golden helmet
[17/09/2011 15:00:49] /i golden helmet
[17/09/2011 15:00:49] /i golden helmet
[17/09/2011 15:00:56] /r
[17/09/2011 15:00:59] /r
[17/09/2011 15:01:03] /i ceremonial mask
[17/09/2011 15:01:04] /i ceremonial mask
[17/09/2011 15:01:05] /i ceremonial mask
[17/09/2011 15:01:06] /i golden helmet
[17/09/2011 15:01:14] /i golden helmet
[17/09/2011 15:01:15] /i ceremonial mask
[17/09/2011 15:01:18] /i golden helmet
[17/09/2011 15:01:23] /r
[17/09/2011 15:01:24] /i ceremonial mask
[17/09/2011 15:01:28] /r
[17/09/2011 15:01:29] /i golden helmet
[17/09/2011 15:01:33] /i ceremonial mask
[17/09/2011 15:01:37] /i ceremonial mask
[17/09/2011 15:01:41] /i golden helmet
[17/09/2011 15:01:45] /i ceremonial mask
[17/09/2011 15:01:45] /i golden helmet
[17/09/2011 15:01:46] /i ceremonial mask
[17/09/2011 15:01:47] /i golden helmet
[17/09/2011 15:01:48] /i ceremonial mask
[17/09/2011 15:01:48] /i golden helmet
[17/09/2011 15:01:49] /i ceremonial mask
[17/09/2011 15:01:50] /i golden helmet
[17/09/2011 15:01:51] /i ceremonial mask
[17/09/2011 15:01:52] /i golden helmet
[17/09/2011 15:01:52] /i ceremonial mask
[17/09/2011 15:01:53] /i golden helmet
[17/09/2011 15:01:54] /i ceremonial mask
[17/09/2011 15:01:55] /i golden helmet
[17/09/2011 15:01:56] /i ceremonial mask
[17/09/2011 15:01:57] /i golden helmet
[17/09/2011 15:01:57] /i ceremonial mask
[17/09/2011 15:01:58] /i golden helmet
[17/09/2011 15:02:00] /i golden helmet
[17/09/2011 15:02:01] /i golden helmet
[17/09/2011 15:02:02] /i golden helmet
[17/09/2011 15:02:03] /i golden helmet
[17/09/2011 15:02:05] /i golden helmet
[17/09/2011 15:02:06] /i golden helmet
[17/09/2011 15:02:08] /i golden helmet
[17/09/2011 15:02:09] /i golden helmet
[17/09/2011 15:02:09] /i golden helmet
[17/09/2011 15:02:10] /i golden helmet
[17/09/2011 15:02:11] /i golden helmet
[17/09/2011 15:02:16] /i golden helmet
[17/09/2011 15:02:18] /i golden helmet
[17/09/2011 15:02:18] /i golden helmet
[17/09/2011 15:02:20] /i golden helmet
[17/09/2011 15:02:22] /i golden helmet
[17/09/2011 15:02:27] /i golden helmet
[17/09/2011 15:02:28] /i golden helmet
[17/09/2011 15:02:29] /i golden helmet
[17/09/2011 15:02:30] /i golden helmet
[17/09/2011 15:02:31] /i golden helmet
[17/09/2011 15:02:32] /i golden helmet
[17/09/2011 15:02:42] /t
[17/09/2011 15:02:50] /i 2000
[17/09/2011 15:02:54] /i golden helmet
[17/09/2011 15:02:57] /i golden helmet
[17/09/2011 15:03:09] /i golden helmet
[17/09/2011 15:03:10] /i golden helmet
[17/09/2011 15:04:26] /i golden helmet
[17/09/2011 15:04:28] /i golden helmet
[17/09/2011 15:04:28] /i golden helmet
[17/09/2011 15:04:29] /i golden helmet
[17/09/2011 15:04:29] /i golden helmet
[17/09/2011 15:04:29] /i golden helmet
[17/09/2011 15:04:29] /i golden helmet
[17/09/2011 15:04:29] /i golden helmet
[17/09/2011 15:04:33] /i golden helmet
[17/09/2011 15:04:34] /i golden helmet
[17/09/2011 15:04:34] /i golden helmet
[17/09/2011 15:04:34] /i golden helmet
[17/09/2011 15:04:34] /i golden helmet
[17/09/2011 15:04:34] /i golden helmet
[17/09/2011 15:04:34] /i golden helmet
[17/09/2011 15:04:34] /i golden helmet
[17/09/2011 15:04:34] /i golden helmet
[17/09/2011 15:04:34] /i golden helmet
[17/09/2011 15:04:34] /i golden helmet
[19/09/2011 00:24:03] /i Ultimate Epic UH
[19/09/2011 00:24:08] /goto marciano
[19/09/2011 00:24:12] /a 3
[19/09/2011 18:19:51] /i 2000
[19/09/2011 18:19:53] /t
[19/09/2011 18:20:37] /a 30
[19/09/2011 18:20:47] /a 3
[19/09/2011 18:20:55] /a 3
[19/09/2011 18:21:54] /i sword of the hell
[19/09/2011 18:25:19] /t
[19/09/2011 18:25:27] /ban Chuck Nub ,300
[19/09/2011 23:09:07] /attr defense 8000000
[19/09/2011 23:12:28] /m ice lord
[19/09/2011 23:13:49] /m yalahari
[19/09/2011 23:13:51] /m yalahari
[19/09/2011 23:13:53] /m yalahari
[19/09/2011 23:13:56] /m yalahari
[19/09/2011 23:15:07] /r
[19/09/2011 23:15:10] /r
[19/09/2011 23:15:14] /r
[19/09/2011 23:15:16] /r
[19/09/2011 23:15:20] /r
[19/09/2011 23:15:25] /r
[19/09/2011 23:15:37] /m yalahari
[19/09/2011 23:15:38] /m yalahari
[19/09/2011 23:15:40] /m yalahari
[19/09/2011 23:15:41] /m yalahari
[19/09/2011 23:15:42] /m yalahari
[19/09/2011 23:15:44] /m yalahari
[19/09/2011 23:15:45] /m yalahari
[19/09/2011 23:15:46] /m yalahari
[19/09/2011 23:15:51] /a 2
[19/09/2011 23:15:53] /m yalahari
[19/09/2011 23:39:16] /goto marciano
[19/09/2011 23:39:19] /a 10
[19/09/2011 23:39:38] /a 20
[19/09/2011 23:39:40] /a 20
[19/09/2011 23:39:42] /a 20
[19/09/2011 23:39:43] /a 20
[19/09/2011 23:39:45] /a 20
[19/09/2011 23:39:48] /a 20
[19/09/2011 23:39:49] /a 20
[19/09/2011 23:39:52] /a 3
[19/09/2011 23:39:55] /a 3
[19/09/2011 23:40:21] /attr attack 99999999999999
[20/09/2011 21:20:07] /addskill Morena Preciosa ,level,18000
[20/09/2011 21:20:14] /addskill Morena Preciosa ,level,180000
[20/09/2011 21:20:33] /addskill Morena Preciosa ,distance,120
[20/09/2011 21:20:48] /i 2157
[20/09/2011 21:20:54] /i 2137
[20/09/2011 21:21:11] /a 40
[20/09/2011 21:21:16] /a 10
[20/09/2011 21:21:18] /a 10
[20/09/2011 21:21:20] /up
[20/09/2011 21:21:29] /t
[20/09/2011 21:23:24] /i 2300
[20/09/2011 21:23:40] /i 2272
[20/09/2011 21:23:48] /i 2296
[20/09/2011 21:28:30] /i 10064
[20/09/2011 22:46:12] /goto morena preciosa
[20/09/2011 22:46:43] /addskill Morena Preciosa ,distance,35
[20/09/2011 22:46:59] /addskill Morena Preciosa ,shield,130
[20/09/2011 22:47:15] /addskill Morena Preciosa ,magic,80
[20/09/2011 22:47:39] /addskill Morena Preciosa ,level,20000
[21/09/2011 15:46:51] /ban Love io ,200
[22/09/2011 16:13:43] /goto [Hoster] Jean
[22/09/2011 16:14:19] /r
[22/09/2011 16:16:42] /i fire axe
[22/09/2011 16:18:00] /i sword of the hell
[22/09/2011 16:22:38] /m clasus
[22/09/2011 16:22:40] /m clasus
[22/09/2011 16:22:43] /m clasus
[22/09/2011 16:23:35] /m clasus
[22/09/2011 16:23:36] /m clasus
[22/09/2011 16:23:36] /m clasus
[22/09/2011 16:23:36] /m clasus
[22/09/2011 16:23:36] /m clasus
[22/09/2011 16:23:37] /m clasus
[22/09/2011 16:23:37] /m clasus
[22/09/2011 16:23:37] /m clasus
[22/09/2011 16:23:37] /m clasus
[22/09/2011 16:23:38] /m clasus
[22/09/2011 16:23:39] /m clasus
[22/09/2011 16:23:39] /m clasus
[22/09/2011 16:23:40] /m clasus
[22/09/2011 16:23:40] /m clasus
[22/09/2011 16:23:40] /m clasus
[22/09/2011 16:23:40] /m clasus
[22/09/2011 16:23:41] /m clasus
[22/09/2011 16:23:52] /m clasus
[22/09/2011 16:23:55] /m clasus
[22/09/2011 16:23:57] /m clasus
[22/09/2011 16:24:00] /m clasus
[22/09/2011 16:24:00] /m clasus
[22/09/2011 16:24:00] /m clasus
[22/09/2011 16:24:00] /m clasus
[22/09/2011 16:24:01] /m clasus
[22/09/2011 16:24:01] /m clasus
[22/09/2011 16:24:01] /m clasus
[22/09/2011 16:24:01] /m clasus
[22/09/2011 16:24:02] /m clasus
[22/09/2011 16:24:02] /m clasus
[22/09/2011 16:24:02] /m clasus
[22/09/2011 16:24:03] /m clasus
[22/09/2011 19:57:20] /goto [Hoster] Jean
[22/09/2011 19:58:17] /t
[22/09/2011 22:22:57] /addskill Morena Preciosa ,level,15000
[22/09/2011 23:41:21] /m yalahari
[22/09/2011 23:41:24] /m yalahari
[22/09/2011 23:41:28] /m yalahari
[22/09/2011 23:41:37] /b yalahari na city
[22/09/2011 23:41:38] /b yalahari na city
[22/09/2011 23:41:39] /b yalahari na city
[22/09/2011 23:41:47] /b yalahari na city
[22/09/2011 23:41:58] /goto brunizin
[22/09/2011 23:42:08] /goto Bruunizin
[22/09/2011 23:43:12] /c Bruunizin
[22/09/2011 23:43:16] /c Bruunizin
[22/09/2011 23:43:18] /c Bruunizin
[24/09/2011 14:06:18] /goto [Hoster] Jean
[24/09/2011 14:07:25] /a 2
[24/09/2011 14:07:52] /a 2
[24/09/2011 14:09:10] /a 1
[24/09/2011 14:09:13] /a 1
[24/09/2011 14:09:14] /a 1
[24/09/2011 14:09:15] /a 1
[24/09/2011 14:09:18] /a 1
[24/09/2011 14:09:19] /a 1
[24/09/2011 14:09:20] /a 1
[24/09/2011 14:09:21] /a 1
[24/09/2011 14:09:49] /a 1
[24/09/2011 14:10:02] /ghost
[24/09/2011 14:16:41] /a 1
[24/09/2011 14:17:45] /ghost
[24/09/2011 14:17:48] /a 1
[24/09/2011 14:17:52] /a 1
[24/09/2011 14:17:55] /a 1
[24/09/2011 14:18:20] /a 1
[24/09/2011 14:18:25] /a 1
[24/09/2011 14:18:29] /a 1
[24/09/2011 14:18:34] /a 1
[24/09/2011 14:18:38] /a 1
[24/09/2011 14:18:41] /a 1
[24/09/2011 14:18:47] /a 1
[24/09/2011 14:18:48] /a 1
[24/09/2011 14:18:50] /a 1
[24/09/2011 14:18:51] /a 1
[24/09/2011 14:18:52] /a 1
[24/09/2011 14:18:56] /a 1
[24/09/2011 14:19:00] /a 1
[24/09/2011 14:19:01] /a 1
[24/09/2011 14:19:19] /a 1
[24/09/2011 14:21:05] /ghost
[24/09/2011 14:24:31] /ghost
[24/09/2011 14:24:45] /a 1
[24/09/2011 14:24:48] /a 1
[24/09/2011 14:25:21] /ghost
[24/09/2011 14:25:51] /b so da mole vcs em
[24/09/2011 14:26:01] /b so da mole vcs em
[24/09/2011 14:26:12] /a 1
[24/09/2011 14:29:28] /ghost
[24/09/2011 14:30:22] /a 3
[24/09/2011 14:30:24] /a 3
[24/09/2011 14:30:27] /a 3
[24/09/2011 14:30:33] /a 3
[24/09/2011 14:31:33] /i 1740
[24/09/2011 14:31:34] /i 1740
[24/09/2011 14:31:34] /i 1740
[24/09/2011 14:31:35] /i 1740
[24/09/2011 14:31:36] /i 1740
[24/09/2011 14:31:36] /i 1740
[24/09/2011 14:31:38] /i 1740
[24/09/2011 14:31:38] /i 1740
[24/09/2011 14:31:39] /i 1740
[24/09/2011 14:31:40] /i 1740
[24/09/2011 14:31:40] /i 1740
[24/09/2011 14:31:41] /i 1740
[24/09/2011 14:31:42] /i 1740
[24/09/2011 14:31:43] /i 1740
[24/09/2011 14:31:46] /i 1740
[24/09/2011 14:31:46] /i 1740
[24/09/2011 14:32:07] /i 1740
[24/09/2011 14:32:08] /i 1740
[24/09/2011 14:32:08] /i 1740
[24/09/2011 14:32:10] /i 1740
[24/09/2011 14:32:11] /i 1740
[24/09/2011 14:32:12] /i 1740
[24/09/2011 14:32:13] /i 1740
[24/09/2011 14:32:14] /i 1740
[24/09/2011 14:32:15] /i 1740
[24/09/2011 14:32:16] /i 1740
[24/09/2011 14:32:17] /i 1740
[24/09/2011 14:32:27] /i 1740
[24/09/2011 14:32:28] /i 1740
[24/09/2011 14:32:29] /i 1740
[24/09/2011 14:32:29] /i 1740
[24/09/2011 14:32:30] /i 1740
[24/09/2011 14:32:31] /i 1740
[24/09/2011 14:32:32] /i 1740
[24/09/2011 14:32:32] /i 1740
[24/09/2011 14:32:33] /i 1740
[24/09/2011 14:32:37] /i 1740
[24/09/2011 14:32:37] /i 1740
[24/09/2011 14:32:38] /i 1740
[24/09/2011 14:32:46] /i 1740
[24/09/2011 14:32:47] /i 1740
[24/09/2011 14:32:47] /i 1740
[24/09/2011 14:32:48] /i 1740
[24/09/2011 14:32:51] /r
[24/09/2011 14:33:23] /ghost
[24/09/2011 14:34:56] /attr health 1
[24/09/2011 14:35:11] /attr health 0
[24/09/2011 14:35:18] /attr health 0
[24/09/2011 14:40:28] /i 2000
[24/09/2011 14:44:24] /attr health 1
[24/09/2011 14:44:46] /attr health 000000000000
[24/09/2011 19:26:54] /ghost
[24/09/2011 23:56:47] /goto The Lord Kina 
[24/09/2011 23:56:51] /goto The Lord Kina
[25/09/2011 15:52:58] /t
[25/09/2011 15:56:16] /t
[25/09/2011 15:56:27] /a 1
[25/09/2011 15:56:29] /attr health 1
[25/09/2011 15:56:40] /attr health 1
[25/09/2011 15:58:16] /attr health 100
[25/09/2011 16:03:16] /i 2124
[25/09/2011 16:03:16] /i 2124
[25/09/2011 16:03:16] /i 2124
[25/09/2011 16:03:16] /i 2124
[25/09/2011 16:03:17] /i 2124
[25/09/2011 16:03:17] /i 2124
[25/09/2011 16:03:17] /i 2124
[25/09/2011 16:03:17] /i 2124
[25/09/2011 16:03:17] /i 2124
[25/09/2011 16:03:17] /i 2124
[25/09/2011 16:03:17] /i 2124
[25/09/2011 16:03:17] /i 2124
[25/09/2011 16:03:17] /i 2124
[25/09/2011 16:03:17] /i 2124
[25/09/2011 16:03:17] /i 2124
[25/09/2011 16:03:17] /i 2124
[25/09/2011 16:03:17] /i 2124
[25/09/2011 16:03:17] /i 2124
[25/09/2011 16:03:17] /i 2124
[25/09/2011 16:03:17] /i 2124
[25/09/2011 16:03:17] /i 2124
[25/09/2011 16:03:17] /i 2124
[25/09/2011 16:03:17] /i 2124
[25/09/2011 16:03:17] /i 2124
[25/09/2011 16:03:17] /i 2124
[25/09/2011 16:03:18] /i 2124
[25/09/2011 16:03:18] /i 2124
[25/09/2011 16:03:18] /i 2124
[25/09/2011 16:03:18] /i 2124
[25/09/2011 16:03:18] /i 2124
[25/09/2011 16:03:18] /i 2124
[25/09/2011 16:03:18] /i 2124
[25/09/2011 16:03:18] /i 2124
[25/09/2011 16:03:18] /i 2124
[25/09/2011 16:03:18] /i 2124
[25/09/2011 16:03:18] /i 2124
[25/09/2011 16:03:18] /i 2124
[25/09/2011 16:03:18] /i 2124
[25/09/2011 16:03:18] /i 2124
[25/09/2011 16:03:18] /i 2124
[25/09/2011 16:03:18] /i 2124
[25/09/2011 16:03:18] /i 2124
[25/09/2011 16:03:18] /i 2124
[25/09/2011 16:03:18] /i 2124
[25/09/2011 16:03:18] /i 2124
[25/09/2011 16:03:18] /i 2124
[25/09/2011 16:03:18] /i 2124
[25/09/2011 16:03:18] /i 2124
[25/09/2011 16:03:18] /i 2124
[25/09/2011 16:03:18] /i 2124
[25/09/2011 16:03:18] /i 2124
[25/09/2011 16:03:19] /i 2124
[25/09/2011 16:03:19] /i 2124
[25/09/2011 16:03:19] /i 2124
[25/09/2011 16:03:19] /i 2124
[25/09/2011 16:03:19] /i 2124
[25/09/2011 16:03:19] /i 2124
[25/09/2011 16:03:19] /i 2124
[25/09/2011 16:03:19] /i 2124
[25/09/2011 16:03:19] /i 2124
[25/09/2011 16:03:19] /i 2124
[25/09/2011 16:03:19] /i 2124
[25/09/2011 16:03:19] /i 2124
[25/09/2011 16:03:19] /i 2124
[25/09/2011 16:03:19] /i 2124
[25/09/2011 16:03:19] /i 2124
[25/09/2011 16:03:19] /i 2124
[25/09/2011 16:03:19] /i 2124
[25/09/2011 16:03:19] /i 2124
[25/09/2011 16:03:19] /i 2124
[25/09/2011 16:03:24] /i 2124
[25/09/2011 16:03:25] /i 2124
[25/09/2011 16:03:25] /i 2124
[25/09/2011 16:03:25] /i 2124
[25/09/2011 16:03:25] /i 2124
[25/09/2011 16:03:25] /i 2124
[25/09/2011 16:03:25] /i 2124
[25/09/2011 16:03:25] /i 2124
[25/09/2011 16:03:25] /i 2124
[25/09/2011 16:03:25] /i 2124
[25/09/2011 16:03:25] /i 2124
[25/09/2011 16:03:25] /i 2124
[25/09/2011 16:03:25] /i 2124
[25/09/2011 16:03:25] /i 2124
[25/09/2011 16:03:26] /i 2124
[25/09/2011 16:03:26] /i 2124
[25/09/2011 16:03:26] /i 2124
[25/09/2011 16:03:26] /i 2124
[25/09/2011 16:03:26] /i 2124
[25/09/2011 16:03:26] /i 2124
[25/09/2011 16:03:26] /i 2124
[25/09/2011 16:03:26] /i 2124
[25/09/2011 16:03:26] /i 2124
[25/09/2011 16:03:26] /i 2124
[25/09/2011 16:03:26] /i 2124
[25/09/2011 16:03:26] /i 2124
[25/09/2011 16:03:26] /i 2124
[25/09/2011 16:03:26] /i 2124
[25/09/2011 16:03:26] /i 2124
[25/09/2011 16:03:26] /i 2124
[25/09/2011 16:03:26] /i 2124
[25/09/2011 16:03:26] /i 2124
[25/09/2011 16:03:27] /i 2124
[25/09/2011 16:03:27] /i 2124
[25/09/2011 16:03:27] /i 2124
[25/09/2011 16:03:27] /i 2124
[25/09/2011 16:03:27] /i 2124
[25/09/2011 16:03:27] /i 2124
[25/09/2011 16:03:27] /i 2124
[25/09/2011 16:03:27] /i 2124
[25/09/2011 16:03:27] /i 2124
[25/09/2011 16:03:27] /i 2124
[25/09/2011 16:03:27] /i 2124
[25/09/2011 16:03:27] /i 2124
[25/09/2011 16:03:27] /i 2124
[25/09/2011 16:03:27] /i 2124
[25/09/2011 16:03:27] /i 2124
[25/09/2011 16:03:27] /i 2124
[25/09/2011 16:03:27] /i 2124
[25/09/2011 16:03:27] /i 2124
[25/09/2011 16:03:27] /i 2124
[25/09/2011 16:03:28] /i 2124
[25/09/2011 16:03:28] /i 2124
[25/09/2011 16:03:28] /i 2124
[25/09/2011 16:03:28] /i 2124
[25/09/2011 16:03:28] /i 2124
[25/09/2011 16:03:28] /i 2124
[25/09/2011 16:03:28] /i 2124
[25/09/2011 16:03:28] /i 2124
[25/09/2011 16:03:28] /i 2124
[25/09/2011 16:03:28] /i 2124
[25/09/2011 16:03:28] /i 2124
[25/09/2011 16:03:28] /i 2124
[25/09/2011 16:03:28] /i 2124
[25/09/2011 16:03:28] /i 2124
[25/09/2011 16:03:28] /i 2124
[25/09/2011 16:03:28] /i 2124
[25/09/2011 16:03:28] /i 2124
[25/09/2011 16:03:28] /i 2124
[25/09/2011 16:03:28] /i 2124
[25/09/2011 16:03:28] /i 2124
[25/09/2011 16:03:29] /i 2124
[25/09/2011 16:03:29] /i 2124
[25/09/2011 16:03:29] /i 2124
[25/09/2011 16:03:29] /i 2124
[25/09/2011 16:03:29] /i 2124
[25/09/2011 16:03:29] /i 2124
[25/09/2011 16:03:29] /i 2124
[25/09/2011 16:03:29] /i 2124
[25/09/2011 16:03:29] /i 2124
[25/09/2011 16:03:29] /i 2124
[25/09/2011 16:03:29] /i 2124
[25/09/2011 16:03:29] /i 2124
[25/09/2011 16:03:29] /i 2124
[25/09/2011 16:03:29] /i 2124
[25/09/2011 16:03:29] /i 2124
[25/09/2011 16:03:29] /i 2124
[25/09/2011 16:03:29] /i 2124
[25/09/2011 16:03:29] /i 2124
[25/09/2011 16:03:30] /i 2124
[25/09/2011 16:03:30] /i 2124
[25/09/2011 16:03:30] /i 2124
[25/09/2011 16:03:30] /i 2124
[25/09/2011 16:03:30] /i 2124
[25/09/2011 16:03:30] /i 2124
[25/09/2011 16:03:30] /i 2124
[25/09/2011 16:03:30] /i 2124
[25/09/2011 16:03:30] /i 2124
[25/09/2011 16:03:30] /i 2124
[25/09/2011 16:03:30] /i 2124
[25/09/2011 16:03:30] /i 2124
[25/09/2011 16:03:30] /i 2124
[25/09/2011 16:03:30] /i 2124
[25/09/2011 16:03:30] /i 2124
[25/09/2011 16:03:30] /i 2124
[25/09/2011 16:03:30] /i 2124
[25/09/2011 16:03:30] /i 2124
[25/09/2011 16:03:31] /i 2124
[25/09/2011 16:07:38] /b quer q eu tiro ?
[25/09/2011 16:07:51] /goto [CM] Eduardo
[25/09/2011 16:09:21] /attr group 1
[25/09/2011 16:09:31] /attr group 1
[25/09/2011 16:09:43] /t
[25/09/2011 16:09:50] /goto [CM] Eduardo
[25/09/2011 16:09:58] /goto [CM] Eduardo
[25/09/2011 16:10:29] /attr group 1
[25/09/2011 16:10:39] /t
[25/09/2011 16:11:01] /b n mando tira?
[25/09/2011 16:40:25] /b gollllllll
[25/09/2011 16:40:26] /b gollllllll
[25/09/2011 16:40:27] /b gollllllll
[25/09/2011 16:40:32] /b gollllllll
[25/09/2011 16:40:47] /b vasco
[25/09/2011 16:41:39] /b vasco vs cruzeiro
[25/09/2011 16:42:03] /b 49 pontos '-'
[25/09/2011 16:42:25] /b ganha ferro so sir for
[25/09/2011 16:42:48] /b 3 pontos
[25/09/2011 16:42:54] /b =)
[25/09/2011 16:43:04] /b q time vc torce?
[25/09/2011 16:43:26] /b kkkkkkkkkkkk parado na esquina kkkkkkkkkkkkkkkk
[25/09/2011 16:43:52] /b bom ja estamos no 49 =)
[25/09/2011 16:44:56] /goto [CM] Eduardo
[25/09/2011 16:45:40] /b eduardo tem cara de viado n conta
[25/09/2011 16:45:53] /b hushushushushu
[25/09/2011 16:46:10] /b fala da minha mae pra ve se n morre
[25/09/2011 16:46:42] /b tem so vc de eduardo no ot ?
[25/09/2011 16:46:53] /b se vc acho q foi pra vc n posso faze nd
[25/09/2011 16:49:08] /b ligo n perdi 1 200k e ganhei god
[25/09/2011 16:49:13] /b vlw pela troca
[25/09/2011 16:50:13] /b fui hacked por ele i tava sem char o animal deixo uma carta com o nome dele ai pra eu n fica sem char o jean mando eu cria e me deu god eu era cm
[25/09/2011 16:50:47] /b ai qnd agnt descobriu ele perdeu cm
[25/09/2011 16:51:07] /b eu tenho raiva de vc pq vc tem cara de viado e n gosto de viado
[25/09/2011 16:51:47] /b mas estou falano de vc ou da sua mae?
[25/09/2011 16:52:34] /b logico eu tava com uma foto sem camisa ele começo a fala q sou forte sai fora rapa
[25/09/2011 16:52:54] /b des q n da em cima de mim
[25/09/2011 16:53:34] /b se ele gosta tida  o cu o problema n e meu mas des q n vem pra cima de mim so respeita meu espaço q esta bom yy
[25/09/2011 16:54:05] /b po pego mas muie q vc a e aquela carol q vc me passo fica medano mole falo q vc n aguenta ela
[25/09/2011 16:54:28] /goto borges
[25/09/2011 16:54:50] /b kk pergunta pra ela
[25/09/2011 16:55:14] /b o mlk e tao ruinzinho intimano q vem pedi pra mim ajuda ele
[25/09/2011 16:56:00] /b e po uma grande garota ela 3 metros de largura
[25/09/2011 16:56:41] /b kkkkkkkkkkk entao ela e magra
[25/09/2011 16:57:03] /b vei vc n tem nem pc precisa fica na casa da ua tia xiu ai
[25/09/2011 16:57:52] /b e po dps q vc roubo da casa da sua tia vc tem msm
[25/09/2011 16:58:24] /b eduardo tava na clinica mlk ele usa craque nunca viu a cara de maluco n?
[25/09/2011 16:59:07] /b logico q vi vei ela falo q era tao pequeno q tinha q ve de perto po
[25/09/2011 16:59:42] /b o apelido dele na rl e eduardo pp
[25/09/2011 16:59:51] /b eduardo pinto pequeno
[25/09/2011 17:00:20] /b vem aki em casa ve o pequeno
[25/09/2011 17:00:39] /b nn e melhor n vc gosta esqueci
[25/09/2011 17:01:25] /b e po minha mae procuro e n acho nd
[25/09/2011 17:01:45] /b ela toda vez fala pra mim e sua amiguinha a eduarda esta bem?
[25/09/2011 17:02:23] /b qeu falo n po n e menina n parece m n e
[25/09/2011 17:02:31] /b mas*
[25/09/2011 17:03:10] /b vou para ou daqui pouco o jean vai entra no msn falano q o edruado se mato pq falei a verdade pra ele
[25/09/2011 17:04:12] /b namoral gente pra de zua ele o garoto ja tem a vida acabada do fato de ser viado e ter uma coisa pequena q ngm acha
[25/09/2011 17:05:06] /b tento usa o craque mas e muito moça pra isso entao deixa ele em paz, a unica diversao dele e o ot q ele se acha alguem
[25/09/2011 17:05:40] /b pareii rindo litros aki
[25/09/2011 17:05:46] /b kkkkkkkkkkk
[25/09/2011 17:06:19] /b e po olha la sou eu msm
[25/09/2011 17:06:32] /b mas tbm olha trenzinho do amor parte 2
[25/09/2011 17:06:46] /b vc nunca fez 1 desse ne?
[25/09/2011 17:07:17] /b kkk entao acha homem bonito ne ui safada
[25/09/2011 17:07:49] /b 17:06 [CM] Eduardo: é feio pra krl
[25/09/2011 17:07:59] /b ngm falo?
[25/09/2011 17:08:29] /b se acha feio tbm acha outros bonitos
[25/09/2011 17:08:59] /b eduardo sua mae agr qr abri 1 negocio ne?
[25/09/2011 17:09:26] /b uma casa de viado porisso estava chamano seus amiguinho da trokinha ne?
[25/09/2011 17:10:22] /b pode começa po 
[25/09/2011 17:10:28] /b q eu mas sei e de mae
[25/09/2011 17:11:00] /b vou para pq to fazendo o pessoal mijar de rir
[25/09/2011 17:12:34] /bc green pode fala o eduardo todos ja sabem da realidade
[25/09/2011 17:13:13] /bc green; pode fala o eduardo todos ja sabem da realidade
[25/09/2011 17:14:52] /bc green; 17:14 [CM] Eduardo: nem td mundo gosta mais dele/ rum entao vc gostava ne safada?
[25/09/2011 17:15:24] /bc green; vc gostava dele ne 
[25/09/2011 17:15:44] /b qm me odeia ai fala eu
[25/09/2011 17:16:19] /ghost
[25/09/2011 17:16:23] /a 2
[25/09/2011 17:18:46] /b eu juro q n vou mas zua o eduardo a vida dele ja e destruida
[25/09/2011 17:19:06] /b imaginem vc com um irmao viado
[25/09/2011 17:19:25] /b vc levano os amigos la i ele mandano beijo pra eles
[25/09/2011 17:19:49] /b viu n falo nd
[25/09/2011 17:20:54] /b desculpa eduardo n sou igual vc gosto de outra coisa
[25/09/2011 17:21:00] /b ()
[25/09/2011 17:21:13] /b eduardo _)_
[25/09/2011 17:21:32] /b kkkkkkk e vc brinca com o boneco ne safada
[25/09/2011 17:23:15] /a 1
[25/09/2011 17:56:56] /b 3 pro vasco direito a chapeu
[25/09/2011 18:01:06] /a 5
[25/09/2011 18:02:56] /ghost
[25/09/2011 18:03:13] /kick [Tutor] Druid Master 
[25/09/2011 18:03:21] /kick [Tutor] Druid Master 
[25/09/2011 18:03:26] /kick [Tutor] Druid Master 
[25/09/2011 18:03:41] /kick [Tutor] Druid Master 
[25/09/2011 18:03:47] /kick [Tutor] Druid Master 
[25/09/2011 18:04:02] /kick [Tutor] Druid Master 
[25/09/2011 18:04:15] /kick [Tutor] Druid Master 
[25/09/2011 18:04:27] /kick [Tutor] Druid Master 
[25/09/2011 18:04:34] /kick [Tutor] Druid Master 
[25/09/2011 21:23:43] /r
[25/09/2011 21:28:24] /a 1
[25/09/2011 21:28:36] /a 1
[25/09/2011 21:28:38] /a 1
[25/09/2011 21:28:55] /a 1
[25/09/2011 21:32:42] /owner morena preciosa
[25/09/2011 21:32:49] /t
[25/09/2011 21:36:37] /a 2
[25/09/2011 21:36:47] /a 2
[25/09/2011 21:37:20] /i 2306
[25/09/2011 21:37:22] /i 2306
[25/09/2011 21:37:33] /i 2306
[25/09/2011 21:37:44] /i 2314
[25/09/2011 21:37:46] /i 2314
[25/09/2011 21:37:47] /i 2314
[25/09/2011 21:37:51] /i 2314
[25/09/2011 21:38:10] /t
[25/09/2011 21:38:38] /i 2294
[25/09/2011 21:38:40] /i 2294
[25/09/2011 21:38:41] /i 2294
[25/09/2011 21:38:41] /i 2294
[25/09/2011 21:38:42] /i 2294
[25/09/2011 21:39:03] /i 2270
[25/09/2011 21:39:04] /i 2270
[25/09/2011 21:39:05] /i 2270
[25/09/2011 21:39:06] /i 2270
[25/09/2011 21:39:08] /i 2270
[25/09/2011 21:39:19] /i 8919
[25/09/2011 21:39:21] /i 8919
[25/09/2011 21:39:27] /r
[25/09/2011 21:39:28] /r
[25/09/2011 21:40:07] /i 5785
[25/09/2011 21:40:08] /i 5785
[25/09/2011 21:40:09] /i 5785
[25/09/2011 21:40:10] /i 5785
[25/09/2011 21:40:11] /i 5785
[25/09/2011 21:40:17] /a 2
[25/09/2011 21:40:33] /a 2
[26/09/2011 21:43:38] /goto The Lord Pally
[26/09/2011 21:43:53] /goto Matheus Zikinha
[26/09/2011 21:44:02] /ghost
[26/09/2011 21:45:54] /t The Lord Pally
[26/09/2011 21:46:45] /t The Lord Pally
[26/09/2011 21:47:28] /t The Lord Pally
[26/09/2011 22:01:59] /ghost
[26/09/2011 22:02:40] /t
[26/09/2011 22:02:46] /a 2
[26/09/2011 22:02:54] /a 6
[26/09/2011 22:02:56] /a 6
[27/09/2011 19:04:42] /t
[27/09/2011 22:40:50] /up
[27/09/2011 22:40:51] /up
[27/09/2011 22:40:54] /c fodex
[27/09/2011 22:42:16] /t
[27/09/2011 22:42:33] /c fodex
[27/09/2011 22:42:40] /ghost
[27/09/2011 22:43:12] /ghost
[27/09/2011 22:43:14] /t
[27/09/2011 22:43:22] /a 2
[28/09/2011 22:02:41] /t
[28/09/2011 22:03:55] /goto 
[28/09/2011 22:05:05] /addskill [GOD] Bruno ,magic,109
[28/09/2011 22:05:21] /addskill [GOD] Bruno ,magic,109
[28/09/2011 22:05:42] /addskill [GOD] Bruno ,109,magic
[29/09/2011 18:13:11] /a 50
[29/09/2011 18:13:17] /t
[29/09/2011 18:15:17] /addskill Morena Preciosa ,level,34000
[29/09/2011 18:15:36] /addskill Morena Preciosa ,distance,8
[29/09/2011 18:15:53] /addskill Morena Preciosa ,shield,45
[29/09/2011 23:19:00] /goto clasus
[29/09/2011 23:19:03] /a 10
[29/09/2011 23:19:21] /a 20
[29/09/2011 23:19:22] /a 20
[29/09/2011 23:19:24] /a 20
[29/09/2011 23:19:28] /a 5
[29/09/2011 23:19:30] /a 5
[29/09/2011 23:19:44] /r
[29/09/2011 23:19:46] /r
[29/09/2011 23:19:55] /r
[29/09/2011 23:20:22] /a 5
[29/09/2011 23:20:32] /attr attack 200000
[29/09/2011 23:20:51] /a 5
[29/09/2011 23:20:57] /a 5
[02/10/2011 15:07:41] /goto [CM] Eduardo
[02/10/2011 15:07:45] /a 2
[02/10/2011 15:07:47] /up
[02/10/2011 15:07:48] /up
[02/10/2011 15:07:49] /up
[02/10/2011 15:07:53] /c [CM] Eduardo
[02/10/2011 15:08:00] /a 5
[02/10/2011 15:08:46] /c [CM] Eduardo
[02/10/2011 15:08:49] /a 5
[02/10/2011 15:18:02] /t
