[09/06/2011 19:19:27] /b :O
[09/06/2011 19:20:14] /b Hoster Ta Off !
[09/06/2011 19:20:16] /b Hoster Ta Off !
[09/06/2011 19:20:24] /b Hoster Ta Off !
[09/06/2011 19:20:24] /b Hoster Ta Off !
[09/06/2011 19:20:26] /b Hoster Ta Off !
[09/06/2011 19:20:48] /b Hoster Ta Off !
[09/06/2011 19:20:48] /b Hoster Ta Off !
[09/06/2011 19:23:37] /b Frase do Dia : Druid Master Diz : Eu Sai do Armario faz 2 Anos ! Nao Tenha Medo ! Saia Voc  Tambeem Colega ! 
[09/06/2011 19:23:38] /b Frase do Dia : Druid Master Diz : Eu Sai do Armario faz 2 Anos ! Nao Tenha Medo ! Saia Voc  Tambeem Colega ! 
[09/06/2011 19:25:29] /b Druid Maste : eu ja sai do armario colega ! saia voce tambem ! nao tenha medo :P
[09/06/2011 19:26:02] /b Debug Fooda :S
[09/06/2011 19:26:03] /b Debug Fooda :S
[09/06/2011 19:28:07] /b Druid Master : Eu ja sai do armario coleeega ! so faalta vooooc  ! naao tenha meedo ! 
[09/06/2011 19:28:24] /b Druid Master : Eu ja sai do armario coleeega ! so faalta vooooc  ! naao tenha meedo ! 
[09/06/2011 19:28:26] /b Druid Master : Eu ja sai do armario coleeega ! so faalta vooooc  ! naao tenha meedo ! 
[09/06/2011 20:42:11] /b flw pro ceeis aai ! bom jogo
[09/06/2011 20:42:12] /b flw pro ceeis aai ! bom jogo
[09/06/2011 20:42:13] /b flw pro ceeis aai ! bom jogo
[09/06/2011 20:42:14] /b flw pro ceeis aai ! bom jogo
[09/06/2011 20:42:15] /b flw pro ceeis aai ! bom jogo
[10/06/2011 14:51:52] /b to saino ai galera , dps volto , te mais , bom joogo :*
[10/06/2011 14:51:53] /b to saino ai galera , dps volto , te mais , bom joogo :*
[10/06/2011 14:51:54] /b to saino ai galera , dps volto , te mais , bom joogo :*
