[16/07/2011 18:50:39] /b oi
[16/07/2011 18:50:44] /b
[16/07/2011 18:50:50] /b Testano
[16/07/2011 18:51:00] /b Sejam Bem Vindos Duvidas No Help
[16/07/2011 19:04:09] /b Gente Nao To Mais No Help jaja EU falo to fasendo quest!!duvidas tiro daq 5 minutos 
[16/07/2011 19:07:16] /info
[16/07/2011 19:07:22] /info pedro l
[16/07/2011 19:07:25] /info pedro L
[16/07/2011 19:15:42] /info Master Kina
[16/07/2011 19:16:09] /info pedro i
[16/07/2011 19:23:17] /b HOster da goto aq um bug
[16/07/2011 19:23:18] /b HOster da goto aq um bug
[16/07/2011 19:23:20] /b HOster da goto aq um bug
[16/07/2011 19:23:27] /b HOster da goto aq um bug
[16/07/2011 19:23:40] /b --HOster da goto aq um bug--
[16/07/2011 19:23:53] /b --HOster da goto aq um bug--
[16/07/2011 19:24:10] /b --HOster da goto aq um bug--
[16/07/2011 19:31:47] /b quem vai qere fase quest epic espera
[16/07/2011 19:32:08] /b qem quise q bloka vai ino q chego
[16/07/2011 20:46:26] /b 
[16/07/2011 20:46:43] /b Quem qé se meu fan ? kkk
[16/07/2011 20:49:58] /b Quem Qé x1 na arena?lv 40 -
[16/07/2011 20:50:01] /b Quem Qé x1 na arena?lv 40 - mil
[16/07/2011 20:50:02] /b Quem Qé x1 na arena?lv 40 - mil
[16/07/2011 20:50:03] /b Quem Qé x1 na arena?lv 40 - mil
[16/07/2011 20:50:04] /b Quem Qé x1 na arena?lv 40 - mil
[16/07/2011 20:50:05] /b Quem Qé x1 na arena?lv 40 - mil
[16/07/2011 20:51:47] /b You recognize Yakuza. He was killed by [Tutor] Black Skull Rox.
[16/07/2011 20:54:25] /b You recognize Anjo Da Noite. She was killed by [Tutor] Black Skull Rox.
[16/07/2011 20:59:28] /b fala anjo
[16/07/2011 21:08:02] /b n é de mata agr ok
[16/07/2011 21:21:04] /b Soufoda volta aq 
[16/07/2011 21:31:12] /b Matheus Um Player ta preso ele disse
[16/07/2011 21:46:42] /b Gente Bom Jogo Pra Voces-To de saida-Boa noite hoster
[16/07/2011 21:46:43] /b Gente Bom Jogo Pra Voces-To de saida-Boa noite hoster
[16/07/2011 21:46:43] /b Gente Bom Jogo Pra Voces-To de saida-Boa noite hoster
[16/07/2011 21:46:44] /b Gente Bom Jogo Pra Voces-To de saida-Boa noite hoster
[16/07/2011 21:46:44] /b Gente Bom Jogo Pra Voces-To de saida-Boa noite hoster
[17/07/2011 10:46:58] /b VOltei Eai Galera BOm DIa
[17/07/2011 10:51:31] /b Gente ja volto
[17/07/2011 11:10:31] /b descupa ae hercules
[17/07/2011 11:14:58] /b Duvidas No Help (aperte ctrl+t)
[17/07/2011 11:15:00] /b Duvidas No Help (aperte ctrl+t)
[17/07/2011 11:15:01] /b Duvidas No Help (aperte ctrl+t)
[17/07/2011 11:15:51] /b matheus o kra ta me xamano de FDP AQ E FALANO Q RACKIEI ELE
[17/07/2011 11:15:52] /b matheus o kra ta me xamano de FDP AQ E FALANO Q RACKIEI ELE
[17/07/2011 11:15:53] /b matheus o kra ta me xamano de FDP AQ E FALANO Q RACKIEI ELE
[17/07/2011 11:15:53] /b matheus o kra ta me xamano de FDP AQ E FALANO Q RACKIEI ELE
[17/07/2011 11:18:56] /b Hoster Um player qé fala um trosso po se
[17/07/2011 11:18:58] /b Hoster Um player qé fala um trosso po se
[17/07/2011 11:20:29] /b aff spike
[17/07/2011 11:21:13] /b Meu fan vem aq na quest epic q ja to aq
[17/07/2011 11:21:41] /b TO no help agr
[17/07/2011 11:38:41] /b fala kisao
[17/07/2011 11:45:46] /b gente dps bloko
[17/07/2011 11:45:58] /b ja canssei de bloka epic daq a poko bloko
[17/07/2011 11:46:01] /b ja canssei de bloka epic daq a poko bloko
[17/07/2011 11:46:05] /b ja canssei de bloka epic daq a poko bloko      gentee
[17/07/2011 11:54:33] /b 11:54 Lord Pally [690]: fdp
[17/07/2011 11:54:34] /b 11:54 Lord Pally [690]: fdp
[17/07/2011 11:54:40] /b 11:54 Lord Pally [690]: fdp  me xamo fdp E n fis nada
[17/07/2011 11:54:40] /b 11:54 Lord Pally [690]: fdp  me xamo fdp E n fis nada
[17/07/2011 11:54:41] /b 11:54 Lord Pally [690]: fdp  me xamo fdp E n fis nada
[17/07/2011 11:54:41] /b 11:54 Lord Pally [690]: fdp  me xamo fdp E n fis nada
[17/07/2011 11:54:42] /b 11:54 Lord Pally [690]: fdp  me xamo fdp E n fis nada
[17/07/2011 11:54:42] /b 11:54 Lord Pally [690]: fdp  me xamo fdp E n fis nada
[17/07/2011 11:54:43] /b 11:54 Lord Pally [690]: fdp  me xamo fdp E n fis nada
[17/07/2011 11:54:43] /b 11:54 Lord Pally [690]: fdp  me xamo fdp E n fis nada
[17/07/2011 11:54:44] /b 11:54 Lord Pally [690]: fdp  me xamo fdp E n fis nada
[17/07/2011 11:54:49] /b 11:54 Lord Pally [690]: fdp  me xamo fdp E n fis nada
[17/07/2011 12:14:01] /b VOltei
[17/07/2011 12:20:59] /b Trem Vem
[17/07/2011 12:24:19] /b Gente  javolto
[17/07/2011 12:28:13] /b vem trem bala
[17/07/2011 12:28:14] /b vem trem bala
[17/07/2011 12:28:15] /b vem trem bala
[17/07/2011 12:28:44] /b gente eu ajudo s kra mas tamem qero u´pa pow
[17/07/2011 12:45:21] /b gente vo upa xau
[17/07/2011 13:03:42] /info Druid do capeta
[17/07/2011 13:04:04] /info [Tutor] Black Skull Rox
[17/07/2011 13:16:59] /b vo reinicia o pc ja volto
[17/07/2011 13:39:31] /b kkk pego red pedro
[17/07/2011 14:34:23] /b Quem qé x1 brinca arena vem
[17/07/2011 15:02:43] /b
[17/07/2011 15:03:46] /b Mateus Fis Alguma coisa?
[17/07/2011 15:03:48] /b Mateus Fis Alguma coisa?
[17/07/2011 15:45:30] /b ADM Gente xingano o ot aq
[17/07/2011 15:45:34] /b ADM Gente xingano o ot aq
[17/07/2011 15:45:34] /b ADM Gente xingano o ot aq
[17/07/2011 15:45:43] /b ADM Gente xingano o ot aq
[17/07/2011 15:45:44] /b ADM Gente xingano o ot aq
[17/07/2011 15:45:56] /b ADM Gente xingano o ot aq
[17/07/2011 16:22:47] /b Mateus alguem me teleporto pra ka corre aq
[17/07/2011 16:22:48] /b Mateus alguem me teleporto pra ka corre aq
[17/07/2011 16:22:48] /b Mateus alguem me teleporto pra ka corre aq
[17/07/2011 16:22:49] /b Mateus alguem me teleporto pra ka corre aq
[17/07/2011 16:22:49] /b Mateus alguem me teleporto pra ka corre aq
[17/07/2011 16:22:49] /b Mateus alguem me teleporto pra ka corre aq
[17/07/2011 16:22:50] /b Mateus alguem me teleporto pra ka corre aq
[17/07/2011 16:22:50] /b Mateus alguem me teleporto pra ka corre aq
[17/07/2011 16:22:51] /b Mateus alguem me teleporto pra ka corre aq
[17/07/2011 16:22:51] /b Mateus alguem me teleporto pra ka corre aq
[17/07/2011 16:22:55] /b Mateus alguem me teleporto pra ka corre aq  Urgernte
[17/07/2011 16:22:56] /b Mateus alguem me teleporto pra ka corre aq  Urgernte
[17/07/2011 16:22:56] /b Mateus alguem me teleporto pra ka corre aq  Urgernte
[17/07/2011 16:22:57] /b Mateus alguem me teleporto pra ka corre aq  Urgernte
[17/07/2011 16:22:57] /b Mateus alguem me teleporto pra ka corre aq  Urgernte
[17/07/2011 16:22:58] /b Mateus alguem me teleporto pra ka corre aq  Urgernte
[17/07/2011 16:22:58] /b Mateus alguem me teleporto pra ka corre aq  Urgernte
[17/07/2011 16:22:58] /b Mateus alguem me teleporto pra ka corre aq  Urgernte
[17/07/2011 16:22:59] /b Mateus alguem me teleporto pra ka corre aq  Urgernte
[17/07/2011 16:23:20] /b Mateus alguem me teleporto pra ka corre aq  Urgernte    (TO PRESO )
[17/07/2011 16:23:21] /b Mateus alguem me teleporto pra ka corre aq  Urgernte    (TO PRESO )
[17/07/2011 16:23:22] /b Mateus alguem me teleporto pra ka corre aq  Urgernte    (TO PRESO )
[17/07/2011 16:23:22] /b Mateus alguem me teleporto pra ka corre aq  Urgernte    (TO PRESO )
[17/07/2011 16:23:22] /b Mateus alguem me teleporto pra ka corre aq  Urgernte    (TO PRESO )
[17/07/2011 16:23:41] /b Mateus alguem me teleporto pra ka corre aq  Urgernte    (TO PRESO )
[17/07/2011 16:23:42] /b Mateus alguem me teleporto pra ka corre aq  Urgernte    (TO PRESO )
[17/07/2011 16:23:43] /b Mateus alguem me teleporto pra ka corre aq  Urgernte    (TO PRESO )
[17/07/2011 16:23:44] /b Mateus alguem me teleporto pra ka corre aq  Urgernte    (TO PRESO )
[17/07/2011 16:41:38] /b Mateus eai vai meda aqilo eu fis mt coisa so hj
[17/07/2011 16:41:39] /b Mateus eai vai meda aqilo eu fis mt coisa so hj
[17/07/2011 17:35:50] /b adm Logroke Ta anunciando ot
[17/07/2011 17:35:50] /b adm Logroke Ta anunciando ot
[17/07/2011 17:35:51] /b adm Logroke Ta anunciando ot
[17/07/2011 17:35:51] /b adm Logroke Ta anunciando ot
[17/07/2011 17:35:52] /b adm Logroke Ta anunciando ot
[17/07/2011 17:35:52] /b adm Logroke Ta anunciando ot
[17/07/2011 17:35:52] /b adm Logroke Ta anunciando ot
[17/07/2011 17:35:53] /b adm Logroke Ta anunciando ot
[17/07/2011 17:35:53] /b adm Logroke Ta anunciando ot
[17/07/2011 17:35:54] /b adm Logroke Ta anunciando ot
[17/07/2011 17:35:54] /b adm Logroke Ta anunciando ot
[17/07/2011 17:35:55] /b adm Logroke Ta anunciando ot
[17/07/2011 17:35:55] /b adm Logroke Ta anunciando ot
[17/07/2011 17:35:55] /b adm Logroke Ta anunciando ot
[17/07/2011 17:36:01] /b adm Logroke Ta anunciando ot
[17/07/2011 17:36:02] /b adm Logroke Ta anunciando ot
[17/07/2011 17:36:02] /b adm Logroke Ta anunciando ot
[17/07/2011 17:36:03] /b adm Logroke Ta anunciando ot
[17/07/2011 17:36:03] /b adm Logroke Ta anunciando ot
[17/07/2011 17:36:04] /b adm Logroke Ta anunciando ot
[17/07/2011 17:36:04] /b adm Logroke Ta anunciando ot
[17/07/2011 17:36:05] /b adm Logroke Ta anunciando ot
[17/07/2011 17:36:06] /b adm Logroke Ta anunciando ot
[17/07/2011 17:36:17] /b ADM UM KRA ANUNCIANDO OT AQ
[17/07/2011 17:36:18] /b ADM UM KRA ANUNCIANDO OT AQ
[17/07/2011 17:36:19] /b ADM UM KRA ANUNCIANDO OT AQ
[17/07/2011 17:36:20] /b ADM UM KRA ANUNCIANDO OT AQ
[17/07/2011 17:36:21] /b ADM UM KRA ANUNCIANDO OT AQ
[17/07/2011 17:36:21] /b ADM UM KRA ANUNCIANDO OT AQ
[17/07/2011 17:36:22] /b ADM UM KRA ANUNCIANDO OT AQ
[17/07/2011 17:36:23] /b ADM UM KRA ANUNCIANDO OT AQ
[17/07/2011 17:36:23] /b ADM UM KRA ANUNCIANDO OT AQ
[17/07/2011 17:36:36] /b ADM UM KRA ANUNCIANDO OT AQ NO TEMPLO
[17/07/2011 17:37:04] /b ADM UM KRA ANUNCIANDO OT AQ NO TEMPLO
[17/07/2011 17:37:05] /b ADM UM KRA ANUNCIANDO OT AQ NO TEMPLO
[17/07/2011 17:37:06] /b ADM UM KRA ANUNCIANDO OT AQ NO TEMPLO
[17/07/2011 17:37:07] /b ADM UM KRA ANUNCIANDO OT AQ NO TEMPLO
[17/07/2011 17:37:07] /b ADM UM KRA ANUNCIANDO OT AQ NO TEMPLO
[17/07/2011 17:37:07] /b ADM UM KRA ANUNCIANDO OT AQ NO TEMPLO
[17/07/2011 17:37:08] /b ADM UM KRA ANUNCIANDO OT AQ NO TEMPLO
[17/07/2011 17:37:08] /b ADM UM KRA ANUNCIANDO OT AQ NO TEMPLO
[17/07/2011 17:37:40] /b ADM UM KRA ANUNCIANDO OT AQ NO TEMPLO
[17/07/2011 17:37:41] /b ADM UM KRA ANUNCIANDO OT AQ NO TEMPLO
[17/07/2011 17:37:41] /b ADM UM KRA ANUNCIANDO OT AQ NO TEMPLO
[17/07/2011 17:37:42] /b ADM UM KRA ANUNCIANDO OT AQ NO TEMPLO
[17/07/2011 17:37:42] /b ADM UM KRA ANUNCIANDO OT AQ NO TEMPLO
[17/07/2011 17:37:43] /b ADM UM KRA ANUNCIANDO OT AQ NO TEMPLO
[17/07/2011 17:37:44] /b ADM UM KRA ANUNCIANDO OT AQ NO TEMPLO
[17/07/2011 17:37:44] /b ADM UM KRA ANUNCIANDO OT AQ NO TEMPLO
[17/07/2011 17:37:44] /b ADM UM KRA ANUNCIANDO OT AQ NO TEMPLO
[17/07/2011 17:37:45] /b ADM UM KRA ANUNCIANDO OT AQ NO TEMPLO
[17/07/2011 17:37:45] /b ADM UM KRA ANUNCIANDO OT AQ NO TEMPLO
[17/07/2011 17:37:46] /b ADM UM KRA ANUNCIANDO OT AQ NO TEMPLO
[17/07/2011 17:37:47] /b ADM UM KRA ANUNCIANDO OT AQ NO TEMPLO
[17/07/2011 17:37:47] /b ADM UM KRA ANUNCIANDO OT AQ NO TEMPLO
[17/07/2011 17:38:51] /b da goto
[17/07/2011 17:38:51] /b da goto
[17/07/2011 17:38:51] /b da goto
[17/07/2011 17:53:33] /b ADM MAIS UM ANUNCIANDO Naoadiantadarban
[17/07/2011 17:53:34] /b ADM MAIS UM ANUNCIANDO Naoadiantadarban
[17/07/2011 17:53:35] /b ADM MAIS UM ANUNCIANDO Naoadiantadarban
[17/07/2011 17:53:35] /b ADM MAIS UM ANUNCIANDO Naoadiantadarban
[17/07/2011 17:53:36] /b ADM MAIS UM ANUNCIANDO Naoadiantadarban
[17/07/2011 17:53:36] /b ADM MAIS UM ANUNCIANDO Naoadiantadarban
[17/07/2011 17:53:37] /b ADM MAIS UM ANUNCIANDO Naoadiantadarban
[17/07/2011 17:53:37] /b ADM MAIS UM ANUNCIANDO Naoadiantadarban
[17/07/2011 17:53:38] /b ADM MAIS UM ANUNCIANDO Naoadiantadarban
[17/07/2011 17:53:43] /b ADM MAIS UM ANUNCIANDO No TEMPLO
[17/07/2011 17:53:44] /b ADM MAIS UM ANUNCIANDO No TEMPLO
[17/07/2011 17:53:44] /b ADM MAIS UM ANUNCIANDO No TEMPLO
[17/07/2011 17:53:45] /b ADM MAIS UM ANUNCIANDO No TEMPLO
[17/07/2011 17:53:45] /b ADM MAIS UM ANUNCIANDO No TEMPLO
[17/07/2011 17:53:46] /b ADM MAIS UM ANUNCIANDO No TEMPLO
[17/07/2011 17:53:46] /b ADM MAIS UM ANUNCIANDO No TEMPLO
[17/07/2011 17:53:46] /b ADM MAIS UM ANUNCIANDO No TEMPLO
[17/07/2011 17:53:47] /b ADM MAIS UM ANUNCIANDO No TEMPLO
[17/07/2011 17:53:47] /b ADM MAIS UM ANUNCIANDO No TEMPLO
[17/07/2011 17:54:00] /b ADM MAIS UM ANUNCIANDO No TEMPLO
[17/07/2011 17:54:01] /b ADM MAIS UM ANUNCIANDO No TEMPLO
[17/07/2011 17:54:02] /b ADM MAIS UM ANUNCIANDO No TEMPLO
[17/07/2011 17:54:04] /b ADM MAIS UM ANUNCIANDO No TEMPLO
[17/07/2011 17:54:43] /b ADM MAIS UM ANUNCIANDO No TEMPLO
[17/07/2011 17:54:44] /b ADM MAIS UM ANUNCIANDO No TEMPLO
[17/07/2011 17:54:44] /b ADM MAIS UM ANUNCIANDO No TEMPLO
[17/07/2011 17:54:45] /b ADM MAIS UM ANUNCIANDO No TEMPLO
[17/07/2011 17:54:46] /b ADM MAIS UM ANUNCIANDO No TEMPLO
[17/07/2011 17:54:46] /b ADM MAIS UM ANUNCIANDO No TEMPLO
[17/07/2011 17:54:47] /b ADM MAIS UM ANUNCIANDO No TEMPLO
[17/07/2011 17:54:47] /b ADM MAIS UM ANUNCIANDO No TEMPLO
[17/07/2011 18:46:51] /b VO assist naruto jaja volto
[17/07/2011 18:46:53] /b VO assist naruto jaja volto
[17/07/2011 18:46:55] /b VO assist naruto jaja volto
[17/07/2011 18:46:56] /b VO assist naruto jaja volto
[17/07/2011 18:46:56] /b VO assist naruto jaja volto
[17/07/2011 18:46:56] /b VO assist naruto jaja volto
[18/07/2011 12:43:47] /b Quem vem na arena?
[18/07/2011 13:13:36] /b GOD ON?:
[18/07/2011 13:18:02] /b qem me mata vai ve
[18/07/2011 13:24:15] /b nem sei
[18/07/2011 13:28:08] /b voce n pedro
[18/07/2011 13:53:44] /b HOSTER_ADM_VEMK_PLZ
[18/07/2011 16:00:53] /b Duvidas No Help
[18/07/2011 16:00:54] /b Duvidas No Help
[18/07/2011 16:00:54] /b Duvidas No Help
[18/07/2011 16:00:55] /b Duvidas No Help
[18/07/2011 16:00:55] /b Duvidas No Help
[18/07/2011 16:00:56] /b Duvidas No Help
[18/07/2011 16:00:56] /b Duvidas No Help
[18/07/2011 16:04:29] /b Mas Alguma duvida vo sai do help
[18/07/2011 16:04:29] /b Mas Alguma duvida vo sai do help
[18/07/2011 16:04:30] /b Mas Alguma duvida vo sai do help
[18/07/2011 16:04:30] /b Mas Alguma duvida vo sai do help
[18/07/2011 16:04:30] /b Mas Alguma duvida vo sai do help
[18/07/2011 16:06:03] /b Sai do Help
[18/07/2011 16:14:06] /b GO arena Gente quem fo tibiano total
[18/07/2011 16:14:07] /b GO arena Gente quem fo tibiano total
[18/07/2011 16:14:08] /b GO arena Gente quem fo tibiano total
[18/07/2011 16:15:40] /b Vixi So EU e pedro é homem kkkkkkkkk
[18/07/2011 16:25:46] /b Se voces quiserem Negociem Com outros Player No (GAME CHAT _TRADE)
[18/07/2011 16:25:48] /b Se voces quiserem Negociem Com outros Player No (GAME CHAT _TRADE)
[18/07/2011 16:25:48] /b Se voces quiserem Negociem Com outros Player No (GAME CHAT _TRADE)
[18/07/2011 16:25:48] /b Se voces quiserem Negociem Com outros Player No (GAME CHAT _TRADE)
[18/07/2011 16:25:49] /b Se voces quiserem Negociem Com outros Player No (GAME CHAT _TRADE)
[18/07/2011 19:12:20] /b ja volto vo jants
[18/07/2011 20:00:56] /b voltei
[18/07/2011 20:10:10] /b o kra q me mato é noob n volta aq kkkkkkkkk
[18/07/2011 20:10:11] /b o kra q me mato é noob n volta aq kkkkkkkkk
[18/07/2011 20:10:12] /b o kra q me mato é noob n volta aq kkkkkkkkk
[18/07/2011 20:10:13] /b o kra q me mato é noob n volta aq kkkkkkkkk
[18/07/2011 20:14:07] /b ----Sell----Ice----legs----
[18/07/2011 20:14:08] /b ----Sell----Ice----legs----
[18/07/2011 20:14:08] /b ----Sell----Ice----legs----
[18/07/2011 20:14:09] /b ----Sell----Ice----legs----
[18/07/2011 20:14:10] /b ----Sell----Ice----legs----
[18/07/2011 20:14:20] /b |_----Sell----Ice----legs----_|
[18/07/2011 20:14:21] /b |_----Sell----Ice----legs----_|
[18/07/2011 20:39:12] /b Holy pally manda pm
[18/07/2011 20:42:10] /b Vo assist QST  AFK
[18/07/2011 20:51:53] /b god gente anunciando
[18/07/2011 20:51:53] /b god gente anunciando
[18/07/2011 20:51:54] /b god gente anunciando
[18/07/2011 20:51:54] /b god gente anunciando
[18/07/2011 21:12:12] /b gente go pkliza na arena gogog
[18/07/2011 21:14:02] /b mascarado dexa eu fika ai com tu?
[18/07/2011 21:14:02] /b mascarado dexa eu fika ai com tu?
[18/07/2011 21:14:03] /b mascarado dexa eu fika ai com tu?
[18/07/2011 21:14:03] /b mascarado dexa eu fika ai com tu?
[18/07/2011 21:14:04] /b mascarado dexa eu fika ai com tu?
[18/07/2011 21:14:04] /b mascarado dexa eu fika ai com tu?
[18/07/2011 21:14:44] /b Mascarado Vo dsce se me mata vai ve --'
[18/07/2011 21:17:02] /b dexa eu desce porra
[18/07/2011 21:17:03] /b dexa eu desce porra
[18/07/2011 21:17:03] /b dexa eu desce porra
[18/07/2011 21:17:11] /info mascarado
[18/07/2011 21:29:40] /b kkkkkkkkk
[18/07/2011 21:38:50] /b 21:38 Rafael [44318: noobao      (HOSTER ME XAMO DE NOOB AQ)^^
[18/07/2011 21:38:53] /b 21:38 Rafael [44318: noobao      (HOSTER ME XAMO DE NOOB AQ)^^
[18/07/2011 21:38:53] /b 21:38 Rafael [44318: noobao      (HOSTER ME XAMO DE NOOB AQ)^^
[18/07/2011 21:45:52] /b Rafael Nao Saiu das fraudas ainda kkkkkkkk
[18/07/2011 21:46:00] /b Rafael Nao Saiu das fraudas ainda kkkkkkkk
[18/07/2011 21:46:25] /b Rafael Nao Saiu das fraudas ainda kkkkkkkk
[18/07/2011 21:46:28] /b Rafael Nao Saiu das fraudas ainda kkkkkkkk .
[18/07/2011 21:48:18] /b 21:48 Rafael [44318: TO mo noob ainda ow se me mata em 1 hit pera sai das fraudas kkkkkkkkk
[19/07/2011 11:23:07] /b Alguem Hoster on?? da goto aq
[19/07/2011 11:23:08] /b Alguem Hoster on?? da goto aq
[19/07/2011 11:23:09] /b Alguem Hoster on?? da goto aq
[19/07/2011 11:23:09] /b Alguem Hoster on?? da goto aq
[19/07/2011 11:23:10] /b Alguem Hoster on?? da goto aq
[19/07/2011 11:23:10] /b Alguem Hoster on?? da goto aq
[19/07/2011 11:33:37] /b Jean Cola aq
[19/07/2011 11:34:11] /b VO loga no kina
[19/07/2011 12:08:39] /b precisamo de um pally aq no boneco lv 100 mil - +
[19/07/2011 12:18:57] /b vo upa 150k ai noix volta
[19/07/2011 13:21:59] /info Anjo pk
[19/07/2011 13:23:14] /b Anjo pk vai se ban ¬¬
[19/07/2011 13:23:25] /b rafael tem um monte aq
[19/07/2011 15:17:00] /b Vem logo povao
[19/07/2011 15:17:37] /b Ja to aq
[19/07/2011 15:20:22] /b descupaaaaaaaaa
[19/07/2011 15:20:23] /b descupaaaaaaaaa
[19/07/2011 15:20:23] /b descupaaaaaaaaa
[19/07/2011 15:20:24] /b descupaaaaaaaaa
[19/07/2011 15:20:24] /b descupaaaaaaaaa
[19/07/2011 15:24:22] /b afk
[19/07/2011 15:33:54] /b GOD GENTE ANUNCIANDO
[19/07/2011 15:33:54] /b GOD GENTE ANUNCIANDO
[19/07/2011 15:33:54] /b GOD GENTE ANUNCIANDO
[19/07/2011 15:33:55] /b GOD GENTE ANUNCIANDO
[19/07/2011 15:33:56] /b GOD GENTE ANUNCIANDO
[19/07/2011 15:33:57] /b GOD GENTE ANUNCIANDO
[19/07/2011 15:33:57] /b GOD GENTE ANUNCIANDO
[19/07/2011 15:33:57] /b GOD GENTE ANUNCIANDO
[19/07/2011 15:34:04] /b GOD GENTE ANUNCIANDO
[19/07/2011 15:34:05] /b GOD GENTE ANUNCIANDO
[19/07/2011 15:34:05] /b GOD GENTE ANUNCIANDO
[19/07/2011 15:34:05] /b GOD GENTE ANUNCIANDO
[19/07/2011 15:34:05] /b GOD GENTE ANUNCIANDO
[19/07/2011 15:34:08] /b GOD GENTE ANUNCIANDO outros ot
[19/07/2011 15:34:09] /b GOD GENTE ANUNCIANDO outros ot
[19/07/2011 15:34:09] /b GOD GENTE ANUNCIANDO outros ot
[19/07/2011 15:34:10] /b GOD GENTE ANUNCIANDO outros ot
[19/07/2011 15:34:10] /b GOD GENTE ANUNCIANDO outros ot
[19/07/2011 15:34:10] /b GOD GENTE ANUNCIANDO outros ot
[19/07/2011 15:34:11] /b GOD GENTE ANUNCIANDO outros ot
[19/07/2011 15:34:11] /b GOD GENTE ANUNCIANDO outros ot
[19/07/2011 15:34:11] /b GOD GENTE ANUNCIANDO outros ot
[19/07/2011 15:35:51] /b Go vaules
[19/07/2011 15:35:55] /b Go Faules
[19/07/2011 15:35:56] /b Go Faules
[19/07/2011 15:35:56] /b Go Faules
[19/07/2011 15:43:09] /b Vo assist tv
[19/07/2011 15:45:15] /b afk
[19/07/2011 16:08:14] /b Guir Of Pally E mais 2 pally lv ALto aq no temp,lo imediatamente
[19/07/2011 16:08:15] /b Guir Of Pally E mais 2 pally lv ALto aq no temp,lo imediatamente
[19/07/2011 16:08:15] /b Guir Of Pally E mais 2 pally lv ALto aq no temp,lo imediatamente
[19/07/2011 16:08:16] /b Guir Of Pally E mais 2 pally lv ALto aq no temp,lo imediatamente
[19/07/2011 16:08:16] /b Guir Of Pally E mais 2 pally lv ALto aq no temp,lo imediatamente
[19/07/2011 16:08:16] /b Guir Of Pally E mais 2 pally lv ALto aq no temp,lo imediatamente
[19/07/2011 16:08:17] /b Guir Of Pally E mais 2 pally lv ALto aq no temp,lo imediatamente
[19/07/2011 16:08:17] /b Guir Of Pally E mais 2 pally lv ALto aq no temp,lo imediatamente
[19/07/2011 16:08:17] /b Guir Of Pally E mais 2 pally lv ALto aq no temp,lo imediatamente
[19/07/2011 16:08:18] /b Guir Of Pally E mais 2 pally lv ALto aq no temp,lo imediatamente
[19/07/2011 16:08:18] /b Guir Of Pally E mais 2 pally lv ALto aq no temp,lo imediatamente
[19/07/2011 16:08:18] /b Guir Of Pally E mais 2 pally lv ALto aq no temp,lo imediatamente
[19/07/2011 16:08:23] /b Guir Of Pally E mais 2 pally lv ALto aq no temp,lo imediatamente
[19/07/2011 16:08:24] /b Guir Of Pally E mais 2 pally lv ALto aq no temp,lo imediatamente
[19/07/2011 16:08:26] /b Guir Of Pally E mais 2 pally lv ALto aq no temp,lo imediatamente
[19/07/2011 16:08:26] /b Guir Of Pally E mais 2 pally lv ALto aq no temp,lo imediatamente
[19/07/2011 16:08:27] /b Guir Of Pally E mais 2 pally lv ALto aq no temp,lo imediatamente
[19/07/2011 16:08:27] /b Guir Of Pally E mais 2 pally lv ALto aq no temp,lo imediatamente
[19/07/2011 16:08:28] /b Guir Of Pally E mais 2 pally lv ALto aq no temp,lo imediatamente
[19/07/2011 18:58:53] /b Nao VO entra to de castigo
[20/07/2011 12:05:33] /b ja volto vo almoça
[20/07/2011 12:33:41] /b Lag
[20/07/2011 12:33:56] /info rafael
[20/07/2011 12:50:13] /b affk nao era pra vim --'
[20/07/2011 12:50:14] /b affk nao era pra vim --'
[20/07/2011 12:50:14] /b affk nao era pra vim --'
[20/07/2011 12:50:15] /b affk nao era pra vim --'
[20/07/2011 12:50:15] /b affk nao era pra vim --'
[20/07/2011 12:50:16] /b affk nao era pra vim --'
[20/07/2011 12:50:16] /b affk nao era pra vim --'
[20/07/2011 12:50:57] /b VO reinicia o PC
[20/07/2011 12:58:18] /b Voltei
[20/07/2011 13:06:16] /b treem balal go arena
[20/07/2011 13:20:03] /info lord samu
[20/07/2011 14:33:48] /b Ja volto
[20/07/2011 14:34:37] /b Evento na Sala De Bau
[20/07/2011 14:34:43] /b Evento na Sala De Bau *GGOGOGOG GENTE*
[20/07/2011 14:34:44] /b Evento na Sala De Bau *GGOGOGOG GENTE*
[20/07/2011 14:34:44] /b Evento na Sala De Bau *GGOGOGOG GENTE*
[20/07/2011 14:34:44] /b Evento na Sala De Bau *GGOGOGOG GENTE*
[20/07/2011 14:34:45] /b Evento na Sala De Bau *GGOGOGOG GENTE*
[20/07/2011 14:34:45] /b Evento na Sala De Bau *GGOGOGOG GENTE*
[20/07/2011 14:34:45] /b Evento na Sala De Bau *GGOGOGOG GENTE*
[20/07/2011 14:34:46] /b Evento na Sala De Bau *GGOGOGOG GENTE*
[20/07/2011 14:34:46] /b Evento na Sala De Bau *GGOGOGOG GENTE*
[20/07/2011 14:37:35] /b Sala de baus o evento gente
[20/07/2011 14:37:35] /b Sala de baus o evento gente
[20/07/2011 14:37:36] /b Sala de baus o evento gente
[20/07/2011 14:37:36] /b Sala de baus o evento gente
[20/07/2011 15:06:08] /b Juliano Vem Templo
[20/07/2011 15:06:08] /b Juliano Vem Templo
[20/07/2011 15:06:08] /b Juliano Vem Templo
[20/07/2011 15:06:09] /b Juliano Vem Templo
[20/07/2011 17:28:40] /b Utani Mega hur "Vic S2
[20/07/2011 17:28:54] /b OpS
[20/07/2011 18:12:30] /info druid do capeta
[20/07/2011 18:22:25] /info [Hoster] Mateus
[21/07/2011 11:03:25] /b vamo xavo
[21/07/2011 18:12:35] /b  Da meu loot ...
[21/07/2011 18:13:43] /info Sikise do meu name
[21/07/2011 21:21:42] /info master king
[25/07/2011 18:39:14] /b volteii
[25/07/2011 19:00:34] /info locao
[25/07/2011 19:48:02] /info pala eu xavo
[25/07/2011 19:51:25] /info Pally oz pinta
[25/07/2011 20:22:41] /b AFK VO ASSIST QUAL SEU TALENTO
[25/07/2011 20:22:41] /b AFK VO ASSIST QUAL SEU TALENTO
[25/07/2011 20:22:41] /b AFK VO ASSIST QUAL SEU TALENTO
[25/07/2011 20:22:42] /b AFK VO ASSIST QUAL SEU TALENTO
[25/07/2011 20:22:42] /b AFK VO ASSIST QUAL SEU TALENTO
[25/07/2011 21:14:04] /info Soloum
[25/07/2011 21:17:01] /b aff cupa sua cm n ter descupa ¬¬
[25/07/2011 22:00:43] /b é druid faseno parceria com inimigo ¬¬
[25/07/2011 22:09:47] /info Pally oz pinta
[25/07/2011 22:38:10] /b Juliano posso fika com ela até conssegui outra?
[25/07/2011 22:50:59] /info Evanescence
[25/07/2011 22:52:11] /info peba
[25/07/2011 22:58:05] /info Evanescence
[25/07/2011 22:58:18] /info Evanescence
[26/07/2011 11:58:37] /b ADM on?
[26/07/2011 13:55:28] /b voltei ^^
[26/07/2011 16:34:40] /info mc maguinho
[26/07/2011 16:35:39] /b mlz ae rafa
[26/07/2011 16:49:28] /info [CM] Bruno
[26/07/2011 16:57:32] /b pera ai!
[26/07/2011 17:13:32] /b ja ajudo na epic juliano
[26/07/2011 17:22:01] /info Skawaa
[26/07/2011 17:29:44] /b o Popo pipi umn kra ta te xamano
[26/07/2011 18:04:19] /b Todos vem arena pra ve um trosso mt massa
[26/07/2011 18:05:16] /b Eron FDP È SUA MAE n xinga aq no ot
[26/07/2011 18:05:44] /b gente vem arena vai acaba
[28/07/2011 14:45:47] /b iai
[28/07/2011 14:51:52] /b 
[28/07/2011 14:52:04] /b Jean Ou Mateus Da goto aq agora se tive on
[28/07/2011 14:52:05] /b Jean Ou Mateus Da goto aq agora se tive on
[28/07/2011 15:00:29] /info Skawaa
[28/07/2011 15:14:48] /b VOltei
[28/07/2011 15:18:24] /b GM DUDU VEM K
[28/07/2011 15:18:24] /b GM DUDU VEM K
[28/07/2011 15:18:25] /b GM DUDU VEM K
[28/07/2011 15:18:25] /b GM DUDU VEM K
[28/07/2011 15:18:39] /b EDUARDO VEM K 
[28/07/2011 15:18:43] /b EDUARDO VEM K  bani um kra
[28/07/2011 15:34:47] /b Aff jean
[28/07/2011 15:41:18] /b Jean Da goto ai pow manow
[28/07/2011 15:41:18] /b Jean Da goto ai pow manow
[28/07/2011 15:41:20] /b Jean Da goto ai pow manow
[28/07/2011 15:41:20] /b Jean Da goto ai pow manow
[28/07/2011 15:41:21] /b Jean Da goto ai pow manow
[28/07/2011 15:54:18] /b meeedo noo
[28/07/2011 15:54:19] /b meeedo noob
[28/07/2011 15:54:20] /b meeedo noob
[28/07/2011 15:54:20] /b meeedo noob
[29/07/2011 11:26:57] /b ADM
[29/07/2011 11:27:03] /b ADM *TA ON*
[29/07/2011 11:27:04] /b ADM *TA ON*
[29/07/2011 11:27:05] /b ADM *TA ON*??
[29/07/2011 11:55:46] /b Ja volto.
[29/07/2011 22:32:59] /b samu manda p.m
[29/07/2011 22:33:00] /b samu manda p.m
[29/07/2011 22:33:01] /b samu manda p.m
[29/07/2011 22:55:08] /b ja volto
[30/07/2011 00:04:10] /b Lukas vem logo aq
[30/07/2011 00:24:45] /b Sem qere
[30/07/2011 00:24:47] /b Sem qere lukas
[30/07/2011 00:24:48] /b Sem qere lukas
[30/07/2011 00:24:50] /b Sem qere lukas
[30/07/2011 00:26:59] /b vo leva novas rune ok
[30/07/2011 00:49:08] /b Filho da mae
[30/07/2011 00:49:09] /b Filho da mae
[30/07/2011 00:50:58] /b o luk da pra da uma força n da pra desce pq tem noob ai em cima
[30/07/2011 00:50:58] /b o luk da pra da uma força n da pra desce pq tem noob ai em cima
[30/07/2011 00:50:59] /b o luk da pra da uma força n da pra desce pq tem noob ai em cima
[30/07/2011 00:56:16] /b luk cd vc
[30/07/2011 00:56:17] /b luk cd vc
[30/07/2011 01:06:28] /b GOD DAS GOTO
[30/07/2011 01:06:29] /b GOD DAS GOTO
[30/07/2011 01:06:29] /b GOD DAS GOTO
[30/07/2011 01:06:50] /b aff se nem liga mas pra mim
[30/07/2011 01:07:23] /b Afk vo assist Filme
[30/07/2011 01:07:24] /b Afk vo assist Filme
[30/07/2011 01:07:24] /b Afk vo assist Filme
[30/07/2011 11:31:18] /b Matei o Xavo red e perdeu buneco ooo kkk
[30/07/2011 12:02:17] /b Locao noob
[30/07/2011 12:02:18] /b Locao noob
[30/07/2011 12:39:21] /b samu vem jaja to saino
[30/07/2011 12:47:59] /b Ja volto
[30/07/2011 12:48:16] /b VO sai gente jaja entro
[30/07/2011 15:39:48] /b mateus da goto
[30/07/2011 15:40:11] /b mateus da goto
[30/07/2011 16:03:13] /b Ta veno to nem ai agr
[30/07/2011 16:51:09] /info lord samu
[30/07/2011 16:51:39] /info lord samu
[30/07/2011 17:06:37] /b FOi foda em kkk
[30/07/2011 17:53:46] /b flw gente
[31/07/2011 12:12:28] /info
[31/07/2011 12:12:39] /info Skawaa
[31/07/2011 12:14:52] /info lord samu
[31/07/2011 12:15:02] /info lord samu I
[31/07/2011 12:16:13] /info skawaa
[31/07/2011 12:16:53] /info locao
[31/07/2011 12:30:22] /b VO almoça afk
[31/07/2011 13:27:52] /b Sell Mana Rune Para Paladinos °°
[31/07/2011 13:27:53] /b Sell Mana Rune Para Paladinos °°
[31/07/2011 13:28:08] /b °°Sell Mana Rune Para Paladinos °°
[31/07/2011 13:29:09] /b 20kk
[31/07/2011 13:37:34] /b GOGOGO POPO PIPI
[31/07/2011 14:14:17] /b locao vem logo
[31/07/2011 14:14:23] /b na casa do barco
[31/07/2011 14:15:35] /b mlz pipi popo
[31/07/2011 14:33:57] /b OOOOSOSOSOSOS
[31/07/2011 15:44:00] /b Fas Evento ai Jean - Mateus
[31/07/2011 15:44:01] /b Fas Evento ai Jean - Mateus
[31/07/2011 15:44:02] /b Fas Evento ai Jean - Mateus
[31/07/2011 15:44:02] /b Fas Evento ai Jean - Mateus
[31/07/2011 15:44:03] /b Fas Evento ai Jean - Mateus
[31/07/2011 15:44:03] /b Fas Evento ai Jean - Mateus
[31/07/2011 15:44:04] /b Fas Evento ai Jean - Mateus
[31/07/2011 15:45:53] /info fan looo
[31/07/2011 15:48:57] /b Ja volto
[31/07/2011 22:00:37] /b Vlw Samuca
[31/07/2011 22:00:40] /b Vlw Samuca :D
[31/07/2011 22:03:53] /b Ja volto
[31/07/2011 22:03:55] /b Ja volto
[31/07/2011 22:03:55] /b Ja volto
[31/07/2011 22:04:03] /b Ja volto
[31/07/2011 23:16:51] /b ja volto
[31/07/2011 23:16:52] /b ja volto
[31/07/2011 23:16:53] /b ja volto
