[14/08/2011 12:52:46] /b Eae Galeraaa
[14/08/2011 16:01:53] /info Ushiha Hatake I
[14/08/2011 16:03:36] /info Ushiha Hatake I
[14/08/2011 16:04:02] /info Pala eu xavo
[14/08/2011 16:04:54] /info meninazinha mage
[14/08/2011 16:05:11] /info meninazinha mage
[14/08/2011 16:05:19] /info Meninazinha Mage
[14/08/2011 16:05:28] /info Meninazinha Mage
[14/08/2011 16:05:46] /info Meninazinha Mage
[14/08/2011 16:05:56] /info Menininha Mage
[14/08/2011 16:06:22] /info Chupeta
[14/08/2011 16:06:40] /info Couty Fdp
[14/08/2011 17:05:03] /info Lord Samu
[14/08/2011 17:18:18] /info Fan do yeti
[14/08/2011 17:21:49] /info Power Royall 
[14/08/2011 17:21:52] /info Power Royall
[14/08/2011 17:36:46] /info Lord Maluco
[14/08/2011 17:37:59] /info Gustavo Mata Todos
[14/08/2011 17:46:30] /b hoster ta ae
[14/08/2011 17:55:02] /b Vo Sai Galera Flws
[14/08/2011 19:31:54] /info Love
[14/08/2011 19:34:51] /info Love
[14/08/2011 20:16:24] /b flw hoster dps eu entro
[14/08/2011 20:16:26] /b flw hoster dps eu entro
[14/08/2011 22:14:55] /b flw galera
[14/08/2011 23:33:33] /b kkk
[14/08/2011 23:33:54] /b eu tinha mais vendi
[14/08/2011 23:42:44] /b flw aew galera
[14/08/2011 23:42:46] /b flw aew galera
[15/08/2011 12:35:26] /info Santista Da Vila
[15/08/2011 12:42:18] /info Verlux
[15/08/2011 13:02:30] /info Ze Piqueno
[15/08/2011 13:03:33] /info Lvfadc
[15/08/2011 13:04:14] /b god ta ae
[15/08/2011 13:07:57] /info Anjo pk
[15/08/2011 13:10:59] /info Fralfin
[15/08/2011 13:14:57] /info Ushiha Hatake I
[15/08/2011 13:15:14] /info Evanescence
[15/08/2011 13:22:12] /b flws galera
[15/08/2011 13:22:14] /b flws galera
[15/08/2011 13:22:14] /b flws galera
[15/08/2011 13:22:15] /b flws galera
[15/08/2011 13:22:16] /b flws galera
[15/08/2011 13:22:17] /b flws galera
[15/08/2011 15:05:39] /info marcelo
[15/08/2011 15:44:08] /info marcelo
[15/08/2011 15:44:15] /info Marcelo
[15/08/2011 19:13:41] /b QUEM QUIZER VIR QUEST EPIC VO SOLA
[15/08/2011 19:13:42] /b QUEM QUIZER VIR QUEST EPIC VO SOLA
[15/08/2011 19:13:46] /b QUEM QUIZER VIR QUEST EPIC VO SOLA
[15/08/2011 19:13:54] /b QUEM QUIZER VIR QUEST EPIC VO SOLA
[15/08/2011 19:13:55] /b QUEM QUIZER VIR QUEST EPIC VO SOLA
[15/08/2011 19:13:55] /b QUEM QUIZER VIR QUEST EPIC VO SOLA
[15/08/2011 19:16:31] /b N VO MAIS SOLA
[15/08/2011 19:16:46] /b OS CARA FICA DE PILANTRAGE NA QUEST RAPA
[15/08/2011 21:07:06] /b SOLED
[15/08/2011 21:15:30] /b Perguntas Dps To Quest
[15/08/2011 21:58:05] /b GO BONECO
[15/08/2011 22:20:16] /b DESCULPE QUEM EU N RESPONDE PQ É MUITA GENTE FALANDO COMIGO
[15/08/2011 22:20:23] /b ;/
[15/08/2011 22:26:51] /b FLW GALERA VO SAI
[15/08/2011 22:31:08] /b FLW GALERA TO SAINDO AMANHA TO DE VOLTA
[15/08/2011 22:31:13] /b FLW GALERA TO SAINDO AMANHA TO DE VOLTA
[15/08/2011 22:31:14] /b FLW GALERA TO SAINDO AMANHA TO DE VOLTA
[15/08/2011 22:31:14] /b FLW GALERA TO SAINDO AMANHA TO DE VOLTA
[15/08/2011 22:31:15] /b FLW GALERA TO SAINDO AMANHA TO DE VOLTA
[16/08/2011 13:55:14] /info [Hoster] Mateus
[17/08/2011 16:27:58] /info Love
[17/08/2011 16:37:56] /info Love
[17/08/2011 16:52:13] /b Love Vai Solar Epic
[17/08/2011 17:53:05] /b FLW GALERAAAAAAAA
[18/08/2011 13:51:37] /info Skin Red
[20/08/2011 15:59:19] /b Kinazinho ake Ooiiii
[20/08/2011 16:00:57] /b rl do skise ake ee neim vo responde pvt
[20/08/2011 16:13:41] /b PALA EU XAVO HACKEO O LOVE
[20/08/2011 16:14:13] /b pala eu xavo hackeo o love
[20/08/2011 16:14:27] /b Jean on ?
[20/08/2011 16:15:28] /b pala eu xavo hackeo oo "LOVE"
[20/08/2011 16:17:43] /b pala eu xavo ta logado no, love ele hackeo o love xd
[20/08/2011 17:05:01] /b algum cm ou god on ?
[20/08/2011 17:10:35] /b agra to ocupado deskulpa dps eo solo :\
[20/08/2011 17:14:04] /b POHA PARA DE TIRA UTAMO KARAI AFF
[20/08/2011 17:17:23] /b namoraaal para de tira utamo POHAAAAAAAAAAAAAAAAA
[20/08/2011 17:18:53] /b aff para aew man
[20/08/2011 17:22:06] /b Gzuiiis
[20/08/2011 17:25:39] /b afff q pohaaa
[20/08/2011 17:26:08] /b rl do skise ake os bixo tira utamo nesse ot --' ?
[20/08/2011 19:02:20] /b PALA EU XAVO HACKEO O LOVE
[20/08/2011 19:21:51] /b geral q jogava killzone, YETI AKE
[20/08/2011 19:22:47] /b Paraaa naum adianta n vo responde pvt
[20/08/2011 19:24:24] /b 19:24 You are now ignoring player Ramon Wayfarer.
[20/08/2011 19:49:13] /b LEEEEEB
[20/08/2011 19:49:23] /b leeeeeeeeeeeeeeeeeeeeg
[20/08/2011 19:51:08] /b 0 You are now ignoring player Pally of Hell.
[20/08/2011 21:04:51] /b galeraa, se alguem ve o god bruno manda ele fala cmg
[20/08/2011 21:14:23] /b KEE POHA É ESSA :O 1.  250  -  [Hoster] Jean 
[20/08/2011 21:17:21] /b ALGUEM ME DA UM MAX POWER ?
[20/08/2011 21:17:30] /b se me der eu paro de matar
[21/08/2011 10:55:52] /b Oiie
[21/08/2011 10:56:26] /b GOD BRUNO ON ?
[21/08/2011 10:57:45] /b galera agra n ;*
[21/08/2011 10:58:12] /b rl deleh ake
[21/08/2011 10:59:43] /b no 250k eu ajudo vcs frmz ?
[21/08/2011 11:02:19] /b algum god on ?
[21/08/2011 11:04:55] /b HUSAHUSAHUSA'
[21/08/2011 11:05:59] /b ULTIMATE UTITO TEMPO LVL 150K
[21/08/2011 11:06:19] /b ou 200k vo sabe
[21/08/2011 11:06:47] /b U.U
[21/08/2011 11:07:06] /b aff --' mt fast esse clasus
[21/08/2011 11:07:23] /b summona bixo god
[21/08/2011 11:09:03] /b q dia vai reseta ?
[21/08/2011 11:11:39] /b 11:10 Eleeitor [22000: sua mae tem pelo na teta 11:11 [Tutor] Skise [37590: criança tem 10 anos q pena ? :o
[21/08/2011 11:13:56] /b q phoa de utamo
[21/08/2011 11:26:47] /b n so o sksie druid..
[21/08/2011 11:27:29] /b kem me ama ?
[21/08/2011 11:27:48] /b 11:27 Docinho [37680: eu
[21/08/2011 11:32:46] /b MUAHAHAHAH
[21/08/2011 11:33:39] /b NGM ME UPA '-'
[21/08/2011 11:36:15] /b gogogogogog boneko dps q meeeuuu exhaust saii
[21/08/2011 11:37:08] /b gogogo bonekooo...
[21/08/2011 11:37:39] /b odne vcss taao ?
[21/08/2011 11:40:18] /b vltem ake
[21/08/2011 11:40:30] /b ajudeeem akee poha
[21/08/2011 11:41:05] /b affs
[21/08/2011 11:42:40] /b pqp exhaust do kao
[21/08/2011 11:46:09] /b vem agraa
[21/08/2011 11:46:44] /b opqp
[21/08/2011 11:46:51] /b leeg
[21/08/2011 11:47:00] /b seis só mata sem utamo
[21/08/2011 11:47:31] /b leeg doo caao
[21/08/2011 11:48:24] /b aff tnc leeeg
[21/08/2011 11:48:34] /b td noob só tira utamo --'
[21/08/2011 11:48:45] /b nesse ot só tem cosia pra fude druid
[21/08/2011 11:48:57] /b voo hucka td mundo
[21/08/2011 11:49:12] /b dexa eu só pega lvl 250k
[21/08/2011 12:29:50] /b Galera ontem eu sai e dexei meu char com um colega meu , mlz se ele fez alguma merda
[21/08/2011 12:40:37] /b Saindo Aki
[21/08/2011 12:40:40] /b ;D
[21/08/2011 12:46:50] /b Fuiz
[24/08/2011 14:34:01] /b Daew Gelera
[24/08/2011 14:34:10] /b Galera*
[30/08/2011 17:37:44] /b Rl do Léo ake
[01/09/2011 17:19:52] /b ja tem data de reset ?
[01/09/2011 17:20:09] /b eu perguntei -.-'
[01/09/2011 17:20:24] /b teem, marca de reset ?
[01/09/2011 17:21:10] /b flw vo vaza
[02/09/2011 15:07:25] /info Druid Master I
[09/09/2011 21:32:17] /b Vai reseta ? alguma ameaça
[09/09/2011 21:33:01] /b n sei man
[09/09/2011 21:33:16] /b nAAAAOOO SEEI PHOA
[09/09/2011 21:35:34] /b leeg
[14/09/2011 09:02:48] /b Jeaaaaaan
[14/09/2011 09:02:53] /b Jeaaan ta on ?
[14/09/2011 09:03:10] /b Jeaaaaaaaan theeus alguem ?
[14/09/2011 09:10:53] /b jeaan'
[14/09/2011 09:46:28] /b theus
[14/09/2011 09:46:33] /b theeeeus cade o jean
[14/09/2011 09:46:44] /b theeeeeeeeeus
[14/09/2011 09:47:20] /b theus
[14/09/2011 09:48:34] /b Theus cade o jean ?
[14/09/2011 11:06:35] /b god deu clean
[14/09/2011 11:06:43] /b só pa n chama a guild dele de noob :o
[19/09/2011 17:17:15] /info Amy House
[19/09/2011 17:17:30] /info Zika da balada
[19/09/2011 17:19:47] /info Amy House
[20/09/2011 12:07:05] /info Faar
[20/09/2011 12:09:55] /info Lord Foda
[20/09/2011 12:53:11] /info Love io
[20/09/2011 12:54:04] /info Julio Aki
[20/09/2011 12:54:20] /info Lord Foda
[20/09/2011 12:54:46] /info Fan do pala eu xavo
[20/09/2011 12:55:31] /info Girlany Bastos
[20/09/2011 12:56:36] /info Matheus Zikinha
[20/09/2011 13:05:41] /info Druid of Hell
[20/09/2011 13:05:46] /info Druid of Hell
[20/09/2011 17:03:45] /info Felipe
[20/09/2011 17:04:16] /info Felipe
[20/09/2011 17:04:50] /info Mage Vieira
[20/09/2011 17:05:39] /info Mister Troid
[20/09/2011 17:07:50] /info Pegador de Loot
[20/09/2011 17:09:16] /info Sakura
[20/09/2011 17:10:18] /info Putao
[20/09/2011 17:12:50] /info Deskjetx
[20/09/2011 17:13:18] /info Pally Do Mal
[20/09/2011 17:16:44] /info Deskjetx
[20/09/2011 17:17:28] /info Demonio
[20/09/2011 17:19:16] /info Lord Paulistinha
[20/09/2011 17:21:55] /info Kina Master
[20/09/2011 17:34:59] /info Tio Pally
[20/09/2011 17:44:43] /info Fan do norte
[24/09/2011 12:59:35] /info Ppsjn
[24/09/2011 13:02:32] /info Neymar
[01/10/2011 18:19:01] /b
[01/10/2011 18:19:36] /b daew galera voutei
