[22/10/2011 21:09:12] /b algum hoster  ai?
[22/10/2011 21:23:26] /b gente
[22/10/2011 21:23:32] /b hoster on?
[22/10/2011 21:25:46] /b quem quer ajudar vem temple e me da um carta com seu nome e o que voce quer de ajuda
[22/10/2011 21:36:50] /b hoster on
[22/10/2011 21:57:55] /b god ta ae
[22/10/2011 22:18:50] /b papai vamos cria uma guild?
[22/10/2011 22:18:57] /b papaichego vamos cria uma guild?
[22/10/2011 22:22:34] /b bom jogo pessoal
[22/10/2011 23:01:46] /b hoster on:^?
[22/10/2011 23:02:03] /b porra mano 
[22/10/2011 23:02:36] /b me passa msn?
[22/10/2011 23:02:49] /b pq
[22/10/2011 23:03:05] /b mas ele ta on no msn?
[22/10/2011 23:04:40] /b passa ai
[22/10/2011 23:04:55] /b pede para  eles entrarem no msn
[22/10/2011 23:04:59] /b pede para  eles entrarem no ot xD
[22/10/2011 23:08:12] /b pede para eles fazer evento
[22/10/2011 23:09:25] /b galeeraaaaaaaaa
[22/10/2011 23:19:30] /b [HOSTER] Jean [HOSTER] Mateus cade meu cm?
[22/10/2011 23:33:39] /b cade meu cm hoster
[22/10/2011 23:33:39] /b cade meu cm hoster
[23/10/2011 10:41:09] /b hoster on?
[23/10/2011 10:42:02] /b Jean o lord paulistinha falo que vc deu tutor pra 2 e eu q enviei a carta primero
[23/10/2011 10:52:23] /b hoster on
[23/10/2011 11:00:16] /b alguem quer ajud me fala 
[23/10/2011 11:06:16] /b tou aki na epic gogo quem quer ir
[23/10/2011 11:30:03] /b uhuuhuh
[25/10/2011 20:34:18] /b hiiiiiiiii
[25/10/2011 20:45:03] /b diminui esse lag tenebrosoooo !
[25/10/2011 20:45:06] /b quero upaaaaaa 1
[25/10/2011 21:10:51] /b porra jean nao ve pessoal com bot ?
[26/10/2011 16:58:26] /b 16:57 Papai Chegou [54010:  Gosto De Pika No Cu
[26/10/2011 16:58:27] /b 16:57 Papai Chegou [54010:  Gosto De Pika No Cu
[26/10/2011 16:58:27] /b 16:57 Papai Chegou [54010:  Gosto De Pika No Cu
[26/10/2011 16:58:57] /b 16:57 Papai Chegou [54010: Eu Aguento Que Enfiem 3 Pikas De Uma Vez Na Minha bundaaaaaa 1
[26/10/2011 16:58:58] /b 16:57 Papai Chegou [54010: Eu Aguento Que Enfiem 3 Pikas De Uma Vez Na Minha bundaaaaaa 1
[26/10/2011 16:58:58] /b 16:57 Papai Chegou [54010: Eu Aguento Que Enfiem 3 Pikas De Uma Vez Na Minha bundaaaaaa 1
[26/10/2011 16:58:59] /b 16:57 Papai Chegou [54010: Eu Aguento Que Enfiem 3 Pikas De Uma Vez Na Minha bundaaaaaa 1
[26/10/2011 17:08:55] /b jean quero gm !!!!!!!!!!!!!!!!
[29/10/2011 10:04:58] /b qui lag do demonioooooo !
[30/10/2011 20:34:18] /b os dois sao um veado !
[30/10/2011 23:08:31] /b Jean Nao Dechava !!!!!!!!
[30/10/2011 23:08:32] /b Jean Nao Dechava !!!!!!!!
[30/10/2011 23:08:33] /b Jean Nao Dechava !!!!!!!!
[31/10/2011 23:00:49] /b affffffffffff jean vc falo que ia mida gm !!!!!!!!!!!!!
[31/10/2011 23:00:52] /b affffffffffff jean vc falo que ia mida gm !!!!!!!!!!!!!
[31/10/2011 23:00:52] /b affffffffffff jean vc falo que ia mida gm !!!!!!!!!!!!!
[31/10/2011 23:00:53] /b affffffffffff jean vc falo que ia mida gm !!!!!!!!!!!!!
[31/10/2011 23:02:17] /b affffffffffff jean vc falo que ia mida gm !!!!!!!!!!!!!
[31/10/2011 23:02:18] /b affffffffffff jean vc falo que ia mida gm !!!!!!!!!!!!!
[31/10/2011 23:02:18] /b affffffffffff jean vc falo que ia mida gm !!!!!!!!!!!!!
[31/10/2011 23:02:19] /b affffffffffff jean vc falo que ia mida gm !!!!!!!!!!!!!
[31/10/2011 23:04:16] /b affffffffffff jean vc falo que ia mida gm !!!!!!!!!!!!!
[31/10/2011 23:04:17] /b affffffffffff jean vc falo que ia mida gm !!!!!!!!!!!!!
[31/10/2011 23:04:17] /b affffffffffff jean vc falo que ia mida gm !!!!!!!!!!!!!
[31/10/2011 23:22:25] /b jean si for homem vem auqi em mim !
[31/10/2011 23:22:34] /b jean si for homem vem aqui em mim !
[31/10/2011 23:22:35] /b jean si for homem vem aqui em mim !
[31/10/2011 23:22:36] /b jean si for homem vem aqui em mim !
[31/10/2011 23:22:36] /b jean si for homem vem aqui em mim !
[31/10/2011 23:22:37] /b jean si for homem vem aqui em mim !
[31/10/2011 23:22:37] /b jean si for homem vem aqui em mim !
[01/11/2011 17:51:25] /b oi
