[20/06/2011 13:52:35] /b Qualquer coisa chama
[20/06/2011 14:02:40] /b Alguem me puxa
[20/06/2011 14:02:45] /b fui ajuda o cara epic
[20/06/2011 14:02:49] /b ele morreu
[20/06/2011 14:12:58] /b vou sai
[20/06/2011 14:13:36] /b vou sai depois eu volto
[20/06/2011 15:24:32] /b Voltei
[20/06/2011 15:41:05] /b Team para Super Epic Mana
[20/06/2011 15:41:08] /b Team para Super Epic Mana
[20/06/2011 15:41:22] /b vai sala de quest
[20/06/2011 15:41:45] /b Um cara 100k mais por favor
[20/06/2011 15:41:49] /b pra ajuda
[20/06/2011 15:43:57] /b quem zua fala com o gm
[20/06/2011 15:44:09] /b e deixa preso por 30 min
[20/06/2011 15:45:31] /b cabo?
[20/06/2011 15:46:52] /b quando termina chama nois
[20/06/2011 15:48:34] /b Vlw
[20/06/2011 15:49:21] /b Porq mato a minina druida
[20/06/2011 15:49:27] /b ?
[20/06/2011 15:51:20] /b druid master
[20/06/2011 15:51:24] /b '-'
[20/06/2011 15:51:31] /b cara troxa
[20/06/2011 15:52:01] /b Pessoal vo te q sai
[20/06/2011 15:52:05] /b Pessoal vo te q sai
[20/06/2011 15:52:08] /b Pessoal vo te q sai
[20/06/2011 15:52:21] /b mais tarde eu volto
[20/06/2011 15:52:27] /b Flw's
[21/06/2011 12:55:35] /b Salve Capeta
[22/06/2011 10:27:19] /b Eae Rapaziada
