[03/08/2011 19:24:20] /b :P
[03/08/2011 23:06:34] /b dou 1 boneco pra qem dexa eu mata até lv 130k dou 2 para qem dexa 150k
[03/08/2011 23:06:37] /b dou 1 boneco pra qem dexa eu mata até lv 130k dou 2 para qem dexa 150k
[03/08/2011 23:07:00] /b dou 1 boneco pra qem dexa eu mata até lv 130k dou 2 para qem dexa 150k
[03/08/2011 23:07:02] /b dou 1 boneco pra qem dexa eu mata até lv 130k dou 2 para qem dexa 150k
[03/08/2011 23:07:11] /b dou 1 boneco pra qem dexa eu mata até lv 130k dou 2 para qem dexa 150k
[04/08/2011 15:33:26] /b venham arena ve gente (MORT) DO BLACK SKULL ROX NOS KRA
[04/08/2011 15:33:30] /b kkkkkk
[04/08/2011 15:35:00] /b qem qé x1 vem arena
[04/08/2011 15:42:30] /b Qem qé x1 vem arena
[04/08/2011 15:59:35] /b Xau Gente amanha entro
[04/08/2011 15:59:36] /b Xau Gente amanha entro
[04/08/2011 15:59:37] /b Xau Gente amanha entro
[04/08/2011 15:59:38] /b Xau Gente amanha entro
[04/08/2011 16:52:01] /b bora xavo arena
[04/08/2011 16:53:47] /b VO sortia um boneco no dp hehe
[04/08/2011 16:55:03] /b Vo sortia um boneco no DP Qem quise vim vem
[04/08/2011 16:55:06] /b Vo sortia um boneco no DP Qem quise vim vem
[04/08/2011 16:55:07] /b Vo sortia um boneco no DP Qem quise vim vem
[04/08/2011 16:55:08] /b Vo sortia um boneco no DP Qem quise vim vem
[04/08/2011 16:56:04] /b Ninguem '-' úm boneco de teleport qem vim pega
[04/08/2011 16:56:07] /b Ninguem '-' úm boneco de teleport qem vim pega  vo sortia
[04/08/2011 16:56:08] /b Ninguem '-' úm boneco de teleport qem vim pega  vo sortia
[04/08/2011 16:56:09] /b Ninguem '-' úm boneco de teleport qem vim pega  vo sortia
[04/08/2011 16:56:09] /b Ninguem '-' úm boneco de teleport qem vim pega  vo sortia
[04/08/2011 16:56:35] /b Ninguem '-' úm boneco de teleport qem vim pega  vo sortia     (LOCAL: D P)
[04/08/2011 16:56:36] /b Ninguem '-' úm boneco de teleport qem vim pega  vo sortia     (LOCAL: D P)
[04/08/2011 16:56:36] /b Ninguem '-' úm boneco de teleport qem vim pega  vo sortia     (LOCAL: D P)
[04/08/2011 16:56:37] /b Ninguem '-' úm boneco de teleport qem vim pega  vo sortia     (LOCAL: D P)
[04/08/2011 16:56:38] /b Ninguem '-' úm boneco de teleport qem vim pega  vo sortia     (LOCAL: D P)
[04/08/2011 16:57:13] /b so tem 3
[04/08/2011 16:57:14] /b so tem 3
[04/08/2011 16:57:42] /b 3
[04/08/2011 16:57:43] /b 2
[04/08/2011 16:57:44] /b 1
[04/08/2011 16:57:46] /b 0
[04/08/2011 16:59:04] /b vem templo capanga
[04/08/2011 16:59:12] /b vem templo ops vem templo kra q pego
[04/08/2011 16:59:13] /b vem templo ops vem templo kra q pego
[04/08/2011 16:59:14] /b vem templo ops vem templo kra q pego
[04/08/2011 16:59:15] /b vem templo ops vem templo kra q pego
[04/08/2011 17:00:39] /b gokuu vem arena
[04/08/2011 17:00:40] /b gokuu vem arena
[04/08/2011 17:04:23] /b free items no dp PRINCIPALMENTE PROS KINA
[04/08/2011 17:04:34] /b free items no dp PRINCIPALMENTE PROS KINA
[04/08/2011 17:04:35] /b free items no dp PRINCIPALMENTE PROS KINA
[04/08/2011 17:04:36] /b free items no dp PRINCIPALMENTE PROS KINA
[04/08/2011 17:04:37] /b free items no dp PRINCIPALMENTE PROS KINA
[04/08/2011 17:06:42] /b mana rune pra kinas e pala
[04/08/2011 20:31:50] /b ja volto msn
[04/08/2011 22:46:03] /b hoster axei um bug
[04/08/2011 22:46:04] /b hoster axei um bug
[04/08/2011 22:46:06] /b hoster axei um bug!!!!
[04/08/2011 22:46:06] /b hoster axei um bug!!!!
[04/08/2011 22:46:07] /b hoster axei um bug!!!!
[04/08/2011 22:46:25] /b hoster axei um bug!!!!
[04/08/2011 22:46:26] /b hoster axei um bug!!!!
[04/08/2011 22:51:12] /b ADM JEAN AXEI UM BUG
[04/08/2011 23:08:46] /b You recognize Druid Master. He was killed by Assasin Scrid.
[04/08/2011 23:08:56] /b o.O
[04/08/2011 23:10:51] /b ja volto
[05/08/2011 18:27:54] /b aff lag da porra
[05/08/2011 18:44:22] /b :P Isso msm
[05/08/2011 18:45:45] /b Dou 2 boneco pra qem meda lvl 150k
[05/08/2011 18:45:48] /b Dou 2 boneco pra qem meda lvl 150k
[05/08/2011 18:45:49] /b Dou 2 boneco pra qem meda lvl 150k
[05/08/2011 18:45:49] /b Dou 2 boneco pra qem meda lvl 150k
[05/08/2011 18:45:50] /b Dou 2 boneco pra qem meda lvl 150k
[05/08/2011 18:45:50] /b Dou 2 boneco pra qem meda lvl 150k
[05/08/2011 18:45:51] /b Dou 2 boneco pra qem meda lvl 150k
[05/08/2011 18:46:26] /b Dou 2 boneco pra qem meda lvl 150k
[05/08/2011 18:46:27] /b Dou 2 boneco pra qem meda lvl 150k
[05/08/2011 18:46:27] /b Dou 2 boneco pra qem meda lvl 150k
[05/08/2011 18:46:28] /b Dou 2 boneco pra qem meda lvl 150k
[05/08/2011 18:46:28] /b Dou 2 boneco pra qem meda lvl 150k
