[06/10/2011 20:01:13] /b oi
[06/10/2011 20:16:35] /b aewwwww
[06/10/2011 20:43:41] /b jean relaxa ok
[06/10/2011 20:43:55] /b so to dando lvl pra nao perde 150 k no meu pally
[06/10/2011 21:00:03] /b lvl 180 k eu paro eu juro '-'
[06/10/2011 21:00:47] /b ja parei !
[06/10/2011 22:09:06] /b oiiiiiii !
[06/10/2011 23:27:59] /b eae povo !!!!!!
[06/10/2011 23:28:00] /b eae povo !!!!!!
[06/10/2011 23:28:01] /b eae povo !!!!!!
[06/10/2011 23:57:43] /b aff eu quero gm !!!!!!!!!!
[06/10/2011 23:57:46] /b aff eu quero gm !!!!!!!!!!
[06/10/2011 23:59:38] /b eu pagoooooooo pra ser gm
[06/10/2011 23:59:41] /b SAHUSAUH'
[14/10/2011 22:06:27] /b oiiiiiiiiiii pessoas
[14/10/2011 22:06:40] /b algum querido onnnn :D
[14/10/2011 22:08:21] /b nemmmmmmm :D
[14/10/2011 22:08:53] /b jean e gostoso UHSAHU'
[14/10/2011 22:09:37] /b jean se que eu ?
[14/10/2011 22:09:55] /b mateus sex
[14/10/2011 22:10:22] /b 22:09 Borges [55868: Esse Jean E Um Gostoso D Porra 
[14/10/2011 22:10:31] /b que isso emmmmmmmmmmmmmmmm
[14/10/2011 22:11:29] /b 22:10 Borges [55868: Jean Quer Ficar Comigo Sou tODO SEUUUUUUUUU
[14/10/2011 22:12:38] /b 22:11 Borges [55868: Druid Master E Um Gostoso !!!!!! Proprio
[14/10/2011 22:12:39] /b 22:11 Borges [55868: Druid Master E Um Gostoso !!!!!! Proprio
[14/10/2011 22:13:53] /b 22:12 Ralo [24032: Jean E Um gOSTOSO DA PORRA MAIS NAO E TAO GOSTOSO QUE O DRUID MASTER
[14/10/2011 22:14:15] /b 22:12 Ralo [24032: Jean E Um gOSTOSO DA PORRA MAIS NAO E TAO GOSTOSO QUE O DRUID MASTER
[14/10/2011 22:14:52] /b borges entra no borges
[14/10/2011 22:14:55] /b USAUHSHA'
[14/10/2011 22:25:36] /b o 1 2 4 5 6 do rank e tudo veadoooooooooooooooooooooo
[14/10/2011 22:26:25] /b 22:25 Kwatty Guaranaa [47553: Isso E Mesmo Verdade
[14/10/2011 22:44:18] /b ja falei que vcs sao gayyyyyyyyyyys !
[14/10/2011 22:44:38] /b o mais gay de todos do ot
[14/10/2011 22:44:41] /b e ooooooooooooooooooooooooooooooooo
[14/10/2011 22:44:54] /b kwatty Guaranaa
[14/10/2011 22:45:08] /b
[14/10/2011 22:45:12] /b parei
[14/10/2011 22:46:13] /b 22:45 Kwatty Guaranaa [47553: cade Jean ?
[14/10/2011 22:46:27] /b 22:45 Kwatty Guaranaa [47553: ja quero ele !
[14/10/2011 22:48:20] /b bhruno pinto pequenoooooooooooooooooo
[14/10/2011 22:49:38] /b cade vc bhruno 
[14/10/2011 22:49:45] /b qual e o seu char ?
[14/10/2011 22:50:23] /b olha o placarrrrrrrrrrrrr
[14/10/2011 22:50:25] /b olha o placarrrrrrrrrrrrr
[14/10/2011 22:50:54] /b Jean Quem achou Ele Gostoso Foi De 5 Mateus 4 Bruno 0 Druid Master 100000
[14/10/2011 22:50:56] /b Jean Quem achou Ele Gostoso Foi De 5 Mateus 4 Bruno 0 Druid Master 100000
[14/10/2011 22:52:21] /b 22:51 Kwatty Guaraana [100]: Amo Justin Bieber Sou Fã Louca Por ElEEEEEEEEEEEEEEEEEEEEEEEEEEEEEEE AI MEU DEUS
[14/10/2011 22:53:32] /b to solitarioooooooooooooooooooo !
[14/10/2011 22:53:54] /b hi
[14/10/2011 22:54:17] /b 22:53 Natanael [57898: vc é tutor
[14/10/2011 22:54:19] /b 22:53 Natanael [57898: vc é tutor
[14/10/2011 22:54:19] /b 22:53 Natanael [57898: vc é tutor
[14/10/2011 22:55:06] /b la le li lo lu laooooooooo jean loko abreu Ronaldinho Boby Marley
[14/10/2011 22:55:07] /b la le li lo lu laooooooooo jean loko abreu Ronaldinho Boby Marley
[14/10/2011 22:55:37] /b flamengo time do meu coraçao O MELHOR TIME DO BRASILEIRAOOOOOOOOOOOOOOOOOOOO
[14/10/2011 22:55:39] /b flamengo time do meu coraçao O MELHOR TIME DO BRASILEIRAOOOOOOOOOOOOOOOOOOOO
[14/10/2011 22:55:40] /b flamengo time do meu coraçao O MELHOR TIME DO BRASILEIRAOOOOOOOOOOOOOOOOOOOO
[14/10/2011 22:55:47] /b flamengo time do meu coraçao O MELHOR TIME DO BRASILEIRAOOOOOOOOOOOOOOOOOOOO
[14/10/2011 22:55:47] /b flamengo time do meu coraçao O MELHOR TIME DO BRASILEIRAOOOOOOOOOOOOOOOOOOOO
[14/10/2011 22:55:56] /b flamengo time do meu coraçao O MELHOR TIME DO BRASILEIRAOOOOOOOOOOOOOOOOOOOO
[14/10/2011 22:55:56] /b flamengo time do meu coraçao O MELHOR TIME DO BRASILEIRAOOOOOOOOOOOOOOOOOOOO
[14/10/2011 22:55:57] /b flamengo time do meu coraçao O MELHOR TIME DO BRASILEIRAOOOOOOOOOOOOOOOOOOOO
[14/10/2011 22:58:51] /b flamengo time do meu coraçao O MELHOR TIME DO BRASILEIRAOOOOOOOOOOOOOOOOOOOO
[14/10/2011 22:58:52] /b flamengo time do meu coraçao O MELHOR TIME DO BRASILEIRAOOOOOOOOOOOOOOOOOOOO
[14/10/2011 22:58:52] /b flamengo time do meu coraçao O MELHOR TIME DO BRASILEIRAOOOOOOOOOOOOOOOOOOOO
[14/10/2011 22:58:54] /b flamengo time do meu coraçao O MELHOR TIME DO BRASILEIRAOOOOOOOOOOOOOOOOOOOO
[14/10/2011 22:58:54] /b flamengo time do meu coraçao O MELHOR TIME DO BRASILEIRAOOOOOOOOOOOOOOOOOOOO
[14/10/2011 22:58:55] /b flamengo time do meu coraçao O MELHOR TIME DO BRASILEIRAOOOOOOOOOOOOOOOOOOOO
[14/10/2011 22:58:55] /b flamengo time do meu coraçao O MELHOR TIME DO BRASILEIRAOOOOOOOOOOOOOOOOOOOO
[14/10/2011 22:58:56] /b flamengo time do meu coraçao O MELHOR TIME DO BRASILEIRAOOOOOOOOOOOOOOOOOOOO
[14/10/2011 22:58:56] /b flamengo time do meu coraçao O MELHOR TIME DO BRASILEIRAOOOOOOOOOOOOOOOOOOOO
[14/10/2011 22:58:57] /b flamengo time do meu coraçao O MELHOR TIME DO BRASILEIRAOOOOOOOOOOOOOOOOOOOO
[14/10/2011 22:59:53] /b quem acha o flamengo o melhor time do mundo fala no help
[14/10/2011 22:59:55] /b quem acha o flamengo o melhor time do mundo fala no help
[14/10/2011 22:59:56] /b quem acha o flamengo o melhor time do mundo fala no help
[14/10/2011 23:00:17] /b e quem nao acha fala tb que ganha um treco
[14/10/2011 23:00:18] /b e quem nao acha fala tb que ganha um treco
[14/10/2011 23:01:25] /b uma vez flamengo sempre flamengo flamengo tem que ser meu maior prazer e velo brilhar seja na terra seja no mar vence vence vence uma vez flamengo flamengo ate morrer !
[14/10/2011 23:01:28] /b uma vez flamengo sempre flamengo flamengo tem que ser meu maior prazer e velo brilhar seja na terra seja no mar vence vence vence uma vez flamengo flamengo ate morrer !
[14/10/2011 23:01:29] /b uma vez flamengo sempre flamengo flamengo tem que ser meu maior prazer e velo brilhar seja na terra seja no mar vence vence vence uma vez flamengo flamengo ate morrer !
[14/10/2011 23:01:49] /b uma vez flamengo sempre flamengo flamengo tem que ser meu maior prazer e velo brilhar seja na terra seja no mar vence vence vence uma vez flamengo flamengo ate morrer !
[14/10/2011 23:01:50] /b uma vez flamengo sempre flamengo flamengo tem que ser meu maior prazer e velo brilhar seja na terra seja no mar vence vence vence uma vez flamengo flamengo ate morrer !
[14/10/2011 23:01:50] /b uma vez flamengo sempre flamengo flamengo tem que ser meu maior prazer e velo brilhar seja na terra seja no mar vence vence vence uma vez flamengo flamengo ate morrer !
[14/10/2011 23:01:51] /b uma vez flamengo sempre flamengo flamengo tem que ser meu maior prazer e velo brilhar seja na terra seja no mar vence vence vence uma vez flamengo flamengo ate morrer !
[14/10/2011 23:01:51] /b uma vez flamengo sempre flamengo flamengo tem que ser meu maior prazer e velo brilhar seja na terra seja no mar vence vence vence uma vez flamengo flamengo ate morrer !
[14/10/2011 23:01:51] /b uma vez flamengo sempre flamengo flamengo tem que ser meu maior prazer e velo brilhar seja na terra seja no mar vence vence vence uma vez flamengo flamengo ate morrer !
[14/10/2011 23:01:52] /b uma vez flamengo sempre flamengo flamengo tem que ser meu maior prazer e velo brilhar seja na terra seja no mar vence vence vence uma vez flamengo flamengo ate morrer !
[14/10/2011 23:01:52] /b uma vez flamengo sempre flamengo flamengo tem que ser meu maior prazer e velo brilhar seja na terra seja no mar vence vence vence uma vez flamengo flamengo ate morrer !
[14/10/2011 23:01:53] /b uma vez flamengo sempre flamengo flamengo tem que ser meu maior prazer e velo brilhar seja na terra seja no mar vence vence vence uma vez flamengo flamengo ate morrer !
[14/10/2011 23:01:53] /b uma vez flamengo sempre flamengo flamengo tem que ser meu maior prazer e velo brilhar seja na terra seja no mar vence vence vence uma vez flamengo flamengo ate morrer !
[14/10/2011 23:03:15] /b o rei dos gays entrooooooooooooooooooooooooo
[14/10/2011 23:03:20] /b lord fodaaaaaaaaaaaaaaaaaaaaaaaaaaaaaaaaaaaaaaaaaaaaaaaaaaaa
[14/10/2011 23:04:32] /b quem acha que eu sou foda fala no helpppppp !
[14/10/2011 23:05:27] /b apresentando os reis dos gayssssssssssssssss
[14/10/2011 23:05:31] /b lord fodaaaa !
[14/10/2011 23:06:14] /b 23:05 Lord Foda [65156: Brigado Vc E Um Lindo QUEM NAO RESISTOOOOOOOOOOOOOOOOOOOO
[14/10/2011 23:07:16] /b nao da pra zua com gay de verdade kkkkkkkkkk
[14/10/2011 23:12:23] /b olhem como o lord nomeia um novo gay
[14/10/2011 23:12:43] /b com o poder investido em mim lord gay eu declaro vc gayyyyyyyyyyy
[14/10/2011 23:12:53] /b kkkkkkkkkk
[14/10/2011 23:13:27] /b ate + seus gayssssss !
[14/10/2011 23:14:13] /b 23:13 Lord Foda [65156:  Druid Master E Um Gostosooooooooo !
[15/10/2011 12:08:14] /b lalallalalla
[15/10/2011 12:10:15] /b 12:09 Kwatty Guaranaa [47553: Logar Do Lado De Um gOSTOSO E FODAAAAAA!
[15/10/2011 12:10:18] /b 12:09 Kwatty Guaranaa [47553: Logar Do Lado De Um gOSTOSO E FODAAAAAA!
[15/10/2011 12:12:49] /b 12:12 Kwatty Guaranaa [47553: Vo Ti Conta Em O Druid Master E Um Gostosoooooooo !
[15/10/2011 12:12:51] /b 12:12 Kwatty Guaranaa [47553: Vo Ti Conta Em O Druid Master E Um Gostosoooooooo !
[15/10/2011 12:13:05] /b 12:12 Kwatty Guaranaa [47553: Vo Ti Conta Em O Druid Master E Um Gostosoooooooo !
[15/10/2011 12:13:06] /b 12:12 Kwatty Guaranaa [47553: Vo Ti Conta Em O Druid Master E Um Gostosoooooooo !
[15/10/2011 12:14:04] /b Uma Vez flamengo sempre flamengo flamengo tem que ser meu maior prazer e velo brilhar seja na terra seja no mar vence vence vence uma vez flamengo flamengo ate morrer !
[15/10/2011 12:14:06] /b Uma Vez flamengo sempre flamengo flamengo tem que ser meu maior prazer e velo brilhar seja na terra seja no mar vence vence vence uma vez flamengo flamengo ate morrer !
[15/10/2011 12:14:07] /b Uma Vez flamengo sempre flamengo flamengo tem que ser meu maior prazer e velo brilhar seja na terra seja no mar vence vence vence uma vez flamengo flamengo ate morrer !
[15/10/2011 12:14:07] /b Uma Vez flamengo sempre flamengo flamengo tem que ser meu maior prazer e velo brilhar seja na terra seja no mar vence vence vence uma vez flamengo flamengo ate morrer !
[15/10/2011 12:14:08] /b Uma Vez flamengo sempre flamengo flamengo tem que ser meu maior prazer e velo brilhar seja na terra seja no mar vence vence vence uma vez flamengo flamengo ate morrer !
[15/10/2011 12:14:08] /b Uma Vez flamengo sempre flamengo flamengo tem que ser meu maior prazer e velo brilhar seja na terra seja no mar vence vence vence uma vez flamengo flamengo ate morrer !
[15/10/2011 12:15:04] /b Uma Vez flamengo sempre flamengo flamengo tem que ser meu maior prazer e velo brilhar seja na terra seja no mar vence vence vence uma vez flamengo flamengo ate morrer !
[15/10/2011 12:15:05] /b Uma Vez flamengo sempre flamengo flamengo tem que ser meu maior prazer e velo brilhar seja na terra seja no mar vence vence vence uma vez flamengo flamengo ate morrer !
[15/10/2011 12:15:06] /b Uma Vez flamengo sempre flamengo flamengo tem que ser meu maior prazer e velo brilhar seja na terra seja no mar vence vence vence uma vez flamengo flamengo ate morrer !
[15/10/2011 12:15:06] /b Uma Vez flamengo sempre flamengo flamengo tem que ser meu maior prazer e velo brilhar seja na terra seja no mar vence vence vence uma vez flamengo flamengo ate morrer !
[15/10/2011 12:16:51] /b Uma Vez flamengo sempre flamengo flamengo tem que ser meu maior prazer e velo brilhar seja na terra seja no mar vence vence vence uma vez flamengo flamengo ate morrer !
[15/10/2011 12:16:52] /b Uma Vez flamengo sempre flamengo flamengo tem que ser meu maior prazer e velo brilhar seja na terra seja no mar vence vence vence uma vez flamengo flamengo ate morrer !
[15/10/2011 12:16:53] /b Uma Vez flamengo sempre flamengo flamengo tem que ser meu maior prazer e velo brilhar seja na terra seja no mar vence vence vence uma vez flamengo flamengo ate morrer !
[15/10/2011 12:21:34] /b Uma Vez flamengo sempre flamengo flamengo tem que ser meu maior prazer e velo brilhar seja na terra seja no mar vence vence vence uma vez flamengo flamengo ate morrer !
[15/10/2011 12:21:35] /b Uma Vez flamengo sempre flamengo flamengo tem que ser meu maior prazer e velo brilhar seja na terra seja no mar vence vence vence uma vez flamengo flamengo ate morrer !
[15/10/2011 12:21:35] /b Uma Vez flamengo sempre flamengo flamengo tem que ser meu maior prazer e velo brilhar seja na terra seja no mar vence vence vence uma vez flamengo flamengo ate morrer !
[15/10/2011 12:21:36] /b Uma Vez flamengo sempre flamengo flamengo tem que ser meu maior prazer e velo brilhar seja na terra seja no mar vence vence vence uma vez flamengo flamengo ate morrer !
[15/10/2011 12:21:36] /b Uma Vez flamengo sempre flamengo flamengo tem que ser meu maior prazer e velo brilhar seja na terra seja no mar vence vence vence uma vez flamengo flamengo ate morrer !
[15/10/2011 13:45:22] /b todo mundo do ot e veado !!!!!!!!!!!
[15/10/2011 15:01:19] /b uma vez flamengo sempre flamengo flamengo tem que ser meu maior prazer e velo brilhar seja na terra seja no mar vence vence vence uma vez flamengo flamengo ate morrer !
[15/10/2011 15:01:21] /b uma vez flamengo sempre flamengo flamengo tem que ser meu maior prazer e velo brilhar seja na terra seja no mar vence vence vence uma vez flamengo flamengo ate morrer !
[15/10/2011 15:01:42] /b uma vez flamengo sempre flamengo flamengo tem que ser meu maior prazer e velo brilhar seja na terra seja no mar vence vence vence uma vez flamengo flamengo ate morrer !
[15/10/2011 15:01:43] /b uma vez flamengo sempre flamengo flamengo tem que ser meu maior prazer e velo brilhar seja na terra seja no mar vence vence vence uma vez flamengo flamengo ate morrer !
[15/10/2011 15:01:43] /b uma vez flamengo sempre flamengo flamengo tem que ser meu maior prazer e velo brilhar seja na terra seja no mar vence vence vence uma vez flamengo flamengo ate morrer !
[15/10/2011 15:01:44] /b uma vez flamengo sempre flamengo flamengo tem que ser meu maior prazer e velo brilhar seja na terra seja no mar vence vence vence uma vez flamengo flamengo ate morrer !
[15/10/2011 15:01:44] /b uma vez flamengo sempre flamengo flamengo tem que ser meu maior prazer e velo brilhar seja na terra seja no mar vence vence vence uma vez flamengo flamengo ate morrer !
[15/10/2011 15:01:45] /b uma vez flamengo sempre flamengo flamengo tem que ser meu maior prazer e velo brilhar seja na terra seja no mar vence vence vence uma vez flamengo flamengo ate morrer !
[15/10/2011 15:02:17] /b jean on ?????????????
[15/10/2011 15:05:38] /b sou mengaoooooo !
[15/10/2011 15:05:41] /b sou mengaoooooo !
[15/10/2011 15:05:41] /b sou mengaoooooo !
[15/10/2011 15:05:42] /b sou mengaoooooo !
[16/10/2011 14:32:50] /b bom dias seus gaysssssssss :D
[16/10/2011 14:33:32] /b Kwatty Guaranaa E Ummmm Lixooooooooooo :D
[16/10/2011 14:34:04] /b 14:33 Kwatty Guaranaa [1927]: Druid Amo Masterrrrrr !
[16/10/2011 14:34:09] /b que isso emmmmmmmmmmmmmmmmm !
[16/10/2011 14:35:13] /b 14:33 Kwatty Guaranaa [1927]: Druid Amo Masterrrrrr !
[16/10/2011 14:35:14] /b 14:33 Kwatty Guaranaa [1927]: Druid Amo Masterrrrrr !
[16/10/2011 14:35:14] /b 14:33 Kwatty Guaranaa [1927]: Druid Amo Masterrrrrr !
[16/10/2011 14:35:15] /b 14:33 Kwatty Guaranaa [1927]: Druid Amo Masterrrrrr !
[16/10/2011 14:36:12] /b 14:35 Kwatty Guaranaa [2097]:  Ja Começou meu coraçao bater por ti!!!!!!!!!!
[16/10/2011 14:36:13] /b 14:35 Kwatty Guaranaa [2097]:  Ja Começou meu coraçao bater por ti!!!!!!!!!!
[16/10/2011 14:36:14] /b 14:35 Kwatty Guaranaa [2097]:  Ja Começou meu coraçao bater por ti!!!!!!!!!!
[16/10/2011 14:36:14] /b 14:35 Kwatty Guaranaa [2097]:  Ja Começou meu coraçao bater por ti!!!!!!!!!!
[16/10/2011 14:39:29] /b Uma Vez Flamengo Sempre Flamengo Flamengo Tem que Ser Meu Maior Prazer E Velo Brilhar Seja Na Terra Seja No Mar Vence Vence Vence Uma Vez Flamengo Flamengo Ate Morrer!
[16/10/2011 14:39:30] /b Uma Vez Flamengo Sempre Flamengo Flamengo Tem que Ser Meu Maior Prazer E Velo Brilhar Seja Na Terra Seja No Mar Vence Vence Vence Uma Vez Flamengo Flamengo Ate Morrer!
[16/10/2011 14:39:31] /b Uma Vez Flamengo Sempre Flamengo Flamengo Tem que Ser Meu Maior Prazer E Velo Brilhar Seja Na Terra Seja No Mar Vence Vence Vence Uma Vez Flamengo Flamengo Ate Morrer!
[16/10/2011 14:39:31] /b Uma Vez Flamengo Sempre Flamengo Flamengo Tem que Ser Meu Maior Prazer E Velo Brilhar Seja Na Terra Seja No Mar Vence Vence Vence Uma Vez Flamengo Flamengo Ate Morrer!
[16/10/2011 14:39:31] /b Uma Vez Flamengo Sempre Flamengo Flamengo Tem que Ser Meu Maior Prazer E Velo Brilhar Seja Na Terra Seja No Mar Vence Vence Vence Uma Vez Flamengo Flamengo Ate Morrer!
[16/10/2011 14:39:32] /b Uma Vez Flamengo Sempre Flamengo Flamengo Tem que Ser Meu Maior Prazer E Velo Brilhar Seja Na Terra Seja No Mar Vence Vence Vence Uma Vez Flamengo Flamengo Ate Morrer!
[16/10/2011 14:39:32] /b Uma Vez Flamengo Sempre Flamengo Flamengo Tem que Ser Meu Maior Prazer E Velo Brilhar Seja Na Terra Seja No Mar Vence Vence Vence Uma Vez Flamengo Flamengo Ate Morrer!
[16/10/2011 14:39:33] /b Uma Vez Flamengo Sempre Flamengo Flamengo Tem que Ser Meu Maior Prazer E Velo Brilhar Seja Na Terra Seja No Mar Vence Vence Vence Uma Vez Flamengo Flamengo Ate Morrer!
[16/10/2011 14:39:33] /b Uma Vez Flamengo Sempre Flamengo Flamengo Tem que Ser Meu Maior Prazer E Velo Brilhar Seja Na Terra Seja No Mar Vence Vence Vence Uma Vez Flamengo Flamengo Ate Morrer!
[16/10/2011 14:39:34] /b Uma Vez Flamengo Sempre Flamengo Flamengo Tem que Ser Meu Maior Prazer E Velo Brilhar Seja Na Terra Seja No Mar Vence Vence Vence Uma Vez Flamengo Flamengo Ate Morrer!
[16/10/2011 14:39:34] /b Uma Vez Flamengo Sempre Flamengo Flamengo Tem que Ser Meu Maior Prazer E Velo Brilhar Seja Na Terra Seja No Mar Vence Vence Vence Uma Vez Flamengo Flamengo Ate Morrer!
[16/10/2011 14:45:37] /b mateus e flamenguistaaaa com muito orgulhooooooooooooooooooooooooooo
[16/10/2011 14:45:38] /b mateus e flamenguistaaaa com muito orgulhooooooooooooooooooooooooooo
[16/10/2011 14:45:38] /b mateus e flamenguistaaaa com muito orgulhooooooooooooooooooooooooooo
[16/10/2011 14:45:39] /b mateus e flamenguistaaaa com muito orgulhooooooooooooooooooooooooooo
[16/10/2011 14:45:41] /b mateus e flamenguistaaaa com muito orgulhooooooooooooooooooooooooooo
[16/10/2011 14:45:44] /b mateus e flamenguistaaaa com muito orgulhooooooooooooooooooooooooooo
[16/10/2011 14:45:45] /b mateus e flamenguistaaaa com muito orgulhooooooooooooooooooooooooooo
[16/10/2011 14:45:45] /b mateus e flamenguistaaaa com muito orgulhooooooooooooooooooooooooooo
[16/10/2011 14:45:46] /b mateus e flamenguistaaaa com muito orgulhooooooooooooooooooooooooooo
[16/10/2011 14:46:27] /b mateus e flamenguistaaaa com muito orgulhooooooooooooooooooooooooooo
[16/10/2011 14:46:27] /b mateus e flamenguistaaaa com muito orgulhooooooooooooooooooooooooooo
[16/10/2011 14:46:28] /b mateus e flamenguistaaaa com muito orgulhooooooooooooooooooooooooooo
[16/10/2011 14:46:28] /b mateus e flamenguistaaaa com muito orgulhooooooooooooooooooooooooooo
[16/10/2011 14:46:29] /b mateus e flamenguistaaaa com muito orgulhooooooooooooooooooooooooooo
[16/10/2011 14:46:29] /b mateus e flamenguistaaaa com muito orgulhooooooooooooooooooooooooooo
[16/10/2011 14:46:30] /b mateus e flamenguistaaaa com muito orgulhooooooooooooooooooooooooooo
[16/10/2011 14:46:30] /b mateus e flamenguistaaaa com muito orgulhooooooooooooooooooooooooooo
[16/10/2011 14:46:31] /b mateus e flamenguistaaaa com muito orgulhooooooooooooooooooooooooooo
[16/10/2011 14:46:31] /b mateus e flamenguistaaaa com muito orgulhooooooooooooooooooooooooooo
[16/10/2011 14:46:32] /b mateus e flamenguistaaaa com muito orgulhooooooooooooooooooooooooooo
[16/10/2011 14:51:34] /b kkkkkkkkkkkkkkkkkkkkkkkkkkkkkkkkk
[16/10/2011 14:52:00] /b mateus jean kwatty borges love love druid master eduardo bruno tudo flamenguistaaaaaaaaaaaaaaaa !
[16/10/2011 14:56:08] /b afs vo saiiiiiiiiiiiii !
[16/10/2011 14:56:14] /b tem nads pra faze !!!!!!!!!!!!!!!!!!!!!!!!!!!!!!!!!!!!!!!!!!!!!!!
[16/10/2011 21:04:39] /b druid master Para Gmmmmm UHUHUUH
[16/10/2011 21:04:40] /b druid master Para Gmmmmm UHUHUUH
[16/10/2011 21:05:47] /b kwatty Guaranaa viciadoooooooooooo !!!!!!!!!!!!!!!!!!!!!!!!!!!
[16/10/2011 21:07:44] /b 21:07 Kwatty Guaranaa [9908]: Pula sai do chão, o Kwatty e Gostozão. Libera a energia e vem pro pvpzão !      (:
[16/10/2011 21:07:52] /b Hummm Fodaoooooooooooo !
[16/10/2011 21:09:11] /b sai do chao  sai do chao o druid master chegou para gozar no chaoooo
[16/10/2011 21:09:11] /b sai do chao  sai do chao o druid master chegou para gozar no chaoooo
[16/10/2011 21:09:12] /b sai do chao  sai do chao o druid master chegou para gozar no chaoooo
[16/10/2011 21:09:12] /b sai do chao  sai do chao o druid master chegou para gozar no chaoooo
[16/10/2011 21:11:45] /b 21:10 Kwatty Guaranaa [10257: Sai Do Caminho Sai Do Caminho O Pinto Do Druid Master E So Minha 
[16/10/2011 21:11:46] /b 21:10 Kwatty Guaranaa [10257: Sai Do Caminho Sai Do Caminho O Pinto Do Druid Master E So Minha 
[16/10/2011 21:11:47] /b 21:10 Kwatty Guaranaa [10257: Sai Do Caminho Sai Do Caminho O Pinto Do Druid Master E So Minha 
[16/10/2011 21:12:51] /b 21:12 Kwatty Guaranaa [10427: Ai Aiiiii Que Gozo Gostozooooooo !
[16/10/2011 21:12:52] /b 21:12 Kwatty Guaranaa [10427: Ai Aiiiii Que Gozo Gostozooooooo !
[16/10/2011 21:12:52] /b 21:12 Kwatty Guaranaa [10427: Ai Aiiiii Que Gozo Gostozooooooo !
[16/10/2011 21:12:53] /b 21:12 Kwatty Guaranaa [10427: Ai Aiiiii Que Gozo Gostozooooooo !
[16/10/2011 21:12:53] /b 21:12 Kwatty Guaranaa [10427: Ai Aiiiii Que Gozo Gostozooooooo !
[16/10/2011 21:14:46] /b 21:14 Kwatty Guaranaa [10580: Eu SO fEIOOOOOOOOOOOOO MEU CAMINHAOZINHO NAO AGUENTA NEM UMA BARATINHA 
[16/10/2011 21:16:44] /b 21:16 Pala Baby [7227]: Hahah Huhu O Druid Master E Um Gostozaduuuuuuuuu !
[16/10/2011 21:16:45] /b 21:16 Pala Baby [7227]: Hahah Huhu O Druid Master E Um Gostozaduuuuuuuuu !
[16/10/2011 21:16:46] /b 21:16 Pala Baby [7227]: Hahah Huhu O Druid Master E Um Gostozaduuuuuuuuu !
[17/10/2011 20:47:56] /b bom dia seus gaysssssss !
[17/10/2011 20:49:38] /b promotionnnnnnnnnn !
[17/10/2011 20:49:40] /b promotionnnnnnnnnn !
[17/10/2011 20:49:41] /b promotionnnnnnnnnn !
[17/10/2011 20:49:43] /b promotionnnnnnnnnn !
[18/10/2011 13:30:43] /b haha hehe hihi hoho huhu
[18/10/2011 13:30:46] /b haha hehe hihi hoho huhu
[18/10/2011 17:29:29] /b aaaaaaaaaaaaaaaaaaaaaaaaaaaaaaaaaaaaaaaaaa!
[19/10/2011 19:09:16] /b seus veados !
[19/10/2011 19:10:17] /b druid master de tutor para gm !!!! googo kkkk
[20/10/2011 15:13:43] /b alguem foda on ?
[20/10/2011 15:13:48] /b eu to onnnnnnnnnn ! 
[20/10/2011 15:13:49] /b eu to onnnnnnnnnn ! 
[22/10/2011 11:28:20] /b reseta logo essa porraaaaaaaaaaaaaaa 1
[22/10/2011 11:28:21] /b reseta logo essa porraaaaaaaaaaaaaaa 1
[22/10/2011 11:28:22] /b reseta logo essa porraaaaaaaaaaaaaaa 1
[22/10/2011 11:28:34] /b vou ser o top quando eu entrar !!!!!!!!
[22/10/2011 12:10:12] /b reseta logoooooooo !
[22/10/2011 12:10:15] /b reseta logoooooooo !
[22/10/2011 12:47:03] /b mateus reseta essa porra logooo !
[22/10/2011 12:47:53] /b mateus reseta essa porra logooo !
[22/10/2011 13:03:11] /b reseta logo esse krlllllllll porra
[22/10/2011 13:05:04] /b CARO JEAN E MATEUS LAMENTO DIZER ISSO MAS:>>> ESSE RESET DEMORA D++++++++
[22/10/2011 13:05:05] /b CARO JEAN E MATEUS LAMENTO DIZER ISSO MAS:>>> ESSE RESET DEMORA D++++++++
[22/10/2011 13:05:06] /b CARO JEAN E MATEUS LAMENTO DIZER ISSO MAS:>>> ESSE RESET DEMORA D++++++++
[22/10/2011 13:05:07] /b CARO JEAN E MATEUS LAMENTO DIZER ISSO MAS:>>> ESSE RESET DEMORA D++++++++
[22/10/2011 14:03:13] /b ainda nao reseto essa merda?
[22/10/2011 14:03:37] /b reseta logo 
[22/10/2011 14:03:42] /b porra !!!!!!!
[22/10/2011 14:14:09] /b fala ai
[22/10/2011 14:14:21] /b juninho idiota
[22/10/2011 14:20:06] /b jeannnnnn me dexa lvl 500 k pleaseeeeeeeeeeeeeeeee
[22/10/2011 14:20:08] /b jeannnnnn me dexa lvl 500 k pleaseeeeeeeeeeeeeeeee
[22/10/2011 14:20:09] /b jeannnnnn me dexa lvl 500 k pleaseeeeeeeeeeeeeeeee
