[04/07/2009 16:44:55] /b novo GM
[04/07/2009 16:46:54] /kick GM Andre
[04/07/2009 16:47:40] /b novo GM
[04/07/2009 16:48:09] /t
[04/07/2009 16:48:37] /b quem fica mandando mensagem vai te um presente
[04/07/2009 16:48:55] /b 1 ano de ban
[04/07/2009 16:48:59] /b 1 ano de ban
[04/07/2009 16:50:17] /b Rei
[04/07/2009 16:50:26] /b posso faser um evento?
[04/07/2009 16:51:18] /b vou sumonar um bixo forte quem mata tem direito a 1 desejo
[04/07/2009 16:51:48] /m ferumbras
[04/07/2009 16:52:42] /b o bixo esta perto do barco não sei se ele vai ataca ele ta parado
[04/07/2009 16:52:48] /b :)
[04/07/2009 16:54:31] /b magno druid e major são os ganhadores
[04/07/2009 16:55:36] /kick major jhony
[04/07/2009 16:57:40] /i Magic long sword
[04/07/2009 16:58:20] /i 
[04/07/2009 16:58:34] /i Magic long sword
[04/07/2009 17:01:41] /b outro evento vou esconder uma bp com 1 demon armor dentro quem achar ganhara demon set
[04/07/2009 17:01:51] /i backpack
[04/07/2009 17:04:02] /ghost
[04/07/2009 17:05:20] /b outro evento vou esconder uma bp com 1 demon armor dentro quem achar ganhara demon set
[04/07/2009 17:05:36] /i backpack
[04/07/2009 17:05:44] /i demon armor
[04/07/2009 17:07:19] /b esta ne um bueiro
[04/07/2009 17:07:43] /b major jhony acho
[04/07/2009 17:07:57] /b ganho um demon 7
[04/07/2009 17:08:14] /b parem de mandar msg
[04/07/2009 17:08:39] /b major comparesa em frente do DP
[04/07/2009 17:08:42] /b major comparesa em frente do DP
[04/07/2009 17:11:00] /ghost
[04/07/2009 17:11:20] /i demon armor
[04/07/2009 17:11:27] /i demon legs
[04/07/2009 17:11:35] /i demon helmet
[04/07/2009 17:12:33] /i boots of haste
[04/07/2009 17:12:54] /ghost
[04/07/2009 17:13:10] /b quem qué evento de super moustros 
[04/07/2009 17:13:17] /b ?
[04/07/2009 17:13:56] /b quem quise manda mesnsagem fassem os grupos e compareção ao campo de fotbol
[04/07/2009 17:15:36] /b 2 jogadores level 200 + compareção ao campo de footbol para evento de moustro direito a 3 desejos
[04/07/2009 17:15:55] /i backpack
[04/07/2009 17:21:43] /m ghazbaran
[04/07/2009 17:22:34] /b ninguem mato
[04/07/2009 17:22:45] /b quem vai quere vim aki mata ghaz?
[04/07/2009 17:22:49] /b quem vai quere vim aki mata ghaz?
[04/07/2009 17:22:49] /b quem vai quere vim aki mata ghaz?
[04/07/2009 17:33:24] /b vou faser um evento legal lvl 50 menos participa
[04/07/2009 17:34:21] /b todos que vão participal do evento 50- venhão até o templo
[04/07/2009 17:34:45] /c major jhony
[04/07/2009 17:35:07] /b todos que estão lvl 50 menos venhão até o templo
[04/07/2009 17:35:47] /c knight rilex
[04/07/2009 17:38:49] /kick kainho xd
[04/07/2009 17:38:56] /kick kainho xd
[04/07/2009 17:39:09] /i backpack
[04/07/2009 17:39:12] /i backpack
[04/07/2009 17:39:14] /i backpack
[04/07/2009 17:39:17] /i backpack
[04/07/2009 17:39:20] /i backpack
[04/07/2009 17:39:22] /i backpack
[04/07/2009 17:39:24] /i backpack
[04/07/2009 17:39:27] /i backpack
[04/07/2009 17:39:29] /i backpack
[04/07/2009 17:39:32] /i backpack
[04/07/2009 17:39:38] /i backpack
[04/07/2009 17:39:42] /i backpack
[04/07/2009 17:39:45] /i backpack
[04/07/2009 17:40:03] /i backpack
[04/07/2009 17:40:14] /i demon armor 
[04/07/2009 17:40:21] /i backpack
[04/07/2009 17:40:26] /i backpack
[04/07/2009 17:40:30] /i backpack
[04/07/2009 17:40:33] /i backpack
[04/07/2009 17:40:36] /i backpack
[04/07/2009 17:40:38] /i backpack
[04/07/2009 17:40:42] /i backpack
[04/07/2009 17:41:51] /b podem subi e se alinhar
[04/07/2009 17:45:11] /i demon armor
[04/07/2009 17:46:47] /a
[04/07/2009 17:46:50] /a
[04/07/2009 17:46:52] /a
[04/07/2009 17:46:53] /a
[04/07/2009 17:46:54] /a
[04/07/2009 17:46:54] /a
[04/07/2009 17:47:41] /i 1547
[04/07/2009 17:47:45] /i 1547
[04/07/2009 17:48:08] /r
[04/07/2009 17:48:26] /i 1546
[04/07/2009 17:48:30] /i 1546
[04/07/2009 17:48:34] /i 1546
[04/07/2009 17:48:36] /i 1546
[04/07/2009 17:48:40] /i 1546
[04/07/2009 17:48:43] /i 1546
[04/07/2009 17:48:58] /r
[04/07/2009 17:49:00] /r
[04/07/2009 17:49:01] /r
[04/07/2009 17:49:37] /r
[04/07/2009 17:49:40] /r
[04/07/2009 17:49:46] /r
[04/07/2009 17:50:03] /a
[04/07/2009 17:50:06] /a
[04/07/2009 17:50:09] /a
[04/07/2009 17:50:26] /c ryukendo
[04/07/2009 17:51:18] /c lindinha
[04/07/2009 17:51:31] /c lindinhah
[04/07/2009 17:52:37] /c joilson
[04/07/2009 17:52:56] /c beijo gordo wow
[04/07/2009 17:53:50] /a
[04/07/2009 17:53:51] /a
[04/07/2009 17:53:56] /a
[04/07/2009 17:53:58] /a
[04/07/2009 17:54:28] /c quem quér particiar de um evento que não presisa faser nada mais ganha itens manda messagem pra eu puxa
[04/07/2009 17:54:37] /b quem quér particiar de um evento que não presisa faser nada mais ganha itens manda messagem pra eu puxa
[04/07/2009 17:54:50] /b farta 3
[04/07/2009 17:55:10] /c Noiadinhaa
[04/07/2009 17:55:33] /c Magnu Druid 
[04/07/2009 17:56:05] /c major jhony
[04/07/2009 17:56:17] /a
[04/07/2009 17:56:20] /a
[04/07/2009 17:56:22] /a
[04/07/2009 17:56:40] /i demon helmet
[04/07/2009 17:57:01] /i demon legs
[04/07/2009 17:57:28] /i gret shield
[04/07/2009 17:58:18] /i golden helmet
[04/07/2009 17:58:35] /i golden legs
[04/07/2009 17:59:02] /i yalahar legs
[04/07/2009 17:59:08] /i yalahar armor
[04/07/2009 17:59:27] /i magic long sword
[04/07/2009 18:00:12] /i solar axe
[04/07/2009 18:01:19] /i blessed shield
[04/07/2009 18:02:43] /i Firewalker Boots
[04/07/2009 18:03:17] /i battle hammer
[04/07/2009 18:04:35] /c major jhoony
[04/07/2009 18:04:39] /c major jhony
[04/07/2009 18:04:53] /a
[04/07/2009 18:05:01] /c major jhony
[04/07/2009 18:05:03] /a
[04/07/2009 18:07:01] /r
[04/07/2009 18:07:31] /m morgaroth
[04/07/2009 18:08:14] /r
[04/07/2009 18:08:15] /r
[04/07/2009 18:08:17] /r
[04/07/2009 18:08:18] /r
[04/07/2009 18:08:22] /r
[04/07/2009 18:08:25] /r
[04/07/2009 18:08:30] /r
[04/07/2009 18:09:09] /a
[04/07/2009 18:09:11] /a
[04/07/2009 18:09:15] /a
[04/07/2009 18:09:17] /a
[04/07/2009 18:09:21] /r
[04/07/2009 18:09:22] /r
[04/07/2009 18:09:24] /r
[04/07/2009 18:09:25] /r
[04/07/2009 18:09:26] /r
[04/07/2009 18:09:28] /r
[04/07/2009 18:09:30] /r
[04/07/2009 18:09:34] /r
[04/07/2009 18:09:35] /r
[04/07/2009 18:09:36] /r
[04/07/2009 18:09:38] /r
[04/07/2009 18:09:39] /r
[04/07/2009 18:09:40] /r
[04/07/2009 18:09:41] /r
[04/07/2009 18:09:42] /r
[04/07/2009 18:09:43] /r
[04/07/2009 18:09:44] /r
[04/07/2009 18:09:46] /r
[04/07/2009 18:09:47] /r
[04/07/2009 18:09:48] /r
[04/07/2009 18:09:50] /r
[04/07/2009 18:09:52] /r
[04/07/2009 18:09:53] /r
[04/07/2009 18:09:55] /r
[04/07/2009 18:09:56] /r
[04/07/2009 18:09:58] /r
[04/07/2009 18:09:59] /r
[04/07/2009 18:10:01] /r
[04/07/2009 18:11:19] /b gente ataque surpresa
[04/07/2009 18:11:21] /b gente ataque surpresa
[04/07/2009 18:12:39] /i ce rapier
[04/07/2009 18:12:49] /i ice rapier
[04/07/2009 18:14:20] /a
[04/07/2009 18:14:22] /a
[04/07/2009 18:14:57] /a
[04/07/2009 18:14:59] /a
[04/07/2009 18:15:03] /a
[04/07/2009 18:15:06] /a
[04/07/2009 18:15:14] /a
[04/07/2009 18:15:15] /a
[04/07/2009 18:15:17] /a
[04/07/2009 18:15:19] /a
[04/07/2009 18:21:29] /m Ghazbaran
[04/07/2009 18:21:44] /m Ghazbaran
[04/07/2009 18:21:53] /m Ghazbaran
[04/07/2009 18:23:33] /m Ghazbaran
[05/07/2009 12:39:09] /t
[05/07/2009 14:15:15] /i demon backpack
[05/07/2009 14:15:26] /i demon backpack
[05/07/2009 14:16:12] /i demon backpack
[05/07/2009 14:16:35] /i DEMON BACKPACK
[05/07/2009 14:16:46] /b demon backpack?
[05/07/2009 14:18:24] /m dragon
[05/07/2009 14:22:22] /b gnte meu tibia ta caindo toda hora
[05/07/2009 14:23:55] /i demon backpack
[05/07/2009 14:33:47] /b GM agora tem demon backpack?
[05/07/2009 14:34:10] /b ?
[05/07/2009 14:59:54] /t
[05/07/2009 15:00:24] /i Royal Crossbow
[05/07/2009 15:03:11] /i demon backpack
