[02/08/2014 17:41:34] /a 1
[02/08/2014 17:41:58] /t
[04/08/2014 21:28:00] /ghost
[04/08/2014 21:28:29] /a 1
[04/08/2014 21:28:31] /a 1
[04/08/2014 21:28:32] /a 1
[04/08/2014 21:29:38] /a 2
[04/08/2014 21:29:42] /a
[04/08/2014 21:29:44] /a
[04/08/2014 21:29:46] /a
[04/08/2014 21:29:50] /a
[04/08/2014 21:29:51] /a
[04/08/2014 21:29:53] /a
[04/08/2014 21:29:55] /a
[04/08/2014 21:30:26] /a 5
[04/08/2014 21:30:27] /a 5
[04/08/2014 21:30:28] /a 5
[04/08/2014 21:30:29] /a 5
[04/08/2014 21:30:30] /a 5
[04/08/2014 21:30:30] /a 5
[04/08/2014 21:30:33] /a 3
[04/08/2014 21:30:37] /a 2
[04/08/2014 21:30:44] /a 2
[04/08/2014 21:32:13] /a 2
[04/08/2014 21:32:14] /a 2
[04/08/2014 21:32:14] /a 2
[04/08/2014 21:32:16] /a 2
[07/08/2014 19:56:01] /ghost
[07/08/2014 19:59:24] /up
[07/08/2014 20:25:09] /t
[07/08/2014 21:07:14] /a
[07/08/2014 21:07:22] /a 5
[07/08/2014 21:07:29] /a 5
[07/08/2014 21:07:35] /a 2
[07/08/2014 21:09:51] /a 5
[07/08/2014 21:09:57] /a 5
[07/08/2014 21:10:01] /a 5
[07/08/2014 21:10:04] /a 5
[07/08/2014 21:10:04] /a 5
[07/08/2014 21:10:30] /a 5me lecva la na epic 
[08/08/2014 12:47:54] /a 1522
[08/08/2014 12:48:34] /a 2
[08/08/2014 12:48:43] /t
[09/08/2014 00:01:16] /a 5
[09/08/2014 00:08:20] /ghost
[09/08/2014 00:08:49] /ghost
[09/08/2014 00:10:12] /goto Lucas
[09/08/2014 00:10:29] /goto Lucas
[09/08/2014 00:11:41] /save
[09/08/2014 00:12:01] /goto UCAS
[09/08/2014 00:12:08] /goto Lucas
[09/08/2014 00:12:14] /goto Lucas
[09/08/2014 00:13:08] /down
[09/08/2014 00:13:11] /down
[09/08/2014 00:13:13] /down
[09/08/2014 00:13:40] /down
[09/08/2014 00:13:47] /up
[09/08/2014 00:14:02] /t
[09/08/2014 00:15:01] /goto Lucas
[09/08/2014 00:15:14] /a 3
[09/08/2014 00:15:45] /goto Lucas
[09/08/2014 00:15:53] /a 3
[09/08/2014 00:16:02] /a 2
[09/08/2014 00:16:05] /t
[09/08/2014 00:17:55] /goto lucas
[09/08/2014 00:19:57] /t
[09/08/2014 00:21:57] /a 5
[09/08/2014 00:23:15] /goto Lucas
[09/08/2014 00:23:49] /t
[09/08/2014 00:35:21] /a
[09/08/2014 00:35:22] /a
[09/08/2014 00:35:23] /a
[09/08/2014 00:35:23] /a
[09/08/2014 00:35:23] /a
[09/08/2014 00:35:23] /a
[09/08/2014 00:35:23] /a
[09/08/2014 00:35:23] /a
[09/08/2014 00:35:23] /a
[09/08/2014 00:35:23] /a
[09/08/2014 00:35:23] /a
[09/08/2014 00:35:23] /a
[09/08/2014 00:35:23] /a
[09/08/2014 00:35:23] /a
[09/08/2014 00:35:23] /a
[09/08/2014 00:35:23] /a
[09/08/2014 00:35:23] /a
[09/08/2014 00:35:23] /a
[09/08/2014 00:35:23] /a
[09/08/2014 00:35:23] /a
[09/08/2014 00:35:23] /a
[09/08/2014 00:35:23] /a
[09/08/2014 00:35:23] /a
[09/08/2014 00:35:24] /a
[09/08/2014 00:35:24] /a
[09/08/2014 00:35:24] /a
[09/08/2014 00:35:24] /a
[09/08/2014 00:35:24] /a
[09/08/2014 00:35:24] /a
[09/08/2014 00:35:24] /a
[09/08/2014 00:35:24] /a
[09/08/2014 00:35:24] /a
[09/08/2014 00:35:24] /a
[09/08/2014 00:35:24] /a
[09/08/2014 00:35:24] /a
[09/08/2014 00:35:24] /a
[09/08/2014 00:35:24] /a
[09/08/2014 00:35:24] /a
[09/08/2014 00:35:24] /a
[09/08/2014 00:35:24] /a
[09/08/2014 00:35:24] /a
[09/08/2014 00:35:24] /a
[09/08/2014 00:35:24] /a
[09/08/2014 00:35:24] /a
[09/08/2014 00:35:24] /a
[09/08/2014 00:35:24] /a
[09/08/2014 00:35:24] /a
[09/08/2014 00:35:24] /a
[09/08/2014 00:35:24] /a
[09/08/2014 00:35:25] /a
[09/08/2014 00:35:25] /a
[09/08/2014 00:35:25] /a
[09/08/2014 00:35:25] /a
[09/08/2014 00:35:25] /a
[09/08/2014 00:35:25] /a
[09/08/2014 00:35:25] /a
[09/08/2014 00:35:25] /a
[09/08/2014 00:35:25] /a
[09/08/2014 00:35:25] /a
[09/08/2014 00:35:25] /a
[09/08/2014 00:35:25] /a
[09/08/2014 00:35:25] /a
[09/08/2014 00:35:25] /a
[09/08/2014 00:35:25] /a
[09/08/2014 00:35:25] /a
[09/08/2014 00:35:25] /a
[09/08/2014 00:35:25] /a
[09/08/2014 00:35:25] /a
[09/08/2014 00:35:25] /a
[09/08/2014 00:35:25] /a
[09/08/2014 00:35:25] /a
[09/08/2014 00:35:25] /a
[09/08/2014 00:35:26] /a
[09/08/2014 00:35:26] /a
[09/08/2014 00:35:26] /a
[09/08/2014 00:35:26] /a
[09/08/2014 00:35:26] /a
[09/08/2014 00:35:26] /a
[09/08/2014 00:35:26] /a
[09/08/2014 00:35:26] /a
[09/08/2014 00:35:26] /a
[09/08/2014 00:35:26] /a
[09/08/2014 00:35:26] /a
[09/08/2014 00:35:26] /a
[09/08/2014 00:35:26] /a
[09/08/2014 00:35:26] /a
[09/08/2014 00:35:26] /a
[09/08/2014 00:35:26] /a
[09/08/2014 00:35:26] /a
[09/08/2014 00:35:26] /a
[09/08/2014 00:35:26] /a
[09/08/2014 00:35:26] /a
[09/08/2014 00:35:26] /a
[09/08/2014 00:35:26] /a
[09/08/2014 00:35:27] /a
[09/08/2014 00:35:27] /a
[09/08/2014 00:35:27] /a
[09/08/2014 00:35:27] /a
[09/08/2014 00:35:27] /a
[09/08/2014 00:35:27] /a
[09/08/2014 00:35:27] /a
[09/08/2014 00:35:27] /a
[09/08/2014 00:35:27] /a
[09/08/2014 00:35:27] /a
[09/08/2014 00:35:27] /a
[09/08/2014 00:35:27] /a
[09/08/2014 00:35:27] /a
[09/08/2014 00:35:27] /a
[09/08/2014 00:35:27] /a
[09/08/2014 00:35:27] /a
[09/08/2014 00:35:27] /a
[09/08/2014 00:35:27] /a
[09/08/2014 00:35:27] /a
[09/08/2014 00:35:27] /a
[09/08/2014 00:35:27] /a
[09/08/2014 00:35:27] /a
[09/08/2014 00:35:27] /a
[09/08/2014 00:35:28] /a
[09/08/2014 00:35:28] /a
[09/08/2014 00:35:28] /a
[09/08/2014 00:35:28] /a
[09/08/2014 00:35:28] /a
[09/08/2014 00:35:28] /a
[09/08/2014 00:35:28] /a
[09/08/2014 00:35:28] /a
[09/08/2014 00:35:28] /a
[09/08/2014 00:35:28] /a
[09/08/2014 00:35:28] /a
[09/08/2014 00:35:28] /a
[09/08/2014 00:35:28] /a
[09/08/2014 00:35:28] /a
[09/08/2014 00:35:28] /a
[09/08/2014 00:35:28] /a
[09/08/2014 00:35:28] /a
[09/08/2014 00:35:28] /a
[09/08/2014 00:35:28] /a
[09/08/2014 00:35:28] /a
[09/08/2014 00:35:28] /a
[09/08/2014 00:35:28] /a
[09/08/2014 00:35:28] /a
[09/08/2014 00:35:28] /a
[09/08/2014 00:35:28] /a
[09/08/2014 00:35:28] /a
[09/08/2014 00:35:29] /a
[09/08/2014 00:35:29] /a
[09/08/2014 00:35:29] /a
[09/08/2014 00:35:29] /a
[09/08/2014 00:35:29] /a
[09/08/2014 00:35:29] /a
[09/08/2014 00:35:29] /a
[09/08/2014 00:35:29] /a
[09/08/2014 00:35:29] /a
[09/08/2014 00:35:29] /a
[09/08/2014 00:35:29] /a
[09/08/2014 00:35:29] /a
[09/08/2014 00:35:29] /a
[09/08/2014 00:35:29] /a
[09/08/2014 00:35:29] /a
[09/08/2014 00:35:29] /a
[09/08/2014 00:35:29] /a
[09/08/2014 00:35:29] /a
[09/08/2014 00:35:29] /a
[09/08/2014 00:35:29] /a
[09/08/2014 00:35:29] /a
[09/08/2014 00:35:29] /a
[09/08/2014 00:35:29] /a
[09/08/2014 00:35:30] /a
[09/08/2014 00:35:30] /a
[09/08/2014 00:35:30] /a
[09/08/2014 00:35:30] /a
[09/08/2014 00:35:30] /a
[09/08/2014 00:35:30] /a
[09/08/2014 00:35:30] /a
[09/08/2014 00:35:30] /a
[09/08/2014 00:35:30] /a
[09/08/2014 00:35:30] /a
[09/08/2014 00:35:30] /a
[09/08/2014 00:35:30] /a
[09/08/2014 00:35:30] /a
[09/08/2014 00:35:30] /a
[09/08/2014 00:35:30] /a
[09/08/2014 00:35:30] /a
[09/08/2014 00:35:30] /a
[09/08/2014 00:35:30] /a
[09/08/2014 00:35:30] /a
[09/08/2014 00:35:30] /a
[09/08/2014 00:35:30] /a
[09/08/2014 00:35:30] /a
[09/08/2014 00:35:30] /a
[09/08/2014 00:35:30] /a
[09/08/2014 00:35:30] /a
[09/08/2014 00:35:30] /a
[09/08/2014 00:35:30] /a
[09/08/2014 00:35:31] /a
[09/08/2014 00:35:31] /a
[09/08/2014 00:35:31] /a
[09/08/2014 00:35:31] /a
[09/08/2014 00:35:31] /a
[09/08/2014 00:35:31] /a
[09/08/2014 00:35:31] /a
[09/08/2014 00:35:31] /a
[09/08/2014 00:35:31] /a
[09/08/2014 00:35:31] /a
[09/08/2014 00:35:31] /a
[09/08/2014 00:35:31] /a
[09/08/2014 00:35:31] /a
[09/08/2014 00:35:31] /a
[09/08/2014 00:35:31] /a
[09/08/2014 00:35:31] /a
[09/08/2014 00:35:31] /a
[09/08/2014 00:35:31] /a
[09/08/2014 00:35:31] /a
[09/08/2014 00:35:31] /a
[09/08/2014 00:35:31] /a
[09/08/2014 00:35:31] /a
[09/08/2014 00:35:31] /a
[09/08/2014 00:35:31] /a
[09/08/2014 00:35:32] /a
[09/08/2014 00:35:32] /a
[09/08/2014 00:35:32] /a
[09/08/2014 00:35:32] /a
[09/08/2014 00:35:32] /a
[09/08/2014 00:35:32] /a
[09/08/2014 00:35:32] /a
[09/08/2014 00:35:32] /a
[09/08/2014 00:35:33] /a
[09/08/2014 00:35:33] /a
[09/08/2014 00:35:33] /a
[09/08/2014 00:35:34] /a
[09/08/2014 00:35:35] /a
[09/08/2014 00:35:35] /a
[09/08/2014 00:35:35] /a
[09/08/2014 00:35:36] /a
[09/08/2014 00:35:36] /a
[09/08/2014 00:35:36] /a
[09/08/2014 00:35:37] /a
[09/08/2014 00:35:37] /a
[09/08/2014 00:35:37] /a
[09/08/2014 00:35:37] /a
[09/08/2014 00:35:37] /a
[09/08/2014 00:35:37] /a
[09/08/2014 00:35:37] /a
[09/08/2014 00:35:37] /a
[09/08/2014 00:35:37] /a
[09/08/2014 00:35:37] /a
[09/08/2014 00:35:37] /a
[09/08/2014 00:35:37] /a
[09/08/2014 00:35:37] /a
[09/08/2014 00:35:37] /a
[09/08/2014 00:35:37] /a
[09/08/2014 00:35:37] /a
[09/08/2014 00:35:37] /a
[09/08/2014 00:35:38] /a
[09/08/2014 00:35:38] /a
[09/08/2014 00:35:38] /a
[09/08/2014 00:35:38] /a
[09/08/2014 00:35:38] /a
[09/08/2014 00:35:38] /a
[09/08/2014 00:35:38] /a
[09/08/2014 00:35:38] /a
[09/08/2014 00:35:38] /a
[09/08/2014 00:35:38] /a
[09/08/2014 00:35:38] /a
[09/08/2014 00:35:38] /a
[09/08/2014 00:35:38] /a
[09/08/2014 00:35:38] /a
[09/08/2014 00:35:38] /a
[09/08/2014 00:35:38] /a
[09/08/2014 00:35:38] /a
[09/08/2014 00:35:38] /a
[09/08/2014 00:35:38] /a
[09/08/2014 00:35:38] /a
[09/08/2014 00:35:39] /a
[09/08/2014 12:23:56] /goto lucas 
[09/08/2014 12:24:14] /goto Lucas
[09/08/2014 12:25:57] /goto Lucas
[09/08/2014 12:27:47] /t
[09/08/2014 12:35:12] /c Catatal
[09/08/2014 12:35:23] /c Catatal
[09/08/2014 12:38:49] /c Mlk Lokoo
[09/08/2014 12:42:10] /a
[09/08/2014 12:42:16] /a 4
[09/08/2014 12:45:26] /goto Pally Brisado
[09/08/2014 12:45:29] /goto Pally Brisado
[09/08/2014 12:45:31] /goto Pally Brisado
[09/08/2014 12:45:33] /goto Pally Brisado
[09/08/2014 12:45:35] /goto Pally Brisado
[09/08/2014 12:45:38] /goto Pally Brisado
[09/08/2014 12:45:43] /goto Pally Brisado
[09/08/2014 12:45:48] /goto Pally Brisado
[09/08/2014 12:45:51] /goto Pally Brisado
[09/08/2014 12:46:01] /goto Pally Brisado
[09/08/2014 12:46:22] /goto Pally Brisado
[09/08/2014 12:46:26] /goto Pally Brisado
[09/08/2014 12:46:29] /goto Pally Brisado
[09/08/2014 12:46:32] /goto Pally Brisado
[09/08/2014 12:46:34] /goto Pally Brisado
[09/08/2014 12:46:36] /goto Pally Brisado
[09/08/2014 12:46:44] /goto Pally Brisado
[09/08/2014 12:46:46] /goto Pally Brisado
[09/08/2014 12:46:48] /goto Pally Brisado
[09/08/2014 12:46:50] /goto Pally Brisado
[09/08/2014 12:46:54] /goto Pally Brisado
[09/08/2014 12:46:56] /goto Pally Brisado
[09/08/2014 12:46:59] /goto Pally Brisado
[09/08/2014 12:47:01] /goto Pally Brisado
[09/08/2014 12:47:08] /goto Pally Brisado
[09/08/2014 12:47:21] /a
[09/08/2014 12:47:24] /a
[09/08/2014 12:47:24] /a
[09/08/2014 12:47:25] /a
[09/08/2014 12:47:25] /a
[09/08/2014 12:47:26] /a
[09/08/2014 12:47:26] /a
[09/08/2014 12:47:27] /a
[09/08/2014 12:47:27] /a
[09/08/2014 12:47:28] /a
[09/08/2014 12:47:28] /a
[09/08/2014 12:47:29] /a
[09/08/2014 12:47:42] /a
[09/08/2014 12:47:43] /a
[09/08/2014 12:47:44] /a
[09/08/2014 12:47:44] /a
[09/08/2014 12:47:45] /a
[09/08/2014 12:47:45] /a
[09/08/2014 12:47:46] /a
[09/08/2014 12:47:47] /a
[09/08/2014 12:47:47] /a
[09/08/2014 12:49:34] /a
[09/08/2014 12:51:57] /a 5
[09/08/2014 12:53:16] /a
[09/08/2014 12:53:28] /a 2
[09/08/2014 12:53:34] /a 2
[09/08/2014 12:53:38] /a 2
[09/08/2014 12:53:39] /a 2
[09/08/2014 12:54:35] /goto [Hoster] Jean
[09/08/2014 12:54:53] /t
[09/08/2014 13:49:51] /save
[09/08/2014 15:17:25] /a 3
[12/08/2014 19:41:48] /c Arzinha Andrade
[12/08/2014 19:41:56] /up
[12/08/2014 19:43:24] /c Arizinha Andrade
[12/08/2014 19:44:26] /t
[12/08/2014 19:46:08] /c Arizinha Andrade
[12/08/2014 19:58:59] /t
[12/08/2014 20:01:55] /c dog
[12/08/2014 21:06:34] /a 3
[12/08/2014 21:12:13] /a 5
[12/08/2014 21:16:39] /t
[12/08/2014 21:16:47] /t
[12/08/2014 22:00:18] /goto Manager
[12/08/2014 22:00:47] /a 4
[12/08/2014 22:01:04] /a 1
[12/08/2014 22:01:11] /a 4
[12/08/2014 22:02:17] /t
[12/08/2014 22:10:55] /a 4
[12/08/2014 22:11:21] /a 8
[12/08/2014 22:11:33] /t
[12/08/2014 22:14:10] /a 3
[12/08/2014 22:14:19] /t
[12/08/2014 22:23:39] /b affz
[12/08/2014 22:24:03] /b Jean fala pra Lallana si eu tenho asseso a alguma conta 
[12/08/2014 22:24:15] /b falando ki robei ela
[12/08/2014 22:59:46] /ghost
[13/08/2014 19:19:57] /ghost
[13/08/2014 19:22:38] /t
[14/08/2014 18:04:09] /b Eaw galera fmz com vcseis ?
[14/08/2014 18:09:44] /goto Alvo Severo Potter
[14/08/2014 18:10:04] /a
[14/08/2014 18:10:12] /a 2
[14/08/2014 18:10:45] /t
[14/08/2014 20:16:29] /goto vim pega items
[14/08/2014 20:17:40] /t
[14/08/2014 21:52:06] /goto Lallana
[15/08/2014 17:23:17] /t
[15/08/2014 17:31:23] /a 3
[15/08/2014 17:31:33] /c Ryuuzaki
[15/08/2014 17:32:53] /c Ryuuzaki
[15/08/2014 21:07:45] /t
[15/08/2014 21:09:10] /a 5
[15/08/2014 21:09:19] /goto lucas
[15/08/2014 21:09:35] /a 5
[15/08/2014 21:10:07] /a 5
[15/08/2014 21:10:12] /a 3
[15/08/2014 21:10:19] /a 5
[15/08/2014 21:10:21] /a 5
[15/08/2014 21:10:26] /a 2
[15/08/2014 21:10:40] /a 5
[15/08/2014 21:10:49] /a 5
[15/08/2014 21:10:54] /a 4
[15/08/2014 21:11:04] /a 5
[15/08/2014 21:11:10] /a 5
[15/08/2014 21:11:16] /a 5
[15/08/2014 21:11:16] /a 5
[15/08/2014 21:11:17] /a 5
[15/08/2014 21:11:26] /a 5
[15/08/2014 21:11:27] /a 5
[15/08/2014 21:11:27] /a 5
[15/08/2014 21:11:27] /a 5
[15/08/2014 21:11:27] /a 5
[15/08/2014 21:11:27] /a 5
[15/08/2014 21:11:27] /a 5
[15/08/2014 21:11:27] /a 5
[15/08/2014 21:11:27] /a 5
[15/08/2014 21:11:27] /a 5
[15/08/2014 21:11:27] /a 5
[15/08/2014 21:11:27] /a 5
[15/08/2014 21:11:27] /a 5
[15/08/2014 21:11:27] /a 5
[15/08/2014 21:11:27] /a 5
[15/08/2014 21:11:27] /a 5
[15/08/2014 21:11:27] /a 5
[15/08/2014 21:11:27] /a 5
[15/08/2014 21:11:27] /a 5
[15/08/2014 21:11:27] /a 5
[15/08/2014 21:11:27] /a 5
[15/08/2014 21:11:27] /a 5
[15/08/2014 21:11:27] /a 5
[15/08/2014 21:11:27] /a 5
[15/08/2014 21:11:27] /a 5
[15/08/2014 21:11:28] /a 5
[15/08/2014 21:11:28] /a 5
[15/08/2014 21:11:28] /a 5
[15/08/2014 21:11:28] /a 5
[15/08/2014 21:11:28] /a 5
[15/08/2014 21:11:28] /a 5
[15/08/2014 21:11:28] /a 5
[15/08/2014 21:11:28] /a 5
[15/08/2014 21:11:28] /a 5
[15/08/2014 21:11:28] /a 5
[15/08/2014 21:11:28] /a 5
[15/08/2014 21:11:28] /a 5
[15/08/2014 21:11:28] /a 5
[15/08/2014 21:11:28] /a 5
[15/08/2014 21:11:28] /a 5
[15/08/2014 21:11:28] /a 5
[15/08/2014 21:11:28] /a 5
[15/08/2014 21:11:28] /a 5
[15/08/2014 21:11:28] /a 5
[15/08/2014 21:11:28] /a 5
[15/08/2014 21:11:28] /a 5
[15/08/2014 21:11:28] /a 5
[15/08/2014 21:11:28] /a 5
[15/08/2014 21:11:28] /a 5
[15/08/2014 21:11:28] /a 5
[15/08/2014 21:11:28] /a 5
[15/08/2014 21:11:29] /a 5
[15/08/2014 21:11:29] /a 5
[15/08/2014 21:11:29] /a 5
[15/08/2014 21:11:29] /a 5
[15/08/2014 21:11:29] /a 5
[15/08/2014 21:11:29] /a 5
[15/08/2014 21:11:29] /a 5
[15/08/2014 21:11:29] /a 5
[15/08/2014 21:11:29] /a 5
[15/08/2014 21:11:29] /a 5
[15/08/2014 21:11:29] /a 5
[15/08/2014 21:11:29] /a 5
[15/08/2014 21:11:29] /a 5
[15/08/2014 21:11:29] /a 5
[15/08/2014 21:11:29] /a 5
[15/08/2014 21:11:29] /a 5
[15/08/2014 21:11:29] /a 5
[15/08/2014 21:11:29] /a 5
[15/08/2014 21:11:29] /a 5
[15/08/2014 21:11:29] /a 5
[15/08/2014 21:11:29] /a 5
[15/08/2014 21:11:29] /a 5
[15/08/2014 21:11:29] /a 5
[15/08/2014 21:11:30] /a 5
[15/08/2014 21:11:30] /a 5
[15/08/2014 21:11:30] /a 5
[15/08/2014 21:11:30] /a 5
[15/08/2014 21:11:30] /a 5
[15/08/2014 21:11:30] /a 5
[15/08/2014 21:11:30] /a 5
[15/08/2014 21:11:30] /a 5
[15/08/2014 21:11:30] /a 5
[15/08/2014 21:11:30] /a 5
[15/08/2014 21:11:30] /a 5
[15/08/2014 21:11:30] /a 5
[15/08/2014 21:11:30] /a 5
[15/08/2014 21:11:30] /a 5
[15/08/2014 21:11:30] /a 5
[15/08/2014 21:11:30] /a 5
[15/08/2014 21:11:30] /a 5
[15/08/2014 21:11:30] /a 5
[15/08/2014 21:11:30] /a 5
[15/08/2014 21:11:30] /a 5
[15/08/2014 21:11:30] /a 5
[15/08/2014 21:11:30] /a 5
[15/08/2014 21:11:30] /a 5
[15/08/2014 21:11:30] /a 5
[15/08/2014 21:11:30] /a 5
[15/08/2014 21:11:30] /a 5
[15/08/2014 21:11:30] /a 5
[15/08/2014 21:11:31] /a 5
[15/08/2014 21:11:31] /a 5
[15/08/2014 21:11:44] /a 5
[15/08/2014 23:17:59] /t
[15/08/2014 23:20:15] /goto Microbiio
[15/08/2014 23:20:52] /goto microbiio
[15/08/2014 23:21:14] /goto  Microbiio I 
[15/08/2014 23:21:21] /goto  Microbiio I
[15/08/2014 23:21:49] /b galera bom up e boa war se tiver
[17/08/2014 19:12:03] /goto druid
[17/08/2014 19:12:56] /t
[17/08/2014 19:15:08] /goto Nadador arqueiro
[17/08/2014 19:15:13] /goto Nadador arqueiro
[17/08/2014 19:15:26] /goto Nadador arqueiro
[17/08/2014 19:15:45] /goto Nadador arqueiro
[17/08/2014 19:15:49] /goto Nadador arqueiro
[17/08/2014 19:16:55] /a 5
[17/08/2014 19:17:15] /a 4
[17/08/2014 19:17:21] /a 4
[17/08/2014 19:17:34] /goto druid
[17/08/2014 19:18:08] /goto druid
[17/08/2014 19:21:12] /a 3
[17/08/2014 19:21:31] /a 2
[17/08/2014 19:21:56] /c em vc
[17/08/2014 19:24:09] /t
[17/08/2014 19:24:57] /goto Duff Maluko
[17/08/2014 19:25:50] /t
[17/08/2014 19:26:09] /goto duff maluko
[17/08/2014 19:26:13] /goto duff maluko
[17/08/2014 19:26:16] /goto duff maluko
[17/08/2014 19:26:19] /goto duff maluko
[17/08/2014 19:26:21] /goto duff maluko
[17/08/2014 19:26:25] /goto duff maluko
[17/08/2014 19:26:31] /goto duff maluko
[17/08/2014 19:26:35] /goto duff maluko
[17/08/2014 19:26:43] /goto duff maluko
[17/08/2014 19:30:00] /goto nadador arqueiro
[17/08/2014 19:30:08] /goto nadador arqueiro
[17/08/2014 19:30:39] /goto duff maluko
[17/08/2014 19:31:00] /c duff maluko
[17/08/2014 19:32:29] /t
[17/08/2014 19:51:06] /t
[17/08/2014 19:51:10] /up
[17/08/2014 19:51:12] /up
[17/08/2014 19:51:28] /t
[17/08/2014 19:51:32] /up
[17/08/2014 19:51:34] /up
[17/08/2014 19:51:49] /t
[17/08/2014 20:24:41] /goto  Lucas 
[17/08/2014 20:24:59] /goto Lucas 
[18/08/2014 19:17:45] /goto Druidzerah Mythus 
[18/08/2014 19:18:19] /ghost
[18/08/2014 19:18:44] /up
[18/08/2014 19:18:46] /up
[18/08/2014 19:19:02] /t
[18/08/2014 19:19:34] /t
[18/08/2014 19:23:02] /t
[18/08/2014 19:23:49] /t
[18/08/2014 19:23:53] /t
[18/08/2014 19:23:59] /t
[18/08/2014 19:24:12] /a 50
[18/08/2014 19:24:40] /t
[18/08/2014 19:26:16] /t
[18/08/2014 19:26:35] /t
[18/08/2014 20:15:26] /ghost
[18/08/2014 20:17:19] /goto Honda
[18/08/2014 20:17:23] /goto Honda
[18/08/2014 20:19:48] /c [Hoster] Jean
[18/08/2014 20:19:51] /c [Hoster] Jean
[18/08/2014 20:19:55] /c [Hoster] Jean
[18/08/2014 20:19:59] /c [Hoster] Jean
[18/08/2014 20:20:02] /c [Hoster] Jean
[18/08/2014 20:20:05] /c [Hoster] Jean
[18/08/2014 20:20:09] /c [Hoster] Jean
[18/08/2014 20:20:11] /c [Hoster] Jean
[18/08/2014 20:20:12] /c [Hoster] Jean
[18/08/2014 20:20:13] /c [Hoster] Jean
[18/08/2014 20:20:52] /goto [Hoster] Jean
[18/08/2014 20:20:55] /a 3
[18/08/2014 20:21:00] /goto [Hoster] Jean
[18/08/2014 20:21:45] /c Honda
[18/08/2014 20:21:59] /c Honda
[18/08/2014 20:22:01] /c Honda
[18/08/2014 20:22:01] /c Honda
[18/08/2014 20:22:02] /c Honda
[18/08/2014 20:22:03] /c Honda
[18/08/2014 20:22:03] /c Honda
[18/08/2014 20:22:04] /c Honda
[18/08/2014 20:22:04] /c Honda
[18/08/2014 20:22:05] /c Honda
[18/08/2014 20:22:05] /c Honda
[18/08/2014 20:22:06] /c Honda
[18/08/2014 20:22:08] /c Honda/t
[18/08/2014 20:22:10] /t
[18/08/2014 20:22:16] /c Honda
[18/08/2014 20:22:17] /c Honda
[18/08/2014 20:22:18] /c Honda
[18/08/2014 20:22:40] /c Honda
[18/08/2014 20:22:41] /c Honda
[18/08/2014 20:22:42] /c Honda
[18/08/2014 20:22:42] /c Honda
[18/08/2014 20:22:42] /c Honda
[18/08/2014 20:22:42] /c Honda
[18/08/2014 20:22:42] /c Honda
[18/08/2014 20:22:42] /c Honda
[18/08/2014 20:22:42] /c Honda
[18/08/2014 20:22:42] /c Honda
[18/08/2014 20:22:42] /c Honda
[18/08/2014 20:22:42] /c Honda
[18/08/2014 20:22:42] /c Honda
[18/08/2014 20:22:42] /c Honda
[18/08/2014 20:22:42] /c Honda
[18/08/2014 20:22:42] /c Honda
[18/08/2014 20:22:42] /c Honda
[18/08/2014 20:22:42] /c Honda
[18/08/2014 20:22:42] /c Honda
[18/08/2014 20:22:42] /c Honda
[18/08/2014 20:22:42] /c Honda
[18/08/2014 20:22:43] /c Honda
[18/08/2014 20:22:43] /c Honda
[18/08/2014 20:22:43] /c Honda
[18/08/2014 20:22:43] /c Honda
[18/08/2014 20:22:43] /c Honda
[18/08/2014 20:22:43] /c Honda
[18/08/2014 20:22:43] /c Honda
[18/08/2014 20:22:43] /c Honda
[18/08/2014 20:22:43] /c Honda
[18/08/2014 20:22:43] /c Honda
[18/08/2014 20:22:43] /c Honda
[18/08/2014 20:22:43] /c Honda
[18/08/2014 20:22:43] /c Honda
[18/08/2014 20:22:43] /c Honda
[18/08/2014 20:22:43] /c Honda
[18/08/2014 20:22:43] /c Honda
[18/08/2014 20:22:43] /c Honda
[18/08/2014 20:22:43] /c Honda
[18/08/2014 20:22:43] /c Honda
[18/08/2014 20:22:43] /c Honda
[18/08/2014 20:22:43] /c Honda
[18/08/2014 20:22:43] /c Honda
[18/08/2014 20:22:43] /c Honda
[18/08/2014 20:22:43] /c Honda
[18/08/2014 20:22:43] /c Honda
[18/08/2014 20:22:43] /c Honda
[18/08/2014 20:22:43] /c Honda
[18/08/2014 20:22:43] /c Honda
[18/08/2014 20:22:43] /c Honda
[18/08/2014 20:22:43] /c Honda
[18/08/2014 20:22:43] /c Honda
[18/08/2014 20:22:43] /c Honda
[18/08/2014 20:22:43] /c Honda
[18/08/2014 20:22:43] /c Honda
[18/08/2014 20:22:43] /c Honda
[18/08/2014 20:22:43] /c Honda
[18/08/2014 20:22:44] /c Honda
[18/08/2014 20:22:44] /c Honda
[18/08/2014 20:22:44] /c Honda
[18/08/2014 20:22:44] /c Honda
[18/08/2014 20:22:44] /c Honda
[18/08/2014 20:22:44] /c Honda
[18/08/2014 20:22:44] /c Honda
[18/08/2014 20:22:44] /c Honda
[18/08/2014 20:22:44] /c Honda
[18/08/2014 20:22:44] /c Honda
[18/08/2014 20:22:44] /c Honda
[18/08/2014 20:22:44] /c Honda
[18/08/2014 20:22:44] /c Honda
[18/08/2014 20:22:44] /c Honda
[18/08/2014 20:22:44] /c Honda
[18/08/2014 20:22:44] /c Honda
[18/08/2014 20:22:44] /c Honda
[18/08/2014 20:22:44] /c Honda
[18/08/2014 20:22:44] /c Honda
[18/08/2014 20:22:44] /c Honda
[18/08/2014 20:22:44] /c Honda
[18/08/2014 20:22:44] /c Honda
[18/08/2014 20:22:44] /c Honda
[18/08/2014 20:22:44] /c Honda
[18/08/2014 20:22:44] /c Honda
[18/08/2014 20:22:44] /c Honda
[18/08/2014 20:22:44] /c Honda
[18/08/2014 20:22:44] /c Honda
[18/08/2014 20:22:45] /c Honda
[18/08/2014 20:22:45] /c Honda
[18/08/2014 20:22:45] /c Honda
[18/08/2014 20:22:45] /c Honda
[18/08/2014 20:22:45] /c Honda
[18/08/2014 20:22:45] /c Honda
[18/08/2014 20:22:45] /c Honda
[18/08/2014 20:22:45] /c Honda
[18/08/2014 20:22:45] /c Honda
[18/08/2014 20:22:45] /c Honda
[18/08/2014 20:22:45] /c Honda
[18/08/2014 20:22:45] /c Honda
[18/08/2014 20:22:45] /c Honda
[18/08/2014 20:22:45] /c Honda
[18/08/2014 20:22:45] /c Honda
[18/08/2014 20:22:45] /c Honda
[18/08/2014 20:22:45] /c Honda
[18/08/2014 20:22:45] /c Honda
[18/08/2014 20:22:45] /c Honda
[18/08/2014 20:22:45] /c Honda
[18/08/2014 20:22:45] /c Honda
[18/08/2014 20:22:45] /c Honda
[18/08/2014 20:22:45] /c Honda
[18/08/2014 20:22:45] /c Honda
[18/08/2014 20:22:46] /c Honda
[18/08/2014 20:22:46] /c Honda
[18/08/2014 20:22:46] /c Honda
[18/08/2014 20:22:46] /c Honda
[18/08/2014 20:22:46] /c Honda
[18/08/2014 20:22:46] /c Honda
[18/08/2014 20:22:46] /c Honda
[18/08/2014 20:22:46] /c Honda
[18/08/2014 20:22:46] /c Honda
[18/08/2014 20:22:46] /c Honda
[18/08/2014 20:22:46] /c Honda
[18/08/2014 20:22:46] /c Honda
[18/08/2014 20:22:46] /c Honda
[18/08/2014 20:22:46] /c Honda
[18/08/2014 20:22:46] /c Honda
[18/08/2014 20:22:46] /c Honda
[18/08/2014 20:22:46] /c Honda
[18/08/2014 20:22:46] /c Honda
[18/08/2014 20:22:46] /c Honda
[18/08/2014 20:22:46] /c Honda
[18/08/2014 20:22:46] /c Honda
[18/08/2014 20:22:46] /c Honda
[18/08/2014 20:22:46] /c Honda
[18/08/2014 20:22:46] /c Honda
[18/08/2014 20:22:46] /c Honda
[18/08/2014 20:22:46] /c Honda
[18/08/2014 20:22:46] /c Honda
[18/08/2014 20:22:46] /c Honda
[18/08/2014 20:22:47] /c Honda
[18/08/2014 20:22:47] /c Honda
[18/08/2014 20:22:47] /c Honda
[18/08/2014 20:22:47] /c Honda
[18/08/2014 20:22:47] /c Honda
[18/08/2014 20:22:47] /c Honda
[18/08/2014 20:22:47] /c Honda
[18/08/2014 20:22:47] /c Honda
[18/08/2014 20:22:47] /c Honda
[18/08/2014 20:22:47] /c Honda
[18/08/2014 20:22:47] /c Honda
[18/08/2014 20:22:47] /c Honda
[18/08/2014 20:22:47] /c Honda
[18/08/2014 20:22:47] /c Honda
[18/08/2014 20:22:47] /c Honda
[18/08/2014 20:22:47] /c Honda
[18/08/2014 20:22:47] /c Honda
[18/08/2014 20:22:47] /c Honda
[18/08/2014 20:22:47] /c Honda
[18/08/2014 20:22:47] /c Honda
[18/08/2014 20:22:47] /c Honda
[18/08/2014 20:22:47] /c Honda
[18/08/2014 20:22:47] /c Honda
[18/08/2014 20:22:47] /c Honda
[18/08/2014 20:22:47] /c Honda
[18/08/2014 20:22:47] /c Honda
[18/08/2014 20:22:47] /c Honda
[18/08/2014 20:22:47] /c Honda
[18/08/2014 20:22:47] /c Honda
[18/08/2014 20:22:47] /c Honda
[18/08/2014 20:22:47] /c Honda
[18/08/2014 20:22:47] /c Honda
[18/08/2014 20:22:47] /c Honda
[18/08/2014 20:22:47] /c Honda
[18/08/2014 20:22:47] /c Honda
[18/08/2014 20:22:48] /c Honda
[18/08/2014 20:22:48] /c Honda
[18/08/2014 20:22:48] /c Honda
[18/08/2014 20:22:48] /c Honda
[18/08/2014 20:22:48] /c Honda
[18/08/2014 20:22:48] /c Honda
[18/08/2014 20:22:48] /c Honda
[18/08/2014 20:22:48] /c Honda
[18/08/2014 20:22:48] /c Honda
[18/08/2014 20:22:48] /c Honda
[18/08/2014 20:22:48] /c Honda
[18/08/2014 20:22:48] /c Honda
[18/08/2014 20:22:48] /c Honda
[18/08/2014 20:22:48] /c Honda
[18/08/2014 20:22:48] /c Honda
[18/08/2014 20:22:48] /c Honda
[18/08/2014 20:22:48] /c Honda
[18/08/2014 20:22:48] /c Honda
[18/08/2014 20:22:48] /c Honda
[18/08/2014 20:22:48] /c Honda
[18/08/2014 20:22:48] /c Honda
[18/08/2014 20:22:48] /c Honda
[18/08/2014 20:22:48] /c Honda
[18/08/2014 20:22:48] /c Honda
[18/08/2014 20:22:48] /c Honda
[18/08/2014 20:22:48] /c Honda
[18/08/2014 20:22:48] /c Honda
[18/08/2014 20:22:48] /c Honda
[18/08/2014 20:22:48] /c Honda
[18/08/2014 20:22:48] /c Honda
[18/08/2014 20:22:48] /c Honda
[18/08/2014 20:22:48] /c Honda
[18/08/2014 20:22:48] /c Honda
[18/08/2014 20:22:48] /c Honda
[18/08/2014 20:22:49] /c Honda
[18/08/2014 20:22:49] /c Honda
[18/08/2014 20:22:49] /c Honda
[18/08/2014 20:22:49] /c Honda
[18/08/2014 20:22:49] /c Honda
[18/08/2014 20:22:49] /c Honda
[18/08/2014 20:22:49] /c Honda
[18/08/2014 20:22:49] /c Honda
[18/08/2014 20:22:49] /c Honda
[18/08/2014 20:22:49] /c Honda
[18/08/2014 20:22:49] /c Honda
[18/08/2014 20:22:49] /c Honda
[18/08/2014 20:22:49] /c Honda
[18/08/2014 20:22:49] /c Honda
[18/08/2014 20:22:49] /c Honda
[18/08/2014 20:22:49] /c Honda
[18/08/2014 20:22:49] /c Honda
[18/08/2014 20:22:49] /c Honda
[18/08/2014 20:22:49] /c Honda
[18/08/2014 20:22:49] /c Honda
[18/08/2014 20:22:49] /c Honda
[18/08/2014 20:22:49] /c Honda
[18/08/2014 20:22:49] /c Honda
[18/08/2014 20:22:49] /c Honda
[18/08/2014 20:22:50] /c Honda
[18/08/2014 20:22:50] /c Honda
[18/08/2014 20:22:50] /c Honda
[18/08/2014 20:22:50] /c Honda
[18/08/2014 20:22:50] /c Honda
[18/08/2014 20:22:50] /c Honda
[18/08/2014 20:22:50] /c Honda
[18/08/2014 20:22:50] /c Honda
[18/08/2014 20:22:50] /c Honda
[18/08/2014 20:22:50] /c Honda
[18/08/2014 20:22:50] /c Honda
[18/08/2014 20:22:50] /c Honda
[18/08/2014 20:22:50] /c Honda
[18/08/2014 20:22:50] /c Honda
[18/08/2014 20:22:50] /c Honda
[18/08/2014 20:22:51] /c Honda
[18/08/2014 20:22:51] /c Honda
[18/08/2014 20:22:51] /c Honda
[18/08/2014 20:22:51] /c Honda
[18/08/2014 20:22:51] /c Honda
[18/08/2014 20:22:51] /c Honda
[18/08/2014 20:22:51] /c Honda
[18/08/2014 20:22:51] /c Honda
[18/08/2014 20:22:51] /c Honda
[18/08/2014 20:22:51] /c Honda
[18/08/2014 20:22:51] /c Honda
[18/08/2014 20:22:51] /c Honda
[18/08/2014 20:22:51] /c Honda
[18/08/2014 20:22:51] /c Honda
[18/08/2014 20:22:51] /c Honda
[18/08/2014 20:22:51] /c Honda
[18/08/2014 20:22:51] /c Honda
[18/08/2014 20:22:51] /c Honda
[18/08/2014 20:22:51] /c Honda
[18/08/2014 20:22:51] /c Honda
[18/08/2014 20:22:51] /c Honda
[18/08/2014 20:22:51] /c Honda
[18/08/2014 20:22:51] /c Honda
[18/08/2014 20:22:51] /c Honda
[18/08/2014 20:22:51] /c Honda
[18/08/2014 20:22:51] /c Honda
[18/08/2014 20:22:51] /c Honda
[18/08/2014 20:22:51] /c Honda
[18/08/2014 20:22:51] /c Honda
[18/08/2014 20:22:51] /c Honda
[18/08/2014 20:22:51] /c Honda
[18/08/2014 20:22:51] /c Honda
[18/08/2014 20:22:51] /c Honda
[18/08/2014 20:22:51] /c Honda
[18/08/2014 20:22:51] /c Honda
[18/08/2014 20:22:51] /c Honda
[18/08/2014 20:22:51] /c Honda
[18/08/2014 20:22:51] /c Honda
[18/08/2014 20:22:51] /c Honda
[18/08/2014 20:22:51] /c Honda
[18/08/2014 20:22:51] /c Honda
[18/08/2014 20:22:51] /c Honda
[18/08/2014 20:22:51] /c Honda
[18/08/2014 20:22:51] /c Honda
[18/08/2014 20:22:51] /c Honda
[18/08/2014 20:22:51] /c Honda
[18/08/2014 20:22:51] /c Honda
[18/08/2014 20:22:51] /c Honda
[18/08/2014 20:22:51] /c Honda
[18/08/2014 20:22:51] /c Honda
[18/08/2014 20:22:51] /c Honda
[18/08/2014 20:22:51] /c Honda
[18/08/2014 20:22:51] /c Honda
[18/08/2014 20:22:51] /c Honda
[18/08/2014 20:22:51] /c Honda
[18/08/2014 20:22:51] /c Honda
[18/08/2014 20:22:52] /c Honda
[18/08/2014 20:22:52] /c Honda
[18/08/2014 20:22:52] /c Honda
[18/08/2014 20:22:52] /c Honda
[18/08/2014 20:22:52] /c Honda
[18/08/2014 20:22:52] /c Honda
[18/08/2014 20:22:52] /c Honda
[18/08/2014 20:22:52] /c Honda
[18/08/2014 20:22:52] /c Honda
[18/08/2014 20:22:52] /c Honda
[18/08/2014 20:22:52] /c Honda
[18/08/2014 20:22:52] /c Honda
[18/08/2014 20:22:52] /c Honda
[18/08/2014 20:22:52] /c Honda
[18/08/2014 20:22:52] /c Honda
[18/08/2014 20:22:52] /c Honda
[18/08/2014 20:22:52] /c Honda
[18/08/2014 20:22:52] /c Honda
[18/08/2014 20:22:52] /c Honda
[18/08/2014 20:22:52] /c Honda
[18/08/2014 20:22:52] /c Honda
[18/08/2014 20:22:52] /c Honda
[18/08/2014 20:22:52] /c Honda
[18/08/2014 20:22:52] /c Honda
[18/08/2014 20:22:52] /c Honda
[18/08/2014 20:22:52] /c Honda
[18/08/2014 20:22:52] /c Honda
[18/08/2014 20:22:52] /c Honda
[18/08/2014 20:22:52] /c Honda
[18/08/2014 20:22:52] /c Honda
[18/08/2014 20:22:52] /c Honda
[18/08/2014 20:22:52] /c Honda
[18/08/2014 20:22:52] /c Honda
[18/08/2014 20:22:52] /c Honda
[18/08/2014 20:22:52] /c Honda
[18/08/2014 20:22:52] /c Honda
[18/08/2014 20:22:52] /c Honda
[18/08/2014 20:22:53] /c Honda
[18/08/2014 20:22:53] /c Honda
[18/08/2014 20:22:53] /c Honda
[18/08/2014 20:22:53] /c Honda
[18/08/2014 20:22:53] /c Honda
[18/08/2014 20:22:53] /c Honda
[18/08/2014 20:22:53] /c Honda
[18/08/2014 20:22:53] /c Honda
[18/08/2014 20:22:53] /c Honda
[18/08/2014 20:22:53] /c Honda
[18/08/2014 20:22:53] /c Honda
[18/08/2014 20:22:53] /c Honda
[18/08/2014 20:22:53] /c Honda
[18/08/2014 20:22:53] /c Honda
[18/08/2014 20:22:53] /c Honda
[18/08/2014 20:22:53] /c Honda
[18/08/2014 20:22:53] /c Honda
[18/08/2014 20:22:53] /c Honda
[18/08/2014 20:22:53] /c Honda
[18/08/2014 20:22:53] /c Honda
[18/08/2014 20:22:53] /c Honda
[18/08/2014 20:22:53] /c Honda
[18/08/2014 20:22:53] /c Honda
[18/08/2014 20:22:53] /c Honda
[18/08/2014 20:22:53] /c Honda
[18/08/2014 20:22:53] /c Honda
[18/08/2014 20:22:53] /c Honda
[18/08/2014 20:22:53] /c Honda
[18/08/2014 20:22:53] /c Honda
[18/08/2014 20:22:53] /c Honda
[18/08/2014 20:22:53] /c Honda
[18/08/2014 20:22:53] /c Honda
[18/08/2014 20:22:53] /c Honda
[18/08/2014 20:22:54] /c Honda
[18/08/2014 20:22:54] /c Honda
[18/08/2014 20:22:54] /c Honda
[18/08/2014 20:22:54] /c Honda
[18/08/2014 20:22:54] /c Honda
[18/08/2014 20:22:54] /c Honda
[18/08/2014 20:22:54] /c Honda
[18/08/2014 20:22:54] /c Honda
[18/08/2014 20:22:54] /c Honda
[18/08/2014 20:22:54] /c Honda
[18/08/2014 20:22:54] /c Honda
[18/08/2014 20:22:54] /c Honda
[18/08/2014 20:22:54] /c Honda
[18/08/2014 20:22:54] /c Honda
[18/08/2014 20:22:54] /c Honda
[18/08/2014 20:22:54] /c Honda
[18/08/2014 20:22:54] /c Honda
[18/08/2014 20:22:54] /c Honda
[18/08/2014 20:22:54] /c Honda
[18/08/2014 20:22:54] /c Honda
[18/08/2014 20:22:54] /c Honda
[18/08/2014 20:22:54] /c Honda
[18/08/2014 20:22:54] /c Honda
[18/08/2014 20:22:54] /c Honda
[18/08/2014 20:22:54] /c Honda
[18/08/2014 20:22:54] /c Honda
[18/08/2014 20:22:54] /c Honda
[18/08/2014 20:22:54] /c Honda
[18/08/2014 20:22:54] /c Honda
[18/08/2014 20:22:54] /c Honda
[18/08/2014 20:22:55] /c Honda
[18/08/2014 20:22:55] /c Honda
[18/08/2014 20:22:55] /c Honda
[18/08/2014 20:22:55] /c Honda
[18/08/2014 20:22:55] /c Honda
[18/08/2014 20:22:55] /c Honda
[18/08/2014 20:22:55] /c Honda
[18/08/2014 20:22:55] /c Honda
[18/08/2014 20:22:55] /c Honda
[18/08/2014 20:22:55] /c Honda
[18/08/2014 20:22:55] /c Honda
[18/08/2014 20:22:55] /c Honda
[18/08/2014 20:22:55] /c Honda
[18/08/2014 20:22:55] /c Honda
[18/08/2014 20:22:55] /c Honda
[18/08/2014 20:22:55] /c Honda
[18/08/2014 20:22:55] /c Honda
[18/08/2014 20:22:55] /c Honda
[18/08/2014 20:22:55] /c Honda
[18/08/2014 20:22:55] /c Honda
[18/08/2014 20:22:55] /c Honda
[18/08/2014 20:22:55] /c Honda
[18/08/2014 20:22:55] /c Honda
[18/08/2014 20:22:55] /c Honda
[18/08/2014 20:22:55] /c Honda
[18/08/2014 20:22:55] /c Honda
[18/08/2014 20:22:55] /c Honda
[18/08/2014 20:22:55] /c Honda
[18/08/2014 20:22:55] /c Honda
[18/08/2014 20:22:55] /c Honda
[18/08/2014 20:22:56] /c Honda
[18/08/2014 20:22:56] /c Honda
[18/08/2014 20:22:56] /c Honda
[18/08/2014 20:22:56] /c Honda
[18/08/2014 20:22:56] /c Honda
[18/08/2014 20:22:56] /c Honda
[18/08/2014 20:22:56] /c Honda
[18/08/2014 20:22:56] /c Honda
[18/08/2014 20:22:56] /c Honda
[18/08/2014 20:22:56] /c Honda
[18/08/2014 20:22:56] /c Honda
[18/08/2014 20:22:56] /c Honda
[18/08/2014 20:22:56] /c Honda
[18/08/2014 20:22:56] /c Honda
[18/08/2014 20:22:56] /c Honda
[18/08/2014 20:22:56] /c Honda
[18/08/2014 20:22:56] /c Honda
[18/08/2014 20:22:56] /c Honda
[18/08/2014 20:22:56] /c Honda
[18/08/2014 20:22:56] /c Honda
[18/08/2014 20:22:56] /c Honda
[18/08/2014 20:22:56] /c Honda
[18/08/2014 20:22:56] /c Honda
[18/08/2014 20:22:56] /c Honda
[18/08/2014 20:22:56] /c Honda
[18/08/2014 20:22:56] /c Honda
[18/08/2014 20:22:57] /c Honda
[18/08/2014 20:22:57] /c Honda
[18/08/2014 20:22:57] /c Honda
[18/08/2014 20:22:57] /c Honda
[18/08/2014 20:22:57] /c Honda
[18/08/2014 20:22:57] /c Honda
[18/08/2014 20:22:57] /c Honda
[18/08/2014 20:22:57] /c Honda
[18/08/2014 20:22:57] /c Honda
[18/08/2014 20:22:57] /c Honda
[18/08/2014 20:22:57] /c Honda
[18/08/2014 20:22:57] /c Honda
[18/08/2014 20:22:57] /c Honda
[18/08/2014 20:22:57] /c Honda
[18/08/2014 20:22:57] /c Honda
[18/08/2014 20:22:57] /c Honda
[18/08/2014 20:22:57] /c Honda
[18/08/2014 20:22:57] /c Honda
[18/08/2014 20:22:57] /c Honda
[18/08/2014 20:22:57] /c Honda
[18/08/2014 20:22:57] /c Honda
[18/08/2014 20:22:57] /c Honda
[18/08/2014 20:22:57] /c Honda
[18/08/2014 20:22:57] /c Honda
[18/08/2014 20:22:57] /c Honda
[18/08/2014 20:22:57] /c Honda
[18/08/2014 20:22:57] /c Honda
[18/08/2014 20:24:40] /t
[18/08/2014 20:24:52] /a 300
[18/08/2014 20:24:55] /a 3
[18/08/2014 20:25:14] /a 5
[18/08/2014 20:25:27] /t
[29/08/2014 12:39:08] /b falla negada 
[29/08/2014 12:39:27] /a 3
[29/08/2014 12:39:37] /a 3
[29/08/2014 12:39:37] /a 3
[29/08/2014 12:39:37] /a 3
[29/08/2014 12:39:37] /a 3
[29/08/2014 12:39:37] /a 3
[29/08/2014 12:39:37] /a 3
[29/08/2014 12:39:38] /a 3
[29/08/2014 12:39:38] /a 3
[29/08/2014 12:39:38] /a 3
[29/08/2014 12:39:38] /a 3
[29/08/2014 12:39:38] /a 3
[29/08/2014 12:39:38] /a 3
[29/08/2014 12:39:38] /a 3
[29/08/2014 12:39:38] /a 3
[29/08/2014 12:39:38] /a 3
[29/08/2014 12:39:38] /a 3
[29/08/2014 12:39:38] /a 3
[29/08/2014 12:39:38] /a 3
[29/08/2014 12:39:38] /a 3
[29/08/2014 12:39:38] /a 3
[29/08/2014 12:39:38] /a 3
[29/08/2014 12:39:38] /a 3
[29/08/2014 12:39:38] /a 3
[29/08/2014 12:39:38] /a 3
[29/08/2014 12:39:38] /a 3
[29/08/2014 12:39:38] /a 3
[29/08/2014 12:39:38] /a 3
[29/08/2014 12:39:38] /a 3
[29/08/2014 12:39:38] /a 3
[29/08/2014 12:39:38] /a 3
[29/08/2014 12:39:38] /a 3
[29/08/2014 12:39:39] /a 3
[29/08/2014 12:39:39] /a 3
[29/08/2014 12:39:39] /a 3
[29/08/2014 12:39:39] /a 3
[29/08/2014 12:39:39] /a 3
[29/08/2014 12:39:39] /a 3
[29/08/2014 12:39:39] /a 3
[29/08/2014 12:39:39] /a 3
[29/08/2014 12:39:39] /a 3
[29/08/2014 12:39:39] /a 3
[29/08/2014 12:39:39] /a 3
[29/08/2014 12:39:39] /a 3
[29/08/2014 12:39:39] /a 3
[29/08/2014 12:39:39] /a 3
[29/08/2014 12:39:39] /a 3
[29/08/2014 12:39:39] /a 3
[29/08/2014 12:39:39] /a 3
[29/08/2014 12:39:39] /a 3
[29/08/2014 12:39:39] /a 3
[29/08/2014 12:39:39] /a 3
[29/08/2014 12:39:39] /a 3
[29/08/2014 12:39:39] /a 3
[29/08/2014 12:39:39] /a 3
[29/08/2014 12:39:39] /a 3
[29/08/2014 12:39:39] /a 3
[29/08/2014 12:39:39] /a 3
[29/08/2014 12:39:40] /a 3
[29/08/2014 12:39:40] /a 3
[29/08/2014 12:39:40] /a 3
[29/08/2014 12:39:40] /a 3
[29/08/2014 12:39:40] /a 3
[29/08/2014 12:39:40] /a 3
[29/08/2014 12:39:40] /a 3
[29/08/2014 12:39:40] /a 3
[29/08/2014 12:39:40] /a 3
[29/08/2014 12:39:40] /a 3
[29/08/2014 12:39:40] /a 3
[29/08/2014 12:39:45] /a 3
[29/08/2014 12:39:45] /a 3
[29/08/2014 12:39:45] /a 3
[29/08/2014 12:39:45] /a 3
[29/08/2014 12:39:46] /a 3
[29/08/2014 12:39:46] /a 3
[29/08/2014 12:39:46] /a 3
[29/08/2014 12:39:46] /a 3
[29/08/2014 12:39:46] /a 3
[29/08/2014 12:39:46] /a 3
[29/08/2014 12:39:46] /a 3
[29/08/2014 12:39:46] /a 3
[29/08/2014 12:39:46] /a 3
[29/08/2014 12:39:46] /a 3
[29/08/2014 12:39:46] /a 3
[29/08/2014 12:39:46] /a 3
[29/08/2014 12:39:46] /a 3
[29/08/2014 12:39:46] /a 3
[29/08/2014 12:39:46] /a 3
[29/08/2014 12:39:46] /a 3
[29/08/2014 12:39:46] /a 3
[29/08/2014 12:39:46] /a 3
[29/08/2014 12:39:46] /a 3
[29/08/2014 12:39:46] /a 3
[29/08/2014 12:39:46] /a 3
[29/08/2014 12:39:46] /a 3
[29/08/2014 12:39:46] /a 3
[29/08/2014 12:39:46] /a 3
[29/08/2014 12:39:46] /a 3
[29/08/2014 12:39:46] /a 3
[29/08/2014 12:39:46] /a 3
[29/08/2014 12:39:46] /a 3
[29/08/2014 12:39:46] /a 3
[29/08/2014 12:39:46] /a 3
[29/08/2014 12:39:46] /a 3
[29/08/2014 12:39:46] /a 3
[29/08/2014 12:39:46] /a 3
[29/08/2014 12:39:46] /a 3
[29/08/2014 12:39:46] /a 3
[29/08/2014 12:39:46] /a 3
[29/08/2014 12:39:46] /a 3
[29/08/2014 12:39:46] /a 3
[29/08/2014 12:39:46] /a 3
[29/08/2014 12:39:46] /a 3
[29/08/2014 12:39:47] /a 3
[29/08/2014 12:39:47] /a 3
[29/08/2014 12:39:47] /a 3
[29/08/2014 12:39:47] /a 3
[29/08/2014 12:39:47] /a 3
[29/08/2014 12:39:47] /a 3
[29/08/2014 12:39:47] /a 3
[29/08/2014 12:39:47] /a 3
[29/08/2014 12:39:47] /a 3
[29/08/2014 12:39:47] /a 3
[29/08/2014 12:39:47] /a 3
[29/08/2014 12:39:47] /a 3
[29/08/2014 12:39:47] /a 3
[29/08/2014 12:39:47] /a 3
[29/08/2014 12:39:47] /a 3
[29/08/2014 12:39:47] /a 3
[29/08/2014 12:39:47] /a 3
[29/08/2014 12:39:47] /a 3
[29/08/2014 12:39:47] /a 3
[29/08/2014 12:39:47] /a 3
[29/08/2014 12:39:47] /a 3
[29/08/2014 12:39:47] /a 3
[29/08/2014 12:39:47] /a 3
[29/08/2014 12:39:47] /a 3
[29/08/2014 12:39:47] /a 3
[29/08/2014 12:39:47] /a 3
[29/08/2014 12:39:47] /a 3
[29/08/2014 12:39:47] /a 3
[29/08/2014 12:39:47] /a 3
[29/08/2014 12:39:47] /a 3
[29/08/2014 12:39:47] /a 3
[29/08/2014 12:39:47] /a 3
[29/08/2014 12:39:47] /a 3
[29/08/2014 12:39:47] /a 3
[29/08/2014 12:39:48] /a 3
[29/08/2014 12:39:48] /a 3
[29/08/2014 12:39:48] /a 3
[29/08/2014 12:39:48] /a 3
[29/08/2014 12:39:48] /a 3
[29/08/2014 12:39:48] /a 3
[29/08/2014 12:39:48] /a 3
[29/08/2014 12:39:48] /a 3
[29/08/2014 12:39:48] /a 3
[29/08/2014 12:39:48] /a 3
[29/08/2014 12:39:48] /a 3
[29/08/2014 12:39:48] /a 3
[29/08/2014 12:39:48] /a 3
[29/08/2014 12:39:48] /a 3
[29/08/2014 12:39:48] /a 3
[29/08/2014 12:39:48] /a 3
[29/08/2014 12:39:48] /a 3
[29/08/2014 12:39:48] /a 3
[29/08/2014 12:39:48] /a 3
[29/08/2014 12:39:48] /a 3
[29/08/2014 12:39:48] /a 3
[29/08/2014 12:39:48] /a 3
[29/08/2014 12:39:48] /a 3
[29/08/2014 12:39:48] /a 3
[29/08/2014 12:39:48] /a 3
[29/08/2014 12:39:48] /a 3
[29/08/2014 12:39:48] /a 3
[29/08/2014 12:39:48] /a 3
[29/08/2014 12:39:49] /a 3
[29/08/2014 12:39:49] /a 3
[29/08/2014 12:39:49] /a 3
[29/08/2014 12:39:49] /a 3
[29/08/2014 12:39:49] /a 3
[29/08/2014 12:39:49] /a 3
[29/08/2014 12:39:49] /a 3
[29/08/2014 12:39:49] /a 3
[29/08/2014 12:39:49] /a 3
[29/08/2014 12:39:49] /a 3
[29/08/2014 12:39:49] /a 3
[29/08/2014 12:39:49] /a 3
[29/08/2014 12:39:49] /a 3
[29/08/2014 12:39:49] /a 3
[29/08/2014 12:39:49] /a 3
[29/08/2014 12:39:49] /a 3
[29/08/2014 12:39:49] /a 3
[29/08/2014 12:39:49] /a 3
[29/08/2014 12:39:49] /a 3
[29/08/2014 12:39:49] /a 3
[29/08/2014 12:39:49] /a 3
[29/08/2014 12:39:49] /a 3
[29/08/2014 12:39:49] /a 3
[29/08/2014 12:39:49] /a 3
[29/08/2014 12:39:49] /a 3
[29/08/2014 12:39:49] /a 3
[29/08/2014 12:39:49] /a 3
[29/08/2014 12:39:49] /a 3
[29/08/2014 12:39:50] /a 3
[29/08/2014 12:39:50] /a 3
[29/08/2014 12:39:50] /a 3
[29/08/2014 12:39:50] /a 3
[29/08/2014 12:39:50] /a 3
[29/08/2014 12:39:50] /a 3
[29/08/2014 12:39:50] /a 3
[29/08/2014 12:39:50] /a 3
[29/08/2014 12:39:50] /a 3
[29/08/2014 12:39:50] /a 3
[29/08/2014 12:39:50] /a 3
[29/08/2014 12:39:50] /a 3
[29/08/2014 12:39:50] /a 3
[29/08/2014 12:39:50] /a 3
[29/08/2014 12:39:51] /a 3
[29/08/2014 12:39:53] /t
[07/09/2014 21:22:39] /goto Haddadi
[07/09/2014 21:23:35] /goto Haddadi
[07/09/2014 21:24:06] /goto Haddadi
[07/09/2014 21:24:21] /goto Haddadi
[07/09/2014 21:24:31] /goto Haddadi
[07/09/2014 21:25:02] /goto Haddadi
[07/09/2014 21:25:37] /c Haddadi
[07/09/2014 21:26:23] /c Haddadi
[07/09/2014 21:26:53] /c Haddadi
[07/09/2014 21:27:24] /c Haddadi
[07/09/2014 21:27:31] /goto Haddadi
[07/09/2014 21:27:40] /goto Haddadi
[07/09/2014 21:27:45] /goto Haddadi
[07/09/2014 21:27:49] /goto Haddadi
[07/09/2014 21:27:55] /goto Haddadi
[07/09/2014 21:28:02] /goto Haddadi
[07/09/2014 21:28:14] /goto Haddadi
[07/09/2014 21:28:38] /a
[07/09/2014 21:28:45] /a 5
[07/09/2014 21:28:46] /a 5
[07/09/2014 21:28:47] /a 5
[07/09/2014 21:28:47] /a 5
[07/09/2014 21:28:48] /a 5
[07/09/2014 21:28:55] /a 5
[07/09/2014 21:29:12] /c Haddadi
[07/09/2014 21:29:45] /goto Haddadi
[07/09/2014 21:36:12] /goto Haddadi
[07/09/2014 21:37:47] /a 3
[07/09/2014 21:37:51] /a 3
[07/09/2014 21:38:21] /a 3
[07/09/2014 21:42:19] /t
[07/09/2014 21:51:29] /goto Haddadi'
[07/09/2014 21:51:30] /goto Haddadi'
[07/09/2014 21:51:30] /goto Haddadi'
[07/09/2014 21:51:30] /goto Haddadi'
[07/09/2014 21:51:31] /goto Haddadi'
[07/09/2014 21:51:32] /goto Haddadi'
[07/09/2014 21:51:34] /goto Haddadi
[07/09/2014 21:51:39] /c Haddadi
[07/09/2014 21:51:41] /c Haddadi
[07/09/2014 21:51:41] /c Haddadi
[07/09/2014 21:51:42] /c Haddadi
[07/09/2014 21:51:42] /c Haddadi
[07/09/2014 21:51:42] /c Haddadi
[07/09/2014 21:51:59] /c Haddadi
[07/09/2014 21:52:00] /c Haddadi
[07/09/2014 21:52:01] /c Haddadi
[07/09/2014 21:52:01] /c Haddadi
[07/09/2014 21:52:01] /c Haddadi
[07/09/2014 21:52:01] /c Haddadi
[07/09/2014 21:52:01] /c Haddadi
[07/09/2014 21:52:01] /c Haddadi
[07/09/2014 21:52:01] /c Haddadi
[07/09/2014 21:52:01] /c Haddadi
[07/09/2014 21:52:01] /c Haddadi
[07/09/2014 21:52:01] /c Haddadi
[07/09/2014 21:52:01] /c Haddadi
[07/09/2014 21:52:01] /c Haddadi
[07/09/2014 21:52:01] /c Haddadi
[07/09/2014 21:52:01] /c Haddadi
[07/09/2014 21:52:01] /c Haddadi
[07/09/2014 21:52:01] /c Haddadi
[07/09/2014 21:52:01] /c Haddadi
[07/09/2014 21:52:01] /c Haddadi
[07/09/2014 21:52:02] /c Haddadi
[07/09/2014 21:52:02] /c Haddadi
[07/09/2014 21:52:02] /c Haddadi
[07/09/2014 21:52:02] /c Haddadi
[07/09/2014 21:52:02] /c Haddadi
[07/09/2014 21:52:02] /c Haddadi
[07/09/2014 21:52:02] /c Haddadi
[07/09/2014 21:52:02] /c Haddadi
[07/09/2014 21:52:02] /c Haddadi
[07/09/2014 21:52:02] /c Haddadi
[07/09/2014 21:52:02] /c Haddadi
[07/09/2014 21:52:02] /c Haddadi
[07/09/2014 21:52:02] /c Haddadi
[07/09/2014 21:52:02] /c Haddadi
[07/09/2014 21:52:02] /c Haddadi
[07/09/2014 21:52:02] /c Haddadi
[07/09/2014 21:52:02] /c Haddadi
[07/09/2014 21:52:02] /c Haddadi
[07/09/2014 21:52:02] /c Haddadi
[07/09/2014 21:52:02] /c Haddadi
[07/09/2014 21:52:02] /c Haddadi
[07/09/2014 21:52:02] /c Haddadi
[07/09/2014 21:52:02] /c Haddadi
[07/09/2014 21:52:02] /c Haddadi
[07/09/2014 21:52:02] /c Haddadi
[07/09/2014 21:52:02] /c Haddadi
[07/09/2014 21:52:02] /c Haddadi
[07/09/2014 21:52:02] /c Haddadi
[07/09/2014 21:52:02] /c Haddadi
[07/09/2014 21:52:03] /c Haddadi
[07/09/2014 21:52:03] /c Haddadi
[07/09/2014 21:52:03] /c Haddadi
[07/09/2014 21:52:03] /c Haddadi
[07/09/2014 21:52:03] /c Haddadi
[07/09/2014 21:52:04] /c Haddadi
[07/09/2014 21:52:04] /c Haddadi
[07/09/2014 21:52:04] /c Haddadi
[07/09/2014 21:52:04] /c Haddadi
[07/09/2014 21:52:04] /c Haddadi
[07/09/2014 21:52:04] /c Haddadi
[07/09/2014 21:52:04] /c Haddadi
[07/09/2014 21:52:04] /c Haddadi
[07/09/2014 21:52:04] /c Haddadi
[07/09/2014 21:52:04] /c Haddadi
[07/09/2014 21:52:04] /c Haddadi
[07/09/2014 21:52:04] /c Haddadi
[07/09/2014 21:52:04] /c Haddadi
[07/09/2014 21:52:04] /c Haddadi
[07/09/2014 21:52:04] /c Haddadi
[07/09/2014 21:52:04] /c Haddadi
[07/09/2014 21:52:04] /c Haddadi
[07/09/2014 21:52:04] /c Haddadi
[07/09/2014 21:52:04] /c Haddadi
[07/09/2014 21:52:04] /c Haddadi
[07/09/2014 21:52:04] /c Haddadi
[07/09/2014 21:52:04] /c Haddadi
[07/09/2014 21:52:04] /c Haddadi
[07/09/2014 21:52:04] /c Haddadi
[07/09/2014 21:52:04] /c Haddadi
[07/09/2014 21:52:04] /c Haddadi
[07/09/2014 21:52:04] /c Haddadi
[07/09/2014 21:52:04] /c Haddadi
[07/09/2014 21:52:04] /c Haddadi
[07/09/2014 21:52:04] /c Haddadi
[07/09/2014 21:52:04] /c Haddadi
[07/09/2014 21:52:04] /c Haddadi
[07/09/2014 21:52:04] /c Haddadi
[07/09/2014 21:52:04] /c Haddadi
[07/09/2014 21:52:04] /c Haddadi
[07/09/2014 21:52:04] /c Haddadi
[07/09/2014 21:52:04] /c Haddadi
[07/09/2014 21:52:04] /c Haddadi
[07/09/2014 21:52:04] /c Haddadi
[07/09/2014 21:52:04] /c Haddadi
[07/09/2014 21:52:04] /c Haddadi
[07/09/2014 21:52:04] /c Haddadi
[07/09/2014 21:52:04] /c Haddadi
[07/09/2014 21:52:04] /c Haddadi
[07/09/2014 21:52:04] /c Haddadi
[07/09/2014 21:52:04] /c Haddadi
[07/09/2014 21:52:04] /c Haddadi
[07/09/2014 21:52:04] /c Haddadi
[07/09/2014 21:52:04] /c Haddadi
[07/09/2014 21:52:04] /c Haddadi
[07/09/2014 21:52:04] /c Haddadi
[07/09/2014 21:52:04] /c Haddadi
[07/09/2014 21:52:04] /c Haddadi
[07/09/2014 21:52:04] /c Haddadi
[07/09/2014 21:52:04] /c Haddadi
[07/09/2014 21:52:04] /c Haddadi
[07/09/2014 21:52:05] /c Haddadi
[07/09/2014 21:52:05] /c Haddadi
[07/09/2014 21:52:05] /c Haddadi
[07/09/2014 21:52:05] /c Haddadi
[07/09/2014 21:52:05] /c Haddadi
[07/09/2014 21:52:05] /c Haddadi
[07/09/2014 21:52:05] /c Haddadi
[07/09/2014 21:52:05] /c Haddadi
[07/09/2014 21:52:05] /c Haddadi
[07/09/2014 21:52:05] /c Haddadi
[07/09/2014 21:52:05] /c Haddadi
[07/09/2014 21:52:05] /c Haddadi
[07/09/2014 21:52:05] /c Haddadi
[07/09/2014 21:52:05] /c Haddadi
[07/09/2014 21:52:05] /c Haddadi
[07/09/2014 21:52:05] /c Haddadi
[07/09/2014 21:52:05] /c Haddadi
[07/09/2014 21:52:05] /c Haddadi
[07/09/2014 21:52:05] /c Haddadi
[07/09/2014 21:52:05] /c Haddadi
[07/09/2014 21:52:05] /c Haddadi
[07/09/2014 21:52:05] /c Haddadi
[07/09/2014 21:52:05] /c Haddadi
[07/09/2014 21:52:06] /c Haddadi
[07/09/2014 21:52:06] /c Haddadi
[07/09/2014 21:52:06] /c Haddadi
[07/09/2014 21:52:06] /c Haddadi
