[02/07/2009 17:56:59] /a 5
[02/07/2009 17:57:04] /a 5
[02/07/2009 17:57:09] /a 5
[02/07/2009 17:57:11] /a 5
[02/07/2009 17:57:17] /a 5
[02/07/2009 17:57:18] /a 5
[02/07/2009 17:57:18] /a 5
[02/07/2009 17:57:19] /a 5
[02/07/2009 17:57:19] /a 5
[02/07/2009 17:57:19] /a 5
[02/07/2009 17:57:19] /a 5
[02/07/2009 17:57:19] /a 5
[02/07/2009 17:57:22] /a 5
[02/07/2009 17:57:25] /a 5
[02/07/2009 17:59:19] /a 5
[02/07/2009 17:59:21] /a 5
[02/07/2009 18:09:28] /bc bruno vo posta no meu msn oks e vou entrar enm outros ots blz?
[02/07/2009 18:09:49] /bc pra postar seu ot
[02/07/2009 18:15:37] /goto god comedinha
[02/07/2009 18:15:52] /goto lady queen
[02/07/2009 18:21:03] /bc um acconut manager
[02/07/2009 18:21:35] /b oks
[02/07/2009 18:21:54] /ghost
[02/07/2009 18:23:19] /b god comedinha posso cria um trono pra mim e pra lady
[02/07/2009 18:23:23] /b ?
[02/07/2009 18:24:58] /i 9445
[02/07/2009 18:25:48] /ghost
[02/07/2009 18:27:16] /a 10
[02/07/2009 18:27:18] /a 10
[02/07/2009 18:27:19] /a 10
[02/07/2009 18:27:22] /a 10
[02/07/2009 18:27:24] /a 10
[02/07/2009 18:27:26] /a 10
[02/07/2009 18:28:36] /b lagg
[02/07/2009 18:29:21] /a 20
[02/07/2009 18:29:30] /a 20
[02/07/2009 18:29:40] /t
[02/07/2009 18:50:22] /a 150
[02/07/2009 18:50:29] /a 15
[02/07/2009 18:50:31] /a 15
[02/07/2009 18:50:34] /a 15
[02/07/2009 18:51:48] /a go God Comedinha
[02/07/2009 18:53:19] /a 1
[02/07/2009 18:55:09] /t
[02/07/2009 18:55:31] /a parma
[02/07/2009 18:56:00] /goto parma
[02/07/2009 18:56:20] /ghost
[02/07/2009 18:56:27] /ghost
[02/07/2009 18:57:50] /ghost
[02/07/2009 18:58:38] /up
[02/07/2009 18:59:09] /a 100
[02/07/2009 18:59:11] /a 100
[02/07/2009 18:59:18] /a 100
[02/07/2009 18:59:28] /a 10
[02/07/2009 19:00:17] /c parma
[02/07/2009 19:00:36] /c parma
[02/07/2009 19:00:36] /c parma
[02/07/2009 19:01:10] /c parma
[02/07/2009 19:01:52] /i demon armor
[02/07/2009 19:02:26] /i demon helmet
[02/07/2009 19:02:33] /i demon legs
[02/07/2009 19:02:45] /i crystal wand
[02/07/2009 19:03:29] /i crow backpack
[02/07/2009 19:03:49] /a 50
[02/07/2009 19:03:54] /a 10
[02/07/2009 19:04:01] /t
[02/07/2009 19:04:36] /ghost
[02/07/2009 19:05:10] /c parma
[02/07/2009 19:06:21] /goto rogin
[02/07/2009 19:07:49] /i 9445
[02/07/2009 19:08:01] /i 9445
[02/07/2009 19:08:24] /a 5
[02/07/2009 19:08:35] /c parma
[02/07/2009 19:08:39] /a 5
[02/07/2009 19:08:48] /a 5
[02/07/2009 19:09:04] /c parma
[02/07/2009 19:09:38] /a 5
[02/07/2009 19:12:52] /a 5
[02/07/2009 19:13:06] /a 5
[02/07/2009 19:13:06] /a 5
[02/07/2009 19:13:07] /a 5
[02/07/2009 19:13:07] /a 5
[02/07/2009 19:13:20] /goto God Comedinha
[02/07/2009 19:14:56] /b  19:14 New record: 31 players are logged in
[02/07/2009 19:15:08] /b  19:14 New record: 32 players are logged in
[02/07/2009 19:16:39] /t
[02/07/2009 19:17:16] /b quanto mais level menos lag
[02/07/2009 19:17:49] /clean
[02/07/2009 19:19:30] /ghost
[02/07/2009 19:21:15] /a 5
[02/07/2009 19:21:19] /a 5
[02/07/2009 19:21:20] /a 5
[02/07/2009 19:21:21] /a 5
[02/07/2009 19:21:22] /a 5
[02/07/2009 19:21:23] /a 5
[02/07/2009 19:21:24] /a 5
[02/07/2009 19:21:26] /a 5
[02/07/2009 19:21:29] /a 5
[02/07/2009 19:21:30] /a 5
[02/07/2009 19:21:35] /up
[02/07/2009 19:21:36] /up
[02/07/2009 19:21:39] /up
[02/07/2009 19:21:41] /up
[02/07/2009 19:21:54] /a 1
[02/07/2009 19:21:58] /a 1
[02/07/2009 19:21:59] /a 1
[02/07/2009 19:22:06] /a 1
[02/07/2009 19:22:48] /down
[02/07/2009 19:24:35] /b 5 mim clean
[02/07/2009 19:25:18] /clean
[02/07/2009 19:26:23] /mc
[02/07/2009 19:26:52] /goto Czipsu
[02/07/2009 19:27:16] /goto Czipsu
[02/07/2009 19:27:41] /c Zuper Brag 
[02/07/2009 19:27:47] /ghost
[02/07/2009 19:28:16] /c Zuper Brag 
[02/07/2009 19:28:29] /t
[02/07/2009 19:28:38] /a 50
[02/07/2009 19:31:35] /goto parma
[02/07/2009 19:31:43] /up
[02/07/2009 19:31:50] /a 2
[02/07/2009 19:32:00] /a 6
[02/07/2009 19:32:12] /a 3
[02/07/2009 19:32:56] /a 8
[02/07/2009 19:32:59] /a 5
[02/07/2009 19:33:56] /a 3
[02/07/2009 19:34:14] /a 50
[02/07/2009 19:34:18] /a 10
[02/07/2009 19:34:19] /a 10
[02/07/2009 19:34:21] /a 10
[02/07/2009 19:34:22] /a 10
[02/07/2009 19:34:24] /a 10
[02/07/2009 19:34:25] /a 10
[02/07/2009 19:34:28] /a 10
[02/07/2009 19:34:29] /a 10
[02/07/2009 19:34:30] /a 10
[02/07/2009 19:34:30] /a 10
[02/07/2009 19:34:31] /a 10
[02/07/2009 19:34:32] /a 10
[02/07/2009 19:34:35] /a 10
[02/07/2009 19:34:53] /c parma
[02/07/2009 19:37:37] /goto GOD Lady Queen
[02/07/2009 19:38:37] /goto parma
[02/07/2009 19:38:53] /t
[02/07/2009 19:39:00] /c parma
[02/07/2009 19:39:36] /goto GOD Lady Queen
[02/07/2009 19:39:46] /goto GOD Lady Queen
[02/07/2009 19:40:48] /c parma
[02/07/2009 19:41:42] /a 20
[02/07/2009 19:41:55] /c Zuper Brag
[02/07/2009 19:42:45] /t
[02/07/2009 19:43:18] /goto GOD Lady Queen
[02/07/2009 19:44:00] /i crystal coins 100
[02/07/2009 19:44:14] /i crystal coins 
[02/07/2009 19:49:00] /ghost
[02/07/2009 19:50:27] /i crystal coin
[02/07/2009 19:51:49] /b venham para o templo vai ter sorteio
[02/07/2009 19:52:46] /c Czipsu
[02/07/2009 19:53:17] /c Royal Hydrus
[02/07/2009 19:53:50] /b nao vou responder pvt
[02/07/2009 19:54:15] /b vai começar o sorteio
[02/07/2009 19:54:21] /b 1
[02/07/2009 19:54:24] /b 2
[02/07/2009 19:54:27] /b 3
[02/07/2009 19:54:32] /b 0
[02/07/2009 19:55:03] /ghost
[02/07/2009 19:56:48] /i ultimate healing
[02/07/2009 19:57:36] /i magic long sword
[02/07/2009 19:58:01] /i soft boots
[02/07/2009 19:58:28] /clean
[02/07/2009 19:58:56] /b gms parem de sortia
[02/07/2009 19:59:21] /up
[02/07/2009 19:59:31] /c parma
[02/07/2009 20:00:57] /i royal axe
[02/07/2009 20:01:49] /i demon armor
[02/07/2009 20:02:11] /i demon legs
[02/07/2009 20:02:20] /i demon helmet
[02/07/2009 20:03:52] /i master ming shield
[02/07/2009 20:04:52] /b podem pklizar sim o ot é pvp intao é feito pra pklizar
[02/07/2009 20:04:55] /t
[02/07/2009 20:05:02] /c parma
[02/07/2009 20:05:59] /clean
[02/07/2009 20:06:01] /clean
[02/07/2009 20:06:19] /clean
[02/07/2009 20:06:20] /clean
[02/07/2009 20:06:37] /b nao é pra fazer ivasaum
[02/07/2009 20:06:45] /clean
[02/07/2009 20:07:20] /unban Tiago
[02/07/2009 20:09:16] /b nao respondo pvt
[02/07/2009 20:09:58] /unban Tiago
[02/07/2009 20:10:12] /unban Tiago
[02/07/2009 20:11:49] /b nao damos itens por tanto nao pedem
[02/07/2009 20:12:02] /unban Tiago
[02/07/2009 20:12:09] /unban Tiago
[02/07/2009 20:12:12] /unban Tiago
[02/07/2009 20:12:39] /kick Tiago
[02/07/2009 20:12:42] /kick Tiago
[02/07/2009 20:12:44] /kick Tiago
[02/07/2009 20:12:52] /unban tiago
[02/07/2009 20:12:55] /unban tiago
[02/07/2009 20:12:57] /unban tiago
[02/07/2009 20:12:58] /unban tiago
[02/07/2009 20:12:59] /unban tiago
[02/07/2009 20:13:00] /unban tiago
[02/07/2009 20:13:31] /goto Zuper Brag
[02/07/2009 20:13:44] /t
[02/07/2009 20:13:56] /c Zuper Brag
[02/07/2009 20:15:18] /goto Zuper Brag
[02/07/2009 20:15:33] /kick tiago
[02/07/2009 20:15:45] /i hell forged axe 
[02/07/2009 20:16:39] /unban Tiago
[02/07/2009 20:17:32] /a 50
[02/07/2009 20:17:34] /a 50
[02/07/2009 20:17:41] /a 20
[02/07/2009 20:17:43] /a 20
[02/07/2009 20:17:55] /c tiago
[02/07/2009 20:18:04] /a 5
[02/07/2009 20:18:20] /a 5
[02/07/2009 20:19:48] /m demon
[02/07/2009 20:19:57] /m demon
[02/07/2009 20:20:01] /a 2
[02/07/2009 20:20:11] /m demon
[02/07/2009 20:20:45] /i royal axe
[02/07/2009 20:21:23] /c Zuper Brag
[02/07/2009 20:22:01] /i solar axe
[02/07/2009 20:24:39] /goto parma
[02/07/2009 20:25:22] /ghost
[02/07/2009 20:28:32] /goto royal hydrus
[02/07/2009 20:28:53] /ghost
[02/07/2009 20:29:36] /i infenal bolt
[02/07/2009 20:29:44] /i infenal bolt
[02/07/2009 20:30:21] /i  infernal bolt
[02/07/2009 20:31:03] /b quem é Saopaulino ae ?
[02/07/2009 20:31:42] /b ate q em fim tem saopaulino no ot
[02/07/2009 20:32:24] /a 50
[02/07/2009 20:32:31] /a 20
[02/07/2009 20:32:37] /a 20
[02/07/2009 20:32:40] /a 20
[02/07/2009 20:32:55] /a 20
[02/07/2009 20:33:01] /a 10
[02/07/2009 20:33:20] /up
[02/07/2009 20:34:08] /c parma
[02/07/2009 20:36:13] /i crystal coin
[02/07/2009 20:36:14] /i crystal coin
[02/07/2009 20:36:41] /i crow backpack
[02/07/2009 20:37:04] /i red backpack
[02/07/2009 20:37:22] /a 20
[02/07/2009 20:37:27] /c parma
[02/07/2009 20:37:30] /c parma
[02/07/2009 20:41:24] /ghost
[03/07/2009 13:15:48] /goto God Comedinha
[03/07/2009 13:16:27] /goto God Comedinha
[03/07/2009 13:17:28] /i stonnerkulter axe
[03/07/2009 13:26:57] /a 20
[03/07/2009 13:26:58] /a 20
[03/07/2009 13:27:38] /i demon helmet
[03/07/2009 13:27:54] /i demon legs
[03/07/2009 13:27:59] /i demon armor
[03/07/2009 13:28:12] /i great shield
[03/07/2009 13:28:24] /i boots of haste
[03/07/2009 13:28:37] /i soft boots
[03/07/2009 13:28:51] /i crystal cois
[03/07/2009 13:28:58] /i crystal coin
[03/07/2009 13:28:59] /i crystal coin
[03/07/2009 13:29:00] /i crystal coin
[03/07/2009 13:29:01] /i crystal coin
[03/07/2009 13:29:03] /i crystal coin
[03/07/2009 13:36:22] /a 50
[03/07/2009 13:36:30] /a 5
[03/07/2009 13:36:34] /a 5
[03/07/2009 13:36:37] /a 50
[03/07/2009 13:36:42] /a 5
[03/07/2009 13:36:43] /a 5
[03/07/2009 13:36:45] /a 5
[03/07/2009 13:36:46] /a 5
[03/07/2009 13:36:47] /a 5
[03/07/2009 13:36:51] /a 5
[03/07/2009 13:37:30] /i Stonecutter Axe
[03/07/2009 13:37:57] /i Solar Axe
[03/07/2009 13:38:14] /a 50
[03/07/2009 13:38:16] /a 50
[03/07/2009 13:38:23] /up
[03/07/2009 13:38:32] /down
[03/07/2009 13:54:43] /goto god comedinha
[03/07/2009 13:54:56] /goto comedinha
[03/07/2009 13:55:09] /t
[03/07/2009 13:56:02] /a 10
[03/07/2009 13:56:18] /b venham para o templo
[03/07/2009 13:56:35] /b vamos ter evento
[03/07/2009 13:56:57] /c Super Elder Druid
[03/07/2009 13:57:18] /c Royal Hydrus
[03/07/2009 13:57:26] /i ham
[03/07/2009 13:58:09] /b venham para o templo vamos ter evento
[03/07/2009 13:58:24] /b nao fale comigo no private
[03/07/2009 13:58:33] /a 2
[03/07/2009 13:59:08] /b vou esconder a bp com 1 kk mais algumas coisinhas
[03/07/2009 13:59:48] /b cou esconder uma bp aki na cidade quem achar fla no help
[03/07/2009 14:00:11] /b vou ficar invisivel
[03/07/2009 14:00:21] /ghost
[03/07/2009 14:01:05] /i backpack
[03/07/2009 14:01:18] /i crystal coin
[03/07/2009 14:01:35] /i boots of haste
[03/07/2009 14:02:05] /b valendo
[03/07/2009 14:02:49] /b esta na city
[03/07/2009 14:03:20] /b nao precisa matar bicho nenhum
[03/07/2009 14:03:40] /b fla cimogo no help
[03/07/2009 14:03:48] /b comigo hsuahsua
[03/07/2009 14:04:30] /b nao falam comigo no help
[03/07/2009 14:04:44] /b nao falam comigo no help
[03/07/2009 14:04:45] /b nao falam comigo no help
[03/07/2009 14:04:46] /b nao falam comigo no help
[03/07/2009 14:05:33] /a 50
[03/07/2009 14:05:34] /a 50
[03/07/2009 14:05:38] /a 50
[03/07/2009 14:05:39] /a 50
[03/07/2009 14:05:42] /a 50
[03/07/2009 14:07:07] /b esta de agonal pra baixo-esquerda
[03/07/2009 14:07:31] /b quem axar manda pra mim no hellp
[03/07/2009 14:08:09] /b a backpack
[03/07/2009 14:08:40] /b ja pegaram
[03/07/2009 14:08:59] /b quem pego por favor fale no help
[03/07/2009 14:09:16] /c Sadecks
[03/07/2009 14:09:24] /ghost
[03/07/2009 14:09:52] /t
[03/07/2009 14:10:00] /b denovo
[03/07/2009 14:10:11] /b desculpem
[03/07/2009 14:11:17] /goto comedinha
[03/07/2009 14:11:38] /b fla no help
[03/07/2009 14:12:10] /b comedinha vem ate a sala de reuniao
[03/07/2009 14:12:18] /b tenho q flar com vc
[03/07/2009 14:12:25] /a 50
[03/07/2009 14:12:49] /b comedinha vem
[03/07/2009 14:12:57] /b comedinha vem rapido
[03/07/2009 14:13:09] /t
[03/07/2009 14:13:16] /ghost
[03/07/2009 14:14:14] /b lipe axou
[03/07/2009 14:16:07] /c Lipe
[03/07/2009 14:16:39] /ghost
[03/07/2009 14:17:10] /b nao respondo private
[03/07/2009 14:17:30] /t
[03/07/2009 14:17:36] /c lipe
[03/07/2009 14:17:47] /ghost
[03/07/2009 14:18:06] /b nao fala comigo no private
[03/07/2009 14:20:11] /t eu vo pro templo
[03/07/2009 14:34:24] /t
[03/07/2009 14:34:46] /goto maloka
[03/07/2009 14:34:57] /a 2
[03/07/2009 14:35:01] /a 2
[03/07/2009 14:35:03] /a 2
[03/07/2009 14:35:08] /a 1
[03/07/2009 15:06:21] /t
[03/07/2009 15:06:54] /goto Zuper Brag
[03/07/2009 15:07:40] /a 
[03/07/2009 15:17:21] /ghost
[03/07/2009 15:17:24] /ghost
[03/07/2009 15:17:25] /ghost
[03/07/2009 15:17:33] /i golden legs
[03/07/2009 15:18:59] /goto God Comedinha
[03/07/2009 15:21:41] /a 2
[03/07/2009 15:21:42] /a 2
[03/07/2009 15:21:43] /a 2
[03/07/2009 15:21:44] /a 2
[03/07/2009 15:21:45] /a 2
[03/07/2009 15:21:56] /a 2
[03/07/2009 15:23:45] /i utimate healing
[03/07/2009 15:23:55] /i utimate healing 1
[03/07/2009 15:24:59] /goto Zuper Brag
[03/07/2009 15:25:31] /goto parma
[03/07/2009 15:25:55] /m demon
[03/07/2009 15:26:06] /m demon
[03/07/2009 15:26:16] /m demon
[03/07/2009 15:26:30] /m demon
[03/07/2009 15:26:42] /ghost
[03/07/2009 15:27:05] /b quem q quer eventos ? fala no help
[03/07/2009 15:27:57] /m demon
[03/07/2009 15:29:02] /t 
[03/07/2009 15:29:05] /c parma
[03/07/2009 15:29:28] /c Rulez
[03/07/2009 15:29:50] /ghost
[03/07/2009 15:30:14] /c parma
[03/07/2009 15:30:15] /c parma
[03/07/2009 15:30:16] /c parma
[03/07/2009 15:30:17] /c parma
[03/07/2009 15:30:17] /c parma
[03/07/2009 15:30:18] /c parma
[03/07/2009 15:30:19] /c parma
[03/07/2009 15:30:20] /c parma
[03/07/2009 15:30:21] /c parma
[03/07/2009 15:30:21] /c parma
[03/07/2009 15:30:22] /c parma
[03/07/2009 15:30:23] /c parma
[03/07/2009 15:30:23] /c parma
[03/07/2009 15:31:18] /b quem acertar o a pergunta vai ganhar uma casa
[03/07/2009 15:32:00] /b quando eu fla ja vcs falam cmg por private
[03/07/2009 15:32:14] /b fla a resposta
[03/07/2009 15:32:31] /c ZuperBrag
[03/07/2009 15:32:37] /c Zuper Brag
[03/07/2009 15:32:44] /i Earthborn Titan Armor 
[03/07/2009 15:33:58] /b que numero é a camida do kaka no real madri ?
[03/07/2009 15:34:12] /b 15:32 Parma [73]: nº 8
[03/07/2009 15:34:27] /b ele ganhou uma casa
[03/07/2009 15:34:53] /b esperem ae q jaja eu volto
[03/07/2009 15:35:02] /ghost
[03/07/2009 15:36:07] /down
[03/07/2009 15:36:14] /a 2
[03/07/2009 15:36:24] /a 1
[03/07/2009 15:36:25] /a 1
[03/07/2009 15:36:30] /a 1
[03/07/2009 15:36:38] /a 1
[03/07/2009 15:37:28] /c param
[03/07/2009 15:37:32] /c parm
[03/07/2009 15:37:37] /c parma
[03/07/2009 15:37:40] /c parma
[03/07/2009 15:37:55] /goto comedinha
[03/07/2009 15:38:07] /goto God Comedinha
[03/07/2009 15:40:44] /ghost
[03/07/2009 15:41:13] /r
[03/07/2009 15:41:21] /r
[03/07/2009 15:43:05] /a 50
[03/07/2009 15:43:06] /a 50
[03/07/2009 15:43:08] /a 50
[03/07/2009 15:43:16] /c parma
[03/07/2009 15:43:25] /c parma
[03/07/2009 15:43:46] /a 5
[03/07/2009 15:43:48] /a 5
[03/07/2009 15:43:51] /a 5
[03/07/2009 15:44:14] /c parma
[03/07/2009 15:44:17] /t
[03/07/2009 15:44:31] /goto prma
[03/07/2009 15:44:39] /goto parma
[03/07/2009 15:44:46] /c parma
[03/07/2009 15:51:59] /c parma
[03/07/2009 15:52:42] /i spier
[03/07/2009 15:52:49] /i spiers
[03/07/2009 15:52:58] /i spers
[03/07/2009 15:53:00] /i sper
[03/07/2009 15:53:11] /i spar
[03/07/2009 15:53:14] /i spaer
[03/07/2009 15:53:18] /i spear
[03/07/2009 15:54:10] /c parma
[03/07/2009 15:54:14] /c parma
[03/07/2009 15:54:16] /c parma
[03/07/2009 15:56:23] /i backpack
[03/07/2009 15:58:10] /b vc tem certeza Parma ?
[03/07/2009 15:58:26] /c Zuper Brag
[03/07/2009 15:58:39] /kick Zuper Brag
[03/07/2009 15:59:08] /goto Royal Glock
[03/07/2009 15:59:21] /i pera
[03/07/2009 15:59:35] /i bolt
[03/07/2009 15:59:55] /i crosbow
[03/07/2009 16:00:21] /i enchnted
[03/07/2009 16:00:26] /i enchanted
[03/07/2009 16:00:35] /i encanted
[03/07/2009 16:00:42] /i encanted spear
[03/07/2009 16:00:57] /i enchanted spear
[03/07/2009 16:01:29] /i amulet of loss
[03/07/2009 16:01:33] /t
[03/07/2009 16:01:54] /a 50
[03/07/2009 16:01:56] /a 50
[03/07/2009 16:01:58] /a 50
[03/07/2009 16:02:00] /a 50
[03/07/2009 16:02:09] /a 20
[03/07/2009 16:02:11] /a 20
[03/07/2009 16:02:13] /a 20
[03/07/2009 16:02:15] /a 20
[03/07/2009 16:02:18] /a 20
[03/07/2009 16:02:20] /a 20
[03/07/2009 16:02:38] /c Royal Glock
[03/07/2009 16:03:19] /t
[03/07/2009 16:03:59] /goto God Comedinha
[03/07/2009 16:05:36] /c Cah teamoo
[03/07/2009 16:05:42] /c Cah teamoo
[03/07/2009 16:06:08] /ghost
[03/07/2009 16:07:01] /kick Zuper Brag
[03/07/2009 16:08:00] /i 9445
[03/07/2009 16:08:03] /i 9445
[03/07/2009 16:08:28] /kick parma
[03/07/2009 16:08:44] /ghost
[03/07/2009 16:08:58] /goto comedinha
[03/07/2009 16:09:04] /goto God Comedinha
[03/07/2009 16:09:11] /a 20
[03/07/2009 16:09:12] /a 20
[03/07/2009 16:09:13] /a 20
[03/07/2009 16:09:14] /a 20
[03/07/2009 16:09:16] /a 20
[03/07/2009 16:09:26] /a ball
[03/07/2009 16:09:32] /i ball
[03/07/2009 16:09:42] /i football
[03/07/2009 16:09:58] /c parma
