[02/08/2014 17:43:10] /ghost
[02/08/2014 20:59:31] /ghost
[03/08/2014 00:32:21] /ghost
[03/08/2014 11:51:45] /a 3
[03/08/2014 11:52:04] /a 8
[03/08/2014 11:52:14] /a 2
[03/08/2014 11:52:46] /a 8
[03/08/2014 11:53:00] /a 7
[03/08/2014 11:53:08] /a 2
[03/08/2014 11:53:16] /a 3
[03/08/2014 11:53:25] /a 5
[03/08/2014 18:51:03] /ghost
[03/08/2014 18:51:14] /ghost
[03/08/2014 18:51:17] /a
[03/08/2014 18:51:23] /a 4
[03/08/2014 18:51:52] /up
[03/08/2014 18:51:53] /up
[03/08/2014 18:51:53] /up
[03/08/2014 18:51:54] /up
[03/08/2014 18:51:55] /up
[03/08/2014 18:51:56] /up
[03/08/2014 18:51:57] /up
[03/08/2014 18:51:58] /up
[03/08/2014 18:51:58] /up
[03/08/2014 18:51:59] /up
[03/08/2014 18:51:59] /up
[03/08/2014 18:52:00] /up
[03/08/2014 18:52:06] /goto hercules
[03/08/2014 18:52:17] /goto golden falcon buyer
[03/08/2014 18:52:28] /goto falcon buyer
[03/08/2014 18:52:30] /a
[03/08/2014 18:53:20] /a 3
[03/08/2014 18:53:28] /goto sombra
[03/08/2014 18:53:43] /a 3
[03/08/2014 18:53:55] /clean
[03/08/2014 18:54:38] /goto ryuuku
[03/08/2014 18:54:50] /a
[03/08/2014 18:54:50] /a
[03/08/2014 18:54:50] /a
[03/08/2014 18:54:51] /a
[03/08/2014 18:54:51] /a
[03/08/2014 18:54:51] /a
[03/08/2014 18:54:51] /a
[03/08/2014 18:54:51] /a
[03/08/2014 18:54:51] /a
[03/08/2014 18:54:51] /a
[03/08/2014 18:54:51] /a
[03/08/2014 18:54:51] /a
[03/08/2014 18:54:51] /a
[03/08/2014 18:54:51] /a
[03/08/2014 18:54:51] /a
[03/08/2014 18:54:51] /a
[03/08/2014 18:54:51] /a
[03/08/2014 18:54:51] /a
[03/08/2014 18:54:51] /a
[03/08/2014 18:54:51] /a
[03/08/2014 18:54:51] /a
[03/08/2014 18:54:51] /a
[03/08/2014 18:54:51] /a
[03/08/2014 18:54:51] /a
[03/08/2014 18:54:51] /a
[03/08/2014 18:54:51] /a
[03/08/2014 18:54:52] /a
[03/08/2014 18:54:53] /a
[03/08/2014 18:54:53] /a
[03/08/2014 18:54:53] /a
[03/08/2014 18:54:53] /a
[03/08/2014 18:54:53] /a
[03/08/2014 18:54:53] /a
[03/08/2014 18:54:53] /a
[03/08/2014 18:54:53] /a
[03/08/2014 18:54:53] /a
[03/08/2014 18:54:53] /a
[03/08/2014 18:54:53] /a
[03/08/2014 18:54:53] /a
[03/08/2014 18:54:53] /a
[03/08/2014 18:54:53] /a
[03/08/2014 18:54:53] /a
[03/08/2014 18:54:53] /a
[03/08/2014 18:54:53] /a
[03/08/2014 18:54:53] /a
[03/08/2014 18:54:53] /a
[03/08/2014 18:54:53] /a
[03/08/2014 18:54:53] /a
[03/08/2014 18:54:53] /a
[03/08/2014 18:54:53] /a
[03/08/2014 18:54:53] /a
[03/08/2014 18:54:54] /a
[03/08/2014 18:54:54] /a
[03/08/2014 18:54:54] /a
[03/08/2014 18:54:54] /a
[03/08/2014 18:54:54] /a
[03/08/2014 18:54:54] /a
[03/08/2014 18:54:54] /a
[03/08/2014 18:54:54] /a
[03/08/2014 18:54:54] /a
[03/08/2014 18:54:54] /a
[03/08/2014 18:54:54] /a
[03/08/2014 18:54:54] /a
[03/08/2014 18:54:54] /a
[03/08/2014 18:54:54] /a
[03/08/2014 18:54:54] /a
[03/08/2014 18:54:54] /a
[03/08/2014 18:54:54] /a
[03/08/2014 18:54:54] /a
[03/08/2014 18:54:54] /a
[03/08/2014 18:54:54] /a
[03/08/2014 18:54:54] /a
[03/08/2014 18:54:54] /a
[03/08/2014 18:54:54] /a
[03/08/2014 18:54:54] /a
[03/08/2014 18:54:54] /a
[03/08/2014 18:54:54] /a
[03/08/2014 18:54:55] /a
[03/08/2014 18:54:55] /a
[03/08/2014 18:54:55] /a
[03/08/2014 18:54:55] /a
[03/08/2014 18:54:55] /a
[03/08/2014 18:54:55] /a
[03/08/2014 18:54:55] /a
[03/08/2014 18:54:55] /a
[03/08/2014 18:54:55] /a
[03/08/2014 18:54:55] /a
[03/08/2014 18:54:55] /a
[03/08/2014 18:54:55] /a
[03/08/2014 18:54:55] /a
[03/08/2014 18:54:55] /a
[03/08/2014 18:54:55] /a
[03/08/2014 18:54:55] /a
[03/08/2014 18:54:55] /a
[03/08/2014 18:54:55] /a
[03/08/2014 18:54:55] /a
[03/08/2014 18:54:55] /a
[03/08/2014 18:54:55] /a
[03/08/2014 18:54:55] /a
[03/08/2014 18:54:55] /a
[03/08/2014 18:54:55] /a
[03/08/2014 18:54:55] /a
[03/08/2014 18:54:55] /a
[03/08/2014 18:54:55] /a
[03/08/2014 18:54:55] /a
[03/08/2014 18:54:55] /a
[03/08/2014 18:54:55] /a
[03/08/2014 18:54:56] /a
[03/08/2014 18:54:57] /a
[03/08/2014 18:54:58] /a
[03/08/2014 18:54:58] /a
[03/08/2014 18:54:58] /a
[03/08/2014 18:54:58] /a
[03/08/2014 18:54:58] /a
[03/08/2014 18:54:58] /a
[03/08/2014 18:54:58] /a
[03/08/2014 18:54:58] /a
[03/08/2014 18:54:58] /a
[03/08/2014 18:54:58] /a
[03/08/2014 18:54:58] /a
[03/08/2014 18:54:58] /a
[03/08/2014 18:54:58] /a
[03/08/2014 18:54:59] /a
[03/08/2014 18:54:59] /a
[03/08/2014 18:54:59] /a
[03/08/2014 18:54:59] /a
[03/08/2014 18:54:59] /a
[03/08/2014 18:54:59] /a
[03/08/2014 18:54:59] /a
[03/08/2014 18:54:59] /a
[03/08/2014 18:54:59] /a
[03/08/2014 18:54:59] /a
[03/08/2014 18:54:59] /a
[03/08/2014 18:54:59] /a
[03/08/2014 18:55:00] /a
[03/08/2014 18:55:00] /a
[03/08/2014 18:55:00] /a
[03/08/2014 18:55:00] /a
[03/08/2014 18:55:00] /a
[03/08/2014 18:55:00] /a
[03/08/2014 18:55:00] /a
[03/08/2014 18:55:00] /a
[03/08/2014 18:55:00] /a
[03/08/2014 18:55:00] /a
[03/08/2014 18:55:00] /a
[03/08/2014 18:55:00] /a
[03/08/2014 18:55:00] /a
[03/08/2014 18:55:00] /a
[03/08/2014 18:55:00] /a
[03/08/2014 18:55:00] /a
[03/08/2014 18:55:00] /a
[03/08/2014 18:55:00] /a
[03/08/2014 18:55:00] /a
[03/08/2014 18:55:00] /a
[03/08/2014 18:55:00] /a
[03/08/2014 18:55:00] /a
[03/08/2014 18:55:00] /a
[03/08/2014 18:55:00] /a
[03/08/2014 18:55:00] /a
[03/08/2014 18:55:00] /a
[03/08/2014 18:55:00] /a
[03/08/2014 18:55:00] /a
[03/08/2014 18:55:00] /a
[03/08/2014 18:55:00] /a
[03/08/2014 18:55:01] /a
[03/08/2014 18:55:01] /a
[03/08/2014 18:55:01] /a
[03/08/2014 18:55:01] /a
[03/08/2014 18:55:01] /a
[03/08/2014 18:55:01] /a
[03/08/2014 18:55:01] /a
[03/08/2014 18:55:01] /a
[03/08/2014 18:55:01] /a
[03/08/2014 18:55:01] /a
[03/08/2014 18:55:01] /a
[03/08/2014 18:55:01] /a
[03/08/2014 18:55:02] /a
[03/08/2014 18:55:02] /a
[03/08/2014 18:55:02] /a
[03/08/2014 18:55:02] /a
[03/08/2014 18:55:02] /a
[03/08/2014 18:55:02] /a
[03/08/2014 18:55:02] /a
[03/08/2014 18:55:02] /a
[03/08/2014 18:55:02] /a
[03/08/2014 18:55:02] /a
[03/08/2014 18:55:02] /a
[03/08/2014 18:55:02] /a
[03/08/2014 18:55:02] /a
[03/08/2014 18:55:02] /a
[03/08/2014 18:55:02] /a
[03/08/2014 18:55:02] /a
[03/08/2014 18:55:02] /a
[03/08/2014 18:55:03] /a
[03/08/2014 18:55:03] /a
[03/08/2014 18:55:03] /a
[03/08/2014 18:55:03] /a
[03/08/2014 18:55:03] /a
[03/08/2014 18:55:03] /a
[03/08/2014 18:55:03] /a
[03/08/2014 18:55:03] /a
[03/08/2014 18:55:03] /a
[03/08/2014 18:55:03] /a
[03/08/2014 18:55:03] /a
[03/08/2014 18:55:03] /a
[03/08/2014 18:55:03] /a
[03/08/2014 18:55:03] /a
[03/08/2014 18:55:03] /a
[03/08/2014 18:55:03] /a
[03/08/2014 18:55:03] /a
[03/08/2014 18:55:03] /a
[03/08/2014 18:55:03] /a
[03/08/2014 18:55:04] /a
[03/08/2014 18:55:04] /a
[03/08/2014 18:55:04] /a
[03/08/2014 18:55:04] /a
[03/08/2014 18:55:04] /a
[03/08/2014 18:55:04] /a
[03/08/2014 18:55:04] /a
[03/08/2014 18:55:04] /a
[03/08/2014 18:55:04] /a
[03/08/2014 18:55:04] /a
[03/08/2014 18:55:04] /a
[03/08/2014 18:55:04] /a
[03/08/2014 18:55:04] /a
[03/08/2014 18:55:05] /a
[03/08/2014 18:55:05] /a
[03/08/2014 18:55:05] /a
[03/08/2014 18:55:05] /a
[03/08/2014 18:55:05] /a
[03/08/2014 18:55:06] /a
[03/08/2014 18:55:06] /a
[03/08/2014 18:55:06] /a
[03/08/2014 18:55:06] /a
[03/08/2014 18:55:06] /a
[03/08/2014 18:55:07] /a
[03/08/2014 18:55:07] /a
[03/08/2014 18:55:07] /a
[03/08/2014 18:55:07] /a
[03/08/2014 18:55:07] /a
[03/08/2014 18:55:07] /a
[03/08/2014 18:55:07] /a
[03/08/2014 18:55:07] /a
[03/08/2014 18:55:07] /a
[03/08/2014 18:55:07] /a
[03/08/2014 18:55:07] /a
[03/08/2014 18:55:07] /a
[03/08/2014 18:55:07] /a
[03/08/2014 18:55:07] /a
[03/08/2014 18:55:07] /a
[03/08/2014 18:55:07] /a
[03/08/2014 18:55:07] /a
[03/08/2014 18:55:07] /a
[03/08/2014 18:55:07] /a
[03/08/2014 18:55:07] /a
[03/08/2014 18:55:07] /a
[03/08/2014 18:55:07] /a
[03/08/2014 18:55:07] /a
[03/08/2014 18:55:07] /a
[03/08/2014 18:55:07] /a
[03/08/2014 18:55:07] /a
[03/08/2014 18:55:07] /a
[03/08/2014 18:55:07] /a
[03/08/2014 18:55:07] /a
[03/08/2014 18:55:07] /a
[03/08/2014 18:55:07] /a
[03/08/2014 18:55:07] /a
[03/08/2014 18:55:08] /a
[03/08/2014 18:55:08] /a
[03/08/2014 18:55:09] /a
[03/08/2014 18:55:09] /a
[03/08/2014 18:55:09] /a
[03/08/2014 18:55:09] /a
[03/08/2014 18:55:09] /a
[03/08/2014 18:55:09] /a
[03/08/2014 18:55:09] /a
[03/08/2014 18:55:09] /a
[03/08/2014 18:55:09] /a
[03/08/2014 18:55:09] /a
[03/08/2014 18:55:09] /a
[03/08/2014 18:55:10] /a
[03/08/2014 18:55:10] /a
[03/08/2014 18:55:10] /a
[03/08/2014 18:55:11] /a
[03/08/2014 18:55:11] /a
[03/08/2014 18:55:11] /a
[03/08/2014 18:55:11] /a
[03/08/2014 18:55:11] /a
[03/08/2014 18:55:11] /a
[03/08/2014 18:55:11] /a
[03/08/2014 18:55:11] /a
[03/08/2014 18:55:11] /a
[03/08/2014 18:55:11] /a
[03/08/2014 18:55:12] /a
[03/08/2014 18:55:12] /a
[03/08/2014 18:55:12] /a
[03/08/2014 18:55:12] /a
[03/08/2014 18:55:12] /a
[03/08/2014 18:55:12] /a
[03/08/2014 18:55:12] /a
[03/08/2014 18:55:12] /a
[03/08/2014 18:55:12] /a
[03/08/2014 18:55:12] /a
[03/08/2014 18:55:12] /a
[03/08/2014 18:55:12] /a
[03/08/2014 18:55:12] /a
[03/08/2014 18:55:13] /a
[03/08/2014 18:55:13] /a
[03/08/2014 18:55:13] /a
[03/08/2014 18:55:13] /a
[03/08/2014 18:55:13] /a
[03/08/2014 18:55:13] /a
[03/08/2014 18:55:13] /a
[03/08/2014 18:55:13] /a
[03/08/2014 18:55:13] /a
[03/08/2014 18:55:13] /a
[03/08/2014 18:55:13] /a
[03/08/2014 18:55:14] /a
[03/08/2014 18:55:14] /a
[03/08/2014 18:55:14] /a
[03/08/2014 18:55:14] /a
[03/08/2014 18:55:14] /a
[03/08/2014 18:55:14] /a
[03/08/2014 18:55:14] /a
[03/08/2014 18:55:15] /a
[03/08/2014 18:55:16] /a
[03/08/2014 18:55:16] /a
[03/08/2014 18:55:16] /a
[03/08/2014 18:55:16] /a
[03/08/2014 18:55:16] /a
[03/08/2014 18:55:17] /a
[03/08/2014 18:55:17] /a
[03/08/2014 18:55:19] /a
[03/08/2014 18:55:19] /a
[03/08/2014 18:55:19] /a
[03/08/2014 18:55:19] /a
[03/08/2014 18:55:19] /a
[03/08/2014 18:55:19] /a
[03/08/2014 18:55:19] /a
[03/08/2014 18:55:19] /a
[03/08/2014 18:55:19] /a
[03/08/2014 18:55:19] /a
[03/08/2014 18:55:19] /a
[03/08/2014 18:55:19] /a
[03/08/2014 18:55:20] /a
[03/08/2014 18:55:20] /a
[03/08/2014 18:55:20] /a
[03/08/2014 18:55:20] /a
[03/08/2014 18:55:20] /a
[03/08/2014 18:55:20] /a
[03/08/2014 18:55:20] /a
[03/08/2014 18:55:20] /a
[03/08/2014 18:55:20] /a
[03/08/2014 18:55:20] /a
[03/08/2014 18:55:20] /a
[03/08/2014 18:55:20] /a
[03/08/2014 18:55:20] /a
[03/08/2014 18:55:20] /a
[03/08/2014 18:55:20] /a
[03/08/2014 18:55:20] /a
[03/08/2014 18:55:20] /a
[03/08/2014 18:55:20] /a
[03/08/2014 18:55:20] /a
[03/08/2014 18:55:20] /a
[03/08/2014 18:55:20] /a
[03/08/2014 18:55:20] /a
[03/08/2014 18:55:20] /a
[03/08/2014 18:55:20] /a
[03/08/2014 18:55:20] /a
[03/08/2014 18:55:21] /a
[03/08/2014 18:55:21] /a
[03/08/2014 18:55:21] /a
[03/08/2014 18:55:21] /a
[03/08/2014 18:55:21] /a
[03/08/2014 18:55:21] /a
[03/08/2014 18:55:21] /a
[03/08/2014 18:55:21] /a
[03/08/2014 18:55:21] /a
[03/08/2014 18:55:21] /a
[03/08/2014 18:55:21] /a
[03/08/2014 18:55:21] /a
[03/08/2014 18:55:21] /a
[03/08/2014 18:55:21] /a
[03/08/2014 18:55:21] /a
[03/08/2014 18:55:21] /a
[03/08/2014 18:55:21] /a
[03/08/2014 18:55:21] /a
[03/08/2014 18:55:21] /a
[03/08/2014 18:55:21] /a
[03/08/2014 18:55:21] /a
[03/08/2014 18:55:21] /a
[03/08/2014 18:55:21] /a
[03/08/2014 18:55:21] /a
[03/08/2014 18:55:21] /a
[03/08/2014 18:55:21] /a
[03/08/2014 18:55:21] /a
[03/08/2014 18:55:22] /a
[03/08/2014 18:55:22] /a
[03/08/2014 18:55:22] /a
[03/08/2014 18:55:22] /a
[03/08/2014 18:55:22] /a
[03/08/2014 18:55:22] /a
[03/08/2014 18:55:22] /a
[03/08/2014 18:55:22] /a
[03/08/2014 18:55:22] /a
[03/08/2014 18:55:22] /a
[03/08/2014 18:55:22] /a
[03/08/2014 18:55:23] /a
[03/08/2014 18:55:23] /a
[03/08/2014 18:55:23] /a
[03/08/2014 18:55:23] /a
[03/08/2014 18:55:23] /a
[03/08/2014 18:55:23] /a
[03/08/2014 18:55:23] /a
[03/08/2014 18:55:23] /a
[03/08/2014 18:55:23] /a
[03/08/2014 18:55:23] /a
[03/08/2014 18:55:24] /a
[03/08/2014 18:55:24] /a
[03/08/2014 18:55:24] /a
[03/08/2014 18:55:24] /a
[03/08/2014 18:55:24] /a
[03/08/2014 18:55:24] /a
[03/08/2014 18:56:05] /a
[03/08/2014 18:56:06] /a
[03/08/2014 18:56:06] /a
[03/08/2014 18:56:06] /a
[03/08/2014 18:56:06] /a
[03/08/2014 18:56:07] /a
[03/08/2014 18:56:07] /a
[03/08/2014 18:56:08] /a
[03/08/2014 18:56:09] /a
[03/08/2014 18:56:09] /a
[03/08/2014 18:56:09] /a
[03/08/2014 18:56:09] /a
[03/08/2014 18:56:09] /a
[03/08/2014 18:56:09] /a
[03/08/2014 18:56:09] /a
[03/08/2014 18:56:09] /a
[03/08/2014 18:56:09] /a
[03/08/2014 18:56:09] /a
[03/08/2014 18:56:09] /a
[03/08/2014 18:56:09] /a
[03/08/2014 18:56:09] /a
[03/08/2014 18:56:09] /a
[03/08/2014 18:56:09] /a
[03/08/2014 18:56:09] /a
[03/08/2014 18:56:09] /a
[03/08/2014 18:56:09] /a
[03/08/2014 18:56:09] /a
[03/08/2014 18:56:09] /a
[03/08/2014 18:56:09] /a
[03/08/2014 18:56:09] /a
[03/08/2014 18:56:09] /a
[03/08/2014 18:56:09] /a
[03/08/2014 18:56:10] /a
[03/08/2014 18:56:10] /a
[03/08/2014 18:56:10] /a
[03/08/2014 18:56:10] /a
[03/08/2014 18:56:10] /a
[03/08/2014 18:56:10] /a
[03/08/2014 18:56:10] /a
[03/08/2014 18:56:10] /a
[03/08/2014 18:56:10] /a
[03/08/2014 18:56:10] /a
[03/08/2014 18:56:12] /a
[03/08/2014 18:56:12] /a
[03/08/2014 18:56:12] /a
[03/08/2014 18:56:12] /a
[03/08/2014 18:56:12] /a
[03/08/2014 18:56:12] /a
[03/08/2014 18:56:12] /a
[03/08/2014 18:56:13] /a
[03/08/2014 18:56:14] /a
[03/08/2014 18:56:14] /a
[03/08/2014 18:56:14] /a
[03/08/2014 18:56:14] /a
[03/08/2014 18:56:14] /a
[03/08/2014 18:56:14] /a
[03/08/2014 18:56:14] /a
[03/08/2014 18:56:14] /a
[03/08/2014 18:56:14] /a
[03/08/2014 18:56:14] /a
[03/08/2014 18:56:14] /a
[03/08/2014 18:56:14] /a
[03/08/2014 18:56:14] /a
[03/08/2014 18:56:14] /a
[03/08/2014 18:56:14] /a
[03/08/2014 18:56:14] /a
[03/08/2014 18:56:15] /a
[03/08/2014 18:56:15] /a
[03/08/2014 18:56:15] /a
[03/08/2014 18:56:15] /a
[03/08/2014 18:56:15] /a
[03/08/2014 18:56:15] /a
[03/08/2014 18:56:15] /a
[03/08/2014 18:56:15] /a
[03/08/2014 18:56:15] /a
[03/08/2014 18:56:15] /a
[03/08/2014 18:56:15] /a
[03/08/2014 18:56:16] /a
[03/08/2014 18:56:16] /a
[03/08/2014 18:56:16] /a
[03/08/2014 18:56:16] /a
[03/08/2014 18:56:16] /a
[03/08/2014 18:56:16] /a
[03/08/2014 18:56:16] /a
[03/08/2014 18:56:16] /a
[03/08/2014 18:56:16] /a
[03/08/2014 18:56:16] /a
[03/08/2014 18:56:16] /a
[03/08/2014 18:56:16] /a
[03/08/2014 18:56:16] /a
[03/08/2014 18:56:16] /a
[03/08/2014 18:56:16] /a
[03/08/2014 18:56:16] /a
[03/08/2014 18:56:16] /a
[03/08/2014 18:56:16] /a
[03/08/2014 18:56:16] /a
[03/08/2014 18:56:16] /a
[03/08/2014 18:56:16] /a
[03/08/2014 18:56:16] /a
[03/08/2014 18:56:16] /a
[03/08/2014 18:56:16] /a
[03/08/2014 18:56:16] /a
[03/08/2014 18:56:16] /a
[03/08/2014 18:56:16] /a
[03/08/2014 18:56:17] /a
[03/08/2014 18:56:17] /a
[03/08/2014 18:56:17] /a
[03/08/2014 18:56:17] /a
[03/08/2014 18:56:17] /a
[03/08/2014 18:56:17] /a
[03/08/2014 18:56:17] /a
[03/08/2014 18:56:17] /a
[03/08/2014 18:56:17] /a
[03/08/2014 18:56:17] /a
[03/08/2014 18:56:17] /a
[03/08/2014 18:56:17] /a
[03/08/2014 18:56:17] /a
[03/08/2014 18:56:17] /a
[03/08/2014 18:56:17] /a
[03/08/2014 18:56:17] /a
[03/08/2014 18:56:17] /a
[03/08/2014 18:56:17] /a
[03/08/2014 18:56:17] /a
[03/08/2014 18:56:17] /a
[03/08/2014 18:56:17] /a
[03/08/2014 18:56:17] /a
[03/08/2014 18:56:17] /a
[03/08/2014 18:56:17] /a
[03/08/2014 18:56:17] /a
[03/08/2014 18:56:17] /a
[03/08/2014 18:56:18] /a
[03/08/2014 18:56:18] /a
[03/08/2014 18:56:18] /a
[03/08/2014 18:56:18] /a
[03/08/2014 18:56:18] /a
[03/08/2014 18:56:18] /a
[03/08/2014 18:56:18] /a
[03/08/2014 18:56:18] /a
[03/08/2014 18:56:18] /a
[03/08/2014 18:56:18] /a
[03/08/2014 18:56:18] /a
[03/08/2014 18:56:19] /a
[03/08/2014 18:56:19] /a
[03/08/2014 18:56:20] /a
[03/08/2014 18:56:20] /a
[03/08/2014 18:56:20] /a
[03/08/2014 18:56:20] /a
[03/08/2014 18:56:20] /a
[03/08/2014 18:56:20] /a
[03/08/2014 18:56:20] /a
[03/08/2014 18:56:20] /a
[03/08/2014 18:56:20] /a
[03/08/2014 18:56:20] /a
[03/08/2014 18:56:20] /a
[03/08/2014 18:56:20] /a
[03/08/2014 18:56:20] /a
[03/08/2014 18:56:20] /a
[03/08/2014 18:56:20] /a
[03/08/2014 18:56:20] /a
[03/08/2014 18:56:20] /a
[03/08/2014 18:56:20] /a
[03/08/2014 18:56:20] /a
[03/08/2014 18:56:20] /a
[03/08/2014 18:56:20] /a
[03/08/2014 18:56:21] /a
[03/08/2014 18:56:21] /a
[03/08/2014 18:56:21] /a
[03/08/2014 18:56:21] /a
[03/08/2014 18:56:22] /a
[03/08/2014 18:56:22] /a
[03/08/2014 18:56:22] /a
[03/08/2014 18:56:22] /a
[03/08/2014 18:56:22] /a
[03/08/2014 18:56:22] /a
[03/08/2014 18:56:22] /a
[03/08/2014 18:56:22] /a
[03/08/2014 18:56:22] /a
[03/08/2014 18:56:22] /a
[03/08/2014 18:56:22] /a
[03/08/2014 18:56:22] /a
[03/08/2014 18:56:22] /a
[03/08/2014 18:56:22] /a
[03/08/2014 18:56:22] /a
[03/08/2014 18:56:22] /a
[03/08/2014 18:56:22] /a
[03/08/2014 18:56:22] /a
[03/08/2014 18:56:22] /a
[03/08/2014 18:56:22] /a
[03/08/2014 18:56:23] /a
[03/08/2014 18:56:23] /a
[03/08/2014 18:56:23] /a
[03/08/2014 18:56:23] /a
[03/08/2014 18:56:23] /a
[03/08/2014 18:56:24] /a
[03/08/2014 18:56:24] /a
[03/08/2014 18:56:24] /a
[03/08/2014 18:56:24] /a
[03/08/2014 18:56:24] /a
[03/08/2014 18:56:24] /a
[03/08/2014 18:56:24] /a
[03/08/2014 18:56:24] /a
[03/08/2014 18:56:24] /a
[03/08/2014 18:56:24] /a
[03/08/2014 18:56:24] /a
[03/08/2014 18:56:24] /a
[03/08/2014 18:56:24] /a
[03/08/2014 18:56:24] /a
[03/08/2014 18:56:24] /a
[03/08/2014 18:56:24] /a
[03/08/2014 18:56:24] /a
[03/08/2014 18:56:24] /a
[03/08/2014 18:56:24] /a
[03/08/2014 18:56:24] /a
[03/08/2014 18:56:24] /a
[03/08/2014 18:56:24] /a
[03/08/2014 18:56:25] /a
[03/08/2014 18:56:25] /a
[03/08/2014 18:56:25] /a
[03/08/2014 18:56:25] /a
[03/08/2014 18:56:25] /a
[03/08/2014 18:56:25] /a
[03/08/2014 18:56:25] /a
[03/08/2014 18:56:25] /a
[03/08/2014 18:56:25] /a
[03/08/2014 18:56:25] /a
[03/08/2014 18:56:25] /a
[03/08/2014 18:56:25] /a
[03/08/2014 18:56:25] /a
[03/08/2014 18:56:25] /a
[03/08/2014 18:56:25] /a
[03/08/2014 18:56:25] /a
[03/08/2014 18:56:25] /a
[03/08/2014 18:56:25] /a
[03/08/2014 18:56:25] /a
[03/08/2014 18:56:25] /a
[03/08/2014 18:56:26] /a
[03/08/2014 18:56:27] /a
[03/08/2014 18:56:27] /a
[03/08/2014 18:56:27] /a
[03/08/2014 18:56:27] /a
[03/08/2014 18:56:27] /a
[03/08/2014 18:56:27] /a
[03/08/2014 18:56:27] /a
[03/08/2014 18:56:27] /a
[03/08/2014 18:56:27] /a
[03/08/2014 18:56:27] /a
[03/08/2014 18:56:28] /a
[03/08/2014 18:56:28] /a
[03/08/2014 18:56:28] /a
[03/08/2014 18:56:28] /a
[03/08/2014 18:56:28] /a
[03/08/2014 18:56:28] /a
[03/08/2014 18:56:28] /a
[03/08/2014 18:56:28] /a
[03/08/2014 18:56:28] /a
[03/08/2014 18:56:28] /a
[03/08/2014 18:56:29] /a
[03/08/2014 18:56:29] /a
[03/08/2014 18:56:29] /a
[03/08/2014 18:56:29] /a
[03/08/2014 18:56:29] /a
[03/08/2014 18:56:29] /a
[03/08/2014 18:56:29] /a
[03/08/2014 18:56:29] /a
[03/08/2014 18:56:29] /a
[03/08/2014 18:56:29] /a
[03/08/2014 18:56:29] /a
[03/08/2014 18:56:29] /a
[03/08/2014 18:56:29] /a
[03/08/2014 18:56:29] /a
[03/08/2014 18:56:29] /a
[03/08/2014 18:56:29] /a
[03/08/2014 18:56:29] /a
[03/08/2014 18:56:29] /a
[03/08/2014 18:56:30] /a
[03/08/2014 18:56:30] /a
[03/08/2014 18:56:30] /a
[03/08/2014 18:56:30] /a
[03/08/2014 18:56:30] /a
[03/08/2014 18:56:30] /a
[03/08/2014 18:56:30] /a
[03/08/2014 18:56:30] /a
[03/08/2014 18:56:30] /a
[03/08/2014 18:56:30] /a
[03/08/2014 18:56:30] /a
[03/08/2014 18:56:30] /a
[03/08/2014 18:56:31] /a
[03/08/2014 18:56:31] /a
[03/08/2014 18:56:31] /a
[03/08/2014 18:56:31] /a
[03/08/2014 18:56:31] /a
[03/08/2014 18:56:31] /a
[03/08/2014 18:56:31] /a
[03/08/2014 18:56:31] /a
[03/08/2014 18:56:31] /a
[03/08/2014 18:56:31] /a
[03/08/2014 18:56:31] /a
[03/08/2014 18:56:31] /a
[03/08/2014 18:56:31] /a
[03/08/2014 18:56:31] /a
[03/08/2014 18:56:31] /a
[03/08/2014 18:56:31] /a
[03/08/2014 18:56:31] /a
[03/08/2014 18:56:31] /a
[03/08/2014 18:56:31] /a
[03/08/2014 18:56:31] /a
[03/08/2014 18:56:31] /a
[03/08/2014 18:56:31] /a
[03/08/2014 18:56:31] /a
[03/08/2014 18:56:31] /a
[03/08/2014 18:56:31] /a
[03/08/2014 18:56:31] /a
[03/08/2014 18:56:31] /a
[03/08/2014 18:56:31] /a
[03/08/2014 18:56:31] /a
[03/08/2014 18:56:32] /a
[03/08/2014 18:56:32] /a
[03/08/2014 18:56:32] /a
[03/08/2014 18:56:32] /a
[03/08/2014 18:56:32] /a
[03/08/2014 18:56:32] /a
[03/08/2014 18:56:32] /a
[03/08/2014 18:56:32] /a
[03/08/2014 18:56:33] /a
[03/08/2014 18:56:33] /a
[03/08/2014 18:56:33] /a
[03/08/2014 18:56:33] /a
[03/08/2014 18:56:33] /a
[03/08/2014 18:56:33] /a
[03/08/2014 18:56:33] /a
[03/08/2014 18:56:33] /a
[03/08/2014 18:56:33] /a
[03/08/2014 18:56:33] /a
[03/08/2014 18:56:34] /a
[03/08/2014 18:56:34] /a
[03/08/2014 18:56:34] /a
[03/08/2014 18:56:34] /a
[03/08/2014 18:56:34] /a
[03/08/2014 18:56:35] /a
[03/08/2014 18:56:35] /a
[03/08/2014 18:56:35] /a
[03/08/2014 18:56:35] /a
[03/08/2014 18:56:35] /a
[03/08/2014 18:56:35] /a
[03/08/2014 18:56:35] /a
[03/08/2014 18:56:35] /a
[03/08/2014 18:56:35] /a
[03/08/2014 18:56:35] /a
[03/08/2014 18:56:35] /a
[03/08/2014 18:56:35] /a
[03/08/2014 18:56:35] /a
[03/08/2014 18:56:35] /a
[03/08/2014 18:56:35] /a
[03/08/2014 18:56:35] /a
[03/08/2014 18:56:35] /a
[03/08/2014 18:56:35] /a
[03/08/2014 18:56:35] /a
[03/08/2014 18:56:35] /a
[03/08/2014 18:56:35] /a
[03/08/2014 18:56:36] /a
[03/08/2014 18:56:36] /a
[03/08/2014 18:56:36] /a
[03/08/2014 18:56:38] /a
[03/08/2014 18:56:38] /a
[03/08/2014 18:56:38] /a
[03/08/2014 18:56:38] /a
[03/08/2014 18:56:38] /a
[03/08/2014 18:56:38] /a
[03/08/2014 18:56:38] /a
[03/08/2014 18:56:38] /a
[03/08/2014 18:56:38] /a
[03/08/2014 18:56:38] /a
[03/08/2014 18:56:38] /a
[03/08/2014 18:56:39] /a
[03/08/2014 18:56:39] /a
[03/08/2014 18:56:39] /a
[03/08/2014 18:56:39] /a
[03/08/2014 18:56:39] /a
[03/08/2014 18:56:39] /a
[03/08/2014 18:56:39] /a
[03/08/2014 18:56:39] /a
[03/08/2014 18:56:39] /a
[03/08/2014 18:56:39] /a
[03/08/2014 18:56:39] /a
[03/08/2014 18:56:39] /a
[03/08/2014 18:56:39] /a
[03/08/2014 18:56:39] /a
[03/08/2014 18:56:39] /a
[03/08/2014 18:56:39] /a
[03/08/2014 18:56:39] /a
[03/08/2014 18:56:39] /a
[03/08/2014 18:56:40] /a
[03/08/2014 18:56:40] /a
[03/08/2014 18:56:40] /a
[03/08/2014 18:56:40] /a
[03/08/2014 18:56:40] /a
[03/08/2014 18:56:40] /a
[03/08/2014 18:56:40] /a
[03/08/2014 18:56:41] /a
[03/08/2014 18:56:41] /a
[03/08/2014 18:56:41] /a
[03/08/2014 18:56:41] /a
[03/08/2014 18:56:41] /a
[03/08/2014 18:56:41] /a
[03/08/2014 18:56:41] /a
[03/08/2014 18:56:41] /a
[03/08/2014 18:56:41] /a
[03/08/2014 18:56:41] /a
[03/08/2014 18:56:41] /a
[03/08/2014 18:56:41] /a
[03/08/2014 18:56:41] /a
[03/08/2014 18:56:41] /a
[03/08/2014 18:56:41] /a
[03/08/2014 18:56:41] /a
[03/08/2014 18:56:41] /a
[03/08/2014 18:56:41] /a
[03/08/2014 18:56:41] /a
[03/08/2014 18:56:41] /a
[03/08/2014 18:56:41] /a
[03/08/2014 18:56:41] /a
[03/08/2014 18:56:41] /a
[03/08/2014 18:56:41] /a
[03/08/2014 18:56:41] /a
[03/08/2014 18:56:41] /a
[03/08/2014 18:56:41] /a
[03/08/2014 18:56:41] /a
[03/08/2014 18:56:41] /a
[03/08/2014 18:56:41] /a
[03/08/2014 18:56:42] /a
[03/08/2014 18:56:42] /a
[03/08/2014 18:56:42] /a
[03/08/2014 18:56:42] /a
[03/08/2014 18:56:42] /a
[03/08/2014 18:56:42] /a
[03/08/2014 18:56:42] /a
[03/08/2014 18:56:42] /a
[03/08/2014 18:56:42] /a
[03/08/2014 18:56:42] /a
[03/08/2014 18:56:42] /a
[03/08/2014 18:56:42] /a
[03/08/2014 18:56:42] /a
[03/08/2014 18:56:42] /a
[03/08/2014 18:56:42] /a
[03/08/2014 18:56:42] /a
[03/08/2014 18:56:42] /a
[03/08/2014 18:56:42] /a
[03/08/2014 18:56:42] /a
[03/08/2014 18:56:42] /a
[03/08/2014 18:56:42] /a
[03/08/2014 18:56:42] /a
[03/08/2014 18:56:42] /a
[03/08/2014 18:56:42] /a
[03/08/2014 18:56:42] /a
[03/08/2014 18:56:42] /a
[03/08/2014 18:56:42] /a
[03/08/2014 18:56:42] /a
[03/08/2014 18:56:42] /a
[03/08/2014 18:56:42] /a
[03/08/2014 18:56:42] /a
[03/08/2014 18:56:42] /a
[03/08/2014 18:56:42] /a
[03/08/2014 18:56:43] /a
[03/08/2014 18:56:43] /a
[03/08/2014 18:56:45] /a
[03/08/2014 18:56:45] /a
[03/08/2014 18:56:46] /a
[03/08/2014 18:56:46] /a
[03/08/2014 18:56:46] /a
[03/08/2014 18:56:46] /a
[03/08/2014 18:56:46] /a
[03/08/2014 18:56:46] /a
[03/08/2014 18:56:47] /a
[03/08/2014 18:56:47] /a
[03/08/2014 18:56:47] /a
[03/08/2014 18:56:47] /a
[03/08/2014 18:56:47] /a
[03/08/2014 18:56:47] /a
[03/08/2014 18:56:47] /a
[03/08/2014 18:56:47] /a
[03/08/2014 18:56:47] /a
[03/08/2014 18:56:47] /a
[03/08/2014 18:56:47] /a
[03/08/2014 18:56:47] /a
[03/08/2014 18:56:47] /a
[03/08/2014 18:56:47] /a
[03/08/2014 18:56:47] /a
[03/08/2014 18:56:47] /a
[03/08/2014 18:56:47] /a
[03/08/2014 18:56:47] /a
[03/08/2014 18:56:47] /a
[03/08/2014 18:56:47] /a
[03/08/2014 18:56:47] /a
[03/08/2014 18:56:47] /a
[03/08/2014 18:56:47] /a
[03/08/2014 18:56:47] /a
[03/08/2014 18:56:47] /a
[03/08/2014 18:56:47] /a
[03/08/2014 18:56:47] /a
[03/08/2014 18:56:47] /a
[03/08/2014 18:56:48] /a
[03/08/2014 18:56:48] /a
[03/08/2014 18:56:48] /a
[03/08/2014 18:56:48] /a
[03/08/2014 18:56:48] /a
[03/08/2014 18:56:48] /a
[03/08/2014 18:56:48] /a
[03/08/2014 18:56:48] /a
[03/08/2014 18:56:48] /a
[03/08/2014 18:56:48] /a
[03/08/2014 18:56:48] /a
[03/08/2014 18:56:48] /a
[03/08/2014 18:56:48] /a
[03/08/2014 18:56:48] /a
[03/08/2014 18:56:48] /a
[03/08/2014 18:56:48] /a
[03/08/2014 18:56:48] /a
[03/08/2014 18:56:48] /a
[03/08/2014 18:56:48] /a
[03/08/2014 18:56:49] /a
[03/08/2014 18:56:49] /a
[03/08/2014 18:56:49] /a
[03/08/2014 18:56:49] /a
[03/08/2014 18:56:49] /a
[03/08/2014 18:56:50] /a
[03/08/2014 18:56:50] /a
[03/08/2014 18:56:50] /a
[03/08/2014 18:56:50] /a
[03/08/2014 18:56:50] /a
[03/08/2014 18:56:50] /a
[03/08/2014 18:56:50] /a
[03/08/2014 18:56:50] /a
[03/08/2014 18:56:50] /a
[03/08/2014 18:56:50] /a
[03/08/2014 18:56:50] /a
[03/08/2014 18:56:50] /a
[03/08/2014 18:56:50] /a
[03/08/2014 18:56:50] /a
[03/08/2014 18:56:50] /a
[03/08/2014 18:56:50] /a
[03/08/2014 18:56:50] /a
[03/08/2014 18:56:50] /a
[03/08/2014 18:56:50] /a
[03/08/2014 18:56:50] /a
[03/08/2014 18:56:50] /a
[03/08/2014 18:56:50] /a
[03/08/2014 18:56:50] /a
[03/08/2014 18:56:50] /a
[03/08/2014 18:56:50] /a
[03/08/2014 18:56:50] /a
[03/08/2014 18:56:51] /a
[03/08/2014 18:56:52] /a
[03/08/2014 18:56:52] /a
[03/08/2014 18:56:52] /a
[03/08/2014 18:56:52] /a
[03/08/2014 18:56:52] /a
[03/08/2014 18:56:52] /a
[03/08/2014 18:56:52] /a
[03/08/2014 18:56:52] /a
[03/08/2014 18:56:52] /a
[03/08/2014 18:56:52] /a
[03/08/2014 18:56:52] /a
[03/08/2014 18:56:52] /a
[03/08/2014 18:56:52] /a
[03/08/2014 18:56:52] /a
[03/08/2014 18:56:52] /a
[03/08/2014 18:56:52] /a
[03/08/2014 18:56:52] /a
[03/08/2014 18:56:52] /a
[03/08/2014 18:56:52] /a
[03/08/2014 18:56:52] /a
[03/08/2014 18:56:52] /a
[03/08/2014 18:56:52] /a
[03/08/2014 18:56:53] /a
[03/08/2014 18:56:53] /a
[03/08/2014 18:56:53] /a
[03/08/2014 18:56:53] /a
[03/08/2014 18:56:53] /a
[03/08/2014 18:56:53] /a
[03/08/2014 18:56:54] /a
[03/08/2014 18:56:54] /a
[03/08/2014 18:56:55] /a
[03/08/2014 18:56:55] /a
[03/08/2014 18:56:55] /a
[03/08/2014 18:56:55] /a
[03/08/2014 18:56:55] /a
[03/08/2014 18:56:55] /a
[03/08/2014 18:56:55] /a
[03/08/2014 18:56:55] /a
[03/08/2014 18:56:55] /a
[03/08/2014 18:56:55] /a
[03/08/2014 18:56:55] /a
[03/08/2014 18:56:55] /a
[03/08/2014 18:56:55] /a
[03/08/2014 18:56:55] /a
[03/08/2014 18:56:55] /a
[03/08/2014 18:56:55] /a
[03/08/2014 18:56:55] /a
[03/08/2014 18:56:55] /a
[03/08/2014 18:56:55] /a
[03/08/2014 18:56:55] /a
[03/08/2014 18:56:55] /a
[03/08/2014 18:56:55] /a
[03/08/2014 18:56:56] /a
[03/08/2014 18:56:57] /a
[03/08/2014 18:56:57] /a
[03/08/2014 18:56:57] /a
[03/08/2014 18:56:57] /a
[03/08/2014 18:56:57] /a
[03/08/2014 18:56:57] /a
[03/08/2014 18:56:57] /a
[03/08/2014 18:56:57] /a
[03/08/2014 18:56:57] /a
[03/08/2014 18:56:57] /a
[03/08/2014 18:56:57] /a
[03/08/2014 18:56:57] /a
[03/08/2014 18:56:57] /a
[03/08/2014 18:56:57] /a
[03/08/2014 18:56:57] /a
[03/08/2014 18:56:57] /a
[03/08/2014 18:56:57] /a
[03/08/2014 18:56:57] /a
[03/08/2014 18:56:57] /a
[03/08/2014 18:56:57] /a
[03/08/2014 18:56:57] /a
[03/08/2014 18:56:57] /a
[03/08/2014 18:56:57] /a
[03/08/2014 18:56:58] /a
[03/08/2014 18:56:58] /a
[03/08/2014 18:56:59] /a
[03/08/2014 18:56:59] /a
[03/08/2014 18:56:59] /a
[03/08/2014 18:56:59] /a
[03/08/2014 18:56:59] /a
[03/08/2014 18:56:59] /a
[03/08/2014 18:56:59] /a
[03/08/2014 18:56:59] /a
[03/08/2014 18:56:59] /a
[03/08/2014 18:56:59] /a
[03/08/2014 18:56:59] /a
[03/08/2014 18:56:59] /a
[03/08/2014 18:56:59] /a
[03/08/2014 18:56:59] /a
[03/08/2014 18:56:59] /a
[03/08/2014 18:56:59] /a
[03/08/2014 18:56:59] /a
[03/08/2014 18:56:59] /a
[03/08/2014 18:56:59] /a
[03/08/2014 18:56:59] /a
[03/08/2014 18:57:00] /a
[03/08/2014 18:57:00] /a
[03/08/2014 18:57:00] /a
[03/08/2014 18:57:00] /a
[03/08/2014 18:57:00] /a
[03/08/2014 18:57:00] /a
[03/08/2014 18:57:00] /a
[03/08/2014 18:57:00] /a
[03/08/2014 18:57:00] /a
[03/08/2014 18:57:00] /a
[03/08/2014 18:57:00] /a
[03/08/2014 18:57:00] /a
[03/08/2014 18:57:00] /a
[03/08/2014 18:57:00] /a
[03/08/2014 18:57:01] /a
[03/08/2014 18:57:02] /a
[03/08/2014 18:57:03] /a
[03/08/2014 18:57:05] /a
[03/08/2014 18:57:06] /a
[03/08/2014 18:57:06] /a
[03/08/2014 18:57:06] /a
[03/08/2014 18:57:06] /a
[03/08/2014 18:57:06] /a
[03/08/2014 18:57:06] /a
[03/08/2014 18:57:06] /a
[03/08/2014 18:57:06] /a
[03/08/2014 18:57:06] /a
[03/08/2014 18:57:06] /a
[03/08/2014 18:57:06] /a
[03/08/2014 18:57:06] /a
[03/08/2014 18:57:06] /a
[03/08/2014 18:57:06] /a
[03/08/2014 18:57:06] /a
[03/08/2014 18:57:06] /a
[03/08/2014 18:57:06] /a
[03/08/2014 18:57:06] /a
[03/08/2014 18:57:06] /a
[03/08/2014 18:57:06] /a
[03/08/2014 18:57:06] /a
[03/08/2014 18:57:07] /a
[03/08/2014 18:57:07] /a
[03/08/2014 18:57:07] /a
[03/08/2014 18:57:07] /a
[03/08/2014 18:57:07] /a
[03/08/2014 18:57:07] /a
[03/08/2014 18:57:07] /a
[03/08/2014 18:57:07] /a
[03/08/2014 18:57:07] /a
[03/08/2014 18:57:07] /a
[03/08/2014 18:57:07] /a
[03/08/2014 18:57:07] /a
[03/08/2014 18:57:07] /a
[03/08/2014 18:57:07] /a
[03/08/2014 18:57:07] /a
[03/08/2014 18:57:07] /a
[03/08/2014 18:57:07] /a
[03/08/2014 18:57:07] /a
[03/08/2014 18:57:07] /a
[03/08/2014 18:57:07] /a
[03/08/2014 18:57:07] /a
[03/08/2014 18:57:07] /a
[03/08/2014 18:57:07] /a
[03/08/2014 18:57:07] /a
[03/08/2014 18:57:07] /a
[03/08/2014 18:57:07] /a
[03/08/2014 18:57:07] /a
[03/08/2014 18:57:07] /a
[03/08/2014 18:57:07] /a
[03/08/2014 18:57:08] /a
[03/08/2014 18:57:08] /a
[03/08/2014 18:57:08] /a
[03/08/2014 18:57:08] /a
[03/08/2014 18:57:08] /a
[03/08/2014 18:57:08] /a
[03/08/2014 18:57:08] /a
[03/08/2014 18:57:08] /a
[03/08/2014 18:57:08] /a
[03/08/2014 18:57:08] /a
[03/08/2014 18:57:08] /a
[03/08/2014 18:57:08] /a
[03/08/2014 18:57:08] /a
[03/08/2014 18:57:08] /a
[03/08/2014 18:57:08] /a
[03/08/2014 18:57:08] /a
[03/08/2014 18:57:08] /a
[03/08/2014 18:57:08] /a
[03/08/2014 18:57:08] /a
[03/08/2014 18:57:08] /a
[03/08/2014 18:57:08] /a
[03/08/2014 18:57:08] /a
[03/08/2014 18:57:08] /a
[03/08/2014 18:57:08] /a
[03/08/2014 18:57:08] /a
[03/08/2014 18:57:08] /a
[03/08/2014 18:57:08] /a
[03/08/2014 18:57:08] /a
[03/08/2014 18:57:08] /a
[03/08/2014 18:57:09] /a
[03/08/2014 18:57:09] /a
[03/08/2014 18:57:09] /a
[03/08/2014 18:57:09] /a
[03/08/2014 18:57:09] /a
[03/08/2014 18:57:09] /a
[03/08/2014 18:57:09] /a
[03/08/2014 18:57:09] /a
[03/08/2014 18:57:09] /a
[03/08/2014 18:57:09] /a
[03/08/2014 18:57:09] /a
[03/08/2014 18:57:09] /a
[03/08/2014 18:57:09] /a
[03/08/2014 18:57:09] /a
[03/08/2014 18:57:09] /a
[03/08/2014 18:57:09] /a
[03/08/2014 18:57:09] /a
[03/08/2014 18:57:09] /a
[03/08/2014 18:57:09] /a
[03/08/2014 18:57:09] /a
[03/08/2014 18:57:09] /a
[03/08/2014 18:57:09] /a
[03/08/2014 18:57:09] /a
[03/08/2014 18:57:09] /a
[03/08/2014 18:57:09] /a
[03/08/2014 18:57:09] /a
[03/08/2014 18:57:09] /a
[03/08/2014 18:57:09] /a
[03/08/2014 18:57:09] /a
[03/08/2014 18:57:09] /a
[03/08/2014 18:57:10] /a
[03/08/2014 18:57:10] /a
[03/08/2014 18:57:10] /a
[03/08/2014 18:57:10] /a
[03/08/2014 18:57:10] /a
[03/08/2014 18:57:10] /a
[03/08/2014 18:57:10] /a
[03/08/2014 18:57:10] /a
[03/08/2014 18:57:10] /a
[03/08/2014 18:57:10] /a
[03/08/2014 18:57:10] /a
[03/08/2014 18:57:10] /a
[03/08/2014 18:57:10] /a
[03/08/2014 18:57:10] /a
[03/08/2014 18:57:10] /a
[03/08/2014 18:57:10] /a
[03/08/2014 18:57:10] /a
[03/08/2014 18:57:10] /a
[03/08/2014 18:57:10] /a
[03/08/2014 18:57:10] /a
[03/08/2014 18:57:10] /a
[03/08/2014 18:57:10] /a
[03/08/2014 18:57:10] /a
[03/08/2014 18:57:10] /a
[03/08/2014 18:57:10] /a
[03/08/2014 18:57:10] /a
[03/08/2014 18:57:10] /a
[03/08/2014 18:57:10] /a
[03/08/2014 18:57:11] /a
[03/08/2014 18:57:11] /a
[03/08/2014 18:57:11] /a
[03/08/2014 18:57:11] /a
[03/08/2014 18:57:11] /a
[03/08/2014 18:57:11] /a
[03/08/2014 18:57:11] /a
[03/08/2014 18:57:11] /a
[03/08/2014 18:57:11] /a
[03/08/2014 18:57:11] /a
[03/08/2014 18:57:11] /a
[03/08/2014 18:57:11] /a
[03/08/2014 18:57:11] /a
[03/08/2014 18:57:11] /a
[03/08/2014 18:57:11] /a
[03/08/2014 18:57:11] /a
[03/08/2014 18:57:11] /a
[03/08/2014 18:57:11] /a
[03/08/2014 18:57:11] /a
[03/08/2014 18:57:11] /a
[03/08/2014 18:57:11] /a
[03/08/2014 18:57:11] /a
[03/08/2014 18:57:11] /a
[03/08/2014 18:57:12] /a
[03/08/2014 18:57:12] /a
[03/08/2014 18:57:12] /a
[03/08/2014 18:57:12] /a
[03/08/2014 18:57:12] /a
[03/08/2014 18:57:12] /a
[03/08/2014 18:57:12] /a
[03/08/2014 18:57:12] /a
[03/08/2014 18:57:12] /a
[03/08/2014 18:57:12] /a
[03/08/2014 18:57:12] /a
[03/08/2014 18:57:12] /a
[03/08/2014 18:57:12] /a
[03/08/2014 18:57:12] /a
[03/08/2014 18:57:12] /a
[03/08/2014 18:57:12] /a
[03/08/2014 18:57:12] /a
[03/08/2014 18:57:12] /a
[03/08/2014 18:57:12] /a
[03/08/2014 18:57:12] /a
[03/08/2014 18:57:12] /a
[03/08/2014 18:57:12] /a
[03/08/2014 18:57:12] /a
[03/08/2014 18:57:12] /a
[03/08/2014 18:57:12] /a
[03/08/2014 18:57:12] /a
[03/08/2014 18:57:12] /a
[03/08/2014 18:57:12] /a
[03/08/2014 18:57:12] /a
[03/08/2014 18:57:12] /a
[03/08/2014 18:57:12] /a
[03/08/2014 18:57:12] /a
[03/08/2014 18:57:12] /a
[03/08/2014 18:57:12] /a
[03/08/2014 18:57:12] /a
[03/08/2014 18:57:13] /a
[03/08/2014 18:57:13] /a
[03/08/2014 18:57:13] /a
[03/08/2014 18:57:13] /a
[03/08/2014 18:57:13] /a
[03/08/2014 18:57:13] /a
[03/08/2014 18:57:13] /a
[03/08/2014 18:57:13] /a
[03/08/2014 18:57:13] /a
[03/08/2014 18:57:13] /a
[03/08/2014 18:57:13] /a
[03/08/2014 18:57:13] /a
[03/08/2014 18:57:13] /a
[03/08/2014 18:57:13] /a
[03/08/2014 18:57:13] /a
[03/08/2014 18:57:14] /a
[03/08/2014 18:57:14] /a
[03/08/2014 18:57:14] /a
[03/08/2014 18:57:14] /a
[03/08/2014 18:57:14] /a
[03/08/2014 18:57:14] /a
[03/08/2014 18:57:14] /a
[03/08/2014 18:57:14] /a
[03/08/2014 18:57:14] /a
[03/08/2014 18:57:14] /a
[03/08/2014 18:57:14] /a
[03/08/2014 18:57:14] /a
[03/08/2014 18:57:14] /a
[03/08/2014 18:57:14] /a
[03/08/2014 18:57:14] /a
[03/08/2014 18:57:14] /a
[03/08/2014 18:57:14] /a
[03/08/2014 18:57:14] /a
[03/08/2014 18:57:14] /a
[03/08/2014 18:57:14] /a
[03/08/2014 18:57:14] /a
[03/08/2014 18:57:14] /a
[03/08/2014 18:57:14] /a
[03/08/2014 18:57:14] /a
[03/08/2014 18:57:14] /a
[03/08/2014 18:57:14] /a
[03/08/2014 18:57:14] /a
[03/08/2014 18:57:14] /a
[03/08/2014 18:57:14] /a
[03/08/2014 18:57:15] /a
[03/08/2014 18:57:15] /a
[03/08/2014 18:57:15] /a
[03/08/2014 18:57:15] /a
[03/08/2014 18:57:15] /a
[03/08/2014 18:57:15] /a
[03/08/2014 18:57:15] /a
[03/08/2014 18:57:15] /a
[03/08/2014 18:57:15] /a
[03/08/2014 18:57:15] /a
[03/08/2014 18:57:15] /a
[03/08/2014 18:57:15] /a
[03/08/2014 18:57:15] /a
[03/08/2014 18:57:15] /a
[03/08/2014 18:57:15] /a
[03/08/2014 18:57:15] /a
[03/08/2014 18:57:15] /a
[03/08/2014 18:57:15] /a
[03/08/2014 18:57:15] /a
[03/08/2014 18:57:15] /a
[03/08/2014 18:57:15] /a
[03/08/2014 18:57:15] /a
[03/08/2014 18:57:15] /a
[03/08/2014 18:57:15] /a
[03/08/2014 18:57:15] /a
[03/08/2014 18:57:15] /a
[03/08/2014 18:57:15] /a
[03/08/2014 18:57:15] /a
[03/08/2014 18:57:15] /a
[03/08/2014 18:57:15] /a
[03/08/2014 18:57:16] /a
[03/08/2014 18:57:16] /a
[03/08/2014 18:57:16] /a
[03/08/2014 18:57:16] /a
[03/08/2014 18:57:16] /a
[03/08/2014 18:57:16] /a
[03/08/2014 18:57:16] /a
[03/08/2014 18:57:16] /a
[03/08/2014 18:57:16] /a
[03/08/2014 18:57:16] /a
[03/08/2014 18:57:16] /a
[03/08/2014 18:57:16] /a
[03/08/2014 18:57:16] /a
[03/08/2014 18:57:16] /a
[03/08/2014 18:57:16] /a
[03/08/2014 18:57:16] /a
[03/08/2014 18:57:16] /a
[03/08/2014 18:57:16] /a
[03/08/2014 18:57:16] /a
[03/08/2014 18:57:16] /a
[03/08/2014 18:57:16] /a
[03/08/2014 18:57:16] /a
[03/08/2014 18:57:16] /a
[03/08/2014 18:57:16] /a
[03/08/2014 18:57:16] /a
[03/08/2014 18:57:16] /a
[03/08/2014 18:57:16] /a
[03/08/2014 18:57:16] /a
[03/08/2014 18:57:16] /a
[03/08/2014 18:57:16] /a
[03/08/2014 18:57:17] /a
[03/08/2014 18:57:17] /a
[03/08/2014 18:57:17] /a
[03/08/2014 18:57:17] /a
[03/08/2014 18:57:17] /a
[03/08/2014 18:57:17] /a
[03/08/2014 18:57:17] /a
[03/08/2014 18:57:17] /a
[03/08/2014 18:57:17] /a
[03/08/2014 18:57:17] /a
[03/08/2014 18:57:17] /a
[03/08/2014 18:57:17] /a
[03/08/2014 18:57:17] /a
[03/08/2014 18:57:17] /a
[03/08/2014 18:57:17] /a
[03/08/2014 18:57:17] /a
[03/08/2014 18:57:17] /a
[03/08/2014 18:57:17] /a
[03/08/2014 18:57:17] /a
[03/08/2014 18:57:17] /a
[03/08/2014 18:57:17] /a
[03/08/2014 18:57:17] /a
[03/08/2014 18:57:17] /a
[03/08/2014 18:57:17] /a
[03/08/2014 18:57:17] /a
[03/08/2014 18:57:17] /a
[03/08/2014 18:57:17] /a
[03/08/2014 18:57:17] /a
[03/08/2014 18:57:17] /a
[03/08/2014 18:57:18] /a
[03/08/2014 18:57:18] /a
[03/08/2014 18:57:18] /a
[03/08/2014 18:57:18] /a
[03/08/2014 18:57:18] /a
[03/08/2014 18:57:18] /a
[03/08/2014 18:57:18] /a
[03/08/2014 18:57:18] /a
[03/08/2014 18:57:18] /a
[03/08/2014 18:57:18] /a
[03/08/2014 18:57:18] /a
[03/08/2014 18:57:18] /a
[03/08/2014 18:57:18] /a
[03/08/2014 18:57:18] /a
[03/08/2014 18:57:18] /a
[03/08/2014 18:57:18] /a
[03/08/2014 18:57:18] /a
[03/08/2014 18:57:18] /a
[03/08/2014 18:57:18] /a
[03/08/2014 18:57:18] /a
[03/08/2014 18:57:18] /a
[03/08/2014 18:57:18] /a
[03/08/2014 18:57:18] /a
[03/08/2014 18:57:18] /a
[03/08/2014 18:57:18] /a
[03/08/2014 18:57:19] /a
[03/08/2014 18:57:19] /a
[03/08/2014 18:57:19] /a
[03/08/2014 18:57:19] /a
[03/08/2014 18:57:19] /a
[03/08/2014 18:57:19] /a
[03/08/2014 18:57:19] /a
[03/08/2014 18:57:19] /a
[03/08/2014 18:57:19] /a
[03/08/2014 18:57:19] /a
[03/08/2014 18:57:19] /a
[03/08/2014 18:57:19] /a
[03/08/2014 18:57:19] /a
[03/08/2014 18:57:19] /a
[03/08/2014 18:57:19] /a
[03/08/2014 18:57:19] /a
[03/08/2014 18:57:19] /a
[03/08/2014 18:57:19] /a
[03/08/2014 18:57:19] /a
[03/08/2014 18:57:19] /a
[03/08/2014 18:57:19] /a
[03/08/2014 18:57:19] /a
[03/08/2014 18:57:19] /a
[03/08/2014 18:57:19] /a
[03/08/2014 18:57:19] /a
[03/08/2014 18:57:20] /a
[03/08/2014 18:57:20] /a
[03/08/2014 18:57:20] /a
[03/08/2014 18:57:20] /a
[03/08/2014 18:57:20] /a
[03/08/2014 18:57:20] /a
[03/08/2014 18:57:20] /a
[03/08/2014 18:57:20] /a
[03/08/2014 18:57:20] /a
[03/08/2014 18:57:20] /a
[03/08/2014 18:57:20] /a
[03/08/2014 18:57:20] /a
[03/08/2014 18:57:20] /a
[03/08/2014 18:57:20] /a
[03/08/2014 18:57:20] /a
[03/08/2014 18:57:20] /a
[03/08/2014 18:57:21] /a
[03/08/2014 18:57:21] /a
[03/08/2014 18:57:21] /a
[03/08/2014 18:57:21] /a
[03/08/2014 18:57:21] /a
[03/08/2014 18:57:21] /a
[03/08/2014 18:57:21] /a
[03/08/2014 18:57:21] /a
[03/08/2014 18:57:21] /a
[03/08/2014 18:57:21] /a
[03/08/2014 18:57:21] /a
[03/08/2014 18:57:21] /a
[03/08/2014 18:57:21] /a
[03/08/2014 18:57:21] /a
[03/08/2014 18:57:21] /a
[03/08/2014 18:57:21] /a
[03/08/2014 18:57:21] /a
[03/08/2014 18:57:21] /a
[03/08/2014 18:57:21] /a
[03/08/2014 18:57:21] /a
[03/08/2014 18:57:21] /a
[03/08/2014 18:57:21] /a
[03/08/2014 18:57:21] /a
[03/08/2014 18:57:21] /a
[03/08/2014 18:57:21] /a
[03/08/2014 18:57:21] /a
[03/08/2014 18:57:21] /a
[03/08/2014 18:57:21] /a
[03/08/2014 18:57:21] /a
[03/08/2014 18:57:21] /a
[03/08/2014 18:57:21] /a
[03/08/2014 18:57:22] /a
[03/08/2014 18:57:22] /a
[03/08/2014 18:57:22] /a
[03/08/2014 18:57:22] /a
[03/08/2014 18:57:22] /a
[03/08/2014 18:57:22] /a
[03/08/2014 18:57:22] /a
[03/08/2014 18:57:22] /a
[03/08/2014 18:57:22] /a
[03/08/2014 18:57:22] /a
[03/08/2014 18:57:22] /a
[03/08/2014 18:57:22] /a
[03/08/2014 18:57:22] /a
[03/08/2014 18:57:22] /a
[03/08/2014 18:57:22] /a
[03/08/2014 18:57:22] /a
[03/08/2014 18:57:22] /a
[03/08/2014 18:57:22] /a
[03/08/2014 18:57:22] /a
[03/08/2014 18:57:22] /a
[03/08/2014 18:57:22] /a
[03/08/2014 18:57:22] /a
[03/08/2014 18:57:22] /a
[03/08/2014 18:57:22] /a
[03/08/2014 18:57:22] /a
[03/08/2014 18:57:23] /a
[03/08/2014 18:57:23] /a
[03/08/2014 18:57:23] /a
[03/08/2014 18:57:23] /a
[03/08/2014 18:57:23] /a
[03/08/2014 18:57:23] /a
[03/08/2014 18:57:23] /a
[03/08/2014 18:57:23] /a
[03/08/2014 18:57:23] /a
[03/08/2014 18:57:23] /a
[03/08/2014 18:57:23] /a
[03/08/2014 18:57:23] /a
[03/08/2014 18:57:23] /a
[03/08/2014 18:57:23] /a
[03/08/2014 18:57:23] /a
[03/08/2014 18:57:23] /a
[03/08/2014 18:57:23] /a
[03/08/2014 18:57:23] /a
[03/08/2014 18:57:23] /a
[03/08/2014 18:57:23] /a
[03/08/2014 18:57:23] /a
[03/08/2014 18:57:23] /a
[03/08/2014 18:57:23] /a
[03/08/2014 18:57:23] /a
[03/08/2014 18:57:23] /a
[03/08/2014 18:57:23] /a
[03/08/2014 18:57:23] /a
[03/08/2014 18:57:23] /a
[03/08/2014 18:57:23] /a
[03/08/2014 18:57:23] /a
[03/08/2014 18:57:23] /a
[03/08/2014 18:57:23] /a
[03/08/2014 18:57:23] /a
[03/08/2014 18:57:23] /a
[03/08/2014 18:57:24] /a
[03/08/2014 18:57:24] /a
[03/08/2014 18:57:24] /a
[03/08/2014 18:57:24] /a
[03/08/2014 18:57:24] /a
[03/08/2014 18:57:24] /a
[03/08/2014 18:57:24] /a
[03/08/2014 18:57:24] /a
[03/08/2014 18:57:24] /a
[03/08/2014 18:57:24] /a
[03/08/2014 18:57:24] /a
[03/08/2014 18:57:24] /a
[03/08/2014 18:57:24] /a
[03/08/2014 18:57:24] /a
[03/08/2014 18:57:24] /a
[03/08/2014 18:57:24] /a
[03/08/2014 18:57:24] /a
[03/08/2014 18:57:24] /a
[03/08/2014 18:57:24] /a
[03/08/2014 18:57:24] /a
[03/08/2014 18:57:24] /a
[03/08/2014 18:57:24] /a
[03/08/2014 18:57:24] /a
[03/08/2014 18:57:24] /a
[03/08/2014 18:57:24] /a
[03/08/2014 18:57:24] /a
[03/08/2014 18:57:24] /a
[03/08/2014 18:57:24] /a
[03/08/2014 18:57:24] /a
[03/08/2014 18:57:24] /a
[03/08/2014 18:57:25] /a
[03/08/2014 18:57:25] /a
[03/08/2014 18:57:25] /a
[03/08/2014 18:57:25] /a
[03/08/2014 18:57:25] /a
[03/08/2014 18:57:25] /a
[03/08/2014 18:57:25] /a
[03/08/2014 18:57:25] /a
[03/08/2014 18:57:25] /a
[03/08/2014 18:57:25] /a
[03/08/2014 18:57:25] /a
[03/08/2014 18:57:25] /a
[03/08/2014 18:57:25] /a
[03/08/2014 18:57:25] /a
[03/08/2014 18:57:25] /a
[03/08/2014 18:57:25] /a
[03/08/2014 18:57:25] /a
[03/08/2014 18:57:25] /a
[03/08/2014 18:57:25] /a
[03/08/2014 18:57:25] /a
[03/08/2014 18:57:25] /a
[03/08/2014 18:57:25] /a
[03/08/2014 18:57:25] /a
[03/08/2014 18:57:25] /a
[03/08/2014 18:57:25] /a
[03/08/2014 18:57:25] /a
[03/08/2014 18:57:25] /a
[03/08/2014 18:57:25] /a
[03/08/2014 18:57:25] /a
[03/08/2014 18:57:25] /a
[03/08/2014 18:57:26] /a
[03/08/2014 18:57:26] /a
[03/08/2014 18:57:26] /a
[03/08/2014 18:57:26] /a
[03/08/2014 18:57:26] /a
[03/08/2014 18:57:26] /a
[03/08/2014 18:57:26] /a
[03/08/2014 18:57:26] /a
[03/08/2014 18:57:26] /a
[03/08/2014 18:57:26] /a
[03/08/2014 18:57:26] /a
[03/08/2014 18:57:26] /a
[03/08/2014 18:57:26] /a
[03/08/2014 18:57:26] /a
[03/08/2014 18:57:26] /a
[03/08/2014 18:57:26] /a
[03/08/2014 18:57:26] /a
[03/08/2014 18:57:26] /a
[03/08/2014 18:57:26] /a
[03/08/2014 18:57:26] /a
[03/08/2014 18:57:26] /a
[03/08/2014 18:57:26] /a
[03/08/2014 18:57:26] /a
[03/08/2014 18:57:26] /a
[03/08/2014 18:57:26] /a
[03/08/2014 18:57:26] /a
[03/08/2014 18:57:26] /a
[03/08/2014 18:57:26] /a
[03/08/2014 18:57:26] /a
[03/08/2014 18:57:26] /a
[03/08/2014 18:57:27] /a
[03/08/2014 18:57:27] /a
[03/08/2014 18:57:27] /a
[03/08/2014 18:57:27] /a
[03/08/2014 18:57:27] /a
[03/08/2014 18:57:27] /a
[03/08/2014 18:57:27] /a
[03/08/2014 18:57:27] /a
[03/08/2014 18:57:27] /a
[03/08/2014 18:57:27] /a
[03/08/2014 18:57:27] /a
[03/08/2014 18:57:27] /a
[03/08/2014 18:57:27] /a
[03/08/2014 18:57:27] /a
[03/08/2014 18:57:27] /a
[03/08/2014 18:57:27] /a
[03/08/2014 18:57:27] /a
[03/08/2014 18:57:27] /a
[03/08/2014 18:57:27] /a
[03/08/2014 18:57:27] /a
[03/08/2014 18:57:27] /a
[03/08/2014 18:57:27] /a
[03/08/2014 18:57:27] /a
[03/08/2014 18:57:27] /a
[03/08/2014 18:57:27] /a
[03/08/2014 18:57:28] /a
[03/08/2014 18:57:28] /a
[03/08/2014 18:57:28] /a
[03/08/2014 18:57:28] /a
[03/08/2014 18:57:28] /a
[03/08/2014 18:57:28] /a
[03/08/2014 18:57:28] /a
[03/08/2014 18:57:28] /a
[03/08/2014 18:57:28] /a
[03/08/2014 18:57:28] /a
[03/08/2014 18:57:28] /a
[03/08/2014 18:57:28] /a
[03/08/2014 18:57:28] /a
[03/08/2014 18:57:28] /a
[03/08/2014 18:57:28] /a
[03/08/2014 18:57:28] /a
[03/08/2014 18:57:28] /a
[03/08/2014 18:57:28] /a
[03/08/2014 18:57:28] /a
[03/08/2014 18:57:28] /a
[03/08/2014 18:57:29] /a
[03/08/2014 18:57:29] /a
[03/08/2014 18:57:29] /a
[03/08/2014 18:57:29] /a
[03/08/2014 18:57:29] /a
[03/08/2014 18:57:29] /a
[03/08/2014 18:57:29] /a
[03/08/2014 18:57:29] /a
[03/08/2014 18:57:29] /a
[03/08/2014 18:57:29] /a
[03/08/2014 18:57:29] /a
[03/08/2014 18:57:29] /a
[03/08/2014 18:57:29] /a
[03/08/2014 18:57:29] /a
[03/08/2014 18:57:29] /a
[03/08/2014 18:57:29] /a
[03/08/2014 18:57:29] /a
[03/08/2014 18:57:29] /a
[03/08/2014 18:57:29] /a
[03/08/2014 18:57:29] /a
[03/08/2014 18:57:29] /a
[03/08/2014 18:57:29] /a
[03/08/2014 18:57:29] /a
[03/08/2014 18:57:29] /a
[03/08/2014 18:57:29] /a
[03/08/2014 18:57:29] /a
[03/08/2014 18:57:30] /a
[03/08/2014 18:57:30] /a
[03/08/2014 18:57:30] /a
[03/08/2014 18:57:30] /a
[03/08/2014 18:57:30] /a
[03/08/2014 18:57:30] /a
[03/08/2014 18:57:30] /a
[03/08/2014 18:57:30] /a
[03/08/2014 18:57:30] /a
[03/08/2014 18:57:30] /a
[03/08/2014 18:57:30] /a
[03/08/2014 18:57:30] /a
[03/08/2014 18:57:30] /a
[03/08/2014 18:57:30] /a
[03/08/2014 18:57:30] /a
[03/08/2014 18:57:30] /a
[03/08/2014 18:57:30] /a
[03/08/2014 18:57:30] /a
[03/08/2014 18:57:30] /a
[03/08/2014 18:57:30] /a
[03/08/2014 18:57:30] /a
[03/08/2014 18:57:30] /a
[03/08/2014 18:57:30] /a
[03/08/2014 18:57:30] /a
[03/08/2014 18:57:30] /a
[03/08/2014 18:57:30] /a
[03/08/2014 18:57:30] /a
[03/08/2014 18:57:30] /a
[03/08/2014 18:57:30] /a
[03/08/2014 18:57:30] /a
[03/08/2014 18:57:31] /a
[03/08/2014 18:57:31] /a
[03/08/2014 18:57:31] /a
[03/08/2014 18:57:31] /a
[03/08/2014 18:57:31] /a
[03/08/2014 18:57:31] /a
[03/08/2014 18:57:31] /a
[03/08/2014 18:57:31] /a
[03/08/2014 18:57:31] /a
[03/08/2014 18:57:31] /a
[03/08/2014 18:57:31] /a
[03/08/2014 18:57:31] /a
[03/08/2014 18:57:31] /a
[03/08/2014 18:57:31] /a
[03/08/2014 18:57:31] /a
[03/08/2014 18:57:31] /a
[03/08/2014 18:57:31] /a
[03/08/2014 18:57:31] /a
[03/08/2014 18:57:31] /a
[03/08/2014 18:57:31] /a
[03/08/2014 18:57:31] /a
[03/08/2014 18:57:31] /a
[03/08/2014 18:57:31] /a
[03/08/2014 18:57:31] /a
[03/08/2014 18:57:31] /a
[03/08/2014 18:57:31] /a
[03/08/2014 18:57:31] /a
[03/08/2014 18:57:31] /a
[03/08/2014 18:57:31] /a
[03/08/2014 18:57:32] /a
[03/08/2014 18:57:32] /a
[03/08/2014 18:57:32] /a
[03/08/2014 18:57:32] /a
[03/08/2014 18:57:32] /a
[03/08/2014 18:57:32] /a
[03/08/2014 18:57:32] /a
[03/08/2014 18:57:32] /a
[03/08/2014 18:57:32] /a
[03/08/2014 18:57:32] /a
[03/08/2014 18:57:32] /a
[03/08/2014 18:57:32] /a
[03/08/2014 18:57:32] /a
[03/08/2014 18:57:32] /a
[03/08/2014 18:57:32] /a
[03/08/2014 18:57:32] /a
[03/08/2014 18:57:32] /a
[03/08/2014 18:57:32] /a
[03/08/2014 18:57:32] /a
[03/08/2014 18:57:32] /a
[03/08/2014 18:57:32] /a
[03/08/2014 18:57:32] /a
[03/08/2014 18:57:32] /a
[03/08/2014 18:57:33] /a
[03/08/2014 18:57:33] /a
[03/08/2014 18:57:33] /a
[03/08/2014 18:57:33] /a
[03/08/2014 18:57:33] /a
[03/08/2014 18:57:33] /a
[03/08/2014 18:57:33] /a
[03/08/2014 18:57:33] /a
[03/08/2014 18:57:33] /a
[03/08/2014 18:57:33] /a
[03/08/2014 18:57:33] /a
[03/08/2014 18:57:33] /a
[03/08/2014 18:57:33] /a
[03/08/2014 18:57:33] /a
[03/08/2014 18:57:33] /a
[03/08/2014 18:57:33] /a
[03/08/2014 18:57:33] /a
[03/08/2014 18:57:33] /a
[03/08/2014 18:57:33] /a
[03/08/2014 18:57:33] /a
[03/08/2014 18:57:33] /a
[03/08/2014 18:57:33] /a
[03/08/2014 18:57:33] /a
[03/08/2014 18:57:33] /a
[03/08/2014 18:57:33] /a
[03/08/2014 18:57:33] /a
[03/08/2014 18:57:33] /a
[03/08/2014 18:57:34] /a
[03/08/2014 18:57:34] /a
[03/08/2014 18:57:34] /a
[03/08/2014 18:57:34] /a
[03/08/2014 18:57:34] /a
[03/08/2014 18:57:34] /a
[03/08/2014 18:57:34] /a
[03/08/2014 18:57:34] /a
[03/08/2014 18:57:34] /a
[03/08/2014 18:57:34] /a
[03/08/2014 18:57:34] /a
[03/08/2014 18:57:34] /a
[03/08/2014 18:57:34] /a
[03/08/2014 18:57:34] /a
[03/08/2014 18:57:34] /a
[03/08/2014 18:57:34] /a
[03/08/2014 18:57:34] /a
[03/08/2014 18:57:34] /a
[03/08/2014 18:57:34] /a
[03/08/2014 18:57:34] /a
[03/08/2014 18:57:34] /a
[03/08/2014 18:57:35] /a
[03/08/2014 18:57:35] /a
[03/08/2014 18:57:35] /a
[03/08/2014 18:57:35] /a
[03/08/2014 18:57:35] /a
[03/08/2014 18:57:35] /a
[03/08/2014 18:57:35] /a
[03/08/2014 18:57:35] /a
[03/08/2014 18:57:35] /a
[03/08/2014 18:57:35] /a
[03/08/2014 18:57:35] /a
[03/08/2014 18:57:35] /a
[03/08/2014 18:57:35] /a
[03/08/2014 18:57:35] /a
[03/08/2014 18:57:35] /a
[03/08/2014 18:57:35] /a
[03/08/2014 18:57:35] /a
[03/08/2014 18:57:35] /a
[03/08/2014 18:57:35] /a
[03/08/2014 18:57:35] /a
[03/08/2014 18:57:35] /a
[03/08/2014 18:57:35] /a
[03/08/2014 18:57:35] /a
[03/08/2014 18:57:35] /a
[03/08/2014 18:57:35] /a
[03/08/2014 18:57:35] /a
[03/08/2014 18:57:35] /a
[03/08/2014 18:57:35] /a
[03/08/2014 18:57:35] /a
[03/08/2014 18:57:35] /a
[03/08/2014 18:57:35] /a
[03/08/2014 18:57:36] /a
[03/08/2014 18:57:36] /a
[03/08/2014 18:57:36] /a
[03/08/2014 18:57:36] /a
[03/08/2014 18:57:36] /a
[03/08/2014 18:57:36] /a
[03/08/2014 18:57:36] /a
[03/08/2014 18:57:36] /a
[03/08/2014 18:57:36] /a
[03/08/2014 18:57:36] /a
[03/08/2014 18:57:36] /a
[03/08/2014 18:57:36] /a
[03/08/2014 18:57:36] /a
[03/08/2014 18:57:36] /a
[03/08/2014 18:57:36] /a
[03/08/2014 18:57:36] /a
[03/08/2014 18:57:36] /a
[03/08/2014 18:57:36] /a
[03/08/2014 18:57:36] /a
[03/08/2014 18:57:36] /a
[03/08/2014 18:57:36] /a
[03/08/2014 18:57:36] /a
[03/08/2014 18:57:36] /a
[03/08/2014 18:57:36] /a
[03/08/2014 18:57:36] /a
[03/08/2014 18:57:36] /a
[03/08/2014 18:57:36] /a
[03/08/2014 18:57:36] /a
[03/08/2014 18:57:36] /a
[03/08/2014 18:57:36] /a
[03/08/2014 18:57:37] /a
[03/08/2014 18:57:37] /a
[03/08/2014 18:57:37] /a
[03/08/2014 18:57:37] /a
[03/08/2014 18:57:37] /a
[03/08/2014 18:57:37] /a
[03/08/2014 18:57:37] /a
[03/08/2014 18:57:37] /a
[03/08/2014 18:57:37] /a
[03/08/2014 18:57:37] /a
[03/08/2014 18:57:37] /a
[03/08/2014 18:57:37] /a
[03/08/2014 18:57:37] /a
[03/08/2014 18:57:37] /a
[03/08/2014 18:57:37] /a
[03/08/2014 18:57:37] /a
[03/08/2014 18:57:37] /a
[03/08/2014 18:57:37] /a
[03/08/2014 18:57:37] /a
[03/08/2014 18:57:37] /a
[03/08/2014 18:57:37] /a
[03/08/2014 18:57:37] /a
[03/08/2014 18:57:37] /a
[03/08/2014 18:57:37] /a
[03/08/2014 18:57:37] /a
[03/08/2014 18:57:37] /a
[03/08/2014 18:57:37] /a
[03/08/2014 18:57:37] /a
[03/08/2014 18:57:38] /a
[03/08/2014 18:57:38] /a
[03/08/2014 18:57:38] /a
[03/08/2014 18:57:38] /a
[03/08/2014 18:57:38] /a
[03/08/2014 18:57:38] /a
[03/08/2014 18:57:38] /a
[03/08/2014 18:57:38] /a
[03/08/2014 18:57:38] /a
[03/08/2014 18:57:38] /a
[03/08/2014 18:57:38] /a
[03/08/2014 18:57:38] /a
[03/08/2014 18:57:38] /a
[03/08/2014 18:57:38] /a
[03/08/2014 18:57:38] /a
[03/08/2014 18:57:38] /a
[03/08/2014 18:57:38] /a
[03/08/2014 18:57:38] /a
[03/08/2014 18:57:38] /a
[03/08/2014 18:57:38] /a
[03/08/2014 18:57:38] /a
[03/08/2014 18:57:39] /a
[03/08/2014 18:57:39] /a
[03/08/2014 18:57:39] /a
[03/08/2014 18:57:39] /a
[03/08/2014 18:57:39] /a
[03/08/2014 18:57:39] /a
[03/08/2014 18:57:39] /a
[03/08/2014 18:57:39] /a
[03/08/2014 18:57:39] /a
[03/08/2014 18:57:39] /a
[03/08/2014 18:57:39] /a
[03/08/2014 18:57:39] /a
[03/08/2014 18:57:39] /a
[03/08/2014 18:57:39] /a
[03/08/2014 18:57:39] /a
[03/08/2014 18:57:39] /a
[03/08/2014 18:57:39] /a
[03/08/2014 18:57:39] /a
[03/08/2014 18:57:39] /a
[03/08/2014 18:57:39] /a
[03/08/2014 18:57:40] /a
[03/08/2014 18:57:40] /a
[03/08/2014 18:57:40] /a
[03/08/2014 18:57:40] /a
[03/08/2014 18:57:40] /a
[03/08/2014 18:57:40] /a
[03/08/2014 18:57:40] /a
[03/08/2014 18:57:40] /a
[03/08/2014 18:57:40] /a
[03/08/2014 18:57:40] /a
[03/08/2014 18:57:40] /a
[03/08/2014 18:57:40] /a
[03/08/2014 18:57:40] /a
[03/08/2014 18:57:40] /a
[03/08/2014 18:57:40] /a
[03/08/2014 18:57:40] /a
[03/08/2014 18:57:40] /a
[03/08/2014 18:57:40] /a
[03/08/2014 18:57:40] /a
[03/08/2014 18:57:40] /a
[03/08/2014 18:57:40] /a
[03/08/2014 18:57:40] /a
[03/08/2014 18:57:40] /a
[03/08/2014 18:57:40] /a
[03/08/2014 18:57:40] /a
[03/08/2014 18:57:40] /a
[03/08/2014 18:57:40] /a
[03/08/2014 18:57:40] /a
[03/08/2014 18:57:40] /a
[03/08/2014 18:57:40] /a
[03/08/2014 18:57:40] /a
[03/08/2014 18:57:41] /a
[03/08/2014 18:57:41] /a
[03/08/2014 18:57:41] /a
[03/08/2014 18:57:41] /a
[03/08/2014 18:57:41] /a
[03/08/2014 18:57:41] /a
[03/08/2014 18:57:41] /a
[03/08/2014 18:57:41] /a
[03/08/2014 18:57:41] /a
[03/08/2014 18:57:41] /a
[03/08/2014 18:57:41] /a
[03/08/2014 18:57:41] /a
[03/08/2014 18:57:41] /a
[03/08/2014 18:57:41] /a
[03/08/2014 18:57:41] /a
[03/08/2014 18:57:41] /a
[03/08/2014 18:57:41] /a
[03/08/2014 18:57:41] /a
[03/08/2014 18:57:41] /a
[03/08/2014 18:57:41] /a
[03/08/2014 18:57:41] /a
[03/08/2014 18:57:41] /a
[03/08/2014 18:57:41] /a
[03/08/2014 18:57:41] /a
[03/08/2014 18:57:41] /a
[03/08/2014 18:57:41] /a
[03/08/2014 18:57:41] /a
[03/08/2014 18:57:41] /a
[03/08/2014 18:57:41] /a
[03/08/2014 18:57:42] /a
[03/08/2014 18:57:42] /a
[03/08/2014 18:57:42] /a
[03/08/2014 18:57:42] /a
[03/08/2014 18:57:42] /a
[03/08/2014 18:57:42] /a
[03/08/2014 18:57:42] /a
[03/08/2014 18:57:42] /a
[03/08/2014 18:57:42] /a
[03/08/2014 18:57:42] /a
[03/08/2014 18:57:42] /a
[03/08/2014 18:57:42] /a
[03/08/2014 18:57:43] /a
[03/08/2014 18:57:43] /a
[03/08/2014 18:57:44] /a
[03/08/2014 18:57:44] /a
[03/08/2014 18:57:44] /a
[03/08/2014 18:57:44] /a
[03/08/2014 18:57:44] /a
[03/08/2014 18:57:44] /a
[03/08/2014 18:57:44] /a
[03/08/2014 18:57:44] /a
[03/08/2014 18:57:44] /a
[03/08/2014 18:57:44] /a
[03/08/2014 18:57:44] /a
[03/08/2014 18:57:44] /a
[03/08/2014 18:57:44] /a
[03/08/2014 18:57:44] /a
[03/08/2014 18:57:44] /a
[03/08/2014 18:57:44] /a
[03/08/2014 18:57:44] /a
[03/08/2014 18:57:44] /a
[03/08/2014 18:57:44] /a
[03/08/2014 18:57:44] /a
[03/08/2014 18:57:44] /a
[03/08/2014 18:57:44] /a
[03/08/2014 18:57:44] /a
[03/08/2014 18:57:44] /a
[03/08/2014 18:57:44] /a
[03/08/2014 18:57:44] /a
[03/08/2014 18:57:44] /a
[03/08/2014 18:57:44] /a
[03/08/2014 18:57:44] /a
[03/08/2014 18:57:44] /a
[03/08/2014 18:57:44] /a
[03/08/2014 18:57:45] /a
[03/08/2014 18:57:45] /a
[03/08/2014 18:57:45] /a
[03/08/2014 18:57:45] /a
[03/08/2014 18:57:45] /a
[03/08/2014 18:57:45] /a
[03/08/2014 18:57:45] /a
[03/08/2014 18:57:45] /a
[03/08/2014 18:57:45] /a
[03/08/2014 18:57:45] /a
[03/08/2014 18:57:45] /a
[03/08/2014 18:57:45] /a
[03/08/2014 18:57:45] /a
[03/08/2014 18:57:45] /a
[03/08/2014 18:57:45] /a
[03/08/2014 18:57:45] /a
[03/08/2014 18:57:45] /a
[03/08/2014 18:57:45] /a
[03/08/2014 18:57:45] /a
[03/08/2014 18:57:45] /a
[03/08/2014 18:57:45] /a
[03/08/2014 18:57:45] /a
[03/08/2014 18:57:45] /a
[03/08/2014 18:57:45] /a
[03/08/2014 18:57:45] /a
[03/08/2014 18:57:45] /a
[03/08/2014 18:57:45] /a
[03/08/2014 18:57:45] /a
[03/08/2014 18:57:45] /a
[03/08/2014 18:57:45] /a
[03/08/2014 18:57:46] /a
[03/08/2014 18:57:46] /a
[03/08/2014 18:57:46] /a
[03/08/2014 18:57:46] /a
[03/08/2014 18:57:46] /a
[03/08/2014 18:57:46] /a
[03/08/2014 18:57:46] /a
[03/08/2014 18:57:46] /a
[03/08/2014 18:57:46] /a
[03/08/2014 18:57:46] /a
[03/08/2014 18:57:46] /a
[03/08/2014 18:57:46] /a
[03/08/2014 18:57:46] /a
[03/08/2014 18:57:46] /a
[03/08/2014 18:57:46] /a
[03/08/2014 18:57:46] /a
[03/08/2014 18:57:47] /a
[03/08/2014 18:57:47] /a
[03/08/2014 18:57:47] /a
[03/08/2014 18:57:47] /a
[03/08/2014 18:57:47] /a
[03/08/2014 18:57:47] /a
[03/08/2014 18:57:47] /a
[03/08/2014 18:57:47] /a
[03/08/2014 18:57:48] /a
[03/08/2014 18:57:48] /a
[03/08/2014 18:57:48] /a
[03/08/2014 18:57:48] /a
[03/08/2014 18:57:48] /a
[03/08/2014 18:57:48] /a
[03/08/2014 18:57:48] /a
[03/08/2014 18:57:48] /a
[03/08/2014 18:57:48] /a
[03/08/2014 18:57:48] /a
[03/08/2014 18:57:48] /a
[03/08/2014 18:57:48] /a
[03/08/2014 18:57:48] /a
[03/08/2014 18:57:48] /a
[03/08/2014 18:57:48] /a
[03/08/2014 18:57:48] /a
[03/08/2014 18:57:49] /a
[03/08/2014 18:57:49] /a
[03/08/2014 18:57:49] /a
[03/08/2014 18:57:49] /a
[03/08/2014 18:57:49] /a
[03/08/2014 18:57:51] /a
[03/08/2014 18:57:51] /a
[03/08/2014 18:57:51] /a
[03/08/2014 18:57:51] /a
[03/08/2014 18:57:51] /a
[03/08/2014 18:57:51] /a
[03/08/2014 18:57:51] /a
[03/08/2014 18:57:51] /a
[03/08/2014 18:57:51] /a
[03/08/2014 18:57:51] /a
[03/08/2014 18:57:51] /a
[03/08/2014 18:57:51] /a
[03/08/2014 18:57:51] /a
[03/08/2014 18:57:52] /a
[03/08/2014 18:57:52] /a
[03/08/2014 18:57:52] /a
[03/08/2014 18:57:52] /a
[03/08/2014 18:57:52] /a
[03/08/2014 18:57:52] /a
[03/08/2014 18:57:52] /a
[03/08/2014 18:57:52] /a
[03/08/2014 18:57:52] /a
[03/08/2014 18:57:52] /a
[03/08/2014 18:57:52] /a
[03/08/2014 18:57:52] /a
[03/08/2014 18:57:52] /a
[03/08/2014 18:58:06] /a 2
[03/08/2014 18:58:42] /clean
[03/08/2014 18:58:51] /t
[08/08/2014 22:18:02] /ghost
[08/08/2014 22:19:45] /a 1
[08/08/2014 22:26:12] /a 8
[08/08/2014 22:26:36] /goto Lucas
[08/08/2014 22:26:58] /goto Falcon Buyer
[08/08/2014 22:27:04] /a 3
[08/08/2014 22:27:27] /t
[08/08/2014 22:27:54] /goto Lucas
[08/08/2014 22:30:03] /t
[08/08/2014 22:33:44] /ghost
[08/08/2014 22:34:33] /ghost
[08/08/2014 22:37:19] /ban ?
[08/08/2014 22:38:17] /a 58
[08/08/2014 22:38:22] /a 50
[08/08/2014 22:38:49] /a 18
[08/08/2014 22:38:56] /up
[08/08/2014 22:39:21] /up
[08/08/2014 22:39:28] /a 1
[08/08/2014 22:39:42] /a 58
[08/08/2014 22:39:46] /a 1
[08/08/2014 22:39:53] /a 2
[08/08/2014 22:40:19] /a 1
[08/08/2014 22:40:25] /a 2
[08/08/2014 22:41:07] /up
[08/08/2014 22:41:14] /a 5
[08/08/2014 22:41:56] /c Lord Biiel
[08/08/2014 22:42:02] /ghost
[08/08/2014 22:42:51] /c Lord Biiel
[08/08/2014 22:43:09] /c Lord Biiel
[08/08/2014 22:43:17] /c Lord Biiel
[08/08/2014 22:43:20] /c Lord Biiel
[08/08/2014 22:43:24] /c Lord Biiel
[08/08/2014 22:43:26] /t
[08/08/2014 22:44:32] /goto Lord Biiel
[08/08/2014 22:44:39] /c Lord Biiel
[08/08/2014 22:45:29] /t
[09/08/2014 11:40:18] /goto sombra
[09/08/2014 11:40:35] /goto escuridao
[09/08/2014 11:40:42] /goto Sombra
[09/08/2014 11:40:48] /goto Falcon Buyer
[09/08/2014 11:41:02] /goto Sombra
[09/08/2014 11:41:25] /goto Shinigami
[09/08/2014 11:41:34] /goto Escuridão
[09/08/2014 11:41:36] /goto Escuridao
[09/08/2014 11:41:48] /goto Trevas
[09/08/2014 11:42:04] /goto The Teleporter
[09/08/2014 11:42:10] /t
[10/08/2014 13:27:08] /a 5
[10/08/2014 13:27:37] /a 5
[10/08/2014 13:27:52] /a 5
[10/08/2014 13:28:04] /a 1
[10/08/2014 13:28:13] /c Rei da Buceta
[10/08/2014 13:28:48] /goto Darkness
[10/08/2014 13:29:32] /goto Drener
[10/08/2014 13:29:34] /goto Drenner
[10/08/2014 13:30:29] /goto Obscurity
[10/08/2014 13:30:50] /goto Shadow Ghost
[10/08/2014 13:30:54] /goto Shadowghost
[10/08/2014 13:31:01] /goto DarknessGhost
[10/08/2014 13:31:06] /goto Darkness Ghost
[10/08/2014 13:32:11] /goto Master Of Nature
[10/08/2014 13:43:51] /goto Tuquino
[10/08/2014 13:44:05] /c Rei Da Buceta
[11/08/2014 20:57:03] /goto The Ghost
[11/08/2014 20:57:10] /a 4
[11/08/2014 20:58:10] /c Rei da Buceta
