[04/07/2009 15:39:14] /a 20
[04/07/2009 15:39:27] /goto Rei Comedinha
[04/07/2009 15:39:38] /a 5
[04/07/2009 15:39:42] /a 5
[04/07/2009 15:40:01] /a 10
[04/07/2009 15:40:15] /ghost
[04/07/2009 15:40:20] /ghost
[04/07/2009 15:40:25] /a  10
[04/07/2009 15:41:03] /ghost
[04/07/2009 15:41:46] /bc Sou o novo GM, e vou fazer o que puder para ajudar esse server a crescer  ^^
[04/07/2009 15:42:03] /bc Tenham uma boa Tarde a todos.
[04/07/2009 15:42:16] /ghost
[04/07/2009 15:43:50] /bc By: GM Soul Kire:  Por favor pesso que não me pessao para dar itens ou upa lvl, pois é ilegal.
[04/07/2009 15:44:24] /bc Cualquer coisa desse o Rei se encarregará
[04/07/2009 15:45:58] /bc Dúvidas tirem no Help, ou falem diretamente com o Rei
[04/07/2009 15:47:38] /ghost
[04/07/2009 15:48:01] /goto Rei Comedinha
[04/07/2009 15:48:06] /ghost
[04/07/2009 15:56:12] /a 5
[04/07/2009 15:56:17] /a 5
[04/07/2009 15:57:11] /r
[04/07/2009 15:57:15] /r
[04/07/2009 15:57:38] /up
[04/07/2009 15:57:42] /down
[04/07/2009 15:58:25] /t
[04/07/2009 15:58:33] /a 3
[04/07/2009 15:59:19] /bc Todas as mulheres solteiras comparaçam ao Templo
[04/07/2009 15:59:58] /a 5
[04/07/2009 16:00:58] /goto GOD Kainho
[04/07/2009 16:01:00] /ghost
[04/07/2009 16:01:54] /kick Fawkinho
[04/07/2009 16:02:14] /kick Fawkinho
[04/07/2009 16:02:17] /kick Fawkinho
[04/07/2009 16:02:19] /kick Fawkinho
[04/07/2009 16:02:40] /b Fawkinho
[04/07/2009 16:05:03] /bc Por Favor, não mandem menssagens para os GM's, dúvidas no Help.
[04/07/2009 16:05:15] /ghost
[04/07/2009 16:06:44] /up
[04/07/2009 16:07:03] /m Assassin
[04/07/2009 16:07:08] /m Demon
[04/07/2009 16:07:13] /down
[04/07/2009 16:07:29] /a 1
[04/07/2009 16:07:29] /a 1
[04/07/2009 16:07:30] /a 1
[04/07/2009 16:07:30] /a 1
[04/07/2009 16:07:30] /a 1
[04/07/2009 16:07:30] /a 1
[04/07/2009 16:07:30] /a 1
[04/07/2009 16:07:30] /a 1
[04/07/2009 16:07:30] /a 1
[04/07/2009 16:07:30] /a 1
[04/07/2009 16:07:31] /a 1
[04/07/2009 16:07:33] /a 1
[04/07/2009 16:07:33] /a 1
[04/07/2009 16:07:33] /a 1
[04/07/2009 16:07:34] /a 1
[04/07/2009 16:07:36] /a 1
[04/07/2009 16:07:36] /a 1
[04/07/2009 16:07:36] /a 1
[04/07/2009 16:07:37] /a 1
[04/07/2009 16:07:37] /a 1
[04/07/2009 16:07:37] /a 1
[04/07/2009 16:07:37] /a 1
[04/07/2009 16:07:38] /a 1
[04/07/2009 16:07:38] /a 1
[04/07/2009 16:07:38] /a 1
[04/07/2009 16:07:39] /a 1
[04/07/2009 16:08:26] /ghost
[04/07/2009 16:08:28] /a 1
[04/07/2009 16:08:29] /a 1
[04/07/2009 16:08:29] /a 1
[04/07/2009 16:08:29] /a 1
[04/07/2009 16:08:29] /a 1
[04/07/2009 16:08:29] /a 1
[04/07/2009 16:08:29] /a 1
[04/07/2009 16:08:29] /a 1
[04/07/2009 16:08:29] /a 1
[04/07/2009 16:08:29] /a 1
[04/07/2009 16:08:29] /a 1
[04/07/2009 16:08:29] /a 1
[04/07/2009 16:08:29] /a 1
[04/07/2009 16:08:29] /a 1
[04/07/2009 16:08:31] /a 1
[04/07/2009 16:08:32] /a 1
[04/07/2009 16:08:33] /a 1
[04/07/2009 16:08:33] /a 1
[04/07/2009 16:08:33] /a 1
[04/07/2009 16:08:33] /a 1
[04/07/2009 16:08:34] /a 1
[04/07/2009 16:08:34] /a 1
[04/07/2009 16:08:34] /a 1
[04/07/2009 16:08:35] /a 1
[04/07/2009 16:08:35] /a 1
[04/07/2009 16:08:36] /a 1
[04/07/2009 16:08:39] /a 1
[04/07/2009 16:08:39] /a 1
[04/07/2009 16:09:15] /ghost
[04/07/2009 16:09:32] /a 3
[04/07/2009 16:09:38] /a 3
[04/07/2009 16:10:45] /up
[04/07/2009 16:11:00] /i 1988
[04/07/2009 16:11:13] /r
[04/07/2009 16:11:15] /down
[04/07/2009 16:11:24] /ghost
[04/07/2009 16:11:50] /c Gatinhas Pagodeiras
[04/07/2009 16:11:54] /ghost
[04/07/2009 16:12:14] /down
[04/07/2009 16:12:23] /t
[04/07/2009 16:13:24] /t
[04/07/2009 16:13:33] /t
[04/07/2009 16:13:36] /a 1
[04/07/2009 16:13:36] /a 1
[04/07/2009 16:13:36] /a 1
[04/07/2009 16:13:36] /a 1
[04/07/2009 16:13:36] /a 1
[04/07/2009 16:13:36] /a 1
[04/07/2009 16:13:36] /a 1
[04/07/2009 16:13:36] /a 1
[04/07/2009 16:13:36] /a 1
[04/07/2009 16:13:36] /a 1
[04/07/2009 16:13:37] /a 1
[04/07/2009 16:13:37] /a 1
[04/07/2009 16:13:37] /a 1
[04/07/2009 16:13:37] /a 1
[04/07/2009 16:13:37] /a 1
[04/07/2009 16:13:37] /a 1
[04/07/2009 16:13:37] /a 1
[04/07/2009 16:13:37] /a 1
[04/07/2009 16:13:37] /a 1
[04/07/2009 16:13:37] /a 1
[04/07/2009 16:13:37] /a 1
[04/07/2009 16:13:37] /a 1
[04/07/2009 16:13:37] /a 1
[04/07/2009 16:13:37] /a 1
[04/07/2009 16:13:37] /a 1
[04/07/2009 16:13:37] /a 1
[04/07/2009 16:13:37] /a 1
[04/07/2009 16:13:37] /a 1
[04/07/2009 16:13:37] /a 1
[04/07/2009 16:13:37] /a 1
[04/07/2009 16:13:37] /a 1
[04/07/2009 16:13:37] /a 1
[04/07/2009 16:13:37] /a 1
[04/07/2009 16:13:37] /a 1
[04/07/2009 16:13:37] /a 1
[04/07/2009 16:13:37] /a 1
[04/07/2009 16:13:37] /a 1
[04/07/2009 16:13:38] /a 1
[04/07/2009 16:13:38] /a 1
[04/07/2009 16:13:38] /a 1
[04/07/2009 16:13:38] /a 1
[04/07/2009 16:13:38] /a 1
[04/07/2009 16:13:39] /a 1
[04/07/2009 16:13:41] /a 1
[04/07/2009 16:13:42] /a 1
[04/07/2009 16:13:42] /a 1
[04/07/2009 16:13:42] /a 1
[04/07/2009 16:13:43] /a 1
[04/07/2009 16:13:48] /a 2
[04/07/2009 16:13:59] /a 5
[04/07/2009 16:14:21] /owner GM Soul Kire
[04/07/2009 16:14:26] /a 2
[04/07/2009 16:14:39] /ghost
[04/07/2009 16:14:42] /a 6
[04/07/2009 16:15:04] /a 5
[04/07/2009 16:15:41] /ghost
[04/07/2009 16:17:05] /i 2160
[04/07/2009 16:17:20] /i 2160
[04/07/2009 16:17:21] /i 2160
[04/07/2009 16:17:21] /i 2160
[04/07/2009 16:17:21] /i 2160
[04/07/2009 16:17:21] /i 2160
[04/07/2009 16:17:21] /i 2160
[04/07/2009 16:17:21] /i 2160
[04/07/2009 16:17:21] /i 2160
[04/07/2009 16:17:21] /i 2160
[04/07/2009 16:17:21] /i 2160
[04/07/2009 16:17:21] /i 2160
[04/07/2009 16:17:21] /i 2160
[04/07/2009 16:17:21] /i 2160
[04/07/2009 16:17:22] /i 2160
[04/07/2009 16:17:22] /i 2160
[04/07/2009 16:17:22] /i 2160
[04/07/2009 16:17:22] /i 2160
[04/07/2009 16:17:22] /i 2160
[04/07/2009 16:17:22] /i 2160
[04/07/2009 16:17:22] /i 2160
[04/07/2009 16:17:22] /i 2160
[04/07/2009 16:17:22] /i 2160
[04/07/2009 16:17:22] /i 2160
[04/07/2009 16:17:22] /i 2160
[04/07/2009 16:17:22] /i 2160
[04/07/2009 16:17:22] /i 2160
[04/07/2009 16:17:22] /i 2160
[04/07/2009 16:17:22] /i 2160
[04/07/2009 16:17:22] /i 2160
[04/07/2009 16:17:22] /i 2160
[04/07/2009 16:17:23] /i 2160
[04/07/2009 16:17:23] /i 2160
[04/07/2009 16:17:23] /i 2160
[04/07/2009 16:17:24] /i 2160
[04/07/2009 16:17:24] /i 2160
[04/07/2009 16:17:25] /i 2160
[04/07/2009 16:17:25] /i 2160
[04/07/2009 16:17:25] /i 2160
[04/07/2009 16:17:25] /i 2160
[04/07/2009 16:17:25] /i 2160
[04/07/2009 16:17:25] /i 2160
[04/07/2009 16:17:25] /i 2160
[04/07/2009 16:17:26] /i 2160
[04/07/2009 16:17:26] /i 2160
[04/07/2009 16:17:28] /i 2160
[04/07/2009 16:17:29] /i 2160
[04/07/2009 16:17:30] /i 2160
[04/07/2009 16:17:31] /i 2160
[04/07/2009 16:17:32] /i 2160
[04/07/2009 16:17:32] /i 2160
[04/07/2009 16:17:33] /i 2160
[04/07/2009 16:17:34] /i 2160
[04/07/2009 16:17:35] /i 2160
[04/07/2009 16:17:36] /i 2160
[04/07/2009 16:17:36] /i 2160
[04/07/2009 16:18:17] /i 2160
[04/07/2009 16:18:17] /i 2160
[04/07/2009 16:18:17] /i 2160
[04/07/2009 16:18:17] /i 2160
[04/07/2009 16:18:17] /i 2160
[04/07/2009 16:18:17] /i 2160
[04/07/2009 16:18:17] /i 2160
[04/07/2009 16:18:17] /i 2160
[04/07/2009 16:18:17] /i 2160
[04/07/2009 16:18:17] /i 2160
[04/07/2009 16:18:17] /i 2160
[04/07/2009 16:18:17] /i 2160
[04/07/2009 16:18:24] /r
[04/07/2009 16:18:25] /r
[04/07/2009 16:18:25] /r
[04/07/2009 16:18:25] /r
[04/07/2009 16:18:25] /r
[04/07/2009 16:18:25] /r
[04/07/2009 16:18:25] /r
[04/07/2009 16:18:25] /r
[04/07/2009 16:18:25] /r
[04/07/2009 16:18:25] /r
[04/07/2009 16:18:25] /r
[04/07/2009 16:18:25] /r
[04/07/2009 16:18:25] /r
[04/07/2009 16:18:25] /r
[04/07/2009 16:18:25] /r
[04/07/2009 16:18:25] /r
[04/07/2009 16:18:25] /r
[04/07/2009 16:18:26] /r
[04/07/2009 16:18:26] /r
[04/07/2009 16:18:26] /r
[04/07/2009 16:18:26] /r
[04/07/2009 16:18:26] /r
[04/07/2009 16:18:26] /r
[04/07/2009 16:18:26] /r
[04/07/2009 16:18:26] /r
[04/07/2009 16:18:26] /r
[04/07/2009 16:18:26] /r
[04/07/2009 16:18:26] /r
[04/07/2009 16:18:26] /r
[04/07/2009 16:18:26] /r
[04/07/2009 16:18:26] /r
[04/07/2009 16:18:26] /r
[04/07/2009 16:18:26] /r
[04/07/2009 16:18:26] /r
[04/07/2009 16:18:26] /r
[04/07/2009 16:18:26] /r
[04/07/2009 16:18:26] /r
[04/07/2009 16:18:26] /r
[04/07/2009 16:18:26] /r
[04/07/2009 16:18:26] /r
[04/07/2009 16:18:26] /r
[04/07/2009 16:18:26] /r
[04/07/2009 16:18:26] /r
[04/07/2009 16:18:26] /r
[04/07/2009 16:18:26] /r
[04/07/2009 16:18:26] /r
[04/07/2009 16:18:28] /r
[04/07/2009 16:18:29] /r
[04/07/2009 16:18:29] /r
[04/07/2009 16:18:30] /r
[04/07/2009 16:18:30] /r
[04/07/2009 16:18:31] /r
[04/07/2009 16:18:32] /r
[04/07/2009 16:18:32] /r
[04/07/2009 16:18:33] /r
[04/07/2009 16:18:33] /r
[04/07/2009 16:18:35] /r
[04/07/2009 16:18:35] /r
[04/07/2009 16:18:35] /r
[04/07/2009 16:18:35] /r
[04/07/2009 16:18:35] /r
[04/07/2009 16:18:35] /r
[04/07/2009 16:18:35] /r
[04/07/2009 16:18:35] /r
[04/07/2009 16:18:35] /r
[04/07/2009 16:18:35] /r
[04/07/2009 16:18:35] /r
[04/07/2009 16:18:35] /r
[04/07/2009 16:18:35] /r
[04/07/2009 16:18:35] /r
[04/07/2009 16:18:35] /r
[04/07/2009 16:18:35] /r
[04/07/2009 16:18:35] /r
[04/07/2009 16:18:35] /r
[04/07/2009 16:18:35] /r
[04/07/2009 16:18:35] /r
[04/07/2009 16:18:35] /r
[04/07/2009 16:18:35] /r
[04/07/2009 16:18:35] /r
[04/07/2009 16:18:35] /r
[04/07/2009 16:18:35] /r
[04/07/2009 16:18:35] /r
[04/07/2009 16:18:35] /r
[04/07/2009 16:18:35] /r
[04/07/2009 16:18:35] /r
[04/07/2009 16:18:35] /r
[04/07/2009 16:18:35] /r
[04/07/2009 16:18:35] /r
[04/07/2009 16:18:35] /r
[04/07/2009 16:18:35] /r
[04/07/2009 16:18:35] /r
[04/07/2009 16:18:35] /r
[04/07/2009 16:18:35] /r
[04/07/2009 16:18:35] /r
[04/07/2009 16:18:35] /r
[04/07/2009 16:18:35] /r
[04/07/2009 16:18:35] /r
[04/07/2009 16:18:35] /r
[04/07/2009 16:18:35] /r
[04/07/2009 16:18:35] /r
[04/07/2009 16:18:35] /r
[04/07/2009 16:18:35] /r
[04/07/2009 16:18:35] /r
[04/07/2009 16:18:35] /r
[04/07/2009 16:18:35] /r
[04/07/2009 16:18:35] /r
[04/07/2009 16:18:35] /r
[04/07/2009 16:18:35] /r
[04/07/2009 16:18:35] /r
[04/07/2009 16:18:35] /r
[04/07/2009 16:18:35] /r
[04/07/2009 16:18:35] /r
[04/07/2009 16:18:35] /r
[04/07/2009 16:18:35] /r
[04/07/2009 16:18:35] /r
[04/07/2009 16:18:35] /r
[04/07/2009 16:18:35] /r
[04/07/2009 16:18:35] /r
[04/07/2009 16:18:35] /r
[04/07/2009 16:18:35] /r
[04/07/2009 16:18:35] /r
[04/07/2009 16:18:35] /r
[04/07/2009 16:18:35] /r
[04/07/2009 16:18:35] /r
[04/07/2009 16:18:35] /r
[04/07/2009 16:18:35] /r
[04/07/2009 16:18:35] /r
[04/07/2009 16:18:35] /r
[04/07/2009 16:18:35] /r
[04/07/2009 16:18:35] /r
[04/07/2009 16:18:35] /r
[04/07/2009 16:18:35] /r
[04/07/2009 16:18:35] /r
[04/07/2009 16:18:35] /r
[04/07/2009 16:18:35] /r
[04/07/2009 16:18:35] /r
[04/07/2009 16:18:35] /r
[04/07/2009 16:18:35] /r
[04/07/2009 16:18:35] /r
[04/07/2009 16:18:35] /r
[04/07/2009 16:18:35] /r
[04/07/2009 16:18:35] /r
[04/07/2009 16:18:35] /r
[04/07/2009 16:18:35] /r
[04/07/2009 16:18:35] /r
[04/07/2009 16:18:35] /r
[04/07/2009 16:18:35] /r
[04/07/2009 16:18:35] /r
[04/07/2009 16:18:35] /r
[04/07/2009 16:18:35] /r
[04/07/2009 16:18:35] /r
[04/07/2009 16:18:35] /r
[04/07/2009 16:18:35] /r
[04/07/2009 16:18:35] /r
[04/07/2009 16:18:35] /r
[04/07/2009 16:18:35] /r
[04/07/2009 16:18:35] /r
[04/07/2009 16:18:35] /r
[04/07/2009 16:18:35] /r
[04/07/2009 16:18:35] /r
[04/07/2009 16:18:35] /r
[04/07/2009 16:18:35] /r
[04/07/2009 16:18:35] /r
[04/07/2009 16:18:35] /r
[04/07/2009 16:18:35] /r
[04/07/2009 16:18:35] /r
[04/07/2009 16:18:35] /r
[04/07/2009 16:18:35] /r
[04/07/2009 16:18:35] /r
[04/07/2009 16:18:35] /r
[04/07/2009 16:18:35] /r
[04/07/2009 16:18:35] /r
[04/07/2009 16:18:35] /r
[04/07/2009 16:18:35] /r
[04/07/2009 16:18:35] /r
[04/07/2009 16:18:35] /r
[04/07/2009 16:18:35] /r
[04/07/2009 16:18:35] /r
[04/07/2009 16:18:35] /r
[04/07/2009 16:18:35] /r
[04/07/2009 16:18:35] /r
[04/07/2009 16:18:35] /r
[04/07/2009 16:18:35] /r
[04/07/2009 16:18:35] /r
[04/07/2009 16:18:35] /r
[04/07/2009 16:18:35] /r
[04/07/2009 16:18:35] /r
[04/07/2009 16:18:35] /r
[04/07/2009 16:18:35] /r
[04/07/2009 16:18:35] /r
[04/07/2009 16:18:35] /r
[04/07/2009 16:18:35] /r
[04/07/2009 16:18:35] /r
[04/07/2009 16:18:35] /r
[04/07/2009 16:18:35] /r
[04/07/2009 16:18:35] /r
[04/07/2009 16:18:35] /r
[04/07/2009 16:18:35] /r
[04/07/2009 16:18:35] /r
[04/07/2009 16:18:35] /r
[04/07/2009 16:18:35] /r
[04/07/2009 16:18:35] /r
[04/07/2009 16:18:35] /r
[04/07/2009 16:18:35] /r
[04/07/2009 16:18:35] /r
[04/07/2009 16:18:35] /r
[04/07/2009 16:18:35] /r
[04/07/2009 16:18:35] /r
[04/07/2009 16:18:35] /r
[04/07/2009 16:18:35] /r
[04/07/2009 16:18:35] /r
[04/07/2009 16:18:35] /r
[04/07/2009 16:18:35] /r
[04/07/2009 16:18:35] /r
[04/07/2009 16:18:35] /r
[04/07/2009 16:18:35] /r
[04/07/2009 16:18:35] /r
[04/07/2009 16:18:35] /r
[04/07/2009 16:18:35] /r
[04/07/2009 16:18:35] /r
[04/07/2009 16:18:35] /r
[04/07/2009 16:18:35] /r
[04/07/2009 16:18:35] /r
[04/07/2009 16:18:35] /r
[04/07/2009 16:18:35] /r
[04/07/2009 16:18:35] /r
[04/07/2009 16:18:35] /r
[04/07/2009 16:18:35] /r
[04/07/2009 16:18:35] /r
[04/07/2009 16:18:35] /r
[04/07/2009 16:18:35] /r
[04/07/2009 16:18:35] /r
[04/07/2009 16:18:35] /r
[04/07/2009 16:18:35] /r
[04/07/2009 16:18:35] /r
[04/07/2009 16:18:35] /r
[04/07/2009 16:18:35] /r
[04/07/2009 16:18:35] /r
[04/07/2009 16:18:35] /r
[04/07/2009 16:18:35] /r
[04/07/2009 16:18:35] /r
[04/07/2009 16:18:35] /r
[04/07/2009 16:18:35] /r
[04/07/2009 16:18:35] /r
[04/07/2009 16:18:35] /r
[04/07/2009 16:18:35] /r
[04/07/2009 16:18:35] /r
[04/07/2009 16:18:35] /r
[04/07/2009 16:18:35] /r
[04/07/2009 16:18:35] /r
[04/07/2009 16:18:35] /r
[04/07/2009 16:18:35] /r
[04/07/2009 16:18:35] /r
[04/07/2009 16:18:35] /r
[04/07/2009 16:18:35] /r
[04/07/2009 16:18:35] /r
[04/07/2009 16:18:35] /r
[04/07/2009 16:18:35] /r
[04/07/2009 16:18:35] /r
[04/07/2009 16:18:35] /r
[04/07/2009 16:18:35] /r
[04/07/2009 16:18:35] /r
[04/07/2009 16:18:35] /r
[04/07/2009 16:18:35] /r
[04/07/2009 16:18:35] /r
[04/07/2009 16:18:35] /r
[04/07/2009 16:18:35] /r
[04/07/2009 16:18:35] /r
[04/07/2009 16:18:35] /r
[04/07/2009 16:18:35] /r
[04/07/2009 16:18:35] /r
[04/07/2009 16:18:35] /r
[04/07/2009 16:18:35] /r
[04/07/2009 16:18:35] /r
[04/07/2009 16:18:35] /r
[04/07/2009 16:18:35] /r
[04/07/2009 16:18:35] /r
[04/07/2009 16:18:35] /r
[04/07/2009 16:18:35] /r
[04/07/2009 16:18:35] /r
[04/07/2009 16:18:35] /r
[04/07/2009 16:18:35] /r
[04/07/2009 16:18:35] /r
[04/07/2009 16:18:35] /r
[04/07/2009 16:18:35] /r
[04/07/2009 16:18:35] /r
[04/07/2009 16:18:35] /r
[04/07/2009 16:18:35] /r
[04/07/2009 16:18:35] /r
[04/07/2009 16:18:35] /r
[04/07/2009 16:18:35] /r
[04/07/2009 16:18:35] /r
[04/07/2009 16:18:35] /r
[04/07/2009 16:18:35] /r
[04/07/2009 16:18:35] /r
[04/07/2009 16:18:35] /r
[04/07/2009 16:18:35] /r
[04/07/2009 16:18:35] /r
[04/07/2009 16:18:35] /r
[04/07/2009 16:18:35] /r
[04/07/2009 16:18:35] /r
[04/07/2009 16:18:35] /r
[04/07/2009 16:18:35] /r
[04/07/2009 16:18:35] /r
[04/07/2009 16:18:35] /r
[04/07/2009 16:18:35] /r
[04/07/2009 16:18:35] /r
[04/07/2009 16:18:35] /r
[04/07/2009 16:18:35] /r
[04/07/2009 16:18:35] /r
[04/07/2009 16:18:35] /r
[04/07/2009 16:18:35] /r
[04/07/2009 16:18:35] /r
[04/07/2009 16:18:35] /r
[04/07/2009 16:18:35] /r
[04/07/2009 16:18:35] /r
[04/07/2009 16:18:36] /r
[04/07/2009 16:18:36] /r
[04/07/2009 16:18:36] /r
[04/07/2009 16:18:36] /r
[04/07/2009 16:18:36] /r
[04/07/2009 16:18:36] /r
[04/07/2009 16:18:36] /r
[04/07/2009 16:18:36] /r
[04/07/2009 16:18:36] /r
[04/07/2009 16:18:36] /r
[04/07/2009 16:18:36] /r
[04/07/2009 16:18:36] /r
[04/07/2009 16:18:36] /r
[04/07/2009 16:18:36] /r
[04/07/2009 16:18:36] /r
[04/07/2009 16:18:36] /r
[04/07/2009 16:18:36] /r
[04/07/2009 16:18:36] /r
[04/07/2009 16:18:36] /r
[04/07/2009 16:18:36] /r
[04/07/2009 16:18:36] /r
[04/07/2009 16:18:36] /r
[04/07/2009 16:18:36] /r
[04/07/2009 16:18:36] /r
[04/07/2009 16:18:36] /r
[04/07/2009 16:18:37] /r
[04/07/2009 16:18:37] /r
[04/07/2009 16:18:37] /r
[04/07/2009 16:18:37] /r
[04/07/2009 16:18:37] /r
[04/07/2009 16:18:37] /r
[04/07/2009 16:18:37] /r
[04/07/2009 16:18:37] /r
[04/07/2009 16:18:37] /r
[04/07/2009 16:18:37] /r
[04/07/2009 16:18:37] /r
[04/07/2009 16:18:37] /r
[04/07/2009 16:18:37] /r
[04/07/2009 16:18:37] /r
[04/07/2009 16:18:37] /r
[04/07/2009 16:18:37] /r
[04/07/2009 16:18:37] /r
[04/07/2009 16:18:37] /r
[04/07/2009 16:18:37] /r
[04/07/2009 16:18:37] /r
[04/07/2009 16:18:37] /r
[04/07/2009 16:18:37] /r
[04/07/2009 16:18:37] /r
[04/07/2009 16:18:37] /r
[04/07/2009 16:18:37] /r
[04/07/2009 16:18:37] /r
[04/07/2009 16:18:37] /r
[04/07/2009 16:18:37] /r
[04/07/2009 16:18:37] /r
[04/07/2009 16:18:37] /r
[04/07/2009 16:18:37] /r
[04/07/2009 16:18:37] /r
[04/07/2009 16:18:37] /r
[04/07/2009 16:18:38] /r
[04/07/2009 16:18:38] /r
[04/07/2009 16:18:38] /r
[04/07/2009 16:18:38] /r
[04/07/2009 16:18:38] /r
[04/07/2009 16:18:38] /r
[04/07/2009 16:18:38] /r
[04/07/2009 16:18:38] /r
[04/07/2009 16:18:38] /r
[04/07/2009 16:18:38] /r
[04/07/2009 16:18:38] /r
[04/07/2009 16:18:38] /r
[04/07/2009 16:18:38] /r
[04/07/2009 16:18:38] /r
[04/07/2009 16:18:38] /r
[04/07/2009 16:18:38] /r
[04/07/2009 16:18:38] /r
[04/07/2009 16:18:38] /r
[04/07/2009 16:18:38] /r
[04/07/2009 16:18:38] /r
[04/07/2009 16:18:38] /r
[04/07/2009 16:18:38] /r
[04/07/2009 16:18:38] /r
[04/07/2009 16:18:38] /r
[04/07/2009 16:18:38] /r
[04/07/2009 16:18:38] /r
[04/07/2009 16:18:38] /r
[04/07/2009 16:18:38] /r
[04/07/2009 16:18:38] /r
[04/07/2009 16:18:38] /r
[04/07/2009 16:18:38] /r
[04/07/2009 16:18:38] /r
[04/07/2009 16:18:38] /r
[04/07/2009 16:18:38] /r
[04/07/2009 16:18:38] /r
[04/07/2009 16:18:38] /r
[04/07/2009 16:18:38] /r
[04/07/2009 16:18:39] /r
[04/07/2009 16:18:39] /r
[04/07/2009 16:18:39] /r
[04/07/2009 16:18:39] /r
[04/07/2009 16:18:39] /r
[04/07/2009 16:18:39] /r
[04/07/2009 16:18:39] /r
[04/07/2009 16:18:39] /r
[04/07/2009 16:18:39] /r
[04/07/2009 16:18:39] /r
[04/07/2009 16:18:39] /r
[04/07/2009 16:18:39] /r
[04/07/2009 16:18:39] /r
[04/07/2009 16:18:39] /r
[04/07/2009 16:18:39] /r
[04/07/2009 16:18:39] /r
[04/07/2009 16:18:39] /r
[04/07/2009 16:18:39] /r
[04/07/2009 16:18:39] /r
[04/07/2009 16:18:39] /r
[04/07/2009 16:18:39] /r
[04/07/2009 16:18:39] /r
[04/07/2009 16:18:39] /r
[04/07/2009 16:18:39] /r
[04/07/2009 16:18:39] /r
[04/07/2009 16:18:40] /r
[04/07/2009 16:18:40] /r
[04/07/2009 16:18:40] /r
[04/07/2009 16:18:40] /r
[04/07/2009 16:18:40] /r
[04/07/2009 16:18:40] /r
[04/07/2009 16:18:40] /r
[04/07/2009 16:18:40] /r
[04/07/2009 16:18:40] /r
[04/07/2009 16:18:40] /r
[04/07/2009 16:18:40] /r
[04/07/2009 16:18:40] /r
[04/07/2009 16:18:40] /r
[04/07/2009 16:18:40] /r
[04/07/2009 16:18:40] /r
[04/07/2009 16:18:40] /r
[04/07/2009 16:18:40] /r
[04/07/2009 16:18:40] /r
[04/07/2009 16:18:40] /r
[04/07/2009 16:18:40] /r
[04/07/2009 16:18:40] /r
[04/07/2009 16:18:40] /r
[04/07/2009 16:18:40] /r
[04/07/2009 16:18:40] /r
[04/07/2009 16:18:40] /r
[04/07/2009 16:18:40] /r
[04/07/2009 16:18:40] /r
[04/07/2009 16:18:40] /r
[04/07/2009 16:18:40] /r
[04/07/2009 16:18:40] /r
[04/07/2009 16:18:40] /r
[04/07/2009 16:18:40] /r
[04/07/2009 16:18:40] /r
[04/07/2009 16:18:40] /r
[04/07/2009 16:18:40] /r
[04/07/2009 16:18:41] /r
[04/07/2009 16:18:41] /r
[04/07/2009 16:18:41] /r
[04/07/2009 16:18:41] /r
[04/07/2009 16:18:41] /r
[04/07/2009 16:18:41] /r
[04/07/2009 16:18:41] /r
[04/07/2009 16:18:41] /r
[04/07/2009 16:18:41] /r
[04/07/2009 16:18:41] /r
[04/07/2009 16:18:41] /r
[04/07/2009 16:18:41] /r
[04/07/2009 16:18:41] /r
[04/07/2009 16:18:41] /r
[04/07/2009 16:21:02] /a 5
[04/07/2009 16:21:11] /a 1
[04/07/2009 16:21:38] /a 4
[04/07/2009 16:22:52] /t
[04/07/2009 16:22:57] /a 5
[04/07/2009 16:23:01] /a 10
[04/07/2009 16:24:19] /ghost
[04/07/2009 16:24:55] /a 5
[04/07/2009 16:25:27] /t
[04/07/2009 16:26:23] /up
[04/07/2009 16:26:24] /up
[04/07/2009 16:26:31] /up
[04/07/2009 16:26:33] /a 2
[04/07/2009 16:27:47] /ghost
[04/07/2009 16:28:26] /t
[04/07/2009 16:28:33] /a 5
[04/07/2009 16:28:36] /a 5
[04/07/2009 16:28:38] /a 3
[04/07/2009 16:29:30] /r
[04/07/2009 16:29:39] /clean
[04/07/2009 16:31:17] /goto Rei Comedinha
[04/07/2009 16:31:37] /a 5
[04/07/2009 16:34:16] /ghost
[04/07/2009 16:35:34] /goto Princesa Juh
[04/07/2009 16:35:39] /ghost
[04/07/2009 16:36:02] /a 55
[04/07/2009 16:36:04] /a 10
[04/07/2009 16:37:14] /goto GOD Kainho
[04/07/2009 16:38:14] /bc Clean in 10 seconds.
[04/07/2009 16:38:27] /clean
[04/07/2009 16:39:07] /bc Achem o GOD e ganhe prêmos !
[04/07/2009 16:40:08] /a 3
[04/07/2009 16:40:35] /bc 16:40 World type is currently set to No-PVP.
[04/07/2009 16:41:59] /ghost
[04/07/2009 16:42:39] /bc "Invasão de 2 Demon na City, quem achar eles escondidos pela city ganha 1kk.
[04/07/2009 16:42:58] /m Demon
[04/07/2009 16:43:02] /m Demon
[04/07/2009 16:43:23] /bc Uma pesoa achou
[04/07/2009 16:43:48] /bc Quem matar os Demons, iram ganha 1kk
[04/07/2009 16:44:03] /a 2
[04/07/2009 16:44:11] /t
[04/07/2009 16:44:15] /a 10
[04/07/2009 16:44:19] /a 1
[04/07/2009 16:44:30] /a 2
[04/07/2009 16:44:32] /up
[04/07/2009 16:44:33] /up
[04/07/2009 16:44:39] /c Lewo
[04/07/2009 16:45:13] /i 2160
[04/07/2009 16:45:27] /t
[04/07/2009 16:45:52] /bc Lewo ganho o Evento "ACHE OS 2 LOST DEMONS"
[04/07/2009 16:46:09] /bc Seu prêmio foi 1kk
[04/07/2009 16:46:18] /bc Parabéns ao ganhador
[04/07/2009 16:46:55] /a 10
[04/07/2009 16:47:12] /a 5
[04/07/2009 16:47:16] /a 4
[04/07/2009 16:47:26] /r
[04/07/2009 16:47:38] /i 4645
[04/07/2009 16:47:49] /c Anjo Da Morte
[04/07/2009 16:47:52] /a 10
[04/07/2009 16:48:11] /i 4609
[04/07/2009 16:48:12] /i 4609
[04/07/2009 16:48:14] /i 4609
[04/07/2009 16:48:15] /i 4609
[04/07/2009 16:48:16] /i 4609
[04/07/2009 16:48:45] /i 4647
[04/07/2009 16:48:57] /t
[04/07/2009 16:49:09] /ghost
[04/07/2009 16:49:27] /goto GM Andre
[04/07/2009 16:51:02] /a Sorcerer
[04/07/2009 16:51:09] /goto Sorcerer
[04/07/2009 16:51:47] /a 2
[04/07/2009 16:51:49] /a 2
[04/07/2009 16:52:32] /ghost
[04/07/2009 16:52:57] /goto GM Andre
[04/07/2009 16:53:02] /ghost
[04/07/2009 16:53:18] /bc Jah acharam o bixo  ^^
[04/07/2009 16:53:25] /bc tah matando ele
[04/07/2009 16:53:45] /bc AE!!!!!!
[04/07/2009 16:54:50] /bc Evento Demons and Mages está ocorrendo   ;D
[04/07/2009 16:55:08] /t
[04/07/2009 16:55:12] /goto GM Andre
[04/07/2009 16:55:59] /kick Major Jhony
[04/07/2009 16:57:46] /goto Rei Comedinha
[04/07/2009 16:58:55] /bc EVENTO FUTIBIA!!!!
[04/07/2009 16:59:55] /bc Ocorrerá um evento de FUTEBOL, no campo de Futebol!
[04/07/2009 17:00:16] /c GM André
[04/07/2009 17:00:33] /a 2
[04/07/2009 17:00:42] /ghost
[04/07/2009 17:00:44] /a 10
[04/07/2009 17:01:01] /ghost
[04/07/2009 17:02:45] /i 1600
[04/07/2009 17:03:23] /c GM Andre
[04/07/2009 17:05:46] /bc Quem feis os demons no campo?
[04/07/2009 17:06:42] /i 1600
[04/07/2009 17:06:51] /c Sorcerer
[04/07/2009 17:06:58] /c Lewo
[04/07/2009 17:07:07] /c Kainho xd
[04/07/2009 17:07:09] /a 2
[04/07/2009 17:07:21] /a 2
[04/07/2009 17:07:30] /c Viuva Negra
[04/07/2009 17:07:32] /ghost
[04/07/2009 17:07:36] /a 2
[04/07/2009 17:07:42] /a 2
[04/07/2009 17:07:47] /c Magnu Druid
[04/07/2009 17:07:49] /a 2
[04/07/2009 17:08:03] /a 2
[04/07/2009 17:08:11] /c Jack Paruduine
[04/07/2009 17:08:51] /b ?
[04/07/2009 17:09:00] /goto Rei Comidinha
[04/07/2009 17:09:48] /c GM Andre
[04/07/2009 17:10:28] /ghost
[04/07/2009 17:10:54] /b 17:09 Alissow Ots [10]: desgraçado
[04/07/2009 17:11:01] /b 17:09 Alissow Ots [10]: gay 17:09 Alissow Ots [10]: viado
[04/07/2009 17:11:13] /b Suspeita de ban por xinga o GM
[04/07/2009 17:11:21] /ghost
[04/07/2009 17:11:22] /t
[04/07/2009 17:11:32] /a 10
[04/07/2009 17:12:08] /ghost
[04/07/2009 17:14:31] /goto Sorcerer
[04/07/2009 17:14:57] /a 3
[04/07/2009 17:15:10] /a 4
[04/07/2009 17:15:18] /r
[04/07/2009 17:18:11] /goto GM Andre
[04/07/2009 17:18:18] /c Sorcerer
[04/07/2009 17:18:23] /ghost
[04/07/2009 17:19:17] /i 1006
[04/07/2009 17:19:25] /i 1600
[04/07/2009 17:19:29] /ghost
[04/07/2009 17:20:19] /ghost
[04/07/2009 17:22:00] /b EVENTO GHAZ! IN CAMP!
[04/07/2009 17:22:29] /b NGM GANHO
[04/07/2009 17:22:36] /b Que pena
[04/07/2009 17:23:11] /b EVENTO GNAHZ EM CAMPO, QUEM QUIZER VIM FALE CUM O GM Andre!
[04/07/2009 17:23:22] /c Lewo
[04/07/2009 17:23:25] /c Sorcerer
[04/07/2009 17:23:29] /c Magnu Druid
[04/07/2009 17:23:35] /c Major Jhnoy
[04/07/2009 17:23:58] /r
[04/07/2009 17:24:15] /r
[04/07/2009 17:24:18] /clean
[04/07/2009 17:24:23] /r
[04/07/2009 17:24:41] /b CABO O EVENTO!
[04/07/2009 17:34:37] /ghost
[04/07/2009 17:35:08] /bc 17:34 16 player(s) online: 17:34 Sorcerer [168], Rei Comedinha [32], Kainho xd [617], Knight Rilex [51], Cigano [436], GM Andre [26], Dark Lord Eduardo [238], 17:34 Princesa Juh [32], Rainha Lady Queen [10], Filho do Dracula [63], Major Jhony [21], Ma
[04/07/2009 17:35:36] /goto Sorcerer
[04/07/2009 17:36:27] /clean
[04/07/2009 17:36:42] /m Demon
[04/07/2009 17:37:07] /kick Kainho xd
[04/07/2009 17:37:35] /goto Princesa Juh
[04/07/2009 17:39:33] /a 20
[04/07/2009 17:39:38] /a 20
[04/07/2009 17:39:46] /a 6
[04/07/2009 17:40:06] /a 10
[04/07/2009 17:40:21] /ghost
[04/07/2009 17:40:27] /t
[04/07/2009 17:40:43] /ghost
[04/07/2009 17:41:39] /a 3
[04/07/2009 17:42:04] /kick Kainho xd
[04/07/2009 17:42:15] /r
[04/07/2009 17:42:23] /up
[04/07/2009 17:43:25] /a 3
[04/07/2009 17:43:28] /ghost
[04/07/2009 17:43:50] /ghost
[04/07/2009 17:43:58] /c Sorcerer
[04/07/2009 17:44:03] /c Sorcerer
[04/07/2009 17:44:12] /c Sorcerer
[04/07/2009 17:45:34] /r
[04/07/2009 17:46:10] /goto GM Andre
[04/07/2009 17:46:29] /a 10
[04/07/2009 17:46:32] /a 2
[04/07/2009 17:46:54] /a 3
[04/07/2009 17:46:56] /a 5
[04/07/2009 17:46:58] /a 10
[04/07/2009 17:47:08] /i 1547
[04/07/2009 17:47:51] /r
[04/07/2009 17:47:58] /r
[04/07/2009 17:48:25] /m Demon
[04/07/2009 17:48:39] /c Ryukendo
[04/07/2009 17:49:27] /r
[04/07/2009 17:49:30] /r
[04/07/2009 17:49:57] /i 1988
[04/07/2009 17:50:05] /i 1988
[04/07/2009 17:50:08] /i 1988
[04/07/2009 17:50:09] /i 1988
[04/07/2009 17:50:09] /i 1988
[04/07/2009 17:50:10] /i 1988
[04/07/2009 17:50:10] /i 1988
[04/07/2009 17:50:10] /i 1988
[04/07/2009 17:50:10] /i 1988
[04/07/2009 17:50:10] /i 1988
[04/07/2009 17:50:10] /i 1988
[04/07/2009 17:50:10] /i 1988
[04/07/2009 17:50:10] /i 1988
[04/07/2009 17:50:10] /i 1988
[04/07/2009 17:50:10] /i 1988
[04/07/2009 17:50:10] /i 1988
[04/07/2009 17:50:10] /i 1988
[04/07/2009 17:50:10] /i 1988
[04/07/2009 17:50:10] /i 1988
[04/07/2009 17:50:10] /i 1988
[04/07/2009 17:50:10] /i 1988
[04/07/2009 17:50:10] /i 1988
[04/07/2009 17:50:10] /i 1988
[04/07/2009 17:50:11] /i 1988
[04/07/2009 17:50:11] /i 1988
[04/07/2009 17:50:11] /i 1988
[04/07/2009 17:50:11] /i 1988
[04/07/2009 17:50:11] /i 1988
[04/07/2009 17:50:11] /i 1988
[04/07/2009 17:50:11] /i 1988
[04/07/2009 17:50:11] /i 1988
[04/07/2009 17:50:11] /i 1988
[04/07/2009 17:50:11] /i 1988
[04/07/2009 17:50:11] /i 1988
[04/07/2009 17:50:11] /i 1988
[04/07/2009 17:50:11] /i 1988
[04/07/2009 17:50:11] /i 1988
[04/07/2009 17:50:11] /i 1988
[04/07/2009 17:50:11] /i 1988
[04/07/2009 17:50:11] /i 1988
[04/07/2009 17:50:11] /i 1988
[04/07/2009 17:50:11] /i 1988
[04/07/2009 17:50:11] /i 1988
[04/07/2009 17:50:11] /i 1988
[04/07/2009 17:50:11] /i 1988
[04/07/2009 17:50:11] /i 1988
[04/07/2009 17:50:11] /i 1988
[04/07/2009 17:50:11] /i 1988
[04/07/2009 17:50:11] /i 1988
[04/07/2009 17:50:11] /i 1988
[04/07/2009 17:50:11] /i 1988
[04/07/2009 17:50:11] /i 1988
[04/07/2009 17:50:11] /i 1988
[04/07/2009 17:50:11] /i 1988
[04/07/2009 17:50:11] /i 1988
[04/07/2009 17:50:12] /i 1988
[04/07/2009 17:50:12] /i 1988
[04/07/2009 17:50:12] /i 1988
[04/07/2009 17:50:12] /i 1988
[04/07/2009 17:50:12] /i 1988
[04/07/2009 17:50:12] /i 1988
[04/07/2009 17:50:12] /i 1988
[04/07/2009 17:50:12] /i 1988
[04/07/2009 17:50:12] /i 1988
[04/07/2009 17:50:12] /i 1988
[04/07/2009 17:50:12] /i 1988
[04/07/2009 17:50:12] /i 1988
[04/07/2009 17:50:12] /i 1988
[04/07/2009 17:50:12] /i 1988
[04/07/2009 17:50:12] /i 1988
[04/07/2009 17:50:12] /i 1988
[04/07/2009 17:50:12] /i 1988
[04/07/2009 17:50:12] /i 1988
[04/07/2009 17:50:12] /i 1988
[04/07/2009 17:50:13] /i 1988
[04/07/2009 17:50:13] /i 1988
[04/07/2009 17:50:13] /i 1988
[04/07/2009 17:50:13] /i 1988
[04/07/2009 17:50:13] /i 1988
[04/07/2009 17:50:13] /i 1988
[04/07/2009 17:50:13] /i 1988
[04/07/2009 17:50:13] /i 1988
[04/07/2009 17:50:13] /i 1988
[04/07/2009 17:50:13] /i 1988
[04/07/2009 17:50:13] /i 1988
[04/07/2009 17:50:13] /i 1988
[04/07/2009 17:50:13] /i 1988
[04/07/2009 17:50:13] /i 1988
[04/07/2009 17:50:13] /i 1988
[04/07/2009 17:50:13] /i 1988
[04/07/2009 17:50:13] /i 1988
[04/07/2009 17:50:13] /i 1988
[04/07/2009 17:50:13] /i 1988
[04/07/2009 17:50:13] /i 1988
[04/07/2009 17:50:13] /i 1988
[04/07/2009 17:50:13] /i 1988
[04/07/2009 17:50:13] /i 1988
[04/07/2009 17:50:13] /i 1988
[04/07/2009 17:50:13] /i 1988
[04/07/2009 17:50:14] /i 1988
[04/07/2009 17:50:14] /i 1988
[04/07/2009 17:50:15] /i 1988
[04/07/2009 17:50:15] /i 1988
[04/07/2009 17:50:15] /i 1988
[04/07/2009 17:50:15] /i 1988
[04/07/2009 17:50:15] /i 1988
[04/07/2009 17:50:15] /i 1988
[04/07/2009 17:50:15] /i 1988
[04/07/2009 17:50:15] /i 1988
[04/07/2009 17:50:15] /i 1988
[04/07/2009 17:50:15] /i 1988
[04/07/2009 17:50:15] /i 1988
[04/07/2009 17:50:15] /i 1988
[04/07/2009 17:50:15] /i 1988
[04/07/2009 17:50:15] /i 1988
[04/07/2009 17:50:15] /i 1988
[04/07/2009 17:50:15] /i 1988
[04/07/2009 17:50:15] /i 1988
[04/07/2009 17:50:16] /i 1988
[04/07/2009 17:50:16] /i 1988
[04/07/2009 17:50:16] /i 1988
[04/07/2009 17:50:16] /i 1988
[04/07/2009 17:50:16] /i 1988
[04/07/2009 17:50:16] /i 1988
[04/07/2009 17:50:16] /i 1988
[04/07/2009 17:50:16] /i 1988
[04/07/2009 17:50:16] /i 1988
[04/07/2009 17:50:16] /i 1988
[04/07/2009 17:50:16] /i 1988
[04/07/2009 17:50:16] /i 1988
[04/07/2009 17:50:16] /i 1988
[04/07/2009 17:50:16] /i 1988
[04/07/2009 17:50:16] /i 1988
[04/07/2009 17:50:16] /i 1988
[04/07/2009 17:50:16] /i 1988
[04/07/2009 17:50:16] /i 1988
[04/07/2009 17:50:16] /i 1988
[04/07/2009 17:50:16] /i 1988
[04/07/2009 17:50:16] /i 1988
[04/07/2009 17:50:16] /i 1988
[04/07/2009 17:50:16] /i 1988
[04/07/2009 17:50:16] /i 1988
[04/07/2009 17:50:16] /i 1988
[04/07/2009 17:50:16] /i 1988
[04/07/2009 17:50:16] /i 1988
[04/07/2009 17:50:17] /i 1988
[04/07/2009 17:50:17] /i 1988
[04/07/2009 17:50:17] /i 1988
[04/07/2009 17:50:17] /i 1988
[04/07/2009 17:50:17] /i 1988
[04/07/2009 17:50:17] /i 1988
[04/07/2009 17:50:17] /i 1988
[04/07/2009 17:50:17] /i 1988
[04/07/2009 17:50:17] /i 1988
[04/07/2009 17:50:17] /i 1988
[04/07/2009 17:50:17] /i 1988
[04/07/2009 17:50:17] /i 1988
[04/07/2009 17:50:17] /i 1988
[04/07/2009 17:50:17] /i 1988
[04/07/2009 17:50:17] /i 1988
[04/07/2009 17:50:17] /i 1988
[04/07/2009 17:50:17] /i 1988
[04/07/2009 17:50:17] /i 1988
[04/07/2009 17:50:17] /i 1988
[04/07/2009 17:50:17] /i 1988
[04/07/2009 17:50:17] /i 1988
[04/07/2009 17:50:17] /i 1988
[04/07/2009 17:50:17] /i 1988
[04/07/2009 17:50:17] /i 1988
[04/07/2009 17:50:17] /i 1988
[04/07/2009 17:50:17] /i 1988
[04/07/2009 17:50:17] /i 1988
[04/07/2009 17:50:18] /i 1988
[04/07/2009 17:50:18] /i 1988
[04/07/2009 17:50:18] /i 1988
[04/07/2009 17:50:18] /i 1988
[04/07/2009 17:50:18] /i 1988
[04/07/2009 17:50:18] /i 1988
[04/07/2009 17:50:18] /i 1988
[04/07/2009 17:50:18] /i 1988
[04/07/2009 17:50:18] /i 1988
[04/07/2009 17:50:18] /i 1988
[04/07/2009 17:50:18] /i 1988
[04/07/2009 17:50:18] /i 1988
[04/07/2009 17:50:18] /i 1988
[04/07/2009 17:50:18] /i 1988
[04/07/2009 17:50:18] /i 1988
[04/07/2009 17:50:18] /i 1988
[04/07/2009 17:50:18] /i 1988
[04/07/2009 17:50:18] /i 1988
[04/07/2009 17:50:18] /i 1988
[04/07/2009 17:50:18] /i 1988
[04/07/2009 17:50:18] /i 1988
[04/07/2009 17:50:18] /i 1988
[04/07/2009 17:50:19] /i 1988
[04/07/2009 17:50:19] /i 1988
[04/07/2009 17:50:19] /i 1988
[04/07/2009 17:50:19] /i 1988
[04/07/2009 17:50:19] /i 1988
[04/07/2009 17:50:19] /i 1988
[04/07/2009 17:50:19] /i 1988
[04/07/2009 17:50:19] /i 1988
[04/07/2009 17:50:19] /i 1988
[04/07/2009 17:50:19] /i 1988
[04/07/2009 17:50:19] /i 1988
[04/07/2009 17:50:19] /i 1988
[04/07/2009 17:50:19] /i 1988
[04/07/2009 17:50:20] /i 1988
[04/07/2009 17:50:20] /i 1988
[04/07/2009 17:50:22] /i 1988
[04/07/2009 17:50:22] /i 1988
[04/07/2009 17:50:22] /i 1988
[04/07/2009 17:50:22] /i 1988
[04/07/2009 17:50:22] /i 1988
[04/07/2009 17:50:22] /i 1988
[04/07/2009 17:50:22] /i 1988
[04/07/2009 17:50:22] /i 1988
[04/07/2009 17:50:22] /i 1988
[04/07/2009 17:50:22] /i 1988
[04/07/2009 17:50:23] /i 1988
[04/07/2009 17:50:23] /i 1988
[04/07/2009 17:50:23] /i 1988
[04/07/2009 17:50:23] /i 1988
[04/07/2009 17:50:31] /i 1988
[04/07/2009 17:50:45] /i 1988
[04/07/2009 17:50:45] /i 1988
[04/07/2009 17:50:45] /i 1988
[04/07/2009 17:50:54] /i 1988
[04/07/2009 17:50:54] /i 1988
[04/07/2009 17:50:54] /i 1988
[04/07/2009 17:50:54] /i 1988
[04/07/2009 17:50:55] /i 1988
[04/07/2009 17:50:55] /i 1988
[04/07/2009 17:50:55] /i 1988
[04/07/2009 17:50:55] /i 1988
[04/07/2009 17:50:55] /i 1988
[04/07/2009 17:50:55] /i 1988
[04/07/2009 17:50:55] /i 1988
[04/07/2009 17:50:55] /i 1988
[04/07/2009 17:50:55] /i 1988
[04/07/2009 17:50:56] /i 1988
[04/07/2009 17:50:56] /i 1988
[04/07/2009 17:50:56] /i 1988
[04/07/2009 17:50:56] /i 1988
[04/07/2009 17:50:56] /i 1988
[04/07/2009 17:50:56] /i 1988
[04/07/2009 17:51:21] /i 1988
[04/07/2009 17:51:21] /i 1988
[04/07/2009 17:51:21] /i 1988
[04/07/2009 17:51:22] /i 1988
[04/07/2009 17:51:22] /i 1988
[04/07/2009 17:51:22] /i 1988
[04/07/2009 17:51:22] /i 1988
[04/07/2009 17:51:22] /i 1988
[04/07/2009 17:51:22] /i 1988
[04/07/2009 17:51:22] /i 1988
[04/07/2009 17:51:22] /i 1988
[04/07/2009 17:51:22] /i 1988
[04/07/2009 17:51:22] /i 1988
[04/07/2009 17:51:22] /i 1988
[04/07/2009 17:51:22] /i 1988
[04/07/2009 17:51:22] /i 1988
[04/07/2009 17:51:22] /i 1988
[04/07/2009 17:51:22] /i 1988
[04/07/2009 17:51:22] /i 1988
[04/07/2009 17:51:22] /i 1988
[04/07/2009 17:51:22] /i 1988
[04/07/2009 17:51:22] /i 1988
[04/07/2009 17:51:22] /i 1988
[04/07/2009 17:51:22] /i 1988
[04/07/2009 17:51:22] /i 1988
[04/07/2009 17:51:23] /i 1988
[04/07/2009 17:51:23] /i 1988
[04/07/2009 17:51:23] /i 1988
[04/07/2009 17:51:48] /a 2
[04/07/2009 17:51:51] /i 1988
[04/07/2009 17:51:52] /i 1988
[04/07/2009 17:51:52] /i 1988
[04/07/2009 17:51:52] /i 1988
[04/07/2009 17:51:52] /i 1988
[04/07/2009 17:51:52] /i 1988
[04/07/2009 17:51:52] /i 1988
[04/07/2009 17:51:52] /i 1988
[04/07/2009 17:51:52] /i 1988
[04/07/2009 17:51:53] /i 1988
[04/07/2009 17:51:53] /i 1988
[04/07/2009 17:51:53] /i 1988
[04/07/2009 17:51:53] /i 1988
[04/07/2009 17:51:53] /i 1988
[04/07/2009 17:51:53] /i 1988
[04/07/2009 17:51:53] /i 1988
[04/07/2009 17:51:53] /i 1988
[04/07/2009 17:51:53] /i 1988
[04/07/2009 17:51:53] /i 1988
[04/07/2009 17:51:53] /i 1988
[04/07/2009 17:51:53] /i 1988
[04/07/2009 17:51:53] /i 1988
[04/07/2009 17:51:53] /i 1988
[04/07/2009 17:51:53] /i 1988
[04/07/2009 17:51:53] /i 1988
[04/07/2009 17:51:53] /i 1988
[04/07/2009 17:51:53] /i 1988
[04/07/2009 17:51:53] /i 1988
[04/07/2009 17:51:53] /i 1988
[04/07/2009 17:51:53] /i 1988
[04/07/2009 17:51:53] /i 1988
[04/07/2009 17:51:53] /i 1988
[04/07/2009 17:51:53] /i 1988
[04/07/2009 17:51:53] /i 1988
[04/07/2009 17:51:53] /i 1988
[04/07/2009 17:51:53] /i 1988
[04/07/2009 17:51:53] /i 1988
[04/07/2009 17:51:53] /i 1988
[04/07/2009 17:51:53] /i 1988
[04/07/2009 17:51:53] /i 1988
[04/07/2009 17:51:53] /i 1988
[04/07/2009 17:51:53] /i 1988
[04/07/2009 17:51:53] /i 1988
[04/07/2009 17:51:54] /i 1988
[04/07/2009 17:51:54] /i 1988
[04/07/2009 17:51:54] /i 1988
[04/07/2009 17:51:54] /i 1988
[04/07/2009 17:51:54] /i 1988
[04/07/2009 17:51:54] /i 1988
[04/07/2009 17:51:54] /i 1988
[04/07/2009 17:51:54] /i 1988
[04/07/2009 17:51:54] /i 1988
[04/07/2009 17:51:54] /i 1988
[04/07/2009 17:51:54] /i 1988
[04/07/2009 17:51:54] /i 1988
[04/07/2009 17:51:54] /i 1988
[04/07/2009 17:51:54] /i 1988
[04/07/2009 17:51:54] /i 1988
[04/07/2009 17:51:54] /i 1988
[04/07/2009 17:51:54] /i 1988
[04/07/2009 17:51:54] /i 1988
[04/07/2009 17:51:54] /i 1988
[04/07/2009 17:51:54] /i 1988
[04/07/2009 17:51:54] /i 1988
[04/07/2009 17:51:54] /i 1988
[04/07/2009 17:51:54] /i 1988
[04/07/2009 17:51:54] /i 1988
[04/07/2009 17:51:54] /i 1988
[04/07/2009 17:51:55] /i 1988
[04/07/2009 17:51:55] /i 1988
[04/07/2009 17:51:56] /i 1988
[04/07/2009 17:52:15] /r
[04/07/2009 17:52:16] /r
[04/07/2009 17:52:17] /r
[04/07/2009 17:52:19] /r
[04/07/2009 17:53:17] /a 2
[04/07/2009 17:53:37] /a 2
[04/07/2009 17:56:43] /c Filho do Dracula
[04/07/2009 17:57:34] /ghost
[04/07/2009 17:57:37] /a 8
[04/07/2009 17:58:01] /bc 17:57 Cigano [443]: VAI TOMA NO CU GOD ARRUMA ESSA PORRA
[04/07/2009 17:58:06] /bc 17:57 Cigano [443]: VAI TOMA NO CU GOD ARRUMA ESSA PORRA
[04/07/2009 17:58:08] /bc 17:57 Cigano [443]: VAI TOMA NO CU GOD ARRUMA ESSA PORRA
[04/07/2009 17:58:10] /bc 17:57 Cigano [443]: VAI TOMA NO CU GOD ARRUMA ESSA PORRA
[04/07/2009 17:58:32] /bc Cigano PÓDE SER BAN POR XINGA GM
[04/07/2009 17:58:49] /a 5
[04/07/2009 17:58:51] /a 1
[04/07/2009 17:58:55] /a 4
[04/07/2009 17:59:02] /c Lergiao Urbana
[04/07/2009 17:59:32] /c Rei Comedinha
[04/07/2009 18:00:08] /ghost
[04/07/2009 18:00:14] /a 5
[04/07/2009 18:01:34] /a 2
[04/07/2009 18:01:38] /r
[04/07/2009 18:01:42] /r
[04/07/2009 18:01:47] /a 3
[04/07/2009 18:02:01] /a 5
[04/07/2009 18:02:07] /c Sorcerer
[04/07/2009 18:02:09] /a 5
[04/07/2009 18:05:12] /a 5
[04/07/2009 18:05:20] /c Ryukendo
[04/07/2009 18:05:23] /c Sorcerer
[04/07/2009 18:05:33] /c Major Jhony
[04/07/2009 18:05:35] /a 5
[04/07/2009 18:06:47] /ghost
[04/07/2009 18:06:51] /t
[04/07/2009 18:06:57] /a 5
[04/07/2009 18:07:35] /a 10
[04/07/2009 18:07:39] /ghost
[04/07/2009 18:07:43] /a 4
[04/07/2009 18:09:12] /r
[04/07/2009 18:09:14] /r
[04/07/2009 18:09:16] /r
[04/07/2009 18:09:18] /r
[04/07/2009 18:09:19] /r
[04/07/2009 18:09:39] /r
[04/07/2009 18:09:40] /r
[04/07/2009 18:09:40] /r
[04/07/2009 18:09:41] /r
[04/07/2009 18:09:42] /r
[04/07/2009 18:09:42] /r
[04/07/2009 18:09:43] /r
[04/07/2009 18:09:43] /r
[04/07/2009 18:09:46] /r
[04/07/2009 18:09:46] /r
[04/07/2009 18:09:47] /r
[04/07/2009 18:09:48] /r
[04/07/2009 18:09:49] /r
[04/07/2009 18:09:50] /r
[04/07/2009 18:09:52] /r
[04/07/2009 18:09:53] /r
[04/07/2009 18:09:54] /r
[04/07/2009 18:09:54] /r
[04/07/2009 18:09:56] /r
[04/07/2009 18:09:57] /r
[04/07/2009 18:09:59] /r
[04/07/2009 18:10:02] /r
[04/07/2009 18:10:04] /r
[04/07/2009 18:10:07] /r
[04/07/2009 18:10:08] /r
[04/07/2009 18:10:08] /r
[04/07/2009 18:10:12] /r
[04/07/2009 18:10:12] /r
[04/07/2009 18:10:12] /r
[04/07/2009 18:10:12] /r
[04/07/2009 18:10:13] /r
[04/07/2009 18:10:14] /r
[04/07/2009 18:10:14] /r
[04/07/2009 18:10:14] /r
[04/07/2009 18:10:15] /r
[04/07/2009 18:10:16] /r
[04/07/2009 18:10:18] /r
[04/07/2009 18:10:38] /t
[04/07/2009 18:10:47] /t
[04/07/2009 18:10:51] /a 10
[04/07/2009 18:10:56] /a 2
[04/07/2009 18:12:15] /c Rei Comedinha
[04/07/2009 18:12:34] /goto Rei Comedinha
[04/07/2009 18:13:14] /a 10
[04/07/2009 18:13:19] /a 10
[04/07/2009 18:13:34] /b vlw
[04/07/2009 18:13:45] /r
[04/07/2009 18:13:47] /r
[04/07/2009 18:13:50] /r
[04/07/2009 18:14:19] /r
[04/07/2009 18:14:27] /r
[04/07/2009 18:14:29] /r
[04/07/2009 18:14:30] /r
[04/07/2009 18:14:30] /r
[04/07/2009 18:14:31] /r
[04/07/2009 18:14:31] /r
[04/07/2009 18:14:31] /r
[04/07/2009 18:14:31] /r
[04/07/2009 18:14:31] /r
[04/07/2009 18:14:32] /r
[04/07/2009 18:14:32] /r
[04/07/2009 18:14:32] /r
[04/07/2009 18:14:32] /r
[04/07/2009 18:14:32] /r
[04/07/2009 18:14:32] /r
[04/07/2009 18:14:32] /r
[04/07/2009 18:14:32] /r
[04/07/2009 18:14:32] /r
[04/07/2009 18:14:32] /r
[04/07/2009 18:14:32] /r
[04/07/2009 18:14:32] /r
[04/07/2009 18:14:32] /r
[04/07/2009 18:14:32] /r
[04/07/2009 18:14:32] /r
[04/07/2009 18:14:32] /r
[04/07/2009 18:14:32] /r
[04/07/2009 18:14:32] /r
[04/07/2009 18:14:32] /r
[04/07/2009 18:14:32] /r
[04/07/2009 18:14:33] /r
[04/07/2009 18:14:33] /r
[04/07/2009 18:14:33] /r
[04/07/2009 18:14:33] /r
[04/07/2009 18:14:33] /r
[04/07/2009 18:14:33] /r
[04/07/2009 18:14:33] /r
[04/07/2009 18:14:33] /r
[04/07/2009 18:14:33] /r
[04/07/2009 18:14:33] /r
[04/07/2009 18:14:33] /r
[04/07/2009 18:14:33] /r
[04/07/2009 18:14:33] /r
[04/07/2009 18:14:33] /r
[04/07/2009 18:14:33] /r
[04/07/2009 18:14:33] /r
[04/07/2009 18:14:33] /r
[04/07/2009 18:14:33] /r
[04/07/2009 18:14:33] /r
[04/07/2009 18:14:33] /r
[04/07/2009 18:14:33] /r
[04/07/2009 18:14:33] /r
[04/07/2009 18:14:33] /r
[04/07/2009 18:14:33] /r
[04/07/2009 18:14:33] /r
[04/07/2009 18:14:33] /r
[04/07/2009 18:14:33] /r
[04/07/2009 18:14:33] /r
[04/07/2009 18:14:33] /r
[04/07/2009 18:14:33] /r
[04/07/2009 18:14:33] /r
[04/07/2009 18:14:34] /r
[04/07/2009 18:14:34] /r
[04/07/2009 18:14:34] /r
[04/07/2009 18:14:34] /r
[04/07/2009 18:14:34] /r
[04/07/2009 18:14:34] /r
[04/07/2009 18:14:34] /r
[04/07/2009 18:14:34] /r
[04/07/2009 18:14:34] /r
[04/07/2009 18:14:34] /r
[04/07/2009 18:14:34] /r
[04/07/2009 18:14:34] /r
[04/07/2009 18:14:34] /r
[04/07/2009 18:14:34] /r
[04/07/2009 18:14:34] /r
[04/07/2009 18:14:34] /r
[04/07/2009 18:14:34] /r
[04/07/2009 18:14:34] /r
[04/07/2009 18:14:34] /r
[04/07/2009 18:14:34] /r
[04/07/2009 18:14:35] /r
[04/07/2009 18:14:35] /r
[04/07/2009 18:14:35] /r
[04/07/2009 18:14:35] /r
[04/07/2009 18:14:35] /r
[04/07/2009 18:14:35] /r
[04/07/2009 18:14:35] /r
[04/07/2009 18:14:35] /r
[04/07/2009 18:14:35] /r
[04/07/2009 18:14:35] /r
[04/07/2009 18:14:35] /r
[04/07/2009 18:14:36] /r
[04/07/2009 18:14:36] /r
[04/07/2009 18:14:36] /r
[04/07/2009 18:14:36] /r
[04/07/2009 18:14:36] /r
[04/07/2009 18:14:36] /r
[04/07/2009 18:14:36] /r
[04/07/2009 18:14:36] /r
[04/07/2009 18:14:36] /r
[04/07/2009 18:14:36] /r
[04/07/2009 18:14:37] /r
[04/07/2009 18:14:37] /r
[04/07/2009 18:14:37] /r
[04/07/2009 18:14:37] /r
[04/07/2009 18:14:37] /r
[04/07/2009 18:14:37] /r
[04/07/2009 18:14:37] /r
[04/07/2009 18:14:37] /r
[04/07/2009 18:14:37] /r
[04/07/2009 18:14:37] /r
[04/07/2009 18:14:37] /r
[04/07/2009 18:14:37] /r
[04/07/2009 18:14:38] /r
[04/07/2009 18:14:38] /r
[04/07/2009 18:14:38] /r
[04/07/2009 18:14:38] /r
[04/07/2009 18:14:38] /r
[04/07/2009 18:14:38] /r
[04/07/2009 18:14:38] /r
[04/07/2009 18:14:38] /r
[04/07/2009 18:14:38] /r
[04/07/2009 18:14:38] /r
[04/07/2009 18:14:38] /r
[04/07/2009 18:14:38] /r
[04/07/2009 18:14:38] /r
[04/07/2009 18:14:38] /r
[04/07/2009 18:14:38] /r
[04/07/2009 18:14:38] /r
[04/07/2009 18:14:38] /r
[04/07/2009 18:14:38] /r
[04/07/2009 18:14:38] /r
[04/07/2009 18:14:38] /r
[04/07/2009 18:14:38] /r
[04/07/2009 18:14:38] /r
[04/07/2009 18:14:38] /r
[04/07/2009 18:14:38] /r
[04/07/2009 18:14:39] /r
[04/07/2009 18:14:39] /r
[04/07/2009 18:14:39] /r
[04/07/2009 18:14:39] /r
[04/07/2009 18:14:39] /r
[04/07/2009 18:14:39] /r
[04/07/2009 18:14:39] /r
[04/07/2009 18:14:39] /r
[04/07/2009 18:14:39] /r
[04/07/2009 18:14:39] /r
[04/07/2009 18:14:39] /r
[04/07/2009 18:14:39] /r
[04/07/2009 18:14:39] /r
[04/07/2009 18:14:39] /r
[04/07/2009 18:14:39] /r
[04/07/2009 18:14:39] /r
[04/07/2009 18:14:39] /r
[04/07/2009 18:14:39] /r
[04/07/2009 18:14:39] /r
[04/07/2009 18:14:39] /r
[04/07/2009 18:14:39] /r
[04/07/2009 18:14:40] /r
[04/07/2009 18:14:40] /r
[04/07/2009 18:14:40] /r
[04/07/2009 18:14:40] /r
[04/07/2009 18:14:40] /r
[04/07/2009 18:14:40] /r
[04/07/2009 18:14:40] /r
[04/07/2009 18:14:40] /r
[04/07/2009 18:14:40] /r
[04/07/2009 18:14:40] /r
[04/07/2009 18:14:40] /r
[04/07/2009 18:14:40] /r
[04/07/2009 18:14:40] /r
[04/07/2009 18:14:40] /r
[04/07/2009 18:14:40] /r
[04/07/2009 18:14:40] /r
[04/07/2009 18:14:40] /r
[04/07/2009 18:14:40] /r
[04/07/2009 18:14:40] /r
[04/07/2009 18:14:40] /r
[04/07/2009 18:14:40] /r
[04/07/2009 18:14:40] /r
[04/07/2009 18:14:40] /r
[04/07/2009 18:14:40] /r
[04/07/2009 18:14:40] /r
[04/07/2009 18:14:40] /r
[04/07/2009 18:14:40] /r
[04/07/2009 18:14:40] /r
[04/07/2009 18:14:40] /r
[04/07/2009 18:14:40] /r
[04/07/2009 18:14:40] /r
[04/07/2009 18:14:40] /r
[04/07/2009 18:14:40] /r
[04/07/2009 18:14:40] /r
[04/07/2009 18:14:40] /r
[04/07/2009 18:14:40] /r
[04/07/2009 18:14:40] /r
[04/07/2009 18:14:40] /r
[04/07/2009 18:14:40] /r
[04/07/2009 18:14:40] /r
[04/07/2009 18:14:40] /r
[04/07/2009 18:14:40] /r
[04/07/2009 18:14:40] /r
[04/07/2009 18:14:40] /r
[04/07/2009 18:14:40] /r
[04/07/2009 18:14:40] /r
[04/07/2009 18:14:40] /r
[04/07/2009 18:14:40] /r
[04/07/2009 18:14:40] /r
[04/07/2009 18:14:40] /r
[04/07/2009 18:14:40] /r
[04/07/2009 18:14:40] /r
[04/07/2009 18:14:40] /r
[04/07/2009 18:14:40] /r
[04/07/2009 18:14:40] /r
[04/07/2009 18:14:40] /r
[04/07/2009 18:14:40] /r
[04/07/2009 18:14:40] /r
[04/07/2009 18:14:40] /r
[04/07/2009 18:14:40] /r
[04/07/2009 18:14:40] /r
[04/07/2009 18:14:40] /r
[04/07/2009 18:14:40] /r
[04/07/2009 18:14:40] /r
[04/07/2009 18:14:40] /r
[04/07/2009 18:14:40] /r
[04/07/2009 18:14:40] /r
[04/07/2009 18:14:40] /r
[04/07/2009 18:14:40] /r
[04/07/2009 18:14:40] /r
[04/07/2009 18:14:40] /r
[04/07/2009 18:14:40] /r
[04/07/2009 18:14:40] /r
[04/07/2009 18:14:40] /r
[04/07/2009 18:14:40] /r
[04/07/2009 18:14:41] /r
[04/07/2009 18:14:41] /r
[04/07/2009 18:14:41] /r
[04/07/2009 18:14:41] /r
[04/07/2009 18:14:41] /r
[04/07/2009 18:14:41] /r
[04/07/2009 18:14:41] /r
[04/07/2009 18:14:41] /r
[04/07/2009 18:14:41] /r
[04/07/2009 18:14:41] /r
[04/07/2009 18:14:41] /r
[04/07/2009 18:14:41] /r
[04/07/2009 18:14:41] /r
[04/07/2009 18:14:41] /r
[04/07/2009 18:14:41] /r
[04/07/2009 18:14:41] /r
[04/07/2009 18:14:41] /r
[04/07/2009 18:14:41] /r
[04/07/2009 18:14:41] /r
[04/07/2009 18:14:41] /r
[04/07/2009 18:14:41] /r
[04/07/2009 18:14:41] /r
[04/07/2009 18:14:41] /r
[04/07/2009 18:14:41] /r
[04/07/2009 18:14:41] /r
[04/07/2009 18:14:41] /r
[04/07/2009 18:14:42] /r
[04/07/2009 18:14:42] /r
[04/07/2009 18:14:42] /r
[04/07/2009 18:14:42] /r
[04/07/2009 18:14:42] /r
[04/07/2009 18:14:42] /r
[04/07/2009 18:14:42] /r
[04/07/2009 18:14:42] /r
[04/07/2009 18:14:42] /r
[04/07/2009 18:14:42] /r
[04/07/2009 18:14:42] /r
[04/07/2009 18:14:42] /r
[04/07/2009 18:14:42] /r
[04/07/2009 18:14:42] /r
[04/07/2009 18:14:42] /r
[04/07/2009 18:14:42] /r
[04/07/2009 18:14:42] /r
[04/07/2009 18:14:42] /r
[04/07/2009 18:14:42] /r
[04/07/2009 18:14:42] /r
[04/07/2009 18:14:42] /r
[04/07/2009 18:14:42] /r
[04/07/2009 18:14:42] /r
[04/07/2009 18:14:42] /r
[04/07/2009 18:14:42] /r
[04/07/2009 18:14:43] /r
[04/07/2009 18:14:43] /r
[04/07/2009 18:14:43] /r
[04/07/2009 18:14:43] /r
[04/07/2009 18:14:43] /r
[04/07/2009 18:14:43] /r
[04/07/2009 18:14:43] /r
[04/07/2009 18:14:43] /r
[04/07/2009 18:14:43] /r
[04/07/2009 18:14:43] /r
[04/07/2009 18:14:43] /r
[04/07/2009 18:14:43] /r
[04/07/2009 18:14:43] /r
[04/07/2009 18:14:43] /r
[04/07/2009 18:14:43] /r
[04/07/2009 18:14:43] /r
[04/07/2009 18:14:43] /r
[04/07/2009 18:14:43] /r
[04/07/2009 18:14:43] /r
[04/07/2009 18:14:43] /r
[04/07/2009 18:14:43] /r
[04/07/2009 18:14:46] /r
[04/07/2009 18:14:49] /r
[04/07/2009 18:14:49] /r
[04/07/2009 18:14:49] /r
[04/07/2009 18:14:49] /r
[04/07/2009 18:14:49] /r
[04/07/2009 18:14:49] /r
[04/07/2009 18:14:49] /r
[04/07/2009 18:14:49] /r
[04/07/2009 18:14:54] /r
[04/07/2009 18:14:54] /r
[04/07/2009 18:14:54] /r
[04/07/2009 18:14:54] /r
[04/07/2009 18:15:07] /a 10
[04/07/2009 18:15:10] /up
[04/07/2009 18:15:12] /up
[04/07/2009 18:21:32] /m Ghabaran
[04/07/2009 18:21:42] /m Bazir
[05/07/2009 12:56:40] /b Bom Tarde a Todos!
[05/07/2009 12:56:51] /b Divirtam-se
[05/07/2009 12:57:47] /goto Rei Comedinha
[05/07/2009 12:59:19] /i Demon Backpack
[05/07/2009 13:00:03] /i blessed shield
[05/07/2009 13:00:21] /ghost
[05/07/2009 13:00:22] /a 10
[05/07/2009 13:00:26] /a 20
[05/07/2009 13:00:29] /ghost
[05/07/2009 13:01:53] /b Atenção a todos escondi uma CROWN BACKPACK na city e ela contêm 50K!  Quem achar leva.
[05/07/2009 13:02:03] /a 10
[05/07/2009 13:02:05] /a 10
[05/07/2009 13:05:35] /ghost
[05/07/2009 13:05:36] /t
[05/07/2009 13:06:54] /b Atenção a Todos! Escondi uma CROWN BACKPACK na city, quem achar leva a BP + 50K.
[05/07/2009 13:07:27] /b Atenção a Todos! Escondi uma CROWN BACKPACK na city, quem achar leva a BP + 50K.
[05/07/2009 13:07:34] /b Atenção a Todos! Escondi uma CROWN BACKPACK na city, quem achar leva a BP + 50K.
[05/07/2009 13:07:37] /b Atenção a Todos! Escondi uma CROWN BACKPACK na city, quem achar leva a BP + 50K.
[05/07/2009 13:07:47] /i crown backpack
[05/07/2009 13:07:55] /i Crown Backpack
[05/07/2009 13:08:03] /goto Rei Comedinha
[05/07/2009 13:08:56] /i 10029
[05/07/2009 13:09:13] /b Atenção a Todos! Escondi uma CROWN BACKPACK na city, quem achar leva a BP + 50K.
[05/07/2009 13:09:14] /b Atenção a Todos! Escondi uma CROWN BACKPACK na city, quem achar leva a BP + 50K.
[05/07/2009 13:09:15] /b Atenção a Todos! Escondi uma CROWN BACKPACK na city, quem achar leva a BP + 50K.
[05/07/2009 13:09:15] /b Atenção a Todos! Escondi uma CROWN BACKPACK na city, quem achar leva a BP + 50K.
[05/07/2009 13:09:16] /b Atenção a Todos! Escondi uma CROWN BACKPACK na city, quem achar leva a BP + 50K.
[05/07/2009 13:09:16] /b Atenção a Todos! Escondi uma CROWN BACKPACK na city, quem achar leva a BP + 50K.
[05/07/2009 13:09:56] /goto Rei Comedinha
[05/07/2009 13:10:09] /ghost
[05/07/2009 13:10:26] /b [AFK]
[05/07/2009 13:19:53] /ghost
[05/07/2009 13:19:55] /t
[05/07/2009 13:20:22] /b Tah Canido direto   ;(
[05/07/2009 13:20:48] /b Esses server eh feito pela Elf ?
[05/07/2009 13:21:00] /goto Rei Comedinha
[05/07/2009 13:21:08] /a 2
[05/07/2009 13:21:12] /ghost
[05/07/2009 13:22:20] /ghost
[05/07/2009 13:24:19] /t
[05/07/2009 13:24:47] /ghost
[05/07/2009 13:24:49] /ghost
[05/07/2009 13:24:55] /ghost
[05/07/2009 13:24:57] /ghost
[05/07/2009 13:24:58] /t
[05/07/2009 13:25:03] /ghost
[05/07/2009 13:25:12] /a 10
[05/07/2009 13:25:31] /a 10
[05/07/2009 13:25:48] /a 5
[05/07/2009 13:26:06] /up
[05/07/2009 13:26:13] /a 2
[05/07/2009 13:26:19] /up
[05/07/2009 13:27:04] /newtype 332
[05/07/2009 13:27:25] /newtype 331
[05/07/2009 13:27:35] /newtype 334
[05/07/2009 13:28:29] /newtype 331
[05/07/2009 13:28:34] /newtype 332
[05/07/2009 13:28:59] /newtype 333
[05/07/2009 13:30:34] /goto Rei Comedinha
[05/07/2009 13:32:56] /a 5
[05/07/2009 13:32:58] /a 5
[05/07/2009 13:33:32] /a 10
[05/07/2009 13:34:13] /newtype 332
[05/07/2009 13:35:53] /i 10025
[05/07/2009 13:36:35] /i 2160
[05/07/2009 13:37:00] /up
[05/07/2009 13:37:05] /a 2
[05/07/2009 13:37:07] /up
[05/07/2009 13:37:45] /m Demon
[05/07/2009 13:37:47] /r
[05/07/2009 13:37:51] /r
[05/07/2009 13:37:57] /m Tibia Bug
[05/07/2009 13:37:59] /r
[05/07/2009 13:38:02] /r
[05/07/2009 13:38:06] /r
[05/07/2009 13:38:10] /m Medusa
[05/07/2009 13:38:23] /r
[05/07/2009 13:38:24] /t
[05/07/2009 13:38:31] /a 2
[05/07/2009 13:38:39] /newtype 332
[05/07/2009 13:39:20] /a 10
[05/07/2009 13:39:35] /up
[05/07/2009 13:39:42] /a 5
[05/07/2009 13:39:56] /goto Hydra
[05/07/2009 13:40:20] /c Boladinha
[05/07/2009 13:40:30] /ghost
[05/07/2009 13:40:53] /i Magic Plate Armor
[05/07/2009 13:41:04] /i Demon Legs
[05/07/2009 13:41:12] /i Firewalker boots
[05/07/2009 13:41:21] /i Amulet of loss
[05/07/2009 13:41:36] /i Golden Helmet
[05/07/2009 13:41:56] /i Wand of Vodoo
[05/07/2009 13:42:02] /i Wand of Voodoo
[05/07/2009 13:42:21] /i Death Ring
[05/07/2009 13:42:28] /i Blessed Shield
[05/07/2009 13:42:37] /i shiver arrow
[05/07/2009 13:42:48] /r
[05/07/2009 13:42:56] /i Demon Backpack
[05/07/2009 13:43:13] /i Crown Backpack
[05/07/2009 13:43:20] /i 10063
[05/07/2009 13:43:32] /i ring
[05/07/2009 13:43:36] /r
[05/07/2009 13:43:46] /i Backpack
[05/07/2009 13:43:54] /i Demon Backpack
[05/07/2009 13:44:02] /goto Rei Comedinha
[05/07/2009 13:44:06] /up
[05/07/2009 13:44:07] /up
[05/07/2009 13:44:10] /t
[05/07/2009 13:44:17] /a 2
[05/07/2009 13:44:37] /ghost
[05/07/2009 13:44:51] /b [AFK] Jah Volto Gente!
[05/07/2009 14:08:40] /i 1600
[05/07/2009 14:08:48] /b VOLTEI  ;D
[05/07/2009 14:08:51] /t
[05/07/2009 14:09:22] /t
[05/07/2009 14:09:50] /goto Rei Comedinha
[05/07/2009 14:09:59] /a 3
[05/07/2009 14:10:12] /c Seu Madruga
[05/07/2009 14:10:18] /a 2
[05/07/2009 14:10:24] /a 2
[05/07/2009 14:10:30] /a 2
[05/07/2009 14:11:13] /goto Noiadinha
[05/07/2009 14:11:14] /ghost
[05/07/2009 14:11:48] /t
[05/07/2009 14:12:27] /goto Rei Comedinha
[05/07/2009 14:12:29] /ghost
[05/07/2009 14:12:41] /a 3
[05/07/2009 14:13:00] /ghost
[05/07/2009 14:13:02] /t
[05/07/2009 14:13:15] /goto Rei Comedinha
[05/07/2009 14:13:28] /ghost
[05/07/2009 14:13:40] /i 10025
[05/07/2009 14:14:00] /i 2160
[05/07/2009 14:14:08] /ghost
[05/07/2009 14:14:08] /t
[05/07/2009 14:14:13] /a 2
[05/07/2009 14:14:17] /a 2
[05/07/2009 14:14:19] /a 3
[05/07/2009 14:14:20] /a 2
[05/07/2009 14:14:26] /a 2
[05/07/2009 14:14:38] /b Atenção a Todos! Escondi uma CROWN BACKPACK na city, quem achar leva a BP + 50K.
[05/07/2009 14:14:54] /b Atenção a Todos! Escondi uma DEMON BACKPACK na city, quem achar leva a BP + 50K.
[05/07/2009 14:14:58] /b Atenção a Todos! Escondi uma DEMON BACKPACK na city, quem achar leva a BP + 50K.
[05/07/2009 14:15:39] /b A Bp está perto do campo de futebol
[05/07/2009 14:15:51] /b Atenção a Todos! Escondi uma DEMON BACKPACK na city, quem achar leva a BP + 50K.
[05/07/2009 14:16:11] /c Joaozytows
[05/07/2009 14:16:18] /b Atenção a Todos! Escondi uma DEMON BACKPACK na city, quem achar leva a BP + 50K.
[05/07/2009 14:16:32] /a Está Perto do campo de FUTEBOL!
[05/07/2009 14:16:54] /b Atenção a Todos! Escondi uma DEMON BACKPACK na city, quem achar leva a BP + 50K.
[05/07/2009 14:16:54] /b Atenção a Todos! Escondi uma DEMON BACKPACK na city, quem achar leva a BP + 50K.
[05/07/2009 14:17:02] /r
[05/07/2009 14:17:08] /a 4
[05/07/2009 14:17:15] /b Atenção a Todos! Escondi uma DEMON BACKPACK na city, quem achar leva a BP + 50K.
[05/07/2009 14:17:38] /a Ronaldo achou a BP!
[05/07/2009 14:17:57] /b Ronaldo ACHOU!
[05/07/2009 14:18:14] /b Ronaldo achou a BP premiada!  PARABÉNS!
[05/07/2009 14:18:53] /b localizando Evento...
[05/07/2009 14:19:11] /b Searching for more Events...
[05/07/2009 14:19:24] /c Ronaldo
[05/07/2009 14:19:26] /ghost
[05/07/2009 14:19:57] /ghost
[05/07/2009 14:20:46] /b Atenção! Uma bota sagrada está escondida na city... Quem achar a leva!
[05/07/2009 14:21:09] /b DICA: ESTÁ PERTO DE UM BARCO
[05/07/2009 14:22:03] /b PARABÉNS AO Cachorro!
[05/07/2009 14:22:20] /b ELE ACHOU A FIREWALKER BOOTS!
[05/07/2009 14:22:41] /b Localizando Eventos...
[05/07/2009 14:22:57] /b Fujidomarried  ACHOU A BOTA!
[05/07/2009 14:23:24] /b Uma shield sagrada for escondida da city... Quem achar ganha!
[05/07/2009 14:23:53] /b UMA DICA: PERTO DO CAMPO
[05/07/2009 14:24:03] /i Demon shield
[05/07/2009 14:24:47] /b Uma Demon Shield foi escondida da City... Quem achar GANHA!  **DICA PERTO DO CAMPO**
[05/07/2009 14:25:03] /b PARABPENS A SUPER LINDA!
[05/07/2009 14:25:14] /b Super Linda achou a SHIELD!
[05/07/2009 14:25:32] /b Em breve mais eventos...
[05/07/2009 14:26:38] /goto Rei Comedinha
[05/07/2009 14:26:52] /goto Rei Comedinha
[05/07/2009 14:27:04] /bc 14:26 Super Linda [527]: O rei é um viado
[05/07/2009 14:27:09] /bc 14:26 Super Linda [527]: O rei é um viado
[05/07/2009 14:27:11] /bc 14:26 Super Linda [527]: O rei é um viado
[05/07/2009 14:27:14] /bc 14:26 Super Linda [527]: O rei é um viado
[05/07/2009 14:27:40] /goto Rei Comedinha
[05/07/2009 14:28:10] /c Rei Comedinha
[05/07/2009 14:28:37] /bc Super Linda será banida, por chingar o Rei...
[05/07/2009 14:28:45] /a 2
[05/07/2009 14:28:51] /c Super Linda
[05/07/2009 14:28:53] /a 2
[05/07/2009 14:29:20] /i 9118
[05/07/2009 14:29:23] /r
[05/07/2009 14:30:10] /up
[05/07/2009 14:30:16] /c Super Linda
[05/07/2009 14:30:52] /down
[05/07/2009 14:30:54] /down
[05/07/2009 14:31:27] /b Localizando Eventos...
[05/07/2009 14:33:13] /ghost
[05/07/2009 14:35:46] /newtype 332
[05/07/2009 14:38:24] /a 3
[05/07/2009 14:38:28] /a 2
[05/07/2009 14:38:30] /a 2
[05/07/2009 14:38:32] /a 2
[05/07/2009 14:38:34] /a 5
[05/07/2009 14:39:01] /ghost
[05/07/2009 14:39:02] /t
[05/07/2009 14:39:38] /newtype 332
[05/07/2009 14:39:40] /ghost
[05/07/2009 14:40:01] /a 10
[05/07/2009 14:40:03] /a 10
[05/07/2009 14:40:17] /b EVENTO ACHE
[05/07/2009 14:40:24] /b ops
[05/07/2009 14:40:26] /t
[05/07/2009 14:41:08] /bc Quem quizer EVENTOS venham ao TEMPLO
[05/07/2009 14:41:23] /ghost
[05/07/2009 14:41:25] /t
[05/07/2009 14:41:44] /goto Principe Leonardo
[05/07/2009 14:41:53] /ghost
[05/07/2009 14:42:16] /newtype 332
[05/07/2009 14:43:08] /t
[05/07/2009 14:43:18] /goto Noiadinha
[05/07/2009 14:43:25] /c Noiadinhaa
[05/07/2009 14:43:33] /a 10
[05/07/2009 14:43:35] /a 2
[05/07/2009 14:43:51] /ghost
[05/07/2009 14:45:03] /b Evento ACHE O GOLDEN HELMET!  Quem achar GANHA!  *DICA: PERTO DE UMA PONTE
[05/07/2009 14:45:28] /b Evento ACHE O GOLDEN HELMET!  Quem achar GANHA!  *DICA: PERTO DE UMA PONTE
[05/07/2009 14:45:59] /b Evento ACHE O GOLDEN HELMET!  Quem achar GANHA!  *DICA: PERTO DE UMA PONTE 
[05/07/2009 14:46:14] /a 20
[05/07/2009 14:47:12] /b PARABÉNS AO Master Druid!
[05/07/2009 14:47:26] /b ELE ACHOU O GOLDEN HELMET
[05/07/2009 14:48:19] /b Galera... Eu não sou o HOSTER, nem o Main.  Se por acaso tiver lag não reclamem.
[05/07/2009 14:48:27] /b Obrigado.
[05/07/2009 14:48:44] /c Rei Comedinho
[05/07/2009 14:48:57] /goto Rei Comedinho
[05/07/2009 14:49:16] /goto Rei Comedinho
[05/07/2009 14:50:02] /bc 1KK PERTO DO TEMPLO!
[05/07/2009 14:50:11] /b Quem achar LEVA!
[05/07/2009 14:50:20] /goto GM Andre
[05/07/2009 14:50:39] /goto Principe Leonardo
[05/07/2009 14:51:06] /b PARABÉNS AO Seu Madruga!
[05/07/2009 14:51:18] /b Ele ACHOU O PRÊMIO
[05/07/2009 14:51:23] /newtype 332
[05/07/2009 14:51:25] /ghost
[05/07/2009 14:51:30] /a 4
[05/07/2009 14:52:03] /ghost
[05/07/2009 14:52:05] /a 2
[05/07/2009 14:52:09] /ghost
[05/07/2009 14:53:05] /clean
[05/07/2009 14:53:13] /ghost
[05/07/2009 14:53:14] /a 10
[05/07/2009 14:53:22] /a 2
[05/07/2009 14:53:32] /b EVENTO ENIGMA!
[05/07/2009 14:54:12] /b EVENTO ENIGMA!!  ACHE A SHIELD SAGRADA!  -*DICA: MATANÇA UM PISTA!
[05/07/2009 14:54:35] /b QUEM ACHAR É PRECISO DE 2 PESSOAS PARA ENTRAR!
[05/07/2009 14:55:24] /b Quem entra...
[05/07/2009 14:55:27] /b PEGÁ!
[05/07/2009 14:55:35] /b é na sorte!
[05/07/2009 14:56:06] /b Oia... vo da 10 segundos e jogar a shield fora da arena
[05/07/2009 14:56:10] /b 10
[05/07/2009 14:56:12] /b 9
[05/07/2009 14:56:14] /b 8
[05/07/2009 14:56:16] /b 7
[05/07/2009 14:56:17] /b 6
[05/07/2009 14:56:19] /b 5
[05/07/2009 14:56:22] /b 4
[05/07/2009 14:56:23] /b 3
[05/07/2009 14:56:25] /b 2
[05/07/2009 14:56:26] /b 1
[05/07/2009 14:56:30] /b 0
[05/07/2009 14:56:47] /b PARABÉNS AE SEU MADRUGA!
[05/07/2009 14:56:56] /b Ele ACHOU A SHIELD SAGRADA!
[05/07/2009 14:56:58] /t
[05/07/2009 14:57:15] /goto Sem Madruga
[05/07/2009 14:57:30] /b Seu Madruga
[05/07/2009 14:57:35] /b PARABÉNS
[05/07/2009 14:57:45] /goto Seu Madruga
[05/07/2009 14:58:00] /a 2
[05/07/2009 14:58:03] /t
[05/07/2009 14:58:20] /up
[05/07/2009 14:58:59] /bc Em breve mais eventos serão realizados.
[05/07/2009 14:59:05] /bc Aguardem...
[05/07/2009 15:00:36] /bc 15:00 34 player(s) online:
[05/07/2009 15:01:16] /goto GM Andre
[05/07/2009 15:01:26] /ghost
[05/07/2009 15:02:07] /ghost
[05/07/2009 15:02:22] /goto Noiadinhaa
[05/07/2009 15:02:27] /down
[05/07/2009 15:02:30] /down
[05/07/2009 15:02:32] /up
[05/07/2009 15:02:35] /ghost
[05/07/2009 15:02:40] /up
[05/07/2009 15:02:41] /up
[05/07/2009 15:02:46] /down
[05/07/2009 15:02:49] /down
[05/07/2009 15:04:04] /ghost
[05/07/2009 15:04:15] /goto Rei Comidinha
[05/07/2009 15:04:36] /up
[05/07/2009 15:04:37] /up
[05/07/2009 15:04:38] /up
[05/07/2009 15:04:46] /goto Rei Comedinha
[05/07/2009 15:05:30] /t
[05/07/2009 15:05:38] /c Rei Comedinha
[05/07/2009 15:05:52] /goto Rei Comedinha
[05/07/2009 15:05:58] /a 5
[05/07/2009 15:06:00] /ghost
[05/07/2009 15:06:20] /r
[05/07/2009 15:06:29] /r
[05/07/2009 15:08:07] /ghost
[05/07/2009 15:08:34] /m Ghazbaran
[05/07/2009 15:10:11] /b Atenção! EVENTO MATE O DEMÔNIO!
[05/07/2009 15:10:12] /t
[05/07/2009 15:10:15] /a 10
[05/07/2009 15:10:20] /a 10
[05/07/2009 15:10:22] /a 10
[05/07/2009 15:10:44] /b Um monstros preso...
[05/07/2009 15:10:49] /b Um demnio...
[05/07/2009 15:10:52] /b Ghaz
[05/07/2009 15:10:58] /b Está o aguardanu
[05/07/2009 15:11:31] /b Um Demon está preso... Quem abrir a PORTA ESTARÁ MORTO! MATEM-O!
[05/07/2009 15:11:36] /m Ghazbaran
[05/07/2009 15:11:57] /goto Rei Comedinha
[05/07/2009 15:12:18] /a 2
[05/07/2009 15:12:27] /goto Ghazbaran
[05/07/2009 15:12:43] /goto Joaozytows
[05/07/2009 15:13:11] /b Um Ghazbaran está PRESO! Estão fazendo de TUDO! Para MATA-LO!
[05/07/2009 15:13:16] /a 2
[05/07/2009 15:14:02] /b ESTÃO MATANDO O GHAZ!
[05/07/2009 15:14:17] /b O Loot será de PREMIO PARA OS HERÓIS!
[05/07/2009 15:14:44] /a 3
[05/07/2009 15:15:45] /b Parabéns ao HEROIS!! Idra, Noiadinha, Boladinha, Acount Manager e Joazituws Eh Emo!
[05/07/2009 15:15:53] /goto Hydras
[05/07/2009 15:15:59] /goto Hydra
[05/07/2009 15:16:14] /c Joaozytows
[05/07/2009 15:16:29] /goto Noiadinhaa
[05/07/2009 15:16:34] /ghost
[05/07/2009 15:17:04] /a 2
[05/07/2009 15:17:06] /a 2
[05/07/2009 15:17:12] /a 2
[05/07/2009 15:17:37] /t
[05/07/2009 15:17:50] /c Joaozytows
[05/07/2009 15:17:57] /goto Noiadinhaa
[05/07/2009 15:18:03] /a 2
[05/07/2009 15:18:04] /a 2
[05/07/2009 15:18:23] /a 5
[05/07/2009 15:18:26] /a 10
[05/07/2009 15:18:31] /a 3
[05/07/2009 15:18:34] /a 2
[05/07/2009 15:18:37] /goto Noiadinha
[05/07/2009 15:18:39] /down
[05/07/2009 15:18:41] /up
[05/07/2009 15:18:51] /goto Noiadinhaa
[05/07/2009 15:18:55] /a 1
[05/07/2009 15:19:10] /a 10
[05/07/2009 15:19:23] /a 2
[05/07/2009 15:19:26] /a 5
[05/07/2009 15:19:28] /a 2
[05/07/2009 15:19:30] /a 1
[05/07/2009 15:19:32] /a 1
[05/07/2009 15:19:47] /up
[05/07/2009 15:19:50] /a 4
[05/07/2009 15:19:52] /down
[05/07/2009 15:19:59] /r
[05/07/2009 15:21:28] /ghost
[05/07/2009 15:21:33] /t
[05/07/2009 15:21:39] /c Noiadinhaa
[05/07/2009 15:22:03] /c Boladinha
[05/07/2009 15:22:19] /t
[05/07/2009 15:22:34] /goto Joaozytows
[05/07/2009 15:22:40] /ghost
[05/07/2009 15:23:09] /ghost
[05/07/2009 15:24:00] /bc Um Item muito valioso foi econdido na CITY... Ele é tão valioso que não existe pista para acha-lo...
[05/07/2009 15:24:25] /i Magma armor
[05/07/2009 15:24:30] /i Magma Coat
[05/07/2009 15:24:57] /b Um Magma Coat foi escondido na CITY... Quem achar GANHA!
[05/07/2009 15:25:41] /a 3
[05/07/2009 15:26:20] /b Vo da uma DICA! PRESTEM ATENÇÃO!  UM MAGMA COAT PERTO DE UMA PONTE!
[05/07/2009 15:26:28] /b Luizinha ACHOU!
[05/07/2009 15:26:38] /b Luzinho PARABÉNS!
[05/07/2009 15:27:09] /goto Naah
[05/07/2009 15:27:38] /ghost
[05/07/2009 15:27:50] /a 10
[05/07/2009 15:27:58] /r
[05/07/2009 15:28:26] /goto Joaozytwos
[05/07/2009 15:28:35] /goto Joaozytwos
[05/07/2009 15:28:40] /ghost
[05/07/2009 15:28:42] /up
[05/07/2009 15:28:45] /up
[05/07/2009 15:29:13] /goto Rei Comedinha
[05/07/2009 15:30:01] /a 1
[05/07/2009 15:30:03] /a 1
[05/07/2009 15:30:05] /a 1
[05/07/2009 15:30:06] /a 1
[05/07/2009 15:30:08] /a 1
[05/07/2009 15:31:04] /ghost
[05/07/2009 15:31:19] /newtype 332
[05/07/2009 15:31:31] /up
[05/07/2009 15:31:34] /down
[05/07/2009 15:32:11] /a 10
[05/07/2009 15:32:35] /a 5
[05/07/2009 15:32:45] /a 3
[05/07/2009 15:32:47] /a 6
[05/07/2009 15:33:26] /bc 15:32 28 player(s) online.
[05/07/2009 15:34:28] /ghost
[05/07/2009 15:34:30] /t
[05/07/2009 15:34:52] /kick Principe Leonardo
[05/07/2009 15:34:55] /r
[05/07/2009 15:34:57] /newtype 332
[05/07/2009 15:35:01] /ghost
[05/07/2009 15:35:26] /m Yeti
[05/07/2009 15:35:51] /ghost
[05/07/2009 15:36:17] /ghost
[05/07/2009 15:36:30] /a 10
[05/07/2009 15:36:33] /a 20
[05/07/2009 15:37:09] /r
[05/07/2009 15:37:16] /r
[05/07/2009 15:37:18] /r
[05/07/2009 15:38:02] /r
[05/07/2009 15:38:03] /r
[05/07/2009 15:38:58] /ghost
[05/07/2009 15:39:20] /ghost
[05/07/2009 15:39:21] /t
[05/07/2009 15:39:25] /a 20
[05/07/2009 15:39:55] /ghost
[05/07/2009 15:40:02] /a 3
[05/07/2009 15:40:03] /a 3
[05/07/2009 15:40:47] /b ATENÇÃO NGM FALA CUM UM PIG PELA CITY, OU ENTAUM PEGARÁ GRIPE SUINA!
[05/07/2009 15:43:03] /bc Adriano tah me ouvindo ??
[05/07/2009 15:43:33] /bc Ronaldo...    Brilha muito nu corinthians.
[05/07/2009 15:43:43] /bc KDE O CHINELO?????????
[05/07/2009 15:43:49] /bc o CHINELO????
[05/07/2009 15:43:56] /bc KDE O CHINELO????
[05/07/2009 15:44:13] /ghost
[05/07/2009 15:44:18] /newtype 332
[05/07/2009 15:45:28] /bc Desculpem a GRITARIA DE CHINELOOOO!   (DESCULPE REI)
[05/07/2009 15:46:15] /goto Rei Comedinha
[05/07/2009 15:48:58] /i 7588
[05/07/2009 15:50:01] /a 2
[05/07/2009 15:50:16] /a 10
[05/07/2009 15:50:29] /up
[05/07/2009 15:50:36] /down
[05/07/2009 15:50:37] /down
[05/07/2009 15:50:42] /a 3
[05/07/2009 15:50:54] /t
[05/07/2009 15:50:57] /a 10
[05/07/2009 15:51:14] /goto Principe Leonardo
[05/07/2009 15:51:32] /newtype 332
[05/07/2009 15:51:51] /goto Principe Leonardo
[05/07/2009 15:51:57] /a 3
[05/07/2009 15:52:10] /a 1
[05/07/2009 15:52:10] /a 1
[05/07/2009 15:52:30] /a 1
[05/07/2009 15:52:30] /a 1
[05/07/2009 15:52:30] /a 1
[05/07/2009 15:52:31] /a 1
[05/07/2009 15:52:32] /a 1
[05/07/2009 15:52:32] /a 1
[05/07/2009 15:52:33] /a 1
[05/07/2009 15:52:33] /a 1
[05/07/2009 15:52:33] /a 1
[05/07/2009 15:52:33] /a 1
[05/07/2009 15:52:33] /a 1
[05/07/2009 15:52:34] /a 1
[05/07/2009 15:52:35] /a 1
[05/07/2009 15:52:35] /a 1
[05/07/2009 15:52:35] /a 1
[05/07/2009 15:52:35] /a 1
[05/07/2009 15:52:35] /a 1
[05/07/2009 15:52:35] /a 1
[05/07/2009 15:52:35] /a 1
[05/07/2009 15:52:36] /a 1
[05/07/2009 15:52:37] /a 1
[05/07/2009 15:52:37] /a 1
[05/07/2009 15:52:39] /a 1
[05/07/2009 15:52:39] /a 1
[05/07/2009 15:52:39] /a 1
[05/07/2009 15:52:39] /a 1
[05/07/2009 15:52:39] /a 1
[05/07/2009 15:52:39] /a 1
[05/07/2009 15:52:40] /a 1
[05/07/2009 15:52:40] /a 1
[05/07/2009 15:52:40] /a 1
[05/07/2009 15:52:40] /a 1
[05/07/2009 15:52:40] /a 1
[05/07/2009 15:52:40] /a 1
[05/07/2009 15:52:40] /a 1
[05/07/2009 15:52:41] /a 1
[05/07/2009 15:52:41] /a 1
[05/07/2009 15:52:41] /a 1
[05/07/2009 15:52:43] /a 1
[05/07/2009 15:52:44] /a 1
[05/07/2009 15:52:44] /a 1
[05/07/2009 15:52:44] /a 1
[05/07/2009 15:52:44] /a 1
[05/07/2009 15:52:45] /a 1
[05/07/2009 15:52:45] /a 1
[05/07/2009 15:52:45] /a 1
[05/07/2009 15:52:45] /a 1
[05/07/2009 15:52:45] /a 1
[05/07/2009 15:52:45] /a 1
[05/07/2009 15:52:45] /a 1
[05/07/2009 15:52:45] /a 1
[05/07/2009 15:52:45] /a 1
[05/07/2009 15:52:45] /a 1
[05/07/2009 15:52:45] /a 1
[05/07/2009 15:52:45] /a 1
[05/07/2009 15:52:45] /a 1
[05/07/2009 15:52:46] /a 1
[05/07/2009 15:52:46] /a 1
[05/07/2009 15:52:47] /a 1
[05/07/2009 15:52:47] /a 1
[05/07/2009 15:52:47] /a 1
[05/07/2009 15:52:48] /a 1
[05/07/2009 15:52:48] /a 1
[05/07/2009 15:52:48] /a 1
[05/07/2009 15:52:48] /a 1
[05/07/2009 15:52:48] /a 1
[05/07/2009 15:52:48] /a 1
[05/07/2009 15:52:48] /a 1
[05/07/2009 15:52:48] /a 1
[05/07/2009 15:52:49] /a 1
[05/07/2009 15:52:49] /a 1
[05/07/2009 15:52:49] /a 1
[05/07/2009 15:52:49] /a 1
[05/07/2009 15:52:49] /a 1
[05/07/2009 15:52:50] /a 1
[05/07/2009 15:52:50] /a 1
[05/07/2009 15:52:50] /a 1
[05/07/2009 15:52:50] /a 1
[05/07/2009 15:52:51] /a 1
[05/07/2009 15:52:51] /a 1
[05/07/2009 15:52:51] /a 1
[05/07/2009 15:52:51] /a 1
[05/07/2009 15:52:51] /a 1
[05/07/2009 15:52:51] /a 1
[05/07/2009 15:52:51] /a 1
[05/07/2009 15:52:51] /a 1
[05/07/2009 15:52:51] /a 1
[05/07/2009 15:52:51] /a 1
[05/07/2009 15:52:51] /a 1
[05/07/2009 15:52:51] /a 1
[05/07/2009 15:52:51] /a 1
[05/07/2009 15:52:51] /a 1
[05/07/2009 15:52:51] /a 1
[05/07/2009 15:52:51] /a 1
[05/07/2009 15:52:52] /a 1
[05/07/2009 15:52:52] /a 1
[05/07/2009 15:52:52] /a 1
[05/07/2009 15:52:52] /a 1
[05/07/2009 15:52:52] /a 1
[05/07/2009 15:52:52] /a 1
[05/07/2009 15:52:52] /a 1
[05/07/2009 15:52:52] /a 1
[05/07/2009 15:52:52] /a 1
[05/07/2009 15:52:52] /a 1
[05/07/2009 15:52:52] /a 1
[05/07/2009 15:52:52] /a 1
[05/07/2009 15:52:52] /a 1
[05/07/2009 15:52:52] /a 1
[05/07/2009 15:52:52] /a 1
[05/07/2009 15:52:52] /a 1
[05/07/2009 15:52:54] /a 1
[05/07/2009 15:52:54] /a 1
[05/07/2009 15:52:54] /a 1
[05/07/2009 15:52:54] /a 1
[05/07/2009 15:52:54] /a 1
[05/07/2009 15:52:55] /a 1
[05/07/2009 15:52:55] /a 1
[05/07/2009 15:52:55] /a 1
[05/07/2009 15:52:55] /a 1
[05/07/2009 15:52:55] /a 1
[05/07/2009 15:52:55] /a 1
[05/07/2009 15:52:56] /a 1
[05/07/2009 15:52:56] /a 1
[05/07/2009 15:52:56] /a 1
[05/07/2009 15:52:56] /a 1
[05/07/2009 15:52:57] /a 1
[05/07/2009 15:52:57] /a 1
[05/07/2009 15:52:57] /a 1
[05/07/2009 15:52:57] /a 1
[05/07/2009 15:52:57] /a 1
[05/07/2009 15:52:57] /a 1
[05/07/2009 15:52:57] /a 1
[05/07/2009 15:52:58] /a 1
[05/07/2009 15:52:58] /a 1
[05/07/2009 15:52:58] /a 1
[05/07/2009 15:52:58] /a 1
[05/07/2009 15:52:58] /a 1
[05/07/2009 15:52:58] /a 1
[05/07/2009 15:52:58] /a 1
[05/07/2009 15:52:59] /a 1
[05/07/2009 15:52:59] /a 1
[05/07/2009 15:53:00] /a 1
[05/07/2009 15:53:00] /a 1
[05/07/2009 15:53:00] /a 1
[05/07/2009 15:53:00] /a 1
[05/07/2009 15:53:00] /a 1
[05/07/2009 15:53:00] /a 1
[05/07/2009 15:53:00] /a 1
[05/07/2009 15:53:00] /a 1
[05/07/2009 15:53:00] /a 1
[05/07/2009 15:53:00] /a 1
[05/07/2009 15:53:00] /a 1
[05/07/2009 15:53:00] /a 1
[05/07/2009 15:53:00] /a 1
[05/07/2009 15:53:00] /a 1
[05/07/2009 15:53:00] /a 1
[05/07/2009 15:53:01] /a 1
[05/07/2009 15:53:01] /a 1
[05/07/2009 15:53:01] /a 1
[05/07/2009 15:53:01] /a 1
[05/07/2009 15:53:01] /a 1
[05/07/2009 15:53:01] /a 1
[05/07/2009 15:53:01] /a 1
[05/07/2009 15:53:01] /a 1
[05/07/2009 15:53:01] /a 1
[05/07/2009 15:53:01] /a 1
[05/07/2009 15:53:02] /a 1
[05/07/2009 15:53:02] /a 1
[05/07/2009 15:53:02] /a 1
[05/07/2009 15:53:02] /a 1
[05/07/2009 15:53:02] /a 1
[05/07/2009 15:53:56] /b Principe Leonardo antes pergunta pro Rei se pode, prq o otros GOD fis um bixu e naum falo pro Rei e se ferro
[05/07/2009 15:54:32] /b O God Kainho feis um bixu e se ferro... pergunta 1º pro Rei se podew fazer
[05/07/2009 15:54:41] /goto Principe Leonardo
[05/07/2009 15:57:02] /clean
[05/07/2009 15:57:12] /r
[05/07/2009 15:57:14] /r
[05/07/2009 15:57:16] /r
[05/07/2009 15:57:23] /r
[05/07/2009 15:57:28] /r
[05/07/2009 15:57:30] /r
[05/07/2009 15:57:31] /r
[05/07/2009 15:57:33] /r
[05/07/2009 15:57:35] /r
[05/07/2009 15:57:38] /r
[05/07/2009 15:57:41] /r
[05/07/2009 15:57:43] /r
[05/07/2009 15:57:44] /r
[05/07/2009 15:57:48] /r
[05/07/2009 15:58:08] /ghost
[05/07/2009 15:58:25] /ghost
[05/07/2009 16:01:08] /ghost
[05/07/2009 16:01:15] /r
[05/07/2009 16:01:56] /bc 16:01 37 player(s) online
[05/07/2009 16:02:16] /goto Chokitos
[05/07/2009 16:02:25] /ghost
[05/07/2009 16:02:30] /ghost
[05/07/2009 16:02:40] /t
[05/07/2009 16:03:03] /m Goblin Demon
[05/07/2009 16:03:19] /clean
[05/07/2009 16:03:26] /goto Rei Comedinha
[05/07/2009 16:04:00] /bc Galera vo da 10 segundos pra vcs tirarem tods os summons da CITY!! POIS ESTA DANDO SPAM!
[05/07/2009 16:04:06] /bc 10
[05/07/2009 16:04:08] /bc 9
[05/07/2009 16:04:10] /bc 8
[05/07/2009 16:04:12] /bc 7
[05/07/2009 16:04:14] /bc 6
[05/07/2009 16:04:16] /bc 5
[05/07/2009 16:04:18] /bc 4
[05/07/2009 16:04:21] /bc 3
[05/07/2009 16:04:23] /bc 2
[05/07/2009 16:04:24] /bc
[05/07/2009 16:04:30] /bc 1
[05/07/2009 16:04:45] /bc 0
[05/07/2009 16:04:50] /bc DESSLOGUEM!
[05/07/2009 16:05:11] /bc Bem melhor!
[05/07/2009 16:05:15] /ghost
[05/07/2009 16:06:01] /ghost
[05/07/2009 16:06:21] /r
[05/07/2009 16:06:22] /r
[05/07/2009 16:06:22] /r
[05/07/2009 16:06:22] /r
[05/07/2009 16:06:22] /r
[05/07/2009 16:06:22] /r
[05/07/2009 16:06:22] /r
[05/07/2009 16:06:22] /r
[05/07/2009 16:06:22] /r
[05/07/2009 16:06:22] /r
[05/07/2009 16:06:22] /r
[05/07/2009 16:06:22] /r
[05/07/2009 16:06:22] /r
[05/07/2009 16:06:22] /r
[05/07/2009 16:06:22] /r
[05/07/2009 16:06:22] /r
[05/07/2009 16:06:22] /r
[05/07/2009 16:06:22] /r
[05/07/2009 16:06:22] /r
[05/07/2009 16:06:22] /r
[05/07/2009 16:06:22] /r
[05/07/2009 16:06:22] /r
[05/07/2009 16:06:22] /r
[05/07/2009 16:06:22] /r
[05/07/2009 16:06:23] /r
[05/07/2009 16:06:23] /r
[05/07/2009 16:06:23] /r
[05/07/2009 16:06:23] /r
[05/07/2009 16:06:23] /r
[05/07/2009 16:06:23] /r
[05/07/2009 16:06:23] /r
[05/07/2009 16:06:23] /r
[05/07/2009 16:06:23] /r
[05/07/2009 16:06:23] /r
[05/07/2009 16:06:23] /r
[05/07/2009 16:06:23] /r
[05/07/2009 16:06:23] /r
[05/07/2009 16:06:23] /r
[05/07/2009 16:06:23] /r
[05/07/2009 16:06:23] /r
[05/07/2009 16:06:23] /r
[05/07/2009 16:06:23] /r
[05/07/2009 16:06:23] /r
[05/07/2009 16:06:23] /r
[05/07/2009 16:06:24] /r
[05/07/2009 16:06:24] /r
[05/07/2009 16:06:24] /r
[05/07/2009 16:06:24] /r
[05/07/2009 16:06:24] /r
[05/07/2009 16:06:24] /r
[05/07/2009 16:06:24] /r
[05/07/2009 16:06:24] /r
[05/07/2009 16:06:24] /r
[05/07/2009 16:06:24] /r
[05/07/2009 16:06:24] /r
[05/07/2009 16:06:24] /r
[05/07/2009 16:06:24] /r
[05/07/2009 16:06:24] /r
[05/07/2009 16:06:24] /r
[05/07/2009 16:06:24] /r
[05/07/2009 16:06:24] /r
[05/07/2009 16:06:24] /r
[05/07/2009 16:06:24] /r
[05/07/2009 16:06:24] /r
[05/07/2009 16:06:24] /r
[05/07/2009 16:06:24] /r
[05/07/2009 16:06:24] /r
[05/07/2009 16:06:24] /r
[05/07/2009 16:06:24] /r
[05/07/2009 16:06:24] /r
[05/07/2009 16:06:24] /r
[05/07/2009 16:06:24] /r
[05/07/2009 16:06:24] /r
[05/07/2009 16:06:25] /r
[05/07/2009 16:06:25] /r
[05/07/2009 16:06:25] /r
[05/07/2009 16:06:25] /r
[05/07/2009 16:06:25] /r
[05/07/2009 16:06:25] /r
[05/07/2009 16:06:25] /r
[05/07/2009 16:06:25] /r
[05/07/2009 16:06:25] /r
[05/07/2009 16:06:25] /r
[05/07/2009 16:06:25] /r
[05/07/2009 16:06:25] /r
[05/07/2009 16:06:25] /r
[05/07/2009 16:06:25] /r
[05/07/2009 16:06:25] /r
[05/07/2009 16:06:25] /r
[05/07/2009 16:06:25] /r
[05/07/2009 16:06:25] /r
[05/07/2009 16:06:26] /r
[05/07/2009 16:06:26] /r
[05/07/2009 16:06:26] /r
[05/07/2009 16:06:26] /r
[05/07/2009 16:06:26] /r
[05/07/2009 16:06:26] /r
[05/07/2009 16:06:26] /r
[05/07/2009 16:06:26] /r
[05/07/2009 16:06:26] /r
[05/07/2009 16:06:26] /r
[05/07/2009 16:06:26] /r
[05/07/2009 16:06:26] /r
[05/07/2009 16:06:26] /r
[05/07/2009 16:06:26] /r
[05/07/2009 16:06:26] /r
[05/07/2009 16:06:26] /r
[05/07/2009 16:06:26] /r
[05/07/2009 16:06:26] /r
[05/07/2009 16:06:26] /r
[05/07/2009 16:06:26] /r
[05/07/2009 16:06:26] /r
[05/07/2009 16:06:26] /r
[05/07/2009 16:06:26] /r
[05/07/2009 16:06:26] /r
[05/07/2009 16:06:26] /r
[05/07/2009 16:06:26] /r
[05/07/2009 16:06:26] /r
[05/07/2009 16:06:27] /r
[05/07/2009 16:06:27] /r
[05/07/2009 16:06:27] /r
[05/07/2009 16:06:27] /r
[05/07/2009 16:06:27] /r
[05/07/2009 16:06:27] /r
[05/07/2009 16:06:27] /r
[05/07/2009 16:06:27] /r
[05/07/2009 16:06:27] /r
[05/07/2009 16:06:27] /r
[05/07/2009 16:06:27] /r
[05/07/2009 16:06:27] /r
[05/07/2009 16:06:27] /r
[05/07/2009 16:06:27] /r
[05/07/2009 16:06:27] /r
[05/07/2009 16:06:27] /r
[05/07/2009 16:06:27] /r
[05/07/2009 16:06:27] /r
[05/07/2009 16:06:27] /r
[05/07/2009 16:06:27] /r
[05/07/2009 16:06:27] /r
[05/07/2009 16:06:27] /r
[05/07/2009 16:06:27] /r
[05/07/2009 16:06:27] /r
[05/07/2009 16:06:28] /r
[05/07/2009 16:06:28] /r
[05/07/2009 16:06:28] /r
[05/07/2009 16:06:28] /r
[05/07/2009 16:06:28] /r
[05/07/2009 16:06:28] /r
[05/07/2009 16:06:28] /r
[05/07/2009 16:06:28] /r
[05/07/2009 16:06:28] /r
[05/07/2009 16:06:28] /r
[05/07/2009 16:06:28] /r
[05/07/2009 16:06:28] /r
[05/07/2009 16:06:28] /r
[05/07/2009 16:06:28] /r
[05/07/2009 16:06:28] /r
[05/07/2009 16:06:28] /r
[05/07/2009 16:06:28] /r
[05/07/2009 16:06:28] /r
[05/07/2009 16:06:28] /r
[05/07/2009 16:06:28] /r
[05/07/2009 16:06:28] /r
[05/07/2009 16:06:28] /r
[05/07/2009 16:06:28] /r
[05/07/2009 16:06:28] /r
[05/07/2009 16:06:28] /r
[05/07/2009 16:06:28] /r
[05/07/2009 16:06:28] /r
[05/07/2009 16:06:28] /r
[05/07/2009 16:06:29] /r
[05/07/2009 16:06:29] /r
[05/07/2009 16:06:29] /r
[05/07/2009 16:06:29] /r
[05/07/2009 16:06:29] /r
[05/07/2009 16:06:29] /r
[05/07/2009 16:06:29] /r
[05/07/2009 16:06:29] /r
[05/07/2009 16:06:29] /r
[05/07/2009 16:06:29] /r
[05/07/2009 16:06:29] /r
[05/07/2009 16:06:29] /r
[05/07/2009 16:06:29] /r
[05/07/2009 16:06:29] /r
[05/07/2009 16:06:29] /r
[05/07/2009 16:06:29] /r
[05/07/2009 16:06:29] /r
[05/07/2009 16:06:29] /r
[05/07/2009 16:06:29] /r
[05/07/2009 16:06:29] /r
[05/07/2009 16:06:29] /r
[05/07/2009 16:06:29] /r
[05/07/2009 16:06:29] /r
[05/07/2009 16:06:29] /r
[05/07/2009 16:06:29] /r
[05/07/2009 16:06:29] /r
[05/07/2009 16:06:29] /r
[05/07/2009 16:06:29] /r
[05/07/2009 16:06:30] /r
[05/07/2009 16:06:30] /r
[05/07/2009 16:06:30] /r
[05/07/2009 16:06:30] /r
[05/07/2009 16:06:30] /r
[05/07/2009 16:06:30] /r
[05/07/2009 16:06:30] /r
[05/07/2009 16:06:30] /r
[05/07/2009 16:06:30] /r
[05/07/2009 16:06:30] /r
[05/07/2009 16:06:30] /r
[05/07/2009 16:06:30] /r
[05/07/2009 16:06:30] /r
[05/07/2009 16:06:30] /r
[05/07/2009 16:06:30] /r
[05/07/2009 16:06:30] /r
[05/07/2009 16:06:30] /r
[05/07/2009 16:06:30] /r
[05/07/2009 16:06:30] /r
[05/07/2009 16:06:30] /r
[05/07/2009 16:06:30] /r
[05/07/2009 16:06:30] /r
[05/07/2009 16:06:30] /r
[05/07/2009 16:06:30] /r
[05/07/2009 16:06:31] /r
[05/07/2009 16:06:31] /r
[05/07/2009 16:06:31] /r
[05/07/2009 16:06:31] /r
[05/07/2009 16:06:31] /r
[05/07/2009 16:06:31] /r
[05/07/2009 16:06:31] /r
[05/07/2009 16:06:31] /r
[05/07/2009 16:06:31] /r
[05/07/2009 16:06:31] /r
[05/07/2009 16:06:31] /r
[05/07/2009 16:06:31] /r
[05/07/2009 16:06:31] /r
[05/07/2009 16:06:31] /r
[05/07/2009 16:06:31] /r
[05/07/2009 16:06:31] /r
[05/07/2009 16:06:31] /r
[05/07/2009 16:06:31] /r
[05/07/2009 16:06:31] /r
[05/07/2009 16:06:31] /r
[05/07/2009 16:06:31] /r
[05/07/2009 16:06:31] /r
[05/07/2009 16:06:31] /r
[05/07/2009 16:06:31] /r
[05/07/2009 16:06:32] /r
[05/07/2009 16:06:32] /r
[05/07/2009 16:06:32] /r
[05/07/2009 16:06:32] /r
[05/07/2009 16:06:32] /r
[05/07/2009 16:06:32] /r
[05/07/2009 16:06:32] /r
[05/07/2009 16:06:32] /r
[05/07/2009 16:06:32] /r
[05/07/2009 16:06:32] /r
[05/07/2009 16:06:32] /r
[05/07/2009 16:06:32] /r
[05/07/2009 16:06:32] /r
[05/07/2009 16:06:32] /r
[05/07/2009 16:06:32] /r
[05/07/2009 16:06:32] /r
[05/07/2009 16:06:32] /r
[05/07/2009 16:06:32] /r
[05/07/2009 16:06:32] /r
[05/07/2009 16:06:33] /r
[05/07/2009 16:06:33] /r
[05/07/2009 16:06:33] /r
[05/07/2009 16:06:33] /r
[05/07/2009 16:06:33] /r
[05/07/2009 16:06:33] /r
[05/07/2009 16:06:33] /r
[05/07/2009 16:06:33] /r
[05/07/2009 16:06:33] /r
[05/07/2009 16:06:33] /r
[05/07/2009 16:06:33] /r
[05/07/2009 16:06:33] /r
[05/07/2009 16:06:33] /r
[05/07/2009 16:06:33] /r
[05/07/2009 16:06:33] /r
[05/07/2009 16:06:33] /r
[05/07/2009 16:07:32] /bc Por favor... Não fiquem sumonando bixo no Jogo... Pois da SPAM...
[05/07/2009 16:07:37] /bc Obrigado.
[05/07/2009 16:08:00] /bc SAFADINHO MEU OVO!
[05/07/2009 16:08:18] /goto Rei Comedinho
[05/07/2009 16:08:26] /up
[05/07/2009 16:08:27] /up
[05/07/2009 16:08:41] /t
[05/07/2009 16:08:58] /ghost
[05/07/2009 16:09:12] /r
[05/07/2009 16:10:17] /a 10
[05/07/2009 16:10:19] /a 10
[05/07/2009 16:11:18] /ghost
[05/07/2009 16:11:35] /i 2160
[05/07/2009 16:11:44] /i 1480
[05/07/2009 16:11:53] /i 1480
[05/07/2009 16:12:00] /i 1480
[05/07/2009 16:12:14] /r
[05/07/2009 16:12:16] /r
[05/07/2009 16:12:17] /r
[05/07/2009 16:12:20] /r
[05/07/2009 16:13:24] /ghost
[05/07/2009 16:15:09] /goto Rei Comedinha
[05/07/2009 16:16:21] /i Demn Armor
[05/07/2009 16:16:27] /i Demon Armor
[05/07/2009 16:16:51] /a 10
[05/07/2009 16:18:24] /i Demn Legs
[05/07/2009 16:18:51] /ghost
[05/07/2009 16:19:02] /c Sua irma
[05/07/2009 16:19:14] /c i sua mae
[05/07/2009 16:19:20] /c Sua mae
[05/07/2009 16:21:47] /a 20
[05/07/2009 16:21:51] /a 4
[05/07/2009 16:22:19] /r
[05/07/2009 16:22:24] /r
[05/07/2009 16:22:33] /clean
[05/07/2009 16:22:41] /bc 16:22 Collected 860 items.
[05/07/2009 16:23:55] /goto Noiadinhaa
[05/07/2009 16:24:06] /goto Noiadinhaa
[05/07/2009 16:24:11] /ghost
[05/07/2009 16:26:39] /bc TOP Level: Noiadinhaa (606)
[05/07/2009 16:29:31] /ghost
[05/07/2009 16:30:20] /c Pally Psy Eterno
[05/07/2009 16:31:25] /bc Evento Caça ao TESOURO!  Está escondido 1kk"!  DICA: PERTO DA CASA REAL!
[05/07/2009 16:31:46] /bc Evento Caça ao TESOURO!  Está escondido 1kk"!  DICA: PERTO DA CASA REAL!
[05/07/2009 16:31:48] /bc Evento Caça ao TESOURO!  Está escondido 1kk"!  DICA: PERTO DA CASA REAL!
[05/07/2009 16:31:48] /bc Evento Caça ao TESOURO!  Está escondido 1kk"!  DICA: PERTO DA CASA REAL!
[05/07/2009 16:31:49] /bc Evento Caça ao TESOURO!  Está escondido 1kk"!  DICA: PERTO DA CASA REAL!
[05/07/2009 16:31:55] /bc Evento Caça ao TESOURO!  Está escondido 1kk"!  DICA: PERTO DA CASA REAL!
[05/07/2009 16:31:57] /bc Evento Caça ao TESOURO!  Está escondido 1kk"!  DICA: PERTO DA CASA REAL!
[05/07/2009 16:32:22] /bc Evento Caça ao TESOURO!  Está escondido 1kk"!  DICA: PERTO DA CASA REAL!
[05/07/2009 16:32:55] /bc Evento Caça ao TESOURO!  Está escondido 1kk"!  DICA: PERTO DA CASA REAL!
[05/07/2009 16:32:56] /bc Evento Caça ao TESOURO!  Está escondido 1kk"!  DICA: PERTO DA CASA REAL!
[05/07/2009 16:33:13] /bc PARABÉNS A Sua Mãe!
[05/07/2009 16:33:30] /bc Sua Mãe ACHOU!
[05/07/2009 16:33:47] /bc Lcalizando eventos...
[05/07/2009 16:34:11] /bc A Jogadora "Sua Mãe"   ACHOU  EVENTO!
[05/07/2009 16:34:22] /bc Localizando mais eventos...
[05/07/2009 16:34:52] /bc AGORA VO FAZER UM EVENTO SUPER MASSA! E BEM DIFICIL, E SEM DICAS...
[05/07/2009 16:35:21] /bc A Recompensa eh de um Demon SET 
[05/07/2009 16:35:51] /bc EVENTO ACHE O DEMON SET!  (PREOCUREM PELA CITY O SET)  QUEM ACHAR O LEVA!
[05/07/2009 16:36:05] /i Demon Armor.
[05/07/2009 16:36:34] /bc EVENTO ACHE O DEMON SET!  (PREOCUREM PELA CITY O SET)  QUEM ACHAR O LEVA!
[05/07/2009 16:36:50] /bc EVENTO ACHE O DEMON SET!  (PREOCUREM PELA CITY O SET)  QUEM ACHAR O LEVA!
[05/07/2009 16:37:33] /bc EVENTO ACHE O DEMON SET!  (PREOCUREM PELA CITY O SET)  QUEM ACHAR O LEVA!     **DICA**:  EXTREMO SUL
[05/07/2009 16:37:45] /c GM Andre
[05/07/2009 16:38:36] /bc EVENTO ACHE O DEMON SET!  (PREOCUREM PELA CITY O SET)  QUEM ACHAR O LEVA!  DICA: EM CIMA DE UM TELHADO AO SUL DA CITY
[05/07/2009 16:38:53] /i Demon Armor
[05/07/2009 16:39:01] /i "Demon Shield
[05/07/2009 16:39:07] /i Demon Shield
[05/07/2009 16:39:18] /i "Demon Legs
[05/07/2009 16:39:25] /i Demon Legs
[05/07/2009 16:39:43] /i Boots of Haste
[05/07/2009 16:40:10] /bc PARABÉNS A Naah! Ela achou o SET!
[05/07/2009 16:40:48] /r
[05/07/2009 16:40:54] /r
[05/07/2009 16:41:49] /down
[05/07/2009 16:41:52] /r
[05/07/2009 16:41:54] /r
[05/07/2009 16:41:59] /r
[05/07/2009 16:42:01] /r
[05/07/2009 16:42:06] /r
[05/07/2009 16:42:44] /i 4798
[05/07/2009 16:42:48] /r
[05/07/2009 16:42:54] /r
[05/07/2009 16:43:58] /goto Rei Comedinha
[05/07/2009 16:44:04] /r
[05/07/2009 16:44:05] /r
[05/07/2009 16:44:18] /r
[05/07/2009 16:44:28] /a 2
[05/07/2009 16:44:30] /a 2
[05/07/2009 16:44:31] /a 2
[05/07/2009 16:44:33] /up
[05/07/2009 16:44:55] /ghost
[05/07/2009 16:44:59] /ghost
[05/07/2009 16:45:22] /b Atenção a Todos! Escondi uma DEMON BACKPACK na city, quem achar leva a BP + 50K.
[05/07/2009 16:45:24] /i 2160
[05/07/2009 16:45:25] /i 2160
[05/07/2009 16:45:25] /i 2160
[05/07/2009 16:45:25] /i 2160
[05/07/2009 16:45:25] /i 2160
[05/07/2009 16:45:25] /i 2160
[05/07/2009 16:45:25] /i 2160
[05/07/2009 16:45:25] /i 2160
[05/07/2009 16:45:25] /i 2160
[05/07/2009 16:45:25] /i 2160
[05/07/2009 16:45:25] /i 2160
[05/07/2009 16:45:25] /i 2160
[05/07/2009 16:45:25] /i 2160
[05/07/2009 16:45:25] /i 2160
[05/07/2009 16:45:25] /i 2160
[05/07/2009 16:45:25] /i 2160
[05/07/2009 16:45:25] /i 2160
[05/07/2009 16:45:25] /i 2160
[05/07/2009 16:45:25] /i 2160
[05/07/2009 16:45:26] /i 2160
[05/07/2009 16:45:26] /i 2160
[05/07/2009 16:45:26] /i 2160
[05/07/2009 16:45:26] /i 2160
[05/07/2009 16:45:26] /i 2160
[05/07/2009 16:45:26] /i 2160
[05/07/2009 16:45:26] /i 2160
[05/07/2009 16:45:26] /i 2160
[05/07/2009 16:45:26] /i 2160
[05/07/2009 16:45:26] /i 2160
[05/07/2009 16:45:26] /i 2160
[05/07/2009 16:45:26] /i 2160
[05/07/2009 16:45:26] /i 2160
[05/07/2009 16:45:26] /i 2160
[05/07/2009 16:45:26] /i 2160
[05/07/2009 16:45:26] /i 2160
[05/07/2009 16:45:26] /i 2160
[05/07/2009 16:45:26] /i 2160
[05/07/2009 16:45:26] /i 2160
[05/07/2009 16:45:26] /i 2160
[05/07/2009 16:45:26] /i 2160
[05/07/2009 16:45:26] /i 2160
[05/07/2009 16:45:26] /i 2160
[05/07/2009 16:45:26] /i 2160
[05/07/2009 16:45:26] /i 2160
[05/07/2009 16:45:27] /i 2160
[05/07/2009 16:45:27] /i 2160
[05/07/2009 16:45:27] /i 2160
[05/07/2009 16:45:27] /i 2160
[05/07/2009 16:45:27] /i 2160
[05/07/2009 16:45:27] /i 2160
[05/07/2009 16:45:27] /i 2160
[05/07/2009 16:45:27] /i 2160
[05/07/2009 16:45:27] /i 2160
[05/07/2009 16:45:27] /i 2160
[05/07/2009 16:45:27] /i 2160
[05/07/2009 16:45:27] /i 2160
[05/07/2009 16:45:27] /i 2160
[05/07/2009 16:45:27] /i 2160
[05/07/2009 16:45:27] /i 2160
[05/07/2009 16:45:27] /i 2160
[05/07/2009 16:45:27] /i 2160
[05/07/2009 16:45:27] /i 2160
[05/07/2009 16:45:27] /i 2160
[05/07/2009 16:45:27] /i 2160
[05/07/2009 16:45:27] /i 2160
[05/07/2009 16:45:28] /i 2160
[05/07/2009 16:45:28] /i 2160
[05/07/2009 16:45:28] /i 2160
[05/07/2009 16:45:28] /i 2160
[05/07/2009 16:45:28] /i 2160
[05/07/2009 16:45:28] /i 2160
[05/07/2009 16:45:28] /i 2160
[05/07/2009 16:45:28] /i 2160
[05/07/2009 16:45:28] /i 2160
[05/07/2009 16:45:28] /i 2160
[05/07/2009 16:45:28] /i 2160
[05/07/2009 16:45:28] /i 2160
[05/07/2009 16:45:28] /i 2160
[05/07/2009 16:45:28] /i 2160
[05/07/2009 16:45:28] /i 2160
[05/07/2009 16:45:28] /i 2160
[05/07/2009 16:45:28] /i 2160
[05/07/2009 16:45:28] /i 2160
[05/07/2009 16:45:28] /i 2160
[05/07/2009 16:45:28] /i 2160
[05/07/2009 16:45:28] /i 2160
[05/07/2009 16:45:28] /i 2160
[05/07/2009 16:45:29] /i 2160
[05/07/2009 16:45:29] /i 2160
[05/07/2009 16:45:29] /i 2160
[05/07/2009 16:45:29] /i 2160
[05/07/2009 16:45:29] /i 2160
[05/07/2009 16:45:29] /i 2160
[05/07/2009 16:45:29] /i 2160
[05/07/2009 16:45:30] /i 2160
[05/07/2009 16:45:30] /i 2160
[05/07/2009 16:45:30] /i 2160
[05/07/2009 16:45:30] /i 2160
[05/07/2009 16:45:30] /i 2160
[05/07/2009 16:45:30] /i 2160
[05/07/2009 16:45:31] /i 2160
[05/07/2009 16:45:31] /i 2160
[05/07/2009 16:45:31] /i 2160
[05/07/2009 16:45:31] /i 2160
[05/07/2009 16:45:31] /i 2160
[05/07/2009 16:45:32] /i 2160
[05/07/2009 16:45:32] /i 2160
[05/07/2009 16:45:32] /i 2160
[05/07/2009 16:45:32] /i 2160
[05/07/2009 16:45:32] /i 2160
[05/07/2009 16:45:32] /i 2160
[05/07/2009 16:45:32] /i 2160
[05/07/2009 16:45:32] /i 2160
[05/07/2009 16:45:33] /i 2160
[05/07/2009 16:45:35] /i 2160
[05/07/2009 16:45:35] /i 2160
[05/07/2009 16:45:36] /i 2160
[05/07/2009 16:45:36] /i 2160
[05/07/2009 16:45:36] /i 2160
[05/07/2009 16:45:36] /i 2160
[05/07/2009 16:45:36] /i 2160
[05/07/2009 16:45:36] /i 2160
[05/07/2009 16:45:36] /i 2160
[05/07/2009 16:45:36] /i 2160
[05/07/2009 16:45:37] /i 2160
[05/07/2009 16:45:37] /i 2160
[05/07/2009 16:45:37] /i 2160
[05/07/2009 16:45:37] /i 2160
[05/07/2009 16:45:37] /i 2160
[05/07/2009 16:45:37] /i 2160
[05/07/2009 16:45:38] /i 2160
[05/07/2009 16:45:38] /i 2160
[05/07/2009 16:45:38] /i 2160
[05/07/2009 16:45:38] /i 2160
[05/07/2009 16:45:38] /i 2160
[05/07/2009 16:45:38] /i 2160
[05/07/2009 16:45:39] /i 2160
[05/07/2009 16:45:39] /i 2160
[05/07/2009 16:45:39] /i 2160
[05/07/2009 16:45:39] /i 2160
[05/07/2009 16:45:39] /i 2160
[05/07/2009 16:45:39] /i 2160
[05/07/2009 16:45:40] /i 2160
[05/07/2009 16:45:40] /i 2160
[05/07/2009 16:45:40] /i 2160
[05/07/2009 16:45:40] /i 2160
[05/07/2009 16:45:40] /i 2160
[05/07/2009 16:45:40] /i 2160
[05/07/2009 16:45:40] /i 2160
[05/07/2009 16:45:40] /i 2160
[05/07/2009 16:45:41] /i 2160
[05/07/2009 16:45:41] /i 2160
[05/07/2009 16:45:41] /i 2160
[05/07/2009 16:45:41] /i 2160
[05/07/2009 16:45:41] /i 2160
[05/07/2009 16:45:41] /i 2160
[05/07/2009 16:45:42] /i 2160
[05/07/2009 16:45:42] /i 2160
[05/07/2009 16:45:42] /i 2160
[05/07/2009 16:45:42] /i 2160
[05/07/2009 16:45:42] /i 2160
[05/07/2009 16:45:42] /i 2160
[05/07/2009 16:45:43] /i 2160
[05/07/2009 16:45:43] /i 2160
[05/07/2009 16:45:43] /i 2160
[05/07/2009 16:45:43] /i 2160
[05/07/2009 16:45:43] /i 2160
[05/07/2009 16:45:43] /i 2160
[05/07/2009 16:45:44] /i 2160
[05/07/2009 16:45:44] /i 2160
[05/07/2009 16:45:44] /i 2160
[05/07/2009 16:45:44] /i 2160
[05/07/2009 16:45:44] /i 2160
[05/07/2009 16:45:44] /i 2160
[05/07/2009 16:45:44] /i 2160
[05/07/2009 16:45:44] /i 2160
[05/07/2009 16:45:44] /i 2160
[05/07/2009 16:45:44] /i 2160
[05/07/2009 16:45:45] /i 2160
[05/07/2009 16:45:45] /i 2160
[05/07/2009 16:45:45] /i 2160
[05/07/2009 16:45:45] /i 2160
[05/07/2009 16:45:45] /i 2160
[05/07/2009 16:45:45] /i 2160
[05/07/2009 16:45:46] /i 2160
[05/07/2009 16:45:46] /i 2160
[05/07/2009 16:45:46] /i 2160
[05/07/2009 16:45:46] /i 2160
[05/07/2009 16:45:46] /i 2160
[05/07/2009 16:45:46] /i 2160
[05/07/2009 16:45:46] /i 2160
[05/07/2009 16:45:46] /i 2160
[05/07/2009 16:45:47] /i 2160
[05/07/2009 16:45:47] /i 2160
[05/07/2009 16:45:47] /i 2160
[05/07/2009 16:45:48] /i 2160
[05/07/2009 16:45:48] /i 2160
[05/07/2009 16:45:48] /i 2160
[05/07/2009 16:45:48] /i 2160
[05/07/2009 16:45:48] /i 2160
[05/07/2009 16:45:48] /i 2160
[05/07/2009 16:45:49] /i 2160
[05/07/2009 16:45:49] /i 2160
[05/07/2009 16:45:49] /i 2160
[05/07/2009 16:45:49] /i 2160
[05/07/2009 16:46:02] /ghost
[05/07/2009 16:47:15] /newtype 332
[05/07/2009 16:47:52] /goto Rei Comedinha
[05/07/2009 16:48:45] /goto Rei Comedinha
[05/07/2009 16:49:12] /i Small Ametysty
[05/07/2009 16:49:41] /t
[05/07/2009 16:50:34] /ghost
[05/07/2009 16:50:50] /r
[05/07/2009 16:51:00] /goto Rei Comedinha
[05/07/2009 16:51:07] /ghost
[05/07/2009 16:52:17] /bc Rei flws aee    ;D
[05/07/2009 16:52:23] /bc FLwss
[05/07/2009 16:52:27] /c Nitro
[05/07/2009 16:52:46] /c Pira
