[07/07/2009 18:57:08] /i yalahari armor
[07/07/2009 18:57:11] /i yalahari helmet
[07/07/2009 18:57:44] /i crystal coin 100
[07/07/2009 18:57:46] /i crystal coin
[07/07/2009 18:57:51] /i demon helmet
[07/07/2009 18:57:53] /i golden legs
[07/07/2009 18:57:58] /i crown backpack
[07/07/2009 18:58:02] /i 10024
[07/07/2009 18:58:04] /i 10026
[07/07/2009 18:58:05] /i 10027
[07/07/2009 18:58:06] /i 10028
[07/07/2009 18:58:07] /i 10029
[07/07/2009 18:58:08] /i 10030
[07/07/2009 18:58:09] /i 10031
[07/07/2009 18:58:12] /i 10032
[07/07/2009 18:58:13] /i 10033
[07/07/2009 18:58:14] /i 10034
[07/07/2009 18:58:15] /i 10035
[07/07/2009 18:58:16] /i 10036
[07/07/2009 18:58:18] /r
[07/07/2009 18:58:40] /i 10029
[07/07/2009 18:58:41] /i 10028
[07/07/2009 19:03:25] /up
[07/07/2009 19:03:27] /up
[07/07/2009 19:03:32] /up
[07/07/2009 19:03:36] /a 2
[07/07/2009 19:04:36] /m medusa
[07/07/2009 19:04:37] /m medusa
[07/07/2009 19:04:38] /m medusa
[07/07/2009 19:04:39] /m medusa
[07/07/2009 19:05:38] /r
[07/07/2009 19:05:39] /r
[07/07/2009 19:05:40] /r
[07/07/2009 19:05:40] /r
[07/07/2009 19:05:41] /r
[07/07/2009 19:05:41] /r
[07/07/2009 19:05:42] /r
[07/07/2009 19:05:42] /r
[07/07/2009 19:05:43] /r
[07/07/2009 19:05:43] /r
[07/07/2009 19:05:44] /r
[07/07/2009 19:05:44] /r
[07/07/2009 19:05:44] /r
[07/07/2009 19:05:44] /r
[07/07/2009 19:05:45] /r
[07/07/2009 19:05:45] /r
[07/07/2009 19:05:50] /i 10021
[07/07/2009 19:05:52] /i 10020
[07/07/2009 19:05:55] /i 10019
[07/07/2009 19:05:57] /i 10018
[07/07/2009 19:05:59] /i 10017
[07/07/2009 19:06:04] /r
[07/07/2009 19:06:05] /r
[07/07/2009 19:06:07] /r
[07/07/2009 19:06:07] /r
[07/07/2009 19:06:14] /i 10020
[07/07/2009 19:06:15] /i 10021
[07/07/2009 19:06:16] /i 10022
[07/07/2009 19:06:23] /i 10023
[07/07/2009 19:06:25] /i 10024
[07/07/2009 19:06:38] /i 10024
[07/07/2009 19:06:48] /i 10024
[07/07/2009 19:06:48] /i 10024
[07/07/2009 19:06:48] /i 10024
[07/07/2009 19:06:49] /i 10024
[07/07/2009 19:06:53] /i 10025
[07/07/2009 19:07:00] /i 10026
[07/07/2009 19:07:03] /i 10027
[07/07/2009 19:07:03] /i 10027
[07/07/2009 19:07:04] /i 10027
[07/07/2009 19:07:04] /i 10027
[07/07/2009 19:07:05] /i 10027
[07/07/2009 19:07:05] /i 10027
[07/07/2009 19:07:06] /i 10027
[07/07/2009 19:07:06] /i 10027
[07/07/2009 19:07:07] /i 10027
[07/07/2009 19:07:07] /i 10027
[07/07/2009 19:07:08] /i 10027
[07/07/2009 19:07:09] /i 10027
[07/07/2009 19:07:10] /i 10027
[07/07/2009 19:07:12] /i 10027
[07/07/2009 19:07:13] /i 10027
[07/07/2009 19:07:20] /i 10028
[07/07/2009 19:07:25] /i 10024
[07/07/2009 19:07:25] /i 10024
[07/07/2009 19:07:26] /i 10024
[07/07/2009 19:07:26] /i 10024
[07/07/2009 19:07:27] /i 10024
[07/07/2009 19:07:28] /i 10024
[07/07/2009 19:07:28] /i 10024
[07/07/2009 19:07:29] /i 10024
[07/07/2009 19:07:30] /i 10024
[07/07/2009 19:07:30] /i 10024
[07/07/2009 19:07:30] /i 10024
[07/07/2009 19:07:31] /i 10024
[07/07/2009 19:07:31] /i 10024
[07/07/2009 19:07:32] /i 10024
[07/07/2009 19:07:32] /i 10024
[07/07/2009 19:07:33] /i 10024
[07/07/2009 19:07:34] /i 10024
[07/07/2009 19:07:34] /i 10024
[07/07/2009 19:07:35] /i 10024
[07/07/2009 19:07:35] /i 10024
[07/07/2009 19:07:36] /i 10024
[07/07/2009 19:07:42] /i 10028
[07/07/2009 19:07:43] /i 1002
[07/07/2009 19:07:49] /i 3153
[07/07/2009 19:07:54] /i 10029
[07/07/2009 19:07:56] /i 10030
[07/07/2009 19:08:00] /r
[07/07/2009 19:08:02] /i 10030
[07/07/2009 19:08:03] /i 10031
[07/07/2009 19:08:06] /i 10032
[07/07/2009 19:08:09] /i 10033
[07/07/2009 19:08:11] /i 10034
[07/07/2009 19:08:12] /i 10035
[07/07/2009 19:08:14] /i 10036
[07/07/2009 19:08:18] /i 10036
[07/07/2009 19:08:20] /i 10037
[07/07/2009 19:08:21] /i 10038
[07/07/2009 19:08:25] /i 10039
[07/07/2009 19:08:27] /i 10040
[07/07/2009 19:08:30] /r
[07/07/2009 19:08:32] /i 10040
[07/07/2009 19:08:33] /i 10041
[07/07/2009 19:08:34] /i 10042
[07/07/2009 19:08:37] /i 10050
[07/07/2009 19:08:38] /i 10070
[07/07/2009 19:08:43] /i 29045
[07/07/2009 19:08:48] /r
[08/07/2009 11:28:13] /t
[08/07/2009 11:28:31] /i crown backpack
[08/07/2009 11:28:32] /i crown backpack 
[08/07/2009 11:28:33] /i crown backpack 1
[08/07/2009 11:28:35] /i 10029
[08/07/2009 11:28:37] /i 10028
[08/07/2009 11:28:38] /i 10025
[08/07/2009 11:28:39] /i 10024
[08/07/2009 11:28:42] /i 10030
[08/07/2009 11:28:51] /i 10024
[08/07/2009 11:28:53] /i 10021
[08/07/2009 11:28:55] /i 10022
[08/07/2009 11:28:59] /i 10024
[08/07/2009 11:29:00] /i 10026
[08/07/2009 11:29:01] /i 10025
[08/07/2009 11:29:11] /i 10027
[08/07/2009 11:29:12] /i 10028
[08/07/2009 11:29:13] /i 10029
[08/07/2009 11:29:15] /i 10030
[08/07/2009 11:29:16] /i 10031
[08/07/2009 11:29:19] /clean 1
[08/07/2009 11:29:24] /clean
[08/07/2009 11:29:27] /r
[08/07/2009 11:29:28] /r
[08/07/2009 11:29:29] /r
[08/07/2009 11:29:29] /r
[08/07/2009 11:30:08] /i health potion
[08/07/2009 11:30:16] /i ham
[08/07/2009 11:36:11] /i meat
[08/07/2009 12:10:30] /i ultimate healinh potion
[08/07/2009 12:10:41] /i strong health potion
[08/07/2009 12:10:50] /i meat
[08/07/2009 12:11:13] /i sword ring
[08/07/2009 12:39:53] /i cherries
[08/07/2009 12:39:57] /i 2679
[08/07/2009 12:40:41] /newtype 330
[08/07/2009 12:40:44] /newtype 302
[08/07/2009 12:40:55] /r
[08/07/2009 12:40:57] /r
[08/07/2009 12:41:03] /a 2
[08/07/2009 12:41:05] /t
[08/07/2009 12:41:15] /i 3360
[08/07/2009 12:41:19] /i 3361
[08/07/2009 12:41:21] /i 3370
[08/07/2009 12:41:24] /i 3380
[08/07/2009 12:41:25] /i 3390
[08/07/2009 12:41:28] /i 3400
[08/07/2009 12:41:31] /i 3450
[08/07/2009 12:41:34] /i 3500
[08/07/2009 12:41:39] /i 3550
[08/07/2009 12:41:42] /i 3600
[08/07/2009 12:41:45] /i 3605
[08/07/2009 12:41:49] /i 10028
[08/07/2009 12:41:52] /i 10060
[08/07/2009 12:41:55] /i 11586
[08/07/2009 12:41:57] /i 11000
[08/07/2009 12:41:59] /i 11001
[08/07/2009 12:42:03] /i 1037
[08/07/2009 12:42:08] /i 10037
[08/07/2009 12:42:11] /i 10040
[08/07/2009 12:42:13] /i 10045
[08/07/2009 12:42:14] /i 10041
[08/07/2009 12:42:16] /i 10042
[08/07/2009 12:42:17] /i 10043
[08/07/2009 12:43:37] /i 1000
[08/07/2009 12:43:40] /i 1010
[08/07/2009 12:43:42] /i 1020
[08/07/2009 12:43:43] /i 1060
[08/07/2009 12:43:46] /i 1090
[08/07/2009 12:43:49] /i 110
[08/07/2009 12:43:51] /i 1100
[08/07/2009 12:43:54] /i 1
[08/07/2009 12:43:58] /r
[08/07/2009 12:44:02] /i 12
[08/07/2009 12:44:05] /i 50
[08/07/2009 12:44:07] /i 300
[08/07/2009 12:44:10] /i 330
[08/07/2009 12:44:13] /i 350
[08/07/2009 12:44:16] /i 40
[08/07/2009 12:44:18] /i 400
[08/07/2009 12:44:21] /i 480
[08/07/2009 12:44:26] /up
[08/07/2009 12:44:30] /i 410
[08/07/2009 12:44:33] /i 41
[08/07/2009 12:44:35] /i 401
[08/07/2009 12:44:36] /i 402
[08/07/2009 12:44:37] /i 405
[08/07/2009 12:44:39] /i 404
[08/07/2009 12:44:41] /i 403
[08/07/2009 12:44:44] /i 500
[08/07/2009 12:44:48] /i 489
[08/07/2009 12:44:50] /i 490
[08/07/2009 12:45:14] /i 2000
[08/07/2009 12:45:16] /i 20000
[08/07/2009 12:45:20] /i 11500
[08/07/2009 12:45:23] /i 12540
[08/07/2009 12:45:26] /i 13857
[08/07/2009 12:45:30] /i 14874
[08/07/2009 12:46:32] /a 2
[08/07/2009 12:46:35] /t
[08/07/2009 13:02:25] /a 30
[08/07/2009 13:02:53] /a 1
[08/07/2009 13:02:54] /a 1
[08/07/2009 13:03:32] /a 2
[08/07/2009 13:05:32] /a 2
[08/07/2009 13:05:39] /t
[08/07/2009 13:07:26] /a 50
[08/07/2009 13:07:29] /a 20
[08/07/2009 13:07:31] /a 10
[08/07/2009 13:07:33] /a 5
[08/07/2009 13:07:44] /a 3
[08/07/2009 13:08:28] /a 2
[08/07/2009 13:08:57] /t
[08/07/2009 13:14:02] /reload globalevents
[08/07/2009 13:14:31] /a 50
[08/07/2009 13:14:35] /a 25
[08/07/2009 13:14:39] /a 4
[08/07/2009 13:14:44] /t
[08/07/2009 15:46:38] /m chicken
[08/07/2009 15:46:39] /m chicken
[08/07/2009 15:46:40] /m chicken
[08/07/2009 15:46:40] /m chicken
[08/07/2009 15:46:42] /m chicken
[08/07/2009 15:46:42] /m chicken
[09/07/2009 12:51:30] /m medusa
[09/07/2009 12:52:00] /i 10030
[09/07/2009 12:52:01] /i 10031
[09/07/2009 12:52:06] /i 10000
[09/07/2009 12:52:07] /i 10001
[09/07/2009 12:52:08] /i 10002
[09/07/2009 12:52:09] /i 10003
[09/07/2009 12:52:11] /i 10005
[09/07/2009 12:52:13] /i 10007
[09/07/2009 12:52:15] /i 10008
[09/07/2009 12:52:16] /i 10009
[09/07/2009 12:52:18] /i 10010
[09/07/2009 12:52:20] /i 10011
[09/07/2009 12:52:22] /i 10012
[09/07/2009 12:52:34] /i 10013
[09/07/2009 12:52:36] /i 10014
[09/07/2009 12:52:38] /i 10015
[09/07/2009 12:52:39] /i 10016
[09/07/2009 12:52:57] /i 10017
[09/07/2009 12:53:03] /i 10018
[09/07/2009 12:53:30] /i 330
[09/07/2009 12:53:31] /i 331
[09/07/2009 12:55:02] /i dead medusa
[09/07/2009 12:55:37] /i bag
[09/07/2009 12:55:37] /i bag
[09/07/2009 12:55:38] /i bag
[09/07/2009 12:55:39] /i bag
[09/07/2009 12:55:58] /i ice rapier
[09/07/2009 12:55:58] /i ice rapier
[09/07/2009 12:55:59] /i ice rapier
[09/07/2009 12:55:59] /i ice rapier
[09/07/2009 12:55:59] /i ice rapier
[09/07/2009 12:55:59] /i ice rapier
[09/07/2009 12:55:59] /i ice rapier
[09/07/2009 12:55:59] /i ice rapier
[09/07/2009 12:55:59] /i ice rapier
[09/07/2009 12:55:59] /i ice rapier
[09/07/2009 12:56:00] /i ice rapier
[09/07/2009 12:56:00] /i ice rapier
[09/07/2009 12:56:00] /i ice rapier
[09/07/2009 12:56:00] /i ice rapier
[09/07/2009 12:56:00] /i ice rapier
[09/07/2009 12:56:00] /i ice rapier
[09/07/2009 12:56:00] /i ice rapier
[09/07/2009 12:56:00] /i ice rapier
[09/07/2009 12:56:01] /i ice rapier
[09/07/2009 12:56:01] /i ice rapier
[09/07/2009 12:56:01] /i ice rapier
[09/07/2009 12:56:01] /i ice rapier
[09/07/2009 12:56:02] /i ice rapier
[09/07/2009 12:56:02] /i ice rapier
[09/07/2009 12:56:02] /i ice rapier
[09/07/2009 12:56:02] /i ice rapier
[09/07/2009 12:56:02] /i ice rapier
[09/07/2009 12:56:03] /i ice rapier
[09/07/2009 12:56:03] /i ice rapier
[09/07/2009 12:56:04] /i ice rapier
[09/07/2009 12:56:04] /i ice rapier
[09/07/2009 12:56:04] /i ice rapier
[09/07/2009 12:56:04] /i ice rapier
[09/07/2009 12:56:04] /i ice rapier
[09/07/2009 12:56:04] /i ice rapier
[09/07/2009 12:56:04] /i ice rapier
[09/07/2009 12:56:04] /i ice rapier
[09/07/2009 12:56:04] /i ice rapier
[09/07/2009 12:56:04] /i ice rapier
[09/07/2009 12:56:04] /i ice rapier
[09/07/2009 12:56:04] /i ice rapier
[09/07/2009 12:56:04] /i ice rapier
[09/07/2009 12:56:04] /i ice rapier
[09/07/2009 12:56:04] /i ice rapier
[09/07/2009 12:56:05] /i ice rapier
[09/07/2009 12:56:05] /i ice rapier
[09/07/2009 12:56:05] /i ice rapier
[09/07/2009 12:56:11] /i 10034
[09/07/2009 12:56:12] /i 10035
[09/07/2009 12:56:13] /i 10036
[09/07/2009 12:56:15] /i 10037
[09/07/2009 12:56:16] /i 10038
[09/07/2009 12:56:17] /i 10039
[09/07/2009 12:56:20] /i 10040
[09/07/2009 12:56:22] /i 10041
[09/07/2009 12:56:23] /i 100412
[09/07/2009 12:56:25] /i 10042
[09/07/2009 12:56:27] /i 10043
[09/07/2009 12:56:28] /i 10044
[09/07/2009 12:56:29] /i 10045
[09/07/2009 12:56:31] /i 10046
[09/07/2009 12:56:32] /i 10047
[09/07/2009 12:56:33] /i 10048
[09/07/2009 12:56:35] /i 10049
[09/07/2009 12:56:37] /i 10050
[09/07/2009 12:56:38] /i 10051
[09/07/2009 12:56:40] /i 10052
[09/07/2009 12:56:41] /i 10053
[09/07/2009 12:56:42] /i 10054
[09/07/2009 12:56:44] /i 10055
[09/07/2009 12:56:46] /i 10056
[09/07/2009 12:56:47] /i 10057
[09/07/2009 12:56:48] /i 10058
[09/07/2009 12:56:49] /i 10059
[09/07/2009 12:56:51] /i 10060
[09/07/2009 12:56:53] /i 10061
[09/07/2009 12:56:54] /i 10062
[09/07/2009 12:56:55] /i 10063
[09/07/2009 12:56:56] /i 10064
[09/07/2009 12:56:58] /i 10065
[09/07/2009 12:56:59] /i 10066
[09/07/2009 12:57:01] /i 10067
[09/07/2009 12:57:02] /i 10068
[09/07/2009 12:57:04] /i 10069
[09/07/2009 12:57:22] /i 10050
[09/07/2009 12:57:24] /i 10055
[09/07/2009 12:57:25] /i 10060
[09/07/2009 12:57:27] /i 10070
[09/07/2009 12:57:28] /i 10071
[09/07/2009 12:57:29] /i 10072
[09/07/2009 12:57:32] /i 10073
[09/07/2009 12:57:33] /i 10074
[09/07/2009 12:57:34] /i 10075
[09/07/2009 12:57:35] /i 10076
[09/07/2009 12:57:36] /i 10077
[09/07/2009 12:57:37] /i 10078
[09/07/2009 12:57:39] /i 10079
[09/07/2009 12:57:40] /i 10080
[09/07/2009 12:57:42] /i 10081
[09/07/2009 12:57:44] /i 10082
[09/07/2009 12:57:45] /i 10083
[09/07/2009 12:57:46] /i 10084
[09/07/2009 12:57:48] /i 10085
[09/07/2009 12:57:49] /i 10086
[09/07/2009 12:57:51] /i 10087
[09/07/2009 12:57:52] /i 10088
[09/07/2009 12:57:54] /i 10089
[09/07/2009 12:57:56] /i 10090
[09/07/2009 12:57:58] /i 10091
[09/07/2009 12:57:59] /i 10092
[09/07/2009 12:58:00] /i 10093
[09/07/2009 12:58:01] /i 10094
[09/07/2009 12:58:03] /i 10095
[09/07/2009 12:58:04] /i 10096
[09/07/2009 12:58:05] /i 10097
[09/07/2009 12:58:11] /i 10098
[09/07/2009 12:58:12] /i 10099
[09/07/2009 12:58:15] /i 10100
[09/07/2009 12:58:16] /i 10101
[09/07/2009 12:58:17] /i 10102
[09/07/2009 12:58:18] /i 10103
[09/07/2009 12:58:19] /i 10104
[09/07/2009 12:58:20] /i 10105
[09/07/2009 12:58:21] /i 10106
[09/07/2009 12:58:22] /i 10107
[09/07/2009 12:58:23] /i 10108
[09/07/2009 12:58:24] /i 10109
[09/07/2009 12:58:27] /i 10110
[09/07/2009 12:58:28] /i 10111
[09/07/2009 12:58:29] /i 10112
[09/07/2009 12:58:30] /i 10113
[09/07/2009 12:58:32] /i 10114
[09/07/2009 12:58:33] /i 10115
[09/07/2009 12:58:34] /i 10116
[09/07/2009 12:58:36] /i 1011
[09/07/2009 12:58:37] /i 1018
[09/07/2009 12:59:15] /i 10116
[09/07/2009 12:59:17] /i 10120
[09/07/2009 12:59:18] /i 10121
[09/07/2009 12:59:19] /i 10122
[09/07/2009 12:59:19] /i 10123
[09/07/2009 12:59:21] /i 10124
[09/07/2009 12:59:22] /i 10125
[09/07/2009 12:59:23] /i 10126
[09/07/2009 12:59:25] /i 10127
[09/07/2009 12:59:27] /i 10128
[09/07/2009 12:59:28] /i 10129
[09/07/2009 12:59:31] /i 10130
[09/07/2009 12:59:32] /i 10131
[09/07/2009 12:59:33] /i 10132
[09/07/2009 12:59:35] /i 10133
[09/07/2009 12:59:36] /i 10134
[09/07/2009 12:59:37] /i 10135
[09/07/2009 12:59:38] /i 10136
[09/07/2009 12:59:41] /i 10137
[09/07/2009 12:59:42] /i 10138
[09/07/2009 12:59:44] /i 10139
[09/07/2009 12:59:56] /i 10180
[09/07/2009 13:00:00] /i 10140
[09/07/2009 13:00:01] /i 10141
[09/07/2009 13:00:02] /i 10142
[09/07/2009 13:00:03] /i 10143
[09/07/2009 13:00:04] /i 10144
[09/07/2009 13:00:06] /i 10145
[09/07/2009 13:00:08] /i 10146
[09/07/2009 13:00:09] /i 10147
[09/07/2009 13:00:13] /i 10180
[09/07/2009 13:00:14] /i 10181
[09/07/2009 13:00:15] /i 10182
[09/07/2009 13:00:16] /i 10183
[09/07/2009 13:00:18] /i 10200
[09/07/2009 13:00:19] /i 10201
[09/07/2009 13:00:22] /i 10205
[09/07/2009 13:00:24] /i 10204
[09/07/2009 13:00:26] /i 10208
[09/07/2009 13:00:29] /i 10209.
[09/07/2009 13:00:33] /i 10210
[09/07/2009 13:00:35] /i 10211
[09/07/2009 13:00:36] /i 10212
[09/07/2009 13:00:37] /i 10213
[09/07/2009 13:00:38] /i 10214
[09/07/2009 13:00:39] /i 10215
[09/07/2009 13:00:40] /i 10216
[09/07/2009 13:00:41] /i 10217
[09/07/2009 13:00:42] /i 10218
[09/07/2009 13:00:44] /i 10219
[09/07/2009 13:00:53] /i 10220
[09/07/2009 13:00:54] /i 10221
[09/07/2009 13:00:55] /i 10222
[09/07/2009 13:00:56] /i 10223
[09/07/2009 13:00:57] /i 10224
[09/07/2009 13:00:58] /i 10225
[09/07/2009 13:01:00] /i 10226
[09/07/2009 13:01:02] /i 10227
[09/07/2009 13:01:03] /i 10228
[09/07/2009 13:01:04] /i 10229
[09/07/2009 13:01:06] /i 10230
[09/07/2009 13:01:07] /i 10231
[09/07/2009 13:01:09] /i 10232
[09/07/2009 13:01:31] /i 10233
[09/07/2009 13:01:32] /i 10234
[09/07/2009 13:01:33] /i 10240
[09/07/2009 13:01:43] /i 10241
[09/07/2009 13:01:44] /i 10242
[09/07/2009 13:01:45] /i 10243
[09/07/2009 13:01:46] /i 10244
[09/07/2009 13:01:47] /i 10245
[09/07/2009 13:01:49] /i 10250
[09/07/2009 13:01:51] /i 10255
[09/07/2009 13:01:57] /i 10260
[09/07/2009 13:01:59] /i 10265
[09/07/2009 13:02:01] /i 10270
[09/07/2009 13:02:03] /i 10275
[09/07/2009 13:02:06] /i 10280
[09/07/2009 13:02:08] /i 10285
[09/07/2009 13:02:10] /i 10290
[09/07/2009 13:02:13] /i 10287
[09/07/2009 13:02:14] /i 10286
[09/07/2009 13:02:17] /i 10288
[09/07/2009 13:02:18] /i 10289
[09/07/2009 13:02:21] /i 10290.
[09/07/2009 13:02:23] /i 102901
[09/07/2009 13:02:24] /i 10291
[09/07/2009 13:02:26] /i 10292
[09/07/2009 13:02:28] /i 10293
[09/07/2009 13:02:29] /i 10294
[09/07/2009 13:02:30] /i 10295
[09/07/2009 13:02:31] /i 10296
[09/07/2009 13:02:33] /i 10297
[09/07/2009 13:02:34] /i 10298
[09/07/2009 13:02:36] /i 10299
[09/07/2009 13:02:40] /i 102300
[09/07/2009 13:02:46] /i 10300
[09/07/2009 13:03:48] /i 10301
[09/07/2009 13:03:50] /i 10302
[09/07/2009 13:03:51] /i 10303
[09/07/2009 13:03:53] /i 10304
[09/07/2009 13:03:54] /i 10305
[09/07/2009 13:03:56] /i 10306
[09/07/2009 13:03:57] /i 10307
[09/07/2009 13:03:58] /i 10308
[09/07/2009 13:03:59] /i 10309
[09/07/2009 13:04:04] /i 10310
[09/07/2009 13:04:05] /i 10315
[09/07/2009 13:04:06] /i 10316
[09/07/2009 13:04:07] /i 10317
[09/07/2009 13:04:08] /i 10318
[09/07/2009 13:04:10] /i 10319
[09/07/2009 13:04:12] /i 10320
[09/07/2009 13:04:13] /i 10321
[09/07/2009 13:04:14] /i 10322
[09/07/2009 13:04:16] /i 10323
[09/07/2009 13:04:18] /i 10324
[09/07/2009 13:04:21] /i 10325
[09/07/2009 13:04:22] /i 10326
[09/07/2009 13:04:24] /i 10327
[09/07/2009 13:04:25] /i 10328
[09/07/2009 13:04:26] /i 10329
[09/07/2009 13:04:28] /i 10330
[09/07/2009 13:04:29] /i 10331
[09/07/2009 13:04:30] /i 10332
[09/07/2009 13:04:32] /i 10333
[09/07/2009 13:04:34] /i 10334
[09/07/2009 13:04:36] /i 10335
[09/07/2009 13:04:37] /i 10336
[09/07/2009 13:04:38] /i 10337
[09/07/2009 13:04:40] /i 10338
[09/07/2009 13:04:45] /a 20
[09/07/2009 13:04:49] /i 10339
[09/07/2009 13:04:50] /i 10340
[09/07/2009 13:04:51] /i 10341
[09/07/2009 13:04:53] /i 10342
[09/07/2009 13:04:54] /i 10343
[09/07/2009 13:04:55] /i 10344
[09/07/2009 13:04:56] /i 10345
[09/07/2009 13:04:57] /i 10346
[09/07/2009 13:04:58] /i 10347
[09/07/2009 13:05:01] /i 10349
[09/07/2009 13:05:03] /i 10360
[09/07/2009 13:05:05] /i 10350
[09/07/2009 13:05:06] /i 10351
[09/07/2009 13:05:07] /i 10352
[09/07/2009 13:05:09] /i 10353
[09/07/2009 13:05:10] /i 10354
[09/07/2009 13:05:11] /i 10355
[09/07/2009 13:05:13] /i 10356
[09/07/2009 13:05:14] /i 10357
[09/07/2009 13:05:16] /i 10358
[09/07/2009 13:05:17] /i 10359
[09/07/2009 13:05:20] /i 10360
[09/07/2009 13:05:22] /i 10362
[09/07/2009 13:05:23] /i 10364
[09/07/2009 13:05:24] /i 10365
[09/07/2009 13:05:28] /i 10367
[09/07/2009 13:05:30] /i 10369
[09/07/2009 13:05:32] /i 10371
[09/07/2009 13:05:33] /i 10375
[09/07/2009 13:05:35] /i 10374
[09/07/2009 13:05:36] /i 10372
[09/07/2009 13:05:53] /i 10379
[09/07/2009 13:05:56] /i 10378
[09/07/2009 13:05:57] /i 10377
[09/07/2009 13:06:02] /i 10380
[09/07/2009 13:06:03] /i 10381
[09/07/2009 13:06:04] /i 10385
[09/07/2009 13:06:07] /i 10390
[09/07/2009 13:06:09] /i 10395
[09/07/2009 13:06:11] /i 10400
[09/07/2009 13:06:12] /i 10405
[09/07/2009 13:06:14] /i 10406
[09/07/2009 13:06:16] /i 10407
[09/07/2009 13:06:19] /i 10410
[09/07/2009 13:06:20] /i 10415
[09/07/2009 13:06:22] /i 10416
[09/07/2009 13:06:26] /i 10420
[09/07/2009 13:06:28] /i 10425
[09/07/2009 13:06:30] /i 10430
[09/07/2009 13:06:32] /i 10432
[09/07/2009 13:06:36] /i 10440
[09/07/2009 13:06:38] /i 10435
[09/07/2009 13:06:42] /i 10443
[09/07/2009 13:06:44] /i 10447
[09/07/2009 13:06:45] /i 10446
[09/07/2009 13:06:47] /i 10450
[09/07/2009 13:06:49] /i 10451
[09/07/2009 13:06:51] /i 10452
[09/07/2009 13:06:52] /i 10453
[09/07/2009 13:06:55] /i 10457
[09/07/2009 13:06:57] /i 10459
[09/07/2009 13:07:00] /i 10460
[09/07/2009 13:07:02] /i 10465
[09/07/2009 13:07:03] /i 10466
[09/07/2009 13:07:04] /i 10467
[09/07/2009 13:07:08] /i 10470
[09/07/2009 13:07:10] /i 10480
[09/07/2009 13:07:12] /i 10490
[09/07/2009 13:07:15] /i 10500
[09/07/2009 13:07:17] /i 10501
[09/07/2009 13:07:18] /i 10502
[09/07/2009 13:07:20] /i 10503
[09/07/2009 13:07:23] /i 10504
[09/07/2009 13:07:24] /i 10505
[09/07/2009 13:07:25] /i 10506
[09/07/2009 13:07:26] /i 10507
[09/07/2009 13:07:30] /i 10510
[09/07/2009 13:07:31] /i 10511
[09/07/2009 13:07:32] /i 10512
[09/07/2009 13:07:33] /i 10513
[09/07/2009 13:07:34] /i 10514
[09/07/2009 13:07:35] /i 10515
[09/07/2009 13:07:36] /i 10515
[09/07/2009 13:07:38] /i 10516
[09/07/2009 13:07:39] /i 10518
[09/07/2009 13:07:40] /i 10519
[09/07/2009 13:07:45] /i 10520
[09/07/2009 13:07:47] /i 10522
[09/07/2009 13:07:48] /i 10523
[09/07/2009 13:07:50] /i 10524
[09/07/2009 13:07:53] /i 10525
[09/07/2009 13:07:55] /i 10526
[09/07/2009 13:08:41] /reload monster
[09/07/2009 13:09:17] /m medusa
[09/07/2009 13:10:04] /t
[09/07/2009 18:13:40] /t
[09/07/2009 18:22:09] /b 
[09/07/2009 18:22:14] /b testes
[09/07/2009 18:23:52] /a 3
[09/07/2009 18:24:02] /t zanny
[09/07/2009 18:24:08] /t
[09/07/2009 18:25:07] /r
[09/07/2009 18:25:08] /r
[09/07/2009 18:25:08] /r
[09/07/2009 18:25:09] /r
[09/07/2009 18:25:47] /i small ruby
[09/07/2009 18:25:56] /i skype sword
[09/07/2009 18:26:02] /i spyke sword
[09/07/2009 18:26:05] /i spike sword
[09/07/2009 18:26:30] /i medusa
[09/07/2009 18:26:33] /m medusa
[09/07/2009 18:48:05] /t
[09/07/2009 18:59:31] /goto dnoom
[09/07/2009 18:59:37] /t
[09/07/2009 19:17:57] /newtype 332
[09/07/2009 19:17:59] /newtype 331
[09/07/2009 19:18:00] /newtype 330
[09/07/2009 19:18:01] /newtype 331
[09/07/2009 19:18:08] /newtype 333
[09/07/2009 19:18:10] /newtype 334
[09/07/2009 19:18:36] /newtype 333
[09/07/2009 19:20:17] /i 2147
[09/07/2009 19:20:21] /i 2148
[09/07/2009 19:20:23] /i 2146
[09/07/2009 19:20:24] /i 2145
[09/07/2009 19:20:25] /i 2144
[09/07/2009 19:20:26] /i 2143
[09/07/2009 19:20:28] /i 2142
[09/07/2009 19:20:29] /i 2141
[09/07/2009 19:20:42] /i 2145
[09/07/2009 19:21:21] /i enchanted small sapphire
[09/07/2009 19:21:31] /i 7760
[09/07/2009 19:21:34] /i 7761
[09/07/2009 19:21:35] /i 7762
[09/07/2009 19:21:43] /i small amethysts
[09/07/2009 19:21:51] /i small amethysts
[09/07/2009 19:21:58] /i small amethysts
[09/07/2009 19:22:18] /clean
[09/07/2009 19:22:25] /newtype 332
[09/07/2009 19:24:13] /newtype 332
[09/07/2009 19:24:15] /newtype 333
[10/07/2009 14:17:47] /goto zanny
[10/07/2009 14:18:12] /i small ruby
[10/07/2009 14:18:25] /i small saphire
[10/07/2009 14:18:34] /i small emerald
[10/07/2009 14:18:57] /i small Amethyst
[10/07/2009 14:20:45] /i small sapphire
[10/07/2009 14:21:15] /i 2146
[10/07/2009 14:21:18] /i 2150
[10/07/2009 14:21:22] /i 2147
[10/07/2009 14:21:31] /i 2149
[10/07/2009 14:21:34] /i arrow
[10/07/2009 14:22:05] /i blacksteel sword
[10/07/2009 14:24:31] /kick zanny
[10/07/2009 14:33:14] /goto hero of time
[10/07/2009 14:34:09] /t
[10/07/2009 14:34:12] /goto hero of time
[10/07/2009 14:34:18] /i meat
[10/07/2009 14:37:45] /goto hero of time
[10/07/2009 14:38:12] /t
[10/07/2009 14:38:19] /c hero of time
[10/07/2009 14:39:12] /a 4
[10/07/2009 14:39:18] /c issusuing song
[10/07/2009 14:39:37] /r
[10/07/2009 14:39:45] /c hero of time
[10/07/2009 14:39:58] /up
[10/07/2009 14:40:06] /up
[10/07/2009 14:40:08] /a 20
[10/07/2009 14:40:15] /a 20
[10/07/2009 14:40:16] /a 20
[10/07/2009 14:40:34] /t
[10/07/2009 14:40:36] /goto hero of time
[10/07/2009 14:40:55] /t
[10/07/2009 14:41:01] /c hero of time
[10/07/2009 14:51:59] /unban teste
[10/07/2009 14:54:16] /b 14:53 You see a dead human (Vol:10). It weighs 113.50 oz. You recognize Hero Of Time. He was killed by Teste.
[10/07/2009 14:54:18] /t
[10/07/2009 14:55:22] /goto comedinha
[10/07/2009 14:57:07] /clean 1
[10/07/2009 14:57:17] /ghost
[10/07/2009 14:57:20] /goto comedinha
[10/07/2009 14:57:23] /b digite !notice
[10/07/2009 14:57:37] /m amazon
[10/07/2009 14:57:42] /m amazon
[10/07/2009 14:57:43] /m amazon
[10/07/2009 14:57:44] /m amazon
[10/07/2009 14:57:45] /m amazon
[10/07/2009 14:57:50] /m amazon
[10/07/2009 14:57:50] /m amazon
[10/07/2009 14:57:51] /m amazon
[10/07/2009 14:57:56] /m amazon
[10/07/2009 14:57:57] /m amazon
[10/07/2009 14:58:04] /ghost
[10/07/2009 14:58:42] /b VEM NO TEMPLO
[10/07/2009 14:58:48] /b VAMO FAZE INVASAO DE UP TIPO EVENTO
[10/07/2009 14:58:53] /c comedinha
[10/07/2009 14:58:55] /i enchanted spear
[10/07/2009 14:59:20] /b QEM QER VIR EVENTO?
[10/07/2009 15:00:11] /b ALGEM QER VIR EVENTO?
[10/07/2009 15:00:34] /c comedinha
[10/07/2009 15:00:42] /a 5
[10/07/2009 15:00:44] /up
[10/07/2009 15:00:45] /up
[10/07/2009 15:00:49] /c loko for dead
[10/07/2009 15:00:51] /c hero of time
[10/07/2009 15:00:54] /c comedinha
[10/07/2009 15:00:54] /r
[10/07/2009 15:01:15] /t
[10/07/2009 15:01:17] /a 20
[10/07/2009 15:01:20] /c comedinha
[10/07/2009 15:01:47] /goto hero of time
[10/07/2009 15:01:49] /c comedinha
[10/07/2009 15:01:56] /i amulet of loss
[10/07/2009 15:01:57] /i amulet of loss
[10/07/2009 15:01:58] /i amulet of loss
[10/07/2009 15:02:03] /i amulet of loss
[10/07/2009 15:02:25] /i ultimate healing rune
[10/07/2009 15:02:28] /i sudden death rune 
[10/07/2009 15:02:35] /i sudden death rune 
[10/07/2009 15:02:36] /i sudden death rune 
[10/07/2009 15:02:39] /i ultimate healing rune
[10/07/2009 15:02:40] /i ultimate healing rune
[10/07/2009 15:02:44] /i mana rune
[10/07/2009 15:02:48] /i mana fluid
[10/07/2009 15:02:54] /ghost
[10/07/2009 15:02:57] /r
[10/07/2009 15:02:58] /m rat
[10/07/2009 15:02:59] /m rat
[10/07/2009 15:02:59] /m rat
[10/07/2009 15:02:59] /m rat
[10/07/2009 15:02:59] /m rat
[10/07/2009 15:02:59] /m rat
[10/07/2009 15:02:59] /m rat
[10/07/2009 15:03:00] /m rat
[10/07/2009 15:03:00] /m rat
[10/07/2009 15:03:00] /m rat
[10/07/2009 15:03:03] /m rat
[10/07/2009 15:03:04] /m rat
[10/07/2009 15:03:04] /m rat
[10/07/2009 15:03:05] /m rat
[10/07/2009 15:03:05] /m rat
[10/07/2009 15:03:06] /m rat
[10/07/2009 15:03:07] /m rat
[10/07/2009 15:03:07] /m rat
[10/07/2009 15:03:08] /m rat
[10/07/2009 15:03:08] /m rat
[10/07/2009 15:03:08] /m rat
[10/07/2009 15:03:09] /m rat
[10/07/2009 15:03:09] /m rat
[10/07/2009 15:03:09] /m rat
[10/07/2009 15:03:10] /m rat
[10/07/2009 15:03:10] /m rat
[10/07/2009 15:03:10] /m rat
[10/07/2009 15:03:18] /m minotaur
[10/07/2009 15:03:19] /m minotaur
[10/07/2009 15:03:19] /m minotaur
[10/07/2009 15:03:19] /m minotaur
[10/07/2009 15:03:19] /m minotaur
[10/07/2009 15:03:19] /m minotaur
[10/07/2009 15:03:19] /m minotaur
[10/07/2009 15:03:19] /m minotaur
[10/07/2009 15:03:19] /m minotaur
[10/07/2009 15:03:19] /m minotaur
[10/07/2009 15:03:19] /m minotaur
[10/07/2009 15:03:19] /m minotaur
[10/07/2009 15:03:20] /m minotaur
[10/07/2009 15:03:20] /m minotaur
[10/07/2009 15:03:20] /m minotaur
[10/07/2009 15:03:20] /m minotaur
[10/07/2009 15:03:20] /m minotaur
[10/07/2009 15:03:20] /m minotaur
[10/07/2009 15:03:20] /m minotaur
[10/07/2009 15:03:20] /m minotaur
[10/07/2009 15:03:20] /m minotaur
[10/07/2009 15:03:20] /m minotaur
[10/07/2009 15:03:20] /m minotaur
[10/07/2009 15:03:21] /m minotaur
[10/07/2009 15:03:21] /m minotaur
[10/07/2009 15:03:21] /m minotaur
[10/07/2009 15:03:21] /m minotaur
[10/07/2009 15:03:21] /m minotaur
[10/07/2009 15:03:21] /m minotaur
[10/07/2009 15:03:21] /m minotaur
[10/07/2009 15:03:21] /m minotaur
[10/07/2009 15:03:21] /m minotaur
[10/07/2009 15:03:22] /m minotaur
[10/07/2009 15:03:22] /m minotaur
[10/07/2009 15:03:22] /m minotaur
[10/07/2009 15:03:22] /m minotaur
[10/07/2009 15:03:22] /m minotaur
[10/07/2009 15:03:22] /m minotaur
[10/07/2009 15:03:22] /m minotaur
[10/07/2009 15:03:22] /m minotaur
[10/07/2009 15:03:22] /m minotaur
[10/07/2009 15:03:22] /m minotaur
[10/07/2009 15:03:23] /m minotaur
[10/07/2009 15:03:23] /m minotaur
[10/07/2009 15:03:23] /m minotaur
[10/07/2009 15:03:23] /m minotaur
[10/07/2009 15:03:23] /m minotaur
[10/07/2009 15:03:23] /m minotaur
[10/07/2009 15:03:23] /m minotaur
[10/07/2009 15:03:23] /m minotaur
[10/07/2009 15:04:23] /i sudden death rune
[10/07/2009 15:04:27] /i ultimate healing rune
[10/07/2009 15:04:30] /i ultimate healing rune
[10/07/2009 15:04:34] /i sudden death rune
[10/07/2009 15:04:37] /r
[10/07/2009 15:04:38] /r
[10/07/2009 15:04:39] /r
[10/07/2009 15:04:50] /clean
[10/07/2009 15:05:16] /c hero of time
[10/07/2009 15:05:21] /r
[10/07/2009 15:05:23] /r
[10/07/2009 15:05:26] /c hero of time
[10/07/2009 15:05:27] /m minotaur
[10/07/2009 15:05:27] /m minotaur
[10/07/2009 15:05:28] /m minotaur
[10/07/2009 15:05:28] /m minotaur
[10/07/2009 15:05:28] /m minotaur
[10/07/2009 15:05:28] /m minotaur
[10/07/2009 15:05:28] /m minotaur
[10/07/2009 15:05:28] /m minotaur
[10/07/2009 15:05:29] /m minotaur
[10/07/2009 15:05:29] /m minotaur
[10/07/2009 15:05:29] /m minotaur
[10/07/2009 15:05:29] /m minotaur
[10/07/2009 15:05:29] /m minotaur
[10/07/2009 15:05:30] /m minotaur
[10/07/2009 15:05:30] /m minotaur
[10/07/2009 15:05:30] /m minotaur
[10/07/2009 15:05:30] /m minotaur
[10/07/2009 15:05:31] /m minotaur
[10/07/2009 15:05:31] /m minotaur
[10/07/2009 15:05:31] /m minotaur
[10/07/2009 15:05:31] /m minotaur
[10/07/2009 15:05:31] /m minotaur
[10/07/2009 15:05:32] /m minotaur
[10/07/2009 15:05:32] /m minotaur
[10/07/2009 15:05:32] /m minotaur
[10/07/2009 15:05:32] /m minotaur
[10/07/2009 15:05:32] /m minotaur
[10/07/2009 15:05:32] /m minotaur
[10/07/2009 15:05:33] /m minotaur
[10/07/2009 15:05:33] /m minotaur
[10/07/2009 15:05:33] /m minotaur
[10/07/2009 15:05:33] /m minotaur
[10/07/2009 15:05:33] /m minotaur
[10/07/2009 15:05:33] /m minotaur
[10/07/2009 15:05:33] /m minotaur
[10/07/2009 15:05:34] /m minotaur
[10/07/2009 15:05:34] /m minotaur
[10/07/2009 15:05:34] /m minotaur
[10/07/2009 15:05:34] /m minotaur
[10/07/2009 15:05:34] /m minotaur
[10/07/2009 15:05:34] /m minotaur
[10/07/2009 15:05:34] /m minotaur
[10/07/2009 15:05:34] /m minotaur
[10/07/2009 15:05:34] /m minotaur
[10/07/2009 15:05:34] /m minotaur
[10/07/2009 15:05:34] /m minotaur
[10/07/2009 15:05:34] /m minotaur
[10/07/2009 15:05:34] /m minotaur
[10/07/2009 15:05:34] /m minotaur
[10/07/2009 15:05:35] /m minotaur
[10/07/2009 15:05:35] /m minotaur
[10/07/2009 15:05:35] /m minotaur
[10/07/2009 15:05:35] /m minotaur
[10/07/2009 15:05:35] /m minotaur
[10/07/2009 15:05:35] /m minotaur
[10/07/2009 15:05:35] /m minotaur
[10/07/2009 15:05:35] /m minotaur
[10/07/2009 15:05:35] /m minotaur
[10/07/2009 15:05:35] /m minotaur
[10/07/2009 15:05:36] /m minotaur
[10/07/2009 15:05:36] /m minotaur
[10/07/2009 15:05:36] /m minotaur
[10/07/2009 15:05:36] /m minotaur
[10/07/2009 15:05:36] /m minotaur
[10/07/2009 15:05:36] /m minotaur
[10/07/2009 15:05:36] /m minotaur
[10/07/2009 15:05:36] /m minotaur
[10/07/2009 15:05:36] /m minotaur
[10/07/2009 15:05:36] /m minotaur
[10/07/2009 15:05:36] /m minotaur
[10/07/2009 15:05:36] /m minotaur
[10/07/2009 15:05:36] /m minotaur
[10/07/2009 15:06:13] /down
[10/07/2009 15:06:13] /down
[10/07/2009 15:06:15] /a 4
[10/07/2009 15:06:18] /c comedinha
[10/07/2009 15:06:20] /c hero of time
[10/07/2009 15:06:21] /c hero of time
[10/07/2009 15:06:32] /up
[10/07/2009 15:06:34] /a 2
[10/07/2009 15:06:35] /up
[10/07/2009 15:06:36] /up
[10/07/2009 15:06:39] /goto comedinha
[10/07/2009 15:06:40] /r
[10/07/2009 15:06:43] /c comedinha
[10/07/2009 15:07:06] /r
[10/07/2009 15:07:08] /c hero of time
[10/07/2009 15:07:16] /r
[10/07/2009 15:07:24] /ghost
[10/07/2009 15:07:35] /r
[10/07/2009 15:07:36] /r
[10/07/2009 15:07:37] /r
[10/07/2009 15:07:38] /r
[10/07/2009 15:07:39] /r
[10/07/2009 15:07:39] /r
[10/07/2009 15:07:39] /r
[10/07/2009 15:07:42] /r
[10/07/2009 15:07:43] /m minotaur
[10/07/2009 15:07:43] /m minotaur
[10/07/2009 15:07:43] /m minotaur
[10/07/2009 15:07:44] /m minotaur
[10/07/2009 15:07:44] /m minotaur
[10/07/2009 15:07:45] /m minotaur
[10/07/2009 15:07:45] /m minotaur
[10/07/2009 15:07:46] /m minotaur
[10/07/2009 15:07:46] /m minotaur
[10/07/2009 15:07:47] /m minotaur
[10/07/2009 15:07:47] /m minotaur
[10/07/2009 15:07:47] /m minotaur
[10/07/2009 15:07:47] /m minotaur
[10/07/2009 15:07:48] /m minotaur
[10/07/2009 15:07:49] /ghost
[10/07/2009 15:07:50] /m minotaur
[10/07/2009 15:07:50] /m minotaur
[10/07/2009 15:07:51] /m minotaur
[10/07/2009 15:07:51] /m minotaur
[10/07/2009 15:07:52] /m minotaur
[10/07/2009 15:07:58] /m dragon
[10/07/2009 15:07:58] /m dragon
[10/07/2009 15:07:58] /m dragon
[10/07/2009 15:07:59] /m dragon
[10/07/2009 15:08:01] /m dragon
[10/07/2009 15:08:01] /m dragon
[10/07/2009 15:08:02] /m dragon
[10/07/2009 15:08:03] /m dragon
[10/07/2009 15:08:03] /m dragon
[10/07/2009 15:08:04] /m dragon
[10/07/2009 15:08:05] /m dragon
[10/07/2009 15:08:06] /m dragon
[10/07/2009 15:08:07] /m dragon
[10/07/2009 15:08:12] /m dragon
[10/07/2009 15:08:12] /m dragon
[10/07/2009 15:08:12] /m dragon
[10/07/2009 15:08:30] /ghost
[10/07/2009 15:08:34] /a 2
[10/07/2009 15:08:35] /up
[10/07/2009 15:08:39] /up
[10/07/2009 15:08:41] /up
[10/07/2009 15:08:43] /goto comedinha
[10/07/2009 15:08:45] /a 10
[10/07/2009 15:08:46] /a 10
[10/07/2009 15:08:48] /c comedinha
[10/07/2009 15:08:50] /m dragon
[10/07/2009 15:08:50] /m dragon
[10/07/2009 15:08:50] /m dragon
[10/07/2009 15:08:51] /m dragon
[10/07/2009 15:08:51] /m dragon
[10/07/2009 15:08:51] /m dragon
[10/07/2009 15:08:52] /m dragon
[10/07/2009 15:08:52] /m dragon
[10/07/2009 15:08:52] /m dragon
[10/07/2009 15:08:53] /m dragon
[10/07/2009 15:08:53] /m dragon
[10/07/2009 15:08:54] /m dragon
[10/07/2009 15:08:54] /m dragon
[10/07/2009 15:08:55] /m dragon
[10/07/2009 15:08:55] /m dragon
[10/07/2009 15:08:55] /m dragon
[10/07/2009 15:08:56] /m dragon
[10/07/2009 15:08:56] /m dragon
[10/07/2009 15:08:56] /m dragon
[10/07/2009 15:08:56] /m dragon
[10/07/2009 15:08:57] /m dragon
[10/07/2009 15:08:57] /m dragon
[10/07/2009 15:08:57] /m dragon
[10/07/2009 15:08:57] /m dragon
[10/07/2009 15:08:58] /m dragon
[10/07/2009 15:08:58] /m dragon
[10/07/2009 15:08:59] /m dragon
[10/07/2009 15:08:59] /m dragon
[10/07/2009 15:08:59] /m dragon
[10/07/2009 15:08:59] /m dragon
[10/07/2009 15:09:00] /m dragon
[10/07/2009 15:09:02] /m dragon
[10/07/2009 15:09:02] /m dragon
[10/07/2009 15:09:02] /m dragon
[10/07/2009 15:09:02] /m dragon
[10/07/2009 15:09:02] /m dragon
[10/07/2009 15:09:05] /goto comedinha
[10/07/2009 15:09:54] /addskill comedinha,magic
[10/07/2009 15:09:54] /addskill comedinha,magic
[10/07/2009 15:09:54] /addskill comedinha,magic
[10/07/2009 15:09:55] /addskill comedinha,magic
[10/07/2009 15:09:56] /addskill comedinha,magic
[10/07/2009 15:09:56] /addskill comedinha,magic
[10/07/2009 15:09:57] /addskill comedinha,magic
[10/07/2009 15:09:57] /addskill comedinha,magic
[10/07/2009 15:09:58] /addskill comedinha,magic
[10/07/2009 15:10:17] /m dragon lord
[10/07/2009 15:10:17] /m dragon lord
[10/07/2009 15:10:24] /m dragon lord
[10/07/2009 15:10:27] /m dragon lord
[10/07/2009 15:10:27] /m dragon lord
[10/07/2009 15:10:27] /m dragon lord
[10/07/2009 15:10:28] /m dragon lord
[10/07/2009 15:10:28] /m dragon lord
[10/07/2009 15:10:29] /m dragon lord
[10/07/2009 15:10:29] /m dragon lord
[10/07/2009 15:10:30] /m dragon lord
[10/07/2009 15:10:30] /m dragon lord
[10/07/2009 15:10:31] /m dragon lord
[10/07/2009 15:10:31] /m dragon lord
[10/07/2009 15:10:31] /m dragon lord
[10/07/2009 15:10:31] /m dragon lord
[10/07/2009 15:10:34] /a 2
[10/07/2009 15:10:35] /m dragon lord
[10/07/2009 15:10:35] /m dragon lord
[10/07/2009 15:10:36] /m dragon lord
[10/07/2009 15:10:36] /m dragon lord
[10/07/2009 15:10:37] /m dragon lord
[10/07/2009 15:10:37] /m dragon lord
[10/07/2009 15:10:37] /m dragon lord
[10/07/2009 15:10:38] /m dragon lord
[10/07/2009 15:10:39] /m dragon lord
[10/07/2009 15:10:39] /m dragon lord
[10/07/2009 15:10:40] /m dragon lord
[10/07/2009 15:10:40] /m dragon lord
[10/07/2009 15:10:40] /m dragon lord
[10/07/2009 15:10:41] /m dragon lord
[10/07/2009 15:10:42] /m dragon lord
[10/07/2009 15:10:42] /m dragon lord
[10/07/2009 15:10:42] /m dragon lord
[10/07/2009 15:10:42] /m dragon lord
[10/07/2009 15:10:44] /goto comedinha
[10/07/2009 15:10:59] /goto hero of time
[10/07/2009 15:11:18] /goto hero of time
[10/07/2009 15:11:39] /c comedinha
[10/07/2009 15:11:46] /i meta
[10/07/2009 15:11:49] /i meta
[10/07/2009 15:11:51] /i meat
[10/07/2009 15:11:52] /i meat
[10/07/2009 15:11:59] /i amulet of loss
[10/07/2009 15:12:00] /i amulet of loss
[10/07/2009 15:12:34] /m dragon lord
[10/07/2009 15:12:39] /m dragon lord
[10/07/2009 15:12:43] /m dragon lord
[10/07/2009 15:12:51] /m dragon lord
[10/07/2009 15:12:52] /m dragon lord
[10/07/2009 15:12:59] /m demon
[10/07/2009 15:13:57] /m behemoth
[10/07/2009 15:14:12] /m orshabaal
[10/07/2009 15:14:27] /m demon
[10/07/2009 15:14:43] /m dragon lord
[10/07/2009 15:14:46] /m demon
[10/07/2009 15:14:55] /m demon
[10/07/2009 15:15:52] /m orshabaal
[10/07/2009 15:16:28] /t
[10/07/2009 15:16:32] /c hero of time
[10/07/2009 15:16:41] /clean
[10/07/2009 15:17:46] /kick roter
[10/07/2009 15:18:21] /i 7743
[10/07/2009 15:18:28] /i 7745
[10/07/2009 15:18:31] /i 7746
[10/07/2009 15:18:32] /i 7747
[10/07/2009 15:18:33] /i 7748
[10/07/2009 15:18:34] /i 7749
[10/07/2009 15:18:36] /i 7750
[10/07/2009 15:19:12] /i relic sowrd
[10/07/2009 15:19:18] /i mystic blade
[10/07/2009 15:19:27] /i spike sword
[10/07/2009 15:19:31] /c hell killer
[10/07/2009 15:19:36] /c hell killer
[10/07/2009 15:19:40] /c hell kilfala
[10/07/2009 15:19:59] /i crystal coin 100
[10/07/2009 15:20:02] /i crystal coin 
[10/07/2009 15:21:14] /c hero of time
[10/07/2009 15:21:46] /newtype 332
[10/07/2009 15:21:55] /newtype 330
[10/07/2009 15:22:40] /goto comedinha
[10/07/2009 15:22:44] /newtype 331
[10/07/2009 15:22:45] /newtype 333
[10/07/2009 15:24:36] /c comedinha
[10/07/2009 15:24:53] /a 2
[10/07/2009 15:24:56] /a 2
[10/07/2009 15:24:58] /i soft boots
[10/07/2009 15:25:03] /a 2
[10/07/2009 15:25:05] /a 1
[10/07/2009 15:25:06] /a 1
[10/07/2009 15:25:06] /a 1
[10/07/2009 15:25:07] /a 1
[10/07/2009 15:25:07] /a 1
[10/07/2009 15:25:10] /c comedinha
[10/07/2009 15:25:13] /a 1
[10/07/2009 15:25:13] /a 1
[10/07/2009 15:25:13] /a 1
[10/07/2009 15:25:14] /a 1
[10/07/2009 15:25:16] /c comedinha
[10/07/2009 15:25:16] /a 1
[10/07/2009 15:25:17] /c comedinha
[10/07/2009 15:25:19] /a 1
[10/07/2009 15:25:20] /a 1
[10/07/2009 15:25:20] /a 1
[10/07/2009 15:25:23] /a 1
[10/07/2009 15:25:23] /a 1
[10/07/2009 15:25:42] /a 1
[10/07/2009 15:25:43] /a 1
[10/07/2009 15:25:44] /a 1
[10/07/2009 15:25:45] /a 1
[10/07/2009 15:25:47] /a 1
[10/07/2009 15:25:48] /a 1
[10/07/2009 15:25:48] /a 1
[10/07/2009 15:25:48] /a 1
[10/07/2009 15:26:22] /newtype 332
[10/07/2009 15:26:28] /t
[10/07/2009 15:26:30] /c comedinha
[10/07/2009 15:28:33] /unban teste
[10/07/2009 15:30:42] /unban teste
[10/07/2009 15:38:21] /unban teste
[10/07/2009 15:45:08] /goto comedinha
[10/07/2009 15:46:13] /c lord joao
[11/07/2009 16:18:13] /a 2
[11/07/2009 16:18:16] /t
[11/07/2009 16:18:56] /i 10300
[11/07/2009 16:18:58] /i 10301
[11/07/2009 16:19:05] /i 10302
[11/07/2009 16:19:06] /i 10303
[11/07/2009 16:19:08] /i 10350
[11/07/2009 16:19:11] /i 10351
[11/07/2009 16:19:14] /i 10352
[11/07/2009 16:19:17] /i 10353
[11/07/2009 16:19:18] /i 10354
[11/07/2009 16:19:20] /i 10355
[11/07/2009 16:19:22] /i 103556
[11/07/2009 16:19:25] /i 10356
[11/07/2009 16:19:26] /i 10357
[11/07/2009 16:19:28] /i 10355
[11/07/2009 16:19:54] /r
[11/07/2009 16:20:07] /i 10360
[11/07/2009 16:20:08] /i 10370
[11/07/2009 16:20:10] /i 10380
[11/07/2009 16:20:11] /i 10390
[11/07/2009 16:20:14] /i 10400
[11/07/2009 16:20:22] /i 10399
[11/07/2009 16:20:24] /i 10398
[11/07/2009 16:20:25] /i 10397
[11/07/2009 16:20:28] /i 10401
[11/07/2009 16:20:29] /i 10402
[11/07/2009 16:20:30] /i 10403
[11/07/2009 16:20:31] /i 10404
[11/07/2009 16:20:32] /i 10405
[11/07/2009 16:20:34] /i 10406
[11/07/2009 16:20:35] /i 10407
[11/07/2009 16:20:39] /i 10410
[11/07/2009 16:37:03] /i 10401
[11/07/2009 16:37:04] /i 10401
[11/07/2009 16:37:05] /i 10401
[11/07/2009 16:37:06] /i 10401
[11/07/2009 16:37:17] /t
[11/07/2009 16:49:49] /r
[11/07/2009 16:49:50] /r
[11/07/2009 19:03:44] /m medusa
[11/07/2009 19:04:06] /addskill GOD Snowz , sword , 100
[11/07/2009 19:04:18] /addskill GOD Snowz , sword
[11/07/2009 19:04:26] /addskill GOD Snowz , sword,100
[11/07/2009 19:04:33] /addskill GOD Snowz , sword ,100
[11/07/2009 19:04:41] /clean
[11/07/2009 19:04:49] /addskill GOD Snowz , sword, 100
[11/07/2009 19:04:52] /addskill GOD Snowz , sword , 100
[11/07/2009 19:04:54] /addskill GOD Snowz , sword , 100
[11/07/2009 19:04:54] /addskill GOD Snowz , sword , 100
[11/07/2009 19:04:54] /addskill GOD Snowz , sword , 100
[11/07/2009 19:04:55] /addskill GOD Snowz , sword , 100
[11/07/2009 19:04:55] /addskill GOD Snowz , sword , 100
[11/07/2009 19:04:56] /addskill GOD Snowz , sword , 100
[11/07/2009 19:05:02] /addskill GOD Snowz , sword
[11/07/2009 19:05:03] /addskill GOD Snowz , sword
[11/07/2009 19:05:03] /addskill GOD Snowz , sword
[11/07/2009 19:05:04] /addskill GOD Snowz , sword
[11/07/2009 19:05:04] /addskill GOD Snowz , sword
[11/07/2009 19:05:05] /addskill GOD Snowz , sword
[11/07/2009 19:05:05] /addskill GOD Snowz , sword
[11/07/2009 19:05:09] /addskill GOD Snowz , sword 100
[11/07/2009 19:05:14] /addskill GOD Snowz , sword ,100
[11/07/2009 19:05:19] /addskill GOD Snowz , sword , 100
[11/07/2009 19:05:22] /addskill GOD Snowz , sword ,100
[11/07/2009 19:05:23] /addskill GOD Snowz , sword
[11/07/2009 19:05:23] /addskill GOD Snowz , sword
[11/07/2009 19:05:24] /addskill GOD Snowz , sword
[11/07/2009 19:05:24] /addskill GOD Snowz , sword
[11/07/2009 19:05:25] /addskill GOD Snowz , sword
[11/07/2009 19:05:25] /addskill GOD Snowz , sword
[11/07/2009 19:05:25] /addskill GOD Snowz , sword
[11/07/2009 19:05:26] /addskill GOD Snowz , sword
[11/07/2009 19:05:26] /addskill GOD Snowz , sword
[11/07/2009 19:05:27] /addskill GOD Snowz , sword
[11/07/2009 19:05:27] /addskill GOD Snowz , sword
[11/07/2009 19:05:28] /addskill GOD Snowz , sword
[11/07/2009 19:05:39] /addskill GOD Snowz , sword
[11/07/2009 19:05:39] /addskill GOD Snowz , sword
[11/07/2009 19:05:40] /addskill GOD Snowz , sword
[11/07/2009 19:05:40] /addskill GOD Snowz , sword
[11/07/2009 19:05:40] /addskill GOD Snowz , sword
[11/07/2009 19:05:41] /addskill GOD Snowz , sword
[11/07/2009 19:05:41] /addskill GOD Snowz , sword
[11/07/2009 19:05:42] /addskill GOD Snowz , sword
[11/07/2009 19:05:42] /addskill GOD Snowz , sword
[11/07/2009 19:05:43] /addskill GOD Snowz , sword
[11/07/2009 19:05:43] /addskill GOD Snowz , sword
[11/07/2009 19:05:44] /addskill GOD Snowz , sword
[11/07/2009 19:05:44] /addskill GOD Snowz , sword
[11/07/2009 19:05:45] /addskill GOD Snowz , sword
[11/07/2009 19:05:45] /addskill GOD Snowz , sword
[11/07/2009 19:05:58] /i blessed shield
[11/07/2009 19:07:04] /t
[11/07/2009 20:16:03] /save
[15/07/2009 21:16:37] /ghost
