[02/07/2009 17:57:11] /a 1
[02/07/2009 17:57:15] /a 6
[02/07/2009 17:57:17] /a 6
[02/07/2009 17:57:31] /a 6
[02/07/2009 17:57:36] /a 6
[02/07/2009 18:00:51] /a 6
[02/07/2009 18:00:52] /a 6
[02/07/2009 18:00:53] /a 6
[02/07/2009 18:00:56] /a 6
[02/07/2009 18:00:57] /a 6
[02/07/2009 18:00:58] /a 6
[02/07/2009 18:02:19] /a 6
[02/07/2009 18:02:20] /a 6
[02/07/2009 18:02:39] /up
[02/07/2009 18:02:55] /down
[02/07/2009 18:03:01] /down
[02/07/2009 18:03:04] /down
[02/07/2009 18:03:12] /a 6
[02/07/2009 18:03:13] /a 6
[02/07/2009 18:03:15] /a 6
[02/07/2009 18:03:59] /ghost
[02/07/2009 18:04:08] /goto
[02/07/2009 18:04:30] /ghost
[02/07/2009 18:04:59] /c crystal coins
[02/07/2009 18:05:15] /c crystal coins 1
[02/07/2009 18:06:07] /goto
[02/07/2009 18:06:33] /a crystal coins
[02/07/2009 18:06:36] /a crystal coins
[02/07/2009 18:21:04] /i crystal coins
[02/07/2009 18:36:37] /a 5
[02/07/2009 18:36:40] /a 5
[02/07/2009 18:36:43] /a 5
[02/07/2009 18:50:24] /a 5
[02/07/2009 18:50:27] /a 5
[02/07/2009 18:51:05] /a 5
[02/07/2009 18:51:08] /a 5
[02/07/2009 18:51:11] /a 5
[02/07/2009 18:51:14] /a 5
[02/07/2009 18:51:15] /a 5
[02/07/2009 18:51:15] /a 5
[02/07/2009 18:59:41] /a 7
[02/07/2009 18:59:44] /a 7
[02/07/2009 18:59:45] /a 7
[02/07/2009 18:59:52] /a 7
[02/07/2009 19:08:00] /a 5
[02/07/2009 19:08:02] /a 5
[02/07/2009 19:08:06] /a 5
[02/07/2009 19:08:11] /a 5
[02/07/2009 19:08:21] /a 5
[02/07/2009 19:08:25] /a 5
[02/07/2009 19:08:55] /a 5
[02/07/2009 19:08:59] /a 5
[02/07/2009 19:09:27] /a 5
[02/07/2009 19:09:29] /a 5
[02/07/2009 19:11:52] /a 5
[02/07/2009 19:11:54] /a 5
[02/07/2009 19:11:56] /a 5
[02/07/2009 19:12:12] /i cristal coins
[02/07/2009 19:12:18] /i cristal coins 1
[02/07/2009 19:12:44] /goto god comedinha
[02/07/2009 19:22:26] /a 5
[02/07/2009 19:22:29] /a 8
[02/07/2009 19:22:50] /a 8
[02/07/2009 19:23:24] /a 8
[02/07/2009 19:23:53] /clean
[02/07/2009 19:24:20] /clean
[02/07/2009 19:27:32] /clean
[02/07/2009 19:30:35] /i 108 1
[02/07/2009 19:30:44] /i 108 
[02/07/2009 19:30:51] /i 108 
[02/07/2009 19:31:05] /i 109
[02/07/2009 19:31:09] /i 109
[02/07/2009 19:31:13] /i 109
[02/07/2009 19:31:22] /i 109
[02/07/2009 19:31:25] /i 109
[02/07/2009 19:31:29] /i 109
[02/07/2009 19:31:58] /i 110
[02/07/2009 19:32:45] /i 111
[02/07/2009 19:33:11] /i crystal coin
[02/07/2009 19:33:15] /i crystal coin
[02/07/2009 19:36:44] /goto pepe
[02/07/2009 19:38:11] /t
[02/07/2009 19:39:26] /a 5
[02/07/2009 19:43:29] /i minotaur leathers
[02/07/2009 19:44:03] /i 98
[02/07/2009 19:44:17] /i 111
[02/07/2009 19:44:58] /i crystal coin
[02/07/2009 19:45:16] /i crystal coin
[02/07/2009 19:45:19] /i crystal coin
[02/07/2009 19:45:20] /i crystal coin
[02/07/2009 19:45:20] /i crystal coin
[02/07/2009 19:45:21] /i crystal coin
[02/07/2009 19:45:21] /i crystal coin
[02/07/2009 19:45:22] /i crystal coin
[02/07/2009 19:45:22] /i crystal coin
[02/07/2009 19:45:23] /i crystal coin
[02/07/2009 19:45:24] /i crystal coin
[02/07/2009 19:46:39] /i crystal coin.
[02/07/2009 19:48:56] /i crystal coin.
[02/07/2009 19:48:56] /i crystal coin.
[02/07/2009 19:49:42] /send pepe templo
[02/07/2009 19:50:04] /i crystal coin. 
[02/07/2009 19:50:50] /i crystal coin
[02/07/2009 19:51:00] /i crystal coin. 
[02/07/2009 19:51:04] /i crystal coin
[02/07/2009 19:52:36] /t  pepe
[02/07/2009 19:53:15] /i crystal coin
[02/07/2009 19:54:22] /m demon
[02/07/2009 19:54:24] /m demon
[02/07/2009 19:54:24] /m demon
[02/07/2009 19:54:38] /m demon
[02/07/2009 19:54:39] /m demon
[02/07/2009 19:54:41] /m demon
[02/07/2009 19:56:07] /m demon
[02/07/2009 19:56:08] /m demon
[02/07/2009 19:56:09] /m demon
[02/07/2009 19:58:30] /i crystal coin
[02/07/2009 19:58:32] /i crystal coin
[02/07/2009 19:58:39] /i crystal coin
[02/07/2009 19:58:43] /i crystal coin
[02/07/2009 19:58:47] /i crystal coin
[02/07/2009 19:58:51] /i crystal coin
[02/07/2009 19:58:51] /i crystal coin
[02/07/2009 19:59:01] /i crystal coin
[02/07/2009 19:59:06] /clean
[02/07/2009 20:02:05] /m demon
[02/07/2009 20:02:06] /m demon
[02/07/2009 20:02:07] /m demon
[02/07/2009 20:02:08] /m demon
[02/07/2009 20:02:08] /m demon
[02/07/2009 20:02:08] /m demon
[02/07/2009 20:02:09] /m demon
[02/07/2009 20:02:09] /m demon
[02/07/2009 20:02:10] /m demon
[02/07/2009 20:02:10] /m demon
[02/07/2009 20:06:27] /b Tiago
[02/07/2009 20:11:21] /kick tiago
[02/07/2009 20:12:03] /kick tiago
[02/07/2009 20:12:07] /kick tiago
[02/07/2009 20:12:12] /kick pepe
[02/07/2009 20:12:24] /kick Czipsu
[02/07/2009 20:12:29] /kick Czipsu
[02/07/2009 20:12:44] /kick Czipsu
[02/07/2009 20:12:50] /kick Czipsu
[02/07/2009 20:13:03] /kick Czipsu
[02/07/2009 20:15:08] /i crystal coin
[02/07/2009 20:15:11] /i crystal coin
[02/07/2009 20:15:13] /i crystal coin
[02/07/2009 20:15:13] /i crystal coin
[02/07/2009 20:15:14] /i crystal coin
[02/07/2009 20:15:14] /i crystal coin
[02/07/2009 20:15:15] /i crystal coin
[02/07/2009 20:15:15] /i crystal coin
[02/07/2009 20:15:16] /i crystal coin
[02/07/2009 20:15:16] /i crystal coin
[02/07/2009 20:27:49] /clean
[02/07/2009 20:30:01] /t
[02/07/2009 20:30:57] /i golden helmet
[02/07/2009 20:31:34] /a 5
[02/07/2009 20:33:48] /a 5
[02/07/2009 20:33:52] /a 5
[02/07/2009 20:33:53] /a 5
[02/07/2009 20:33:54] /a 5
[02/07/2009 20:33:55] /a 5
[02/07/2009 20:33:56] /a 5
[02/07/2009 20:35:08] /i golden helmet
[02/07/2009 20:35:12] /i golden helmet
[02/07/2009 20:37:09] /goto GOD Comedinha
[02/07/2009 20:37:14] /goto GOD Comedinha
[02/07/2009 20:38:02] /goto GOD Comedinha
[04/07/2009 13:27:46] /goto god comedinha
[04/07/2009 13:32:17] /newtype 331
[04/07/2009 13:34:31] /i demon armor
[04/07/2009 13:39:14] /a 6
[04/07/2009 13:39:17] /a 6
[04/07/2009 13:39:18] /a 6
[04/07/2009 13:39:19] /a 6
[04/07/2009 13:39:21] /a 6
[04/07/2009 13:39:23] /a 6
[04/07/2009 13:40:43] /a 5
[04/07/2009 13:40:46] /a 5
[04/07/2009 13:40:47] /a 5
[04/07/2009 13:40:48] /a 5
[04/07/2009 13:40:49] /a 5
[04/07/2009 13:40:50] /a 5
[04/07/2009 13:40:52] /a 5
[04/07/2009 13:40:53] /a 5
[04/07/2009 13:41:10] /i 31
[04/07/2009 13:41:22] /a 5
[04/07/2009 13:41:23] /a 5
[04/07/2009 13:41:25] /a 5
[04/07/2009 13:41:26] /a 5
[04/07/2009 13:41:29] /a 5
[04/07/2009 13:41:30] /a 5
[04/07/2009 13:41:31] /a 5
[04/07/2009 13:41:32] /a 5
[04/07/2009 13:41:33] /a 5
[04/07/2009 13:41:34] /a 5
[04/07/2009 13:41:35] /a 5
[04/07/2009 13:41:36] /a 5
[04/07/2009 13:41:38] /a 5
[04/07/2009 13:41:40] /a 5
[04/07/2009 13:41:41] /a 5
[04/07/2009 13:41:42] /a 5
[04/07/2009 13:41:44] /a 5
[04/07/2009 13:41:47] /a 5
[04/07/2009 13:41:48] /a 5
[04/07/2009 13:43:33] /i royal axe
[04/07/2009 13:44:02] /a 5
