[02/07/2009 17:07:53] /town 1
[02/07/2009 17:07:54] /town 2
[02/07/2009 17:07:55] /town 3
[02/07/2009 17:07:56] /town 4
[02/07/2009 17:07:58] /town 5
[02/07/2009 17:07:59] /town 6
[02/07/2009 17:08:00] /town 7
[02/07/2009 17:08:01] /town 8
[02/07/2009 17:08:03] /town 9
[02/07/2009 17:08:06] /town 10
[02/07/2009 17:08:08] /town 11
[02/07/2009 17:08:10] /town 12
[02/07/2009 17:08:11] /town 13
[02/07/2009 17:08:12] /town 14
[02/07/2009 17:08:13] /town 15
[02/07/2009 17:08:14] /town 16
[02/07/2009 17:08:16] /town 10
[02/07/2009 17:08:18] /town 9
[02/07/2009 17:08:39] /a 2
[02/07/2009 17:08:40] /a 2
[02/07/2009 17:08:41] /a 2
[02/07/2009 17:08:41] /a 2
[02/07/2009 17:08:43] /town 9
[02/07/2009 17:08:43] /town 9
[02/07/2009 17:08:46] /town 9
[02/07/2009 17:08:52] /town 9
[02/07/2009 17:08:57] /a 2
[02/07/2009 17:08:58] /a 2
[02/07/2009 17:08:59] /a 2
[02/07/2009 17:08:59] /a 2
[02/07/2009 17:08:59] /a 2
[02/07/2009 17:09:10] /a 2
[02/07/2009 17:09:31] /i 2160
[02/07/2009 17:10:12] /r
[02/07/2009 17:10:15] /r
[02/07/2009 17:16:28] /t
[02/07/2009 17:16:46] /c parma
[02/07/2009 17:18:11] /addskill Parma,level 50
[02/07/2009 17:18:30] /addskill Parma,level 50
[02/07/2009 17:18:32] /addskill Parma,level 50
[02/07/2009 17:18:33] /addskill Parma,level 50
[02/07/2009 17:18:33] /addskill Parma,level 50
[02/07/2009 17:18:34] /addskill Parma,level 50
[02/07/2009 17:18:34] /addskill Parma,level 50
[02/07/2009 17:20:05] /bc Invasao rotworm
[02/07/2009 17:21:00] /c kainho
[02/07/2009 17:21:27] /m rotworm
[02/07/2009 17:21:29] /m rotworm
[02/07/2009 17:21:31] /m rotworm
[02/07/2009 17:21:33] /m rotworm
[02/07/2009 17:21:34] /m rotworm
[02/07/2009 17:21:40] /m Demon
[02/07/2009 17:22:00] /m rotworm
[02/07/2009 17:22:00] /m rotworm
[02/07/2009 17:22:00] /m rotworm
[02/07/2009 17:22:59] /c kainho
[02/07/2009 17:23:05] /c kainho
[02/07/2009 17:23:17] /c kainho
[02/07/2009 17:23:38] /ghost
[02/07/2009 17:24:33] /ghost
[02/07/2009 17:24:42] /c kainho
[02/07/2009 17:25:05] /c kainho
[02/07/2009 17:25:12] /c parma
[02/07/2009 17:42:15] /clean
[02/07/2009 17:48:21] /i 2160
[02/07/2009 17:49:30] /c Kainho
[02/07/2009 17:50:05] /a 2
[02/07/2009 17:50:06] /a 2
[02/07/2009 17:55:16] /c Lady Queen
[02/07/2009 17:55:37] /kick Lady Queen
[02/07/2009 18:06:46] /c Doug
[02/07/2009 18:24:55] /i 9445
[02/07/2009 18:29:40] /c GOD Lady Queen
[02/07/2009 18:30:05] /c Juh Liindah
[02/07/2009 18:50:26] /a 5
[02/07/2009 18:50:28] /a 10
[02/07/2009 18:50:30] /a 15
[02/07/2009 18:51:53] /c GOD Lady Queen
[02/07/2009 18:51:57] /c gm kainho
[02/07/2009 18:52:10] /c Juh Liindah
[02/07/2009 18:56:59] /kick Juh Liindah
[02/07/2009 18:58:25] /t
[02/07/2009 18:58:53] /a 2
[02/07/2009 18:58:58] /a 15
[02/07/2009 18:59:41] /clean
[02/07/2009 19:00:00] /t
[02/07/2009 19:02:28] /goto Nick
[02/07/2009 19:02:55] /r
[02/07/2009 19:03:50] /t
[02/07/2009 19:04:09] /ghost
[02/07/2009 19:06:01] /goto Feliz
[02/07/2009 19:06:24] /ghost
[02/07/2009 19:07:17] /t
[02/07/2009 19:07:25] /ghost
[02/07/2009 19:08:23] /ghost
[02/07/2009 19:08:29] /ghost
[02/07/2009 19:09:39] /ghost
[02/07/2009 19:10:03] /i 2160
[02/07/2009 19:10:12] /a 15
[02/07/2009 19:14:31] /c Paladin Of The Sky
[02/07/2009 19:14:42] /t Paladin Of The Sky]
[02/07/2009 19:14:44] /t Paladin Of The Sky
[02/07/2009 19:14:50] /r
[02/07/2009 19:14:51] /r
[02/07/2009 19:14:53] /r
[02/07/2009 19:14:57] /r
[02/07/2009 19:14:59] /r
[02/07/2009 19:15:01] /r
[02/07/2009 19:16:32] /t
[02/07/2009 19:17:08] /r
[02/07/2009 19:17:09] /r
[02/07/2009 19:17:09] /r
[02/07/2009 19:17:10] /r
[02/07/2009 19:17:12] /r
[02/07/2009 19:17:13] /r
[02/07/2009 19:17:13] /r
[02/07/2009 19:17:13] /r
[02/07/2009 19:17:15] /r
[02/07/2009 19:17:15] /r
[02/07/2009 19:17:16] /r
[02/07/2009 19:17:16] /r
[02/07/2009 19:17:17] /r
[02/07/2009 19:17:17] /r
[02/07/2009 19:17:18] /r
[02/07/2009 19:17:19] /r
[02/07/2009 19:17:20] /r
[02/07/2009 19:17:21] /r
[02/07/2009 19:17:21] /r
[02/07/2009 19:17:22] /r
[02/07/2009 19:17:24] /r
[02/07/2009 19:17:25] /r
[02/07/2009 19:17:26] /r
[02/07/2009 19:17:27] /r
[02/07/2009 19:17:27] /r
[02/07/2009 19:17:28] /r
[02/07/2009 19:17:28] /r
[02/07/2009 19:17:29] /r
[02/07/2009 19:17:30] /r
[02/07/2009 19:17:30] /r
[02/07/2009 19:17:31] /r
[02/07/2009 19:17:31] /r
[02/07/2009 19:17:33] /r
[02/07/2009 19:17:34] /r
[02/07/2009 19:17:35] /r
[02/07/2009 19:17:35] /r
[02/07/2009 19:17:37] /r
[02/07/2009 19:17:37] /r
[02/07/2009 19:17:38] /r
[02/07/2009 19:17:39] /r
[02/07/2009 19:17:42] /r
[02/07/2009 19:17:42] /r
[02/07/2009 19:17:42] /r
[02/07/2009 19:17:43] /r
[02/07/2009 19:17:43] /r
[02/07/2009 19:17:44] /r
[02/07/2009 19:17:44] /r
[02/07/2009 19:17:45] /r
[02/07/2009 19:17:46] /r
[02/07/2009 19:17:46] /r
[02/07/2009 19:17:46] /r
[02/07/2009 19:17:47] /r
[02/07/2009 19:17:48] /r
[02/07/2009 19:17:48] /r
[02/07/2009 19:17:49] /r
[02/07/2009 19:17:49] /r
[02/07/2009 19:17:49] /r
[02/07/2009 19:17:52] /r
[02/07/2009 19:17:53] /r
[02/07/2009 19:17:53] /r
[02/07/2009 19:17:53] /r
[02/07/2009 19:17:54] /r
[02/07/2009 19:17:54] /r
[02/07/2009 19:17:54] /r
[02/07/2009 19:17:55] /r
[02/07/2009 19:17:55] /r
[02/07/2009 19:17:56] /r
[02/07/2009 19:17:57] /r
[02/07/2009 19:17:58] /r
[02/07/2009 19:17:58] /r
[02/07/2009 19:17:59] /r
[02/07/2009 19:17:59] /r
[02/07/2009 19:18:00] /r
[02/07/2009 19:18:01] /r
[02/07/2009 19:18:02] /r
[02/07/2009 19:18:03] /r
[02/07/2009 19:18:04] /r
[02/07/2009 19:18:05] /r
[02/07/2009 19:18:06] /r
[02/07/2009 19:18:27] /r
[02/07/2009 19:18:27] /r
[02/07/2009 19:18:28] /r
[02/07/2009 19:18:28] /r
[02/07/2009 19:18:28] /r
[02/07/2009 19:18:28] /r
[02/07/2009 19:18:28] /r
[02/07/2009 19:18:29] /r
[02/07/2009 19:18:29] /r
[02/07/2009 19:18:30] /r
[02/07/2009 19:18:32] /r
[02/07/2009 19:18:32] /r
[02/07/2009 19:18:32] /r
[02/07/2009 19:18:33] /r
[02/07/2009 19:18:33] /r
[02/07/2009 19:18:33] /r
[02/07/2009 19:18:33] /r
[02/07/2009 19:18:33] /r
[02/07/2009 19:18:34] /r
[02/07/2009 19:18:46] /goto GOD Lady Queen
[02/07/2009 20:37:09] /t
[03/07/2009 13:16:09] /t
[03/07/2009 13:39:17] /c Lord Pally
[03/07/2009 13:45:30] /i 2160
[03/07/2009 13:45:36] /goto Lord Pally
[03/07/2009 13:46:10] /ghost
[03/07/2009 13:46:57] /a 2
[03/07/2009 13:46:57] /a 2
[03/07/2009 13:46:58] /a 2
[03/07/2009 13:46:58] /a 2
[03/07/2009 13:46:59] /a 2
[03/07/2009 13:48:08] /goto Comedinha
[03/07/2009 13:53:29] /c gm kaio
[03/07/2009 13:53:34] /c kaio
[03/07/2009 13:53:39] /c kainho
[03/07/2009 14:06:04] /c gm kainho
[03/07/2009 14:06:32] /clean
[03/07/2009 14:07:08] /clean
[03/07/2009 14:07:22] /goto gm kainho
[03/07/2009 14:08:23] /r
[03/07/2009 14:08:32] /i 2704
[03/07/2009 14:09:26] /i 1988
[03/07/2009 14:09:29] /i 2160
[03/07/2009 14:09:30] /i 2160
[03/07/2009 14:09:30] /i 2160
[03/07/2009 14:09:30] /i 2160
[03/07/2009 14:09:31] /i 2160
[03/07/2009 14:09:32] /i 2160
[03/07/2009 14:09:32] /i 2160
[03/07/2009 14:09:32] /i 2160
[03/07/2009 14:09:33] /i 2160
[03/07/2009 14:09:33] /i 2160
[03/07/2009 14:09:33] /i 2160
[03/07/2009 14:09:34] /i 2160
[03/07/2009 14:09:34] /i 2160
[03/07/2009 14:09:34] /i 2160
[03/07/2009 14:09:35] /i 2160
[03/07/2009 14:09:35] /i 2160
[03/07/2009 14:09:36] /i 2160
[03/07/2009 14:09:36] /i 2160
[03/07/2009 14:09:37] /i 2160
[03/07/2009 14:09:37] /i 2160
[03/07/2009 14:09:38] /i 2160
[03/07/2009 14:09:38] /i 2160
[03/07/2009 14:09:39] /i 2160
[03/07/2009 14:09:41] /i 2160
[03/07/2009 14:09:41] /i 2160
[03/07/2009 14:09:41] /i 2160
[03/07/2009 14:09:41] /i 2160
[03/07/2009 14:09:42] /i 2160
[03/07/2009 14:09:42] /i 2160
[03/07/2009 14:09:42] /i 2160
[03/07/2009 14:09:43] /i 2160
[03/07/2009 14:09:43] /i 2160
[03/07/2009 14:09:44] /i 2160
[03/07/2009 14:09:44] /i 2160
[03/07/2009 14:09:44] /i 2160
[03/07/2009 14:09:45] /i 2160
[03/07/2009 14:09:45] /i 2160
[03/07/2009 14:09:45] /i 2160
[03/07/2009 14:09:46] /i 2160
[03/07/2009 14:13:38] /a 2
[03/07/2009 14:14:43] /a 2
[03/07/2009 14:14:45] /a 2
[03/07/2009 14:15:21] /a 5
[03/07/2009 14:15:21] /a 5
[03/07/2009 14:15:22] /a 5
[03/07/2009 14:15:28] /c gm kainho
[03/07/2009 14:15:31] /c gm kainho
[03/07/2009 14:15:39] /ghost
[03/07/2009 14:19:36] /c gm kainho
[03/07/2009 14:19:50] /t GM Kainho
[03/07/2009 14:19:52] /c GM Kainho
[03/07/2009 14:29:08] /t
[03/07/2009 14:29:26] /a 2
[03/07/2009 14:29:32] /a 2
[03/07/2009 14:29:32] /a 2
[03/07/2009 14:30:54] /c Kiiiller
[03/07/2009 14:32:34] /clean
[03/07/2009 14:36:48] /save
[03/07/2009 14:39:35] /save
[03/07/2009 14:47:22] /a 50
[03/07/2009 14:47:22] /a 50
[03/07/2009 14:47:22] /a 50
[03/07/2009 14:47:23] /a 50
[03/07/2009 14:47:23] /a 50
[03/07/2009 14:47:24] /a 50
[03/07/2009 14:47:25] /a 50
[03/07/2009 14:47:26] /a 50
[03/07/2009 14:47:28] /a 50
[03/07/2009 14:47:36] /a 2
[03/07/2009 14:47:37] /a 2
[03/07/2009 14:47:37] /a 2
[03/07/2009 14:47:37] /a 2
[03/07/2009 14:47:38] /a 2
[03/07/2009 14:47:39] /a 2
[03/07/2009 14:47:39] /a 2
[03/07/2009 14:47:39] /a 2
[03/07/2009 14:47:39] /a 2
[03/07/2009 14:47:40] /a 2
[03/07/2009 14:47:40] /a 2
[03/07/2009 14:47:40] /a 2
[03/07/2009 14:47:41] /a 2
[03/07/2009 14:47:41] /a 2
[03/07/2009 14:47:41] /a 2
[03/07/2009 14:47:41] /a 2
[03/07/2009 14:47:42] /a 2
[03/07/2009 14:50:04] /r
[03/07/2009 14:50:50] /a 5
[03/07/2009 14:51:17] /a 2
[03/07/2009 14:51:21] /a 
[03/07/2009 14:51:23] /a 
[03/07/2009 14:51:24] /a 
[03/07/2009 14:51:24] /a 
[03/07/2009 14:51:26] /a 
[03/07/2009 14:51:34] /a 
[03/07/2009 14:51:35] /a 
[03/07/2009 14:51:38] /a
[03/07/2009 14:51:40] /a
[03/07/2009 14:51:40] /a
[03/07/2009 14:51:41] /a
[03/07/2009 14:51:41] /a
[03/07/2009 14:52:20] /a 2
[03/07/2009 14:52:26] /a 2
[03/07/2009 14:52:26] /a 2
[03/07/2009 14:52:27] /a 2
[03/07/2009 14:52:27] /a 2
[03/07/2009 14:52:33] /up
[03/07/2009 14:52:36] /up
[03/07/2009 14:52:40] /up
[03/07/2009 14:52:44] /down
[03/07/2009 14:52:45] /a 
[03/07/2009 14:52:48] /a 2
[03/07/2009 14:52:49] /a 2
[03/07/2009 14:52:55] /a 2
[03/07/2009 14:52:56] /a 2
[03/07/2009 14:52:56] /a 2
[03/07/2009 14:52:57] /a 2
[03/07/2009 14:52:57] /a 2
[03/07/2009 14:52:57] /a 2
[03/07/2009 14:52:57] /a 2
[03/07/2009 14:52:58] /a 2
[03/07/2009 14:52:59] /a 2
[03/07/2009 14:52:59] /a 2
[03/07/2009 14:53:00] /a 2
[03/07/2009 14:53:00] /a 2
[03/07/2009 14:53:01] /down
[03/07/2009 14:53:02] /a 2
[03/07/2009 14:53:02] /a 2
[03/07/2009 14:53:03] /a 2
[03/07/2009 14:53:20] /r
[03/07/2009 14:53:26] /r
[03/07/2009 14:53:30] /r
[03/07/2009 14:53:36] /r
[03/07/2009 14:54:05] /down
[03/07/2009 14:54:07] /up
[03/07/2009 14:54:09] /up
[03/07/2009 14:54:11] /a 2
[03/07/2009 14:54:12] /a 2
[03/07/2009 14:54:13] /a 2
[03/07/2009 14:54:13] /a 2
[03/07/2009 14:54:13] /a 2
[03/07/2009 14:54:13] /a 2
[03/07/2009 14:54:14] /a 2
[03/07/2009 14:54:16] /up
[03/07/2009 14:54:17] /up
[03/07/2009 14:54:20] /up
[03/07/2009 14:54:31] /a 2
[03/07/2009 14:54:31] /a 2
[03/07/2009 14:54:31] /a 2
[03/07/2009 14:54:32] /a 2
[03/07/2009 14:54:32] /a 2
[03/07/2009 14:54:32] /a 2
[03/07/2009 14:54:37] /a 5
[03/07/2009 14:55:09] /a 2
[03/07/2009 14:55:10] /a 2
[03/07/2009 14:55:11] /a 2
[03/07/2009 14:55:11] /a 2
[03/07/2009 14:55:12] /a 2
[03/07/2009 14:55:12] /a 2
[03/07/2009 14:55:12] /a 2
[03/07/2009 14:55:12] /a 2
[03/07/2009 14:55:13] /a 2
[03/07/2009 14:55:13] /a 2
[03/07/2009 14:55:13] /a 2
[03/07/2009 14:55:13] /a 2
[03/07/2009 14:55:14] /a 2
[03/07/2009 14:55:14] /a 2
[03/07/2009 14:55:14] /a 2
[03/07/2009 14:55:14] /a 2
[03/07/2009 14:55:15] /a 2
[03/07/2009 14:55:15] /a 2
[03/07/2009 14:55:15] /a 2
[03/07/2009 14:55:15] /a 2
[03/07/2009 14:55:16] /a 2
[03/07/2009 14:55:16] /a 2
[03/07/2009 14:55:16] /a 2
[03/07/2009 14:55:16] /a 2
[03/07/2009 14:55:16] /a 2
[03/07/2009 14:55:17] /a 2
[03/07/2009 14:55:17] /a 2
[03/07/2009 14:55:17] /a 2
[03/07/2009 14:55:17] /a 2
[03/07/2009 14:55:18] /a 2
[03/07/2009 14:55:18] /a 2
[03/07/2009 14:55:18] /a 2
[03/07/2009 14:55:19] /a 2
[03/07/2009 14:55:19] /a 2
[03/07/2009 14:55:19] /a 2
[03/07/2009 14:55:19] /a 2
[03/07/2009 14:55:20] /a 2
[03/07/2009 14:55:20] /a 2
[03/07/2009 14:55:20] /a 2
[03/07/2009 14:55:20] /a 2
[03/07/2009 14:55:21] /a 2
[03/07/2009 14:55:21] /a 2
[03/07/2009 14:55:22] /a 2
[03/07/2009 14:55:22] /a 2
[03/07/2009 14:55:30] /a 2
[03/07/2009 14:55:31] /a 2
[03/07/2009 14:55:32] /a 2
[03/07/2009 14:55:34] /a 2
[03/07/2009 14:55:35] /a 2
[03/07/2009 14:55:35] /a 2
[03/07/2009 14:55:35] /a 2
[03/07/2009 14:55:38] /a 2
[03/07/2009 14:55:38] /a 2
[03/07/2009 14:55:39] /a 2
[03/07/2009 14:55:39] /a 2
[03/07/2009 14:55:39] /a 2
[03/07/2009 14:55:40] /a 2
[03/07/2009 14:55:40] /a 2
[03/07/2009 14:55:40] /a 2
[03/07/2009 14:55:41] /a 2
[03/07/2009 14:55:41] /a 2
[03/07/2009 14:55:42] /a 2
[03/07/2009 14:55:42] /a 2
[03/07/2009 14:55:42] /a 2
[03/07/2009 14:55:43] /a 2
[03/07/2009 14:55:43] /a 2
[03/07/2009 14:55:43] /a 2
[03/07/2009 14:55:45] /a 2
[03/07/2009 14:55:46] /a 2
[03/07/2009 14:55:46] /a 2
[03/07/2009 14:55:46] /a 2
[03/07/2009 14:55:46] /a 2
[03/07/2009 14:55:47] /a 2
[03/07/2009 14:55:47] /a 2
[03/07/2009 14:55:47] /a 2
[03/07/2009 14:55:48] /a 2
[03/07/2009 14:55:48] /a 2
[03/07/2009 14:55:49] /a 2
[03/07/2009 14:56:01] /a 2
[03/07/2009 14:56:01] /a 2
[03/07/2009 14:56:01] /a 2
[03/07/2009 14:56:02] /a 2
[03/07/2009 14:56:02] /a 2
[03/07/2009 14:56:02] /a 2
[03/07/2009 14:56:02] /a 2
[03/07/2009 14:56:03] /a 2
[03/07/2009 14:56:03] /a 2
[03/07/2009 14:56:03] /a 2
[03/07/2009 14:56:03] /a 2
[03/07/2009 14:56:04] /a 2
[03/07/2009 14:56:04] /a 2
[03/07/2009 14:56:04] /a 2
[03/07/2009 14:56:05] /a 2
[03/07/2009 14:56:05] /a 2
[03/07/2009 14:56:13] /a 2
[03/07/2009 14:56:14] /a 2
[03/07/2009 14:56:24] /a 2
[03/07/2009 14:56:29] /a 2
[03/07/2009 14:56:30] /a 2
[03/07/2009 14:56:31] /a 2
[03/07/2009 14:56:31] /a 2
[03/07/2009 14:56:31] /a 2
[03/07/2009 14:56:31] /a 2
[03/07/2009 14:56:32] /a 2
[03/07/2009 14:56:32] /a 2
[03/07/2009 14:56:33] /a 2
[03/07/2009 14:56:33] /a 2
[03/07/2009 14:56:34] /a 2
[03/07/2009 14:56:35] /a 2
[03/07/2009 14:56:35] /a 2
[03/07/2009 14:56:35] /a 2
[03/07/2009 14:56:36] /a 2
[03/07/2009 14:56:36] /a 2
[03/07/2009 14:56:36] /a 2
[03/07/2009 14:56:37] /a 2
[03/07/2009 14:56:37] /a 2
[03/07/2009 14:56:38] /a 2
[03/07/2009 14:56:39] /a 2
[03/07/2009 14:56:40] /a 2
[03/07/2009 14:56:41] /a 2
[03/07/2009 14:56:42] /a 2
[03/07/2009 14:56:43] /a 2
[03/07/2009 14:56:44] /a 2
[03/07/2009 14:56:45] /a 2
[03/07/2009 14:56:45] /a 2
[03/07/2009 14:56:52] /a 2
[03/07/2009 14:56:53] /a 2
[03/07/2009 14:56:53] /a 2
[03/07/2009 14:56:54] /a 2
[03/07/2009 14:56:54] /a 2
[03/07/2009 14:56:55] /a 2
[03/07/2009 14:56:55] /a 2
[03/07/2009 14:56:56] /a 2
[03/07/2009 14:56:57] /a 2
[03/07/2009 14:56:58] /a 2
[03/07/2009 14:57:13] /a 2
[03/07/2009 14:57:17] /a 2
[03/07/2009 14:57:24] /up
[03/07/2009 14:57:27] /up
[03/07/2009 14:57:31] /up
[03/07/2009 14:57:45] /a 2
[03/07/2009 14:57:48] /a 2
[03/07/2009 14:57:48] /a 2
[03/07/2009 14:57:50] /a 2
[03/07/2009 14:57:51] /a 2
[03/07/2009 14:57:51] /a 2
[03/07/2009 14:57:52] /a 2
[03/07/2009 14:57:53] /a 2
[03/07/2009 14:57:54] /a 2
[03/07/2009 14:57:54] /a 2
[03/07/2009 14:57:55] /a 2
[03/07/2009 14:57:56] /a 2
[03/07/2009 14:57:57] /a 2
[03/07/2009 14:57:57] /a 2
[03/07/2009 14:57:59] /down
[03/07/2009 14:58:01] /down
[03/07/2009 14:58:02] /down
[03/07/2009 14:58:11] /up
[03/07/2009 14:58:12] /up
[03/07/2009 14:58:14] /a 5
[03/07/2009 14:58:14] /a 5
[03/07/2009 14:58:15] /a 5
[03/07/2009 14:58:15] /a 5
[03/07/2009 14:58:15] /a 5
[03/07/2009 14:58:16] /a 5
[03/07/2009 14:58:20] /up
[03/07/2009 14:58:27] /r
[03/07/2009 14:58:27] /r
[03/07/2009 14:58:30] /a 2
[03/07/2009 14:58:30] /a 2
[03/07/2009 14:58:30] /a 2
[03/07/2009 14:58:30] /a 2
[03/07/2009 14:58:30] /a 2
[03/07/2009 14:58:31] /a 2
[03/07/2009 14:58:31] /a 2
[03/07/2009 14:58:31] /a 2
[03/07/2009 14:58:31] /a 2
[03/07/2009 14:58:45] /a 2
[03/07/2009 14:58:45] /a 2
[03/07/2009 14:58:45] /a 2
[03/07/2009 14:58:46] /a 2
[03/07/2009 14:58:46] /a 2
[03/07/2009 14:58:46] /a 2
[03/07/2009 14:58:47] /a 2
[03/07/2009 14:58:47] /a 2
[03/07/2009 14:58:48] /a 2
[03/07/2009 14:58:48] /a 2
[03/07/2009 14:58:48] /a 2
[03/07/2009 14:58:49] /a 2
[03/07/2009 14:58:51] /down
[03/07/2009 14:58:51] /a 2
[03/07/2009 14:58:52] /a 2
[03/07/2009 14:58:53] /a 2
[03/07/2009 14:58:53] /a 2
[03/07/2009 14:58:54] /a 2
[03/07/2009 14:58:54] /a 2
[03/07/2009 14:58:55] /a 2
[03/07/2009 14:58:55] /a 2
[03/07/2009 14:58:55] /a 2
[03/07/2009 14:58:56] /a 2
[03/07/2009 14:58:56] /a 2
[03/07/2009 14:58:56] /a 2
[03/07/2009 14:58:56] /a 2
[03/07/2009 14:58:56] /a 2
[03/07/2009 14:58:57] /a 2
[03/07/2009 14:58:57] /a 2
[03/07/2009 14:58:58] /a 2
[03/07/2009 14:58:58] /a 2
[03/07/2009 14:58:58] /a 2
[03/07/2009 14:58:58] /a 2
[03/07/2009 14:58:58] /a 2
[03/07/2009 14:58:59] /a 2
[03/07/2009 14:58:59] /a 2
[03/07/2009 14:58:59] /a 2
[03/07/2009 14:58:59] /a 2
[03/07/2009 14:59:01] /up
[03/07/2009 14:59:02] /a 2
[03/07/2009 14:59:02] /a 2
[03/07/2009 14:59:03] /a 2
[03/07/2009 14:59:04] /a 2
[03/07/2009 14:59:04] /a 2
[03/07/2009 14:59:04] /a 2
[03/07/2009 14:59:05] /a 2
[03/07/2009 14:59:05] /a 2
[03/07/2009 14:59:11] /down
[03/07/2009 14:59:12] /down
[03/07/2009 14:59:15] /up
[03/07/2009 15:00:02] /a 
[03/07/2009 15:00:06] /a 2
[03/07/2009 15:00:06] /a 2
[03/07/2009 15:00:08] /a 2
[03/07/2009 15:00:28] /c Zuper Brag
[03/07/2009 15:00:34] /c Noiadinhaa
[03/07/2009 15:01:49] /a 2
[03/07/2009 15:02:05] /a 2
[03/07/2009 15:11:58] /c Noiadinhaa
[03/07/2009 15:12:10] /a 2
[03/07/2009 15:14:54] /c Zuper Brag
[03/07/2009 15:16:45] /a 
[03/07/2009 15:16:46] /a 
[03/07/2009 15:16:46] /a 
[03/07/2009 15:16:48] /a 
[03/07/2009 15:16:48] /a 
[03/07/2009 15:16:51] /a 
[03/07/2009 15:18:47] /r
[03/07/2009 15:20:18] /r
[03/07/2009 15:20:29] /r
[03/07/2009 15:20:31] /r
[03/07/2009 15:20:33] /r
[03/07/2009 15:20:34] /r
[03/07/2009 15:20:38] /a 
[03/07/2009 15:20:44] /a 
[03/07/2009 15:20:54] /i 8461
[03/07/2009 15:21:05] /r
[03/07/2009 15:21:19] /c Zuper Brag
[03/07/2009 15:21:25] /r
[03/07/2009 15:21:30] /r
[03/07/2009 15:21:33] /r
[03/07/2009 15:21:35] /r
[03/07/2009 15:21:40] /r
[03/07/2009 15:21:42] /r
[03/07/2009 15:22:25] /a 2
[03/07/2009 15:22:38] /down
[03/07/2009 15:22:52] /t Noiadinhaa
[03/07/2009 15:22:59] /c Zuper Brag
[03/07/2009 15:23:01] /down
[03/07/2009 15:23:02] /c Zuper Brag
[03/07/2009 15:23:04] /c Zuper Brag
[03/07/2009 15:23:05] /c Zuper Brag
[03/07/2009 15:23:08] /a 2
[03/07/2009 15:23:09] /a 2
[03/07/2009 15:23:09] /a 2
[03/07/2009 15:23:10] /a 2
[03/07/2009 15:23:11] /c Zuper Brag
[03/07/2009 15:23:11] /c Zuper Brag
[03/07/2009 15:23:12] /c Zuper Brag
[03/07/2009 15:23:13] /t
[03/07/2009 15:23:16] /t Zuper Brag
[03/07/2009 15:23:24] /clean
[03/07/2009 15:23:58] /kick Zuper Brag
[03/07/2009 15:39:29] /bc o gm kainho é muitop gay né
[03/07/2009 15:41:01] /r
[03/07/2009 15:41:33] /mode 1
[03/07/2009 15:41:36] /mode 0
[03/07/2009 16:05:02] /goto Nic Kina
[03/07/2009 16:05:40] /a 2
[03/07/2009 16:05:43] /a 2
[03/07/2009 16:05:45] /a 2
[03/07/2009 16:05:58] /i blessed shield
[03/07/2009 16:06:03] /i solar axe
[03/07/2009 16:06:10] /c yalahari armor
[03/07/2009 16:06:19] /a 2
[03/07/2009 16:08:50] /a 2
[03/07/2009 16:09:38] /goto Nic Kina
[03/07/2009 16:09:46] /i yalahari armor
[03/07/2009 16:09:48] /i yalahari armor
[03/07/2009 16:09:53] /save
[03/07/2009 16:09:56] /clean
[04/07/2009 08:26:30] /newtype 301
[04/07/2009 08:26:31] /newtype 302
[04/07/2009 08:26:32] /newtype 303
[04/07/2009 08:26:32] /newtype 304
[04/07/2009 08:26:33] /newtype 305
[04/07/2009 08:26:34] /newtype 306
[04/07/2009 08:26:34] /newtype 307
[04/07/2009 08:26:35] /newtype 308
[04/07/2009 08:26:36] /newtype 309
[04/07/2009 08:26:38] /newtype 310
[04/07/2009 08:26:39] /newtype 311
[04/07/2009 08:26:39] /newtype 312
[04/07/2009 08:26:40] /newtype 313
[04/07/2009 08:26:41] /newtype 314
[04/07/2009 08:26:42] /newtype 315
[04/07/2009 08:26:42] /newtype 316
[04/07/2009 08:26:43] /newtype 317
[04/07/2009 08:26:46] /newtype 318
[04/07/2009 08:26:47] /newtype 319
[04/07/2009 08:26:49] /newtype 320
[04/07/2009 08:26:49] /newtype 321
[04/07/2009 08:26:50] /newtype 322
[04/07/2009 08:26:51] /newtype 323
[04/07/2009 08:26:52] /newtype 324
[04/07/2009 08:26:53] /newtype 325
[04/07/2009 08:26:54] /newtype 326
[04/07/2009 08:26:55] /newtype 327
[04/07/2009 08:26:59] /newtype 328
[04/07/2009 08:27:01] /newtype 327
[04/07/2009 08:27:04] /newtype 326
[04/07/2009 08:27:07] /newtype 327
[04/07/2009 08:29:47] /m medusa
[04/07/2009 08:29:53] /newtype 327
[04/07/2009 08:29:56] /newtype 326
[04/07/2009 08:29:58] /newtype 327
[04/07/2009 08:30:13] /m medusa
[04/07/2009 08:30:17] /r
[04/07/2009 08:32:42] /m medusa
[04/07/2009 08:32:46] /r
[04/07/2009 08:33:03] /m medusa
[04/07/2009 08:33:27] /m medusa
[04/07/2009 08:33:37] /m medusa
[04/07/2009 08:33:40] /r
[04/07/2009 08:33:57] /m medusa
[04/07/2009 08:34:15] /m medusa
[04/07/2009 08:34:57] /m medusa
[04/07/2009 08:36:16] /m medusa
[04/07/2009 08:36:32] /m medusa
[04/07/2009 08:50:29] /m new1
[04/07/2009 08:50:32] /m new2
[04/07/2009 08:50:33] /m new3
[04/07/2009 08:50:34] /m new4
[04/07/2009 08:50:35] /m new5
[04/07/2009 08:50:36] /m new6
[04/07/2009 08:50:37] /m new7
[04/07/2009 08:50:40] /m new8
[04/07/2009 08:50:43] /a 2
[04/07/2009 08:50:45] /r
[04/07/2009 08:50:49] /a 2
[04/07/2009 09:10:07] /newtype 327
[04/07/2009 09:10:08] /newtype 328
[04/07/2009 09:26:47] /newtype 328
[04/07/2009 09:26:50] /newtype 329
[04/07/2009 09:26:53] /newtype 330
[04/07/2009 09:26:54] /newtype 331
[04/07/2009 09:26:55] /newtype 332
[04/07/2009 09:28:02] /newtype 333
[04/07/2009 09:28:07] /newtype 333
[04/07/2009 09:28:43] /newtype 334
[04/07/2009 13:28:25] /m new1
[04/07/2009 13:28:26] /m new2
[04/07/2009 13:28:27] /m new3
[04/07/2009 13:28:28] /m new4
[04/07/2009 13:28:29] /m new5
[04/07/2009 13:28:30] /m new6
[04/07/2009 13:28:31] /m new7
[04/07/2009 13:28:32] /m new8
[04/07/2009 13:28:34] /r
[04/07/2009 13:28:36] /m new8
[04/07/2009 13:28:44] /a 2
[04/07/2009 13:29:05] /newtype 333
[04/07/2009 13:29:07] /newtype 332
[04/07/2009 13:29:10] /newtype 331
[04/07/2009 13:29:12] /newtype 332
[04/07/2009 13:30:56] /r
[04/07/2009 13:31:09] /r
[04/07/2009 13:31:10] /r
[04/07/2009 13:31:11] /r
[04/07/2009 13:31:21] /r
[04/07/2009 13:31:22] /r
[04/07/2009 13:31:23] /r
[04/07/2009 13:31:25] /r
[04/07/2009 13:31:36] /newtype 332
[04/07/2009 13:32:51] /c GM juhh
[04/07/2009 13:32:52] /c GM juh
[04/07/2009 13:35:34] /newtype 335
[04/07/2009 13:36:22] /newtype 332
