[21/07/2013 17:57:16] /town god
[21/07/2013 17:57:29] /town 10
[21/07/2013 17:57:30] /town 9
[21/07/2013 17:57:32] /town 8
[21/07/2013 17:57:33] /town 7
[21/07/2013 17:57:35] /town 6
[21/07/2013 17:57:36] /town 5
[21/07/2013 17:57:38] /town 4
[21/07/2013 17:57:42] /t
[21/07/2013 17:58:36] /t
[21/07/2013 18:00:07] /goto ryuuku
[21/07/2013 18:00:55] /down
[21/07/2013 18:00:57] /up
[21/07/2013 18:01:02] /a 2
[21/07/2013 18:01:04] /a 2
[21/07/2013 18:01:04] /a 2
[21/07/2013 18:01:04] /a 2
[21/07/2013 18:01:05] /a 2
[21/07/2013 18:01:05] /a 2
[21/07/2013 18:01:05] /a 2
[21/07/2013 18:01:06] /a 2
[21/07/2013 18:01:24] /mc
[21/07/2013 18:01:44] /r
[21/07/2013 18:01:54] /t
[21/07/2013 18:02:02] /i Foot of the Shinigami 
[21/07/2013 18:02:42] /i boneco teleport
[21/07/2013 18:02:44] /i boneco teleporte
[21/07/2013 18:02:48] /i boneco de teleporte
[21/07/2013 18:02:54] /clean 
[21/07/2013 18:07:02] /raid demon lord
[21/07/2013 18:07:39] /r
[21/07/2013 18:07:51] /r
[21/07/2013 18:07:52] /r
