[03/02/2013 16:06:01] /a
[03/02/2013 16:08:04] /goto Raito Yagami
[03/02/2013 16:09:37] /goto Raito Yagami
[03/02/2013 16:11:11] /goto raito yagami
[03/02/2013 16:12:04] /goto raito yagami
[03/02/2013 16:12:39] /goto Raito Yagami
[03/02/2013 16:15:40] /goto Raito Yagami
[03/02/2013 16:16:18] /goto Raito Yagami
[04/02/2013 18:04:10] /goto valkyrie
[04/02/2013 18:10:33] /a 3
[04/02/2013 18:10:36] /a
[05/02/2013 14:34:49] /a
[05/02/2013 14:34:51] /a 6
[05/02/2013 14:34:54] /a 3
[05/02/2013 14:35:05] /a 2
[05/02/2013 14:36:48] /a
[05/02/2013 14:36:48] /a
[05/02/2013 14:36:48] /a
[05/02/2013 14:36:54] /a 2
[05/02/2013 14:36:55] /a 2
[05/02/2013 14:36:56] /a 2
[05/02/2013 14:36:57] /a 2
[05/02/2013 14:37:01] /a
[05/02/2013 14:37:02] /a
[05/02/2013 14:37:02] /a
[05/02/2013 14:37:02] /a
[05/02/2013 14:37:02] /a
[05/02/2013 14:37:02] /a
[05/02/2013 14:37:02] /a
[05/02/2013 14:37:02] /a
[05/02/2013 14:37:02] /a
[05/02/2013 14:37:02] /a
[05/02/2013 14:37:02] /a
[05/02/2013 14:37:02] /a
[05/02/2013 14:37:02] /a
[05/02/2013 14:37:02] /a
[05/02/2013 14:37:03] /a
[05/02/2013 14:37:03] /a
[05/02/2013 14:37:03] /a
[05/02/2013 14:37:03] /a
[05/02/2013 14:37:03] /a
[05/02/2013 14:37:03] /a
[05/02/2013 14:37:03] /a
[05/02/2013 14:37:03] /a
[05/02/2013 14:37:03] /a
[05/02/2013 14:37:03] /a
[05/02/2013 14:37:03] /a
[05/02/2013 14:37:03] /a
[05/02/2013 14:37:03] /a
[05/02/2013 14:37:03] /a
[05/02/2013 14:37:03] /a
[05/02/2013 14:37:03] /a
[05/02/2013 14:37:03] /a
[05/02/2013 14:37:03] /a
[05/02/2013 14:37:03] /a
[05/02/2013 14:37:03] /a
[05/02/2013 14:37:03] /a
[05/02/2013 14:37:03] /a
[05/02/2013 14:37:03] /a
[05/02/2013 14:37:03] /a
[05/02/2013 14:37:04] /a
[05/02/2013 14:37:04] /a
[05/02/2013 14:37:04] /a
[05/02/2013 14:37:04] /a
[05/02/2013 14:37:04] /a
[05/02/2013 14:37:04] /a
[05/02/2013 14:37:04] /a
[05/02/2013 14:37:04] /a
[05/02/2013 14:37:04] /a
[05/02/2013 14:37:04] /a
[05/02/2013 14:37:04] /a
[05/02/2013 14:37:04] /a
[05/02/2013 14:37:04] /a
[05/02/2013 14:37:04] /a
[05/02/2013 14:37:04] /a
[05/02/2013 14:37:04] /a
[05/02/2013 14:37:04] /a
[05/02/2013 14:37:04] /a
[05/02/2013 14:37:04] /a
[05/02/2013 14:37:04] /a
[05/02/2013 14:37:04] /a
[05/02/2013 14:37:04] /a
[05/02/2013 14:37:04] /a
[05/02/2013 14:37:04] /a
[05/02/2013 14:37:04] /a
[05/02/2013 14:37:04] /a
[05/02/2013 14:37:05] /a
[05/02/2013 14:37:05] /a
[05/02/2013 14:37:05] /a
[05/02/2013 14:37:05] /a
[05/02/2013 14:37:05] /a
[05/02/2013 14:37:05] /a
[05/02/2013 14:37:05] /a
[05/02/2013 14:37:05] /a
[05/02/2013 14:37:05] /a
[05/02/2013 14:37:05] /a
[05/02/2013 14:37:05] /a
[05/02/2013 14:37:05] /a
[05/02/2013 14:37:05] /a
[05/02/2013 14:37:05] /a
[05/02/2013 14:37:05] /a
[05/02/2013 14:37:05] /a
[05/02/2013 14:37:05] /a
[05/02/2013 14:37:05] /a
[05/02/2013 14:37:05] /a
[05/02/2013 14:37:05] /a
[05/02/2013 14:37:05] /a
[05/02/2013 14:37:05] /a
[05/02/2013 14:37:05] /a
[05/02/2013 14:37:05] /a
[05/02/2013 14:37:05] /a
[05/02/2013 14:37:06] /a
[05/02/2013 14:37:06] /a
[05/02/2013 14:37:06] /a
[05/02/2013 14:37:06] /a
[05/02/2013 14:37:06] /a
[05/02/2013 14:37:06] /a
[05/02/2013 14:37:06] /a
[05/02/2013 14:37:06] /a
[05/02/2013 14:37:06] /a
[05/02/2013 14:37:06] /a
[05/02/2013 14:37:06] /a
[05/02/2013 14:37:06] /a
[05/02/2013 14:37:06] /a
[05/02/2013 14:37:06] /a
[05/02/2013 14:37:06] /a
[05/02/2013 14:37:06] /a
[05/02/2013 14:37:06] /a
[05/02/2013 14:37:06] /a
[05/02/2013 14:37:06] /a
[05/02/2013 14:37:06] /a
[05/02/2013 14:37:06] /a
[05/02/2013 14:37:06] /a
[05/02/2013 14:37:06] /a
[05/02/2013 14:37:06] /a
[05/02/2013 14:37:06] /a
[05/02/2013 14:37:07] /a
[05/02/2013 14:37:07] /a
[05/02/2013 14:37:07] /a
[05/02/2013 14:37:07] /a
[05/02/2013 14:37:07] /a
[05/02/2013 14:37:07] /a
[05/02/2013 14:37:07] /a
[05/02/2013 14:37:07] /a
[05/02/2013 14:37:07] /a
[05/02/2013 14:37:07] /a
[05/02/2013 14:37:07] /a
[05/02/2013 14:37:07] /a
[05/02/2013 14:37:07] /a
[05/02/2013 14:37:07] /a
[05/02/2013 14:37:07] /a
[05/02/2013 14:37:07] /a
[05/02/2013 14:37:07] /a
[05/02/2013 14:37:07] /a
[05/02/2013 14:37:07] /a
[05/02/2013 14:37:07] /a
[05/02/2013 14:37:07] /a
[05/02/2013 14:37:07] /a
[05/02/2013 14:37:07] /a
[05/02/2013 14:37:07] /a
[05/02/2013 14:37:07] /a
[05/02/2013 14:37:07] /a
[05/02/2013 14:37:08] /a
[05/02/2013 14:37:08] /a
[05/02/2013 14:37:08] /a
[05/02/2013 14:37:08] /a
[05/02/2013 14:37:08] /a
[05/02/2013 14:37:08] /a
[05/02/2013 14:37:08] /a
[05/02/2013 14:37:08] /a
[05/02/2013 14:37:08] /a
[05/02/2013 14:37:08] /a
[05/02/2013 14:37:08] /a
[05/02/2013 14:37:08] /a
[05/02/2013 14:37:08] /a
[05/02/2013 14:37:08] /a
[05/02/2013 14:37:08] /a
[05/02/2013 14:37:08] /a
[05/02/2013 14:37:08] /a
[05/02/2013 14:37:08] /a
[05/02/2013 14:37:08] /a
[05/02/2013 14:37:08] /a
[05/02/2013 14:37:08] /a
[05/02/2013 14:37:08] /a
[05/02/2013 14:37:08] /a
[05/02/2013 14:37:08] /a
[05/02/2013 14:37:08] /a
[05/02/2013 14:37:08] /a
[05/02/2013 14:37:09] /a
[05/02/2013 14:37:09] /a
[05/02/2013 14:37:09] /a
[05/02/2013 14:37:09] /a
[05/02/2013 14:37:09] /a
[05/02/2013 14:37:09] /a
[05/02/2013 14:37:09] /a
[05/02/2013 14:37:09] /a
[05/02/2013 14:37:09] /a
[05/02/2013 14:37:09] /a
[05/02/2013 14:37:09] /a
[05/02/2013 14:37:09] /a
[05/02/2013 14:37:09] /a
[05/02/2013 14:37:09] /a
[05/02/2013 14:37:09] /a
[05/02/2013 14:37:09] /a
[05/02/2013 14:37:09] /a
[05/02/2013 14:37:09] /a
[05/02/2013 14:37:09] /a
[05/02/2013 14:37:09] /a
[05/02/2013 14:37:09] /a
[05/02/2013 14:37:09] /a
[05/02/2013 14:37:09] /a
[05/02/2013 14:37:09] /a
[05/02/2013 14:37:09] /a
[05/02/2013 14:37:09] /a
[05/02/2013 14:37:09] /a
[05/02/2013 14:37:10] /a
[05/02/2013 14:37:10] /a
[05/02/2013 14:37:10] /a
[05/02/2013 14:37:10] /a
[05/02/2013 14:37:10] /a
[05/02/2013 14:37:10] /a
[05/02/2013 14:37:10] /a
[05/02/2013 14:37:10] /a
[05/02/2013 14:37:10] /a
[05/02/2013 14:37:10] /a
[05/02/2013 14:37:10] /a
[05/02/2013 14:37:10] /a
[05/02/2013 14:37:10] /a
[05/02/2013 14:37:10] /a
[05/02/2013 14:37:10] /a
[05/02/2013 14:37:10] /a
[05/02/2013 14:37:10] /a
[05/02/2013 14:37:10] /a
[05/02/2013 14:37:10] /a
[05/02/2013 14:37:10] /a
[05/02/2013 14:37:10] /a
[05/02/2013 14:37:10] /a
[05/02/2013 14:37:10] /a
[05/02/2013 14:37:10] /a
[05/02/2013 14:37:10] /a
[05/02/2013 14:37:10] /a
[05/02/2013 14:37:11] /a
[05/02/2013 14:37:11] /a
[05/02/2013 14:37:11] /a
[05/02/2013 14:37:11] /a
[05/02/2013 14:37:12] /a
[05/02/2013 14:37:12] /a
[05/02/2013 14:37:12] /a
[05/02/2013 14:37:12] /a
[05/02/2013 14:37:12] /a
[05/02/2013 14:37:12] /a
[05/02/2013 14:37:12] /a
[05/02/2013 14:37:12] /a
[05/02/2013 14:37:12] /a
[05/02/2013 14:37:12] /a
[05/02/2013 14:37:12] /a
[05/02/2013 14:37:12] /a
[05/02/2013 14:37:12] /a
[05/02/2013 14:37:12] /a
[05/02/2013 14:37:13] /a
[05/02/2013 14:37:13] /a
[05/02/2013 14:37:13] /a
[05/02/2013 14:37:14] /a
[05/02/2013 14:37:14] /a
[05/02/2013 14:37:18] /a 3
[06/02/2013 18:19:05] /goto hacker
[12/02/2013 00:02:36] /a
[12/02/2013 00:02:40] /goto ryuuku
