[29/01/2013 20:47:51] /goto clasus
[29/01/2013 20:50:28] /ghost
[29/01/2013 20:50:37] /goto Jean
[29/01/2013 20:50:41] /goto Jean
[29/01/2013 20:50:41] /goto Jean
[29/01/2013 20:50:42] /goto Jean
[29/01/2013 20:50:42] /goto Jean
[29/01/2013 20:50:43] /goto Jean
[29/01/2013 20:50:44] /goto Jean
[29/01/2013 21:43:41] /ghost
[29/01/2013 21:43:42] /ghost
[31/01/2013 17:25:56] /ghost
[31/01/2013 20:39:12] /a
[31/01/2013 21:18:39] /goto clasus
[31/01/2013 21:41:21] /goto homen aranha
[31/01/2013 21:47:12] /a 5
[31/01/2013 21:47:13] /a 5
[31/01/2013 21:47:14] /a 5
[31/01/2013 21:47:14] /a 5
[31/01/2013 21:47:28] /a 15
[31/01/2013 21:47:29] /a 15
[31/01/2013 21:53:57] /goto jean
[31/01/2013 21:58:40] /goto clasus
[31/01/2013 22:05:26] /goto jean
[26/05/2013 20:23:29] /a
[26/05/2013 20:23:32] /a
[26/05/2013 20:23:34] /a
[26/05/2013 20:23:42] /a
[26/05/2013 20:23:44] /a
[26/05/2013 20:23:45] /a
[26/05/2013 20:23:47] /a
[26/05/2013 20:23:49] /a
[26/05/2013 20:23:52] /a
[26/05/2013 20:24:01] /a
[26/05/2013 20:24:02] /a
[26/05/2013 20:24:02] /a
[26/05/2013 20:24:02] /a
[26/05/2013 20:24:02] /a
[26/05/2013 20:24:03] /a
[26/05/2013 20:24:03] /a
[26/05/2013 20:24:04] /a
[26/05/2013 20:24:04] /a
[26/05/2013 20:24:04] /a
[26/05/2013 20:24:05] /a
[26/05/2013 20:24:05] /a
[26/05/2013 20:24:05] /a
[26/05/2013 20:24:06] /a
[26/05/2013 20:24:06] /a
[26/05/2013 20:24:06] /a
[26/05/2013 20:24:07] /a
[26/05/2013 20:24:07] /a
[26/05/2013 20:24:08] /a
[26/05/2013 20:24:08] /a
[26/05/2013 20:24:08] /a
[26/05/2013 20:24:08] /a
[26/05/2013 20:24:08] /a
[26/05/2013 20:24:09] /a
[26/05/2013 20:24:09] /a
[26/05/2013 20:24:09] /a
[26/05/2013 20:24:10] /a
[26/05/2013 20:24:10] /a
[26/05/2013 20:24:10] /a
[26/05/2013 20:24:10] /a
[26/05/2013 20:24:11] /a
[26/05/2013 20:24:11] /a
[26/05/2013 20:24:11] /a
[26/05/2013 20:24:11] /a
[26/05/2013 20:24:11] /a
[26/05/2013 20:24:11] /a
[26/05/2013 20:24:11] /a
[26/05/2013 20:24:11] /a
[26/05/2013 20:24:11] /a
[26/05/2013 20:24:12] /a
[26/05/2013 20:24:12] /a
[26/05/2013 20:24:13] /a
[26/05/2013 20:24:13] /a
[26/05/2013 20:24:13] /a
[26/05/2013 20:24:13] /a
[26/05/2013 20:24:13] /a
[26/05/2013 20:24:14] /a
[26/05/2013 20:24:14] /a
[26/05/2013 20:24:14] /a
[26/05/2013 20:24:14] /a
[26/05/2013 20:24:15] /a
[26/05/2013 20:24:15] /a
[26/05/2013 20:24:15] /a
[26/05/2013 20:24:15] /a
[26/05/2013 20:24:15] /a
[26/05/2013 20:24:16] /a
[26/05/2013 20:24:16] /a
[26/05/2013 20:24:16] /a
[26/05/2013 20:24:16] /a
[26/05/2013 20:24:16] /a
[26/05/2013 20:24:16] /a
[26/05/2013 20:24:17] /a
[26/05/2013 20:24:17] /a
[26/05/2013 20:24:17] /a
[26/05/2013 20:24:17] /a
[26/05/2013 20:24:17] /a
[26/05/2013 20:24:17] /a
[26/05/2013 20:24:18] /a
[26/05/2013 20:24:18] /a
[26/05/2013 20:24:18] /a
[26/05/2013 20:24:18] /a
[26/05/2013 20:24:18] /a
[26/05/2013 20:24:19] /a
[26/05/2013 20:24:19] /a
[26/05/2013 20:24:19] /a
[26/05/2013 20:24:20] /a
[26/05/2013 20:24:20] /a
[26/05/2013 20:24:20] /a
[26/05/2013 20:24:21] /a
[26/05/2013 20:24:21] /a
[26/05/2013 20:24:21] /a
[26/05/2013 20:24:22] /a
[26/05/2013 20:24:22] /a
[26/05/2013 20:24:23] /a
[26/05/2013 20:24:23] /a
[26/05/2013 20:24:24] /a
[26/05/2013 20:24:24] /a
[26/05/2013 20:24:25] /a
[26/05/2013 20:24:28] /a
[26/05/2013 20:24:30] /a
[26/05/2013 20:24:34] /a
[26/05/2013 20:24:34] /a
[26/05/2013 20:24:35] /a
[26/05/2013 20:24:35] /a
[26/05/2013 20:24:36] /a
[26/05/2013 20:24:36] /a
[26/05/2013 20:24:37] /a
[26/05/2013 20:24:37] /a
[26/05/2013 20:24:38] /a
[26/05/2013 20:24:38] /a
[26/05/2013 20:24:38] /a
[26/05/2013 20:24:39] /a
[26/05/2013 20:24:39] /a
[26/05/2013 20:24:39] /a
[26/05/2013 20:24:40] /a
[26/05/2013 20:24:40] /a
[26/05/2013 20:24:40] /a
[26/05/2013 20:24:40] /a
[26/05/2013 20:24:41] /a
[26/05/2013 20:24:41] /a
[26/05/2013 20:24:41] /a
[26/05/2013 20:24:42] /a
[26/05/2013 20:24:42] /a
[26/05/2013 20:24:42] /a
[26/05/2013 20:24:43] /a
[26/05/2013 20:24:43] /a
[26/05/2013 20:24:43] /a
[26/05/2013 20:24:43] /a
[26/05/2013 20:24:43] /a
[26/05/2013 20:24:43] /a
[26/05/2013 20:32:24] /goto ryuuku
[26/05/2013 20:41:13] /goto pally rush
[26/05/2013 23:09:17] /a
[26/05/2013 23:09:17] /a
[26/05/2013 23:09:17] /a
[26/05/2013 23:09:17] /a
[26/05/2013 23:09:17] /a
[26/05/2013 23:09:17] /a
[26/05/2013 23:09:17] /a
[26/05/2013 23:09:17] /a
[26/05/2013 23:09:17] /a
[26/05/2013 23:09:17] /a
[26/05/2013 23:09:18] /a
[26/05/2013 23:09:18] /a
[26/05/2013 23:09:18] /a
[26/05/2013 23:09:18] /a
[26/05/2013 23:13:44] /a
[26/05/2013 23:13:44] /a
[26/05/2013 23:13:44] /a
[26/05/2013 23:13:44] /a
[26/05/2013 23:13:44] /a
[26/05/2013 23:13:44] /a
[26/05/2013 23:13:44] /a
[26/05/2013 23:13:44] /a
[26/05/2013 23:13:44] /a
[26/05/2013 23:13:44] /a
[26/05/2013 23:13:44] /a
[26/05/2013 23:13:45] /a
[26/05/2013 23:13:45] /a
[26/05/2013 23:13:45] /a
[26/05/2013 23:13:45] /a
[26/05/2013 23:13:45] /a
[26/05/2013 23:13:45] /a
[26/05/2013 23:13:45] /a
[26/05/2013 23:13:46] /a
[26/05/2013 23:13:46] /a
[26/05/2013 23:13:46] /a
[26/05/2013 23:13:46] /a
[26/05/2013 23:13:47] /a
[26/05/2013 23:13:47] /a
[26/05/2013 23:13:47] /a
[26/05/2013 23:13:48] /a
[26/05/2013 23:13:48] /a
[26/05/2013 23:13:48] /a
[26/05/2013 23:13:48] /a
[26/05/2013 23:13:49] /a
[26/05/2013 23:13:49] /a
[26/05/2013 23:13:49] /a
[26/05/2013 23:13:51] /a
[26/05/2013 23:13:51] /a
[26/05/2013 23:13:51] /a
[26/05/2013 23:13:51] /a
[26/05/2013 23:13:51] /a
[26/05/2013 23:13:51] /a
[26/05/2013 23:13:51] /a
[26/05/2013 23:13:51] /a
[26/05/2013 23:13:51] /a
[26/05/2013 23:13:52] /a
[26/05/2013 23:13:52] /a
[26/05/2013 23:13:52] /a
[26/05/2013 23:13:52] /a
[26/05/2013 23:13:52] /a
[26/05/2013 23:13:52] /a
[26/05/2013 23:13:52] /a
[26/05/2013 23:13:53] /a
[26/05/2013 23:13:53] /a
[26/05/2013 23:13:54] /a
[26/05/2013 23:13:54] /a
[26/05/2013 23:13:55] /a
[26/05/2013 23:13:56] /a
[26/05/2013 23:13:56] /a
[26/05/2013 23:13:56] /a
[26/05/2013 23:13:56] /a
[26/05/2013 23:13:56] /a
[26/05/2013 23:13:56] /a
[26/05/2013 23:13:57] /a
[26/05/2013 23:13:57] /a
[26/05/2013 23:13:57] /a
[26/05/2013 23:13:57] /a
[26/05/2013 23:13:57] /a
[26/05/2013 23:13:57] /a
[26/05/2013 23:13:59] /a
[26/05/2013 23:13:59] /a
[26/05/2013 23:14:00] /a
[26/05/2013 23:14:02] /a
[26/05/2013 23:14:02] /a
[26/05/2013 23:14:03] /a
[26/05/2013 23:14:03] /a
[26/05/2013 23:14:25] /a
[26/05/2013 23:14:25] /a
[26/05/2013 23:14:25] /a
[26/05/2013 23:14:25] /a
[26/05/2013 23:14:26] /a
[26/05/2013 23:14:26] /a
[26/05/2013 23:14:26] /a
[26/05/2013 23:14:26] /a
[26/05/2013 23:14:26] /a
[26/05/2013 23:14:26] /a
[26/05/2013 23:14:26] /a
[26/05/2013 23:14:26] /a
[26/05/2013 23:14:26] /a
[26/05/2013 23:14:26] /a
[26/05/2013 23:14:26] /a
[26/05/2013 23:14:27] /a
[26/05/2013 23:14:27] /a
[26/05/2013 23:14:28] /a
[26/05/2013 23:14:28] /a
[26/05/2013 23:14:28] /a
[26/05/2013 23:14:28] /a
[26/05/2013 23:14:29] /a
[26/05/2013 23:14:29] /a
[26/05/2013 23:14:29] /a
[26/05/2013 23:14:29] /a
[26/05/2013 23:14:29] /a
[26/05/2013 23:14:29] /a
[26/05/2013 23:14:30] /a
[26/05/2013 23:14:30] /a
[26/05/2013 23:14:30] /a
[26/05/2013 23:14:31] /a
[26/05/2013 23:14:31] /a
[26/05/2013 23:14:32] /a
[26/05/2013 23:14:32] /a
[26/05/2013 23:14:35] /a
[26/05/2013 23:15:37] /a
[26/05/2013 23:15:38] /a
[26/05/2013 23:15:38] /a
[26/05/2013 23:15:39] /a
[26/05/2013 23:15:39] /a
[26/05/2013 23:15:39] /a
[26/05/2013 23:15:39] /a
[26/05/2013 23:15:39] /a
[26/05/2013 23:15:39] /a
[26/05/2013 23:15:40] /a
[26/05/2013 23:15:40] /a
[26/05/2013 23:15:40] /a
[26/05/2013 23:15:40] /a
[26/05/2013 23:15:40] /a
[26/05/2013 23:15:41] /a
[26/05/2013 23:15:41] /a
[26/05/2013 23:15:41] /a
[26/05/2013 23:15:41] /a
[26/05/2013 23:15:41] /a
[26/05/2013 23:15:41] /a
[26/05/2013 23:15:41] /a
[26/05/2013 23:15:41] /a
[26/05/2013 23:15:41] /a
[26/05/2013 23:15:41] /a
[26/05/2013 23:15:41] /a
[26/05/2013 23:15:41] /a
[26/05/2013 23:15:41] /a
[26/05/2013 23:15:41] /a
[26/05/2013 23:15:42] /a
[26/05/2013 23:15:42] /a
[26/05/2013 23:15:42] /a
[26/05/2013 23:15:42] /a
[26/05/2013 23:15:42] /a
[26/05/2013 23:15:42] /a
[26/05/2013 23:15:42] /a
[26/05/2013 23:15:42] /a
[26/05/2013 23:15:42] /a
[26/05/2013 23:15:42] /a
[26/05/2013 23:15:42] /a
[26/05/2013 23:15:42] /a
[26/05/2013 23:15:42] /a
[26/05/2013 23:15:42] /a
[26/05/2013 23:15:42] /a
[26/05/2013 23:15:42] /a
[26/05/2013 23:15:42] /a
[26/05/2013 23:15:42] /a
[26/05/2013 23:15:42] /a
[26/05/2013 23:15:42] /a
[26/05/2013 23:15:51] /a
[26/05/2013 23:15:51] /a
[26/05/2013 23:15:52] /a
[26/05/2013 23:15:52] /a
[26/05/2013 23:15:52] /a
[26/05/2013 23:15:52] /a
[26/05/2013 23:15:54] /a
[26/05/2013 23:15:54] /a
[26/05/2013 23:15:54] /a
[26/05/2013 23:15:54] /a
[26/05/2013 23:15:55] /a
[26/05/2013 23:15:55] /a
[26/05/2013 23:15:55] /a
[26/05/2013 23:15:55] /a
[26/05/2013 23:15:55] /a
[26/05/2013 23:15:55] /a
[26/05/2013 23:15:56] /a
[26/05/2013 23:15:56] /a
[26/05/2013 23:15:58] /a
[26/05/2013 23:15:58] /a
[26/05/2013 23:15:58] /a
[26/05/2013 23:15:59] /a
[26/05/2013 23:15:59] /a
[26/05/2013 23:15:59] /a
[26/05/2013 23:15:59] /a
[26/05/2013 23:15:59] /a
[26/05/2013 23:15:59] /a
[26/05/2013 23:15:59] /a
[26/05/2013 23:15:59] /a
[26/05/2013 23:15:59] /a
[26/05/2013 23:16:00] /a
[26/05/2013 23:16:00] /a
[26/05/2013 23:16:00] /a
[26/05/2013 23:16:00] /a
[26/05/2013 23:16:00] /a
[26/05/2013 23:16:01] /a
[26/05/2013 23:16:01] /a
[26/05/2013 23:16:01] /a
[26/05/2013 23:18:09] /goto estou pensando
[26/05/2013 23:18:11] /a
[26/05/2013 23:18:23] /a
[26/05/2013 23:18:23] /a
[26/05/2013 23:18:25] /a
[26/05/2013 23:18:31] /a
[26/05/2013 23:20:11] /a
[26/05/2013 23:20:12] /a
[26/05/2013 23:20:12] /a
[26/05/2013 23:20:12] /a
[26/05/2013 23:20:12] /a
[26/05/2013 23:20:12] /a
[26/05/2013 23:20:13] /a
[26/05/2013 23:20:13] /a
[26/05/2013 23:20:13] /a
[26/05/2013 23:20:13] /a
[26/05/2013 23:20:13] /a
[26/05/2013 23:20:13] /a
[26/05/2013 23:20:13] /a
[26/05/2013 23:20:14] /a
[26/05/2013 23:20:14] /a
[26/05/2013 23:20:14] /a
[26/05/2013 23:20:14] /a
[26/05/2013 23:20:14] /a
[26/05/2013 23:20:16] /a
[26/05/2013 23:20:16] /a
[26/05/2013 23:20:16] /a
[26/05/2013 23:20:17] /a
[26/05/2013 23:20:17] /a
[26/05/2013 23:20:17] /a
[26/05/2013 23:20:18] /a
[26/05/2013 23:20:19] /a
[26/05/2013 23:20:19] /a
[26/05/2013 23:20:19] /a
[26/05/2013 23:20:19] /a
[26/05/2013 23:20:19] /a
[26/05/2013 23:20:19] /a
[26/05/2013 23:20:19] /a
[26/05/2013 23:20:19] /a
[26/05/2013 23:20:19] /a
[26/05/2013 23:20:19] /a
[26/05/2013 23:20:19] /a
[26/05/2013 23:20:19] /a
[26/05/2013 23:20:19] /a
[26/05/2013 23:20:19] /a
[26/05/2013 23:20:20] /a
[26/05/2013 23:20:20] /a
[26/05/2013 23:20:20] /a
[26/05/2013 23:20:20] /a
[26/05/2013 23:20:20] /a
[26/05/2013 23:20:21] /a
[26/05/2013 23:20:21] /a
[26/05/2013 23:20:21] /a
[26/05/2013 23:20:22] /a
[26/05/2013 23:20:22] /a
[26/05/2013 23:20:22] /a
[26/05/2013 23:20:22] /a
[26/05/2013 23:20:22] /a
[26/05/2013 23:20:23] /a
[26/05/2013 23:20:23] /a
[26/05/2013 23:20:23] /a
[26/05/2013 23:20:23] /a
[26/05/2013 23:20:23] /a
[26/05/2013 23:20:24] /a
[26/05/2013 23:20:24] /a
[26/05/2013 23:20:24] /a
[26/05/2013 23:20:24] /a
[26/05/2013 23:20:24] /a
[26/05/2013 23:20:24] /a
[26/05/2013 23:20:24] /a
[26/05/2013 23:20:24] /a
[26/05/2013 23:20:24] /a
[26/05/2013 23:20:27] /goto ryuuku
[26/05/2013 23:20:30] /a
[26/05/2013 23:22:40] /b voltem 
[26/05/2013 23:22:44] /b voltem
[26/05/2013 23:23:00] /goto ryuuku
[26/05/2013 23:24:05] /goto estou pensando
[26/05/2013 23:24:06] /goto Desconhecida
[26/05/2013 23:29:11] /goto desconhecida
[26/05/2013 23:32:26] /ghost
[26/05/2013 23:32:31] /goto desconhecida
[26/05/2013 23:32:40] /goto estou pensando
[26/05/2013 23:32:42] /goto desconhecida
[26/05/2013 23:32:44] /goto estou pensando
[27/05/2013 12:08:35] /ghost
[27/05/2013 12:08:45] /goto ryuuku
[27/05/2013 12:12:07] /goto ryuuku
[27/05/2013 12:46:04] /goto ryuuku
[27/05/2013 13:33:38] /goto estou pensando
[27/05/2013 13:57:13] /goto Arizinha Andrade
[27/05/2013 13:57:15] /goto Arizinha Andrade
[27/05/2013 14:06:29] /goto arizinha andrade
[27/05/2013 14:06:30] /goto arizinha andrade
[28/05/2013 13:04:56] /goto ryuuku
[28/05/2013 13:14:17] /goto arizinha andrade
[28/05/2013 13:20:44] /goto arizinha andrade
[28/05/2013 13:25:04] /goto Arizinha Andrade
[29/05/2013 14:02:54] /goto ryuuku
[29/05/2013 14:12:26] /goto Arianne Andrad
[29/05/2013 14:17:13] /goto Arianne Andrad
[29/05/2013 14:19:30] /goto Arianne Andrad
[29/05/2013 14:23:27] /goto Arianne Andrad
[29/05/2013 14:31:52] /goto arianne andrade
[29/05/2013 14:31:59] /goto Arianne Andrad
[29/05/2013 14:35:58] /goto Arianne Andrad
[29/05/2013 19:40:00] /goto jumento in rush
[29/05/2013 21:00:05] /goto arianne andrad
[29/05/2013 21:02:34] /goto ryuuku
[29/05/2013 21:59:33] /goto Esfronildo Escuro
[29/05/2013 22:08:18] /a
[29/05/2013 22:10:57] /a
[29/05/2013 22:10:58] /a
[29/05/2013 22:10:58] /a
[29/05/2013 22:10:58] /a
[29/05/2013 22:10:58] /a
[29/05/2013 22:10:58] /a
[29/05/2013 22:10:58] /a
[29/05/2013 22:10:59] /a
[29/05/2013 22:10:59] /a
[29/05/2013 22:10:59] /a
[29/05/2013 22:10:59] /a
[29/05/2013 22:10:59] /a
[29/05/2013 22:11:00] /a
[29/05/2013 22:11:00] /a
[29/05/2013 22:11:00] /a
[29/05/2013 22:11:00] /a
[29/05/2013 22:11:00] /a
[29/05/2013 22:11:00] /a
[29/05/2013 22:11:00] /a
[29/05/2013 22:11:00] /a
[29/05/2013 22:11:00] /a
[29/05/2013 22:11:00] /a
[29/05/2013 22:11:00] /a
[29/05/2013 22:11:00] /a
[29/05/2013 22:11:01] /a
[29/05/2013 22:11:01] /a
[29/05/2013 22:11:01] /a
[29/05/2013 22:11:01] /a
[29/05/2013 22:11:01] /a
[29/05/2013 22:11:01] /a
[29/05/2013 22:11:01] /a
[29/05/2013 22:11:01] /a
[29/05/2013 22:11:02] /a
[29/05/2013 22:11:02] /a
[29/05/2013 22:11:02] /a
[29/05/2013 22:11:02] /a
[29/05/2013 22:11:02] /a
[29/05/2013 22:11:02] /a
[29/05/2013 22:11:03] /a
[29/05/2013 22:11:03] /a
[29/05/2013 22:11:04] /a
[29/05/2013 22:11:04] /a
[29/05/2013 22:11:04] /a
[29/05/2013 22:11:04] /a
[29/05/2013 22:11:04] /a
[29/05/2013 22:11:04] /a
[29/05/2013 22:11:04] /a
[29/05/2013 22:11:04] /a
[29/05/2013 22:11:05] /a
[29/05/2013 22:11:05] /a
[29/05/2013 22:11:05] /a
[29/05/2013 22:11:05] /a
[29/05/2013 22:11:05] /a
[29/05/2013 22:11:06] /a
[29/05/2013 22:11:07] /a
[29/05/2013 22:11:07] /a
[29/05/2013 22:11:07] /a
[29/05/2013 22:11:07] /a
[29/05/2013 22:11:07] /a
[29/05/2013 22:11:07] /a
[29/05/2013 22:11:07] /a
[29/05/2013 22:11:08] /a
[29/05/2013 22:11:08] /a
[29/05/2013 22:11:08] /a
[29/05/2013 22:11:08] /a
[29/05/2013 22:11:08] /a
[29/05/2013 22:11:08] /a
[29/05/2013 22:11:08] /a
[29/05/2013 22:11:08] /a
[29/05/2013 22:11:09] /a
[29/05/2013 22:11:09] /a
[29/05/2013 22:11:09] /a
[29/05/2013 22:11:09] /a
[29/05/2013 22:11:09] /a
[29/05/2013 22:11:09] /a
[29/05/2013 22:11:09] /a
[29/05/2013 22:11:10] /a
[29/05/2013 22:11:10] /a
[29/05/2013 22:11:10] /a
[29/05/2013 22:11:10] /a
[29/05/2013 22:11:11] /a
[29/05/2013 22:11:11] /a
[29/05/2013 22:11:11] /a
[29/05/2013 22:11:11] /a
[29/05/2013 22:11:11] /a
[29/05/2013 22:11:11] /a
[29/05/2013 22:11:11] /a
[29/05/2013 22:11:11] /a
[29/05/2013 22:11:11] /a
[29/05/2013 22:11:11] /a
[29/05/2013 22:11:12] /a
[29/05/2013 22:11:12] /a
[29/05/2013 22:11:12] /a
[29/05/2013 22:11:12] /a
[29/05/2013 22:11:13] /a
[29/05/2013 22:11:13] /a
[29/05/2013 22:11:13] /a
[29/05/2013 22:11:13] /a
[29/05/2013 22:11:13] /a
[29/05/2013 22:11:13] /a
[29/05/2013 22:11:14] /a
[29/05/2013 22:11:14] /a
[29/05/2013 22:11:14] /a
[29/05/2013 22:11:14] /a
[29/05/2013 22:11:14] /a
[29/05/2013 22:11:14] /a
[29/05/2013 22:11:14] /a
[29/05/2013 22:11:14] /a
[29/05/2013 22:11:15] /a
[29/05/2013 22:11:15] /a
[29/05/2013 22:11:15] /a
[29/05/2013 22:11:15] /a
[29/05/2013 22:11:15] /a
[29/05/2013 22:11:15] /a
[29/05/2013 22:11:15] /a
[29/05/2013 22:11:16] /a
[29/05/2013 22:11:16] /a
[29/05/2013 22:11:16] /a
[29/05/2013 22:11:16] /a
[29/05/2013 22:11:16] /a
[29/05/2013 22:11:16] /a
[29/05/2013 22:11:17] /a
[29/05/2013 22:11:17] /a
[29/05/2013 22:11:17] /a
[29/05/2013 22:11:17] /a
[29/05/2013 22:11:17] /a
[29/05/2013 22:11:17] /a
[29/05/2013 22:11:17] /a
[29/05/2013 22:11:18] /a
[29/05/2013 22:11:18] /a
[29/05/2013 22:11:18] /a
[29/05/2013 22:11:18] /a
[29/05/2013 22:11:18] /a
[29/05/2013 22:11:18] /a
[29/05/2013 22:11:18] /a
[29/05/2013 22:11:19] /a
[29/05/2013 22:11:19] /a
[29/05/2013 22:11:19] /a
[29/05/2013 22:11:19] /a
[29/05/2013 22:11:19] /a
[29/05/2013 22:11:19] /a
[29/05/2013 22:11:19] /a
[29/05/2013 22:11:19] /a
[29/05/2013 22:11:19] /a
[29/05/2013 22:11:19] /a
[29/05/2013 22:11:20] /a
[29/05/2013 22:11:20] /a
[29/05/2013 22:11:20] /a
[29/05/2013 22:11:20] /a
[29/05/2013 22:11:20] /a
[29/05/2013 22:11:20] /a
[29/05/2013 22:11:20] /a
[29/05/2013 22:11:21] /a
[29/05/2013 22:11:21] /a
[29/05/2013 22:11:21] /a
[29/05/2013 22:11:21] /a
[29/05/2013 22:11:21] /a
[29/05/2013 22:11:21] /a
[29/05/2013 22:11:21] /a
[29/05/2013 22:11:21] /a
[29/05/2013 22:11:21] /a
[29/05/2013 22:11:21] /a
[29/05/2013 22:11:22] /a
[29/05/2013 22:11:22] /a
[29/05/2013 22:11:22] /a
[29/05/2013 22:11:22] /a
[29/05/2013 22:11:22] /a
[29/05/2013 22:11:22] /a
[29/05/2013 22:11:22] /a
[29/05/2013 22:11:23] /a
[29/05/2013 22:11:23] /a
[29/05/2013 22:11:23] /a
[29/05/2013 22:11:23] /a
[29/05/2013 22:11:23] /a
[29/05/2013 22:11:23] /a
[29/05/2013 22:11:23] /a
[29/05/2013 22:11:23] /a
[29/05/2013 22:11:23] /a
[29/05/2013 22:11:23] /a
[29/05/2013 22:11:23] /a
[29/05/2013 22:11:24] /a
[29/05/2013 22:11:24] /a
[29/05/2013 22:11:24] /a
[29/05/2013 22:11:25] /a
[29/05/2013 22:11:25] /a
[29/05/2013 22:11:25] /a
[29/05/2013 22:11:25] /a
[29/05/2013 22:11:25] /a
[29/05/2013 22:11:25] /a
[29/05/2013 22:11:25] /a
[29/05/2013 22:11:25] /a
[29/05/2013 22:11:26] /a
[29/05/2013 22:11:26] /a
[29/05/2013 22:11:26] /a
[29/05/2013 22:11:26] /a
[29/05/2013 22:11:26] /a
[29/05/2013 22:11:26] /a
[29/05/2013 22:11:26] /a
[29/05/2013 22:11:26] /a
[29/05/2013 22:11:26] /a
[29/05/2013 22:11:26] /a
[29/05/2013 22:11:26] /a
[29/05/2013 22:11:27] /a
[29/05/2013 22:11:27] /a
[29/05/2013 22:11:27] /a
[29/05/2013 22:11:27] /a
[29/05/2013 22:11:27] /a
[29/05/2013 22:11:27] /a
[29/05/2013 22:11:28] /a
[29/05/2013 22:11:28] /a
[29/05/2013 22:11:28] /a
[29/05/2013 22:11:28] /a
[29/05/2013 22:11:28] /a
[29/05/2013 22:11:28] /a
[29/05/2013 22:11:29] /a
[29/05/2013 22:11:29] /a
[29/05/2013 22:11:29] /a
[29/05/2013 22:11:29] /a
[29/05/2013 22:11:29] /a
[29/05/2013 22:11:29] /a
[29/05/2013 22:11:29] /a
[29/05/2013 22:11:29] /a
[29/05/2013 22:11:29] /a
[29/05/2013 22:11:29] /a
[29/05/2013 22:11:29] /a
[29/05/2013 22:11:30] /a
[29/05/2013 22:11:30] /a
[29/05/2013 22:11:30] /a
[29/05/2013 22:11:30] /a
[29/05/2013 22:11:31] /a
[29/05/2013 22:11:31] /a
[29/05/2013 22:11:31] /a
[29/05/2013 22:11:31] /a
[29/05/2013 22:11:31] /a
[29/05/2013 22:11:31] /a
[29/05/2013 22:11:31] /a
[29/05/2013 22:11:32] /a
[29/05/2013 22:16:39] /a
[29/05/2013 22:16:43] /a
[29/05/2013 22:16:44] /a
[29/05/2013 22:16:55] /a 2
[29/05/2013 22:17:07] /a
[29/05/2013 22:17:14] /a
[29/05/2013 22:17:15] /a
[29/05/2013 22:17:16] /a
[29/05/2013 22:17:16] /a
[29/05/2013 22:17:16] /a
[29/05/2013 22:17:16] /a
[29/05/2013 22:17:16] /a
[29/05/2013 22:17:16] /a
[29/05/2013 22:17:17] /a
[29/05/2013 22:17:17] /a
[29/05/2013 22:24:22] /goto Arianne Andrad
[29/05/2013 22:26:54] /goto esfronildo escuro
[29/05/2013 22:27:30] /goto arianne Andrade
[29/05/2013 22:27:35] /goto arianne Andrad
[29/05/2013 22:30:02] /goto Esfronildo Escuro
[29/05/2013 22:30:56] /goto arianne andrad
[29/05/2013 22:34:16] /goto arianne andrad
[29/05/2013 22:35:42] /goto Arianne Andrad
[29/05/2013 22:36:14] /goto Arianne Andrad
[29/05/2013 23:33:44] /goto ryuuku
[29/05/2013 23:33:46] /a
[29/05/2013 23:38:11] /goto marciano
[29/05/2013 23:42:25] /goto ryuuku
[29/05/2013 23:57:48] /goto esfronildo escuro
[30/05/2013 13:12:27] /a
[30/05/2013 13:39:03] /ghost
[30/05/2013 13:40:10] /ghost
[26/06/2013 23:10:11] /ghost
[26/06/2013 23:10:15] /goto druid arkamum
[26/06/2013 23:10:21] /ghost
[26/06/2013 23:12:35] /ghost
[26/06/2013 23:12:39] /goto druid arkamum
[26/06/2013 23:12:44] /ghost
[26/06/2013 23:13:50] /ghost
[26/06/2013 23:13:55] /goto druid arkamum
[26/06/2013 23:14:02] /ghost
[26/06/2013 23:14:07] /goto marciano
