[04/07/2009 13:51:45] /i crystal coin
[04/07/2009 13:52:47] /i crystal coin
[04/07/2009 13:52:48] /i crystal coin
[04/07/2009 13:52:49] /i crystal coin
[04/07/2009 13:53:34] /goto rainha lady queen
[04/07/2009 14:14:39] /t
[04/07/2009 14:17:31] /i crystal coin
[04/07/2009 14:17:31] /i crystal coin
[04/07/2009 14:17:32] /i crystal coin
[04/07/2009 14:17:32] /i crystal coin
[04/07/2009 14:17:33] /i crystal coin
[04/07/2009 14:17:33] /i crystal coin
[04/07/2009 14:17:34] /i crystal coin
[04/07/2009 14:17:34] /i crystal coin
[04/07/2009 14:17:35] /i crystal coin
[04/07/2009 14:22:14] /i demon armor
[04/07/2009 14:25:55] /i Violet Gem
[04/07/2009 14:26:10] /i Violet Gem
[04/07/2009 14:26:13] /i Violet Gem
[04/07/2009 14:26:28] /i Violet Gem
[04/07/2009 14:26:29] /i Violet Gem
[04/07/2009 14:26:34] /i Violet Gem
[04/07/2009 14:33:19] /a
[04/07/2009 14:33:22] /a 8
[04/07/2009 14:33:31] /a 8
[04/07/2009 14:33:37] /a 8
[04/07/2009 14:33:42] /a 8
[04/07/2009 14:33:45] /a
[04/07/2009 14:33:46] /a
[04/07/2009 14:33:54] /a
[04/07/2009 14:33:57] /a
[04/07/2009 14:34:00] /a
[04/07/2009 14:34:01] /a
[04/07/2009 14:34:03] /a
[04/07/2009 14:34:05] /a
[04/07/2009 14:34:07] /a 3
[04/07/2009 14:34:09] /a 8
[04/07/2009 14:36:10] /goto rainha lady queen
[04/07/2009 14:37:12] /i backpack
[04/07/2009 14:37:13] /i backpack
[04/07/2009 14:43:06] /i violet gem
[04/07/2009 14:43:08] /i violet gem
[04/07/2009 14:43:09] /i violet gem
[04/07/2009 14:43:18] /i violet gem
[04/07/2009 14:43:21] /i violet gem
[04/07/2009 14:43:22] /i violet gem
[04/07/2009 14:44:41] /i violet gem
[04/07/2009 15:16:10] /i goden boots
[04/07/2009 15:16:24] /i golden boots
[04/07/2009 15:16:44] /i soft boots
[04/07/2009 15:16:45] /i soft boots
[04/07/2009 15:16:45] /i soft boots
[04/07/2009 15:17:24] /i soft boots
[04/07/2009 15:17:25] /i soft boots
[04/07/2009 15:19:19] /i soft boots
[04/07/2009 15:19:20] /i soft boots
[04/07/2009 15:19:21] /i soft boots
[04/07/2009 15:19:22] /i soft boots
[04/07/2009 15:19:27] /i soft boots
[04/07/2009 15:19:28] /i soft boots
[04/07/2009 15:19:34] /i soft boots
[04/07/2009 15:20:02] /goto rainha lady queen
[04/07/2009 15:21:09] /t 
[04/07/2009 15:22:07] /goto principe reggea
[04/07/2009 15:24:48] /a
[04/07/2009 15:24:50] /a
[04/07/2009 15:25:08] /a 8
[04/07/2009 15:25:12] /a 8
[04/07/2009 15:25:15] /a
[04/07/2009 15:25:16] /a
[04/07/2009 15:25:16] /a
[04/07/2009 15:25:17] /a
[04/07/2009 15:26:07] /goto rei comedinha
[04/07/2009 15:26:10] /goto rei comedinha
[04/07/2009 15:26:18] /i royal spear
[04/07/2009 15:26:27] /i demon shield
[04/07/2009 15:35:51] /i heroic axe
[04/07/2009 15:42:59] /i healt potion
[04/07/2009 15:44:54] /i soft boots
[04/07/2009 15:45:10] /t
[04/07/2009 15:55:33] /i Small Ruby
[04/07/2009 16:04:21] /goto rei leonardo
[04/07/2009 16:04:30] /goto rei comedinha
[04/07/2009 16:06:32] /goto noiadinhaa
[04/07/2009 16:23:27] /m demon
[04/07/2009 16:23:41] /m demon
[04/07/2009 16:23:42] /m demon
[04/07/2009 16:24:32] /m demon
[04/07/2009 16:25:09] /m demon
[04/07/2009 16:29:18] /i paladin armor
[04/07/2009 16:29:26] /i demon legs
[04/07/2009 16:29:35] /i demon helmet
[04/07/2009 16:30:28] /i Blessed Shield
[04/07/2009 16:30:35] /i Blessed Shield
[04/07/2009 16:30:52] /i soft boots
[04/07/2009 16:31:40] /i royal spears
[04/07/2009 16:31:42] /i royal spears
[04/07/2009 16:31:48] /i royal spears
[04/07/2009 16:31:52] /i royal spear
[04/07/2009 16:35:29] /t
[04/07/2009 16:35:37] /c jonhzaum
[04/07/2009 16:36:12] /goto jonhzaum
[04/07/2009 16:36:28] /a 2
[04/07/2009 16:36:40] /c jonhzaum
[04/07/2009 16:36:49] /a 3
[04/07/2009 16:37:18] /i glacier kilt
[04/07/2009 16:37:29] /i Velvet Mantle
[04/07/2009 16:37:35] /i Velvet Mantle
[04/07/2009 16:37:44] /i Velvet Mantle
[04/07/2009 16:37:46] /i Velvet Mantle
[04/07/2009 16:38:11] /i Velvet Mantle
[04/07/2009 16:38:13] /i Velvet Mantle
[04/07/2009 16:38:14] /i Velvet Mantle
[04/07/2009 16:38:18] /i Velvet Mantle
[04/07/2009 16:38:34] /i yalahari mask
[04/07/2009 16:38:58] /i Spellbook of Lost Souls
[04/07/2009 16:39:32] /goto key druida
[04/07/2009 16:40:20] /t
[04/07/2009 16:41:06] /i royal spear
[04/07/2009 16:42:32] /i backpack
[04/07/2009 16:50:22] /goto key druida
[04/07/2009 16:50:48] /a 2
[04/07/2009 16:50:58] /i spear
[04/07/2009 16:51:03] /i spear
[04/07/2009 17:11:40] /t
[04/07/2009 17:11:50] /i spears
[04/07/2009 17:11:53] /i spear
[04/07/2009 17:16:32] /goto key druida
[04/07/2009 17:16:43] /i blessed shield
[04/07/2009 17:32:34] /m demon
[04/07/2009 17:34:42] /m demon
[04/07/2009 17:35:21] /m demon
[04/07/2009 17:37:17] /goto rainha lady queen
[04/07/2009 17:39:44] /m Orshabaal
[04/07/2009 17:40:51] /goto rainha lady queen
[04/07/2009 17:41:25] /a
[04/07/2009 17:41:32] /a
[04/07/2009 17:41:33] /a
[04/07/2009 17:45:20] /i soft boot
[04/07/2009 17:45:23] /i soft boots
[04/07/2009 17:45:34] /i violet gem
[04/07/2009 18:13:05] /goto rainha lady queen
[04/07/2009 18:13:36] /a
[04/07/2009 18:13:37] /a
[04/07/2009 18:13:50] /a
[04/07/2009 18:13:51] /a
[04/07/2009 18:13:53] /a 8
[04/07/2009 18:14:04] /a
[04/07/2009 18:14:05] /a
[04/07/2009 18:14:09] /a 9
[04/07/2009 18:14:16] /a 7
[04/07/2009 18:14:57] /goto rei comedinha
[04/07/2009 18:15:53] /a 3
[04/07/2009 18:21:38] /m demon
[04/07/2009 18:21:40] /m demon
[04/07/2009 18:22:15] /m demon
[04/07/2009 18:22:16] /m demon
[05/07/2009 14:49:04] /goto rei comedinha
[05/07/2009 14:50:45] /goto principe leonardo
[05/07/2009 14:57:04] /goto gm soul kire
[05/07/2009 16:00:44] /goto principe leonardo
[05/07/2009 16:01:14] /goto principe leonardo
[05/07/2009 16:01:26] /up
[05/07/2009 16:08:09] /goto principe leonardo
[05/07/2009 16:11:10] /goto principe leonardo
[05/07/2009 16:11:35] /t
[05/07/2009 16:20:52] /i Small Amethyst
[05/07/2009 16:32:15] /a 8
[05/07/2009 16:32:18] /a 8
[05/07/2009 16:32:59] /a 8
[05/07/2009 16:34:17] /a 5
[05/07/2009 16:34:20] /a 8
[05/07/2009 16:34:39] /a 2
[05/07/2009 16:34:46] /a 2
[05/07/2009 16:35:20] /a 2
[05/07/2009 16:35:34] /t
[05/07/2009 16:38:00] /i crystal coin
[05/07/2009 16:38:01] /i crystal coin
[05/07/2009 16:38:01] /i crystal coin
[05/07/2009 16:38:02] /i crystal coin
[05/07/2009 16:38:03] /i crystal coin
[05/07/2009 16:38:03] /i crystal coin
[05/07/2009 16:38:04] /i crystal coin
[05/07/2009 16:38:04] /i crystal coin
[05/07/2009 16:38:05] /i crystal coin
[05/07/2009 16:38:06] /i crystal coin
[05/07/2009 16:38:06] /i crystal coin
[05/07/2009 16:38:07] /i crystal coin
[05/07/2009 16:38:08] /i crystal coin
[05/07/2009 16:38:08] /i crystal coin
[05/07/2009 16:38:09] /i crystal coin
[05/07/2009 16:38:10] /i crystal coin
[05/07/2009 16:38:13] /i crystal coin
[05/07/2009 16:38:14] /i crystal coin
[05/07/2009 16:41:21] /goto principe leonardo
[05/07/2009 16:41:23] /t
[05/07/2009 16:41:37] /i
[05/07/2009 16:41:44] /i crystal coin
[05/07/2009 16:43:56] /a 0
[05/07/2009 16:44:01] /a 90
[05/07/2009 16:44:11] /a 90
[05/07/2009 16:44:13] /a 90
[05/07/2009 16:44:15] /a 90
[05/07/2009 16:44:29] /a 90
[05/07/2009 16:45:03] /a
[05/07/2009 16:45:42] /goto gm soul kire
[05/07/2009 16:47:39] /t
[05/07/2009 16:47:45] /up
[05/07/2009 16:50:48] /t
[05/07/2009 16:54:41] /goto principe leonardo
[05/07/2009 16:55:00] /i crystal coin
[05/07/2009 16:56:53] /i backpack demon
[05/07/2009 16:57:01] /i demon backpack
[05/07/2009 16:57:11] /i backpack
[05/07/2009 16:57:17] /i backpack
[05/07/2009 17:00:45] /ghost
[05/07/2009 17:02:43] /ghost
[05/07/2009 17:07:28] /t
[05/07/2009 17:08:03] /i crystal coin
[06/07/2009 13:02:56] /i health potion
[06/07/2009 13:11:24] /i bag
[06/07/2009 13:11:25] /i bag
[06/07/2009 13:11:25] /i bag
[06/07/2009 13:11:26] /i bag
[06/07/2009 13:11:27] /i bag
[06/07/2009 13:11:31] /i bag
[06/07/2009 13:11:32] /i bag
[06/07/2009 13:30:07] /i demon helmet
[06/07/2009 13:30:11] /i demon legs
[06/07/2009 13:30:38] /i demon legs
[06/07/2009 13:30:43] /i demon shield
