[27/01/2013 16:48:50] /a
[27/01/2013 16:48:52] /a
[03/02/2013 13:56:00] /a
[03/02/2013 13:56:03] /a
[03/02/2013 14:14:57] /a
[03/02/2013 14:17:53] /a
[03/02/2013 14:20:18] /goto hacker
[03/02/2013 14:39:58] /a
[03/02/2013 16:10:01] /goto mateus
[03/02/2013 23:16:02] /a
[03/02/2013 23:16:05] /a
[03/02/2013 23:16:52] /a 2
[03/02/2013 23:19:14] /a 2
[03/02/2013 23:20:26] /a
[04/02/2013 21:27:02] /a 20
[10/02/2013 13:23:32] /a
[10/02/2013 13:23:48] /a
[10/02/2013 13:23:49] /a
[10/02/2013 13:23:51] /a
[10/02/2013 13:23:51] /a
[10/02/2013 13:23:51] /a
[10/02/2013 13:23:51] /a
[10/02/2013 13:23:51] /a
[10/02/2013 13:23:52] /a
[10/02/2013 13:23:52] /a
[10/02/2013 13:23:52] /a
[10/02/2013 13:23:52] /a
[10/02/2013 13:23:52] /a
[10/02/2013 13:23:52] /a
[10/02/2013 13:23:53] /a
[10/02/2013 13:23:53] /a
[10/02/2013 13:23:53] /a
[10/02/2013 13:23:53] /a
[10/02/2013 13:23:53] /a
[10/02/2013 13:23:55] /a
[10/02/2013 13:23:57] /a
[10/02/2013 13:24:00] /a
[10/02/2013 13:24:06] /a
[10/02/2013 13:24:06] /a
[10/02/2013 13:24:06] /a
[10/02/2013 13:24:07] /a
[10/02/2013 13:24:07] /a
[10/02/2013 13:24:07] /a
[10/02/2013 13:24:13] /a
[10/02/2013 13:25:09] /a
[10/02/2013 13:25:10] /a
[10/02/2013 13:25:16] /a
[10/02/2013 13:25:17] /a
[10/02/2013 13:25:17] /a
[10/02/2013 13:25:18] /a
[10/02/2013 13:25:18] /a
[10/02/2013 13:26:49] /a
[10/02/2013 13:26:50] /a
[10/02/2013 13:26:50] /a
[10/02/2013 13:26:50] /a
[10/02/2013 13:26:51] /a
[10/02/2013 13:53:08] /a
[10/02/2013 13:53:08] /a
[10/02/2013 13:53:08] /a
[10/02/2013 15:27:40] /goto water serpent
[10/02/2013 15:27:43] /goto water serpent
[10/02/2013 15:30:29] /goto warter serpent
[10/02/2013 15:30:33] /goto water serpent
[10/02/2013 15:30:34] /goto water serpent
[10/02/2013 15:32:03] /a 5
[10/02/2013 16:04:38] /goto clasus
[10/02/2013 16:08:06] /a 6
[10/02/2013 16:08:08] /a
[10/02/2013 16:10:45] /goto Muleke Zika
[10/02/2013 16:10:47] /goto Muleke Zika
[10/02/2013 16:23:19] /goto desconhecida
[10/02/2013 16:27:52] /a 6
[10/02/2013 16:36:03] /goto sombra
[10/02/2013 16:36:07] /a 2
[10/02/2013 16:40:32] /a 6
[10/02/2013 16:40:45] /goto Mamameuname
[10/02/2013 16:42:50] /goto desconhecida
[10/02/2013 16:43:26] /goto Mamameuname
[10/02/2013 16:44:13] /goto desconhecida
[10/02/2013 16:44:21] /goto Mamameuname
[10/02/2013 16:44:31] /goto desconhecida
[10/02/2013 16:45:03] /goto Mamameuname
[10/02/2013 16:45:17] /goto ulquiorra
[10/02/2013 16:45:39] /goto Mamameuname
[10/02/2013 16:48:30] /goto Mamameuname
[10/02/2013 16:49:35] /goto Mamameuname
[10/02/2013 17:05:09] /goto sombra
[10/02/2013 17:05:11] /goto sombra
[10/02/2013 17:05:18] /goto sombra
[10/02/2013 17:05:32] /goto desconhecida
[10/02/2013 17:05:48] /a 6
[10/02/2013 17:05:49] /a 6
[10/02/2013 17:05:50] /a 6
[10/02/2013 17:05:59] /a
[10/02/2013 17:06:01] /a
[10/02/2013 17:06:10] /a 6
[10/02/2013 17:06:17] /a 3
[10/02/2013 17:06:54] /a 9
[10/02/2013 17:06:57] /a 8
[10/02/2013 17:06:59] /a 4
[10/02/2013 17:09:37] /a 6
[10/02/2013 17:09:38] /a 6
[10/02/2013 17:09:40] /a 6
[10/02/2013 17:18:22] /goto Xx Lucas Xx
[10/02/2013 17:22:44] /goto desconhecida
[10/02/2013 17:38:37] /a 5
[10/02/2013 17:39:03] /a 2
[10/02/2013 17:39:35] /a 4
[10/02/2013 17:40:42] /ghost
[10/02/2013 17:41:02] /ghost
[10/02/2013 17:42:06] /goto Xx Lucas Xx
[10/02/2013 17:42:07] /goto Xx Lucas Xx
[10/02/2013 17:42:10] /goto Xx Lucas Xx
[10/02/2013 17:43:12] /a 6
[10/02/2013 17:44:39] /goto deus
[10/02/2013 17:49:09] /goto desconhecida
[10/02/2013 17:49:39] /goto chupetinha
[10/02/2013 17:58:23] /a 6
[10/02/2013 21:06:53] /goto sombra
[10/02/2013 21:08:48] /a
[10/02/2013 21:08:49] /a
[10/02/2013 21:08:50] /a
[10/02/2013 21:08:50] /a
[10/02/2013 21:08:51] /a
[10/02/2013 21:08:51] /a
[10/02/2013 21:08:51] /a
[10/02/2013 21:08:53] /a
[10/02/2013 21:08:53] /a
[10/02/2013 21:08:53] /a
[10/02/2013 21:08:53] /a
[10/02/2013 21:08:54] /a
[10/02/2013 21:08:54] /a
[10/02/2013 21:08:54] /a
[10/02/2013 21:08:54] /a
[10/02/2013 21:08:55] /a
[10/02/2013 21:08:55] /a
[10/02/2013 21:08:55] /a
[10/02/2013 21:08:55] /a
[10/02/2013 21:08:55] /a
[10/02/2013 21:08:56] /a
[10/02/2013 21:11:18] /a 3
[10/02/2013 21:15:41] /goto clasus
[10/02/2013 21:19:49] /a
[10/02/2013 21:19:50] /a
[10/02/2013 21:19:50] /a
[10/02/2013 21:19:50] /a
[10/02/2013 21:19:50] /a
[10/02/2013 21:19:50] /a
[10/02/2013 21:19:50] /a
[10/02/2013 21:19:50] /a
[10/02/2013 21:19:50] /a
[10/02/2013 21:19:50] /a
[10/02/2013 21:19:50] /a
[10/02/2013 21:19:50] /a
[10/02/2013 21:19:50] /a
[10/02/2013 21:19:50] /a
[10/02/2013 21:19:50] /a
[10/02/2013 21:19:50] /a
[10/02/2013 21:19:50] /a
[10/02/2013 21:19:51] /a
[10/02/2013 21:19:51] /a
[10/02/2013 21:19:51] /a
[10/02/2013 21:19:51] /a
[10/02/2013 21:19:52] /a
[10/02/2013 21:19:52] /a
[10/02/2013 21:19:52] /a
[10/02/2013 21:19:52] /a
[10/02/2013 21:19:52] /a
[10/02/2013 21:19:53] /a
[10/02/2013 21:19:53] /a
[10/02/2013 21:19:53] /a
[10/02/2013 21:19:53] /a
[10/02/2013 21:19:54] /a
[10/02/2013 21:19:54] /a
[10/02/2013 21:19:54] /a
[10/02/2013 21:19:57] /a
[10/02/2013 21:19:58] /a
[10/02/2013 21:19:58] /a
[10/02/2013 21:19:58] /a
[10/02/2013 21:19:58] /a
[10/02/2013 21:19:58] /a
[10/02/2013 21:19:58] /a
[10/02/2013 21:19:58] /a
[10/02/2013 21:19:58] /a
[10/02/2013 21:19:58] /a
[10/02/2013 21:19:58] /a
[10/02/2013 21:19:58] /a
[10/02/2013 21:19:58] /a
[10/02/2013 21:19:58] /a
[10/02/2013 21:19:58] /a
[10/02/2013 21:19:58] /a
[10/02/2013 21:19:58] /a
[10/02/2013 21:19:58] /a
[10/02/2013 21:19:59] /a
[10/02/2013 21:19:59] /a
[10/02/2013 21:19:59] /a
[10/02/2013 21:19:59] /a
[10/02/2013 21:19:59] /a
[10/02/2013 21:20:00] /a
[10/02/2013 21:20:00] /a
[10/02/2013 21:20:00] /a
[10/02/2013 21:20:00] /a
[10/02/2013 21:20:01] /a
[10/02/2013 21:20:01] /a
[10/02/2013 21:20:02] /a
[10/02/2013 21:20:02] /a
[10/02/2013 21:20:02] /a
[10/02/2013 21:20:38] /a
[10/02/2013 21:20:39] /a
[10/02/2013 21:20:39] /a
[10/02/2013 21:20:40] /a
[10/02/2013 21:20:40] /a
[10/02/2013 21:47:42] /goto benetido
[10/02/2013 21:47:50] /goto benetito
[10/02/2013 21:47:56] /goto benetito
[10/02/2013 21:49:45] /goto Mega Drive
[10/02/2013 21:49:48] /goto Mega Drive
[10/02/2013 21:51:18] /goto Pally Oz Piint
[10/02/2013 21:52:13] /goto Pally Oz Piint
[10/02/2013 21:53:43] /a 2
[10/02/2013 21:58:26] /ghost
[10/02/2013 21:59:40] /ghost
[11/02/2013 14:11:00] /goto chester
[11/02/2013 14:13:54] /goto chester
[11/02/2013 14:14:36] /goto chester
[11/02/2013 14:33:11] /a 4
[11/02/2013 14:33:16] /a 4
[11/02/2013 14:33:17] /a 4
[12/02/2013 16:09:54] /a 3
[12/02/2013 16:11:15] /a 3
[12/02/2013 16:12:34] /a
[12/02/2013 16:12:35] /a
[12/02/2013 16:12:35] /a
[12/02/2013 16:12:36] /a
[12/02/2013 16:12:37] /a
[12/02/2013 16:12:40] /a
[12/02/2013 16:12:40] /a
[12/02/2013 16:12:41] /a
[12/02/2013 16:13:46] /goto Xx Lucas Xx
[12/02/2013 16:13:51] /goto Xx Lucas Xx
[12/02/2013 16:13:52] /goto Xx Lucas Xx
[12/02/2013 16:13:54] /goto Xx Lucas Xx
[12/02/2013 16:13:55] /goto Xx Lucas Xx
[12/02/2013 16:13:56] /goto Xx Lucas Xx
[12/02/2013 16:13:58] /goto Xx Lucas Xx
[12/02/2013 16:13:59] /goto Xx Lucas Xx
[12/02/2013 16:14:00] /goto Xx Lucas Xx
[12/02/2013 16:14:02] /goto Xx Lucas Xx
[12/02/2013 16:14:03] /goto Xx Lucas Xx
[12/02/2013 16:14:09] /goto Xx Lucas Xx
[12/02/2013 16:14:11] /goto Xx Lucas Xx
[12/02/2013 16:14:15] /goto Xx Lucas Xx
[12/02/2013 16:14:16] /goto Xx Lucas Xx
[12/02/2013 16:14:18] /goto Xx Lucas Xx
[12/02/2013 16:14:20] /goto Xx Lucas Xx
[12/02/2013 16:14:23] /goto Xx Lucas Xx
[12/02/2013 16:14:26] /goto Xx Lucas Xx
[12/02/2013 16:14:27] /goto Xx Lucas Xx
[12/02/2013 16:14:45] /goto Xx Lucas Xx
[12/02/2013 16:16:09] /goto Ulquiorra
[12/02/2013 16:19:37] /goto Ulquiorra
[12/02/2013 16:19:48] /goto quindim
[12/02/2013 16:20:01] /goto mister pally
[12/02/2013 16:26:33] /goto Ulquiorra
[12/02/2013 16:26:35] /goto Ulquiorra
[12/02/2013 16:26:43] /goto Ulquiorra
[12/02/2013 16:26:45] /goto Ulquiorra
[12/02/2013 16:27:02] /goto Ulquiorra
[12/02/2013 16:29:06] /goto Xx Lucas Xx
[12/02/2013 16:29:43] /goto Ulquiorra
[12/02/2013 16:30:48] /goto Ulquiorra
[12/02/2013 16:30:54] /goto Xx Lucas Xx
[12/02/2013 16:31:36] /goto Ulquiorra
[12/02/2013 16:31:38] /goto Ulquiorra
[12/02/2013 16:31:42] /goto Ulquiorra
[12/02/2013 16:32:01] /goto Ulquiorra
[12/02/2013 16:32:04] /goto Ulquiorra
[12/02/2013 16:32:26] /goto Ulquiorra
[12/02/2013 16:32:53] /goto Xx Lucas Xx
[12/02/2013 16:37:06] /goto Ulquiorra
[12/02/2013 16:37:28] /goto Quindim
[12/02/2013 16:40:07] /goto Quindim
[12/02/2013 16:40:34] /goto Quindim
[13/02/2013 13:20:48] /a
[23/02/2013 21:29:31] /goto clasus
[24/02/2013 21:52:31] /goto pally Holy
[24/02/2013 21:52:33] /goto pally Holy
[24/02/2013 21:52:38] /goto Pally Holy
[24/02/2013 21:52:48] /goto Pally Holy
[24/02/2013 21:52:49] /a
