[11/02/2013 11:24:53] /a
[11/02/2013 11:24:55] /a 5
[11/02/2013 11:24:59] /a 7
[11/02/2013 11:25:01] /a 8
[11/02/2013 11:25:02] /a 9
[11/02/2013 11:25:04] /a 10
[11/02/2013 11:25:09] /a 10
[11/02/2013 11:25:10] /a 1
[11/02/2013 11:25:15] /a 11
[11/02/2013 11:25:16] /a 12
[11/02/2013 11:25:55] /a 2
[11/02/2013 11:37:03] /goto clasus
[11/02/2013 11:47:46] /goto Chester
[11/02/2013 13:28:46] /goto pally of pints
[11/02/2013 13:28:50] /goto pally of pintz
[11/02/2013 13:28:59] /goto skise sa xupapica
[11/02/2013 13:29:09] /goto skise da xupapica
[11/02/2013 22:54:54] /a
[11/02/2013 22:54:56] /a
[11/02/2013 22:55:00] /a
[11/02/2013 22:55:01] /a 2
[12/02/2013 10:58:44] /a 6
[12/02/2013 10:59:01] /a 5
[12/02/2013 10:59:02] /a 5
[12/02/2013 11:01:10] /a 5
[12/02/2013 11:01:28] /a 2
[12/02/2013 11:01:31] /a 6
