[19/07/2013 23:28:37] /goto Cromos Repeater
[19/07/2013 23:35:55] /goto Cromos Repeater
[19/07/2013 23:39:26] /a
[19/07/2013 23:39:27] /a
[19/07/2013 23:39:28] /a 5
[20/07/2013 00:08:36] /goto ryuuku
[20/07/2013 12:14:12] /goto Cromos Repeater
[20/07/2013 12:14:44] /goto Cromos Repeater
[20/07/2013 12:14:56] /a 3
[20/07/2013 12:15:04] /a 3
[20/07/2013 12:15:22] /a
[20/07/2013 12:16:49] /goto Cromos Repeater
[20/07/2013 12:18:12] /goto Cromos Repeater
[20/07/2013 12:21:00] /goto Cromos Repeater
[20/07/2013 12:21:05] /goto Cromos Repeater
[20/07/2013 12:21:08] /a 6
[20/07/2013 12:24:24] /goto Cromos Repeater
[20/07/2013 12:24:29] /goto Cromos Repeater
[20/07/2013 12:24:48] /goto Cromos Repeater
[20/07/2013 12:25:30] /a 2
[20/07/2013 12:26:56] /goto Cromos Repeater
[20/07/2013 12:27:25] /goto ryuuku
[20/07/2013 12:28:07] /goto clasus
[20/07/2013 12:33:03] /goto Cromos Repeater
[20/07/2013 12:35:02] /a 4
[20/07/2013 12:35:28] /goto ryuuku
[20/07/2013 12:39:28] /goto Cromos Repeater
[20/07/2013 12:40:00] /goto Cromos Repeater
[20/07/2013 12:40:11] /goto Cromos Repeater
[20/07/2013 12:40:55] /goto Cromos Repeater
[20/07/2013 12:41:40] /goto Cromos Repeater
[20/07/2013 12:42:28] /goto Cromos Repeater
[20/07/2013 12:42:55] /goto Cromos Repeater
[20/07/2013 12:43:14] /goto Cromos Repeater
[20/07/2013 12:43:50] /goto Cromos Repeater
[20/07/2013 12:44:04] /goto Cromos Repeater
[20/07/2013 12:44:08] /goto Cromos Repeater
[20/07/2013 12:44:42] /goto Cromos Repeater
[20/07/2013 12:50:17] /a 3
[20/07/2013 18:10:37] /goto ryuuku
[20/07/2013 19:31:10] /a 2
[20/07/2013 21:47:04] /goto clasus
[20/07/2013 21:50:08] /goto clasus
[21/07/2013 01:39:22] /ghost
[21/07/2013 01:39:30] /goto Cromos Repeater
[21/07/2013 01:39:34] /ghost
[21/07/2013 01:42:13] /goto Cromos Repeater
[21/07/2013 01:47:16] /ghost
[21/07/2013 01:47:18] /goto Cromos Repeater
[21/07/2013 01:47:33] /goto Cromos sayer
[21/07/2013 01:48:05] /goto Cromos soyer
[21/07/2013 01:48:10] /ghost
[21/07/2013 01:48:24] /goto Cromos Repeater
[21/07/2013 01:51:09] /a 2
[21/07/2013 01:51:11] /a 2
[21/07/2013 01:51:12] /a 2
[21/07/2013 01:51:13] /a 2
[21/07/2013 01:51:14] /a 2
[21/07/2013 01:52:24] /a
[21/07/2013 01:52:24] /a
[21/07/2013 01:52:25] /a
[21/07/2013 01:52:25] /a
[21/07/2013 01:52:25] /a
[21/07/2013 01:52:25] /a
[21/07/2013 01:52:25] /a
[21/07/2013 01:52:25] /a
[21/07/2013 01:52:25] /a
[21/07/2013 01:52:26] /a
[21/07/2013 01:52:26] /a
[21/07/2013 01:52:26] /a
[21/07/2013 01:52:26] /a
[21/07/2013 01:52:26] /a
[21/07/2013 01:52:26] /a
[21/07/2013 01:52:26] /a
[21/07/2013 01:52:26] /a
[21/07/2013 01:52:26] /a
[21/07/2013 01:52:26] /a
[21/07/2013 01:52:27] /a
[21/07/2013 01:52:27] /a
[21/07/2013 01:52:28] /a
[21/07/2013 01:52:28] /a
[21/07/2013 01:52:28] /a
[21/07/2013 01:52:28] /a
[21/07/2013 01:52:28] /a
[21/07/2013 01:52:28] /a
[21/07/2013 01:52:28] /a
[21/07/2013 01:52:28] /a
[21/07/2013 01:52:29] /a
[21/07/2013 01:52:29] /a
[21/07/2013 01:52:29] /a
[21/07/2013 01:52:29] /a
[21/07/2013 01:52:29] /a
[21/07/2013 01:52:30] /a
[21/07/2013 01:52:30] /a
[21/07/2013 01:52:30] /a
[21/07/2013 01:52:30] /a
[21/07/2013 01:52:30] /a
[21/07/2013 01:52:30] /a
[21/07/2013 01:52:30] /a
[21/07/2013 01:52:31] /a
[21/07/2013 01:52:31] /a
[21/07/2013 01:52:32] /a
[21/07/2013 01:52:32] /a
[21/07/2013 01:52:32] /a
[21/07/2013 01:52:32] /a
[21/07/2013 01:52:32] /a
[21/07/2013 01:52:33] /a
[21/07/2013 01:52:33] /a
[21/07/2013 01:52:40] /a
[21/07/2013 01:52:40] /a
[21/07/2013 01:52:40] /a
[21/07/2013 01:52:40] /a
[21/07/2013 01:52:40] /a
[21/07/2013 01:52:40] /a
[21/07/2013 01:52:41] /a
[21/07/2013 01:52:41] /a
[21/07/2013 01:52:41] /a
[21/07/2013 01:52:41] /a
[21/07/2013 01:52:41] /a
[21/07/2013 01:52:42] /a
[21/07/2013 01:52:42] /a
[21/07/2013 01:52:42] /a
[21/07/2013 01:52:42] /a
[21/07/2013 01:52:42] /a
[21/07/2013 01:52:42] /a
[21/07/2013 01:52:42] /a
[21/07/2013 01:52:42] /a
[21/07/2013 01:52:43] /a
[21/07/2013 01:52:43] /a
[21/07/2013 01:52:43] /a
[21/07/2013 01:52:43] /a
[21/07/2013 01:52:43] /a
[21/07/2013 01:52:43] /a
[21/07/2013 01:52:44] /a
[21/07/2013 01:52:44] /a
[21/07/2013 01:52:44] /a
[21/07/2013 01:52:44] /a
[21/07/2013 01:52:44] /a
[21/07/2013 01:52:45] /a
[21/07/2013 01:52:45] /a
[21/07/2013 01:52:45] /a
[21/07/2013 01:52:45] /a
[21/07/2013 01:52:45] /a
[21/07/2013 01:52:45] /a
[21/07/2013 01:52:47] /a
[21/07/2013 01:52:47] /a
[21/07/2013 01:52:47] /a
[21/07/2013 01:52:47] /a
[21/07/2013 01:52:56] /a
[21/07/2013 01:53:27] /a
[21/07/2013 01:58:49] /goto Cromos Repeater
[21/07/2013 02:03:43] /a 2
[21/07/2013 02:08:39] /goto escuridao
[21/07/2013 02:09:01] /goto Cromos Repeater
[21/07/2013 02:09:17] /a 2
[22/07/2013 01:33:46] /ghost
[22/07/2013 01:33:54] /goto Cromos Repeater
[22/07/2013 01:34:00] /goto Cromos Repeater
[22/07/2013 01:34:34] /ghost
[22/07/2013 01:34:36] /ghost
[22/07/2013 01:34:46] /ghost
[22/07/2013 01:34:47] /ghost
[22/07/2013 01:34:49] /ghost
[22/07/2013 12:42:30] /ghost
[22/07/2013 12:42:35] /goto cromos repeater
[22/07/2013 12:42:39] /ghost
[23/07/2013 14:04:55] /goto ryuuku
[23/07/2013 14:05:38] /a
[23/07/2013 14:05:39] /a 2
[23/07/2013 14:05:42] /a 2
[23/07/2013 14:05:43] /a 2
[23/07/2013 14:05:44] /a 2
[23/07/2013 14:05:45] /a 2
[23/07/2013 14:05:47] /a 2
[23/07/2013 14:05:48] /a 2
[23/07/2013 14:05:52] /a 2
[23/07/2013 19:38:00] /a 5
[23/07/2013 19:38:05] /a 7
[23/07/2013 19:38:07] /a 6
[23/07/2013 19:38:08] /a 5
[23/07/2013 19:38:09] /a 4
[23/07/2013 19:38:11] /a 1
[23/07/2013 19:38:35] /goto ryuuku
[23/07/2013 19:38:37] /a
[23/07/2013 19:43:17] /goto ryuuku
[23/07/2013 20:03:17] /goto ryuuku
[24/07/2013 12:47:48] /ghost
[24/07/2013 12:47:51] /goto smille
[24/07/2013 12:47:55] /ghost
[24/07/2013 13:01:42] /ghost
[24/07/2013 13:01:47] /goto luuhk
[24/07/2013 13:01:53] /ghost
[24/07/2013 19:25:25] /goto ryuuku
[24/07/2013 19:58:27] /a 4
[24/07/2013 20:07:52] /a 2
[24/07/2013 20:07:56] /a 2
[24/07/2013 20:07:58] /a 2
[24/07/2013 20:08:02] /a 2
[24/07/2013 20:08:02] /a 2
[24/07/2013 20:08:03] /a 2
[24/07/2013 20:08:03] /a 2
[24/07/2013 20:08:03] /a 2
[24/07/2013 20:08:04] /a 2
[24/07/2013 20:08:04] /a 2
[24/07/2013 20:08:05] /a 2
[24/07/2013 20:08:05] /a 2
[24/07/2013 20:08:06] /a 2
[24/07/2013 20:08:08] /a 2
[24/07/2013 20:08:12] /a 2
[24/07/2013 20:08:13] /a 2
[24/07/2013 20:08:14] /a 2
[24/07/2013 20:21:47] /goto clasus
[24/07/2013 20:42:37] /ghost
[24/07/2013 20:42:41] /goto rikudou
[24/07/2013 20:42:46] /ghost
[24/07/2013 20:43:08] /ghost
[24/07/2013 20:43:11] /goto rikudou
[24/07/2013 20:43:17] /ghost
