[25/05/2011 17:36:08] /i haunted blade
[25/05/2011 17:36:18] /i haunded blade
[25/05/2011 17:36:22] /i ice swird
[25/05/2011 17:36:26] /i ice sword
[25/05/2011 17:38:13] /reload spells
[25/05/2011 17:38:51] /reload spells
[25/05/2011 17:39:29] /reload spells
[25/05/2011 17:40:15] /reload spells
[25/05/2011 17:41:02] /reload spells
[25/05/2011 17:41:26] /reload spells
[25/05/2011 17:43:07] /reload spells
[25/05/2011 17:44:42] /reload spells
[25/05/2011 17:45:14] /reload spells
[25/05/2011 17:45:43] /reload spells
[25/05/2011 17:46:09] /reload spells
[25/05/2011 17:46:49] /i 2407
[25/05/2011 17:47:40] /i 2407
[25/05/2011 17:47:42] /reload spells
[25/05/2011 17:52:24] /reload items
[25/05/2011 17:55:49] /reload spells
[25/05/2011 17:56:41] /reload spells
[25/05/2011 17:57:02] /reload spells
[25/05/2011 17:57:35] /reload spells
[25/05/2011 17:57:58] /reload spells
[25/05/2011 17:58:41] /reload spells
[25/05/2011 17:59:04] /reload spells
[25/05/2011 17:59:18] /reload spells
[25/05/2011 17:59:51] /reload spells
[25/05/2011 18:00:12] /reload spells
[25/05/2011 18:01:05] /reload spells
[25/05/2011 18:02:59] /reload spells
[25/05/2011 18:03:19] /reload spells
[25/05/2011 18:05:05] /mc
[25/05/2011 18:08:51] /reload spells
[25/05/2011 18:09:24] /reload spells
[25/05/2011 18:10:04] /reload spells
[25/05/2011 18:11:06] /reload spells
[25/05/2011 18:11:36] /reload spells
[25/05/2011 18:12:10] /reload spells
[25/05/2011 18:12:34] /reload spells
[25/05/2011 18:13:24] /reload spells
[25/05/2011 18:13:43] /reload spells
[25/05/2011 18:14:05] /a
[25/05/2011 18:14:07] /a
[25/05/2011 18:14:10] /r
[25/05/2011 18:14:13] /r
[25/05/2011 18:14:31] /m training monk
[25/05/2011 18:14:33] /a
[25/05/2011 18:14:33] /a
[25/05/2011 18:14:36] /a
[25/05/2011 18:14:40] /a
[25/05/2011 18:14:42] /a
[25/05/2011 18:15:44] /reload spells
[25/05/2011 18:16:03] /reload spells
[25/05/2011 18:36:05] /bc green; GALERA NAO FALA !BUYEPIC COM O GOLDEN FRUITS PQ SE NAO VAI PERDER E NAO VAI GANHAR EPIC
[25/05/2011 18:36:06] /bc green; GALERA NAO FALA !BUYEPIC COM O GOLDEN FRUITS PQ SE NAO VAI PERDER E NAO VAI GANHAR EPIC
[25/05/2011 18:36:06] /bc green; GALERA NAO FALA !BUYEPIC COM O GOLDEN FRUITS PQ SE NAO VAI PERDER E NAO VAI GANHAR EPIC
[25/05/2011 18:36:06] /bc green; GALERA NAO FALA !BUYEPIC COM O GOLDEN FRUITS PQ SE NAO VAI PERDER E NAO VAI GANHAR EPIC
[25/05/2011 18:36:06] /bc green; GALERA NAO FALA !BUYEPIC COM O GOLDEN FRUITS PQ SE NAO VAI PERDER E NAO VAI GANHAR EPIC
[25/05/2011 18:36:06] /bc green; GALERA NAO FALA !BUYEPIC COM O GOLDEN FRUITS PQ SE NAO VAI PERDER E NAO VAI GANHAR EPIC
[25/05/2011 18:36:06] /bc green; GALERA NAO FALA !BUYEPIC COM O GOLDEN FRUITS PQ SE NAO VAI PERDER E NAO VAI GANHAR EPIC
[25/05/2011 18:36:06] /bc green; GALERA NAO FALA !BUYEPIC COM O GOLDEN FRUITS PQ SE NAO VAI PERDER E NAO VAI GANHAR EPIC
[25/05/2011 18:36:06] /bc green; GALERA NAO FALA !BUYEPIC COM O GOLDEN FRUITS PQ SE NAO VAI PERDER E NAO VAI GANHAR EPIC
[25/05/2011 18:36:06] /bc green; GALERA NAO FALA !BUYEPIC COM O GOLDEN FRUITS PQ SE NAO VAI PERDER E NAO VAI GANHAR EPIC
[25/05/2011 18:36:06] /bc green; GALERA NAO FALA !BUYEPIC COM O GOLDEN FRUITS PQ SE NAO VAI PERDER E NAO VAI GANHAR EPIC
[25/05/2011 18:36:06] /bc green; GALERA NAO FALA !BUYEPIC COM O GOLDEN FRUITS PQ SE NAO VAI PERDER E NAO VAI GANHAR EPIC
[25/05/2011 18:36:06] /bc green; GALERA NAO FALA !BUYEPIC COM O GOLDEN FRUITS PQ SE NAO VAI PERDER E NAO VAI GANHAR EPIC
[25/05/2011 18:36:06] /bc green; GALERA NAO FALA !BUYEPIC COM O GOLDEN FRUITS PQ SE NAO VAI PERDER E NAO VAI GANHAR EPIC
[25/05/2011 18:36:06] /bc green; GALERA NAO FALA !BUYEPIC COM O GOLDEN FRUITS PQ SE NAO VAI PERDER E NAO VAI GANHAR EPIC
[25/05/2011 18:36:06] /bc green; GALERA NAO FALA !BUYEPIC COM O GOLDEN FRUITS PQ SE NAO VAI PERDER E NAO VAI GANHAR EPIC
[25/05/2011 18:36:06] /bc green; GALERA NAO FALA !BUYEPIC COM O GOLDEN FRUITS PQ SE NAO VAI PERDER E NAO VAI GANHAR EPIC
[25/05/2011 18:36:06] /bc green; GALERA NAO FALA !BUYEPIC COM O GOLDEN FRUITS PQ SE NAO VAI PERDER E NAO VAI GANHAR EPIC
[25/05/2011 18:36:06] /bc green; GALERA NAO FALA !BUYEPIC COM O GOLDEN FRUITS PQ SE NAO VAI PERDER E NAO VAI GANHAR EPIC
[25/05/2011 18:36:07] /bc green; GALERA NAO FALA !BUYEPIC COM O GOLDEN FRUITS PQ SE NAO VAI PERDER E NAO VAI GANHAR EPIC
[25/05/2011 18:36:07] /bc green; GALERA NAO FALA !BUYEPIC COM O GOLDEN FRUITS PQ SE NAO VAI PERDER E NAO VAI GANHAR EPIC
[25/05/2011 18:36:07] /bc green; GALERA NAO FALA !BUYEPIC COM O GOLDEN FRUITS PQ SE NAO VAI PERDER E NAO VAI GANHAR EPIC
[25/05/2011 18:36:07] /bc green; GALERA NAO FALA !BUYEPIC COM O GOLDEN FRUITS PQ SE NAO VAI PERDER E NAO VAI GANHAR EPIC
[25/05/2011 18:36:07] /bc green; GALERA NAO FALA !BUYEPIC COM O GOLDEN FRUITS PQ SE NAO VAI PERDER E NAO VAI GANHAR EPIC
[25/05/2011 18:36:07] /bc green; GALERA NAO FALA !BUYEPIC COM O GOLDEN FRUITS PQ SE NAO VAI PERDER E NAO VAI GANHAR EPIC
[25/05/2011 18:36:30] /bc green; kem saber fazer comando !buyvip e !buyepic ganha gm
[25/05/2011 18:36:31] /bc green; kem saber fazer comando !buyvip e !buyepic ganha gm
[25/05/2011 18:36:31] /bc green; kem saber fazer comando !buyvip e !buyepic ganha gm
[25/05/2011 18:36:32] /bc green; kem saber fazer comando !buyvip e !buyepic ganha gm
[25/05/2011 18:36:32] /bc green; kem saber fazer comando !buyvip e !buyepic ganha gm
[25/05/2011 18:36:33] /bc green; kem saber fazer comando !buyvip e !buyepic ganha gm
[25/05/2011 18:36:37] /bc green; kem saber fazer comando !buyvip e !buyepic ganha gm
[25/05/2011 18:36:37] /bc green; kem saber fazer comando !buyvip e !buyepic ganha gm
[25/05/2011 18:36:38] /bc green; kem saber fazer comando !buyvip e !buyepic ganha gm
[25/05/2011 18:36:43] /bc green; kem saber fazer comando !buyvip e !buyepic ganha gm
[25/05/2011 18:36:44] /bc green; kem saber fazer comando !buyvip e !buyepic ganha gm
[25/05/2011 18:36:44] /bc green; kem saber fazer comando !buyvip e !buyepic ganha gm
[25/05/2011 18:36:45] /bc green; kem saber fazer comando !buyvip e !buyepic ganha gm
[25/05/2011 18:36:46] /bc green; kem saber fazer comando !buyvip e !buyepic ganha gm
[25/05/2011 18:36:47] /bc green; kem saber fazer comando !buyvip e !buyepic ganha gm
[25/05/2011 18:36:48] /bc green; kem saber fazer comando !buyvip e !buyepic ganha gm
[25/05/2011 18:36:49] /bc green; kem saber fazer comando !buyvip e !buyepic ganha gm
[25/05/2011 18:36:56] /bc green; kem saber fazer comando !buyvip e !buyepic ganha gm kem saber dis eu sei
[25/05/2011 18:36:57] /bc green; kem saber fazer comando !buyvip e !buyepic ganha gm kem saber dis eu sei
[25/05/2011 18:36:57] /bc green; kem saber fazer comando !buyvip e !buyepic ganha gm kem saber dis eu sei
[25/05/2011 18:36:58] /bc green; kem saber fazer comando !buyvip e !buyepic ganha gm kem saber dis eu sei
[25/05/2011 18:36:58] /bc green; kem saber fazer comando !buyvip e !buyepic ganha gm kem saber dis eu sei
[25/05/2011 18:36:59] /bc green; kem saber fazer comando !buyvip e !buyepic ganha gm kem saber dis eu sei
[25/05/2011 18:36:59] /bc green; kem saber fazer comando !buyvip e !buyepic ganha gm kem saber dis eu sei
[25/05/2011 18:37:00] /bc green; kem saber fazer comando !buyvip e !buyepic ganha gm kem saber dis eu sei
[25/05/2011 18:37:00] /bc green; kem saber fazer comando !buyvip e !buyepic ganha gm kem saber dis eu sei
[25/05/2011 18:37:01] /bc green; kem saber fazer comando !buyvip e !buyepic ganha gm kem saber dis eu sei
[25/05/2011 18:37:01] /bc green; kem saber fazer comando !buyvip e !buyepic ganha gm kem saber dis eu sei
[25/05/2011 18:37:02] /bc green; kem saber fazer comando !buyvip e !buyepic ganha gm kem saber dis eu sei
[25/05/2011 18:37:02] /bc green; kem saber fazer comando !buyvip e !buyepic ganha gm kem saber dis eu sei
[25/05/2011 18:37:03] /bc green; kem saber fazer comando !buyvip e !buyepic ganha gm kem saber dis eu sei
[25/05/2011 18:37:04] /bc green; kem saber fazer comando !buyvip e !buyepic ganha gm kem saber dis eu sei
[25/05/2011 18:37:05] /bc green; kem saber fazer comando !buyvip e !buyepic ganha gm kem saber dis eu sei
[25/05/2011 18:37:05] /bc green; kem saber fazer comando !buyvip e !buyepic ganha gm kem saber dis eu sei
[25/05/2011 18:37:06] /bc green; kem saber fazer comando !buyvip e !buyepic ganha gm kem saber dis eu sei
[25/05/2011 18:37:07] /bc green; kem saber fazer comando !buyvip e !buyepic ganha gm kem saber dis eu sei
[25/05/2011 18:37:07] /bc green; kem saber fazer comando !buyvip e !buyepic ganha gm kem saber dis eu sei
[25/05/2011 18:37:49] /c Elder Mage
[25/05/2011 18:37:51] /c Elder Mage
[25/05/2011 18:37:58] /a 55
[25/05/2011 18:38:00] /a 10
[25/05/2011 18:38:02] /a 10
[25/05/2011 18:38:02] /a 10
[25/05/2011 18:38:05] /a 5
[25/05/2011 18:38:08] /c Elder Mage
[25/05/2011 18:38:25] /ghost
[25/05/2011 18:38:29] /c Elder Mage
[25/05/2011 18:38:45] /a 2
[25/05/2011 18:38:53] /a 2
[25/05/2011 18:39:01] /i 2137
[18/06/2011 14:01:56] /ghost
