[01/08/2014 19:03:03] The Forgotten Server, version 0.3.4 (Crying Damson)
[01/08/2014 19:03:03] Sever Criado Por Alissow e Comedinha.
[01/08/2014 19:03:03] Publicidade: www.sotserv.blogspot.com <- <- <- Tudo sobre otserv.
[01/08/2014 19:03:04] Bom Jogo!!!
[01/08/2014 19:03:04] 
[01/08/2014 19:03:04] >> Debugging: nothing.
[01/08/2014 19:03:04] >> Checking software version... failed checking - malformed file.
[01/08/2014 19:03:05] 
[01/08/2014 19:03:05] >> Loading config (config.lua)
[01/08/2014 19:03:05] > Using plaintext passwords
[01/08/2014 19:03:05] >> Loading RSA key
[01/08/2014 19:03:05] >> Starting SQL connection
[01/08/2014 19:03:05] >> Running Database Manager
[01/08/2014 19:03:06] > Optimized database.
[01/08/2014 19:03:06] >> Loading items
[01/08/2014 19:03:06] >> Loading groups
[01/08/2014 19:03:06] >> Loading vocations
[01/08/2014 19:03:06] >> Loading script systems
[01/08/2014 19:03:09] >> Loading chat channels
[01/08/2014 19:03:11] >> Loading outfits
[01/08/2014 19:03:11] >> Loading experience stages
[01/08/2014 19:03:11] >> Loading monsters
[01/08/2014 19:03:14] >> Loading map and spawns...
[01/08/2014 19:03:15] > Map size: 65000x65000.
[01/08/2014 19:03:16] > Map descriptions: 
[01/08/2014 19:03:16] Saved with Remere's Map Editor 2.2
[01/08/2014 19:03:16] No map description available.
[01/08/2014 19:03:16] Duplicate uniqueId 2407
[01/08/2014 19:03:20] > Map loading time: 5.579 seconds.
[01/08/2014 19:03:21] > Data loading time: 1.057 seconds.
[01/08/2014 19:03:21] > Unserialization time for houses: 0.014 seconds.
[01/08/2014 19:03:44] > Unserialization time for map: 22.33 seconds.
[01/08/2014 19:03:44] >> Checking world type... PvP
[01/08/2014 19:03:44] >> Initializing game state modules and registering services...
[01/08/2014 19:03:44] > Global address: deathpvp.no-ip.info
[01/08/2014 19:03:45] > Local ports:
[01/08/2014 19:03:45] 7171	7172	
[01/08/2014 19:03:45] >> All modules were loaded, server starting up...
[01/08/2014 19:03:45] >> OT Death server Online!
[01/08/2014 19:03:45] 
[01/08/2014 19:04:29] sqlite3_step(): SQLITE ERROR: columns id, world_id are not unique
[01/08/2014 19:04:30] Mateus has logged in.
[01/08/2014 19:09:50] > Broadcasted message: "Para ver a lista de proximos tutores digite !tutores.".
[01/08/2014 19:16:28] Mateus has logged out.
[01/08/2014 19:16:28] > Saving server...
[01/08/2014 19:16:30] > SAVE: Complete in 1.431 seconds using relational house storage.
[01/08/2014 19:16:30] Preparing to shutdown s[01/08/2014 19:16:40] The Forgotten Server, version 0.3.4 (Crying Damson)
[01/08/2014 19:16:40] Sever Criado Por Alissow e Comedinha.
[01/08/2014 19:16:40] Publicidade: www.sotserv.blogspot.com <- <- <- Tudo sobre otserv.
[01/08/2014 19:16:41] Bom Jogo!!!
[01/08/2014 19:16:41] 
[01/08/2014 19:16:41] >> Debugging: nothing.
[01/08/2014 19:16:41] >> Checking software version... failed checking - malformed file.
[01/08/2014 19:16:42] 
[01/08/2014 19:16:42] >> Loading config (config.lua)
[01/08/2014 19:16:42] > Using plaintext passwords
[01/08/2014 19:16:42] >> Loading RSA key
[01/08/2014 19:16:42] >> Starting SQL connection
[01/08/2014 19:16:42] >> Running Database Manager
[01/08/2014 19:16:43] > Optimized database.
[01/08/2014 19:16:43] >> Loading items
[01/08/2014 19:16:43] >> Loading groups
[01/08/2014 19:16:43] >> Loading vocations
[01/08/2014 19:16:44] >> Loading script systems
[01/08/2014 19:16:46] >> Loading chat channels
[01/08/2014 19:16:46] >> Loading outfits
[01/08/2014 19:16:46] >> Loading experience stages
[01/08/2014 19:16:46] >> Loading monsters
[01/08/2014 19:16:48] >> Loading map and spawns...
[01/08/2014 19:16:49] > Map size: 65000x65000.
[01/08/2014 19:16:49] > Map descriptions: 
[01/08/2014 19:16:50] Saved with Remere's Map Editor 2.2
[01/08/2014 19:16:50] No map description available.
[01/08/2014 19:16:50] Duplicate uniqueId 2407
[01/08/2014 19:16:54] > Map loading time: 6.167 seconds.
[01/08/2014 19:16:57] > Data loading time: 2.124 seconds.
[01/08/2014 19:16:57] > Unserialization time for houses: 0.018 seconds.
[01/08/2014 19:17:23] > Unserialization time for map: 25.607 seconds.
[01/08/2014 19:17:23] >> Checking world type... PvP
[01/08/2014 19:17:23] >> Initializing game state modules and registering services...
[01/08/2014 19:17:24] > Global address: deathpvp.no-ip.info
[01/08/2014 19:17:24] > Local ports:
[01/08/2014 19:17:24] 7171	7172	
[01/08/2014 19:17:24] >> All modules were loaded, server starting up...
[01/08/2014 19:17:25] >> OT Death server Online!
[01/08/2014 19:17:25] 
[01/08/2014 19:17:28] Mateus has logged in.
[01/08/2014 19:17:55] Mateus has logged out.
[01/08/2014 19:17:55] Mateus has logged in.
[01/08/2014 19:18:12] Mateus has logged out.
[01/08/2014 19:18:13] Mateus has logged in.
[01/08/2014 19:19:28] > CLEAN: Removed 52 items from 58 tiles in 0.167 seconds.
[01/08/2014 19:23:27] > Broadcasted message: "Ot on das 07:00 as 00:00".
[01/08/2014 19:29:53] Mateus has logged out.
[01/08/2014 19:30:08] > Broadcasted message: "Ot on das 07:00 as 00:00".
[01/08/2014 19:33:27] > Broadcasted message: "Game map cleaning in 1 minute, please pick up all your items.".
[01/08/2014 19:33:57] > CLEAN: Removed 0 items from 1 tile in 0.187 seconds.
[01/08/2014 19:33:57] > Broadcasted message: "Map Cleaned.".
[01/08/2014 19:36:18] > Saving server...
[01/08/2014 19:36:21] > SAVE: Complete in 2.417 seconds using relational house storage.
[01/08/2014 19:36:21] Preparing to shutdown server..
[01/08/2014 19:36:22] .
[01/08/2014 19:36:22] Exiting
[01/08/2014 20:46:19] The Forgotten Server, version 0.3.4 (Crying Damson)
[01/08/2014 20:46:19] Sever Criado Por Alissow e Comedinha.
[01/08/2014 20:46:20] Publicidade: www.sotserv.blogspot.com <- <- <- Tudo sobre otserv.
[01/08/2014 20:46:20] Bom Jogo!!!
[01/08/2014 20:46:20] 
[01/08/2014 20:46:20] >> Debugging: nothing.
[01/08/2014 20:46:20] >> Checking software version... failed checking - malformed file.
[01/08/2014 20:46:21] 
[01/08/2014 20:46:21] >> Loading config (config.lua)
[01/08/2014 20:46:22] > Using plaintext passwords
[01/08/2014 20:46:22] >> Loading RSA key
[01/08/2014 20:46:22] >> Starting SQL connection
[01/08/2014 20:46:22] >> Running Database Manager
[01/08/2014 20:46:23] > Optimized database.
[01/08/2014 20:46:23] >> Loading items
[01/08/2014 20:46:23] >> Loading groups
[01/08/2014 20:46:23] >> Loading vocations
[01/08/2014 20:46:23] >> Loading script systems
[01/08/2014 20:46:24] >> Loading chat channels
[01/08/2014 20:46:24] >> Loading outfits
[01/08/2014 20:46:25] >> Loading experience stages
[01/08/2014 20:46:25] >> Loading monsters
[01/08/2014 20:46:26] >> Loading map and spawns...
[01/08/2014 20:46:27] > Map size: 65000x65000.
[01/08/2014 20:46:28] > Map descriptions: 
[01/08/2014 20:46:28] Saved with Remere's Map Editor 2.2
[01/08/2014 20:46:28] No map description available.
[01/08/2014 20:46:28] Duplicate uniqueId 2407
[01/08/2014 20:46:32] > Map loading time: 5.71 seconds.
[01/08/2014 20:46:33] > Data loading time: 0.624 seconds.
[01/08/2014 20:46:33] > Unserialization time for houses: 0.015 seconds.
[01/08/2014 20:46:57] > Unserialization time for map: 23.296 seconds.
[01/08/2014 20:46:57] >> Checking world type... PvP
[01/08/2014 20:46:57] >> Initializing game state modules and registering services...
[01/08/2014 20:46:57] > Global address: deathpvp.no-ip.info
[01/08/2014 20:46:58] > Local ports:
[01/08/2014 20:46:58] 7171	7172	
[01/08/2014 20:46:58] >> All modules were loaded, server starting up...
[01/08/2014 20:46:58] >> OT Death server Online!
[01/08/2014 20:46:58] 
[01/08/2014 20:47:01] sqlite3_step(): SQLITE ERROR: columns id, world_id are not unique
[01/08/2014 20:47:02] Mateus has logged in.
[01/08/2014 20:49:58] Mateus has logged out.
[01/08/2014 20:50:01] > Saving server...
[01/08/2014 20:50:03] > SAVE: Complete in 1.232 seconds using relational house storage.
[01/08/2014 20:50:03] Preparing to shutdown server..
[01/08/2014 20:50:03] .
[01/08/2014 20:50:03] Exiting
