[02/08/2014 10:38:19] The Forgotten Server, version 0.3.4 (Crying Damson)
[02/08/2014 10:38:19] Sever Criado Por Alissow e Comedinha.
[02/08/2014 10:38:19] Publicidade: www.sotserv.blogspot.com <- <- <- Tudo sobre otserv.
[02/08/2014 10:38:19] Bom Jogo!!!
[02/08/2014 10:38:19] 
[02/08/2014 10:38:19] >> Debugging: nothing.
[02/08/2014 10:38:19] >> Checking software version... failed checking - malformed file.
[02/08/2014 10:38:20] 
[02/08/2014 10:38:20] >> Loading config (config.lua)
[02/08/2014 10:38:21] > Using plaintext passwords
[02/08/2014 10:38:21] >> Loading RSA key
[02/08/2014 10:38:21] >> Starting SQL connection
[02/08/2014 10:38:21] >> Running Database Manager
[02/08/2014 10:38:22] > Optimized database.
[02/08/2014 10:38:22] >> Loading items
[02/08/2014 10:38:22] >> Loading groups
[02/08/2014 10:38:23] >> Loading vocations
[02/08/2014 10:38:23] >> Loading script systems
[02/08/2014 10:38:26] >> Loading chat channels
[02/08/2014 10:38:27] >> Loading outfits
[02/08/2014 10:38:27] >> Loading experience stages
[02/08/2014 10:38:27] >> Loading monsters
[02/08/2014 10:38:31] >> Loading map and spawns...
[02/08/2014 10:38:33] > Map size: 65000x65000.
[02/08/2014 10:38:34] > Map descriptions: 
[02/08/2014 10:38:34] Saved with Remere's Map Editor 2.2
[02/08/2014 10:38:34] No map description available.
[02/08/2014 10:38:34] Duplicate uniqueId 2407
[02/08/2014 10:38:38] > Map loading time: 7.095 seconds.
[02/08/2014 10:38:39] > Data loading time: 1.051 seconds.
[02/08/2014 10:38:39] > Unserialization time for houses: 0.015 seconds.
[02/08/2014 10:39:03] > Unserialization time for map: 23.929 seconds.
[02/08/2014 10:39:04] >> Checking world type... PvP
[02/08/2014 10:39:04] >> Initializing game state modules and registering services...
[02/08/2014 10:39:04] > Global address: deathpvp.no-ip.info
[02/08/2014 10:39:05] > Local ports:
[02/08/2014 10:39:05] 7171	7172	
[02/08/2014 10:39:05] >> All modules were loaded, server starting up...
[02/08/2014 10:39:05] >> OT Death server Online!
[02/08/2014 10:39:05] 
[02/08/2014 10:39:30] sqlite3_step(): SQLITE ERROR: columns id, world_id are not unique
[02/08/2014 10:39:31] Account Manager has logged in.
[02/08/2014 10:39:36] Account Manager has logged out.
[02/08/2014 10:39:42] [Hoster] Jean has logged in.
[02/08/2014 10:45:07] > Broadcasted message: "Ot on das 07:00 as 00:00".
[02/08/2014 10:51:48] > Broadcasted message: "Para comprar bless digite !bless".
[02/08/2014 10:55:07] > Broadcasted message: "Game map cleaning in 1 minute, please pick up all your items.".
[02/08/2014 10:55:38] > CLEAN: Removed 0 items from 48 tiles in 0.168 seconds.
[02/08/2014 10:55:38] > Broadcasted message: "Map Cleaned.".
[02/08/2014 10:57:26] [Hoster] Jean has logged out.
[02/08/2014 10:57:27] [Hoster] Jean has logged in.
[02/08/2014 10:58:29] > Broadcasted message: "Para duvidas, eventos, e futuramente compras E-mail/Msn -> deathpvp@live.com.".
[02/08/2014 11:05:10] > Broadcasted message: "Para esclarecer algumas duvidas digite !notice, para mais informacoes fale com um [CM]".
[02/08/2014 11:09:29] Warning: [Monsters::deserializeSpell] - Mahina - Unknown areaEffect: death
[02/08/2014 11:10:05] Warning: [Monsters::deserializeSpell] - Mahina - Unknown areaEffect: death
[02/08/2014 11:11:48] > Broadcasted message: "Game map cleaning in 1 minute, please pick up all your items.".
[02/08/2014 11:11:51] > Broadcasted message: "Para ver a lista de proximos tutores digite !tutores.".
[02/08/2014 11:11:52] > Saving server...
[02/08/2014 11:11:54] > SAVE: Complete in 1.747 seconds using relational house storage.
[02/08/2014 11:12:18] > CLEAN: Removed 0 items from 9 tiles in 0.163 seconds.
[02/08/2014 11:12:19] > Broadcasted message: "Map Cleaned.".
[02/08/2014 11:12:51] Warning: [Monsters::deserializeSpell] - Mahina - Unknown areaEffect: death
[02/08/2014 11:13:40] Warning: [Monsters::deserializeSpell] - Mahina - Unknown areaEffect: death
[02/08/2014 11:15:39] Warning: [Monsters::deserializeSpell] - Mahina - Unknown areaEffect: death
[02/08/2014 11:16:48] Warning: [Monsters::deserializeSpell] - Mahina - Unknown areaEffect: death
[02/08/2014 11:17:31] Warning: [Monsters::deserializeSpell] - Mahina - Unknown areaEffect: death
[02/08/2014 11:18:32] > Broadcasted message: "Para comprar bless digite !bless".
[02/08/2014 11:22:47] The Forgotten Server, version 0.3.4 (Crying Damson)
[02/08/2014 11:22:47] Sever Criado Por Alissow e Comedinha.
[02/08/2014 11:22:47] Publicidade: www.sotserv.blogspot.com <- <- <- Tudo sobre otserv.
[02/08/2014 11:22:48] Bom Jogo!!!
[02/08/2014 11:22:48] 
[02/08/2014 11:22:48] >> Debugging: nothing.
[02/08/2014 11:22:48] >> Checking software version... failed checking - malformed file.
[02/08/2014 11:22:49] 
[02/08/2014 11:22:49] >> Loading config (config.lua)
[02/08/2014 11:22:49] 
[02/08/2014 11:22:49] > ERROR: Another instance of The Forgotten Server is already running with the same worldId.
[02/08/2014 11:22:49] If you want to run multiple servers, please change the worldId in configuration file.
[02/08/2014 11:23:00] [Hoster] Jean has logged out.
[02/08/2014 11:23:00] > Saving server...
[02/08/2014 11:23:01] > SAVE: Complete in 1.292 seconds using relational house storage.
[02/08/2014 11:23:02] Preparing to shutdown server..
[02/08/2014 11:23:02] .
[02/08/2014 11:23:02] Exiting
[02/08/2014 11:23:04] The Forgotten Server, version 0.3.4 (Crying Damson)
[02/08/2014 11:23:04] Sever Criado Por Alissow e Comedinha.
[02/08/2014 11:23:04] Publicidade: www.sotserv.blogspot.com <- <- <- Tudo sobre otserv.
[02/08/2014 11:23:05] Bom Jogo!!!
[02/08/2014 11:23:05] 
[02/08/2014 11:23:05] >> Debugging: nothing.
[02/08/2014 11:23:05] >> Checking software version... failed checking - malformed file.
[02/08/2014 11:23:06] 
[02/08/2014 11:23:06] >> Loading config (config.lua)
[02/08/2014 11:23:06] 
[02/08/2014 11:23:06] > ERROR: Another instance of The Forgotten Server is already running with the same worldId.
[02/08/2014 11:23:06] If you want to run multiple servers, please change the worldId in configuration file.
[02/08/2014 11:23:17] The Forgotten Server, version 0.3.4 (Crying Damson)
[02/08/2014 11:23:17] Sever Criado Por Alissow e Comedinha.
[02/08/2014 11:23:17] Publicidade: www.sotserv.blogspot.com <- <- <- Tudo sobre otserv.
[02/08/2014 11:23:17] Bom Jogo!!!
[02/08/2014 11:23:17] 
[02/08/2014 11:23:17] >> Debugging: nothing.
[02/08/2014 11:23:17] >> Checking software version... failed checking - malformed file.
[02/08/2014 11:23:18] 
[02/08/2014 11:23:18] >> Loading config (config.lua)
[02/08/2014 11:23:18] > Using plaintext passwords
[02/08/2014 11:23:19] >> Loading RSA key
[02/08/2014 11:23:19] >> Starting SQL connection
[02/08/2014 11:23:19] >> Running Database Manager
[02/08/2014 11:23:19] > Optimized database.
[02/08/2014 11:23:19] >> Loading items
[02/08/2014 11:23:20] >> Loading groups
[02/08/2014 11:23:20] >> Loading vocations
[02/08/2014 11:23:20] >> Loading script systems
[02/08/2014 11:23:21] >> Loading chat channels
[02/08/2014 11:23:21] >> Loading outfits
[02/08/2014 11:23:21] >> Loading experience stages
[02/08/2014 11:23:21] >> Loading monsters
[02/08/2014 11:23:21] Warning: [Monsters::deserializeSpell] - Mahina - Unknown areaEffect: death
[02/08/2014 11:23:22] >> Loading map and spawns...
[02/08/2014 11:23:23] > Map size: 65000x65000.
[02/08/2014 11:23:23] > Map descriptions: 
[02/08/2014 11:23:23] Saved with Remere's Map Editor 2.2
[02/08/2014 11:23:23] No map description available.
[02/08/2014 11:23:24] Duplicate uniqueId 2407
[02/08/2014 11:23:27] > Map loading time: 5.089 seconds.
[02/08/2014 11:23:28] > Data loading time: 0.527 seconds.
[02/08/2014 11:23:28] > Unserialization time for houses: 0.015 seconds.
[02/08/2014 11:23:51] > Unserialization time for map: 22.622 seconds.
[02/08/2014 11:23:51] >> Checking world type... PvP
[02/08/2014 11:23:51] >> Initializing game state modules and registering services...
[02/08/2014 11:23:51] > Global address: deathpvp.no-ip.info
[02/08/2014 11:23:52] > Local ports:
[02/08/2014 11:23:52] 7171	7172	
[02/08/2014 11:23:52] >> All modules were loaded, server starting up...
[02/08/2014 11:23:52] >> OT Death server Online!
[02/08/2014 11:23:52] 
[02/08/2014 11:24:25] sqlite3_step(): SQLITE ERROR: columns id, world_id are not unique
[02/08/2014 11:24:26] Account Manager has logged in.
[02/08/2014 11:24:29] Account Manager has logged out.
[02/08/2014 11:25:46] Account Manager has logged in.
[02/08/2014 11:25:49] Account Manager has logged out.
[02/08/2014 11:25:55] [Hoster] Jean has logged in.
[02/08/2014 11:30:02] > Broadcasted message: "Novo CLIENTE = http://www.4shared.com/rar/HI2-47p8ce/Death_PVP.html".
[02/08/2014 11:32:03] Warning: [Monsters::deserializeSpell] - Mahina - Unknown areaEffect: death
[02/08/2014 11:32:45] Warning: [Monsters::deserializeSpell] - Mahina - Unknown areaEffect: death
[02/08/2014 11:33:27] Warning: [Monsters::deserializeSpell] - Mahina - Unknown areaEffect: death
[02/08/2014 11:35:31] Warning: [Monsters::deserializeSpell] - Mahina - Unknown areaEffect: death
[02/08/2014 11:36:43] > Broadcasted message: "Para ver a lista de proximos tutores digite !tutores.".
[02/08/2014 11:39:54] > Saving server...
[02/08/2014 11:39:56] > SAVE: Complete in 1.496 seconds using relational house storage.
[02/08/2014 11:39:59] [Hoster] Jean has logged out.
[02/08/2014 11:39:59] > Saving server...
[02/08/2014 11:40:00] > SAVE: Complete in 1.286 seconds using relational house storage.
[02/08/2014 11:40:01] Preparing to shutdown server..
[02/08/2014 11:40:01] .
[02/08/2014 11:40:01] Exiting
[02/08/2014 11:40:14] The Forgotten Server, version 0.3.4 (Crying Damson)
[02/08/2014 11:40:14] Sever Criado Por Alissow e Comedinha.
[02/08/2014 11:40:14] Publicidade: www.sotserv.blogspot.com <- <- <- Tudo sobre otserv.
[02/08/2014 11:40:15] Bom Jogo!!!
[02/08/2014 11:40:15] 
[02/08/2014 11:40:15] >> Debugging: nothing.
[02/08/2014 11:40:15] >> Checking software version... failed checking - malformed file.
[02/08/2014 11:40:16] 
[02/08/2014 11:40:16] >> Loading config (config.lua)
[02/08/2014 11:40:16] > Using plaintext passwords
[02/08/2014 11:40:16] >> Loading RSA key
[02/08/2014 11:40:16] >> Starting SQL connection
[02/08/2014 11:40:16] >> Running Database Manager
[02/08/2014 11:40:17] > Optimized database.
[02/08/2014 11:40:17] >> Loading items
[02/08/2014 11:40:17] >> Loading groups
[02/08/2014 11:40:17] >> Loading vocations
[02/08/2014 11:40:17] >> Loading script systems
[02/08/2014 11:40:18] >> Loading chat channels
[02/08/2014 11:40:18] >> Loading outfits
[02/08/2014 11:40:18] >> Loading experience stages
[02/08/2014 11:40:18] >> Loading monsters
[02/08/2014 11:40:18] Warning: [Monsters::deserializeSpell] - Mahina - Unknown areaEffect: death
[02/08/2014 11:40:19] >> Loading map and spawns...
[02/08/2014 11:40:20] > Map size: 65000x65000.
[02/08/2014 11:40:20] > Map descriptions: 
[02/08/2014 11:40:20] Saved with Remere's Map Editor 2.2
[02/08/2014 11:40:20] No map description available.
[02/08/2014 11:40:20] Duplicate uniqueId 2407
[02/08/2014 11:40:24] > Map loading time: 4.952 seconds.
[02/08/2014 11:40:24] > Data loading time: 0.273 seconds.
[02/08/2014 11:40:24] > Unserialization time for houses: 0.016 seconds.
[02/08/2014 11:40:48] > Unserialization time for map: 22.967 seconds.
[02/08/2014 11:40:48] >> Checking world type... PvP
[02/08/2014 11:40:48] >> Initializing game state modules and registering services...
[02/08/2014 11:40:48] > Global address: deathpvp.no-ip.info
[02/08/2014 11:40:49] > Local ports:
[02/08/2014 11:40:49] 7171	7172	
[02/08/2014 11:40:49] >> All modules were loaded, server starting up...
[02/08/2014 11:40:49] >> OT Death server Online!
[02/08/2014 11:40:49] 
[02/08/2014 11:40:52] [Hoster] Jean has logged in.
[02/08/2014 11:45:06] [Hoster] Jean has logged out.
[02/08/2014 11:45:06] > Saving server...
[02/08/2014 11:45:08] > SAVE: Complete in 1.427 seconds using relational house storage.
[02/08/2014 11:45:08] Preparing to shutdown server..
[02/08/2014 11:45:08] .
[02/08/2014 11:45:08] Exiting
[02/08/2014 11:59:16] The Forgotten Server, version 0.3.4 (Crying Damson)
[02/08/2014 11:59:16] Sever Criado Por Alissow e Comedinha.
[02/08/2014 11:59:16] Publicidade: www.sotserv.blogspot.com <- <- <- Tudo sobre otserv.
[02/08/2014 11:59:17] Bom Jogo!!!
[02/08/2014 11:59:17] 
[02/08/2014 11:59:17] >> Debugging: nothing.
[02/08/2014 11:59:17] >> Checking software version... failed checking - malformed file.
[02/08/2014 11:59:18] 
[02/08/2014 11:59:18] >> Loading config (config.lua)
[02/08/2014 11:59:18] > Using plaintext passwords
[02/08/2014 11:59:18] >> Loading RSA key
[02/08/2014 11:59:18] >> Starting SQL connection
[02/08/2014 11:59:18] >> Running Database Manager
[02/08/2014 11:59:19] > Optimized database.
[02/08/2014 11:59:19] >> Loading items
[02/08/2014 11:59:19] >> Loading groups
[02/08/2014 11:59:19] >> Loading vocations
[02/08/2014 11:59:19] >> Loading script systems
[02/08/2014 11:59:20] >> Loading chat channels
[02/08/2014 11:59:20] >> Loading outfits
[02/08/2014 11:59:20] >> Loading experience stages
[02/08/2014 11:59:20] >> Loading monsters
[02/08/2014 11:59:21] >> Loading map and spawns...
[02/08/2014 11:59:21] > Map size: 65000x65000.
[02/08/2014 11:59:21] > Map descriptions: 
[02/08/2014 11:59:22] Saved with Remere's Map Editor 2.2
[02/08/2014 11:59:22] No map description available.
[02/08/2014 11:59:22] Duplicate uniqueId 2407
[02/08/2014 11:59:26] > Map loading time: 4.899 seconds.
[02/08/2014 11:59:26] > Data loading time: 0.269 seconds.
[02/08/2014 11:59:26] > Unserialization time for houses: 0.015 seconds.
[02/08/2014 11:59:50] > Unserialization time for map: 23.26 seconds.
[02/08/2014 11:59:50] >> Checking world type... PvP
[02/08/2014 11:59:50] >> Initializing game state modules and registering services...
[02/08/2014 11:59:50] > Global address: deathpvp.no-ip.info
[02/08/2014 11:59:51] > Local ports:
[02/08/2014 11:59:51] 7171	7172	
[02/08/2014 11:59:51] >> All modules were loaded, server starting up...
[02/08/2014 11:59:51] >> OT Death server Online!
[02/08/2014 11:59:51] 
[02/08/2014 11:59:52] sqlite3_step(): SQLITE ERROR: columns id, world_id are not unique
[02/08/2014 11:59:54] Mateus has logged in.
[02/08/2014 12:01:40] Mateus has logged out.
[02/08/2014 12:01:41] > Saving server...
[02/08/2014 12:01:42] > SAVE: Complete in 1.499 seconds using relational house storage.
[02/08/2014 12:01:43] Preparing to shutdown server..
[02/08/2014 12:01:43] .
[02/08/2014 12:01:43] Exiting
[02/08/2014 13:23:01] The Forgotten Server, version 0.3.4 (Crying Damson)
[02/08/2014 13:23:02] Sever Criado Por Alissow e Comedinha.
[02/08/2014 13:23:02] Publicidade: www.sotserv.blogspot.com <- <- <- Tudo sobre otserv.
[02/08/2014 13:23:02] Bom Jogo!!!
[02/08/2014 13:23:02] 
[02/08/2014 13:23:02] >> Debugging: nothing.
[02/08/2014 13:23:02] >> Checking software version... failed checking - malformed file.
[02/08/2014 13:23:03] 
[02/08/2014 13:23:03] >> Loading config (config.lua)
[02/08/2014 13:23:03] > Using plaintext passwords
[02/08/2014 13:23:04] >> Loading RSA key
[02/08/2014 13:23:04] >> Starting SQL connection
[02/08/2014 13:23:04] >> Running Database Manager
[02/08/2014 13:23:04] > Optimized database.
[02/08/2014 13:23:04] >> Loading items
[02/08/2014 13:23:05] >> Loading groups
[02/08/2014 13:23:05] >> Loading vocations
[02/08/2014 13:23:05] >> Loading script systems
[02/08/2014 13:23:06] >> Loading chat channels
[02/08/2014 13:23:06] >> Loading outfits
[02/08/2014 13:23:06] >> Loading experience stages
[02/08/2014 13:23:06] >> Loading monsters
[02/08/2014 13:23:07] >> Loading map and spawns...
[02/08/2014 13:23:08] > Map size: 65000x65000.
[02/08/2014 13:23:08] > Map descriptions: 
[02/08/2014 13:23:08] Saved with Remere's Map Editor 2.2
[02/08/2014 13:23:08] No map description available.
[02/08/2014 13:23:09] Duplicate uniqueId 2407
[02/08/2014 13:23:13] > Map loading time: 5.956 seconds.
[02/08/2014 13:23:16] > Data loading time: 2.418 seconds.
[02/08/2014 13:23:16] > Unserialization time for houses: 0.017 seconds.
[02/08/2014 13:23:39] > Unserialization time for map: 22.661 seconds.
[02/08/2014 13:23:39] >> Checking world type... PvP
[02/08/2014 13:23:39] >> Initializing game state modules and registering services...
[02/08/2014 13:23:40] > Global address: deathpvp.no-ip.info
[02/08/2014 13:23:40] > Local ports:
[02/08/2014 13:23:40] 7171	7172	
[02/08/2014 13:23:40] >> All modules were loaded, server starting up...
[02/08/2014 13:23:41] >> OT Death server Online!
[02/08/2014 13:23:41] 
[02/08/2014 13:25:11] > Saving server...
[02/08/2014 13:25:12] > SAVE: Complete in 1.292 seconds using relational house storage.
[02/08/2014 13:25:13] Preparing to shutdown server..
[02/08/2014 13:25:13] .
[02/08/2014 13:25:13] Exiting
[02/08/2014 14:49:24] The Forgotten Server, version 0.3.4 (Crying Damson)
[02/08/2014 14:49:24] Sever Criado Por Alissow e Comedinha.
[02/08/2014 14:49:24] Publicidade: www.sotserv.blogspot.com <- <- <- Tudo sobre otserv.
[02/08/2014 14:49:24] Bom Jogo!!!
[02/08/2014 14:49:24] 
[02/08/2014 14:49:24] >> Debugging: nothing.
[02/08/2014 14:49:24] >> Checking software version... failed checking - malformed file.
[02/08/2014 14:49:25] 
[02/08/2014 14:49:25] >> Loading config (config.lua)
[02/08/2014 14:49:26] > Using plaintext passwords
[02/08/2014 14:49:26] >> Loading RSA key
[02/08/2014 14:49:26] >> Starting SQL connection
[02/08/2014 14:49:26] >> Running Database Manager
[02/08/2014 14:49:26] > Optimized database.
[02/08/2014 14:49:27] >> Loading items
[02/08/2014 14:49:27] >> Loading groups
[02/08/2014 14:49:27] >> Loading vocations
[02/08/2014 14:49:27] >> Loading script systems
[02/08/2014 14:49:28] >> Loading chat channels
[02/08/2014 14:49:28] >> Loading outfits
[02/08/2014 14:49:28] >> Loading experience stages
[02/08/2014 14:49:28] >> Loading monsters
[02/08/2014 14:49:28] >> Loading map and spawns...
[02/08/2014 14:49:29] > Map size: 65000x65000.
[02/08/2014 14:49:29] > Map descriptions: 
[02/08/2014 14:49:29] Saved with Remere's Map Editor 2.2
[02/08/2014 14:49:29] No map description available.
[02/08/2014 14:49:30] Duplicate uniqueId 2407
[02/08/2014 14:49:33] > Map loading time: 4.983 seconds.
[02/08/2014 14:49:34] > Data loading time: 0.591 seconds.
[02/08/2014 14:49:34] > Unserialization time for houses: 0.015 seconds.
[02/08/2014 14:49:58] > Unserialization time for map: 23.233 seconds.
[02/08/2014 14:49:58] >> Checking world type... PvP
[02/08/2014 14:49:58] >> Initializing game state modules and registering services...
[02/08/2014 14:49:58] > Global address: deathpvp.no-ip.info
[02/08/2014 14:49:59] > Local ports:
[02/08/2014 14:49:59] 7171	7172	
[02/08/2014 14:49:59] >> All modules were loaded, server starting up...
[02/08/2014 14:49:59] >> OT Death server Online!
[02/08/2014 14:49:59] 
[02/08/2014 14:50:56] sqlite3_step(): SQLITE ERROR: columns id, world_id are not unique
[02/08/2014 14:50:57] Account Manager has logged in.
[02/08/2014 14:51:02] Account Manager has logged out.
[02/08/2014 14:51:17] [Hoster] Jean has logged in.
[02/08/2014 14:51:36] [Hoster] Jean has logged out.
[02/08/2014 14:51:42] > Saving server...
[02/08/2014 14:51:44] > SAVE: Complete in 1.304 seconds using relational house storage.
[02/08/2014 14:51:44] Preparing to shutdown server..
[02/08/2014 14:51:44] .
[02/08/2014 14:51:44] Exiting
[02/08/2014 15:05:06] The Forgotten Server, version 0.3.4 (Crying Damson)
[02/08/2014 15:05:06] Sever Criado Por Alissow e Comedinha.
[02/08/2014 15:05:06] Publicidade: www.sotserv.blogspot.com <- <- <- Tudo sobre otserv.
[02/08/2014 15:05:07] Bom Jogo!!!
[02/08/2014 15:05:07] 
[02/08/2014 15:05:07] >> Debugging: nothing.
[02/08/2014 15:05:07] >> Checking software version... failed checking - malformed file.
[02/08/2014 15:05:08] 
[02/08/2014 15:05:08] >> Loading config (config.lua)
[02/08/2014 15:05:08] > Using plaintext passwords
[02/08/2014 15:05:08] >> Loading RSA key
[02/08/2014 15:05:08] >> Starting SQL connection
[02/08/2014 15:05:08] >> Running Database Manager
[02/08/2014 15:05:09] > Optimized database.
[02/08/2014 15:05:09] >> Loading items
[02/08/2014 15:05:09] >> Loading groups
[02/08/2014 15:05:09] >> Loading vocations
[02/08/2014 15:05:09] >> Loading script systems
[02/08/2014 15:05:10] >> Loading chat channels
[02/08/2014 15:05:10] >> Loading outfits
[02/08/2014 15:05:10] >> Loading experience stages
[02/08/2014 15:05:10] >> Loading monsters
[02/08/2014 15:05:11] >> Loading map and spawns...
[02/08/2014 15:05:12] > Map size: 65000x65000.
[02/08/2014 15:05:12] > Map descriptions: 
[02/08/2014 15:05:12] Saved with Remere's Map Editor 2.2
[02/08/2014 15:05:12] No map description available.
[02/08/2014 15:05:13] Duplicate uniqueId 2407
[02/08/2014 15:05:16] > Map loading time: 5.019 seconds.
[02/08/2014 15:05:16] > Data loading time: 0.28 seconds.
[02/08/2014 15:05:17] > Unserialization time for houses: 0.003 seconds.
[02/08/2014 15:05:40] > Unserialization time for map: 23.738 seconds.
[02/08/2014 15:05:41] >> Checking world type... PvP
[02/08/2014 15:05:41] >> Initializing game state modules and registering services...
[02/08/2014 15:05:41] > Global address: deathpvp.no-ip.info
[02/08/2014 15:05:42] > Local ports:
[02/08/2014 15:05:42] 7171	7172	
[02/08/2014 15:05:42] >> All modules were loaded, server starting up...
[02/08/2014 15:05:42] >> OT Death server Online!
[02/08/2014 15:05:42] 
[02/08/2014 15:05:45] sqlite3_step(): SQLITE ERROR: columns id, world_id are not unique
[02/08/2014 15:05:47] [Hoster] Jean has logged in.
[02/08/2014 15:06:30] [Hoster] Jean has logged out.
[02/08/2014 15:08:20] Account Manager has logged in.
[02/08/2014 15:08:36] Account Manager has logged in.
[02/08/2014 15:08:39] Account Manager has logged out.
[02/08/2014 15:08:54] Account Manager has logged in.
[02/08/2014 15:09:08] Account Manager has logged in.
[02/08/2014 15:09:08] Account Manager has logged out.
[02/08/2014 15:09:11] Account Manager has logged out.
[02/08/2014 15:09:18] Account Manager has logged out.
[02/08/2014 15:09:22] Account Manager has logged in.
[02/08/2014 15:09:24] Demonic Striker has logged in.
[02/08/2014 15:09:48] Account Manager has logged in.
[02/08/2014 15:10:00] Account Manager has logged out.
[02/08/2014 15:10:04] Account Manager has logged out.
[02/08/2014 15:10:11] Mc Magrinho has logged in.
[02/08/2014 15:10:11] Demonic Striker has logged out.
[02/08/2014 15:10:11] Account Manager has logged in.
[02/08/2014 15:10:12] [Hoster] Jean has logged in.
[02/08/2014 15:10:36] Account Manager has logged out.
[02/08/2014 15:10:41] Kina Of Death has logged in.
[02/08/2014 15:11:23] Account Manager has logged in.
[02/08/2014 15:11:25] Account Manager has logged out.
[02/08/2014 15:11:36] Account Manager has logged in.
[02/08/2014 15:11:38] Account Manager has logged out.
[02/08/2014 15:11:51] > Broadcasted message: "Ot on das 07:00 as 00:00".
[02/08/2014 15:12:10] Account Manager has logged in.
[02/08/2014 15:12:13] Account Manager has logged in.
[02/08/2014 15:12:13] Account Manager has logged out.
[02/08/2014 15:12:41] Account Manager has logged out.
[02/08/2014 15:12:46] Account Manager has logged in.
[02/08/2014 15:13:06] Account Manager has logged out.
[02/08/2014 15:13:12] Pally Oz Piint has logged in.
[02/08/2014 15:13:41] [Hoster] Jean has logged out.
[02/08/2014 15:13:44] Account Manager has logged in.
[02/08/2014 15:13:48] Account Manager has logged out.
[02/08/2014 15:13:59] Account Manager has logged in.
[02/08/2014 15:13:59] Account Manager has logged in.
[02/08/2014 15:14:00] Account Manager has logged out.
[02/08/2014 15:14:01] Account Manager has logged out.
[02/08/2014 15:14:21] Pally Oz Piint has logged out.
[02/08/2014 15:14:39] [Hoster] Jean has logged in.
[02/08/2014 15:14:48] Account Manager has logged in.
[02/08/2014 15:15:06] Account Manager has logged out.
[02/08/2014 15:15:24] Account Manager has logged in.
[02/08/2014 15:15:24] Account Manager has logged out.
[02/08/2014 15:15:32] Account Manager has logged in.
[02/08/2014 15:15:36] Mc Magrinho has logged out.
[02/08/2014 15:15:38] Mc Magrinho has logged in.
[02/08/2014 15:16:04] Account Manager has logged out.
[02/08/2014 15:16:45] Lucas Moura has logged in.
[02/08/2014 15:18:32] > Broadcasted message: "Para esclarecer algumas duvidas digite !notice, para mais informacoes fale com um [CM]".
[02/08/2014 15:19:31] Lucas Moura has logged out.
[02/08/2014 15:19:33] Lucas Moura has logged in.
[02/08/2014 15:21:51] > Broadcasted message: "Game map cleaning in 1 minute, please pick up all your items.".
[02/08/2014 15:22:22] > CLEAN: Removed 127 items from 228 tiles in 0.173 seconds.
[02/08/2014 15:22:22] > Broadcasted message: "Map Cleaned.".
[02/08/2014 15:23:09] Kina Of Death has logged out.
[02/08/2014 15:23:11] Kina Of Death has logged in.
[02/08/2014 15:24:22] Mc Magrinho has logged out.
[02/08/2014 15:24:25] Mc Magrinho has logged in.
[02/08/2014 15:25:13] > Broadcasted message: "Para comprar bless digite !bless".
[02/08/2014 15:27:45] Lucas Moura has logged out.
[02/08/2014 15:27:58] Kina Of Death has logged out.
[02/08/2014 15:28:00] Kina Of Death has logged in.
[02/08/2014 15:28:33] Mc Magrinho has logged out.
[02/08/2014 15:28:35] Mc Magrinho has logged in.
[02/08/2014 15:28:41] Lucas Moura has logged in.
[02/08/2014 15:29:26] Mc Magrinho has logged out.
[02/08/2014 15:29:28] Mc Magrinho has logged in.
[02/08/2014 15:31:54] > Broadcasted message: "Sempre Ao Criar Uma Conta, Pegue A RK Dela No Account Manager Da Conta E Anote, Nunca Passe A Sua Senha Para Outras Pessoas, E Ao Entrar Em Outros OT´s Crie Contas Diferentes Para Não Sofrer HACKED, Não Me Responsabilizo Por Perdas, Obrigado".
[02/08/2014 15:32:15] [Hoster] Jean has logged out.
[02/08/2014 15:32:16] Demonic Striker has logged in.
[02/08/2014 15:33:14] Demonic Striker has logged out.
[02/08/2014 15:33:16] [Hoster] Jean has logged in.
[02/08/2014 15:35:45] Mc Magrinho has logged out.
[02/08/2014 15:35:48] Mc Magrinho has logged in.
[02/08/2014 15:37:33] Lucas Moura has logged out.
[02/08/2014 15:37:37] Lucas Moura has logged in.
[02/08/2014 15:38:32] > Broadcasted message: "Game map cleaning in 1 minute, please pick up all your items.".
[02/08/2014 15:38:35] > Broadcasted message: "Para ver a lista de proximos tutores digite !tutores.".
[02/08/2014 15:38:36] > Saving server...
[02/08/2014 15:38:39] > SAVE: Complete in 2.045 seconds using relational house storage.
[02/08/2014 15:38:49] Kina Of Death has logged out.
[02/08/2014 15:38:50] Kina Of Death has logged in.
[02/08/2014 15:39:03] > CLEAN: Removed 197 items from 399 tiles in 0.181 seconds.
[02/08/2014 15:39:03] > Broadcasted message: "Map Cleaned.".
[02/08/2014 15:39:34] Kina Of Death has logged out.
[02/08/2014 15:39:35] Kina Of Death has logged in.
[02/08/2014 15:40:11] Kina Of Death has logged out.
[02/08/2014 15:40:13] Kina Of Death has logged in.
[02/08/2014 15:40:20] Lucas Moura has logged out.
[02/08/2014 15:40:26] Lucas Moura has logged in.
[02/08/2014 15:40:35] Kina Of Death has logged out.
[02/08/2014 15:40:37] Kina Of Death has logged in.
[02/08/2014 15:40:41] Mc Magrinho has logged out.
[02/08/2014 15:40:44] Mc Magrinho has logged in.
[02/08/2014 15:41:08] Kina Of Death has logged out.
[02/08/2014 15:41:13] Kina Of Death has logged in.
[02/08/2014 15:41:35] Kina Of Death has logged out.
[02/08/2014 15:41:36] Lucas Moura has logged out.
[02/08/2014 15:41:37] Kina Of Death has logged in.
[02/08/2014 15:41:44] Lucas Moura has logged in.
[02/08/2014 15:42:54] Mc Magrinho has logged out.
[02/08/2014 15:42:57] Lucas Moura has logged out.
[02/08/2014 15:42:57] Mc Magrinho has logged in.
[02/08/2014 15:42:59] Account Manager has logged in.
[02/08/2014 15:43:35] Account Manager has logged out.
[02/08/2014 15:43:43] Lucas Moura has logged in.
[02/08/2014 15:43:49] Lucas Moura has logged out.
[02/08/2014 15:43:50] Street League has logged in.
[02/08/2014 15:45:16] > Broadcasted message: "Para ver a lista de proximos tutores digite !tutores.".
[02/08/2014 15:48:59] Kina Of Death has logged out.
[02/08/2014 15:49:00] Account Manager has logged in.
[02/08/2014 15:49:30] Account Manager has logged out.
[02/08/2014 15:49:37] Epic Exori has logged in.
[02/08/2014 15:49:45] Epic Exori has logged out.
[02/08/2014 15:49:46] Kina Of Death has logged in.
[02/08/2014 15:50:00] Kina Of Death has logged out.
[02/08/2014 15:50:01] Epic Exori has logged in.
[02/08/2014 15:50:40] Epic Exori has logged out.
[02/08/2014 15:50:42] Epic Exori has logged in.
[02/08/2014 15:51:57] > Broadcasted message: "Para ver as noticias fale !notice".
[02/08/2014 15:55:13] > Broadcasted message: "Game map cleaning in 1 minute, please pick up all your items.".
[02/08/2014 15:55:43] > CLEAN: Removed 209 items from 461 tiles in 0.186 seconds.
[02/08/2014 15:55:44] > Broadcasted message: "Map Cleaned.".
[02/08/2014 15:58:38] > Broadcasted message: "Para esclarecer algumas duvidas digite !notice, para mais informacoes fale com um [CM]".
[02/08/2014 15:59:32] Epic Exori has logged out.
[02/08/2014 15:59:33] Epic Exori has logged in.
[02/08/2014 16:05:19] > Broadcasted message: "Novo CLIENTE = http://www.4shared.com/rar/HI2-47p8ce/Death_PVP.html".
[02/08/2014 16:07:20] Street League has logged out.
[02/08/2014 16:09:16] Epic Exori has logged out.
[02/08/2014 16:11:54] > Broadcasted message: "Game map cleaning in 1 minute, please pick up all your items.".
[02/08/2014 16:11:57] > Saving server...
[02/08/2014 16:11:59] > SAVE: Complete in 1.614 seconds using relational house storage.
[02/08/2014 16:12:00] > Broadcasted message: "Para ver a lista de proximos tutores digite !tutores.".
[02/08/2014 16:12:24] > CLEAN: Removed 407 items from 768 tiles in 0.183 seconds.
[02/08/2014 16:12:25] > Broadcasted message: "Map Cleaned.".
[02/08/2014 16:12:41] Account Manager has logged in.
[02/08/2014 16:12:43] Account Manager has logged out.
[02/08/2014 16:12:44] Epic Exori has logged in.
[02/08/2014 16:16:24] > Saving server...
[02/08/2014 16:16:26] > SAVE: Complete in 1.714 seconds using relational house storage.
[02/08/2014 16:18:41] > Broadcasted message: "Para esclarecer algumas duvidas digite !notice, para mais informacoes fale com um [CM]".
[02/08/2014 16:24:38] Mc Magrinho has logged out.
[02/08/2014 16:24:40] Mc Magrinho has logged in.
[02/08/2014 16:25:22] > Broadcasted message: "Novo CLIENTE = http://www.4shared.com/rar/HI2-47p8ce/Death_PVP.html".
[02/08/2014 16:26:11] Mc Magrinho has logged out.
[02/08/2014 16:26:14] Mc Magrinho has logged in.
[02/08/2014 16:28:16] Mc Magrinho has logged out.
[02/08/2014 16:28:18] Mc Magrinho has logged in.
[02/08/2014 16:28:35] > Broadcasted message: "Game map cleaning in 1 minute, please pick up all your items.".
[02/08/2014 16:29:05] > CLEAN: Removed 481 items from 651 tiles in 0.198 seconds.
[02/08/2014 16:29:06] > Broadcasted message: "Map Cleaned.".
[02/08/2014 16:30:57] [Hoster] Jean has logged out.
[02/08/2014 16:31:05] > Saving server...
[02/08/2014 16:31:07] > SAVE: Complete in 1.513 seconds using relational house storage.
[02/08/2014 16:32:03] > Broadcasted message: "Novo CLIENTE = http://www.4shared.com/rar/HI2-47p8ce/Death_PVP.html".
[02/08/2014 16:38:44] > Broadcasted message: "Novo CLIENTE = http://www.4shared.com/rar/HI2-47p8ce/Death_PVP.html".
[02/08/2014 16:38:56] Mateus has logged in.
[02/08/2014 16:40:10] Mateus has logged out.
[02/08/2014 16:40:12] Account Manager has logged in.
[02/08/2014 16:40:37] Account Manager has logged out.
[02/08/2014 16:40:38] Account Manager has logged in.
[02/08/2014 16:41:00] Account Manager has logged out.
[02/08/2014 16:41:03] Account Manager has logged in.
[02/08/2014 16:41:14] Account Manager has logged out.
[02/08/2014 16:41:22] Jack Chaposo has logged in.
[02/08/2014 16:45:16] > Broadcasted message: "Game map cleaning in 1 minute, please pick up all your items.".
[02/08/2014 16:45:18] > Saving server...
[02/08/2014 16:45:21] > SAVE: Complete in 2.042 seconds using relational house storage.
[02/08/2014 16:45:25] > Broadcasted message: "Para duvidas, eventos, e futuramente compras E-mail/Msn -> deathpvp@live.com.".
[02/08/2014 16:45:47] > CLEAN: Removed 379 items from 495 tiles in 1.735 seconds.
[02/08/2014 16:45:49] > Broadcasted message: "Map Cleaned.".
[02/08/2014 16:48:24] Epic Exori has logged out.
[02/08/2014 16:48:25] Epic Exori has logged in.
[02/08/2014 16:48:45] Mc Magrinho has logged out.
[02/08/2014 16:48:47] Mc Magrinho has logged in.
[02/08/2014 16:50:41] Street League has logged in.
[02/08/2014 16:52:06] > Broadcasted message: "Novo CLIENTE = http://www.4shared.com/rar/HI2-47p8ce/Death_PVP.html".
[02/08/2014 16:52:46] Jack Chaposo has logged out.
[02/08/2014 16:52:48] Jack Chaposo has logged in.
[02/08/2014 16:54:46] Mc Magrinho has logged out.
[02/08/2014 16:54:49] Mc Magrinho has logged in.
[02/08/2014 16:58:47] > Broadcasted message: "Para ver a lista de proximos tutores digite !tutores.".
[02/08/2014 16:58:51] Account Manager has logged in.
[02/08/2014 16:59:09] Account Manager has logged out.
[02/08/2014 16:59:20] Account Manager has logged in.
[02/08/2014 17:00:00] Account Manager has logged out.
[02/08/2014 17:00:16] Nathangostosao has logged in.
[02/08/2014 17:00:18] Jack Chaposo has logged out.
[02/08/2014 17:00:21] Account Manager has logged in.
[02/08/2014 17:00:43] Account Manager has logged out.
[02/08/2014 17:00:50] Account Manager has logged in.
[02/08/2014 17:01:02] Account Manager has logged out.
[02/08/2014 17:01:03] Nathangostosao has logged out.
[02/08/2014 17:01:05] Nathangostosao has logged in.
[02/08/2014 17:01:08] Mc Magrinho has logged out.
[02/08/2014 17:01:09] Jack Violeiro has logged in.
[02/08/2014 17:01:12] Mc Magrinho has logged in.
[02/08/2014 17:01:44] Mc Magrinho has logged out.
[02/08/2014 17:01:57] > Broadcasted message: "Game map cleaning in 1 minute, please pick up all your items.".
[02/08/2014 17:02:10] Mateus has logged in.
[02/08/2014 17:02:27] > CLEAN: Removed 160 items from 353 tiles in 1.576 seconds.
[02/08/2014 17:02:29] > Broadcasted message: "Map Cleaned.".
[02/08/2014 17:02:33] Mateus has logged out.
[02/08/2014 17:02:34] Jack Chaposo has logged in.
[02/08/2014 17:05:13] Jack Chaposo has logged out.
[02/08/2014 17:05:15] Jack Chaposo has logged in.
[02/08/2014 17:05:25] Jack Chaposo has logged out.
[02/08/2014 17:05:28] > Broadcasted message: "Para duvidas, eventos, e futuramente compras E-mail/Msn -> deathpvp@live.com.".
[02/08/2014 17:05:34] Jack Chaposo has logged in.
[02/08/2014 17:07:41] Jack Chaposo has logged out.
[02/08/2014 17:07:44] Mateus has logged in.
[02/08/2014 17:07:53] > Saving server...
[02/08/2014 17:07:57] > SAVE: Complete in 2.636 seconds using relational house storage.
[02/08/2014 17:07:58] Mateus has logged out.
[02/08/2014 17:07:59] Jack Chaposo has logged in.
[02/08/2014 17:09:24] Jack Chaposo has logged out.
[02/08/2014 17:09:37] Jack Chaposo has logged in.
[02/08/2014 17:09:59] Jack Chaposo has logged out.
[02/08/2014 17:10:04] Jack Chaposo has logged in.
[02/08/2014 17:10:29] Jack Chaposo has logged out.
[02/08/2014 17:10:39] Jack Chaposo has logged in.
[02/08/2014 17:10:51] Street League has logged out.
[02/08/2014 17:10:55] Jack Chaposo has logged out.
[02/08/2014 17:10:58] Jack Chaposo has logged in.
[02/08/2014 17:11:12] Jack Chaposo has logged out.
[02/08/2014 17:11:16] Jack Chaposo has logged in.
[02/08/2014 17:11:31] Jack Chaposo has logged out.
[02/08/2014 17:11:37] Jack Chaposo has logged in.
[02/08/2014 17:11:39] Jack Chaposo has logged out.
[02/08/2014 17:12:09] > Broadcasted message: "Para ver a lista de proximos tutores digite !tutores.".
[02/08/2014 17:13:36] Jack Violeiro has logged out.
[02/08/2014 17:13:37] Jack Violeiro has logged in.
[02/08/2014 17:14:49] Epic Exori has logged out.
[02/08/2014 17:15:07] Nathangostosao has logged out.
[02/08/2014 17:15:30] Epic Exori has logged in.
[02/08/2014 17:16:59] Nathangostosao has logged in.
[02/08/2014 17:18:14] Epic Exori has logged out.
[02/08/2014 17:18:38] > Broadcasted message: "Game map cleaning in 1 minute, please pick up all your items.".
[02/08/2014 17:18:39] > Saving server...
[02/08/2014 17:18:41] > SAVE: Complete in 1.42 seconds using relational house storage.
[02/08/2014 17:18:48] Epic Exori has logged in.
[02/08/2014 17:18:51] > Broadcasted message: "Novo CLIENTE = http://www.4shared.com/rar/HI2-47p8ce/Death_PVP.html".
[02/08/2014 17:19:08] > CLEAN: Removed 117 items from 130 tiles in 0.187 seconds.
[02/08/2014 17:19:08] > Broadcasted message: "Map Cleaned.".
[02/08/2014 17:20:56] Epic Exori has logged out.
[02/08/2014 17:22:03] Epic Exori has logged in.
[02/08/2014 17:25:32] > Broadcasted message: "Para comprar bless digite !bless".
[02/08/2014 17:26:37] Mc Magrinho has logged in.
[02/08/2014 17:27:01] Account Manager has logged in.
[02/08/2014 17:27:42] Account Manager has logged out.
[02/08/2014 17:27:51] Account Manager has logged in.
[02/08/2014 17:28:12] Account Manager has logged out.
[02/08/2014 17:28:25] Mc Magrinho has logged out.
[02/08/2014 17:28:27] Mc Magrinho has logged in.
[02/08/2014 17:28:54] Mc Magrinho has logged out.
[02/08/2014 17:28:56] Mc Magrinho has logged in.
[02/08/2014 17:29:14] Gabriel has logged in.
[02/08/2014 17:30:57] Gabriel has logged out.
[02/08/2014 17:30:59] Account Manager has logged in.
[02/08/2014 17:31:21] Mc Magrinho has logged out.
[02/08/2014 17:31:28] Account Manager has logged out.
[02/08/2014 17:31:37] Gabriel F has logged in.
[02/08/2014 17:32:13] > Broadcasted message: "Para ver as noticias fale !notice".
[02/08/2014 17:32:44] Gabriel F has logged out.
[02/08/2014 17:32:47] Gabriel F has logged in.
[02/08/2014 17:33:20] Gabriel F has logged out.
[02/08/2014 17:33:23] Account Manager has logged in.
[02/08/2014 17:33:52] Account Manager has logged out.
[02/08/2014 17:34:00] The Magician has logged in.
[02/08/2014 17:35:15] The Magician has logged out.
[02/08/2014 17:35:18] Gabriel has logged in.
[02/08/2014 17:35:19] > Broadcasted message: "Game map cleaning in 1 minute, please pick up all your items.".
[02/08/2014 17:35:50] > CLEAN: Removed 246 items from 318 tiles in 0.203 seconds.
[02/08/2014 17:35:50] > Broadcasted message: "Map Cleaned.".
[02/08/2014 17:36:39] Jack Violeiro has logged out.
[02/08/2014 17:36:46] Mateus has logged in.
[02/08/2014 17:37:21] Gabriel has logged out.
[02/08/2014 17:37:23] The Magician has logged in.
[02/08/2014 17:38:13] The Magician has logged out.
[02/08/2014 17:38:20] 
[02/08/2014 17:38:20] Lua Script Error: [TalkAction Interface] 
[02/08/2014 17:38:20] data/talkactions/scripts/teleporthere.lua:onSay
[02/08/2014 17:38:21] 
[02/08/2014 17:38:21] luaGetClosestFreeTile(). Creature not found
[02/08/2014 17:38:54] > Broadcasted message: "Para ver a lista de proximos tutores digite !tutores.".
[02/08/2014 17:39:25] GM Gabriel has logged in.
[02/08/2014 17:40:12] Mc Magrinho has logged in.
[02/08/2014 17:40:26] Mc Magrinho has logged out.
[02/08/2014 17:40:28] Account Manager has logged in.
[02/08/2014 17:41:31] Account Manager has logged out.
[02/08/2014 17:41:41] Macabro has logged in.
[02/08/2014 17:42:06] GM Gabriel has logged out.
[02/08/2014 17:42:09] The Magician has logged in.
[02/08/2014 17:42:46] Macabro has logged out.
[02/08/2014 17:43:02] GM Macabro has logged in.
[02/08/2014 17:45:02] GM Macabro has logged out.
[02/08/2014 17:45:35] > Broadcasted message: "Para ver a lista de proximos tutores digite !tutores.".
[02/08/2014 17:45:38] Mateus has logged out.
[02/08/2014 17:46:50] The Magician has logged out.
[02/08/2014 17:46:59] The Magician has logged in.
[02/08/2014 17:48:17] The Magician has logged out.
[02/08/2014 17:48:26] The Magician has logged in.
[02/08/2014 17:48:54] Nathangostosao has logged out.
[02/08/2014 17:49:00] Nathangostosao has logged in.
[02/08/2014 17:51:54] The Magician has logged out.
[02/08/2014 17:52:00] > Broadcasted message: "Game map cleaning in 1 minute, please pick up all your items.".
[02/08/2014 17:52:01] > Saving server...
[02/08/2014 17:52:02] > SAVE: Complete in 1.427 seconds using relational house storage.
[02/08/2014 17:52:03] The Magician has logged in.
[02/08/2014 17:52:16] > Broadcasted message: "Para comprar bless digite !bless".
[02/08/2014 17:52:31] > CLEAN: Removed 186 items from 417 tiles in 0.192 seconds.
[02/08/2014 17:52:31] > Broadcasted message: "Map Cleaned.".
[02/08/2014 17:55:41] The Magician has logged out.
[02/08/2014 17:55:49] The Magician has logged in.
[02/08/2014 17:56:16] Epic Exori has logged out.
[02/08/2014 17:56:37] The Magician has logged out.
[02/08/2014 17:58:57] > Broadcasted message: "Para esclarecer algumas duvidas digite !notice, para mais informacoes fale com um [CM]".
[02/08/2014 18:05:38] > Broadcasted message: "Para comprar bless digite !bless".
[02/08/2014 18:08:35] Account Manager has logged in.
[02/08/2014 18:08:41] > Broadcasted message: "Game map cleaning in 1 minute, please pick up all your items.".
[02/08/2014 18:09:03] Account Manager has logged out.
[02/08/2014 18:09:12] > CLEAN: Removed 4 items from 13 tiles in 0.172 seconds.
[02/08/2014 18:09:12] > Broadcasted message: "Map Cleaned.".
[02/08/2014 18:09:12] Account Manager has logged in.
[02/08/2014 18:09:36] Account Manager has logged out.
[02/08/2014 18:10:43] Account Manager has logged in.
[02/08/2014 18:11:08] Account Manager has logged out.
[02/08/2014 18:12:19] > Broadcasted message: "Ot on das 07:00 as 00:00".
[02/08/2014 18:12:31] Nathangostosao has logged out.
[02/08/2014 18:13:45] Account Manager has logged in.
[02/08/2014 18:13:46] Nathangostosao has logged in.
[02/08/2014 18:13:46] Account Manager has logged out.
[02/08/2014 18:16:46] Epic Exori has logged in.
[02/08/2014 18:16:46] Demon Sky has logged in.
[02/08/2014 18:16:48] Demon Sky has logged out.
[02/08/2014 18:18:04] Demon Sky has logged in.
[02/08/2014 18:18:06] Demon Sky has logged out.
[02/08/2014 18:19:00] > Broadcasted message: "Para comprar bless digite !bless".
[02/08/2014 18:20:16] Demon Sky has logged in.
[02/08/2014 18:21:12] Demon Sky has logged out.
[02/08/2014 18:23:09] Demon Sky has logged in.
[02/08/2014 18:23:16] Demon Sky has logged out.
[02/08/2014 18:25:21] > Saving server...
[02/08/2014 18:25:22] > SAVE: Complete in 1.345 seconds using relational house storage.
[02/08/2014 18:25:22] > Broadcasted message: "Game map cleaning in 1 minute, please pick up all your items.".
[02/08/2014 18:25:41] > Broadcasted message: "Para duvidas, eventos, e futuramente compras E-mail/Msn -> deathpvp@live.com.".
[02/08/2014 18:25:53] > CLEAN: Removed 0 items from 2 tiles in 0.212 seconds.
[02/08/2014 18:25:53] > Broadcasted message: "Map Cleaned.".
[02/08/2014 18:27:20] Demon Sky has logged in.
[02/08/2014 18:27:39] Demon Sky has logged out.
[02/08/2014 18:29:53] Nathangostosao has logged out.
[02/08/2014 18:32:22] > Broadcasted message: "Para duvidas, eventos, e futuramente compras E-mail/Msn -> deathpvp@live.com.".
[02/08/2014 18:37:46] Account Manager has logged in.
[02/08/2014 18:37:48] Account Manager has logged out.
[02/08/2014 18:38:17] Nathangostosao has logged in.
[02/08/2014 18:38:18] Jack Violeiro has logged in.
[02/08/2014 18:39:03] > Broadcasted message: "Novo CLIENTE = http://www.4shared.com/rar/HI2-47p8ce/Death_PVP.html".
[02/08/2014 18:42:03] > Broadcasted message: "Game map cleaning in 1 minute, please pick up all your items.".
[02/08/2014 18:42:33] > CLEAN: Removed 74 items from 107 tiles in 0.176 seconds.
[02/08/2014 18:42:34] > Broadcasted message: "Map Cleaned.".
[02/08/2014 18:45:25] GM Macabro has logged in.
[02/08/2014 18:45:38] GM Macabro has logged out.
[02/08/2014 18:45:39] Mc Magrinho has logged in.
[02/08/2014 18:45:44] > Broadcasted message: "Para ver a lista de proximos tutores digite !tutores.".
[02/08/2014 18:47:29] Epic Exori has logged out.
[02/08/2014 18:47:30] Epic Exori has logged in.
[02/08/2014 18:51:17] Epic Exori has logged out.
[02/08/2014 18:51:19] Epic Exori has logged in.
[02/08/2014 18:52:25] > Broadcasted message: "Para duvidas, eventos, e futuramente compras E-mail/Msn -> deathpvp@live.com.".
[02/08/2014 18:54:22] Nathangostosao has logged out.
[02/08/2014 18:54:29] Nathangostosao has logged in.
[02/08/2014 18:56:31] Mc Magrinho has logged out.
[02/08/2014 18:56:35] Mc Magrinho has logged in.
[02/08/2014 18:58:42] > Saving server...
[02/08/2014 18:58:44] > SAVE: Complete in 1.808 seconds using relational house storage.
[02/08/2014 18:58:45] > Broadcasted message: "Game map cleaning in 1 minute, please pick up all your items.".
[02/08/2014 18:59:06] > Broadcasted message: "Para duvidas, eventos, e futuramente compras E-mail/Msn -> deathpvp@live.com.".
[02/08/2014 18:59:10] Mateus has logged in.
[02/08/2014 18:59:15] > CLEAN: Removed 350 items from 391 tiles in 0.743 seconds.
[02/08/2014 18:59:16] > Broadcasted message: "Map Cleaned.".
[02/08/2014 19:01:57] Mateus has logged out.
[02/08/2014 19:01:59] Jack Chaposo has logged in.
[02/08/2014 19:05:35] Jack Violeiro has logged out.
[02/08/2014 19:05:47] > Broadcasted message: "Novo CLIENTE = http://www.4shared.com/rar/HI2-47p8ce/Death_PVP.html".
[02/08/2014 19:07:02] Jack Chaposo has logged out.
[02/08/2014 19:07:11] Jack Violeiro has logged in.
[02/08/2014 19:09:31] Mc Magrinho has logged out.
[02/08/2014 19:09:32] Mc Magrinho has logged in.
[02/08/2014 19:10:41] Nathangostosao has logged out.
[02/08/2014 19:10:48] Nathangostosao has logged in.
[02/08/2014 19:12:28] > Broadcasted message: "Sempre Ao Criar Uma Conta, Pegue A RK Dela No Account Manager Da Conta E Anote, Nunca Passe A Sua Senha Para Outras Pessoas, E Ao Entrar Em Outros OT´s Crie Contas Diferentes Para Não Sofrer HACKED, Não Me Responsabilizo Por Perdas, Obrigado".
[02/08/2014 19:15:26] > Broadcasted message: "Game map cleaning in 1 minute, please pick up all your items.".
[02/08/2014 19:15:57] > CLEAN: Removed 609 items from 777 tiles in 0.229 seconds.
[02/08/2014 19:15:57] > Broadcasted message: "Map Cleaned.".
[02/08/2014 19:19:09] > Broadcasted message: "Novo CLIENTE = http://www.4shared.com/rar/HI2-47p8ce/Death_PVP.html".
[02/08/2014 19:25:50] > Broadcasted message: "Para comprar bless digite !bless".
[02/08/2014 19:26:53] Nathangostosao has logged out.
[02/08/2014 19:26:56] Nathangostosao has logged in.
[02/08/2014 19:29:25] Demon Sky has logged in.
[02/08/2014 19:29:36] Demon Sky has logged out.
[02/08/2014 19:30:02] Demon Sky has logged in.
[02/08/2014 19:30:26] Demon Sky has logged out.
[02/08/2014 19:31:13] Demon Sky has logged in.
[02/08/2014 19:31:49] Demon Sky has logged out.
[02/08/2014 19:32:03] > Saving server...
[02/08/2014 19:32:05] > SAVE: Complete in 1.777 seconds using relational house storage.
[02/08/2014 19:32:07] > Broadcasted message: "Game map cleaning in 1 minute, please pick up all your items.".
[02/08/2014 19:32:15] Demon Sky has logged in.
[02/08/2014 19:32:31] > Broadcasted message: "Para duvidas, eventos, e futuramente compras E-mail/Msn -> deathpvp@live.com.".
[02/08/2014 19:32:38] > CLEAN: Removed 1858 items from 1354 tiles in 0.253 seconds.
[02/08/2014 19:32:38] > Broadcasted message: "Map Cleaned.".
[02/08/2014 19:39:12] > Broadcasted message: "Novo CLIENTE = http://www.4shared.com/rar/HI2-47p8ce/Death_PVP.html".
[02/08/2014 19:43:04] Nathangostosao has logged out.
[02/08/2014 19:43:09] Nathangostosao has logged in.
[02/08/2014 19:45:53] > Broadcasted message: "Sempre Ao Criar Uma Conta, Pegue A RK Dela No Account Manager Da Conta E Anote, Nunca Passe A Sua Senha Para Outras Pessoas, E Ao Entrar Em Outros OT´s Crie Contas Diferentes Para Não Sofrer HACKED, Não Me Responsabilizo Por Perdas, Obrigado".
[02/08/2014 19:48:48] > Broadcasted message: "Game map cleaning in 1 minute, please pick up all your items.".
[02/08/2014 19:49:18] > CLEAN: Removed 2434 items from 1584 tiles in 0.261 seconds.
[02/08/2014 19:49:18] > Broadcasted message: "Map Cleaned.".
[02/08/2014 19:49:41] Demon Sky has logged out.
[02/08/2014 19:52:34] > Broadcasted message: "Para esclarecer algumas duvidas digite !notice, para mais informacoes fale com um [CM]".
[02/08/2014 19:56:03] Mc Magrinho has logged out.
[02/08/2014 19:56:06] Mc Magrinho has logged in.
[02/08/2014 19:56:18] Jack Violeiro has logged out.
[02/08/2014 19:56:20] Jack Violeiro has logged in.
[02/08/2014 19:59:15] Nathangostosao has logged out.
[02/08/2014 19:59:15] > Broadcasted message: "Novo CLIENTE = http://www.4shared.com/rar/HI2-47p8ce/Death_PVP.html".
[02/08/2014 19:59:16] Nathangostosao has logged in.
[02/08/2014 20:02:00] Nathangostosao has logged out.
[02/08/2014 20:02:02] Nathangostosao has logged in.
[02/08/2014 20:05:24] > Saving server...
[02/08/2014 20:05:26] > SAVE: Complete in 1.874 seconds using relational house storage.
[02/08/2014 20:05:29] > Broadcasted message: "Game map cleaning in 1 minute, please pick up all your items.".
[02/08/2014 20:05:56] > Broadcasted message: "Sempre Ao Criar Uma Conta, Pegue A RK Dela No Account Manager Da Conta E Anote, Nunca Passe A Sua Senha Para Outras Pessoas, E Ao Entrar Em Outros OT´s Crie Contas Diferentes Para Não Sofrer HACKED, Não Me Responsabilizo Por Perdas, Obrigado".
[02/08/2014 20:05:59] > CLEAN: Removed 1957 items from 1670 tiles in 0.236 seconds.
[02/08/2014 20:06:00] > Broadcasted message: "Map Cleaned.".
[02/08/2014 20:06:35] Epic Exori has logged out.
[02/08/2014 20:06:36] Epic Exori has logged in.
[02/08/2014 20:08:26] Mc Magrinho has logged out.
[02/08/2014 20:08:28] Mc Magrinho has logged in.
[02/08/2014 20:08:38] Epic Exori has logged out.
[02/08/2014 20:08:54] Epic Exori has logged in.
[02/08/2014 20:09:04] Epic Exori has logged out.
[02/08/2014 20:09:11] Account Manager has logged in.
[02/08/2014 20:09:13] Account Manager has logged out.
[02/08/2014 20:09:17] Epic Exori has logged in.
[02/08/2014 20:09:22] Epic Exori has logged out.
[02/08/2014 20:09:40] Epic Exori has logged in.
[02/08/2014 20:10:29] Epic Exori has logged out.
[02/08/2014 20:10:41] Epic Exori has logged in.
[02/08/2014 20:12:37] > Broadcasted message: "Sempre Ao Criar Uma Conta, Pegue A RK Dela No Account Manager Da Conta E Anote, Nunca Passe A Sua Senha Para Outras Pessoas, E Ao Entrar Em Outros OT´s Crie Contas Diferentes Para Não Sofrer HACKED, Não Me Responsabilizo Por Perdas, Obrigado".
[02/08/2014 20:19:18] > Broadcasted message: "Sempre Ao Criar Uma Conta, Pegue A RK Dela No Account Manager Da Conta E Anote, Nunca Passe A Sua Senha Para Outras Pessoas, E Ao Entrar Em Outros OT´s Crie Contas Diferentes Para Não Sofrer HACKED, Não Me Responsabilizo Por Perdas, Obrigado".
[02/08/2014 20:22:10] > Broadcasted message: "Game map cleaning in 1 minute, please pick up all your items.".
[02/08/2014 20:22:40] > CLEAN: Removed 752 items from 944 tiles in 0.18 seconds.
[02/08/2014 20:22:40] > Broadcasted message: "Map Cleaned.".
[02/08/2014 20:25:59] > Broadcasted message: "Para ver as noticias fale !notice".
[02/08/2014 20:31:17] Mc Magrinho has logged out.
[02/08/2014 20:31:19] Mc Magrinho has logged in.
[02/08/2014 20:32:40] > Broadcasted message: "Para esclarecer algumas duvidas digite !notice, para mais informacoes fale com um [CM]".
[02/08/2014 20:38:45] > Saving server...
[02/08/2014 20:38:47] > SAVE: Complete in 1.818 seconds using relational house storage.
[02/08/2014 20:38:51] > Broadcasted message: "Game map cleaning in 1 minute, please pick up all your items.".
[02/08/2014 20:39:21] > Broadcasted message: "Sempre Ao Criar Uma Conta, Pegue A RK Dela No Account Manager Da Conta E Anote, Nunca Passe A Sua Senha Para Outras Pessoas, E Ao Entrar Em Outros OT´s Crie Contas Diferentes Para Não Sofrer HACKED, Não Me Responsabilizo Por Perdas, Obrigado".
[02/08/2014 20:39:22] > CLEAN: Removed 1662 items from 1631 tiles in 0.221 seconds.
[02/08/2014 20:39:22] > Broadcasted message: "Map Cleaned.".
[02/08/2014 20:44:31] Jack Violeiro has logged out.
[02/08/2014 20:44:32] Jack Violeiro has logged in.
[02/08/2014 20:46:02] > Broadcasted message: "Para ver a lista de proximos tutores digite !tutores.".
[02/08/2014 20:52:43] > Broadcasted message: "Para ver as noticias fale !notice".
[02/08/2014 20:53:10] Jack Violeiro has logged out.
[02/08/2014 20:53:11] Jack Violeiro has logged in.
[02/08/2014 20:55:32] > Broadcasted message: "Game map cleaning in 1 minute, please pick up all your items.".
[02/08/2014 20:56:02] > CLEAN: Removed 1111 items from 1274 tiles in 0.211 seconds.
[02/08/2014 20:56:03] > Broadcasted message: "Map Cleaned.".
[02/08/2014 20:57:14] Mc Magrinho has logged out.
[02/08/2014 20:57:40] GM Macabro has logged in.
[02/08/2014 20:59:24] > Broadcasted message: "Para esclarecer algumas duvidas digite !notice, para mais informacoes fale com um [CM]".
[02/08/2014 21:00:21] GM Macabro has logged out.
[02/08/2014 21:00:23] Mc Magrinho has logged in.
[02/08/2014 21:03:38] Mc Magrinho has logged out.
[02/08/2014 21:03:41] Mc Magrinho has logged in.
[02/08/2014 21:03:44] Jack Violeiro has logged out.
[02/08/2014 21:03:45] Jack Violeiro has logged in.
[02/08/2014 21:04:55] Mc Magrinho has logged out.
[02/08/2014 21:04:58] Mc Magrinho has logged in.
[02/08/2014 21:05:01] Jack Violeiro has logged out.
[02/08/2014 21:05:02] Jack Violeiro has logged in.
[02/08/2014 21:06:02] Mc Magrinho has logged out.
[02/08/2014 21:06:04] Mc Magrinho has logged in.
[02/08/2014 21:06:05] > Broadcasted message: "Novo CLIENTE = http://www.4shared.com/rar/HI2-47p8ce/Death_PVP.html".
[02/08/2014 21:08:12] Nathangostosao has logged out.
[02/08/2014 21:08:18] Nathangostosao has logged in.
[02/08/2014 21:12:06] > Saving server...
[02/08/2014 21:12:08] > SAVE: Complete in 1.923 seconds using relational house storage.
[02/08/2014 21:12:13] > Broadcasted message: "Game map cleaning in 1 minute, please pick up all your items.".
[02/08/2014 21:12:43] > CLEAN: Removed 1569 items from 2547 tiles in 0.238 seconds.
[02/08/2014 21:12:44] > Broadcasted message: "Map Cleaned.".
[02/08/2014 21:12:46] > Broadcasted message: "Para ver as noticias fale !notice".
[02/08/2014 21:13:30] Mc Magrinho has logged out.
[02/08/2014 21:13:32] Mc Magrinho has logged in.
[02/08/2014 21:19:27] > Broadcasted message: "Para ver a lista de proximos tutores digite !tutores.".
[02/08/2014 21:26:08] > Broadcasted message: "Ot on das 07:00 as 00:00".
[02/08/2014 21:28:54] > Broadcasted message: "Game map cleaning in 1 minute, please pick up all your items.".
[02/08/2014 21:29:25] > CLEAN: Removed 2387 items from 1627 tiles in 0.218 seconds.
[02/08/2014 21:29:25] > Broadcasted message: "Map Cleaned.".
[02/08/2014 21:31:07] Mc Magrinho has logged out.
[02/08/2014 21:31:09] Jack Violeiro has logged out.
[02/08/2014 21:31:10] Mc Magrinho has logged in.
[02/08/2014 21:31:10] Jack Violeiro has logged in.
[02/08/2014 21:31:11] Account Manager has logged in.
[02/08/2014 21:31:50] Nathangostosao has logged out.
[02/08/2014 21:31:52] Nathangostosao has logged in.
[02/08/2014 21:32:16] Account Manager has logged out.
[02/08/2014 21:32:18] Account Manager has logged in.
[02/08/2014 21:32:25] Account Manager has logged out.
[02/08/2014 21:32:38] Account Manager has logged in.
[02/08/2014 21:32:49] > Broadcasted message: "Sempre Ao Criar Uma Conta, Pegue A RK Dela No Account Manager Da Conta E Anote, Nunca Passe A Sua Senha Para Outras Pessoas, E Ao Entrar Em Outros OT´s Crie Contas Diferentes Para Não Sofrer HACKED, Não Me Responsabilizo Por Perdas, Obrigado".
[02/08/2014 21:33:52] Nathangostosao has logged out.
[02/08/2014 21:33:55] Nathangostosao has logged in.
[02/08/2014 21:34:16] Account Manager has logged out.
[02/08/2014 21:35:39] Account Manager has logged in.
[02/08/2014 21:35:43] Account Manager has logged out.
[02/08/2014 21:35:50] Bluehand has logged in.
[02/08/2014 21:38:32] > Broadcasted message: "New record: 6 players are logged in.".
[02/08/2014 21:38:32] Account Manager has logged in.
[02/08/2014 21:39:15] Account Manager has logged out.
[02/08/2014 21:39:20] Account Manager has logged in.
[02/08/2014 21:39:30] > Broadcasted message: "Sempre Ao Criar Uma Conta, Pegue A RK Dela No Account Manager Da Conta E Anote, Nunca Passe A Sua Senha Para Outras Pessoas, E Ao Entrar Em Outros OT´s Crie Contas Diferentes Para Não Sofrer HACKED, Não Me Responsabilizo Por Perdas, Obrigado".
[02/08/2014 21:39:36] Account Manager has logged out.
[02/08/2014 21:39:41] Black Jose has logged in.
[02/08/2014 21:40:08] Black Jose has logged out.
[02/08/2014 21:40:17] Account Manager has logged in.
[02/08/2014 21:40:24] Account Manager has logged out.
[02/08/2014 21:40:28] Druid has logged in.
[02/08/2014 21:45:27] > Saving server...
[02/08/2014 21:45:29] > SAVE: Complete in 2.017 seconds using relational house storage.
[02/08/2014 21:45:35] > Broadcasted message: "Game map cleaning in 1 minute, please pick up all your items.".
[02/08/2014 21:46:05] > CLEAN: Removed 2214 items from 1437 tiles in 0.251 seconds.
[02/08/2014 21:46:06] > Broadcasted message: "Map Cleaned.".
[02/08/2014 21:46:11] > Broadcasted message: "Novo CLIENTE = http://www.4shared.com/rar/HI2-47p8ce/Death_PVP.html".
[02/08/2014 21:46:51] Druid has logged out.
[02/08/2014 21:46:52] Druid has logged in.
[02/08/2014 21:47:05] Jack Violeiro has logged out.
[02/08/2014 21:47:06] Mc Magrinho has logged out.
[02/08/2014 21:47:06] Jack Violeiro has logged in.
[02/08/2014 21:47:10] Mc Magrinho has logged in.
[02/08/2014 21:49:10] Nathangostosao has logged out.
[02/08/2014 21:49:13] Nathangostosao has logged in.
[02/08/2014 21:49:14] Nathangostosao has logged out.
[02/08/2014 21:49:14] Nathangostosao has logged in.
[02/08/2014 21:50:04] Druid has logged out.
[02/08/2014 21:50:05] Black Jose has logged in.
[02/08/2014 21:51:42] Nathangostosao has logged out.
[02/08/2014 21:51:45] Nathangostosao has logged in.
[02/08/2014 21:52:52] > Broadcasted message: "Para ver a lista de proximos tutores digite !tutores.".
[02/08/2014 21:54:00] Black Jose has logged out.
[02/08/2014 21:54:01] Black Jose has logged in.
[02/08/2014 21:55:36] Mc Magrinho has logged out.
[02/08/2014 21:55:38] Mc Magrinho has logged in.
[02/08/2014 21:56:51] > Broadcasted message: "New record: 7 players are logged in.".
[02/08/2014 21:56:51] Mateus has logged in.
[02/08/2014 21:59:33] > Broadcasted message: "Para ver a lista de proximos tutores digite !tutores.".
[02/08/2014 21:59:59] Mc Magrinho has logged out.
[02/08/2014 22:02:16] > Broadcasted message: "Game map cleaning in 1 minute, please pick up all your items.".
[02/08/2014 22:02:50] > CLEAN: Removed 2050 items from 1886 tiles in 0.545 seconds.
[02/08/2014 22:02:51] > Broadcasted message: "Map Cleaned.".
[02/08/2014 22:06:14] > Broadcasted message: "Ot on das 07:00 as 00:00".
[02/08/2014 22:06:24] Epic Exori has logged out.
[02/08/2014 22:06:26] Epic Exori has logged in.
[02/08/2014 22:06:38] Black Jose has logged out.
[02/08/2014 22:06:40] Black Jose has logged in.
[02/08/2014 22:10:17] Jack Violeiro has logged out.
[02/08/2014 22:10:18] Jack Violeiro has logged in.
[02/08/2014 22:11:57] Epic Exori has logged out.
[02/08/2014 22:11:58] Epic Exori has logged in.
[02/08/2014 22:12:55] > Broadcasted message: "Sempre Ao Criar Uma Conta, Pegue A RK Dela No Account Manager Da Conta E Anote, Nunca Passe A Sua Senha Para Outras Pessoas, E Ao Entrar Em Outros OT´s Crie Contas Diferentes Para Não Sofrer HACKED, Não Me Responsabilizo Por Perdas, Obrigado".
[02/08/2014 22:13:09] Epic Exori has logged out.
[02/08/2014 22:13:22] Epic Exori has logged in.
[02/08/2014 22:13:51] Epic Exori has logged out.
[02/08/2014 22:13:54] Epic Exori has logged in.
[02/08/2014 22:16:37] Black Jose has logged out.
[02/08/2014 22:16:39] Black Jose has logged in.
[02/08/2014 22:18:10] Jack Violeiro has logged out.
[02/08/2014 22:18:12] Jack Violeiro has logged in.
[02/08/2014 22:18:48] > Saving server...
[02/08/2014 22:18:50] > SAVE: Complete in 2.448 seconds using relational house storage.
[02/08/2014 22:18:57] > Broadcasted message: "Game map cleaning in 1 minute, please pick up all your items.".
[02/08/2014 22:19:29] > CLEAN: Removed 1158 items from 1282 tiles in 4.954 seconds.
[02/08/2014 22:19:35] > Broadcasted message: "Map Cleaned.".
[02/08/2014 22:19:36] > Broadcasted message: "Novo CLIENTE = http://www.4shared.com/rar/HI2-47p8ce/Death_PVP.html".
[02/08/2014 22:22:52] Mateus has logged out.
[02/08/2014 22:23:10] Bluehand has logged out.
[02/08/2014 22:23:16] Bluehand has logged in.
[02/08/2014 22:25:53] Epic Exori has logged out.
[02/08/2014 22:25:55] Epic Exori has logged in.
[02/08/2014 22:25:56] Epic Exori has logged out.
[02/08/2014 22:26:00] Pally Oz Piint has logged in.
[02/08/2014 22:26:17] > Broadcasted message: "Novo CLIENTE = http://www.4shared.com/rar/HI2-47p8ce/Death_PVP.html".
[02/08/2014 22:27:44] Black Jose has logged out.
[02/08/2014 22:27:46] Black Jose has logged in.
[02/08/2014 22:28:07] Jack Chaposo has logged in.
[02/08/2014 22:28:10] Jack Chaposo has logged out.
[02/08/2014 22:28:11] Mateus has logged in.
[02/08/2014 22:28:18] Black Jose has logged out.
[02/08/2014 22:28:19] Account Manager has logged in.
[02/08/2014 22:28:30] Account Manager has logged out.
[02/08/2014 22:28:34] Mateus has logged out.
[02/08/2014 22:28:53] Pally Oz Piint has logged out.
[02/08/2014 22:28:59] Epic Exori has logged in.
[02/08/2014 22:30:17] Bluehand has logged out.
[02/08/2014 22:30:22] Bluehand has logged in.
[02/08/2014 22:32:58] > Broadcasted message: "Para duvidas, eventos, e futuramente compras E-mail/Msn -> deathpvp@live.com.".
[02/08/2014 22:35:38] > Broadcasted message: "Game map cleaning in 1 minute, please pick up all your items.".
[02/08/2014 22:36:08] > CLEAN: Removed 1936 items from 1964 tiles in 0.243 seconds.
[02/08/2014 22:36:08] > Broadcasted message: "Map Cleaned.".
[02/08/2014 22:36:37] Jack Violeiro has logged out.
[02/08/2014 22:36:38] Jack Violeiro has logged in.
[02/08/2014 22:39:39] > Broadcasted message: "Para comprar bless digite !bless".
[02/08/2014 22:43:47] Nathangostosao has logged out.
[02/08/2014 22:43:51] Nathangostosao has logged in.
[02/08/2014 22:44:01] Mateus has logged in.
[02/08/2014 22:45:12] Jack Violeiro has logged out.
[02/08/2014 22:45:14] Jack Violeiro has logged in.
[02/08/2014 22:46:20] > Broadcasted message: "Novo CLIENTE = http://www.4shared.com/rar/HI2-47p8ce/Death_PVP.html".
[02/08/2014 22:47:12] Jack Violeiro has logged out.
[02/08/2014 22:47:14] Jack Violeiro has logged in.
[02/08/2014 22:49:41] Jack Violeiro has logged out.
[02/08/2014 22:49:44] Jack Violeiro has logged in.
[02/08/2014 22:50:33] Nathangostosao has logged out.
[02/08/2014 22:50:36] Nathangostosao has logged in.
[02/08/2014 22:50:39] Jack Violeiro has logged out.
[02/08/2014 22:50:41] Jack Violeiro has logged in.
[02/08/2014 22:51:17] Bluehand has logged out.
[02/08/2014 22:51:19] Nathangostosao has logged out.
[02/08/2014 22:51:23] Nathangostosao has logged in.
[02/08/2014 22:51:26] Mateus has logged out.
[02/08/2014 22:52:09] > Saving server...
[02/08/2014 22:52:11] > SAVE: Complete in 1.607 seconds using relational house storage.
[02/08/2014 22:52:17] Jack Violeiro has logged out.
[02/08/2014 22:52:18] Jack Violeiro has logged in.
[02/08/2014 22:52:19] > Broadcasted message: "Game map cleaning in 1 minute, please pick up all your items.".
[02/08/2014 22:52:50] > CLEAN: Removed 1209 items from 1180 tiles in 0.202 seconds.
[02/08/2014 22:52:50] > Broadcasted message: "Map Cleaned.".
[02/08/2014 22:53:01] > Broadcasted message: "Sempre Ao Criar Uma Conta, Pegue A RK Dela No Account Manager Da Conta E Anote, Nunca Passe A Sua Senha Para Outras Pessoas, E Ao Entrar Em Outros OT´s Crie Contas Diferentes Para Não Sofrer HACKED, Não Me Responsabilizo Por Perdas, Obrigado".
[02/08/2014 22:53:31] Jack Violeiro has logged out.
[02/08/2014 22:53:32] Jack Violeiro has logged in.
[02/08/2014 22:53:58] Nathangostosao has logged out.
[02/08/2014 22:54:00] Nathangostosao has logged in.
[02/08/2014 22:54:25] Jack Violeiro has logged out.
[02/08/2014 22:54:26] Jack Violeiro has logged in.
[02/08/2014 22:54:43] Epic Exori has logged out.
[02/08/2014 22:54:45] Epic Exori has logged in.
[02/08/2014 22:55:21] Jack Violeiro has logged out.
[02/08/2014 22:55:23] Jack Violeiro has logged in.
[02/08/2014 22:56:16] Nathangostosao has logged out.
[02/08/2014 22:56:19] Nathangostosao has logged in.
[02/08/2014 22:56:20] Jack Violeiro has logged out.
[02/08/2014 22:56:21] Jack Violeiro has logged in.
[02/08/2014 22:56:46] Nathangostosao has logged out.
[02/08/2014 22:56:49] Nathangostosao has logged in.
[02/08/2014 22:57:26] Nathangostosao has logged out.
[02/08/2014 22:57:29] Nathangostosao has logged in.
[02/08/2014 22:58:27] Nathangostosao has logged out.
[02/08/2014 22:58:29] Nathangostosao has logged in.
[02/08/2014 22:58:52] Nathangostosao has logged out.
[02/08/2014 22:58:54] Nathangostosao has logged in.
[02/08/2014 22:59:35] Nathangostosao has logged out.
[02/08/2014 22:59:36] Jack Violeiro has logged out.
[02/08/2014 22:59:42] Jack Violeiro has logged in.
[02/08/2014 22:59:42] > Broadcasted message: "Sempre Ao Criar Uma Conta, Pegue A RK Dela No Account Manager Da Conta E Anote, Nunca Passe A Sua Senha Para Outras Pessoas, E Ao Entrar Em Outros OT´s Crie Contas Diferentes Para Não Sofrer HACKED, Não Me Responsabilizo Por Perdas, Obrigado".
[02/08/2014 23:00:08] Nathangostosao has logged in.
[02/08/2014 23:03:30] Nathangostosao has logged out.
[02/08/2014 23:03:34] Nathangostosao has logged in.
[02/08/2014 23:04:48] Jack Violeiro has logged out.
[02/08/2014 23:04:50] Jack Violeiro has logged in.
[02/08/2014 23:05:18] Jack Violeiro has logged out.
[02/08/2014 23:05:19] Jack Violeiro has logged in.
[02/08/2014 23:06:09] Jack Violeiro has logged out.
[02/08/2014 23:06:10] Jack Violeiro has logged in.
[02/08/2014 23:06:22] Jack Violeiro has logged out.
[02/08/2014 23:06:23] Jack Violeiro has logged in.
[02/08/2014 23:06:23] > Broadcasted message: "Sempre Ao Criar Uma Conta, Pegue A RK Dela No Account Manager Da Conta E Anote, Nunca Passe A Sua Senha Para Outras Pessoas, E Ao Entrar Em Outros OT´s Crie Contas Diferentes Para Não Sofrer HACKED, Não Me Responsabilizo Por Perdas, Obrigado".
[02/08/2014 23:06:48] Jack Violeiro has logged out.
[02/08/2014 23:06:49] Jack Violeiro has logged in.
[02/08/2014 23:07:31] Nathangostosao has logged out.
[02/08/2014 23:07:33] Nathangostosao has logged in.
[02/08/2014 23:08:43] Jack Violeiro has logged out.
[02/08/2014 23:08:44] Jack Violeiro has logged in.
[02/08/2014 23:09:00] > Broadcasted message: "Game map cleaning in 1 minute, please pick up all your items.".
[02/08/2014 23:09:05] Jack Violeiro has logged out.
[02/08/2014 23:09:06] Jack Violeiro has logged in.
[02/08/2014 23:09:31] > CLEAN: Removed 22 items from 68 tiles in 1.81 seconds.
[02/08/2014 23:09:33] > Broadcasted message: "Map Cleaned.".
[02/08/2014 23:10:36] Jack Violeiro has logged out.
[02/08/2014 23:10:38] Jack Violeiro has logged in.
[02/08/2014 23:10:50] Jack Violeiro has logged out.
[02/08/2014 23:10:50] Jack Violeiro has logged in.
[02/08/2014 23:10:53] Jack Violeiro has logged out.
[02/08/2014 23:10:56] Jack Violeiro has logged in.
[02/08/2014 23:11:29] Nathangostosao has logged out.
[02/08/2014 23:11:31] Nathangostosao has logged in.
[02/08/2014 23:11:32] Jack Violeiro has logged out.
[02/08/2014 23:11:34] Jack Violeiro has logged in.
[02/08/2014 23:12:54] Jack Violeiro has logged out.
[02/08/2014 23:12:55] Jack Violeiro has logged in.
[02/08/2014 23:13:04] > Broadcasted message: "Novo CLIENTE = http://www.4shared.com/rar/HI2-47p8ce/Death_PVP.html".
[02/08/2014 23:14:04] Jack Violeiro has logged out.
[02/08/2014 23:14:05] Jack Violeiro has logged in.
[02/08/2014 23:15:26] Jack Violeiro has logged out.
[02/08/2014 23:15:27] Jack Violeiro has logged in.
[02/08/2014 23:17:42] Jack Violeiro has logged out.
[02/08/2014 23:17:43] Jack Violeiro has logged in.
[02/08/2014 23:18:40] Nathangostosao has logged out.
[02/08/2014 23:18:45] Nathangostosao has logged in.
[02/08/2014 23:19:45] > Broadcasted message: "Para ver a lista de proximos tutores digite !tutores.".
[02/08/2014 23:25:30] > Saving server...
[02/08/2014 23:25:32] > SAVE: Complete in 1.837 seconds using relational house storage.
[02/08/2014 23:25:41] > Broadcasted message: "Game map cleaning in 1 minute, please pick up all your items.".
[02/08/2014 23:26:12] > CLEAN: Removed 19 items from 110 tiles in 0.221 seconds.
[02/08/2014 23:26:12] > Broadcasted message: "Map Cleaned.".
[02/08/2014 23:26:26] > Broadcasted message: "Ot on das 07:00 as 00:00".
[02/08/2014 23:29:14] Account Manager has logged in.
[02/08/2014 23:29:18] Account Manager has logged out.
[02/08/2014 23:29:41] Nathangostosao has logged out.
[02/08/2014 23:32:39] Mateus has logged in.
[02/08/2014 23:33:07] > Broadcasted message: "Para comprar bless digite !bless".
[02/08/2014 23:33:32] Account Manager has logged in.
[02/08/2014 23:33:37] Account Manager has logged out.
[02/08/2014 23:35:27] Mateus has logged out.
[02/08/2014 23:37:25] Jack Violeiro has logged out.
[02/08/2014 23:37:32] Jack Violeiro has logged in.
[02/08/2014 23:39:41] Demon Sky has logged in.
[02/08/2014 23:39:48] > Broadcasted message: "Para ver a lista de proximos tutores digite !tutores.".
[02/08/2014 23:40:43] Account Manager has logged in.
[02/08/2014 23:40:47] Account Manager has logged out.
[02/08/2014 23:42:22] > Broadcasted message: "Game map cleaning in 1 minute, please pick up all your items.".
[02/08/2014 23:42:53] > CLEAN: Removed 1363 items from 1420 tiles in 0.689 seconds.
[02/08/2014 23:42:55] > Broadcasted message: "Map Cleaned.".
[02/08/2014 23:44:33] Account Manager has logged in.
[02/08/2014 23:44:35] Demon Sky has logged out.
[02/08/2014 23:44:42] Account Manager has logged out.
[02/08/2014 23:45:21] Account Manager has logged in.
[02/08/2014 23:46:17] Account Manager has logged in.
[02/08/2014 23:46:28] Account Manager has logged out.
[02/08/2014 23:46:29] > Broadcasted message: "Sempre Ao Criar Uma Conta, Pegue A RK Dela No Account Manager Da Conta E Anote, Nunca Passe A Sua Senha Para Outras Pessoas, E Ao Entrar Em Outros OT´s Crie Contas Diferentes Para Não Sofrer HACKED, Não Me Responsabilizo Por Perdas, Obrigado".
[02/08/2014 23:47:41] Account Manager has logged out.
[02/08/2014 23:47:51] Account Manager has logged in.
[02/08/2014 23:48:42] Account Manager has logged out.
[02/08/2014 23:48:56] Demonic has logged in.
[02/08/2014 23:53:10] > Broadcasted message: "Para comprar bless digite !bless".
[02/08/2014 23:55:27] Mateus has logged in.
[02/08/2014 23:55:32] Mateus has logged out.
[02/08/2014 23:58:16] Jack Violeiro has logged out.
[02/08/2014 23:58:33] Jack Violeiro has logged in.
[02/08/2014 23:58:42] Jack Violeiro has logged out.
[02/08/2014 23:58:42] Jack Violeiro has logged in.
[02/08/2014 23:58:51] > Saving server...
[02/08/2014 23:58:53] > SAVE: Complete in 1.862 seconds using relational house storage.
[02/08/2014 23:59:03] > Broadcasted message: "Game map cleaning in 1 minute, please pick up all your items.".
[02/08/2014 23:59:34] > CLEAN: Removed 535 items from 753 tiles in 0.33 seconds.
[02/08/2014 23:59:34] > Broadcasted message: "Map Cleaned.".
[02/08/2014 23:59:51] > Broadcasted message: "Ot on das 07:00 as 00:00".
