[03/08/2014 00:06:32] > Broadcasted message: "Para ver a lista de proximos tutores digite !tutores.".
[03/08/2014 00:08:00] Demonic has logged out.
[03/08/2014 00:08:38] Demonic has logged in.
[03/08/2014 00:09:27] Nathangostosao has logged in.
[03/08/2014 00:10:35] Jack Violeiro has logged out.
[03/08/2014 00:10:36] Jack Violeiro has logged in.
[03/08/2014 00:11:50] Mc Magrinho has logged in.
[03/08/2014 00:13:13] > Broadcasted message: "Para ver a lista de proximos tutores digite !tutores.".
[03/08/2014 00:15:44] > Broadcasted message: "Game map cleaning in 1 minute, please pick up all your items.".
[03/08/2014 00:16:14] > CLEAN: Removed 2315 items from 1740 tiles in 0.218 seconds.
[03/08/2014 00:16:14] > Broadcasted message: "Map Cleaned.".
[03/08/2014 00:17:52] Mateus has logged in.
[03/08/2014 00:18:01] Mateus has logged out.
[03/08/2014 00:19:54] > Broadcasted message: "Novo CLIENTE = http://www.4shared.com/rar/HI2-47p8ce/Death_PVP.html".
[03/08/2014 00:20:42] Mc Magrinho has logged out.
[03/08/2014 00:20:44] Jack Violeiro has logged out.
[03/08/2014 00:20:45] Mc Magrinho has logged in.
[03/08/2014 00:20:45] Jack Violeiro has logged in.
[03/08/2014 00:21:37] Jack Violeiro has logged out.
[03/08/2014 00:21:38] Jack Violeiro has logged in.
[03/08/2014 00:21:45] Mc Magrinho has logged out.
[03/08/2014 00:21:48] Mc Magrinho has logged in.
[03/08/2014 00:24:14] Demonic has logged out.
[03/08/2014 00:24:17] Account Manager has logged in.
[03/08/2014 00:25:13] Account Manager has logged out.
[03/08/2014 00:25:27] Demonic has logged in.
[03/08/2014 00:25:41] Demonic has logged out.
[03/08/2014 00:25:43] Lallana has logged in.
[03/08/2014 00:25:52] Nathangostosao has logged out.
[03/08/2014 00:26:35] > Broadcasted message: "Ot on das 07:00 as 00:00".
[03/08/2014 00:26:37] Mc Magrinho has logged out.
[03/08/2014 00:26:40] Mc Magrinho has logged in.
[03/08/2014 00:27:08] Nathangostosao has logged in.
[03/08/2014 00:28:33] Epic Exori has logged out.
[03/08/2014 00:28:38] Epic Exori has logged in.
[03/08/2014 00:31:58] Mc Magrinho has logged out.
[03/08/2014 00:32:01] GM Macabro has logged in.
[03/08/2014 00:32:12] > Saving server...
[03/08/2014 00:32:14] > SAVE: Complete in 1.831 seconds using relational house storage.
[03/08/2014 00:32:25] > Broadcasted message: "Game map cleaning in 1 minute, please pick up all your items.".
[03/08/2014 00:32:55] > CLEAN: Removed 678 items from 1124 tiles in 0.239 seconds.
[03/08/2014 00:32:56] > Broadcasted message: "Map Cleaned.".
[03/08/2014 00:33:12] Mateus has logged in.
[03/08/2014 00:33:16] > Broadcasted message: "Novo CLIENTE = http://www.4shared.com/rar/HI2-47p8ce/Death_PVP.html".
[03/08/2014 00:33:57] Lallana has logged out.
[03/08/2014 00:34:01] Lallana has logged in.
[03/08/2014 00:35:39] Jack Violeiro has logged out.
[03/08/2014 00:35:40] GM Macabro has logged out.
[03/08/2014 00:35:56] Jack Violeiro has logged in.
[03/08/2014 00:36:11] Epic Exori has logged out.
[03/08/2014 00:36:15] Epic Exori has logged in.
[03/08/2014 00:37:41] Account Manager has logged in.
[03/08/2014 00:37:55] Account Manager has logged out.
[03/08/2014 00:38:04] Account Manager has logged in.
[03/08/2014 00:38:48] Account Manager has logged out.
[03/08/2014 00:38:58] Criei Pra Test has logged in.
[03/08/2014 00:39:57] > Broadcasted message: "Para duvidas, eventos, e futuramente compras E-mail/Msn -> deathpvp@live.com.".
[03/08/2014 00:46:38] > Broadcasted message: "Sempre Ao Criar Uma Conta, Pegue A RK Dela No Account Manager Da Conta E Anote, Nunca Passe A Sua Senha Para Outras Pessoas, E Ao Entrar Em Outros OT´s Crie Contas Diferentes Para Não Sofrer HACKED, Não Me Responsabilizo Por Perdas, Obrigado".
[03/08/2014 00:49:06] > Broadcasted message: "Game map cleaning in 1 minute, please pick up all your items.".
[03/08/2014 00:49:40] > CLEAN: Removed 9 items from 107 tiles in 0.967 seconds.
[03/08/2014 00:49:41] > Broadcasted message: "Map Cleaned.".
[03/08/2014 00:53:19] > Broadcasted message: "Para esclarecer algumas duvidas digite !notice, para mais informacoes fale com um [CM]".
[03/08/2014 00:55:21] Jack Violeiro has logged out.
[03/08/2014 00:55:39] Criei Pra Test has logged out.
[03/08/2014 00:55:41] Criei Pra Test has logged in.
[03/08/2014 00:56:03] Criei Pra Test has logged out.
[03/08/2014 00:56:04] Criei Pra Test has logged in.
[03/08/2014 00:56:19] Criei Pra Test has logged out.
[03/08/2014 00:56:21] Criei Pra Test has logged in.
[03/08/2014 00:56:59] Criei Pra Test has logged out.
[03/08/2014 00:57:00] Criei Pra Test has logged in.
[03/08/2014 00:57:15] Criei Pra Test has logged out.
[03/08/2014 00:57:16] Criei Pra Test has logged in.
[03/08/2014 00:57:28] Criei Pra Test has logged out.
[03/08/2014 00:57:29] Criei Pra Test has logged in.
[03/08/2014 00:57:54] Criei Pra Test has logged out.
[03/08/2014 00:58:00] Criei Pra Test has logged in.
[03/08/2014 00:59:16] Criei Pra Test has logged out.
[03/08/2014 01:00:00] > Broadcasted message: "Para esclarecer algumas duvidas digite !notice, para mais informacoes fale com um [CM]".
[03/08/2014 01:00:06] > Saving server...
[03/08/2014 01:00:08] > SAVE: Complete in 1.704 seconds using relational house storage.
[03/08/2014 01:01:35] Nathangostosao has logged out.
[03/08/2014 01:01:36] Mateus has logged out.
[03/08/2014 01:01:36] Lallana has logged out.
[03/08/2014 01:01:36] Epic Exori has logged out.
[03/08/2014 01:01:37] > Saving server...
[03/08/2014 01:01:38] > SAVE: Complete in 1.277 seconds using relational house storage.
[03/08/2014 01:01:38] Preparing to shutdown server.[03/08/2014 10:21:46] The Forgotten Server, version 0.3.4 (Crying Damson)
[03/08/2014 10:21:47] Sever Criado Por Alissow e Comedinha.
[03/08/2014 10:21:47] Publicidade: www.sotserv.blogspot.com <- <- <- Tudo sobre otserv.
[03/08/2014 10:21:47] Bom Jogo!!!
[03/08/2014 10:21:47] 
[03/08/2014 10:21:47] >> Debugging: nothing.
[03/08/2014 10:21:47] >> Checking software version... failed checking - malformed file.
[03/08/2014 10:21:48] 
[03/08/2014 10:21:48] >> Loading config (config.lua)
[03/08/2014 10:21:49] > Using plaintext passwords
[03/08/2014 10:21:49] >> Loading RSA key
[03/08/2014 10:21:49] >> Starting SQL connection
[03/08/2014 10:21:49] >> Running Database Manager
[03/08/2014 10:21:50] > Optimized database.
[03/08/2014 10:21:50] >> Loading items
[03/08/2014 10:21:50] >> Loading groups
[03/08/2014 10:21:50] >> Loading vocations
[03/08/2014 10:21:50] >> Loading script systems
[03/08/2014 10:21:53] >> Loading chat channels
[03/08/2014 10:21:53] >> Loading outfits
[03/08/2014 10:21:53] >> Loading experience stages
[03/08/2014 10:21:53] >> Loading monsters
[03/08/2014 10:21:55] >> Loading map and spawns...
[03/08/2014 10:21:56] > Map size: 65000x65000.
[03/08/2014 10:21:56] > Map descriptions: 
[03/08/2014 10:21:56] Saved with Remere's Map Editor 2.2
[03/08/2014 10:21:57] No map description available.
[03/08/2014 10:21:57] Duplicate uniqueId 2407
[03/08/2014 10:22:01] > Map loading time: 5.343 seconds.
[03/08/2014 10:22:03] > Data loading time: 2.433 seconds.
[03/08/2014 10:22:03] > Unserialization time for houses: 0.006 seconds.
[03/08/2014 10:22:26] > Unserialization time for map: 21.917 seconds.
[03/08/2014 10:22:26] >> Checking world type... PvP
[03/08/2014 10:22:26] >> Initializing game state modules and registering services...
[03/08/2014 10:22:27] > Global address: deathpvp.no-ip.info
[03/08/2014 10:22:27] > Local ports:
[03/08/2014 10:22:27] 7171	7172	
[03/08/2014 10:22:27] >> All modules were loaded, server starting up...
[03/08/2014 10:22:27] >> OT Death server Online!
[03/08/2014 10:22:28] 
[03/08/2014 10:22:37] sqlite3_step(): SQLITE ERROR: columns id, world_id are not unique
[03/08/2014 10:22:39] Account Manager has logged in.
[03/08/2014 10:22:47] Account Manager has logged out.
[03/08/2014 10:28:34] > Broadcasted message: "Para esclarecer algumas duvidas digite !notice, para mais informacoes fale com um [CM]".
[03/08/2014 10:35:15] > Broadcasted message: "Para duvidas, eventos, e futuramente compras E-mail/Msn -> deathpvp@live.com.".
[03/08/2014 10:38:34] > Broadcasted message: "Game map cleaning in 1 minute, please pick up all your items.".
[03/08/2014 10:39:04] > CLEAN: Removed 0 items from 10 tiles in 0.196 seconds.
[03/08/2014 10:39:05] > Broadcasted message: "Map Cleaned.".
[03/08/2014 10:41:56] > Broadcasted message: "Para ver as noticias fale !notice".
[03/08/2014 10:48:37] > Broadcasted message: "Para ver as noticias fale !notice".
[03/08/2014 10:51:05] Account Manager has logged in.
[03/08/2014 10:51:13] Account Manager has logged out.
[03/08/2014 10:51:50] Account Manager has logged in.
[03/08/2014 10:52:15] Account Manager has logged out.
[03/08/2014 10:52:22] Account Manager has logged in.
[03/08/2014 10:52:41] Account Manager has logged out.
[03/08/2014 10:52:47] Demonic Striker has logged in.
[03/08/2014 10:52:48] Yakuza has logged in.
[03/08/2014 10:55:15] > Broadcasted message: "Game map cleaning in 1 minute, please pick up all your items.".
[03/08/2014 10:55:18] > Broadcasted message: "Para ver as noticias fale !notice".
[03/08/2014 10:55:19] > Saving server...
[03/08/2014 10:55:21] > SAVE: Complete in 1.895 seconds using relational house storage.
[03/08/2014 10:55:45] > CLEAN: Removed 25 items from 37 tiles in 0.198 seconds.
[03/08/2014 10:55:46] > Broadcasted message: "Map Cleaned.".
[03/08/2014 10:56:07] Demonic Striker has logged out.
[03/08/2014 10:56:08] [Hoster] Jean has logged in.
[03/08/2014 10:56:28] Yakuza has logged out.
[03/08/2014 10:56:30] Yakuza has logged in.
[03/08/2014 10:58:19] Black Jose has logged in.
[03/08/2014 10:59:47] [Hoster] Jean has logged out.
[03/08/2014 10:59:48] Demonic Striker has logged in.
[03/08/2014 11:01:59] > Broadcasted message: "Para ver as noticias fale !notice".
[03/08/2014 11:02:09] Demonic Striker has logged out.
[03/08/2014 11:02:10] [Hoster] Jean has logged in.
[03/08/2014 11:02:48] [Hoster] Jean has logged out.
[03/08/2014 11:02:49] Demonic Striker has logged in.
[03/08/2014 11:03:45] Yakuza has logged out.
[03/08/2014 11:03:46] Yakuza has logged in.
[03/08/2014 11:07:20] Yakuza has logged out.
[03/08/2014 11:07:21] Yakuza has logged in.
[03/08/2014 11:08:40] > Broadcasted message: "Para ver as noticias fale !notice".
[03/08/2014 11:08:56] Black Jose has logged out.
[03/08/2014 11:08:58] Black Jose has logged in.
[03/08/2014 11:10:52] Yakuza has logged out.
[03/08/2014 11:10:53] Yakuza has logged in.
[03/08/2014 11:11:12] Yakuza has logged out.
[03/08/2014 11:11:21] Yakuza has logged in.
[03/08/2014 11:11:56] > Broadcasted message: "Game map cleaning in 1 minute, please pick up all your items.".
[03/08/2014 11:12:27] > CLEAN: Removed 282 items from 479 tiles in 0.22 seconds.
[03/08/2014 11:12:27] > Broadcasted message: "Map Cleaned.".
[03/08/2014 11:13:43] Yakuza has logged out.
[03/08/2014 11:13:45] Yakuza has logged in.
[03/08/2014 11:15:21] > Broadcasted message: "Ot on das 07:00 as 00:00".
[03/08/2014 11:16:51] Lallana has logged in.
[03/08/2014 11:17:20] Black Jose has logged out.
[03/08/2014 11:17:21] Druid has logged in.
[03/08/2014 11:17:46] Druid has logged out.
[03/08/2014 11:17:47] Black Jose has logged in.
[03/08/2014 11:18:22] Demonic Striker has logged out.
[03/08/2014 11:18:25] Demonic Striker has logged in.
[03/08/2014 11:18:45] Black Jose has logged out.
[03/08/2014 11:18:46] Druid has logged in.
[03/08/2014 11:18:50] Yakuza has logged out.
[03/08/2014 11:18:51] Yakuza has logged in.
[03/08/2014 11:18:55] Druid has logged out.
[03/08/2014 11:18:56] Black Jose has logged in.
[03/08/2014 11:19:31] Lallana has logged out.
[03/08/2014 11:19:33] Lallana has logged in.
[03/08/2014 11:21:49] Black Jose has logged out.
[03/08/2014 11:21:51] Black Jose has logged in.
[03/08/2014 11:22:02] > Broadcasted message: "Ot on das 07:00 as 00:00".
[03/08/2014 11:23:10] Demonic Striker has logged out.
[03/08/2014 11:23:16] Demonic Striker has logged in.
[03/08/2014 11:26:15] Black Jose has logged out.
[03/08/2014 11:26:17] Black Jose has logged in.
[03/08/2014 11:27:42] Black Jose has logged out.
[03/08/2014 11:27:44] Black Jose has logged in.
[03/08/2014 11:28:37] > Broadcasted message: "Game map cleaning in 1 minute, please pick up all your items.".
[03/08/2014 11:28:40] > Saving server...
[03/08/2014 11:28:42] > SAVE: Complete in 1.841 seconds using relational house storage.
[03/08/2014 11:28:43] > Broadcasted message: "Novo CLIENTE = http://www.4shared.com/rar/HI2-47p8ce/Death_PVP.html".
[03/08/2014 11:28:49] Account Manager has logged in.
[03/08/2014 11:28:50] Black Jose has logged out.
[03/08/2014 11:28:52] Black Jose has logged in.
[03/08/2014 11:28:56] Lallana has logged out.
[03/08/2014 11:28:58] Lallana has logged in.
[03/08/2014 11:29:01] Account Manager has logged out.
[03/08/2014 11:29:07] > CLEAN: Removed 512 items from 762 tiles in 0.214 seconds.
[03/08/2014 11:29:07] > Broadcasted message: "Map Cleaned.".
[03/08/2014 11:29:15] Account Manager has logged in.
[03/08/2014 11:29:39] Account Manager has logged out.
[03/08/2014 11:29:54] Account Manager has logged in.
[03/08/2014 11:30:17] Account Manager has logged out.
[03/08/2014 11:30:20] Demonic Striker has logged out.
[03/08/2014 11:30:23] Demonic Striker has logged in.
[03/08/2014 11:30:23] Giga Raixys has logged in.
[03/08/2014 11:31:03] Yakuza has logged out.
[03/08/2014 11:31:19] Lallana has logged out.
[03/08/2014 11:31:21] Lallana has logged in.
[03/08/2014 11:31:32] Yakuza has logged in.
[03/08/2014 11:35:24] > Broadcasted message: "Para esclarecer algumas duvidas digite !notice, para mais informacoes fale com um [CM]".
[03/08/2014 11:36:53] Yakuza has logged out.
[03/08/2014 11:37:19] Yakuza has logged in.
[03/08/2014 11:37:55] Demonic Striker has logged out.
[03/08/2014 11:37:57] [Hoster] Jean has logged in.
[03/08/2014 11:38:14] [Hoster] Jean has logged out.
[03/08/2014 11:38:15] Demonic Striker has logged in.
[03/08/2014 11:42:05] > Broadcasted message: "Sempre Ao Criar Uma Conta, Pegue A RK Dela No Account Manager Da Conta E Anote, Nunca Passe A Sua Senha Para Outras Pessoas, E Ao Entrar Em Outros OT´s Crie Contas Diferentes Para Não Sofrer HACKED, Não Me Responsabilizo Por Perdas, Obrigado".
[03/08/2014 11:42:11] Giga Raixys has logged out.
[03/08/2014 11:42:14] Giga Raixys has logged in.
[03/08/2014 11:43:19] Lallana has logged out.
[03/08/2014 11:43:21] Lallana has logged in.
[03/08/2014 11:44:21] Black Jose has logged out.
[03/08/2014 11:45:18] > Broadcasted message: "Game map cleaning in 1 minute, please pick up all your items.".
[03/08/2014 11:45:48] > CLEAN: Removed 813 items from 822 tiles in 0.212 seconds.
[03/08/2014 11:45:49] > Broadcasted message: "Map Cleaned.".
[03/08/2014 11:46:52] Lallana has logged out.
[03/08/2014 11:46:54] Lallana has logged in.
[03/08/2014 11:48:46] > Broadcasted message: "Para ver as noticias fale !notice".
[03/08/2014 11:49:16] Lallana has logged out.
[03/08/2014 11:49:17] Lallana has logged in.
[03/08/2014 11:50:28] Giga Raixys has logged out.
[03/08/2014 11:50:31] Giga Raixys has logged in.
[03/08/2014 11:50:34] Giga Raixys has logged out.
[03/08/2014 11:50:37] Giga Raixys has logged in.
[03/08/2014 11:51:15] GM Macabro has logged in.
[03/08/2014 11:54:50] GM Macabro has logged out.
[03/08/2014 11:54:52] Mc Magrinho has logged in.
[03/08/2014 11:55:27] > Broadcasted message: "Para esclarecer algumas duvidas digite !notice, para mais informacoes fale com um [CM]".
[03/08/2014 11:56:06] Lallana has logged out.
[03/08/2014 11:56:07] Lallana has logged in.
[03/08/2014 11:57:03] Black Jose has logged in.
[03/08/2014 11:58:17] Giga Raixys has logged out.
[03/08/2014 11:58:20] Giga Raixys has logged in.
[03/08/2014 12:00:30] Demonic Striker has logged out.
[03/08/2014 12:00:32] [Hoster] Jean has logged in.
[03/08/2014 12:00:36] Giga Raixys has logged out.
[03/08/2014 12:01:59] > Broadcasted message: "Game map cleaning in 1 minute, please pick up all your items.".
[03/08/2014 12:02:01] > Saving server...
[03/08/2014 12:02:03] > SAVE: Complete in 1.939 seconds using relational house storage.
[03/08/2014 12:02:08] > Broadcasted message: "Para comprar bless digite !bless".
[03/08/2014 12:02:29] > CLEAN: Removed 482 items from 747 tiles in 0.209 seconds.
[03/08/2014 12:02:30] > Broadcasted message: "Map Cleaned.".
[03/08/2014 12:03:53] Mc Magrinho has logged out.
[03/08/2014 12:03:55] Mc Magrinho has logged in.
[03/08/2014 12:04:47] Lallana has logged out.
[03/08/2014 12:04:49] Lallana has logged in.
[03/08/2014 12:05:30] Lallana has logged out.
[03/08/2014 12:05:31] Yakuza has logged out.
[03/08/2014 12:05:38] Yakuza has logged in.
[03/08/2014 12:08:07] Black Jose has logged out.
[03/08/2014 12:08:09] Black Jose has logged in.
[03/08/2014 12:08:49] > Broadcasted message: "Para ver a lista de proximos tutores digite !tutores.".
[03/08/2014 12:10:32] [Hoster] Jean has logged out.
[03/08/2014 12:10:32] [Hoster] Jean has logged in.
[03/08/2014 12:10:36] Yakuza has logged out.
[03/08/2014 12:10:38] Yakuza has logged in.
[03/08/2014 12:13:07] Lallana has logged in.
[03/08/2014 12:14:25] [Hoster] Jean has logged out.
[03/08/2014 12:14:26] Demonic Striker has logged in.
[03/08/2014 12:15:30] > Broadcasted message: "Sempre Ao Criar Uma Conta, Pegue A RK Dela No Account Manager Da Conta E Anote, Nunca Passe A Sua Senha Para Outras Pessoas, E Ao Entrar Em Outros OT´s Crie Contas Diferentes Para Não Sofrer HACKED, Não Me Responsabilizo Por Perdas, Obrigado".
[03/08/2014 12:16:57] Black Jose has logged out.
[03/08/2014 12:16:58] Black Jose has logged in.
[03/08/2014 12:17:37] Demonic Striker has logged out.
[03/08/2014 12:17:49] > Saving server...
[03/08/2014 12:17:51] > SAVE: Complete in 1.978 seconds using relational house storage.
[03/08/2014 12:18:40] > Broadcasted message: "Game map cleaning in 1 minute, please pick up all your items.".
[03/08/2014 12:19:10] > CLEAN: Removed 1477 items from 1853 tiles in 0.232 seconds.
[03/08/2014 12:19:10] > Broadcasted message: "Map Cleaned.".
[03/08/2014 12:20:32] Mateus has logged in.
[03/08/2014 12:21:04] Mateus has logged out.
[03/08/2014 12:21:05] Jack Chaposo has logged in.
[03/08/2014 12:21:42] Jack Chaposo has logged out.
[03/08/2014 12:21:53] Jack Violeiro has logged in.
[03/08/2014 12:22:11] > Broadcasted message: "Sempre Ao Criar Uma Conta, Pegue A RK Dela No Account Manager Da Conta E Anote, Nunca Passe A Sua Senha Para Outras Pessoas, E Ao Entrar Em Outros OT´s Crie Contas Diferentes Para Não Sofrer HACKED, Não Me Responsabilizo Por Perdas, Obrigado".
[03/08/2014 12:22:15] Yakuza has logged out.
[03/08/2014 12:22:57] Yakuza has logged in.
[03/08/2014 12:23:04] Yakuza has logged out.
[03/08/2014 12:23:05] Yakuza has logged in.
[03/08/2014 12:26:01] Jack Violeiro has logged out.
[03/08/2014 12:27:50] Jack Violeiro has logged in.
[03/08/2014 12:28:52] > Broadcasted message: "Para ver a lista de proximos tutores digite !tutores.".
[03/08/2014 12:30:24] Yakuza has logged out.
[03/08/2014 12:30:26] Yakuza has logged in.
[03/08/2014 12:33:06] Yakuza has logged out.
[03/08/2014 12:33:07] Yakuza has logged in.
[03/08/2014 12:33:22] Mc Magrinho has logged out.
[03/08/2014 12:33:24] Mc Magrinho has logged in.
[03/08/2014 12:33:38] Yakuza has logged out.
[03/08/2014 12:33:39] Yakuza has logged in.
[03/08/2014 12:34:40] Yakuza has logged out.
[03/08/2014 12:34:42] Yakuza has logged in.
[03/08/2014 12:34:43] Mc Magrinho has logged out.
[03/08/2014 12:34:44] Mc Magrinho has logged in.
[03/08/2014 12:35:03] Jack Violeiro has logged out.
[03/08/2014 12:35:04] Yakuza has logged out.
[03/08/2014 12:35:05] Jack Violeiro has logged in.
[03/08/2014 12:35:05] Yakuza has logged in.
[03/08/2014 12:35:07] Lallana has logged out.
[03/08/2014 12:35:08] Lallana has logged in.
[03/08/2014 12:35:17] Yakuza has logged out.
[03/08/2014 12:35:18] Yakuza has logged in.
[03/08/2014 12:35:21] > Broadcasted message: "Game map cleaning in 1 minute, please pick up all your items.".
[03/08/2014 12:35:22] > Saving server...
[03/08/2014 12:35:24] > SAVE: Complete in 2.035 seconds using relational house storage.
[03/08/2014 12:35:33] > Broadcasted message: "Ot on das 07:00 as 00:00".
[03/08/2014 12:35:52] > CLEAN: Removed 1906 items from 2181 tiles in 0.232 seconds.
[03/08/2014 12:35:52] > Broadcasted message: "Map Cleaned.".
[03/08/2014 12:36:07] Yakuza has logged out.
[03/08/2014 12:36:08] Yakuza has logged in.
[03/08/2014 12:36:18] Lallana has logged out.
[03/08/2014 12:36:20] Lallana has logged in.
[03/08/2014 12:36:46] Lallana has logged out.
[03/08/2014 12:36:48] Lallana has logged in.
[03/08/2014 12:37:05] Mc Magrinho has logged out.
[03/08/2014 12:37:08] Mc Magrinho has logged in.
[03/08/2014 12:37:43] Mc Magrinho has logged out.
[03/08/2014 12:37:44] Mc Magrinho has logged in.
[03/08/2014 12:38:30] Mc Magrinho has logged out.
[03/08/2014 12:38:33] Mc Magrinho has logged in.
[03/08/2014 12:39:11] Mc Magrinho has logged out.
[03/08/2014 12:39:13] Mc Magrinho has logged in.
[03/08/2014 12:41:02] Black Jose has logged out.
[03/08/2014 12:41:04] Black Jose has logged in.
[03/08/2014 12:41:48] Lallana has logged out.
[03/08/2014 12:41:50] Lallana has logged in.
[03/08/2014 12:42:08] Mc Magrinho has logged out.
[03/08/2014 12:42:10] Mc Magrinho has logged in.
[03/08/2014 12:42:10] Lallana has logged out.
[03/08/2014 12:42:12] Lallana has logged in.
[03/08/2014 12:42:14] > Broadcasted message: "Para ver a lista de proximos tutores digite !tutores.".
[03/08/2014 12:43:16] Black Jose has logged out.
[03/08/2014 12:43:18] Black Jose has logged in.
[03/08/2014 12:45:18] Mc Magrinho has logged out.
[03/08/2014 12:46:36] Yakuza has logged out.
[03/08/2014 12:46:38] Yakuza has logged in.
[03/08/2014 12:48:55] > Broadcasted message: "Novo CLIENTE = http://www.4shared.com/rar/HI2-47p8ce/Death_PVP.html".
[03/08/2014 12:51:03] Lallana has logged out.
[03/08/2014 12:51:04] Lallana has logged in.
[03/08/2014 12:52:02] > Broadcasted message: "Game map cleaning in 1 minute, please pick up all your items.".
[03/08/2014 12:52:32] > CLEAN: Removed 1818 items from 1844 tiles in 0.233 seconds.
[03/08/2014 12:52:33] > Broadcasted message: "Map Cleaned.".
[03/08/2014 12:55:36] > Broadcasted message: "Para comprar bless digite !bless".
[03/08/2014 13:02:17] > Broadcasted message: "Para ver as noticias fale !notice".
[03/08/2014 13:05:06] Mateus has logged in.
[03/08/2014 13:06:31] Black Jose has logged out.
[03/08/2014 13:06:33] Black Jose has logged in.
[03/08/2014 13:08:43] > Saving server...
[03/08/2014 13:08:47] > SAVE: Complete in 2.922 seconds using relational house storage.
[03/08/2014 13:08:50] > Broadcasted message: "Game map cleaning in 1 minute, please pick up all your items.".
[03/08/2014 13:08:58] > Broadcasted message: "Novo CLIENTE = http://www.4shared.com/rar/HI2-47p8ce/Death_PVP.html".
[03/08/2014 13:09:25] > CLEAN: Removed 1277 items from 1725 tiles in 2.056 seconds.
[03/08/2014 13:09:28] > Broadcasted message: "Map Cleaned.".
[03/08/2014 13:10:05] Mc Magrinho has logged in.
[03/08/2014 13:10:17] Lallana has logged out.
[03/08/2014 13:10:21] Lallana has logged in.
[03/08/2014 13:11:26] Jack Violeiro has logged out.
[03/08/2014 13:11:29] Jack Violeiro has logged in.
[03/08/2014 13:14:07] Lallana has logged out.
[03/08/2014 13:14:09] Lallana has logged in.
[03/08/2014 13:15:39] > Broadcasted message: "Sempre Ao Criar Uma Conta, Pegue A RK Dela No Account Manager Da Conta E Anote, Nunca Passe A Sua Senha Para Outras Pessoas, E Ao Entrar Em Outros OT´s Crie Contas Diferentes Para Não Sofrer HACKED, Não Me Responsabilizo Por Perdas, Obrigado".
[03/08/2014 13:16:18] Lallana has logged out.
[03/08/2014 13:16:21] Lallana has logged in.
[03/08/2014 13:16:36] Jack Violeiro has logged out.
[03/08/2014 13:16:39] Jack Violeiro has logged in.
[03/08/2014 13:16:40] Mc Magrinho has logged out.
[03/08/2014 13:17:08] Mc Magrinho has logged in.
[03/08/2014 13:18:20] Black Jose has logged out.
[03/08/2014 13:18:22] Black Jose has logged in.
[03/08/2014 13:19:20] Yakuza has logged out.
[03/08/2014 13:19:45] Black Jose has logged out.
[03/08/2014 13:19:47] Black Jose has logged in.
[03/08/2014 13:20:33] Mc Magrinho has logged out.
[03/08/2014 13:20:36] Mc Magrinho has logged in.
[03/08/2014 13:20:37] Jack Violeiro has logged out.
[03/08/2014 13:20:39] Jack Violeiro has logged in.
[03/08/2014 13:22:20] > Broadcasted message: "Para comprar bless digite !bless".
[03/08/2014 13:22:34] Jack Violeiro has logged out.
[03/08/2014 13:22:36] Jack Violeiro has logged in.
[03/08/2014 13:25:31] > Broadcasted message: "Game map cleaning in 1 minute, please pick up all your items.".
[03/08/2014 13:26:03] > CLEAN: Removed 932 items from 873 tiles in 1.288 seconds.
[03/08/2014 13:26:05] > Broadcasted message: "Map Cleaned.".
[03/08/2014 13:29:01] > Broadcasted message: "Para ver as noticias fale !notice".
[03/08/2014 13:30:03] Mc Magrinho has logged out.
[03/08/2014 13:30:07] Mc Magrinho has logged in.
[03/08/2014 13:31:43] Black Jose has logged out.
[03/08/2014 13:31:44] Druid has logged in.
[03/08/2014 13:31:58] Druid has logged out.
[03/08/2014 13:31:59] Black Jose has logged in.
[03/08/2014 13:33:55] Mc Magrinho has logged out.
[03/08/2014 13:33:59] Mc Magrinho has logged in.
[03/08/2014 13:35:42] > Broadcasted message: "Sempre Ao Criar Uma Conta, Pegue A RK Dela No Account Manager Da Conta E Anote, Nunca Passe A Sua Senha Para Outras Pessoas, E Ao Entrar Em Outros OT´s Crie Contas Diferentes Para Não Sofrer HACKED, Não Me Responsabilizo Por Perdas, Obrigado".
[03/08/2014 13:35:58] Mateus has logged out.
[03/08/2014 13:36:20] Jack Violeiro has logged out.
[03/08/2014 13:36:22] Jack Violeiro has logged in.
[03/08/2014 13:41:18] Jack Violeiro has logged out.
[03/08/2014 13:41:19] Jack Violeiro has logged in.
[03/08/2014 13:41:27] Mc Magrinho has logged out.
[03/08/2014 13:41:29] Mc Magrinho has logged in.
[03/08/2014 13:42:04] > Saving server...
[03/08/2014 13:42:06] > SAVE: Complete in 1.825 seconds using relational house storage.
[03/08/2014 13:42:12] > Broadcasted message: "Game map cleaning in 1 minute, please pick up all your items.".
[03/08/2014 13:42:23] > Broadcasted message: "Sempre Ao Criar Uma Conta, Pegue A RK Dela No Account Manager Da Conta E Anote, Nunca Passe A Sua Senha Para Outras Pessoas, E Ao Entrar Em Outros OT´s Crie Contas Diferentes Para Não Sofrer HACKED, Não Me Responsabilizo Por Perdas, Obrigado".
[03/08/2014 13:42:42] > CLEAN: Removed 388 items from 405 tiles in 0.22 seconds.
[03/08/2014 13:42:43] > Broadcasted message: "Map Cleaned.".
[03/08/2014 13:44:45] Mc Magrinho has logged out.
[03/08/2014 13:44:47] Account Manager has logged in.
[03/08/2014 13:44:59] Lallana has logged out.
[03/08/2014 13:45:00] Lallana has logged in.
[03/08/2014 13:45:27] Account Manager has logged out.
[03/08/2014 13:45:42] Xitaosinho has logged in.
[03/08/2014 13:45:45] Black Jose has logged out.
[03/08/2014 13:45:47] Black Jose has logged in.
[03/08/2014 13:46:48] Xitaosinho has logged out.
[03/08/2014 13:46:50] Xitaosinho has logged in.
[03/08/2014 13:47:02] Xitaosinho has logged out.
[03/08/2014 13:47:03] Xitaosinho has logged in.
[03/08/2014 13:47:18] Nathangostosao has logged in.
[03/08/2014 13:47:35] Xitaosinho has logged out.
[03/08/2014 13:47:37] Xitaosinho has logged in.
[03/08/2014 13:47:40] Xitaosinho has logged out.
[03/08/2014 13:47:42] Xitaosinho has logged in.
[03/08/2014 13:47:50] Xitaosinho has logged out.
[03/08/2014 13:47:52] GM Macabro has logged in.
[03/08/2014 13:48:04] GM Macabro has logged out.
[03/08/2014 13:48:06] Xitaosinho has logged in.
[03/08/2014 13:49:04] > Broadcasted message: "Para esclarecer algumas duvidas digite !notice, para mais informacoes fale com um [CM]".
[03/08/2014 13:49:40] Xitaosinho has logged out.
[03/08/2014 13:50:57] Black Jose has logged out.
[03/08/2014 13:50:59] Black Jose has logged in.
[03/08/2014 13:51:54] Jack Violeiro has logged out.
[03/08/2014 13:51:55] Jack Violeiro has logged in.
[03/08/2014 13:55:45] > Broadcasted message: "Novo CLIENTE = http://www.4shared.com/rar/HI2-47p8ce/Death_PVP.html".
[03/08/2014 13:56:48] Account Manager has logged in.
[03/08/2014 13:57:09] Account Manager has logged out.
[03/08/2014 13:57:20] Account Manager has logged in.
[03/08/2014 13:57:34] Account Manager has logged out.
[03/08/2014 13:57:58] Account Manager has logged in.
[03/08/2014 13:57:59] Account Manager has logged out.
[03/08/2014 13:58:06] Down has logged in.
[03/08/2014 13:58:53] > Broadcasted message: "Game map cleaning in 1 minute, please pick up all your items.".
[03/08/2014 13:59:23] > CLEAN: Removed 599 items from 782 tiles in 0.208 seconds.
[03/08/2014 13:59:23] > Broadcasted message: "Map Cleaned.".
[03/08/2014 14:01:15] Black Jose has logged out.
[03/08/2014 14:01:16] Black Jose has logged in.
[03/08/2014 14:01:24] Down has logged out.
[03/08/2014 14:01:26] Down has logged in.
[03/08/2014 14:01:27] Lallana has logged out.
[03/08/2014 14:02:02] Down has logged out.
[03/08/2014 14:02:26] > Broadcasted message: "Sempre Ao Criar Uma Conta, Pegue A RK Dela No Account Manager Da Conta E Anote, Nunca Passe A Sua Senha Para Outras Pessoas, E Ao Entrar Em Outros OT´s Crie Contas Diferentes Para Não Sofrer HACKED, Não Me Responsabilizo Por Perdas, Obrigado".
[03/08/2014 14:02:27] Down has logged in.
[03/08/2014 14:03:51] Nathangostosao has logged out.
[03/08/2014 14:03:51] Nathangostosao has logged in.
[03/08/2014 14:05:59] Yakuza has logged in.
[03/08/2014 14:08:04] Jack Violeiro has logged out.
[03/08/2014 14:08:29] Down has logged out.
[03/08/2014 14:08:32] Down has logged in.
[03/08/2014 14:09:07] > Broadcasted message: "Para esclarecer algumas duvidas digite !notice, para mais informacoes fale com um [CM]".
[03/08/2014 14:15:21] Lallana has logged in.
[03/08/2014 14:15:25] > Saving server...
[03/08/2014 14:15:27] > SAVE: Complete in 1.948 seconds using relational house storage.
[03/08/2014 14:15:31] Yakuza has logged out.
[03/08/2014 14:15:34] > Broadcasted message: "Game map cleaning in 1 minute, please pick up all your items.".
[03/08/2014 14:15:48] > Broadcasted message: "Para comprar bless digite !bless".
[03/08/2014 14:16:04] > CLEAN: Removed 1142 items from 1240 tiles in 0.224 seconds.
[03/08/2014 14:16:04] > Broadcasted message: "Map Cleaned.".
[03/08/2014 14:19:58] Nathangostosao has logged out.
[03/08/2014 14:20:00] Nathangostosao has logged in.
[03/08/2014 14:21:37] Down has logged out.
[03/08/2014 14:21:40] Down has logged in.
[03/08/2014 14:22:29] > Broadcasted message: "Novo CLIENTE = http://www.4shared.com/rar/HI2-47p8ce/Death_PVP.html".
[03/08/2014 14:29:10] > Broadcasted message: "Novo CLIENTE = http://www.4shared.com/rar/HI2-47p8ce/Death_PVP.html".
[03/08/2014 14:31:49] Account Manager has logged in.
[03/08/2014 14:32:15] > Broadcasted message: "Game map cleaning in 1 minute, please pick up all your items.".
[03/08/2014 14:32:30] Account Manager has logged out.
[03/08/2014 14:32:46] > CLEAN: Removed 822 items from 1284 tiles in 0.326 seconds.
[03/08/2014 14:32:46] > Broadcasted message: "Map Cleaned.".
[03/08/2014 14:32:50] Account Manager has logged in.
[03/08/2014 14:32:52] Account Manager has logged out.
[03/08/2014 14:32:55] Account Manager has logged in.
[03/08/2014 14:32:56] Account Manager has logged out.
[03/08/2014 14:34:09] Account Manager has logged in.
[03/08/2014 14:35:08] Account Manager has logged out.
[03/08/2014 14:35:09] Account Manager has logged in.
[03/08/2014 14:35:10] Account Manager has logged out.
[03/08/2014 14:35:14] Bob Marley has logged in.
[03/08/2014 14:35:51] > Broadcasted message: "Para ver as noticias fale !notice".
[03/08/2014 14:36:06] Nathangostosao has logged out.
[03/08/2014 14:36:07] Nathangostosao has logged in.
[03/08/2014 14:40:04] Down has logged out.
[03/08/2014 14:40:06] Down has logged in.
[03/08/2014 14:42:32] > Broadcasted message: "Sempre Ao Criar Uma Conta, Pegue A RK Dela No Account Manager Da Conta E Anote, Nunca Passe A Sua Senha Para Outras Pessoas, E Ao Entrar Em Outros OT´s Crie Contas Diferentes Para Não Sofrer HACKED, Não Me Responsabilizo Por Perdas, Obrigado".
[03/08/2014 14:44:20] Bob Marley has logged out.
[03/08/2014 14:44:43] Down has logged out.
[03/08/2014 14:44:45] Down has logged in.
[03/08/2014 14:46:46] Lallana has logged out.
[03/08/2014 14:46:51] Lallana has logged in.
[03/08/2014 14:47:31] Account Manager has logged in.
[03/08/2014 14:47:38] Account Manager has logged out.
[03/08/2014 14:47:43] Account Manager has logged in.
[03/08/2014 14:47:54] Account Manager has logged out.
[03/08/2014 14:47:58] Pallyzinho has logged in.
[03/08/2014 14:48:16] Account Manager has logged in.
[03/08/2014 14:48:26] Account Manager has logged out.
[03/08/2014 14:48:32] Account Manager has logged in.
[03/08/2014 14:48:46] > Saving server...
[03/08/2014 14:48:48] > SAVE: Complete in 2.017 seconds using relational house storage.
[03/08/2014 14:48:56] > Broadcasted message: "Game map cleaning in 1 minute, please pick up all your items.".
[03/08/2014 14:49:13] > Broadcasted message: "Para comprar bless digite !bless".
[03/08/2014 14:49:14] Down has logged out.
[03/08/2014 14:49:16] Down has logged in.
[03/08/2014 14:49:27] Account Manager has logged out.
[03/08/2014 14:49:27] > CLEAN: Removed 2053 items from 2236 tiles in 0.239 seconds.
[03/08/2014 14:49:27] > Broadcasted message: "Map Cleaned.".
[03/08/2014 14:49:34] Soufoda has logged in.
[03/08/2014 14:51:20] Bob Marley has logged in.
[03/08/2014 14:51:21] Bob Marley has logged out.
[03/08/2014 14:51:22] Bob Marley has logged in.
[03/08/2014 14:52:20] Nathangostosao has logged out.
[03/08/2014 14:52:21] Nathangostosao has logged in.
[03/08/2014 14:55:54] > Broadcasted message: "Para esclarecer algumas duvidas digite !notice, para mais informacoes fale com um [CM]".
[03/08/2014 14:58:09] Soufoda has logged out.
[03/08/2014 14:58:10] Soufoda has logged in.
[03/08/2014 15:00:28] Bob Marley has logged out.
[03/08/2014 15:00:35] Bob Marley has logged in.
[03/08/2014 15:02:26] Pallyzinho has logged out.
[03/08/2014 15:02:27] Account Manager has logged in.
[03/08/2014 15:02:35] > Broadcasted message: "Para ver as noticias fale !notice".
[03/08/2014 15:02:36] Account Manager has logged out.
[03/08/2014 15:02:47] Pallyzinho has logged in.
[03/08/2014 15:02:52] Soufoda has logged out.
[03/08/2014 15:02:53] Soufoda has logged in.
[03/08/2014 15:04:35] Bob Marley has logged out.
[03/08/2014 15:05:37] > Broadcasted message: "Game map cleaning in 1 minute, please pick up all your items.".
[03/08/2014 15:05:48] Down has logged out.
[03/08/2014 15:06:07] > CLEAN: Removed 1749 items from 2050 tiles in 0.245 seconds.
[03/08/2014 15:06:07] > Broadcasted message: "Map Cleaned.".
[03/08/2014 15:06:43] Pallyzinho has logged out.
[03/08/2014 15:06:45] Pallyzinho has logged in.
[03/08/2014 15:07:38] Soufoda has logged out.
[03/08/2014 15:07:39] Soufoda has logged in.
[03/08/2014 15:08:21] Lallana has logged out.
[03/08/2014 15:08:25] Lallana has logged in.
[03/08/2014 15:08:29] Nathangostosao has logged out.
[03/08/2014 15:08:31] Nathangostosao has logged in.
[03/08/2014 15:09:16] > Broadcasted message: "Novo CLIENTE = http://www.4shared.com/rar/HI2-47p8ce/Death_PVP.html".
[03/08/2014 15:10:25] Pallyzinho has logged out.
[03/08/2014 15:10:27] Pallyzinho has logged in.
[03/08/2014 15:10:28] Lallana has logged out.
[03/08/2014 15:10:30] Lallana has logged in.
[03/08/2014 15:15:57] > Broadcasted message: "Novo CLIENTE = http://www.4shared.com/rar/HI2-47p8ce/Death_PVP.html".
[03/08/2014 15:17:43] Soufoda has logged out.
[03/08/2014 15:19:52] Lallana has logged out.
[03/08/2014 15:19:54] Lallana has logged in.
[03/08/2014 15:22:07] > Saving server...
[03/08/2014 15:22:08] > SAVE: Complete in 1.747 seconds using relational house storage.
[03/08/2014 15:22:18] > Broadcasted message: "Game map cleaning in 1 minute, please pick up all your items.".
[03/08/2014 15:22:38] > Broadcasted message: "Sempre Ao Criar Uma Conta, Pegue A RK Dela No Account Manager Da Conta E Anote, Nunca Passe A Sua Senha Para Outras Pessoas, E Ao Entrar Em Outros OT´s Crie Contas Diferentes Para Não Sofrer HACKED, Não Me Responsabilizo Por Perdas, Obrigado".
[03/08/2014 15:22:48] > CLEAN: Removed 1409 items from 1694 tiles in 0.218 seconds.
[03/08/2014 15:22:49] > Broadcasted message: "Map Cleaned.".
[03/08/2014 15:24:06] Bob Marley has logged in.
[03/08/2014 15:25:17] Down has logged in.
[03/08/2014 15:25:22] Nathangostosao has logged out.
[03/08/2014 15:25:23] Nathangostosao has logged in.
[03/08/2014 15:26:51] Down has logged out.
[03/08/2014 15:27:06] Down has logged in.
[03/08/2014 15:27:54] Down has logged out.
[03/08/2014 15:27:57] Down has logged in.
[03/08/2014 15:28:17] Lallana has logged out.
[03/08/2014 15:28:20] Lallana has logged in.
[03/08/2014 15:29:19] > Broadcasted message: "Para comprar bless digite !bless".
[03/08/2014 15:33:07] Soufoda has logged in.
[03/08/2014 15:36:00] > Broadcasted message: "Para esclarecer algumas duvidas digite !notice, para mais informacoes fale com um [CM]".
[03/08/2014 15:36:01] Pallyzinho has logged out.
[03/08/2014 15:36:12] Bob Marley has logged out.
[03/08/2014 15:36:41] Pallyzinho has logged in.
[03/08/2014 15:37:40] Bob Marley has logged in.
[03/08/2014 15:37:43] Bob Marley has logged out.
[03/08/2014 15:37:46] Bob Marley has logged in.
[03/08/2014 15:38:59] > Broadcasted message: "Game map cleaning in 1 minute, please pick up all your items.".
[03/08/2014 15:39:29] > CLEAN: Removed 381 items from 825 tiles in 0.172 seconds.
[03/08/2014 15:39:29] > Broadcasted message: "Map Cleaned.".
[03/08/2014 15:41:39] Soufoda has logged out.
[03/08/2014 15:42:01] Soufoda has logged in.
[03/08/2014 15:42:01] Pallyzinho has logged out.
[03/08/2014 15:42:02] Account Manager has logged in.
[03/08/2014 15:42:13] Account Manager has logged out.
[03/08/2014 15:42:18] Pally Da Morte has logged in.
[03/08/2014 15:42:41] > Broadcasted message: "Novo CLIENTE = http://www.4shared.com/rar/HI2-47p8ce/Death_PVP.html".
[03/08/2014 15:42:47] Soufoda has logged out.
[03/08/2014 15:42:48] Account Manager has logged in.
[03/08/2014 15:43:01] Account Manager has logged out.
[03/08/2014 15:43:08] Nois Que Voa Bruxao has logged in.
[03/08/2014 15:43:13] Pally Da Morte has logged out.
[03/08/2014 15:43:13] Pallyzinho has logged in.
[03/08/2014 15:43:48] Nois Que Voa Bruxao has logged out.
[03/08/2014 15:43:49] Soufoda has logged in.
[03/08/2014 15:43:50] Pallyzinho has logged out.
[03/08/2014 15:43:51] Pally Da Morte has logged in.
[03/08/2014 15:43:52] Bob Marley has logged out.
[03/08/2014 15:43:53] Bob Marley has logged in.
[03/08/2014 15:43:55] Soufoda has logged out.
[03/08/2014 15:43:56] Nois Que Voa Bruxao has logged in.
[03/08/2014 15:44:13] Bob Marley has logged out.
[03/08/2014 15:44:15] Bob Marley has logged in.
[03/08/2014 15:44:47] Lallana has logged out.
[03/08/2014 15:44:49] Lallana has logged in.
[03/08/2014 15:44:51] Bob Marley has logged out.
[03/08/2014 15:44:53] Bob Marley has logged in.
[03/08/2014 15:45:34] Nathangostosao has logged out.
[03/08/2014 15:45:35] Nathangostosao has logged in.
[03/08/2014 15:46:00] Pally Da Morte has logged out.
[03/08/2014 15:46:01] Pally Da Morte has logged in.
[03/08/2014 15:48:12] Lallana has logged out.
[03/08/2014 15:48:14] Lallana has logged in.
[03/08/2014 15:49:22] > Broadcasted message: "Para comprar bless digite !bless".
[03/08/2014 15:51:41] Down has logged out.
[03/08/2014 15:51:53] Down has logged in.
[03/08/2014 15:54:13] Lallana has logged out.
[03/08/2014 15:54:15] Lallana has logged in.
[03/08/2014 15:55:28] > Saving server...
[03/08/2014 15:55:30] > SAVE: Complete in 2.106 seconds using relational house storage.
[03/08/2014 15:55:40] > Broadcasted message: "Game map cleaning in 1 minute, please pick up all your items.".
[03/08/2014 15:56:03] > Broadcasted message: "Ot on das 07:00 as 00:00".
[03/08/2014 15:56:07] Pally Da Morte has logged out.
[03/08/2014 15:56:10] Pally Da Morte has logged in.
[03/08/2014 15:56:10] > CLEAN: Removed 913 items from 2009 tiles in 0.187 seconds.
[03/08/2014 15:56:11] > Broadcasted message: "Map Cleaned.".
[03/08/2014 15:56:20] Down has logged out.
[03/08/2014 15:56:28] Down has logged in.
[03/08/2014 15:57:50] Down has logged out.
[03/08/2014 16:02:44] > Broadcasted message: "Para ver as noticias fale !notice".
[03/08/2014 16:05:41] Nathangostosao has logged out.
[03/08/2014 16:05:42] Nathangostosao has logged in.
[03/08/2014 16:09:25] > Broadcasted message: "Para esclarecer algumas duvidas digite !notice, para mais informacoes fale com um [CM]".
[03/08/2014 16:09:49] Lallana has logged out.
[03/08/2014 16:10:03] Account Manager has logged in.
[03/08/2014 16:10:27] Account Manager has logged out.
[03/08/2014 16:12:21] > Broadcasted message: "Game map cleaning in 1 minute, please pick up all your items.".
[03/08/2014 16:12:51] > CLEAN: Removed 1335 items from 1707 tiles in 0.234 seconds.
[03/08/2014 16:12:52] > Broadcasted message: "Map Cleaned.".
[03/08/2014 16:13:48] Bob Marley has logged out.
[03/08/2014 16:14:58] Nois Que Voa Bruxao has logged out.
[03/08/2014 16:15:31] Bob Marley has logged in.
[03/08/2014 16:15:37] Account Manager has logged in.
[03/08/2014 16:15:38] Account Manager has logged out.
[03/08/2014 16:15:51] Account Manager has logged in.
[03/08/2014 16:16:06] > Broadcasted message: "Para ver as noticias fale !notice".
[03/08/2014 16:16:24] Nois Que Voa Bruxao has logged in.
[03/08/2014 16:16:28] Account Manager has logged out.
[03/08/2014 16:16:46] Account Manager has logged in.
[03/08/2014 16:17:37] Pally Da Morte has logged out.
[03/08/2014 16:17:37] Account Manager has logged out.
[03/08/2014 16:17:38] Pally Da Morte has logged in.
[03/08/2014 16:17:57] Demonic has logged in.
[03/08/2014 16:18:23] Nois Que Voa Bruxao has logged out.
[03/08/2014 16:18:24] Nois Que Voa Bruxao has logged in.
[03/08/2014 16:18:28] Demonic has logged out.
[03/08/2014 16:18:36] Keisuke has logged in.
[03/08/2014 16:18:37] Bob Marley has logged out.
[03/08/2014 16:18:39] Bob Marley has logged in.
[03/08/2014 16:22:11] Pally Da Morte has logged out.
[03/08/2014 16:22:12] Pally Da Morte has logged in.
[03/08/2014 16:22:27] Keisuke has logged out.
[03/08/2014 16:22:29] Keisuke has logged in.
[03/08/2014 16:22:47] > Broadcasted message: "Para ver a lista de proximos tutores digite !tutores.".
[03/08/2014 16:23:25] Nois Que Voa Bruxao has logged out.
[03/08/2014 16:23:26] Soufoda has logged in.
[03/08/2014 16:23:28] Soufoda has logged out.
[03/08/2014 16:23:29] Nois Que Voa Bruxao has logged in.
[03/08/2014 16:25:51] Nathangostosao has logged out.
[03/08/2014 16:25:52] Nathangostosao has logged in.
[03/08/2014 16:25:53] Nois Que Voa Bruxao has logged out.
[03/08/2014 16:25:54] Nois Que Voa Bruxao has logged in.
[03/08/2014 16:26:07] Pally Da Morte has logged out.
[03/08/2014 16:26:09] Pally Da Morte has logged in.
[03/08/2014 16:26:28] Keisuke has logged out.
[03/08/2014 16:26:30] Keisuke has logged in.
[03/08/2014 16:27:42] Nois Que Voa Bruxao has logged out.
[03/08/2014 16:27:43] Nois Que Voa Bruxao has logged in.
[03/08/2014 16:28:49] > Saving server...
[03/08/2014 16:28:51] > SAVE: Complete in 2.262 seconds using relational house storage.
[03/08/2014 16:29:02] > Broadcasted message: "Game map cleaning in 1 minute, please pick up all your items.".
[03/08/2014 16:29:28] Black Jose has logged out.
[03/08/2014 16:29:28] > Broadcasted message: "Para esclarecer algumas duvidas digite !notice, para mais informacoes fale com um [CM]".
[03/08/2014 16:29:32] Yakuza has logged in.
[03/08/2014 16:29:33] > CLEAN: Removed 583 items from 1106 tiles in 0.188 seconds.
[03/08/2014 16:29:33] > Broadcasted message: "Map Cleaned.".
[03/08/2014 16:29:50] Yakuza has logged out.
[03/08/2014 16:29:52] Yakuza has logged in.
[03/08/2014 16:30:18] Yakuza has logged out.
[03/08/2014 16:35:39] Bob Marley has logged out.
[03/08/2014 16:35:45] Bob Marley has logged in.
[03/08/2014 16:36:09] > Broadcasted message: "Para comprar bless digite !bless".
[03/08/2014 16:38:17] Keisuke has logged out.
[03/08/2014 16:38:19] Honda has logged in.
[03/08/2014 16:39:10] Honda has logged out.
[03/08/2014 16:39:19] Lallana has logged in.
[03/08/2014 16:39:30] Lallana has logged out.
[03/08/2014 16:39:42] Honda has logged in.
[03/08/2014 16:39:50] Honda has logged out.
[03/08/2014 16:40:04] Lallana has logged in.
[03/08/2014 16:40:17] Lallana has logged out.
[03/08/2014 16:40:34] Honda has logged in.
[03/08/2014 16:42:50] > Broadcasted message: "Para comprar bless digite !bless".
[03/08/2014 16:43:27] Lallana has logged in.
[03/08/2014 16:45:43] > Broadcasted message: "Game map cleaning in 1 minute, please pick up all your items.".
[03/08/2014 16:46:02] Nathangostosao has logged out.
[03/08/2014 16:46:03] Nathangostosao has logged in.
[03/08/2014 16:46:13] > CLEAN: Removed 590 items from 585 tiles in 0.188 seconds.
[03/08/2014 16:46:13] > Broadcasted message: "Map Cleaned.".
[03/08/2014 16:46:15] Account Manager has logged in.
[03/08/2014 16:46:29] Account Manager has logged out.
[03/08/2014 16:46:37] Account Manager has logged in.
[03/08/2014 16:47:05] Account Manager has logged out.
[03/08/2014 16:47:20] Pally Zikka has logged in.
[03/08/2014 16:49:27] > Saving server...
[03/08/2014 16:49:29] > SAVE: Complete in 2.34 seconds using relational house storage.
[03/08/2014 16:49:31] > Broadcasted message: "Para esclarecer algumas duvidas digite !notice, para mais informacoes fale com um [CM]".
[03/08/2014 16:49:40] > Broadcasted message: "New record: 8 players are logged in.".
[03/08/2014 16:49:40] [Hoster] Jean has logged in.
[03/08/2014 16:50:54] [Hoster] Jean has logged out.
[03/08/2014 16:52:50] Lallana has logged out.
[03/08/2014 16:53:18] Lallana has logged in.
[03/08/2014 16:54:30] Honda has logged out.
[03/08/2014 16:54:34] Honda has logged in.
[03/08/2014 16:54:34] Honda has logged out.
[03/08/2014 16:54:47] Honda has logged in.
[03/08/2014 16:56:00] Lallana has logged out.
[03/08/2014 16:56:10] Account Manager has logged in.
[03/08/2014 16:56:12] > Broadcasted message: "Para duvidas, eventos, e futuramente compras E-mail/Msn -> deathpvp@live.com.".
[03/08/2014 16:56:49] Lallana has logged in.
[03/08/2014 16:56:55] Account Manager has logged out.
[03/08/2014 16:57:04] Account Manager has logged in.
[03/08/2014 16:57:21] > Broadcasted message: "New record: 9 players are logged in.".
[03/08/2014 16:57:22] Down has logged in.
[03/08/2014 16:57:22] Account Manager has logged out.
[03/08/2014 16:57:30] Mlktop has logged in.
[03/08/2014 16:57:55] Lallana has logged out.
[03/08/2014 16:58:07] Lallana has logged in.
[03/08/2014 16:58:55] Lallana has logged out.
[03/08/2014 16:59:06] Down has logged out.
[03/08/2014 16:59:08] Honda has logged out.
[03/08/2014 16:59:13] Honda has logged in.
[03/08/2014 16:59:21] Lallana has logged in.
[03/08/2014 17:00:05] Lallana has logged out.
[03/08/2014 17:00:36] Lallana has logged in.
[03/08/2014 17:00:43] Lallana has logged out.
[03/08/2014 17:01:05] Nois Que Voa Bruxao has logged out.
[03/08/2014 17:01:41] Lallana has logged in.
[03/08/2014 17:01:53] Lallana has logged out.
[03/08/2014 17:02:10] > Saving server...
[03/08/2014 17:02:13] > SAVE: Complete in 2.278 seconds using relational house storage.
[03/08/2014 17:02:24] > Broadcasted message: "Game map cleaning in 1 minute, please pick up all your items.".
[03/08/2014 17:02:35] Lallana has logged in.
[03/08/2014 17:02:53] > Broadcasted message: "Sempre Ao Criar Uma Conta, Pegue A RK Dela No Account Manager Da Conta E Anote, Nunca Passe A Sua Senha Para Outras Pessoas, E Ao Entrar Em Outros OT´s Crie Contas Diferentes Para Não Sofrer HACKED, Não Me Responsabilizo Por Perdas, Obrigado".
[03/08/2014 17:02:55] > CLEAN: Removed 1412 items from 1835 tiles in 0.203 seconds.
[03/08/2014 17:02:55] > Broadcasted message: "Map Cleaned.".
[03/08/2014 17:04:38] Lallana has logged out.
[03/08/2014 17:04:47] Lallana has logged in.
[03/08/2014 17:04:57] Lallana has logged out.
[03/08/2014 17:05:48] Nathangostosao has logged out.
[03/08/2014 17:05:50] Nathangostosao has logged in.
[03/08/2014 17:06:40] Honda has logged out.
[03/08/2014 17:06:41] Honda has logged in.
[03/08/2014 17:07:41] Giga Raixys has logged in.
[03/08/2014 17:08:25] Account Manager has logged in.
[03/08/2014 17:08:36] Account Manager has logged out.
[03/08/2014 17:08:40] Account Manager has logged in.
[03/08/2014 17:08:52] Account Manager has logged out.
[03/08/2014 17:09:12] Foguete has logged in.
[03/08/2014 17:09:34] > Broadcasted message: "Novo CLIENTE = http://www.4shared.com/rar/HI2-47p8ce/Death_PVP.html".
[03/08/2014 17:10:19] Giga Raixys has logged out.
[03/08/2014 17:10:21] Giga Raixys has logged in.
[03/08/2014 17:12:21] Foguete has logged out.
[03/08/2014 17:12:23] Foguete has logged in.
[03/08/2014 17:12:33] Giga Raixys has logged out.
[03/08/2014 17:12:37] Giga Raixys has logged in.
[03/08/2014 17:13:45] Mlktop has logged out.
[03/08/2014 17:13:49] Mlktop has logged in.
[03/08/2014 17:14:20] Pally Zikka has logged out.
[03/08/2014 17:14:21] Pally Zikka has logged in.
[03/08/2014 17:15:49] Giga Raixys has logged out.
[03/08/2014 17:15:51] Giga Raixys has logged in.
[03/08/2014 17:16:15] > Broadcasted message: "Para esclarecer algumas duvidas digite !notice, para mais informacoes fale com um [CM]".
[03/08/2014 17:16:25] Giga Raixys has logged out.
[03/08/2014 17:16:28] Giga Raixys has logged in.
[03/08/2014 17:19:05] > Broadcasted message: "Game map cleaning in 1 minute, please pick up all your items.".
[03/08/2014 17:19:36] > CLEAN: Removed 1663 items from 2201 tiles in 0.25 seconds.
[03/08/2014 17:19:36] > Broadcasted message: "Map Cleaned.".
[03/08/2014 17:19:53] Mlktop has logged out.
[03/08/2014 17:19:54] Mlktop has logged in.
[03/08/2014 17:22:56] > Broadcasted message: "Sempre Ao Criar Uma Conta, Pegue A RK Dela No Account Manager Da Conta E Anote, Nunca Passe A Sua Senha Para Outras Pessoas, E Ao Entrar Em Outros OT´s Crie Contas Diferentes Para Não Sofrer HACKED, Não Me Responsabilizo Por Perdas, Obrigado".
[03/08/2014 17:24:01] Pally Da Morte has logged out.
[03/08/2014 17:24:57] Nathangostosao has logged out.
[03/08/2014 17:24:58] Nathangostosao has logged in.
[03/08/2014 17:27:51] Giga Raixys has logged out.
[03/08/2014 17:28:09] Giga Raixys has logged in.
[03/08/2014 17:28:51] Foguete has logged out.
[03/08/2014 17:28:54] Foguete has logged in.
[03/08/2014 17:29:37] > Broadcasted message: "Para duvidas, eventos, e futuramente compras E-mail/Msn -> deathpvp@live.com.".
[03/08/2014 17:30:15] Foguete has logged out.
[03/08/2014 17:30:19] Foguete has logged in.
[03/08/2014 17:31:44] Giga Raixys has logged out.
[03/08/2014 17:31:49] Pally Zikka has logged out.
[03/08/2014 17:31:50] Pally Zikka has logged in.
[03/08/2014 17:33:41] Mlktop has logged out.
[03/08/2014 17:33:44] Mlktop has logged in.
[03/08/2014 17:33:53] Mlktop has logged out.
[03/08/2014 17:33:56] Mlktop has logged in.
[03/08/2014 17:34:48] Giga Raixys has logged in.
[03/08/2014 17:35:31] > Saving server...
[03/08/2014 17:35:34] > SAVE: Complete in 2.262 seconds using relational house storage.
[03/08/2014 17:35:46] > Broadcasted message: "Game map cleaning in 1 minute, please pick up all your items.".
[03/08/2014 17:36:17] > CLEAN: Removed 1804 items from 1938 tiles in 0.364 seconds.
[03/08/2014 17:36:17] > Broadcasted message: "Map Cleaned.".
[03/08/2014 17:36:18] > Broadcasted message: "Para ver a lista de proximos tutores digite !tutores.".
[03/08/2014 17:36:27] Honda has logged out.
[03/08/2014 17:36:29] Honda has logged in.
[03/08/2014 17:41:12] Nathangostosao has logged out.
[03/08/2014 17:41:14] Nathangostosao has logged in.
[03/08/2014 17:41:35] Giga Raixys has logged out.
[03/08/2014 17:41:40] Giga Raixys has logged in.
[03/08/2014 17:42:59] > Broadcasted message: "Sempre Ao Criar Uma Conta, Pegue A RK Dela No Account Manager Da Conta E Anote, Nunca Passe A Sua Senha Para Outras Pessoas, E Ao Entrar Em Outros OT´s Crie Contas Diferentes Para Não Sofrer HACKED, Não Me Responsabilizo Por Perdas, Obrigado".
[03/08/2014 17:44:42] Foguete has logged out.
[03/08/2014 17:44:45] Foguete has logged in.
[03/08/2014 17:45:51] Giga Raixys has logged out.
[03/08/2014 17:45:56] Giga Raixys has logged in.
[03/08/2014 17:46:14] Mlktop has logged out.
[03/08/2014 17:46:15] Mlktop has logged in.
[03/08/2014 17:47:36] Mlktop has logged out.
[03/08/2014 17:47:53] Mlktop has logged in.
[03/08/2014 17:47:55] Mlktop has logged out.
[03/08/2014 17:48:08] Pally Zikka has logged out.
[03/08/2014 17:48:09] Pally Zikka has logged in.
[03/08/2014 17:48:16] Mlktop has logged in.
[03/08/2014 17:48:45] Mlktop has logged out.
[03/08/2014 17:49:40] > Broadcasted message: "Para esclarecer algumas duvidas digite !notice, para mais informacoes fale com um [CM]".
[03/08/2014 17:52:27] > Broadcasted message: "Game map cleaning in 1 minute, please pick up all your items.".
[03/08/2014 17:54:42] > Saving server...
[03/08/2014 17:54:52] > SAVE: Complete in 9.486 seconds using relational house storage.
[03/08/2014 17:54:53] Giga Raixys has logged out.
[03/08/2014 17:55:02] Honda has logged out.
[03/08/2014 17:55:05] Honda has logged in.
[03/08/2014 17:55:12] > CLEAN: Removed 1919 items from 2596 tiles in 0.203 seconds.
[03/08/2014 17:55:12] > Broadcasted message: "Map Cleaned.".
[03/08/2014 17:55:31] Giga Raixys has logged in.
[03/08/2014 17:56:21] > Broadcasted message: "Para esclarecer algumas duvidas digite !notice, para mais informacoes fale com um [CM]".
[03/08/2014 17:56:39] Foguete has logged out.
[03/08/2014 17:56:40] Foguete has logged in.
[03/08/2014 18:00:26] Nathangostosao has logged out.
[03/08/2014 18:00:27] Nathangostosao has logged in.
[03/08/2014 18:03:02] > Broadcasted message: "Sempre Ao Criar Uma Conta, Pegue A RK Dela No Account Manager Da Conta E Anote, Nunca Passe A Sua Senha Para Outras Pessoas, E Ao Entrar Em Outros OT´s Crie Contas Diferentes Para Não Sofrer HACKED, Não Me Responsabilizo Por Perdas, Obrigado".
[03/08/2014 18:03:17] Giga Raixys has logged out.
[03/08/2014 18:03:21] Giga Raixys has logged in.
[03/08/2014 18:04:36] Giga Raixys has logged out.
[03/08/2014 18:04:42] Giga Raixys has logged in.
[03/08/2014 18:06:08] Foguete has logged out.
[03/08/2014 18:06:10] Foguete has logged in.
[03/08/2014 18:06:41] Giga Raixys has logged out.
[03/08/2014 18:06:44] Giga Raixys has logged in.
[03/08/2014 18:07:16] Pally Zikka has logged out.
[03/08/2014 18:07:17] Pally Zikka has logged in.
[03/08/2014 18:08:52] > Saving server...
[03/08/2014 18:08:54] > SAVE: Complete in 2.278 seconds using relational house storage.
[03/08/2014 18:09:08] > Broadcasted message: "Game map cleaning in 1 minute, please pick up all your items.".
[03/08/2014 18:09:17] Foguete has logged out.
[03/08/2014 18:09:20] Foguete has logged in.
[03/08/2014 18:09:38] > CLEAN: Removed 421 items from 1011 tiles in 0.225 seconds.
[03/08/2014 18:09:38] > Broadcasted message: "Map Cleaned.".
[03/08/2014 18:09:43] > Broadcasted message: "Sempre Ao Criar Uma Conta, Pegue A RK Dela No Account Manager Da Conta E Anote, Nunca Passe A Sua Senha Para Outras Pessoas, E Ao Entrar Em Outros OT´s Crie Contas Diferentes Para Não Sofrer HACKED, Não Me Responsabilizo Por Perdas, Obrigado".
[03/08/2014 18:14:15] Bob Marley has logged out.
[03/08/2014 18:14:17] Bob Marley has logged in.
[03/08/2014 18:14:23] Bob Marley has logged out.
[03/08/2014 18:16:24] > Broadcasted message: "Para ver as noticias fale !notice".
[03/08/2014 18:16:40] Nathangostosao has logged out.
[03/08/2014 18:16:41] Nathangostosao has logged in.
[03/08/2014 18:20:58] Foguete has logged out.
[03/08/2014 18:21:08] Foguete has logged in.
[03/08/2014 18:21:13] Epic Exori has logged in.
[03/08/2014 18:23:05] > Broadcasted message: "Para duvidas, eventos, e futuramente compras E-mail/Msn -> deathpvp@live.com.".
[03/08/2014 18:25:49] > Broadcasted message: "Game map cleaning in 1 minute, please pick up all your items.".
[03/08/2014 18:26:20] > CLEAN: Removed 1018 items from 1380 tiles in 0.25 seconds.
[03/08/2014 18:26:20] > Broadcasted message: "Map Cleaned.".
[03/08/2014 18:27:07] Foguete has logged out.
[03/08/2014 18:27:08] Foguete has logged in.
[03/08/2014 18:29:46] > Broadcasted message: "Para esclarecer algumas duvidas digite !notice, para mais informacoes fale com um [CM]".
[03/08/2014 18:32:46] Nathangostosao has logged out.
[03/08/2014 18:32:50] Nathangostosao has logged in.
[03/08/2014 18:33:43] Foguete has logged out.
[03/08/2014 18:33:44] Foguete has logged in.
[03/08/2014 18:34:40] Foguete has logged out.
[03/08/2014 18:34:41] Foguete has logged in.
[03/08/2014 18:36:16] Giga Raixys has logged out.
[03/08/2014 18:36:20] Giga Raixys has logged in.
[03/08/2014 18:36:27] > Broadcasted message: "Para ver a lista de proximos tutores digite !tutores.".
[03/08/2014 18:37:43] Giga Raixys has logged out.
[03/08/2014 18:37:47] Giga Raixys has logged in.
[03/08/2014 18:37:50] Foguete has logged out.
[03/08/2014 18:37:52] Foguete has logged in.
[03/08/2014 18:39:02] Giga Raixys has logged out.
[03/08/2014 18:39:05] Giga Raixys has logged in.
[03/08/2014 18:40:20] Jack Violeiro has logged in.
[03/08/2014 18:40:50] Mateus has logged in.
[03/08/2014 18:41:05] Mateus has logged out.
[03/08/2014 18:41:20] Jack Violeiro has logged out.
[03/08/2014 18:41:29] Foguete has logged out.
[03/08/2014 18:41:31] Foguete has logged in.
[03/08/2014 18:41:36] Jack Violeiro has logged in.
[03/08/2014 18:42:13] > Saving server...
[03/08/2014 18:42:16] > SAVE: Complete in 2.41 seconds using relational house storage.
[03/08/2014 18:42:30] > Broadcasted message: "Game map cleaning in 1 minute, please pick up all your items.".
[03/08/2014 18:43:01] > CLEAN: Removed 2938 items from 2299 tiles in 0.245 seconds.
[03/08/2014 18:43:01] > Broadcasted message: "Map Cleaned.".
[03/08/2014 18:43:07] Jack Violeiro has logged out.
[03/08/2014 18:43:08] > Broadcasted message: "Sempre Ao Criar Uma Conta, Pegue A RK Dela No Account Manager Da Conta E Anote, Nunca Passe A Sua Senha Para Outras Pessoas, E Ao Entrar Em Outros OT´s Crie Contas Diferentes Para Não Sofrer HACKED, Não Me Responsabilizo Por Perdas, Obrigado".
[03/08/2014 18:43:10] Jack Violeiro has logged in.
[03/08/2014 18:44:35] Jack Violeiro has logged out.
[03/08/2014 18:44:41] Mateus has logged in.
[03/08/2014 18:45:09] Account Manager has logged in.
[03/08/2014 18:45:25] Account Manager has logged out.
[03/08/2014 18:45:52] Account Manager has logged in.
[03/08/2014 18:46:13] Account Manager has logged out.
[03/08/2014 18:46:26] Mega Pally has logged in.
[03/08/2014 18:48:45] Foguete has logged out.
[03/08/2014 18:48:55] Foguete has logged in.
[03/08/2014 18:48:57] Pally Zikka has logged out.
[03/08/2014 18:49:09] Nathangostosao has logged out.
[03/08/2014 18:49:10] Nathangostosao has logged in.
[03/08/2014 18:49:49] > Broadcasted message: "Para comprar bless digite !bless".
[03/08/2014 18:49:54] Epic Exori has logged out.
[03/08/2014 18:49:58] Epic Exori has logged in.
[03/08/2014 18:50:33] Mateus has logged out.
[03/08/2014 18:50:41] GM Macabro has logged in.
[03/08/2014 18:52:32] Foguete has logged out.
[03/08/2014 18:52:43] Foguete has logged in.
[03/08/2014 18:53:42] Honda has logged out.
[03/08/2014 18:53:55] > CLEAN: Removed 756 items from 889 tiles in 0.241 seconds.
[03/08/2014 18:56:30] > Broadcasted message: "Para ver as noticias fale !notice".
[03/08/2014 18:58:43] > CLEAN: Removed 627 items from 922 tiles in 0.239 seconds.
[03/08/2014 18:58:53] GM Macabro has logged out.
[03/08/2014 18:58:57] Mc Magrinho has logged in.
[03/08/2014 18:59:11] > Broadcasted message: "Game map cleaning in 1 minute, please pick up all your items.".
[03/08/2014 18:59:42] > CLEAN: Removed 130 items from 260 tiles in 0.223 seconds.
[03/08/2014 18:59:42] > Broadcasted message: "Map Cleaned.".
[03/08/2014 19:00:15] Giga Raixys has logged out.
[03/08/2014 19:00:19] Giga Raixys has logged in.
[03/08/2014 19:02:15] The Forgotten Server, version 0.3.4 (Crying Damson)
[03/08/2014 19:02:15] Sever Criado Por Alissow e Comedinha.
[03/08/2014 19:02:16] Publicidade: www.sotserv.blogspot.com <- <- <- Tudo sobre otserv.
[03/08/2014 19:02:16] Bom Jogo!!!
[03/08/2014 19:02:16] 
[03/08/2014 19:02:16] >> Debugging: nothing.
[03/08/2014 19:02:16] >> Checking software version... failed checking - malformed file.
[03/08/2014 19:02:17] 
[03/08/2014 19:02:17] >> Loading config (config.lua)
[03/08/2014 19:02:18] > Using plaintext passwords
[03/08/2014 19:02:18] >> Loading RSA key
[03/08/2014 19:02:18] >> Starting SQL connection
[03/08/2014 19:02:18] >> Running Database Manager
[03/08/2014 19:02:19] > Optimized database.
[03/08/2014 19:02:19] >> Loading items
[03/08/2014 19:02:19] >> Loading groups
[03/08/2014 19:02:19] >> Loading vocations
[03/08/2014 19:02:19] >> Loading script systems
[03/08/2014 19:02:22] >> Loading chat channels
[03/08/2014 19:02:22] >> Loading outfits
[03/08/2014 19:02:22] >> Loading experience stages
[03/08/2014 19:02:22] >> Loading monsters
[03/08/2014 19:02:25] >> Loading map and spawns...
[03/08/2014 19:02:26] > Map size: 65000x65000.
[03/08/2014 19:02:26] > Map descriptions: 
[03/08/2014 19:02:26] Saved with Remere's Map Editor 2.2
[03/08/2014 19:02:26] No map description available.
[03/08/2014 19:02:27] Duplicate uniqueId 2407
[03/08/2014 19:02:30] > Map loading time: 5.534 seconds.
[03/08/2014 19:02:32] > Data loading time: 0.862 seconds.
[03/08/2014 19:02:32] > Unserialization time for houses: 0.008 seconds.
[03/08/2014 19:02:55] > Unserialization time for map: 22.938 seconds.
[03/08/2014 19:02:56] >> Checking world type... PvP
[03/08/2014 19:02:57] >> Initializing game state modules and registering services...
[03/08/2014 19:02:58] > Global address: deathpvp.no-ip.info
[03/08/2014 19:02:58] > Local ports:
[03/08/2014 19:02:58] 7171	7172	
[03/08/2014 19:02:59] >> All modules were loaded, server starting up...
[03/08/2014 19:02:59] >> OT Death server Online!
[03/08/2014 19:02:59] 
[03/08/2014 19:02:59] sqlite3_step(): SQLITE ERROR: columns id, world_id are not unique
[03/08/2014 19:03:04] Mc Magrinho has logged in.
[03/08/2014 19:03:05] Epic Exori has logged in.
[03/08/2014 19:03:24] Mega Pally has logged in.
[03/08/2014 19:03:26] Foguete has logged in.
[03/08/2014 19:05:02] Account Manager has logged in.
[03/08/2014 19:05:09] Account Manager has logged out.
[03/08/2014 19:05:11] Giga Raixys has logged in.
[03/08/2014 19:07:19] Honda has logged in.
[03/08/2014 19:09:03] > Broadcasted message: "Para ver a lista de proximos tutores digite !tutores.".
[03/08/2014 19:09:37] Mateus has logged in.
[03/08/2014 19:10:07] Mateus has logged out.
[03/08/2014 19:15:44] > Broadcasted message: "Para ver a lista de proximos tutores digite !tutores.".
[03/08/2014 19:17:58] Pally Zikka has logged in.
[03/08/2014 19:19:03] > Broadcasted message: "Game map cleaning in 1 minute, please pick up all your items.".
[03/08/2014 19:19:35] > CLEAN: Removed 1561 items from 1210 tiles in 0.29 seconds.
[03/08/2014 19:19:35] > Broadcasted message: "Map Cleaned.".
[03/08/2014 19:22:25] > Broadcasted message: "Sempre Ao Criar Uma Conta, Pegue A RK Dela No Account Manager Da Conta E Anote, Nunca Passe A Sua Senha Para Outras Pessoas, E Ao Entrar Em Outros OT´s Crie Contas Diferentes Para Não Sofrer HACKED, Não Me Responsabilizo Por Perdas, Obrigado".
[03/08/2014 19:22:28] Mega Pally has logged out.
[03/08/2014 19:22:30] Mc Magrinho has logged out.
[03/08/2014 19:22:42] Foguete has logged out.
[03/08/2014 19:29:06] > Broadcasted message: "Sempre Ao Criar Uma Conta, Pegue A RK Dela No Account Manager Da Conta E Anote, Nunca Passe A Sua Senha Para Outras Pessoas, E Ao Entrar Em Outros OT´s Crie Contas Diferentes Para Não Sofrer HACKED, Não Me Responsabilizo Por Perdas, Obrigado".
[03/08/2014 19:33:11] Giga Raixys has logged out.
[03/08/2014 19:33:16] Giga Raixys has logged in.
[03/08/2014 19:34:11] Pally Zikka has logged out.
[03/08/2014 19:34:12] Pally Zikka has logged in.
[03/08/2014 19:34:52] Giga Raixys has logged out.
[03/08/2014 19:34:59] Giga Raixys has logged in.
[03/08/2014 19:35:44] > Broadcasted message: "Game map cleaning in 1 minute, please pick up all your items.".
[03/08/2014 19:35:47] > Broadcasted message: "Para comprar bless digite !bless".
[03/08/2014 19:35:48] > Saving server...
[03/08/2014 19:35:50] > SAVE: Complete in 1.95 seconds using relational house storage.
[03/08/2014 19:36:14] > CLEAN: Removed 2281 items from 1521 tiles in 0.203 seconds.
[03/08/2014 19:36:14] > Broadcasted message: "Map Cleaned.".
[03/08/2014 19:36:49] Pally Da Morte has logged in.
[03/08/2014 19:41:34] Pally Da Morte has logged out.
[03/08/2014 19:41:35] Pally Da Morte has logged in.
[03/08/2014 19:41:37] Pally Da Morte has logged out.
[03/08/2014 19:41:38] Pally Da Morte has logged in.
[03/08/2014 19:42:28] > Broadcasted message: "Para ver a lista de proximos tutores digite !tutores.".
[03/08/2014 19:42:32] Giga Raixys has logged out.
[03/08/2014 19:42:35] Giga Raixys has logged in.
[03/08/2014 19:42:42] Giga Raixys has logged out.
[03/08/2014 19:44:45] Honda has logged out.
[03/08/2014 19:44:47] Honda has logged in.
[03/08/2014 19:44:50] Honda has logged out.
[03/08/2014 19:49:09] > Broadcasted message: "Ot on das 07:00 as 00:00".
[03/08/2014 19:49:25] Pally Da Morte has logged out.
[03/08/2014 19:50:01] Honda has logged in.
[03/08/2014 19:50:47] Epic Exori has logged out.
[03/08/2014 19:51:33] Pally Da Morte has logged in.
[03/08/2014 19:51:40] Soufoda has logged in.
[03/08/2014 19:51:42] Soufoda has logged out.
[03/08/2014 19:51:43] Nois Que Voa Bruxao has logged in.
[03/08/2014 19:52:08] Epic Exori has logged in.
[03/08/2014 19:52:25] > Broadcasted message: "Game map cleaning in 1 minute, please pick up all your items.".
[03/08/2014 19:52:44] Pally Zikka has logged out.
[03/08/2014 19:52:45] Pally Zikka has logged in.
[03/08/2014 19:52:56] > CLEAN: Removed 1771 items from 1277 tiles in 0.203 seconds.
[03/08/2014 19:52:56] > Broadcasted message: "Map Cleaned.".
[03/08/2014 19:55:50] > Broadcasted message: "Novo CLIENTE = http://www.4shared.com/rar/HI2-47p8ce/Death_PVP.html".
[03/08/2014 19:58:45] Nois Que Voa Bruxao has logged out.
[03/08/2014 19:58:50] Nois Que Voa Bruxao has logged in.
[03/08/2014 20:02:31] > Broadcasted message: "Para comprar bless digite !bless".
[03/08/2014 20:06:09] Nois Que Voa Bruxao has logged out.
[03/08/2014 20:06:10] Nois Que Voa Bruxao has logged in.
[03/08/2014 20:08:14] Pally Da Morte has logged out.
[03/08/2014 20:08:15] Pally Da Morte has logged in.
[03/08/2014 20:08:37] Mc Magrinho has logged in.
[03/08/2014 20:09:06] > Broadcasted message: "Game map cleaning in 1 minute, please pick up all your items.".
[03/08/2014 20:09:09] > Saving server...
[03/08/2014 20:09:11] > SAVE: Complete in 1.981 seconds using relational house storage.
[03/08/2014 20:09:12] > Broadcasted message: "Para duvidas, eventos, e futuramente compras E-mail/Msn -> deathpvp@live.com.".
[03/08/2014 20:09:27] Nois Que Voa Bruxao has logged out.
[03/08/2014 20:09:31] Nois Que Voa Bruxao has logged in.
[03/08/2014 20:09:37] > CLEAN: Removed 1062 items from 720 tiles in 0.203 seconds.
[03/08/2014 20:09:37] > Broadcasted message: "Map Cleaned.".
[03/08/2014 20:10:42] Nois Que Voa Bruxao has logged out.
[03/08/2014 20:10:44] Nois Que Voa Bruxao has logged in.
[03/08/2014 20:10:49] Pally Da Morte has logged out.
[03/08/2014 20:10:51] Pally Da Morte has logged in.
[03/08/2014 20:12:52] Pally Zikka has logged out.
[03/08/2014 20:12:53] Pally Zikka has logged in.
[03/08/2014 20:13:10] Pally Da Morte has logged out.
[03/08/2014 20:13:12] Pally Da Morte has logged in.
[03/08/2014 20:13:24] Pally Da Morte has logged out.
[03/08/2014 20:13:25] Pally Da Morte has logged in.
[03/08/2014 20:13:50] Nois Que Voa Bruxao has logged out.
[03/08/2014 20:13:51] Nois Que Voa Bruxao has logged in.
[03/08/2014 20:15:18] Epic Exori has logged out.
[03/08/2014 20:15:45] Epic Exori has logged in.
[03/08/2014 20:15:53] > Broadcasted message: "Para comprar bless digite !bless".
[03/08/2014 20:22:34] > Broadcasted message: "Sempre Ao Criar Uma Conta, Pegue A RK Dela No Account Manager Da Conta E Anote, Nunca Passe A Sua Senha Para Outras Pessoas, E Ao Entrar Em Outros OT´s Crie Contas Diferentes Para Não Sofrer HACKED, Não Me Responsabilizo Por Perdas, Obrigado".
[03/08/2014 20:25:47] > Broadcasted message: "Game map cleaning in 1 minute, please pick up all your items.".
[03/08/2014 20:25:52] Honda has logged out.
[03/08/2014 20:26:18] > CLEAN: Removed 56 items from 113 tiles in 0.171 seconds.
[03/08/2014 20:26:18] > Broadcasted message: "Map Cleaned.".
[03/08/2014 20:27:03] Nois Que Voa Bruxao has logged out.
[03/08/2014 20:27:04] Nois Que Voa Bruxao has logged in.
[03/08/2014 20:27:57] Pally Da Morte has logged out.
[03/08/2014 20:28:23] Pally Da Morte has logged in.
[03/08/2014 20:29:15] > Broadcasted message: "Ot on das 07:00 as 00:00".
[03/08/2014 20:32:57] Pally Zikka has logged out.
[03/08/2014 20:35:56] > Broadcasted message: "Novo CLIENTE = http://www.4shared.com/rar/HI2-47p8ce/Death_PVP.html".
[03/08/2014 20:38:15] Mc Magrinho has logged out.
[03/08/2014 20:38:54] Down has logged in.
[03/08/2014 20:39:21] Yakuza has logged in.
[03/08/2014 20:39:41] Account Manager has logged in.
[03/08/2014 20:39:56] Account Manager has logged out.
[03/08/2014 20:40:02] Account Manager has logged in.
[03/08/2014 20:40:17] Account Manager has logged out.
[03/08/2014 20:40:23] Tio Pally has logged in.
[03/08/2014 20:40:27] Tio Pally has logged out.
[03/08/2014 20:40:32] Tio Pally has logged in.
[03/08/2014 20:42:28] > Broadcasted message: "Game map cleaning in 1 minute, please pick up all your items.".
[03/08/2014 20:42:30] > Saving server...
[03/08/2014 20:42:32] > SAVE: Complete in 1.997 seconds using relational house storage.
[03/08/2014 20:42:37] > Broadcasted message: "Novo CLIENTE = http://www.4shared.com/rar/HI2-47p8ce/Death_PVP.html".
[03/08/2014 20:42:47] Honda has logged in.
[03/08/2014 20:42:59] > CLEAN: Removed 14 items from 27 tiles in 0.203 seconds.
[03/08/2014 20:42:59] > Broadcasted message: "Map Cleaned.".
[03/08/2014 20:45:47] Yakuza has logged out.
[03/08/2014 20:45:48] Yakuza has logged in.
[03/08/2014 20:47:02] Yakuza has logged out.
[03/08/2014 20:47:39] Mateus has logged in.
[03/08/2014 20:47:54] Yakuza has logged in.
[03/08/2014 20:48:59] Nois Que Voa Bruxao has logged out.
[03/08/2014 20:49:02] Nois Que Voa Bruxao has logged in.
[03/08/2014 20:49:18] > Broadcasted message: "Para ver a lista de proximos tutores digite !tutores.".
[03/08/2014 20:49:44] Yakuza has logged out.
[03/08/2014 20:49:46] Yakuza has logged in.
[03/08/2014 20:49:46] Down has logged out.
[03/08/2014 20:49:49] Down has logged in.
[03/08/2014 20:50:02] Yakuza has logged out.
[03/08/2014 20:50:03] Yakuza has logged in.
[03/08/2014 20:50:13] Down has logged out.
[03/08/2014 20:50:15] Nois Que Voa Bruxao has logged out.
[03/08/2014 20:50:18] Yakuza has logged out.
[03/08/2014 20:50:20] Down has logged in.
[03/08/2014 20:50:21] Yakuza has logged in.
[03/08/2014 20:50:22] Nois Que Voa Bruxao has logged in.
[03/08/2014 20:53:23] Down has logged out.
[03/08/2014 20:55:59] > Broadcasted message: "Para ver a lista de proximos tutores digite !tutores.".
[03/08/2014 20:58:15] Honda has logged out.
[03/08/2014 20:58:18] Keisuke has logged in.
[03/08/2014 20:59:03] Keisuke has logged out.
[03/08/2014 20:59:05] Honda has logged in.
[03/08/2014 20:59:07] Tio Pally has logged out.
[03/08/2014 20:59:08] Tio Pally has logged in.
[03/08/2014 20:59:09] > Broadcasted message: "Game map cleaning in 1 minute, please pick up all your items.".
[03/08/2014 20:59:40] > CLEAN: Removed 679 items from 462 tiles in 0.36 seconds.
[03/08/2014 20:59:40] > Broadcasted message: "Map Cleaned.".
[03/08/2014 21:00:16] Mateus has logged out.
[03/08/2014 21:00:19] Mateus has logged in.
[03/08/2014 21:00:44] Mateus has logged out.
[03/08/2014 21:02:40] > Broadcasted message: "Para ver a lista de proximos tutores digite !tutores.".
[03/08/2014 21:03:15] Honda has logged out.
[03/08/2014 21:03:24] Lallana has logged in.
[03/08/2014 21:04:09] Nois Que Voa Bruxao has logged out.
[03/08/2014 21:04:12] Nois Que Voa Bruxao has logged in.
[03/08/2014 21:04:55] Pally Da Morte has logged out.
[03/08/2014 21:05:09] Pally Da Morte has logged in.
[03/08/2014 21:08:14] Nois Que Voa Bruxao has logged out.
[03/08/2014 21:08:18] Nois Que Voa Bruxao has logged in.
[03/08/2014 21:08:25] Pally Da Morte has logged out.
[03/08/2014 21:08:26] Pally Da Morte has logged in.
[03/08/2014 21:08:49] Lallana has logged out.
[03/08/2014 21:08:51] Lallana has logged in.
[03/08/2014 21:08:53] Epic Exori has logged out.
[03/08/2014 21:08:53] Epic Exori has logged in.
[03/08/2014 21:09:03] Demon Sky has logged in.
[03/08/2014 21:09:21] > Broadcasted message: "Para esclarecer algumas duvidas digite !notice, para mais informacoes fale com um [CM]".
[03/08/2014 21:11:37] Yakuza has logged out.
[03/08/2014 21:12:25] Epic Exori has logged out.
[03/08/2014 21:12:26] Epic Exori has logged in.
[03/08/2014 21:12:28] Demon Sky has logged out.
[03/08/2014 21:12:45] Pally Da Morte has logged out.
[03/08/2014 21:12:47] Pally Da Morte has logged in.
[03/08/2014 21:12:48] Nois Que Voa Bruxao has logged out.
[03/08/2014 21:12:50] Nois Que Voa Bruxao has logged in.
[03/08/2014 21:15:50] > Broadcasted message: "Game map cleaning in 1 minute, please pick up all your items.".
[03/08/2014 21:15:51] > Saving server...
[03/08/2014 21:15:53] > SAVE: Complete in 2.048 seconds using relational house storage.
[03/08/2014 21:16:02] > Broadcasted message: "Para ver a lista de proximos tutores digite !tutores.".
[03/08/2014 21:16:20] > CLEAN: Removed 100 items from 279 tiles in 0.247 seconds.
[03/08/2014 21:16:21] > Broadcasted message: "Map Cleaned.".
[03/08/2014 21:18:59] Epic Exori has logged out.
[03/08/2014 21:19:43] Epic Exori has logged in.
[03/08/2014 21:21:09] Tio Pally has logged out.
[03/08/2014 21:21:10] Epic Exori has logged out.
[03/08/2014 21:21:10] Tio Pally has logged in.
[03/08/2014 21:22:13] Epic Exori has logged in.
[03/08/2014 21:22:43] > Broadcasted message: "Ot on das 07:00 as 00:00".
[03/08/2014 21:23:21] Nois Que Voa Bruxao has logged out.
[03/08/2014 21:23:23] Nois Que Voa Bruxao has logged in.
[03/08/2014 21:28:30] Nois Que Voa Bruxao has logged out.
[03/08/2014 21:28:32] Nois Que Voa Bruxao has logged in.
[03/08/2014 21:28:36] Pally Da Morte has logged out.
[03/08/2014 21:28:37] Pally Da Morte has logged in.
[03/08/2014 21:29:24] > Broadcasted message: "Para ver a lista de proximos tutores digite !tutores.".
[03/08/2014 21:30:21] Pally Da Morte has logged out.
[03/08/2014 21:31:19] Pally Da Morte has logged in.
[03/08/2014 21:31:29] Pally Da Morte has logged out.
[03/08/2014 21:31:33] Pally Da Morte has logged in.
[03/08/2014 21:32:13] Pally Da Morte has logged out.
[03/08/2014 21:32:15] Pally Da Morte has logged in.
[03/08/2014 21:32:31] > Broadcasted message: "Game map cleaning in 1 minute, please pick up all your items.".
[03/08/2014 21:33:02] > CLEAN: Removed 684 items from 1001 tiles in 1.288 seconds.
[03/08/2014 21:33:04] > Broadcasted message: "Map Cleaned.".
[03/08/2014 21:34:14] Black Jose has logged in.
[03/08/2014 21:35:15] Pally Da Morte has logged out.
[03/08/2014 21:35:20] Pally Da Morte has logged in.
[03/08/2014 21:36:05] > Broadcasted message: "Para ver a lista de proximos tutores digite !tutores.".
[03/08/2014 21:41:05] Tio Pally has logged out.
[03/08/2014 21:41:08] Tio Pally has logged in.
[03/08/2014 21:41:24] Lallana has logged out.
[03/08/2014 21:41:25] Lallana has logged in.
[03/08/2014 21:41:31] Lallana has logged out.
[03/08/2014 21:41:42] Honda has logged in.
[03/08/2014 21:42:46] > Broadcasted message: "Ot on das 07:00 as 00:00".
[03/08/2014 21:43:58] Pally Oz Piint has logged in.
[03/08/2014 21:49:12] > Broadcasted message: "Game map cleaning in 1 minute, please pick up all your items.".
[03/08/2014 21:49:13] > Saving server...
[03/08/2014 21:49:16] > SAVE: Complete in 2.764 seconds using relational house storage.
[03/08/2014 21:49:17] Black Jose has logged out.
[03/08/2014 21:49:27] > Broadcasted message: "Para comprar bless digite !bless".
[03/08/2014 21:49:43] > CLEAN: Removed 348 items from 518 tiles in 0.347 seconds.
[03/08/2014 21:49:43] > Broadcasted message: "Map Cleaned.".
[03/08/2014 21:51:50] Nois Que Voa Bruxao has logged out.
[03/08/2014 21:56:08] > Broadcasted message: "Para ver as noticias fale !notice".
[03/08/2014 21:59:13] Tio Pally has logged out.
[03/08/2014 21:59:17] Tio Pally has logged in.
[03/08/2014 22:01:23] Pally Oz Piint has logged out.
[03/08/2014 22:01:24] Pally Oz Piint has logged in.
[03/08/2014 22:02:40] Tio Pally has logged out.
[03/08/2014 22:02:49] > Broadcasted message: "Sempre Ao Criar Uma Conta, Pegue A RK Dela No Account Manager Da Conta E Anote, Nunca Passe A Sua Senha Para Outras Pessoas, E Ao Entrar Em Outros OT´s Crie Contas Diferentes Para Não Sofrer HACKED, Não Me Responsabilizo Por Perdas, Obrigado".
[03/08/2014 22:03:17] Tio Pally has logged in.
[03/08/2014 22:03:18] Tio Pally has logged out.
[03/08/2014 22:05:53] > Broadcasted message: "Game map cleaning in 1 minute, please pick up all your items.".
[03/08/2014 22:06:24] > CLEAN: Removed 2438 items from 1913 tiles in 0.29 seconds.
[03/08/2014 22:06:24] > Broadcasted message: "Map Cleaned.".
[03/08/2014 22:08:16] Honda has logged out.
[03/08/2014 22:08:21] Honda has logged in.
[03/08/2014 22:08:27] Pally Da Morte has logged out.
[03/08/2014 22:09:30] > Broadcasted message: "Para duvidas, eventos, e futuramente compras E-mail/Msn -> deathpvp@live.com.".
[03/08/2014 22:11:37] Honda has logged out.
[03/08/2014 22:11:40] Honda has logged in.
[03/08/2014 22:16:11] > Broadcasted message: "Para comprar bless digite !bless".
[03/08/2014 22:16:31] Epic Exori has logged out.
[03/08/2014 22:17:34] Pally Oz Piint has logged out.
[03/08/2014 22:17:39] Pally Oz Piint has logged in.
[03/08/2014 22:18:30] Honda has logged out.
[03/08/2014 22:18:34] Honda has logged in.
[03/08/2014 22:19:03] Nois Que Voa Bruxao has logged in.
[03/08/2014 22:22:14] Honda has logged out.
[03/08/2014 22:22:32] Honda has logged in.
[03/08/2014 22:22:33] > Saving server...
[03/08/2014 22:22:35] > SAVE: Complete in 1.79 seconds using relational house storage.
[03/08/2014 22:22:35] > Broadcasted message: "Game map cleaning in 1 minute, please pick up all your items.".
[03/08/2014 22:22:52] > Broadcasted message: "Ot on das 07:00 as 00:00".
[03/08/2014 22:23:06] > CLEAN: Removed 785 items from 878 tiles in 0.254 seconds.
[03/08/2014 22:23:06] > Broadcasted message: "Map Cleaned.".
[03/08/2014 22:24:11] Account Manager has logged in.
[03/08/2014 22:24:13] Account Manager has logged out.
[03/08/2014 22:24:17] Pally Da Morte has logged in.
[03/08/2014 22:26:46] Lallana has logged in.
[03/08/2014 22:27:32] Lallana has logged out.
[03/08/2014 22:27:35] Lallana has logged in.
[03/08/2014 22:28:03] Epic Exori has logged in.
[03/08/2014 22:29:33] > Broadcasted message: "Novo CLIENTE = http://www.4shared.com/rar/HI2-47p8ce/Death_PVP.html".
[03/08/2014 22:33:53] Pally Oz Piint has logged out.
[03/08/2014 22:33:54] Pally Oz Piint has logged in.
[03/08/2014 22:35:45] Nois Que Voa Bruxao has logged out.
[03/08/2014 22:36:14] > Broadcasted message: "Para duvidas, eventos, e futuramente compras E-mail/Msn -> deathpvp@live.com.".
[03/08/2014 22:39:16] > Broadcasted message: "Game map cleaning in 1 minute, please pick up all your items.".
[03/08/2014 22:39:47] > CLEAN: Removed 1021 items from 1098 tiles in 0.261 seconds.
[03/08/2014 22:39:47] > Broadcasted message: "Map Cleaned.".
[03/08/2014 22:40:35] Account Manager has logged in.
[03/08/2014 22:41:52] Account Manager has logged out.
[03/08/2014 22:41:59] Honda has logged out.
[03/08/2014 22:42:01] Account Manager has logged in.
[03/08/2014 22:42:18] Account Manager has logged out.
[03/08/2014 22:42:19] Nois Que Voa Bruxao has logged in.
[03/08/2014 22:42:24] Account Manager has logged in.
[03/08/2014 22:42:40] Account Manager has logged out.
[03/08/2014 22:42:45] Kaolz Druid has logged in.
[03/08/2014 22:42:55] > Broadcasted message: "Novo CLIENTE = http://www.4shared.com/rar/HI2-47p8ce/Death_PVP.html".
[03/08/2014 22:43:29] Nois Que Voa Bruxao has logged out.
[03/08/2014 22:43:30] Soufoda has logged in.
[03/08/2014 22:43:56] Soufoda has logged out.
[03/08/2014 22:43:57] Nois Que Voa Bruxao has logged in.
[03/08/2014 22:45:41] Nathangostosao has logged in.
[03/08/2014 22:47:12] Lallana has logged out.
[03/08/2014 22:48:04] Nois Que Voa Bruxao has logged out.
[03/08/2014 22:48:05] Soufoda has logged in.
[03/08/2014 22:48:33] Soufoda has logged out.
[03/08/2014 22:48:34] Soufoda has logged in.
[03/08/2014 22:48:48] Soufoda has logged out.
[03/08/2014 22:48:49] Soufoda has logged in.
[03/08/2014 22:48:59] Soufoda has logged out.
[03/08/2014 22:49:03] Soufoda has logged in.
[03/08/2014 22:49:14] Soufoda has logged out.
[03/08/2014 22:49:15] Soufoda has logged in.
[03/08/2014 22:49:24] Soufoda has logged out.
[03/08/2014 22:49:27] Nois Que Voa Bruxao has logged in.
[03/08/2014 22:49:36] > Broadcasted message: "Sempre Ao Criar Uma Conta, Pegue A RK Dela No Account Manager Da Conta E Anote, Nunca Passe A Sua Senha Para Outras Pessoas, E Ao Entrar Em Outros OT´s Crie Contas Diferentes Para Não Sofrer HACKED, Não Me Responsabilizo Por Perdas, Obrigado".
[03/08/2014 22:49:39] Kaolz Druid has logged out.
[03/08/2014 22:49:40] Nois Que Voa Bruxao has logged out.
[03/08/2014 22:49:41] Kaolz Druid has logged in.
[03/08/2014 22:49:41] Nois Que Voa Bruxao has logged in.
[03/08/2014 22:49:45] Kaolz Druid has logged out.
[03/08/2014 22:49:46] Kaolz Druid has logged in.
[03/08/2014 22:50:10] Pally Oz Piint has logged out.
[03/08/2014 22:50:11] Pally Oz Piint has logged in.
[03/08/2014 22:50:56] Nathangostosao has logged out.
[03/08/2014 22:50:59] Nathangostosao has logged in.
[03/08/2014 22:52:09] Account Manager has logged in.
[03/08/2014 22:52:22] Account Manager has logged out.
[03/08/2014 22:52:37] Pally Da Morte has logged out.
[03/08/2014 22:52:44] Kaiozin has logged in.
[03/08/2014 22:52:44] Account Manager has logged in.
[03/08/2014 22:53:46] Kaiozin has logged out.
[03/08/2014 22:53:47] Pallyzinho has logged in.
[03/08/2014 22:54:10] Account Manager has logged out.
[03/08/2014 22:54:18] Pally Brisado has logged in.
[03/08/2014 22:54:22] Pallyzinho has logged out.
[03/08/2014 22:54:24] Kaiozin has logged in.
[03/08/2014 22:55:02] Pally Brisado has logged out.
[03/08/2014 22:55:04] Pally Brisado has logged in.
[03/08/2014 22:55:24] Kaiozin has logged out.
[03/08/2014 22:55:25] Account Manager has logged in.
[03/08/2014 22:55:38] Account Manager has logged out.
[03/08/2014 22:55:42] Pally Brisado has logged out.
[03/08/2014 22:55:43] Kaiozin has logged in.
[03/08/2014 22:55:44] Pally Brisado has logged in.
[03/08/2014 22:55:54] > Saving server...
[03/08/2014 22:55:57] > SAVE: Complete in 2.28 seconds using relational house storage.
[03/08/2014 22:55:57] > Broadcasted message: "Game map cleaning in 1 minute, please pick up all your items.".
[03/08/2014 22:56:05] Kaiozin has logged out.
[03/08/2014 22:56:05] Kaiozinho has logged in.
[03/08/2014 22:56:17] > Broadcasted message: "Sempre Ao Criar Uma Conta, Pegue A RK Dela No Account Manager Da Conta E Anote, Nunca Passe A Sua Senha Para Outras Pessoas, E Ao Entrar Em Outros OT´s Crie Contas Diferentes Para Não Sofrer HACKED, Não Me Responsabilizo Por Perdas, Obrigado".
[03/08/2014 22:56:28] > CLEAN: Removed 1681 items from 1282 tiles in 0.276 seconds.
[03/08/2014 22:56:28] > Broadcasted message: "Map Cleaned.".
[03/08/2014 23:00:21] Kaiozinho has logged out.
[03/08/2014 23:00:22] Pally Da Morte has logged in.
[03/08/2014 23:02:58] > Broadcasted message: "Para esclarecer algumas duvidas digite !notice, para mais informacoes fale com um [CM]".
[03/08/2014 23:03:13] Honda has logged in.
[03/08/2014 23:05:07] Epic Exori has logged out.
[03/08/2014 23:06:05] Nathangostosao has logged out.
[03/08/2014 23:06:29] Pally Oz Piint has logged out.
[03/08/2014 23:06:36] Pally Oz Piint has logged in.
[03/08/2014 23:09:10] Pally Brisado has logged out.
[03/08/2014 23:09:39] > Broadcasted message: "Sempre Ao Criar Uma Conta, Pegue A RK Dela No Account Manager Da Conta E Anote, Nunca Passe A Sua Senha Para Outras Pessoas, E Ao Entrar Em Outros OT´s Crie Contas Diferentes Para Não Sofrer HACKED, Não Me Responsabilizo Por Perdas, Obrigado".
[03/08/2014 23:12:27] Nathangostosao has logged in.
[03/08/2014 23:12:38] > Broadcasted message: "Game map cleaning in 1 minute, please pick up all your items.".
[03/08/2014 23:13:02] Mateus has logged in.
[03/08/2014 23:13:09] > CLEAN: Removed 1017 items from 1197 tiles in 0.265 seconds.
[03/08/2014 23:13:09] > Broadcasted message: "Map Cleaned.".
[03/08/2014 23:14:52] Kaolz Druid has logged out.
[03/08/2014 23:14:58] Kaolz Druid has logged in.
[03/08/2014 23:15:10] Mateus has logged out.
[03/08/2014 23:15:21] Kaolz Druid has logged out.
[03/08/2014 23:16:20] > Broadcasted message: "Novo CLIENTE = http://www.4shared.com/rar/HI2-47p8ce/Death_PVP.html".
[03/08/2014 23:17:33] Epic Exori has logged in.
[03/08/2014 23:17:34] Epic Exori has logged out.
[03/08/2014 23:17:35] Epic Exori has logged in.
[03/08/2014 23:17:36] Epic Exori has logged out.
[03/08/2014 23:17:48] Epic Exori has logged in.
[03/08/2014 23:18:00] Foguete has logged in.
[03/08/2014 23:18:02] Foguete has logged out.
[03/08/2014 23:18:23] Foguete has logged in.
[03/08/2014 23:18:24] Foguete has logged out.
[03/08/2014 23:23:01] > Broadcasted message: "Para ver as noticias fale !notice".
[03/08/2014 23:23:37] Pally Oz Piint has logged out.
[03/08/2014 23:23:38] Pally Oz Piint has logged in.
[03/08/2014 23:26:04] Nois Que Voa Bruxao has logged out.
[03/08/2014 23:26:08] Pally Da Morte has logged out.
[03/08/2014 23:29:15] > Saving server...
[03/08/2014 23:29:18] > SAVE: Complete in 2.528 seconds using relational house storage.
[03/08/2014 23:29:19] > Broadcasted message: "Game map cleaning in 1 minute, please pick up all your items.".
[03/08/2014 23:29:42] > Broadcasted message: "Para duvidas, eventos, e futuramente compras E-mail/Msn -> deathpvp@live.com.".
[03/08/2014 23:29:47] Nathangostosao has logged out.
[03/08/2014 23:29:48] Nathangostosao has logged in.
[03/08/2014 23:29:50] > CLEAN: Removed 1502 items from 1409 tiles in 0.218 seconds.
[03/08/2014 23:29:50] > Broadcasted message: "Map Cleaned.".
