[03/09/2014 13:16:52] The Forgotten Server, version 0.3.4 (Crying Damson)
[03/09/2014 13:16:52] Sever Criado Por Alissow e Comedinha.
[03/09/2014 13:16:52] Publicidade: www.sotserv.blogspot.com <- <- <- Tudo sobre otserv.
[03/09/2014 13:16:52] Bom Jogo!!!
[03/09/2014 13:16:52] 
[03/09/2014 13:16:52] >> Debugging: nothing.
[03/09/2014 13:16:52] >> Checking software version... failed checking - malformed file.
[03/09/2014 13:16:53] 
[03/09/2014 13:16:53] >> Loading config (config.lua)
[03/09/2014 13:16:53] > Using plaintext passwords
[03/09/2014 13:16:53] >> Loading RSA key
[03/09/2014 13:16:53] >> Starting SQL connection
[03/09/2014 13:16:54] >> Running Database Manager
[03/09/2014 13:16:54] > Optimized database.
[03/09/2014 13:16:55] >> Loading items
[03/09/2014 13:16:56] >> Loading groups
[03/09/2014 13:16:56] >> Loading vocations
[03/09/2014 13:16:56] >> Loading script systems
[03/09/2014 13:17:01] >> Loading chat channels
[03/09/2014 13:17:01] >> Loading outfits
[03/09/2014 13:17:01] >> Loading experience stages
[03/09/2014 13:17:01] >> Loading monsters
[03/09/2014 13:17:05] >> Loading map and spawns...
[03/09/2014 13:17:06] > Map size: 65000x65000.
[03/09/2014 13:17:06] > Map descriptions: 
[03/09/2014 13:17:06] Saved with Remere's Map Editor 2.2
[03/09/2014 13:17:06] No map description available.
[03/09/2014 13:17:07] Duplicate uniqueId 2407
[03/09/2014 13:17:10] > Map loading time: 4.883 seconds.
[03/09/2014 13:17:11] > Data loading time: 0.811 seconds.
[03/09/2014 13:17:11] > Unserialization time for houses: 0.032 seconds.
[03/09/2014 13:17:33] > Unserialization time for map: 21.232 seconds.
[03/09/2014 13:17:33] >> Checking world type... PvP
[03/09/2014 13:17:33] >> Initializing game state modules and registering services...
[03/09/2014 13:17:34] > Global address: deathpvp.no-ip.info
[03/09/2014 13:17:34] > Local ports:
[03/09/2014 13:17:34] 7171	7172	
[03/09/2014 13:17:34] >> All modules were loaded, server starting up...
[03/09/2014 13:17:34] >> OT Death server Online!
[03/09/2014 13:17:34] 
[03/09/2014 13:23:42] > Broadcasted message: "Para duvidas, eventos, e futuramente compras E-mail/Msn -> deathpvp@live.com.".
[03/09/2014 13:30:23] > Broadcasted message: "Novo CLIENTE = http://www.4shared.com/rar/Xvc96eOece/Death_PVP.html".
[03/09/2014 13:31:36] sqlite3_step(): SQLITE ERROR: columns id, world_id are not unique
[03/09/2014 13:31:43] Haddadi has logged in.
[03/09/2014 13:33:42] > Broadcasted message: "Game map cleaning in 1 minute, please pick up all your items.".
[03/09/2014 13:34:12] > CLEAN: Removed 0 items from 84 tiles in 0.124 seconds.
[03/09/2014 13:34:12] > Broadcasted message: "Map Cleaned.".
[03/09/2014 13:34:29] Menino Mal has logged in.
[03/09/2014 13:37:04] > Broadcasted message: "Ot on das 07:00 as 00:00".
[03/09/2014 13:40:02] Haddadi has logged out.
[03/09/2014 13:40:11] Honda has logged in.
[03/09/2014 13:40:14] Honda has logged out.
[03/09/2014 13:40:21] Hegazy has logged in.
[03/09/2014 13:40:24] Hegazy has logged out.
[03/09/2014 13:40:25] Hegazy has logged in.
[03/09/2014 13:40:26] Hegazy has logged out.
[03/09/2014 13:40:34] Haddadi has logged in.
[03/09/2014 13:41:12] Menino Mal has logged out.
[03/09/2014 13:43:45] Tedd has logged in.
[03/09/2014 13:43:46] > Broadcasted message: "Para ver as noticias fale !notice".
[03/09/2014 13:47:49] Tedd has logged out.
[03/09/2014 13:47:57] Hegazy has logged in.
[03/09/2014 13:49:33] Hegazy has logged out.
[03/09/2014 13:49:41] Tedd has logged in.
[03/09/2014 13:50:23] > Broadcasted message: "Game map cleaning in 1 minute, please pick up all your items.".
[03/09/2014 13:50:26] Tedd has logged out.
[03/09/2014 13:50:27] > Broadcasted message: "Para duvidas, eventos, e futuramente compras E-mail/Msn -> deathpvp@live.com.".
[03/09/2014 13:50:27] > Saving server...
[03/09/2014 13:50:29] > SAVE: Complete in 1.716 seconds using relational house storage.
[03/09/2014 13:50:35] Hegazy has logged in.
[03/09/2014 13:50:54] > CLEAN: Removed 0 items from 4 tiles in 0.218 seconds.
[03/09/2014 13:50:54] > Broadcasted message: "Map Cleaned.".
[03/09/2014 13:57:08] > Broadcasted message: "Ot on das 07:00 as 00:00".
[03/09/2014 13:57:43] Hegazy has logged out.
[03/09/2014 13:57:45] Hegazy has logged in.
[03/09/2014 14:03:49] > Broadcasted message: "Para comprar bless digite !bless".
[03/09/2014 14:07:04] > Broadcasted message: "Game map cleaning in 1 minute, please pick up all your items.".
[03/09/2014 14:07:35] > CLEAN: Removed 49 items from 198 tiles in 0.141 seconds.
[03/09/2014 14:07:35] > Broadcasted message: "Map Cleaned.".
[03/09/2014 14:10:30] > Broadcasted message: "Para esclarecer algumas duvidas digite !notice, para mais informacoes fale com um [CM]".
[03/09/2014 14:11:37] Hegazy has logged out.
[03/09/2014 14:11:39] Hegazy has logged in.
[03/09/2014 14:17:11] > Broadcasted message: "Novo CLIENTE = http://www.4shared.com/rar/Xvc96eOece/Death_PVP.html".
[03/09/2014 14:23:37] Veigar has logged in.
[03/09/2014 14:23:45] > Broadcasted message: "Game map cleaning in 1 minute, please pick up all your items.".
[03/09/2014 14:23:48] > Saving server...
[03/09/2014 14:23:50] > SAVE: Complete in 1.872 seconds using relational house storage.
[03/09/2014 14:23:52] > Broadcasted message: "Novo CLIENTE = http://www.4shared.com/rar/Xvc96eOece/Death_PVP.html".
[03/09/2014 14:24:16] > CLEAN: Removed 28 items from 42 tiles in 0.14 seconds.
[03/09/2014 14:24:16] > Broadcasted message: "Map Cleaned.".
[03/09/2014 14:24:39] Veigar has logged out.
[03/09/2014 14:30:33] > Broadcasted message: "Para duvidas, eventos, e futuramente compras E-mail/Msn -> deathpvp@live.com.".
[03/09/2014 14:35:53] Magez-linda has logged in.
[03/09/2014 14:36:57] Magez-linda has logged out.
[03/09/2014 14:37:14] > Broadcasted message: "Para ver a lista de proximos tutores digite !tutores.".
[03/09/2014 14:37:20] Magez-linda has logged in.
[03/09/2014 14:40:26] > Broadcasted message: "Game map cleaning in 1 minute, please pick up all your items.".
[03/09/2014 14:40:57] > CLEAN: Removed 48 items from 49 tiles in 0.14 seconds.
[03/09/2014 14:40:57] > Broadcasted message: "Map Cleaned.".
[03/09/2014 14:43:55] > Broadcasted message: "Para ver a lista de proximos tutores digite !tutores.".
[03/09/2014 14:48:50] Haddadi has logged out.
[03/09/2014 14:49:18] Haddadi has logged in.
[03/09/2014 14:50:00] Magez-linda has logged out.
[03/09/2014 14:50:01] Magez-linda has logged in.
[03/09/2014 14:50:36] > Broadcasted message: "Para ver as noticias fale !notice".
[03/09/2014 14:54:28] Haddadi has logged out.
[03/09/2014 14:54:29] Haddadi has logged in.
[03/09/2014 14:55:08] Hegazy has logged out.
[03/09/2014 14:55:10] Hegazy has logged in.
[03/09/2014 14:57:07] > Broadcasted message: "Game map cleaning in 1 minute, please pick up all your items.".
[03/09/2014 14:57:09] > Saving server...
[03/09/2014 14:57:11] > SAVE: Complete in 1.809 seconds using relational house storage.
[03/09/2014 14:57:17] > Broadcasted message: "Para ver a lista de proximos tutores digite !tutores.".
[03/09/2014 14:57:38] > CLEAN: Removed 147 items from 416 tiles in 0.156 seconds.
[03/09/2014 14:57:38] > Broadcasted message: "Map Cleaned.".
[03/09/2014 14:58:38] Haddadi has logged out.
[03/09/2014 14:58:44] Honda has logged in.
[03/09/2014 14:59:10] Honda has logged out.
[03/09/2014 14:59:41] Haddadi has logged in.
[03/09/2014 15:00:03] Haddadi has logged out.
[03/09/2014 15:00:55] Keisuke has logged in.
[03/09/2014 15:01:11] Keisuke has logged out.
[03/09/2014 15:01:23] Honda has logged in.
[03/09/2014 15:02:38] Honda has logged out.
[03/09/2014 15:02:46] Haddadi has logged in.
[03/09/2014 15:02:52] Haddadi has logged out.
[03/09/2014 15:03:07] Haddadi has logged in.
[03/09/2014 15:03:11] Haddadi has logged out.
[03/09/2014 15:03:20] Honda has logged in.
[03/09/2014 15:03:58] > Broadcasted message: "Para esclarecer algumas duvidas digite !notice, para mais informacoes fale com um [CM]".
[03/09/2014 15:05:29] Hegazy has logged out.
[03/09/2014 15:05:31] Hegazy has logged in.
[03/09/2014 15:06:29] Honda has logged out.
[03/09/2014 15:06:30] Honda has logged in.
[03/09/2014 15:06:59] Hegazy has logged out.
[03/09/2014 15:07:01] Hegazy has logged in.
[03/09/2014 15:08:02] Honda has logged out.
[03/09/2014 15:08:03] Honda has logged in.
[03/09/2014 15:08:03] Hegazy has logged out.
[03/09/2014 15:08:04] Honda has logged out.
[03/09/2014 15:08:09] Hegazy has logged in.
[03/09/2014 15:08:13] Honda has logged in.
[03/09/2014 15:09:00] Honda has logged out.
[03/09/2014 15:09:01] Keisuke has logged in.
[03/09/2014 15:09:21] Keisuke has logged out.
[03/09/2014 15:09:22] Honda has logged in.
[03/09/2014 15:09:57] Hegazy has logged out.
[03/09/2014 15:09:58] Hegazy has logged in.
[03/09/2014 15:10:39] > Broadcasted message: "Ot on das 07:00 as 00:00".
[03/09/2014 15:11:17] Hegazy has logged out.
[03/09/2014 15:11:19] Hegazy has logged in.
[03/09/2014 15:13:05] Honda has logged out.
[03/09/2014 15:13:08] Honda has logged in.
[03/09/2014 15:13:48] > Broadcasted message: "Game map cleaning in 1 minute, please pick up all your items.".
[03/09/2014 15:14:18] > CLEAN: Removed 6 items from 23 tiles in 0.14 seconds.
[03/09/2014 15:14:19] > Broadcasted message: "Map Cleaned.".
[03/09/2014 15:16:47] Hegazy has logged out.
[03/09/2014 15:16:49] Hegazy has logged in.
[03/09/2014 15:17:16] Honda has logged out.
[03/09/2014 15:17:18] Honda has logged in.
[03/09/2014 15:17:20] > Broadcasted message: "Para duvidas, eventos, e futuramente compras E-mail/Msn -> deathpvp@live.com.".
[03/09/2014 15:18:28] Honda has logged out.
[03/09/2014 15:18:28] Hegazy has logged out.
[03/09/2014 15:18:30] Hegazy has logged in.
[03/09/2014 15:18:30] Honda has logged in.
[03/09/2014 15:19:28] Honda has logged out.
[03/09/2014 15:19:29] Hegazy has logged out.
[03/09/2014 15:19:30] Honda has logged in.
[03/09/2014 15:19:31] Hegazy has logged in.
[03/09/2014 15:21:24] Honda has logged out.
[03/09/2014 15:21:26] Honda has logged in.
[03/09/2014 15:23:36] Honda has logged out.
[03/09/2014 15:23:38] Honda has logged in.
[03/09/2014 15:24:01] > Broadcasted message: "Novo CLIENTE = http://www.4shared.com/rar/Xvc96eOece/Death_PVP.html".
[03/09/2014 15:26:05] Honda has logged out.
[03/09/2014 15:26:08] Honda has logged in.
[03/09/2014 15:27:33] Honda has logged out.
[03/09/2014 15:27:34] Honda has logged in.
[03/09/2014 15:29:31] Hegazy has logged out.
[03/09/2014 15:29:33] Hegazy has logged in.
[03/09/2014 15:30:29] > Broadcasted message: "Game map cleaning in 1 minute, please pick up all your items.".
[03/09/2014 15:30:30] > Saving server...
[03/09/2014 15:30:31] > SAVE: Complete in 1.701 seconds using relational house storage.
[03/09/2014 15:30:42] > Broadcasted message: "Para comprar bless digite !bless".
[03/09/2014 15:30:59] > CLEAN: Removed 5 items from 35 tiles in 0.156 seconds.
[03/09/2014 15:30:59] > Broadcasted message: "Map Cleaned.".
[03/09/2014 15:31:38] Hegazy has logged out.
[03/09/2014 15:31:39] Hegazy has logged in.
[03/09/2014 15:32:11] Hegazy has logged out.
[03/09/2014 15:32:13] Hegazy has logged in.
[03/09/2014 15:33:19] Honda has logged out.
[03/09/2014 15:33:22] Honda has logged in.
[03/09/2014 15:34:07] Honda has logged out.
[03/09/2014 15:34:09] Honda has logged in.
[03/09/2014 15:34:11] Hegazy has logged out.
[03/09/2014 15:34:13] Hegazy has logged in.
[03/09/2014 15:35:24] Honda has logged out.
[03/09/2014 15:35:26] Honda has logged in.
[03/09/2014 15:36:21] Honda has logged out.
[03/09/2014 15:36:22] Honda has logged in.
[03/09/2014 15:37:16] Honda has logged out.
[03/09/2014 15:37:18] Honda has logged in.
[03/09/2014 15:37:23] > Broadcasted message: "Para ver as noticias fale !notice".
[03/09/2014 15:37:34] Honda has logged out.
[03/09/2014 15:37:36] Honda has logged in.
[03/09/2014 15:40:30] Lucas has logged in.
[03/09/2014 15:41:47] Honda has logged out.
[03/09/2014 15:41:49] Honda has logged in.
[03/09/2014 15:42:12] Magez-linda has logged out.
[03/09/2014 15:42:17] Magez-linda has logged in.
[03/09/2014 15:42:54] Magez-linda has logged out.
[03/09/2014 15:42:56] Magez-linda has logged in.
[03/09/2014 15:43:39] Magez-linda has logged out.
[03/09/2014 15:43:42] Magez-linda has logged in.
[03/09/2014 15:44:04] > Broadcasted message: "Para duvidas, eventos, e futuramente compras E-mail/Msn -> deathpvp@live.com.".
[03/09/2014 15:47:10] > Broadcasted message: "Game map cleaning in 1 minute, please pick up all your items.".
[03/09/2014 15:47:41] > CLEAN: Removed 10 items from 40 tiles in 0.156 seconds.
[03/09/2014 15:47:41] > Broadcasted message: "Map Cleaned.".
[03/09/2014 15:48:41] Magez-linda has logged out.
[03/09/2014 15:48:43] Magez-linda has logged in.
[03/09/2014 15:50:45] > Broadcasted message: "Para ver as noticias fale !notice".
[03/09/2014 15:51:42] > Saving server...
[03/09/2014 15:51:44] > SAVE: Complete in 1.887 seconds using relational house storage.
[03/09/2014 15:51:53] Magez-linda has logged out.
[03/09/2014 15:51:55] Magez-linda has logged in.
[03/09/2014 15:52:11] Lucas has logged out.
[03/09/2014 15:52:12] Lucas has logged in.
[03/09/2014 15:52:24] Hegazy has logged out.
[03/09/2014 15:52:26] Hegazy has logged in.
[03/09/2014 15:52:56] Honda has logged out.
[03/09/2014 15:52:58] Honda has logged in.
[03/09/2014 15:53:38] Magez-linda has logged out.
[03/09/2014 15:53:39] Magez-linda has logged in.
[03/09/2014 15:53:53] Hegazy has logged out.
[03/09/2014 15:53:55] Hegazy has logged in.
[03/09/2014 15:54:11] Honda has logged out.
[03/09/2014 15:54:13] Honda has logged in.
[03/09/2014 15:54:29] Lucas has logged out.
[03/09/2014 15:54:30] Honda has logged out.
[03/09/2014 15:54:31] Honda has logged in.
[03/09/2014 15:54:32] Lucas has logged in.
[03/09/2014 15:55:06] Hegazy has logged out.
[03/09/2014 15:55:08] Hegazy has logged in.
[03/09/2014 15:55:46] Magez-linda has logged out.
[03/09/2014 15:55:47] Magez-linda has logged in.
[03/09/2014 15:56:04] Honda has logged out.
[03/09/2014 15:56:07] Honda has logged in.
[03/09/2014 15:56:25] Hegazy has logged out.
[03/09/2014 15:56:26] Hegazy has logged in.
[03/09/2014 15:56:56] Magez-linda has logged out.
[03/09/2014 15:56:57] Magez-linda has logged in.
[03/09/2014 15:57:21] Honda has logged out.
[03/09/2014 15:57:22] Honda has logged in.
[03/09/2014 15:57:26] > Broadcasted message: "Sempre Ao Criar Uma Conta, Pegue A RK Dela No Account Manager Da Conta E Anote, Nunca Passe A Sua Senha Para Outras Pessoas, E Ao Entrar Em Outros OT´s Crie Contas Diferentes Para Não Sofrer HACKED, Não Me Responsabilizo Por Perdas, Obrigado".
[03/09/2014 15:57:35] Lucas has logged out.
[03/09/2014 15:57:37] Lucas has logged in.
[03/09/2014 15:58:04] Hegazy has logged out.
[03/09/2014 15:58:05] Hegazy has logged in.
[03/09/2014 15:58:31] Magez-linda has logged out.
[03/09/2014 15:58:32] Magez-linda has logged in.
[03/09/2014 15:58:57] Honda has logged out.
[03/09/2014 15:58:59] Honda has logged in.
[03/09/2014 15:59:12] Hegazy has logged out.
[03/09/2014 15:59:13] Hegazy has logged in.
[03/09/2014 15:59:29] Magez-linda has logged out.
[03/09/2014 15:59:37] Magez-linda has logged in.
[03/09/2014 15:59:48] Honda has logged out.
[03/09/2014 15:59:50] Honda has logged in.
[03/09/2014 16:00:13] Hegazy has logged out.
[03/09/2014 16:00:15] Hegazy has logged in.
[03/09/2014 16:00:40] Magez-linda has logged out.
[03/09/2014 16:00:41] Magez-linda has logged in.
[03/09/2014 16:01:08] Honda has logged out.
[03/09/2014 16:01:09] Lucas has logged out.
[03/09/2014 16:01:10] Honda has logged in.
[03/09/2014 16:01:10] Lucas has logged in.
[03/09/2014 16:01:30] Hegazy has logged out.
[03/09/2014 16:01:31] Hegazy has logged in.
[03/09/2014 16:01:58] Magez-linda has logged out.
[03/09/2014 16:01:59] Magez-linda has logged in.
[03/09/2014 16:02:27] Honda has logged out.
[03/09/2014 16:02:29] Honda has logged in.
[03/09/2014 16:02:42] Hegazy has logged out.
[03/09/2014 16:02:43] Hegazy has logged in.
[03/09/2014 16:02:59] Magez-linda has logged out.
[03/09/2014 16:03:01] Magez-linda has logged in.
[03/09/2014 16:03:25] Honda has logged out.
[03/09/2014 16:03:26] Honda has logged in.
[03/09/2014 16:03:43] Hegazy has logged out.
[03/09/2014 16:03:44] Hegazy has logged in.
[03/09/2014 16:03:50] Hegazy has logged out.
[03/09/2014 16:03:51] > Broadcasted message: "Game map cleaning in 1 minute, please pick up all your items.".
[03/09/2014 16:03:51] > Saving server...
[03/09/2014 16:03:53] > SAVE: Complete in 1.716 seconds using relational house storage.
[03/09/2014 16:03:53] Hegazy has logged in.
[03/09/2014 16:04:04] Lucas has logged out.
[03/09/2014 16:04:05] Lucas has logged in.
[03/09/2014 16:04:07] > Broadcasted message: "Sempre Ao Criar Uma Conta, Pegue A RK Dela No Account Manager Da Conta E Anote, Nunca Passe A Sua Senha Para Outras Pessoas, E Ao Entrar Em Outros OT´s Crie Contas Diferentes Para Não Sofrer HACKED, Não Me Responsabilizo Por Perdas, Obrigado".
[03/09/2014 16:04:19] Magez-linda has logged out.
[03/09/2014 16:04:21] Magez-linda has logged in.
[03/09/2014 16:04:21] > CLEAN: Removed 77 items from 62 tiles in 0.156 seconds.
[03/09/2014 16:04:21] > Broadcasted message: "Map Cleaned.".
[03/09/2014 16:05:20] Honda has logged out.
[03/09/2014 16:05:23] Honda has logged in.
[03/09/2014 16:06:21] Hegazy has logged out.
[03/09/2014 16:06:22] Hegazy has logged in.
[03/09/2014 16:06:47] Magez-linda has logged out.
[03/09/2014 16:06:49] Magez-linda has logged in.
[03/09/2014 16:07:19] Honda has logged out.
[03/09/2014 16:07:21] Honda has logged in.
[03/09/2014 16:07:35] Hegazy has logged out.
[03/09/2014 16:07:36] Hegazy has logged in.
[03/09/2014 16:07:54] Magez-linda has logged out.
[03/09/2014 16:07:55] Magez-linda has logged in.
[03/09/2014 16:08:07] Honda has logged out.
[03/09/2014 16:08:09] Honda has logged in.
[03/09/2014 16:08:22] Hegazy has logged out.
[03/09/2014 16:08:23] Hegazy has logged in.
[03/09/2014 16:08:50] Magez-linda has logged out.
[03/09/2014 16:08:52] Magez-linda has logged in.
[03/09/2014 16:09:12] Honda has logged out.
[03/09/2014 16:09:14] Honda has logged in.
[03/09/2014 16:10:18] Hegazy has logged out.
[03/09/2014 16:10:20] Hegazy has logged in.
[03/09/2014 16:10:47] Magez-linda has logged out.
[03/09/2014 16:10:48] Magez-linda has logged in.
[03/09/2014 16:10:48] > Broadcasted message: "Para comprar bless digite !bless".
[03/09/2014 16:11:05] Honda has logged out.
[03/09/2014 16:11:06] Honda has logged in.
[03/09/2014 16:11:21] Hegazy has logged out.
[03/09/2014 16:11:23] Hegazy has logged in.
[03/09/2014 16:11:44] Magez-linda has logged out.
[03/09/2014 16:11:46] Magez-linda has logged in.
[03/09/2014 16:12:02] Honda has logged out.
[03/09/2014 16:12:03] Honda has logged in.
[03/09/2014 16:12:16] Hegazy has logged out.
[03/09/2014 16:12:18] Hegazy has logged in.
[03/09/2014 16:12:36] Magez-linda has logged out.
[03/09/2014 16:12:38] Magez-linda has logged in.
[03/09/2014 16:12:50] Honda has logged out.
[03/09/2014 16:12:51] Honda has logged in.
[03/09/2014 16:13:06] Hegazy has logged out.
[03/09/2014 16:13:08] Hegazy has logged in.
[03/09/2014 16:13:26] Magez-linda has logged out.
[03/09/2014 16:13:27] Magez-linda has logged in.
[03/09/2014 16:13:43] Honda has logged out.
[03/09/2014 16:13:44] Honda has logged in.
[03/09/2014 16:14:11] Hegazy has logged out.
[03/09/2014 16:14:12] Hegazy has logged in.
[03/09/2014 16:14:40] Magez-linda has logged out.
[03/09/2014 16:14:42] Magez-linda has logged in.
[03/09/2014 16:15:15] Hegazy has logged out.
[03/09/2014 16:15:23] Haddadi has logged in.
[03/09/2014 16:15:38] Haddadi has logged out.
[03/09/2014 16:15:41] Haddadi has logged in.
[03/09/2014 16:15:44] Haddadi has logged out.
[03/09/2014 16:15:45] Haddadi has logged in.
[03/09/2014 16:15:46] Haddadi has logged out.
[03/09/2014 16:15:55] Honda has logged out.
[03/09/2014 16:15:59] Hegazy has logged in.
[03/09/2014 16:16:28] Hegazy has logged out.
[03/09/2014 16:16:39] Honda has logged in.
[03/09/2014 16:17:15] Account Manager has logged in.
[03/09/2014 16:17:16] Account Manager has logged out.
[03/09/2014 16:17:20] Hegazy has logged in.
[03/09/2014 16:17:29] > Broadcasted message: "Para esclarecer algumas duvidas digite !notice, para mais informacoes fale com um [CM]".
[03/09/2014 16:18:24] Honda has logged out.
[03/09/2014 16:18:25] Honda has logged in.
[03/09/2014 16:18:43] Hegazy has logged out.
[03/09/2014 16:18:44] Hegazy has logged in.
[03/09/2014 16:19:01] Magez-linda has logged out.
[03/09/2014 16:19:02] Magez-linda has logged in.
[03/09/2014 16:19:29] Honda has logged out.
[03/09/2014 16:19:30] Honda has logged in.
[03/09/2014 16:19:44] Hegazy has logged out.
[03/09/2014 16:19:45] Hegazy has logged in.
[03/09/2014 16:20:04] Magez-linda has logged out.
[03/09/2014 16:20:05] Magez-linda has logged in.
[03/09/2014 16:20:27] Honda has logged out.
[03/09/2014 16:20:28] Honda has logged in.
[03/09/2014 16:20:32] > Broadcasted message: "Game map cleaning in 1 minute, please pick up all your items.".
[03/09/2014 16:20:42] Hegazy has logged out.
[03/09/2014 16:20:43] Hegazy has logged in.
[03/09/2014 16:21:01] Magez-linda has logged out.
[03/09/2014 16:21:02] Magez-linda has logged in.
[03/09/2014 16:21:03] > CLEAN: Removed 102 items from 74 tiles in 0.156 seconds.
[03/09/2014 16:21:03] > Broadcasted message: "Map Cleaned.".
[03/09/2014 16:21:22] Honda has logged out.
[03/09/2014 16:21:24] Honda has logged in.
[03/09/2014 16:21:35] Hegazy has logged out.
[03/09/2014 16:21:38] Hegazy has logged in.
[03/09/2014 16:22:02] Magez-linda has logged out.
[03/09/2014 16:22:04] Magez-linda has logged in.
[03/09/2014 16:22:27] Honda has logged out.
[03/09/2014 16:22:29] Honda has logged in.
[03/09/2014 16:22:47] Hegazy has logged out.
[03/09/2014 16:22:49] Hegazy has logged in.
[03/09/2014 16:23:42] Magez-linda has logged out.
[03/09/2014 16:23:44] Magez-linda has logged in.
[03/09/2014 16:24:02] Honda has logged out.
[03/09/2014 16:24:04] Honda has logged in.
[03/09/2014 16:24:10] > Broadcasted message: "Para ver a lista de proximos tutores digite !tutores.".
[03/09/2014 16:24:17] Hegazy has logged out.
[03/09/2014 16:24:19] Hegazy has logged in.
[03/09/2014 16:24:35] Magez-linda has logged out.
[03/09/2014 16:24:36] Magez-linda has logged in.
[03/09/2014 16:24:51] Honda has logged out.
[03/09/2014 16:24:53] Honda has logged in.
[03/09/2014 16:25:07] Hegazy has logged out.
[03/09/2014 16:25:08] Hegazy has logged in.
[03/09/2014 16:25:27] Magez-linda has logged out.
[03/09/2014 16:25:28] Magez-linda has logged in.
[03/09/2014 16:25:54] Hegazy has logged out.
[03/09/2014 16:25:54] Honda has logged out.
[03/09/2014 16:25:55] Hegazy has logged in.
[03/09/2014 16:25:56] Hegazy has logged out.
[03/09/2014 16:26:01] Haddadi has logged in.
[03/09/2014 16:26:01] Hegazy has logged in.
[03/09/2014 16:27:58] Hegazy has logged out.
[03/09/2014 16:27:59] Hegazy has logged in.
[03/09/2014 16:28:28] Haddadi has logged out.
[03/09/2014 16:28:30] Haddadi has logged in.
[03/09/2014 16:28:51] Magez-linda has logged out.
[03/09/2014 16:28:52] Magez-linda has logged in.
[03/09/2014 16:29:09] Haddadi has logged out.
[03/09/2014 16:29:10] Haddadi has logged in.
[03/09/2014 16:29:11] Haddadi has logged out.
[03/09/2014 16:29:15] Honda has logged in.
[03/09/2014 16:29:22] Honda has logged out.
[03/09/2014 16:29:23] Honda has logged in.
[03/09/2014 16:29:24] Honda has logged out.
[03/09/2014 16:29:28] Haddadi has logged in.
[03/09/2014 16:30:03] Hegazy has logged out.
[03/09/2014 16:30:05] Hegazy has logged in.
[03/09/2014 16:30:15] Lucas has logged out.
[03/09/2014 16:30:40] Haddadi has logged out.
[03/09/2014 16:30:42] Haddadi has logged in.
[03/09/2014 16:30:51] > Broadcasted message: "Para comprar bless digite !bless".
[03/09/2014 16:30:59] Magez-linda has logged out.
[03/09/2014 16:31:01] Magez-linda has logged in.
[03/09/2014 16:31:19] Hegazy has logged out.
[03/09/2014 16:31:21] Hegazy has logged in.
[03/09/2014 16:31:37] Haddadi has logged out.
[03/09/2014 16:31:38] Haddadi has logged in.
[03/09/2014 16:31:56] Magez-linda has logged out.
[03/09/2014 16:31:57] Magez-linda has logged in.
[03/09/2014 16:32:12] Hegazy has logged out.
[03/09/2014 16:32:13] Hegazy has logged in.
[03/09/2014 16:32:27] Haddadi has logged out.
[03/09/2014 16:32:29] Haddadi has logged in.
[03/09/2014 16:33:12] Hegazy has logged out.
[03/09/2014 16:33:13] Hegazy has logged in.
[03/09/2014 16:33:42] Magez-linda has logged out.
[03/09/2014 16:33:43] Magez-linda has logged in.
[03/09/2014 16:34:11] Magez-linda has logged out.
[03/09/2014 16:34:12] Magez-linda has logged in.
[03/09/2014 16:34:18] Magez-linda has logged out.
[03/09/2014 16:34:20] Magez-linda has logged in.
[03/09/2014 16:34:52] Haddadi has logged out.
[03/09/2014 16:34:53] Haddadi has logged in.
[03/09/2014 16:35:15] Hegazy has logged out.
[03/09/2014 16:35:16] Hegazy has logged in.
[03/09/2014 16:35:39] Magez-linda has logged out.
[03/09/2014 16:35:40] Magez-linda has logged in.
[03/09/2014 16:36:24] Hegazy has logged out.
[03/09/2014 16:36:25] Hegazy has logged in.
[03/09/2014 16:36:59] Haddadi has logged out.
[03/09/2014 16:37:00] Haddadi has logged in.
[03/09/2014 16:37:12] > Saving server...
[03/09/2014 16:37:14] > SAVE: Complete in 1.747 seconds using relational house storage.
[03/09/2014 16:37:14] > Broadcasted message: "Game map cleaning in 1 minute, please pick up all your items.".
[03/09/2014 16:37:19] Magez-linda has logged out.
[03/09/2014 16:37:21] Magez-linda has logged in.
[03/09/2014 16:37:32] > Broadcasted message: "Sempre Ao Criar Uma Conta, Pegue A RK Dela No Account Manager Da Conta E Anote, Nunca Passe A Sua Senha Para Outras Pessoas, E Ao Entrar Em Outros OT´s Crie Contas Diferentes Para Não Sofrer HACKED, Não Me Responsabilizo Por Perdas, Obrigado".
[03/09/2014 16:37:37] Hegazy has logged out.
[03/09/2014 16:37:39] Hegazy has logged in.
[03/09/2014 16:37:44] > CLEAN: Removed 47 items from 27 tiles in 0.156 seconds.
[03/09/2014 16:37:45] > Broadcasted message: "Map Cleaned.".
[03/09/2014 16:38:40] Voltei has logged in.
[03/09/2014 16:38:42] Voltei has logged out.
[03/09/2014 16:39:05] Account Manager has logged in.
[03/09/2014 16:39:06] Account Manager has logged out.
[03/09/2014 16:39:39] Account Manager has logged in.
[03/09/2014 16:39:40] Account Manager has logged out.
[03/09/2014 16:44:13] > Broadcasted message: "Para duvidas, eventos, e futuramente compras E-mail/Msn -> deathpvp@live.com.".
[03/09/2014 16:49:57] Magez-linda has logged out.
[03/09/2014 16:50:08] Magez-linda has logged in.
[03/09/2014 16:50:54] > Broadcasted message: "Novo CLIENTE = http://www.4shared.com/rar/Xvc96eOece/Death_PVP.html".
[03/09/2014 16:51:10] Account Manager has logged in.
[03/09/2014 16:51:11] Account Manager has logged out.
[03/09/2014 16:51:16] Magez-linda has logged out.
[03/09/2014 16:51:17] Magez-linda has logged in.
[03/09/2014 16:51:53] Voltei has logged in.
[03/09/2014 16:51:54] Voltei has logged out.
[03/09/2014 16:52:04] Haddadi has logged out.
[03/09/2014 16:53:55] > Broadcasted message: "Game map cleaning in 1 minute, please pick up all your items.".
[03/09/2014 16:54:25] > CLEAN: Removed 2399 items from 1291 tiles in 0.187 seconds.
[03/09/2014 16:54:26] > Broadcasted message: "Map Cleaned.".
[03/09/2014 16:55:33] Honda has logged in.
[03/09/2014 16:56:05] Hegazy has logged out.
[03/09/2014 16:56:12] Hegazy has logged in.
[03/09/2014 16:56:26] Honda has logged out.
[03/09/2014 16:56:30] Honda has logged in.
[03/09/2014 16:56:47] Hegazy has logged out.
[03/09/2014 16:56:49] Hegazy has logged in.
[03/09/2014 16:57:02] Honda has logged out.
[03/09/2014 16:57:20] Honda has logged in.
[03/09/2014 16:57:35] > Broadcasted message: "Novo CLIENTE = http://www.4shared.com/rar/Xvc96eOece/Death_PVP.html".
[03/09/2014 16:57:49] Honda has logged out.
[03/09/2014 16:57:54] Honda has logged in.
[03/09/2014 16:58:11] Hegazy has logged out.
[03/09/2014 16:58:30] Hegazy has logged in.
[03/09/2014 16:58:53] Magez-linda has logged out.
[03/09/2014 16:58:54] Magez-linda has logged in.
[03/09/2014 16:59:47] Hegazy has logged out.
[03/09/2014 16:59:58] Hegazy has logged in.
[03/09/2014 17:00:23] Magez-linda has logged out.
[03/09/2014 17:00:27] Magez-linda has logged in.
[03/09/2014 17:00:44] Hegazy has logged out.
[03/09/2014 17:00:49] Hegazy has logged in.
[03/09/2014 17:01:20] Magez-linda has logged out.
[03/09/2014 17:01:21] Magez-linda has logged in.
[03/09/2014 17:01:39] Honda has logged out.
[03/09/2014 17:01:44] Honda has logged in.
[03/09/2014 17:02:02] Hegazy has logged out.
[03/09/2014 17:02:06] Hegazy has logged in.
[03/09/2014 17:02:31] Magez-linda has logged out.
[03/09/2014 17:02:33] Magez-linda has logged in.
[03/09/2014 17:02:43] Honda has logged out.
[03/09/2014 17:02:53] Honda has logged in.
[03/09/2014 17:03:11] Hegazy has logged out.
[03/09/2014 17:03:17] Hegazy has logged in.
[03/09/2014 17:03:43] Magez-linda has logged out.
[03/09/2014 17:03:44] Magez-linda has logged in.
[03/09/2014 17:03:58] Honda has logged out.
[03/09/2014 17:04:09] Honda has logged in.
[03/09/2014 17:04:16] > Broadcasted message: "Para comprar bless digite !bless".
[03/09/2014 17:04:32] Honda has logged out.
[03/09/2014 17:04:38] Honda has logged in.
[03/09/2014 17:05:00] Hegazy has logged out.
[03/09/2014 17:05:04] Hegazy has logged in.
[03/09/2014 17:05:05] Account Manager has logged in.
[03/09/2014 17:05:07] Account Manager has logged out.
[03/09/2014 17:05:27] Magez-linda has logged out.
[03/09/2014 17:05:28] Magez-linda has logged in.
[03/09/2014 17:05:44] Honda has logged out.
[03/09/2014 17:05:48] Honda has logged in.
[03/09/2014 17:06:12] Honda has logged out.
[03/09/2014 17:06:16] Honda has logged in.
[03/09/2014 17:06:30] Hegazy has logged out.
[03/09/2014 17:06:38] Hegazy has logged in.
[03/09/2014 17:06:58] Magez-linda has logged out.
[03/09/2014 17:07:01] Magez-linda has logged in.
[03/09/2014 17:07:17] Honda has logged out.
[03/09/2014 17:07:22] Honda has logged in.
[03/09/2014 17:07:37] Hegazy has logged out.
[03/09/2014 17:07:44] Hegazy has logged in.
[03/09/2014 17:08:03] Magez-linda has logged out.
[03/09/2014 17:08:05] Magez-linda has logged in.
[03/09/2014 17:08:17] Honda has logged out.
[03/09/2014 17:08:30] Honda has logged in.
[03/09/2014 17:08:43] Hegazy has logged out.
[03/09/2014 17:08:48] Hegazy has logged in.
[03/09/2014 17:09:08] Magez-linda has logged out.
[03/09/2014 17:09:10] Magez-linda has logged in.
[03/09/2014 17:09:28] Honda has logged out.
[03/09/2014 17:09:43] Honda has logged in.
[03/09/2014 17:10:01] Hegazy has logged out.
[03/09/2014 17:10:02] Account Manager has logged in.
[03/09/2014 17:10:03] Account Manager has logged out.
[03/09/2014 17:10:06] Hegazy has logged in.
[03/09/2014 17:10:28] Magez-linda has logged out.
[03/09/2014 17:10:29] Magez-linda has logged in.
[03/09/2014 17:10:33] > Saving server...
[03/09/2014 17:10:34] > SAVE: Complete in 1.683 seconds using relational house storage.
[03/09/2014 17:10:36] > Broadcasted message: "Game map cleaning in 1 minute, please pick up all your items.".
[03/09/2014 17:10:43] Honda has logged out.
[03/09/2014 17:10:47] Honda has logged in.
[03/09/2014 17:10:57] > Broadcasted message: "Ot on das 07:00 as 00:00".
[03/09/2014 17:11:01] Honda has logged out.
[03/09/2014 17:11:06] > CLEAN: Removed 525 items from 274 tiles in 0.178 seconds.
[03/09/2014 17:11:06] > Broadcasted message: "Map Cleaned.".
[03/09/2014 17:15:06] Honda has logged in.
[03/09/2014 17:15:47] Honda has logged out.
[03/09/2014 17:15:58] Honda has logged in.
[03/09/2014 17:16:17] Account Manager has logged in.
[03/09/2014 17:16:18] Account Manager has logged out.
[03/09/2014 17:16:24] Honda has logged out.
[03/09/2014 17:16:34] Account Manager has logged in.
[03/09/2014 17:16:35] Account Manager has logged out.
[03/09/2014 17:17:38] > Broadcasted message: "Para ver as noticias fale !notice".
[03/09/2014 17:21:06] Hegazy has logged out.
[03/09/2014 17:21:08] Hegazy has logged in.
[03/09/2014 17:21:32] Magez-linda has logged out.
[03/09/2014 17:21:34] Magez-linda has logged in.
[03/09/2014 17:24:19] > Broadcasted message: "Novo CLIENTE = http://www.4shared.com/rar/Xvc96eOece/Death_PVP.html".
[03/09/2014 17:24:52] Hegazy has logged out.
[03/09/2014 17:24:54] Hegazy has logged in.
[03/09/2014 17:25:56] Account Manager has logged in.
[03/09/2014 17:25:57] Account Manager has logged out.
[03/09/2014 17:27:17] > Broadcasted message: "Game map cleaning in 1 minute, please pick up all your items.".
[03/09/2014 17:27:48] > CLEAN: Removed 8 items from 76 tiles in 0.159 seconds.
[03/09/2014 17:27:48] > Broadcasted message: "Map Cleaned.".
[03/09/2014 17:31:00] > Broadcasted message: "Para ver as noticias fale !notice".
[03/09/2014 17:33:44] Account Manager has logged in.
[03/09/2014 17:33:45] Account Manager has logged out.
[03/09/2014 17:37:22] Magez-linda has logged out.
[03/09/2014 17:37:41] > Broadcasted message: "Para comprar bless digite !bless".
[03/09/2014 17:38:34] Magez-linda has logged in.
[03/09/2014 17:39:21] Magez-linda has logged out.
[03/09/2014 17:43:54] > Saving server...
[03/09/2014 17:43:56] > SAVE: Complete in 2.46 seconds using relational house storage.
[03/09/2014 17:43:58] > Broadcasted message: "Game map cleaning in 1 minute, please pick up all your items.".
[03/09/2014 17:44:22] > Broadcasted message: "Sempre Ao Criar Uma Conta, Pegue A RK Dela No Account Manager Da Conta E Anote, Nunca Passe A Sua Senha Para Outras Pessoas, E Ao Entrar Em Outros OT´s Crie Contas Diferentes Para Não Sofrer HACKED, Não Me Responsabilizo Por Perdas, Obrigado".
[03/09/2014 17:44:29] > CLEAN: Removed 5 items from 223 tiles in 0.17 seconds.
[03/09/2014 17:44:29] > Broadcasted message: "Map Cleaned.".
[03/09/2014 17:51:03] > Broadcasted message: "Para comprar bless digite !bless".
[03/09/2014 17:51:22] Magez-linda has logged in.
[03/09/2014 17:51:32] Magez-linda has logged out.
[03/09/2014 17:52:19] Magez-linda has logged in.
[03/09/2014 17:53:57] Magez-linda has logged out.
[03/09/2014 17:57:40] Honda has logged in.
[03/09/2014 17:57:44] > Broadcasted message: "Para esclarecer algumas duvidas digite !notice, para mais informacoes fale com um [CM]".
[03/09/2014 17:58:09] Honda has logged out.
[03/09/2014 18:00:39] > Broadcasted message: "Game map cleaning in 1 minute, please pick up all your items.".
[03/09/2014 18:01:10] > CLEAN: Removed 5 items from 61 tiles in 0.176 seconds.
[03/09/2014 18:01:10] > Broadcasted message: "Map Cleaned.".
[03/09/2014 18:04:25] > Broadcasted message: "Novo CLIENTE = http://www.4shared.com/rar/Xvc96eOece/Death_PVP.html".
[03/09/2014 18:11:06] > Broadcasted message: "Para duvidas, eventos, e futuramente compras E-mail/Msn -> deathpvp@live.com.".
[03/09/2014 18:17:15] > Saving server...
[03/09/2014 18:17:18] > SAVE: Complete in 2.279 seconds using relational house storage.
[03/09/2014 18:17:22] > Broadcasted message: "Game map cleaning in 1 minute, please pick up all your items.".
[03/09/2014 18:17:47] > Broadcasted message: "Sempre Ao Criar Uma Conta, Pegue A RK Dela No Account Manager Da Conta E Anote, Nunca Passe A Sua Senha Para Outras Pessoas, E Ao Entrar Em Outros OT´s Crie Contas Diferentes Para Não Sofrer HACKED, Não Me Responsabilizo Por Perdas, Obrigado".
[03/09/2014 18:17:53] > CLEAN: Removed 6 items from 10 tiles in 0.703 seconds.
[03/09/2014 18:17:54] > Broadcasted message: "Map Cleaned.".
[03/09/2014 18:20:38] Hegazy has logged out.
[03/09/2014 18:20:46] Honda has logged in.
[03/09/2014 18:21:24] Loss Pally has logged in.
[03/09/2014 18:21:31] Loss Pally has logged out.
[03/09/2014 18:21:33] Loss Pally has logged in.
[03/09/2014 18:22:34] Loss Pally has logged out.
[03/09/2014 18:22:37] Loss Pally has logged in.
[03/09/2014 18:23:32] Hegazy has logged in.
[03/09/2014 18:24:17] Hegazy has logged out.
[03/09/2014 18:24:21] Honda has logged out.
[03/09/2014 18:24:26] Honda has logged in.
[03/09/2014 18:24:28] > Broadcasted message: "Para duvidas, eventos, e futuramente compras E-mail/Msn -> deathpvp@live.com.".
[03/09/2014 18:24:35] Hegazy has logged in.
[03/09/2014 18:25:01] Honda has logged out.
[03/09/2014 18:29:18] Hegazy has logged out.
[03/09/2014 18:29:22] Hegazy has logged in.
[03/09/2014 18:31:09] > Broadcasted message: "Para ver as noticias fale !notice".
[03/09/2014 18:34:03] > Broadcasted message: "Game map cleaning in 1 minute, please pick up all your items.".
[03/09/2014 18:34:34] > CLEAN: Removed 227 items from 201 tiles in 0.371 seconds.
[03/09/2014 18:34:34] > Broadcasted message: "Map Cleaned.".
[03/09/2014 18:36:08] Loss Pally has logged out.
[03/09/2014 18:36:10] Loss Pally has logged in.
[03/09/2014 18:36:58] Hegazy has logged out.
[03/09/2014 18:37:22] Honda has logged in.
[03/09/2014 18:37:50] > Broadcasted message: "Para ver a lista de proximos tutores digite !tutores.".
[03/09/2014 18:40:55] Hegazy has logged in.
[03/09/2014 18:42:32] Hegazy has logged out.
[03/09/2014 18:43:17] Honda has logged out.
[03/09/2014 18:43:28] Hegazy has logged in.
[03/09/2014 18:44:05] Magez-linda has logged in.
[03/09/2014 18:44:31] > Broadcasted message: "Sempre Ao Criar Uma Conta, Pegue A RK Dela No Account Manager Da Conta E Anote, Nunca Passe A Sua Senha Para Outras Pessoas, E Ao Entrar Em Outros OT´s Crie Contas Diferentes Para Não Sofrer HACKED, Não Me Responsabilizo Por Perdas, Obrigado".
[03/09/2014 18:45:43] Magez-linda has logged out.
[03/09/2014 18:46:48] Honda has logged in.
[03/09/2014 18:47:21] Magez-linda has logged in.
[03/09/2014 18:48:28] Honda has logged out.
[03/09/2014 18:48:29] Loss Pally has logged out.
[03/09/2014 18:48:31] Loss Pally has logged in.
[03/09/2014 18:49:01] Honda has logged in.
[03/09/2014 18:49:14] Honda has logged out.
[03/09/2014 18:49:22] Honda has logged in.
[03/09/2014 18:50:21] Hegazy has logged out.
[03/09/2014 18:50:28] Hegazy has logged in.
[03/09/2014 18:50:36] > Saving server...
[03/09/2014 18:50:39] > SAVE: Complete in 2.411 seconds using relational house storage.
[03/09/2014 18:50:44] > Broadcasted message: "Game map cleaning in 1 minute, please pick up all your items.".
[03/09/2014 18:50:47] Honda has logged out.
[03/09/2014 18:50:57] Honda has logged in.
[03/09/2014 18:51:12] > Broadcasted message: "Para esclarecer algumas duvidas digite !notice, para mais informacoes fale com um [CM]".
[03/09/2014 18:51:14] > CLEAN: Removed 11 items from 53 tiles in 0.175 seconds.
[03/09/2014 18:51:14] > Broadcasted message: "Map Cleaned.".
[03/09/2014 18:51:46] Magez-linda has logged out.
[03/09/2014 18:51:47] Magez-linda has logged in.
[03/09/2014 18:52:21] Hegazy has logged out.
[03/09/2014 18:52:27] Hegazy has logged in.
[03/09/2014 18:52:41] Loss Pally has logged out.
[03/09/2014 18:52:43] Loss Pally has logged in.
[03/09/2014 18:52:46] Honda has logged out.
[03/09/2014 18:52:52] Honda has logged in.
[03/09/2014 18:53:29] Magez-linda has logged out.
[03/09/2014 18:53:32] Magez-linda has logged in.
[03/09/2014 18:54:51] Honda has logged out.
[03/09/2014 18:54:59] Honda has logged in.
[03/09/2014 18:55:42] Hegazy has logged out.
[03/09/2014 18:55:43] Hegazy has logged in.
[03/09/2014 18:55:51] Hegazy has logged out.
[03/09/2014 18:55:58] Hegazy has logged in.
[03/09/2014 18:56:15] Magez-linda has logged out.
[03/09/2014 18:56:16] Magez-linda has logged in.
[03/09/2014 18:56:36] Honda has logged out.
[03/09/2014 18:56:42] Honda has logged in.
[03/09/2014 18:57:01] Hegazy has logged out.
[03/09/2014 18:57:08] Hegazy has logged in.
[03/09/2014 18:57:39] Magez-linda has logged out.
[03/09/2014 18:57:41] Magez-linda has logged in.
[03/09/2014 18:57:53] > Broadcasted message: "Para esclarecer algumas duvidas digite !notice, para mais informacoes fale com um [CM]".
[03/09/2014 18:58:09] Honda has logged out.
[03/09/2014 18:58:15] Honda has logged in.
[03/09/2014 18:58:37] Hegazy has logged out.
[03/09/2014 18:58:45] Hegazy has logged in.
[03/09/2014 18:59:18] Magez-linda has logged out.
[03/09/2014 18:59:28] Magez-linda has logged in.
[03/09/2014 19:00:19] Honda has logged out.
[03/09/2014 19:00:29] Honda has logged in.
[03/09/2014 19:00:48] Hegazy has logged out.
[03/09/2014 19:00:53] Hegazy has logged in.
[03/09/2014 19:01:10] Honda has logged out.
[03/09/2014 19:01:20] Honda has logged in.
[03/09/2014 19:01:47] Yakuza has logged in.
[03/09/2014 19:01:49] Magez-linda has logged out.
[03/09/2014 19:01:51] Magez-linda has logged in.
[03/09/2014 19:03:00] Honda has logged out.
[03/09/2014 19:03:08] Yakuza has logged out.
[03/09/2014 19:03:10] Yakuza has logged in.
[03/09/2014 19:03:18] Hegazy has logged out.
[03/09/2014 19:03:25] Yakuza has logged out.
[03/09/2014 19:03:31] Haddadi has logged in.
[03/09/2014 19:04:34] > Broadcasted message: "Para duvidas, eventos, e futuramente compras E-mail/Msn -> deathpvp@live.com.".
[03/09/2014 19:07:25] > Broadcasted message: "Game map cleaning in 1 minute, please pick up all your items.".
[03/09/2014 19:07:56] > CLEAN: Removed 19 items from 34 tiles in 0.357 seconds.
[03/09/2014 19:07:56] > Broadcasted message: "Map Cleaned.".
[03/09/2014 19:10:02] Honda has logged in.
[03/09/2014 19:11:15] > Broadcasted message: "Sempre Ao Criar Uma Conta, Pegue A RK Dela No Account Manager Da Conta E Anote, Nunca Passe A Sua Senha Para Outras Pessoas, E Ao Entrar Em Outros OT´s Crie Contas Diferentes Para Não Sofrer HACKED, Não Me Responsabilizo Por Perdas, Obrigado".
[03/09/2014 19:12:13] Hegazy has logged in.
[03/09/2014 19:12:15] Hegazy has logged out.
[03/09/2014 19:13:38] Hegazy has logged in.
[03/09/2014 19:13:39] Hegazy has logged out.
[03/09/2014 19:13:45] Hegazy has logged in.
[03/09/2014 19:13:46] Hegazy has logged out.
[03/09/2014 19:14:03] Magez-linda has logged out.
[03/09/2014 19:14:10] Hegazy has logged in.
[03/09/2014 19:14:11] Hegazy has logged out.
[03/09/2014 19:14:17] Hegazy has logged in.
[03/09/2014 19:14:18] Hegazy has logged out.
[03/09/2014 19:14:34] Hegazy has logged in.
[03/09/2014 19:14:35] Hegazy has logged out.
[03/09/2014 19:14:43] Hegazy has logged in.
[03/09/2014 19:14:44] Hegazy has logged out.
[03/09/2014 19:15:14] Hegazy has logged in.
[03/09/2014 19:15:15] Hegazy has logged out.
[03/09/2014 19:16:03] Hegazy has logged in.
[03/09/2014 19:16:05] Hegazy has logged out.
[03/09/2014 19:16:21] Hegazy has logged in.
[03/09/2014 19:16:22] Hegazy has logged out.
[03/09/2014 19:16:27] Hegazy has logged in.
[03/09/2014 19:16:29] Hegazy has logged out.
[03/09/2014 19:17:56] > Broadcasted message: "Para esclarecer algumas duvidas digite !notice, para mais informacoes fale com um [CM]".
[03/09/2014 19:19:01] Magez-linda has logged in.
[03/09/2014 19:23:57] > Saving server...
[03/09/2014 19:23:59] > SAVE: Complete in 1.895 seconds using relational house storage.
[03/09/2014 19:24:04] Loss Pally has logged out.
[03/09/2014 19:24:06] > Broadcasted message: "Game map cleaning in 1 minute, please pick up all your items.".
[03/09/2014 19:24:37] > CLEAN: Removed 4 items from 8 tiles in 0.169 seconds.
[03/09/2014 19:24:37] > Broadcasted message: "Map Cleaned.".
[03/09/2014 19:24:37] > Broadcasted message: "Para ver a lista de proximos tutores digite !tutores.".
[03/09/2014 19:25:41] Magez-linda has logged out.
[03/09/2014 19:26:05] Hegazy has logged in.
[03/09/2014 19:26:53] Hegazy has logged out.
[03/09/2014 19:27:01] Hegazy has logged in.
[03/09/2014 19:27:25] Hegazy has logged out.
[03/09/2014 19:27:31] Hegazy has logged in.
[03/09/2014 19:27:59] Honda has logged out.
[03/09/2014 19:28:05] Honda has logged in.
[03/09/2014 19:28:09] Loss Pally has logged in.
[03/09/2014 19:28:59] Hegazy has logged out.
[03/09/2014 19:29:03] Menina Mal has logged in.
[03/09/2014 19:29:05] Hegazy has logged in.
[03/09/2014 19:29:49] Honda has logged out.
[03/09/2014 19:30:15] Honda has logged in.
[03/09/2014 19:30:49] Hegazy has logged out.
[03/09/2014 19:30:53] Hegazy has logged in.
[03/09/2014 19:31:18] > Broadcasted message: "Para ver a lista de proximos tutores digite !tutores.".
[03/09/2014 19:31:42] Honda has logged out.
[03/09/2014 19:31:59] Honda has logged in.
[03/09/2014 19:32:19] Hegazy has logged out.
[03/09/2014 19:32:24] Hegazy has logged in.
[03/09/2014 19:32:50] Honda has logged out.
[03/09/2014 19:33:09] Honda has logged in.
[03/09/2014 19:33:26] Hegazy has logged out.
[03/09/2014 19:33:35] Hegazy has logged in.
[03/09/2014 19:34:00] Honda has logged out.
[03/09/2014 19:34:11] Honda has logged in.
[03/09/2014 19:34:35] Hegazy has logged out.
[03/09/2014 19:34:41] Hegazy has logged in.
[03/09/2014 19:34:56] Honda has logged out.
[03/09/2014 19:35:08] Honda has logged in.
[03/09/2014 19:35:36] Hegazy has logged out.
[03/09/2014 19:35:38] Hegazy has logged in.
[03/09/2014 19:36:05] Hegazy has logged out.
[03/09/2014 19:36:09] Hegazy has logged in.
[03/09/2014 19:36:30] Hegazy has logged out.
[03/09/2014 19:36:36] Hegazy has logged in.
[03/09/2014 19:37:00] Hegazy has logged out.
[03/09/2014 19:37:10] Hegazy has logged in.
[03/09/2014 19:37:15] Menina Mal has logged out.
[03/09/2014 19:37:59] > Broadcasted message: "Para ver as noticias fale !notice".
[03/09/2014 19:38:35] Magez-linda has logged in.
[03/09/2014 19:39:24] Honda has logged out.
[03/09/2014 19:39:32] Honda has logged in.
[03/09/2014 19:39:56] Hegazy has logged out.
[03/09/2014 19:40:21] Hegazy has logged in.
[03/09/2014 19:40:39] Magez-linda has logged out.
[03/09/2014 19:40:47] > Broadcasted message: "Game map cleaning in 1 minute, please pick up all your items.".
[03/09/2014 19:41:00] Magez-linda has logged in.
[03/09/2014 19:41:18] > CLEAN: Removed 21 items from 6 tiles in 0.153 seconds.
[03/09/2014 19:41:18] > Broadcasted message: "Map Cleaned.".
[03/09/2014 19:41:33] Haddadi has logged out.
[03/09/2014 19:41:35] Haddadi has logged in.
[03/09/2014 19:42:17] Honda has logged out.
[03/09/2014 19:42:24] Honda has logged in.
[03/09/2014 19:43:33] Magez-linda has logged out.
[03/09/2014 19:43:38] Magez-linda has logged in.
[03/09/2014 19:44:03] Honda has logged out.
[03/09/2014 19:44:18] Honda has logged in.
[03/09/2014 19:44:40] > Broadcasted message: "Para duvidas, eventos, e futuramente compras E-mail/Msn -> deathpvp@live.com.".
[03/09/2014 19:45:11] Hegazy has logged out.
[03/09/2014 19:45:15] Hegazy has logged in.
[03/09/2014 19:45:38] Haddadi has logged out.
[03/09/2014 19:45:40] Haddadi has logged in.
[03/09/2014 19:46:15] Magez-linda has logged out.
[03/09/2014 19:46:19] Magez-linda has logged in.
[03/09/2014 19:47:20] Honda has logged out.
[03/09/2014 19:47:23] Honda has logged in.
[03/09/2014 19:48:07] Hegazy has logged out.
[03/09/2014 19:48:11] Hegazy has logged in.
[03/09/2014 19:49:10] Haddadi has logged out.
[03/09/2014 19:50:02] Haddadi has logged in.
[03/09/2014 19:51:21] > Broadcasted message: "Para duvidas, eventos, e futuramente compras E-mail/Msn -> deathpvp@live.com.".
[03/09/2014 19:51:59] Loss Pally has logged out.
[03/09/2014 19:52:00] Loss Pally has logged in.
[03/09/2014 19:52:11] Magez-linda has logged out.
[03/09/2014 19:52:18] Magez-linda has logged in.
[03/09/2014 19:53:03] Honda has logged out.
[03/09/2014 19:53:10] Honda has logged in.
[03/09/2014 19:54:36] Hegazy has logged out.
[03/09/2014 19:54:49] Hegazy has logged in.
[03/09/2014 19:56:09] Loss Pally has logged out.
[03/09/2014 19:56:11] Loss Pally has logged in.
[03/09/2014 19:57:18] > Saving server...
[03/09/2014 19:57:20] > SAVE: Complete in 2.121 seconds using relational house storage.
[03/09/2014 19:57:28] > Broadcasted message: "Game map cleaning in 1 minute, please pick up all your items.".
[03/09/2014 19:57:46] Magez-linda has logged out.
[03/09/2014 19:57:49] Magez-linda has logged in.
[03/09/2014 19:57:59] > CLEAN: Removed 16 items from 7 tiles in 0.174 seconds.
[03/09/2014 19:57:59] > Broadcasted message: "Map Cleaned.".
[03/09/2014 19:58:02] > Broadcasted message: "Sempre Ao Criar Uma Conta, Pegue A RK Dela No Account Manager Da Conta E Anote, Nunca Passe A Sua Senha Para Outras Pessoas, E Ao Entrar Em Outros OT´s Crie Contas Diferentes Para Não Sofrer HACKED, Não Me Responsabilizo Por Perdas, Obrigado".
[03/09/2014 19:58:31] Hegazy has logged out.
[03/09/2014 19:58:47] Hegazy has logged in.
[03/09/2014 19:59:20] Haddadi has logged out.
[03/09/2014 19:59:35] Haddadi has logged in.
[03/09/2014 20:00:25] Honda has logged out.
[03/09/2014 20:00:34] Honda has logged in.
[03/09/2014 20:01:30] Hegazy has logged out.
[03/09/2014 20:01:40] Hegazy has logged in.
[03/09/2014 20:02:54] Hegazy has logged out.
[03/09/2014 20:03:09] Hegazy has logged in.
[03/09/2014 20:04:09] Magez-linda has logged out.
[03/09/2014 20:04:14] Magez-linda has logged in.
[03/09/2014 20:04:43] > Broadcasted message: "Ot on das 07:00 as 00:00".
[03/09/2014 20:04:46] Honda has logged out.
[03/09/2014 20:05:28] Honda has logged in.
[03/09/2014 20:06:28] Hegazy has logged out.
[03/09/2014 20:06:54] Hegazy has logged in.
[03/09/2014 20:07:21] Magez-linda has logged out.
[03/09/2014 20:07:24] Magez-linda has logged in.
[03/09/2014 20:07:46] Haddadi has logged out.
[03/09/2014 20:08:00] Haddadi has logged in.
[03/09/2014 20:08:30] Honda has logged out.
[03/09/2014 20:08:44] Honda has logged in.
[03/09/2014 20:09:14] Hegazy has logged out.
[03/09/2014 20:09:21] Hegazy has logged in.
[03/09/2014 20:09:59] Magez-linda has logged out.
[03/09/2014 20:10:01] Magez-linda has logged in.
[03/09/2014 20:10:24] Haddadi has logged out.
[03/09/2014 20:10:30] Haddadi has logged in.
[03/09/2014 20:11:24] > Broadcasted message: "Para ver as noticias fale !notice".
[03/09/2014 20:11:25] Honda has logged out.
[03/09/2014 20:11:57] Honda has logged in.
[03/09/2014 20:12:00] Hegazy has logged out.
[03/09/2014 20:12:16] Hegazy has logged in.
[03/09/2014 20:14:09] > Broadcasted message: "Game map cleaning in 1 minute, please pick up all your items.".
[03/09/2014 20:14:10] Loss Pally has logged out.
[03/09/2014 20:14:12] Loss Pally has logged in.
[03/09/2014 20:14:39] > CLEAN: Removed 17 items from 8 tiles in 0.193 seconds.
[03/09/2014 20:14:39] > Broadcasted message: "Map Cleaned.".
[03/09/2014 20:15:06] Hegazy has logged out.
[03/09/2014 20:15:11] Hegazy has logged in.
[03/09/2014 20:16:46] Hegazy has logged out.
[03/09/2014 20:16:51] Magez-linda has logged out.
[03/09/2014 20:18:05] > Broadcasted message: "Para ver a lista de proximos tutores digite !tutores.".
[03/09/2014 20:24:46] > Broadcasted message: "Sempre Ao Criar Uma Conta, Pegue A RK Dela No Account Manager Da Conta E Anote, Nunca Passe A Sua Senha Para Outras Pessoas, E Ao Entrar Em Outros OT´s Crie Contas Diferentes Para Não Sofrer HACKED, Não Me Responsabilizo Por Perdas, Obrigado".
[03/09/2014 20:25:02] Veigar has logged in.
[03/09/2014 20:30:40] > Saving server...
[03/09/2014 20:30:42] > SAVE: Complete in 1.95 seconds using relational house storage.
[03/09/2014 20:30:43] Honda has logged out.
[03/09/2014 20:30:50] > Broadcasted message: "Game map cleaning in 1 minute, please pick up all your items.".
[03/09/2014 20:31:20] > CLEAN: Removed 74 items from 279 tiles in 0.156 seconds.
[03/09/2014 20:31:21] > Broadcasted message: "Map Cleaned.".
[03/09/2014 20:31:27] > Broadcasted message: "Para ver a lista de proximos tutores digite !tutores.".
[03/09/2014 20:33:37] Veigar has logged out.
[03/09/2014 20:33:40] Leigue Of Draven has logged in.
[03/09/2014 20:33:49] Magez-linda has logged in.
[03/09/2014 20:36:02] Leigue Of Draven has logged out.
[03/09/2014 20:36:04] Leigue Of Draven has logged in.
[03/09/2014 20:36:08] Leigue Of Draven has logged out.
[03/09/2014 20:36:10] Veigar has logged in.
[03/09/2014 20:36:13] Veigar has logged out.
[03/09/2014 20:36:16] Veigar has logged in.
[03/09/2014 20:36:17] Veigar has logged out.
[03/09/2014 20:36:29] Veigar has logged in.
[03/09/2014 20:36:41] Veigar has logged out.
[03/09/2014 20:36:43] Leigue Of Draven has logged in.
[03/09/2014 20:38:08] > Broadcasted message: "Para ver a lista de proximos tutores digite !tutores.".
[03/09/2014 20:42:14] Leigue Of Draven has logged out.
[03/09/2014 20:42:17] Mal jinx has logged in.
[03/09/2014 20:43:03] Account Manager has logged in.
[03/09/2014 20:43:08] Account Manager has logged out.
[03/09/2014 20:44:49] > Broadcasted message: "Novo CLIENTE = http://www.4shared.com/rar/Xvc96eOece/Death_PVP.html".
[03/09/2014 20:47:03] Mal jinx has logged out.
[03/09/2014 20:47:07] Mal jinx has logged in.
[03/09/2014 20:47:31] > Broadcasted message: "Game map cleaning in 1 minute, please pick up all your items.".
[03/09/2014 20:48:02] > CLEAN: Removed 287 items from 462 tiles in 0.253 seconds.
[03/09/2014 20:48:02] > Broadcasted message: "Map Cleaned.".
[03/09/2014 20:49:59] Haddadi has logged out.
[03/09/2014 20:50:03] Haddadi has logged in.
[03/09/2014 20:50:10] Haddadi has logged out.
[03/09/2014 20:50:14] Dzagoev has logged in.
[03/09/2014 20:50:27] Dzagoev has logged out.
[03/09/2014 20:50:29] Haddadi has logged in.
[03/09/2014 20:50:33] Haddadi has logged out.
[03/09/2014 20:50:39] Magez-linda has logged out.
[03/09/2014 20:51:30] > Broadcasted message: "Para comprar bless digite !bless".
[03/09/2014 20:53:22] Mal jinx has logged out.
[03/09/2014 20:53:25] Mal jinx has logged in.
[03/09/2014 20:54:06] Mal jinx has logged out.
[03/09/2014 20:54:09] Leigue Of Draven has logged in.
[03/09/2014 20:56:31] Leigue Of Draven has logged out.
[03/09/2014 20:56:33] Leigue Of Draven has logged in.
[03/09/2014 20:58:11] > Broadcasted message: "Sempre Ao Criar Uma Conta, Pegue A RK Dela No Account Manager Da Conta E Anote, Nunca Passe A Sua Senha Para Outras Pessoas, E Ao Entrar Em Outros OT´s Crie Contas Diferentes Para Não Sofrer HACKED, Não Me Responsabilizo Por Perdas, Obrigado".
[03/09/2014 20:58:42] Loss Pally has logged out.
[03/09/2014 20:58:44] Loss Pally has logged in.
[03/09/2014 21:04:01] > Saving server...
[03/09/2014 21:04:03] > SAVE: Complete in 1.958 seconds using relational house storage.
[03/09/2014 21:04:12] > Broadcasted message: "Game map cleaning in 1 minute, please pick up all your items.".
[03/09/2014 21:04:42] > CLEAN: Removed 295 items from 125 tiles in 0.215 seconds.
[03/09/2014 21:04:43] > Broadcasted message: "Map Cleaned.".
[03/09/2014 21:04:52] > Broadcasted message: "Para comprar bless digite !bless".
[03/09/2014 21:10:33] Magez-linda has logged in.
[03/09/2014 21:11:33] > Broadcasted message: "Novo CLIENTE = http://www.4shared.com/rar/Xvc96eOece/Death_PVP.html".
[03/09/2014 21:11:56] Leigue Of Draven has logged out.
[03/09/2014 21:11:59] Leigue Of Draven has logged in.
[03/09/2014 21:13:54] Loss Pally has logged out.
[03/09/2014 21:13:56] Loss Pally has logged in.
[03/09/2014 21:14:42] Leigue Of Draven has logged out.
[03/09/2014 21:14:45] Leigue Of Draven has logged in.
[03/09/2014 21:17:53] Loss Pally has logged out.
[03/09/2014 21:17:55] Magez-linda has logged out.
[03/09/2014 21:17:55] Loss Pally has logged in.
[03/09/2014 21:18:14] > Broadcasted message: "Sempre Ao Criar Uma Conta, Pegue A RK Dela No Account Manager Da Conta E Anote, Nunca Passe A Sua Senha Para Outras Pessoas, E Ao Entrar Em Outros OT´s Crie Contas Diferentes Para Não Sofrer HACKED, Não Me Responsabilizo Por Perdas, Obrigado".
[03/09/2014 21:18:34] Loss Pally has logged out.
[03/09/2014 21:18:36] Loss Pally has logged in.
[03/09/2014 21:20:50] Leigue Of Draven has logged out.
[03/09/2014 21:20:53] > Broadcasted message: "Game map cleaning in 1 minute, please pick up all your items.".
[03/09/2014 21:20:55] Veigar has logged in.
[03/09/2014 21:21:25] > CLEAN: Removed 441 items from 209 tiles in 0.231 seconds.
[03/09/2014 21:21:25] > Broadcasted message: "Map Cleaned.".
[03/09/2014 21:24:55] > Broadcasted message: "Para ver as noticias fale !notice".
[03/09/2014 21:25:25] Veigar has logged out.
[03/09/2014 21:25:28] Leigue Of Draven has logged in.
[03/09/2014 21:25:51] Leigue Of Draven has logged out.
[03/09/2014 21:31:36] > Broadcasted message: "Novo CLIENTE = http://www.4shared.com/rar/Xvc96eOece/Death_PVP.html".
[03/09/2014 21:34:04] Loss Pally has logged out.
[03/09/2014 21:34:17] Account Manager has logged in.
[03/09/2014 21:34:27] Account Manager has logged out.
[03/09/2014 21:35:07] Loss Pally has logged in.
[03/09/2014 21:37:22] > Saving server...
[03/09/2014 21:37:23] > SAVE: Complete in 1.594 seconds using relational house storage.
[03/09/2014 21:37:34] > Broadcasted message: "Game map cleaning in 1 minute, please pick up all your items.".
[03/09/2014 21:38:04] > CLEAN: Removed 20 items from 18 tiles in 0.207 seconds.
[03/09/2014 21:38:04] > Broadcasted message: "Map Cleaned.".
[03/09/2014 21:38:15] Account Manager has logged in.
[03/09/2014 21:38:17] > Broadcasted message: "Novo CLIENTE = http://www.4shared.com/rar/Xvc96eOece/Death_PVP.html".
[03/09/2014 21:38:47] Account Manager has logged out.
[03/09/2014 21:38:50] Account Manager has logged in.
[03/09/2014 21:39:10] Account Manager has logged out.
[03/09/2014 21:39:16] Account Manager has logged in.
[03/09/2014 21:39:48] Account Manager has logged out.
[03/09/2014 21:39:55] Loss Kina has logged in.
[03/09/2014 21:40:34] Leigue Of Draven has logged in.
[03/09/2014 21:40:59] Knght kill has logged in.
[03/09/2014 21:41:00] Knght kill has logged out.
[03/09/2014 21:41:02] Knght kill has logged in.
[03/09/2014 21:41:03] Knght kill has logged out.
[03/09/2014 21:41:04] Knght kill has logged in.
[03/09/2014 21:41:06] Knght kill has logged out.
[03/09/2014 21:41:07] Knght kill has logged in.
[03/09/2014 21:41:08] Knght kill has logged out.
[03/09/2014 21:41:10] Loss Knight has logged in.
[03/09/2014 21:41:11] Loss Knight has logged out.
[03/09/2014 21:41:13] Loss Knight has logged in.
[03/09/2014 21:41:14] Loss Knight has logged out.
[03/09/2014 21:41:16] Loss Knight has logged in.
[03/09/2014 21:41:17] Loss Knight has logged out.
[03/09/2014 21:41:28] Account Manager has logged in.
[03/09/2014 21:41:29] Account Manager has logged out.
[03/09/2014 21:44:23] Leigue Of Draven has logged out.
[03/09/2014 21:44:25] Knght kill has logged in.
[03/09/2014 21:44:26] Leigue Of Draven has logged in.
[03/09/2014 21:44:26] Knght kill has logged out.
[03/09/2014 21:44:29] Knght kill has logged in.
[03/09/2014 21:44:30] Knght kill has logged out.
[03/09/2014 21:44:58] > Broadcasted message: "Para esclarecer algumas duvidas digite !notice, para mais informacoes fale com um [CM]".
[03/09/2014 21:46:30] Account Manager has logged in.
[03/09/2014 21:46:32] Account Manager has logged out.
[03/09/2014 21:47:18] Knght kill has logged in.
[03/09/2014 21:47:55] Knght kill has logged out.
[03/09/2014 21:47:57] Knght kill has logged in.
[03/09/2014 21:48:15] Leigue Of Draven has logged out.
[03/09/2014 21:48:17] Leigue Of Draven has logged in.
[03/09/2014 21:48:43] Loss Pally has logged out.
[03/09/2014 21:48:44] Loss Kina has logged out.
[03/09/2014 21:48:52] Loss Pally has logged in.
[03/09/2014 21:49:41] Loss Kina has logged in.
[03/09/2014 21:50:16] Loss Pally has logged out.
[03/09/2014 21:51:06] Loss Pally has logged in.
[03/09/2014 21:51:07] Loss Pally has logged out.
[03/09/2014 21:51:10] Loss Pally has logged in.
[03/09/2014 21:51:11] Loss Pally has logged out.
[03/09/2014 21:51:20] Loss Kina has logged out.
[03/09/2014 21:51:22] Loss Pally has logged in.
[03/09/2014 21:51:39] > Broadcasted message: "Novo CLIENTE = http://www.4shared.com/rar/Xvc96eOece/Death_PVP.html".
[03/09/2014 21:52:15] Leigue Of Draven has logged out.
[03/09/2014 21:52:17] Leigue Of Draven has logged in.
[03/09/2014 21:52:29] Loss Kina has logged in.
[03/09/2014 21:53:06] Loss Pally has logged out.
[03/09/2014 21:53:27] Loss Kina has logged out.
[03/09/2014 21:53:40] Loss Pally has logged in.
[03/09/2014 21:53:59] Leigue Of Draven has logged out.
[03/09/2014 21:54:01] Leigue Of Draven has logged in.
[03/09/2014 21:54:15] > Broadcasted message: "Game map cleaning in 1 minute, please pick up all your items.".
[03/09/2014 21:54:31] Loss Kina has logged in.
[03/09/2014 21:54:45] > CLEAN: Removed 11 items from 25 tiles in 0.171 seconds.
[03/09/2014 21:54:46] > Broadcasted message: "Map Cleaned.".
[03/09/2014 21:55:04] Loss Pally has logged out.
[03/09/2014 21:55:53] Loss Kina has logged out.
[03/09/2014 21:55:54] Loss Pally has logged in.
[03/09/2014 21:56:47] Loss Kina has logged in.
[03/09/2014 21:57:20] Loss Pally has logged out.
[03/09/2014 21:57:46] Loss Pally has logged in.
[03/09/2014 21:57:47] Loss Pally has logged out.
[03/09/2014 21:57:49] Loss Pally has logged in.
[03/09/2014 21:57:51] Loss Pally has logged out.
[03/09/2014 21:57:52] Loss Pally has logged in.
[03/09/2014 21:57:53] Loss Pally has logged out.
[03/09/2014 21:57:54] Loss Pally has logged in.
[03/09/2014 21:57:55] Loss Pally has logged out.
[03/09/2014 21:57:56] Loss Pally has logged in.
[03/09/2014 21:57:57] Loss Pally has logged out.
[03/09/2014 21:57:58] Loss Pally has logged in.
[03/09/2014 21:58:00] Loss Pally has logged out.
[03/09/2014 21:58:02] Loss Pally has logged in.
[03/09/2014 21:58:03] Loss Pally has logged out.
[03/09/2014 21:58:04] Loss Pally has logged in.
[03/09/2014 21:58:05] Loss Pally has logged out.
[03/09/2014 21:58:06] Loss Pally has logged in.
[03/09/2014 21:58:08] Loss Pally has logged out.
[03/09/2014 21:58:09] Loss Pally has logged in.
[03/09/2014 21:58:10] Loss Pally has logged out.
[03/09/2014 21:58:12] Loss kinght has logged in.
[03/09/2014 21:58:14] Loss kinght has logged out.
[03/09/2014 21:58:16] Loss Pally has logged in.
[03/09/2014 21:58:17] Loss Pally has logged out.
[03/09/2014 21:58:20] > Broadcasted message: "Para ver a lista de proximos tutores digite !tutores.".
[03/09/2014 21:58:32] Loss Kina has logged out.
[03/09/2014 21:58:34] Loss Pally has logged in.
[03/09/2014 22:00:01] Loss Kina has logged in.
[03/09/2014 22:00:49] Loss Pally has logged out.
[03/09/2014 22:01:04] Leigue Of Draven has logged out.
[03/09/2014 22:01:07] Leigue Of Draven has logged in.
[03/09/2014 22:01:22] Loss Kina has logged out.
[03/09/2014 22:01:22] Loss Kina has logged in.
[03/09/2014 22:01:25] Loss Kina has logged out.
[03/09/2014 22:01:27] Loss Pally has logged in.
[03/09/2014 22:01:30] Leigue Of Draven has logged out.
[03/09/2014 22:01:33] Loss Kina has logged in.
[03/09/2014 22:01:34] Loss Kina has logged out.
[03/09/2014 22:01:35] Veigar has logged in.
[03/09/2014 22:01:35] Loss Kina has logged in.
[03/09/2014 22:01:37] Loss Kina has logged out.
[03/09/2014 22:01:40] Veigar has logged out.
[03/09/2014 22:01:43] Mal jinx has logged in.
[03/09/2014 22:01:50] Mal jinx has logged out.
[03/09/2014 22:01:52] Veigar has logged in.
[03/09/2014 22:05:01] > Broadcasted message: "Para esclarecer algumas duvidas digite !notice, para mais informacoes fale com um [CM]".
[03/09/2014 22:05:02] Knght kill has logged out.
[03/09/2014 22:05:30] Knght kill has logged in.
[03/09/2014 22:06:10] Loss Kina has logged in.
[03/09/2014 22:06:30] Loss Pally has logged out.
[03/09/2014 22:06:36] Loss Kina has logged out.
[03/09/2014 22:06:38] Loss Kina has logged in.
[03/09/2014 22:06:39] Loss Kina has logged out.
[03/09/2014 22:06:43] Loss Pally has logged in.
[03/09/2014 22:07:03] Loss Kina has logged in.
[03/09/2014 22:07:25] Loss Pally has logged out.
[03/09/2014 22:07:35] Loss Kina has logged out.
[03/09/2014 22:07:41] Loss Pally has logged in.
[03/09/2014 22:08:27] Loss Kina has logged in.
[03/09/2014 22:09:09] Loss Pally has logged out.
[03/09/2014 22:09:17] Loss Kina has logged out.
[03/09/2014 22:09:24] Loss Pally has logged in.
[03/09/2014 22:10:03] Loss Kina has logged in.
[03/09/2014 22:10:27] Loss Pally has logged out.
[03/09/2014 22:10:37] Loss Kina has logged out.
[03/09/2014 22:10:43] > Saving server...
[03/09/2014 22:10:44] > SAVE: Complete in 1.575 seconds using relational house storage.
[03/09/2014 22:10:45] Loss Pally has logged in.
[03/09/2014 22:10:56] > Broadcasted message: "Game map cleaning in 1 minute, please pick up all your items.".
[03/09/2014 22:11:26] > CLEAN: Removed 553 items from 372 tiles in 0.171 seconds.
[03/09/2014 22:11:27] > Broadcasted message: "Map Cleaned.".
[03/09/2014 22:11:42] > Broadcasted message: "Sempre Ao Criar Uma Conta, Pegue A RK Dela No Account Manager Da Conta E Anote, Nunca Passe A Sua Senha Para Outras Pessoas, E Ao Entrar Em Outros OT´s Crie Contas Diferentes Para Não Sofrer HACKED, Não Me Responsabilizo Por Perdas, Obrigado".
[03/09/2014 22:11:43] Loss Pally has logged out.
[03/09/2014 22:11:48] Loss Kina has logged in.
[03/09/2014 22:14:29] Magez-linda has logged in.
[03/09/2014 22:14:50] Magez-linda has logged out.
[03/09/2014 22:18:23] > Broadcasted message: "Para ver as noticias fale !notice".
[03/09/2014 22:21:00] Loss Pally has logged in.
[03/09/2014 22:21:01] Loss Pally has logged out.
[03/09/2014 22:21:02] Loss Pally has logged in.
[03/09/2014 22:21:04] Loss Pally has logged out.
[03/09/2014 22:21:06] Loss Pally has logged in.
[03/09/2014 22:21:07] Loss Pally has logged out.
[03/09/2014 22:21:09] Loss Pally has logged in.
[03/09/2014 22:21:10] Loss Pally has logged out.
[03/09/2014 22:21:13] Loss Pally has logged in.
[03/09/2014 22:21:14] Loss Pally has logged out.
[03/09/2014 22:21:15] Loss Pally has logged in.
[03/09/2014 22:21:16] Loss Pally has logged out.
[03/09/2014 22:21:21] Loss Pally has logged in.
[03/09/2014 22:21:22] Loss Pally has logged out.
[03/09/2014 22:21:31] Loss Pally has logged in.
[03/09/2014 22:21:32] Loss Pally has logged out.
[03/09/2014 22:21:37] Loss Pally has logged in.
[03/09/2014 22:21:39] Loss Pally has logged out.
[03/09/2014 22:21:42] Veigar has logged out.
[03/09/2014 22:21:47] Loss Pally has logged in.
[03/09/2014 22:21:48] Loss Pally has logged out.
[03/09/2014 22:21:50] Loss Pally has logged in.
[03/09/2014 22:21:51] Loss Pally has logged out.
[03/09/2014 22:21:52] Loss Pally has logged in.
[03/09/2014 22:21:57] Loss Pally has logged out.
[03/09/2014 22:22:11] Loss Pally has logged in.
[03/09/2014 22:22:12] Loss Pally has logged out.
[03/09/2014 22:22:14] Loss Pally has logged in.
[03/09/2014 22:22:15] Loss Pally has logged out.
[03/09/2014 22:22:17] Loss Pally has logged in.
[03/09/2014 22:22:18] Loss Pally has logged out.
[03/09/2014 22:22:20] Loss Pally has logged in.
[03/09/2014 22:22:22] Loss Pally has logged out.
[03/09/2014 22:22:24] Loss Pally has logged in.
[03/09/2014 22:22:25] Loss Pally has logged out.
[03/09/2014 22:22:28] Loss Pally has logged in.
[03/09/2014 22:22:29] Loss Pally has logged out.
[03/09/2014 22:22:30] Loss Pally has logged in.
[03/09/2014 22:22:31] Loss Pally has logged out.
[03/09/2014 22:22:32] Loss Pally has logged in.
[03/09/2014 22:22:33] Loss Pally has logged out.
[03/09/2014 22:22:34] Loss Pally has logged in.
[03/09/2014 22:22:35] Loss Pally has logged out.
[03/09/2014 22:22:37] Loss Pally has logged in.
[03/09/2014 22:22:38] Loss Pally has logged out.
[03/09/2014 22:22:58] Loss Pally has logged in.
[03/09/2014 22:22:58] Magez-linda has logged in.
[03/09/2014 22:22:59] Loss Pally has logged out.
[03/09/2014 22:23:02] Loss Pally has logged in.
[03/09/2014 22:23:03] Loss Pally has logged out.
[03/09/2014 22:23:05] Loss Pally has logged in.
[03/09/2014 22:23:07] Loss Pally has logged out.
[03/09/2014 22:23:09] Loss Pally has logged in.
[03/09/2014 22:23:10] Loss Pally has logged out.
[03/09/2014 22:23:13] Loss Pally has logged in.
[03/09/2014 22:23:15] Loss Pally has logged out.
[03/09/2014 22:23:21] Loss Pally has logged in.
[03/09/2014 22:23:22] Loss Pally has logged out.
[03/09/2014 22:23:28] Loss Kina has logged out.
[03/09/2014 22:23:31] Loss Pally has logged in.
[03/09/2014 22:23:39] Magez-linda has logged out.
[03/09/2014 22:23:55] Loss Kina has logged in.
[03/09/2014 22:24:53] Loss Pally has logged out.
[03/09/2014 22:24:57] Loss Pally has logged in.
[03/09/2014 22:24:58] Loss Pally has logged out.
[03/09/2014 22:24:59] Loss Pally has logged in.
[03/09/2014 22:25:00] Loss Pally has logged out.
[03/09/2014 22:25:02] Knght kill has logged out.
[03/09/2014 22:25:04] > Broadcasted message: "Para ver as noticias fale !notice".
[03/09/2014 22:25:05] Loss Pally has logged in.
[03/09/2014 22:25:44] Knght kill has logged in.
[03/09/2014 22:26:07] Loss Pally has logged out.
[03/09/2014 22:26:19] Loss Kina has logged out.
[03/09/2014 22:26:25] Loss Kina has logged in.
[03/09/2014 22:27:37] > Broadcasted message: "Game map cleaning in 1 minute, please pick up all your items.".
[03/09/2014 22:28:08] > CLEAN: Removed 48 items from 69 tiles in 0.156 seconds.
[03/09/2014 22:28:08] > Broadcasted message: "Map Cleaned.".
[03/09/2014 22:29:29] Knght kill has logged out.
[03/09/2014 22:29:37] Knght kill has logged in.
[03/09/2014 22:31:35] Loss Kina has logged out.
[03/09/2014 22:31:41] Account Manager has logged in.
[03/09/2014 22:31:42] Account Manager has logged out.
[03/09/2014 22:31:45] > Broadcasted message: "Para duvidas, eventos, e futuramente compras E-mail/Msn -> deathpvp@live.com.".
[03/09/2014 22:32:00] Account Manager has logged in.
[03/09/2014 22:32:01] Account Manager has logged out.
[03/09/2014 22:32:25] Knght kill has logged out.
[03/09/2014 22:32:26] Account Manager has logged in.
[03/09/2014 22:32:27] Account Manager has logged out.
[03/09/2014 22:32:41] Loss Pally has logged in.
[03/09/2014 22:34:23] Account Manager has logged in.
[03/09/2014 22:34:24] Account Manager has logged out.
[03/09/2014 22:35:11] Loss Knight has logged in.
[03/09/2014 22:35:15] Loss Knight has logged out.
[03/09/2014 22:35:16] Knght kill has logged in.
[03/09/2014 22:36:24] Knght kill has logged out.
[03/09/2014 22:38:26] > Broadcasted message: "Para ver as noticias fale !notice".
[03/09/2014 22:40:01] Knght kill has logged in.
[03/09/2014 22:43:07] Loss Pally has logged out.
[03/09/2014 22:43:10] Knght kill has logged out.
[03/09/2014 22:44:04] > Saving server...
[03/09/2014 22:44:05] > SAVE: Complete in 1.232 seconds using relational house storage.
[03/09/2014 22:44:18] > Broadcasted message: "Game map cleaning in 1 minute, please pick up all your items.".
[03/09/2014 22:44:48] > CLEAN: Removed 196 items from 127 tiles in 0.187 seconds.
[03/09/2014 22:44:48] > Broadcasted message: "Map Cleaned.".
[03/09/2014 22:45:07] > Broadcasted message: "Para comprar bless digite !bless".
[03/09/2014 22:48:43] Magez-linda has logged in.
[03/09/2014 22:48:54] Magez-linda has logged out.
[03/09/2014 22:51:48] > Broadcasted message: "Sempre Ao Criar Uma Conta, Pegue A RK Dela No Account Manager Da Conta E Anote, Nunca Passe A Sua Senha Para Outras Pessoas, E Ao Entrar Em Outros OT´s Crie Contas Diferentes Para Não Sofrer HACKED, Não Me Responsabilizo Por Perdas, Obrigado".
[03/09/2014 22:53:34] Account Manager has logged in.
[03/09/2014 22:53:36] Account Manager has logged out.
[03/09/2014 22:53:38] Magezinho Sapeca has logged in.
[03/09/2014 22:54:01] Magezinho Sapeca has logged out.
[03/09/2014 22:58:29] > Broadcasted message: "Para comprar bless digite !bless".
[03/09/2014 23:00:59] > Broadcasted message: "Game map cleaning in 1 minute, please pick up all your items.".
[03/09/2014 23:01:30] > CLEAN: Removed 0 items from 0 tiles in 0.156 seconds.
[03/09/2014 23:01:30] > Broadcasted message: "Map Cleaned.".
[03/09/2014 23:01:34] > Saving server...
[03/09/2014 23:01:36] > SAVE: Complete in 1.607 seconds using relational house storage.
[03/09/2014 23:01:40] > Saving server...
[03/09/2014 23:01:41] > SAVE: Complete in 1.28 seconds using relational house storage.
[03/09/2014 23:01:42] Preparing to shutdown server.