[04/07/2021 00:00:38] > Broadcasted message: "Para ver as noticias fale !notice".
[04/07/2021 00:05:44] Ovo Frito has logged out.
[04/07/2021 00:06:30] Ovo Frito has logged in.
[04/07/2021 00:08:20] JD has logged out.
[04/07/2021 00:08:45] > Broadcasted message: "Game map cleaning in 1 minute, please pick up all your items.".
[04/07/2021 00:08:46] > Saving server...
[04/07/2021 00:08:47] > SAVE: Complete in 0.537 seconds using relational house storage.
[04/07/2021 00:08:59] > Broadcasted message: "Sempre Ao Criar Uma Conta, Pegue A RK Dela No Account Manager Da Conta E Anote, Nunca Passe A Sua Senha Para Outras Pessoas, E Ao Entrar Em Outros OT´s Crie Contas Diferentes Para Não Sofrer HACKED, Não Me Responsabilizo Por Perdas, Obrigado".
[04/07/2021 00:09:15] > CLEAN: Removed 0 items from 2 tiles in 0.022 seconds.
[04/07/2021 00:09:15] > Broadcasted message: "Map Cleaned.".
[04/07/2021 00:10:02] Muthcka has logged out.
[04/07/2021 00:16:05] JD has logged in.
[04/07/2021 00:17:20] > Broadcasted message: "Para comprar bless digite !bless".
[04/07/2021 00:21:02] JD has logged out.
[04/07/2021 00:21:05] JD has logged in.
[04/07/2021 00:25:03] JD has logged out.
[04/07/2021 00:25:06] JD has logged in.
[04/07/2021 00:25:26] > Broadcasted message: "Game map cleaning in 1 minute, please pick up all your items.".
[04/07/2021 00:25:41] > Broadcasted message: "Sempre Ao Criar Uma Conta, Pegue A RK Dela No Account Manager Da Conta E Anote, Nunca Passe A Sua Senha Para Outras Pessoas, E Ao Entrar Em Outros OT´s Crie Contas Diferentes Para Não Sofrer HACKED, Não Me Responsabilizo Por Perdas, Obrigado".
[04/07/2021 00:25:56] > CLEAN: Removed 2 items from 190 tiles in 0.016 seconds.
[04/07/2021 00:25:56] > Broadcasted message: "Map Cleaned.".
[04/07/2021 00:28:36] Ovo Frito has logged out.
[04/07/2021 00:30:25] Ovo Frito has logged in.
[04/07/2021 00:32:07] > Saving server...
[04/07/2021 00:32:07] > SAVE: Complete in 0.544 seconds using relational house storage.
[04/07/2021 00:32:51] Account Manager has logged in.
[04/07/2021 00:32:54] Account Manager has logged out.
[04/07/2021 00:33:03] Account Manager has logged in.
[04/07/2021 00:33:12] Account Manager has logged out.
[04/07/2021 00:33:17] Account Manager has logged in.
[04/07/2021 00:33:40] Account Manager has logged out.
[04/07/2021 00:33:45] Pallyzin has logged in.
[04/07/2021 00:34:02] > Broadcasted message: "Para comprar bless digite !bless".
[04/07/2021 00:42:07] > Broadcasted message: "Game map cleaning in 1 minute, please pick up all your items.".
[04/07/2021 00:42:23] > Broadcasted message: "Novo CLIENTE = http://www.4shared.com/rar/cfxSV4o7ce/Death_PVP.html".
[04/07/2021 00:42:37] > CLEAN: Removed 1822 items from 1488 tiles in 0.028 seconds.
[04/07/2021 00:42:37] > Broadcasted message: "Map Cleaned.".
[04/07/2021 00:50:11] Pallyzin has logged out.
[04/07/2021 00:50:12] Pallyzin has logged in.
[04/07/2021 00:50:18] Pallyzin has logged out.
[04/07/2021 00:50:44] > Broadcasted message: "Novo CLIENTE = http://www.4shared.com/rar/cfxSV4o7ce/Death_PVP.html".
[04/07/2021 00:55:28] > Saving server...
[04/07/2021 00:55:28] > SAVE: Complete in 0.557 seconds using relational house storage.
[04/07/2021 00:58:48] > Broadcasted message: "Game map cleaning in 1 minute, please pick up all your items.".
[04/07/2021 00:59:05] > Broadcasted message: "Para ver as noticias fale !notice".
[04/07/2021 00:59:18] > CLEAN: Removed 1403 items from 1123 tiles in 0.025 seconds.
[04/07/2021 00:59:18] > Broadcasted message: "Map Cleaned.".
[04/07/2021 01:00:29] JD has logged out.
[04/07/2021 01:00:39] > Saving server...
[04/07/2021 01:00:39] > SAVE: Complete in 0.524 seconds using relational house storage.
[04/07/2021 01:01:03] > Saving server...
[04/07/2021 01:01:04] > SAVE: Complete in 0.517 seconds using relational house storage.
[04/07/2021 01:01:11] Ovo Frito has logged out.
[04/07/2021 01:01:11] > Saving server...
[04/07/2021 01:01:12] > SAVE: Complete in 0.498 seconds using relational house storage.
[04/07/2021 01:01:12] Preparing to shutdown server..
[04/07/2021 01:01:12] .
[04/07/2021 01:01:12] Exiting
[04/07/2021 10:16:28] The Forgotten Server, version 0.3.4 (Crying Damson)
[04/07/2021 10:16:28] Sever Criado Por Alissow e Comedinha.
[04/07/2021 10:16:28] Publicidade: www.sotserv.blogspot.com <- <- <- Tudo sobre otserv.
[04/07/2021 10:16:28] Bom Jogo!!!
[04/07/2021 10:16:28] 
[04/07/2021 10:16:28] >> Debugging: nothing.
[04/07/2021 10:16:28] >> Checking software version... failed - could not parse remote file (are you connected to the internet?)
[04/07/2021 10:16:28] 
[04/07/2021 10:16:28] >> Loading config (config.lua)
[04/07/2021 10:16:28] > Using plaintext passwords
[04/07/2021 10:16:28] >> Loading RSA key
[04/07/2021 10:16:28] >> Starting SQL connection
[04/07/2021 10:16:28] >> Running Database Manager
[04/07/2021 10:16:29] > Optimized database.
[04/07/2021 10:16:29] >> Loading items
[04/07/2021 10:16:29] >> Loading groups
[04/07/2021 10:16:29] >> Loading vocations
[04/07/2021 10:16:29] >> Loading script systems
[04/07/2021 10:16:33] >> Loading chat channels
[04/07/2021 10:16:33] >> Loading outfits
[04/07/2021 10:16:33] >> Loading experience stages
[04/07/2021 10:16:33] >> Loading monsters
[04/07/2021 10:16:38] >> Loading map and spawns...
[04/07/2021 10:16:38] > Map size: 65000x65000.
[04/07/2021 10:16:38] > Map descriptions: 
[04/07/2021 10:16:38] Saved with Remere's Map Editor 2.2
[04/07/2021 10:16:38] No map description available.
[04/07/2021 10:16:39] Duplicate uniqueId 2407
[04/07/2021 10:16:41] > Map loading time: 3.148 seconds.
[04/07/2021 10:16:42] > Data loading time: 0.679 seconds.
[04/07/2021 10:16:42] > Unserialization time for houses: 0 seconds.
[04/07/2021 10:16:55] > Unserialization time for map: 13.533 seconds.
[04/07/2021 10:16:55] >> Checking world type... PvP
[04/07/2021 10:16:55] >> Initializing game state modules and registering services...
[04/07/2021 10:16:56] > Global address: deathpvp.ddns.net
[04/07/2021 10:16:56] > Local ports:
[04/07/2021 10:16:56] 7171	7172	
[04/07/2021 10:16:56] >> All modules were loaded, server starting up...
[04/07/2021 10:16:56] >> OT Death server Online!
[04/07/2021 10:16:56] 
[04/07/2021 10:20:26] sqlite3_step(): SQLITE ERROR: columns id, world_id are not unique
[04/07/2021 10:22:48] Muthcka has logged in.
[04/07/2021 10:24:54] > Broadcasted message: "Sempre Ao Criar Uma Conta, Pegue A RK Dela No Account Manager Da Conta E Anote, Nunca Passe A Sua Senha Para Outras Pessoas, E Ao Entrar Em Outros OT´s Crie Contas Diferentes Para Não Sofrer HACKED, Não Me Responsabilizo Por Perdas, Obrigado".
[04/07/2021 10:33:14] > Broadcasted message: "Game map cleaning in 1 minute, please pick up all your items.".
[04/07/2021 10:33:15] > Broadcasted message: "Sempre Ao Criar Uma Conta, Pegue A RK Dela No Account Manager Da Conta E Anote, Nunca Passe A Sua Senha Para Outras Pessoas, E Ao Entrar Em Outros OT´s Crie Contas Diferentes Para Não Sofrer HACKED, Não Me Responsabilizo Por Perdas, Obrigado".
[04/07/2021 10:33:44] > CLEAN: Removed 0 items from 10 tiles in 0.022 seconds.
[04/07/2021 10:33:44] > Broadcasted message: "Map Cleaned.".
[04/07/2021 10:38:09] Jean has logged in.
[04/07/2021 10:39:01] Jean has logged out.
[04/07/2021 10:39:59] > Saving server...
[04/07/2021 10:40:00] > SAVE: Complete in 0.516 seconds using relational house storage.
[04/07/2021 10:41:36] > Broadcasted message: "Sempre Ao Criar Uma Conta, Pegue A RK Dela No Account Manager Da Conta E Anote, Nunca Passe A Sua Senha Para Outras Pessoas, E Ao Entrar Em Outros OT´s Crie Contas Diferentes Para Não Sofrer HACKED, Não Me Responsabilizo Por Perdas, Obrigado".
[04/07/2021 10:49:55] > Broadcasted message: "Game map cleaning in 1 minute, please pick up all your items.".
[04/07/2021 10:49:57] > Broadcasted message: "Sempre Ao Criar Uma Conta, Pegue A RK Dela No Account Manager Da Conta E Anote, Nunca Passe A Sua Senha Para Outras Pessoas, E Ao Entrar Em Outros OT´s Crie Contas Diferentes Para Não Sofrer HACKED, Não Me Responsabilizo Por Perdas, Obrigado".
[04/07/2021 10:50:25] > CLEAN: Removed 1012 items from 1276 tiles in 0.037 seconds.
[04/07/2021 10:50:25] > Broadcasted message: "Map Cleaned.".
[04/07/2021 10:52:09] Pestanaa has logged in.
[04/07/2021 10:52:56] Jean has logged in.
[04/07/2021 10:57:44] Jean has logged out.
[04/07/2021 10:57:45] JD has logged in.
[04/07/2021 10:57:53] JD has logged out.
[04/07/2021 10:57:55] Jean has logged in.
[04/07/2021 10:57:58] Jean has logged out.
[04/07/2021 10:58:00] JD has logged in.
[04/07/2021 10:58:18] > Broadcasted message: "Para ver as noticias fale !notice".
[04/07/2021 10:58:46] JD has logged out.
[04/07/2021 10:58:47] JD has logged in.
[04/07/2021 10:58:58] JD has logged out.
[04/07/2021 11:01:31] JD has logged in.
[04/07/2021 11:03:20] > Saving server...
[04/07/2021 11:03:21] > SAVE: Complete in 0.567 seconds using relational house storage.
[04/07/2021 11:06:36] > Broadcasted message: "Game map cleaning in 1 minute, please pick up all your items.".
[04/07/2021 11:06:39] > Broadcasted message: "Para comprar bless digite !bless".
[04/07/2021 11:07:06] > CLEAN: Removed 495 items from 589 tiles in 0.015 seconds.
[04/07/2021 11:07:06] > Broadcasted message: "Map Cleaned.".
[04/07/2021 11:08:05] Account Manager has logged in.
[04/07/2021 11:09:04] Account Manager has logged out.
[04/07/2021 11:09:04] Account Manager has logged in.
[04/07/2021 11:09:27] Account Manager has logged out.
[04/07/2021 11:09:36] Account Manager has logged in.
[04/07/2021 11:09:50] Account Manager has logged out.
[04/07/2021 11:11:27] Account Manager has logged in.
[04/07/2021 11:11:28] Account Manager has logged out.
[04/07/2021 11:11:35] Peppa has logged in.
[04/07/2021 11:15:00] > Broadcasted message: "Para ver as noticias fale !notice".
[04/07/2021 11:16:07] Muthcka has logged out.
[04/07/2021 11:16:08] Muthcka has logged in.
[04/07/2021 11:22:35] Mateus has logged in.
[04/07/2021 11:22:58] JD has logged out.
[04/07/2021 11:23:00] JD has logged in.
[04/07/2021 11:23:17] > Broadcasted message: "Game map cleaning in 1 minute, please pick up all your items.".
[04/07/2021 11:23:18] Mateus has logged out.
[04/07/2021 11:23:21] > Broadcasted message: "Sempre Ao Criar Uma Conta, Pegue A RK Dela No Account Manager Da Conta E Anote, Nunca Passe A Sua Senha Para Outras Pessoas, E Ao Entrar Em Outros OT´s Crie Contas Diferentes Para Não Sofrer HACKED, Não Me Responsabilizo Por Perdas, Obrigado".
[04/07/2021 11:23:47] > CLEAN: Removed 1215 items from 1893 tiles in 0.036 seconds.
[04/07/2021 11:23:47] > Broadcasted message: "Map Cleaned.".
[04/07/2021 11:26:41] > Saving server...
[04/07/2021 11:26:41] > SAVE: Complete in 0.756 seconds using relational house storage.
[04/07/2021 11:27:59] Pestanaa has logged out.
[04/07/2021 11:28:01] Pestana has logged in.
[04/07/2021 11:28:11] Pestana has logged out.
[04/07/2021 11:28:11] Pestanaa has logged in.
[04/07/2021 11:28:13] Pestanaa has logged out.
[04/07/2021 11:28:13] Pestana has logged in.
[04/07/2021 11:28:14] Pestana has logged out.
[04/07/2021 11:28:15] Pestanaa has logged in.
[04/07/2021 11:31:42] > Broadcasted message: "Para comprar bless digite !bless".
[04/07/2021 11:32:20] Pestanaa has logged out.
[04/07/2021 11:32:21] Pestanaa has logged in.
[04/07/2021 11:34:05] Muthcka has logged out.
[04/07/2021 11:34:06] Muthcka has logged in.
[04/07/2021 11:36:00] Pestanaa has logged out.
[04/07/2021 11:36:01] Pestanaa has logged in.
[04/07/2021 11:39:58] > Broadcasted message: "Game map cleaning in 1 minute, please pick up all your items.".
[04/07/2021 11:40:03] > Broadcasted message: "Sempre Ao Criar Uma Conta, Pegue A RK Dela No Account Manager Da Conta E Anote, Nunca Passe A Sua Senha Para Outras Pessoas, E Ao Entrar Em Outros OT´s Crie Contas Diferentes Para Não Sofrer HACKED, Não Me Responsabilizo Por Perdas, Obrigado".
[04/07/2021 11:40:28] > CLEAN: Removed 2071 items from 1692 tiles in 0.032 seconds.
[04/07/2021 11:40:28] > Broadcasted message: "Map Cleaned.".
[04/07/2021 11:43:23] JD has logged out.
[04/07/2021 11:43:24] JD has logged in.
[04/07/2021 11:44:11] JD has logged out.
[04/07/2021 11:44:38] JD has logged in.
[04/07/2021 11:45:50] Peppa has logged out.
[04/07/2021 11:46:07] Mateus has logged in.
[04/07/2021 11:46:18] Mateus has logged out.
[04/07/2021 11:48:24] > Broadcasted message: "Sempre Ao Criar Uma Conta, Pegue A RK Dela No Account Manager Da Conta E Anote, Nunca Passe A Sua Senha Para Outras Pessoas, E Ao Entrar Em Outros OT´s Crie Contas Diferentes Para Não Sofrer HACKED, Não Me Responsabilizo Por Perdas, Obrigado".
[04/07/2021 11:50:02] > Saving server...
[04/07/2021 11:50:03] > SAVE: Complete in 0.712 seconds using relational house storage.
[04/07/2021 11:56:39] > Broadcasted message: "Game map cleaning in 1 minute, please pick up all your items.".
[04/07/2021 11:56:45] > Broadcasted message: "Para ver as noticias fale !notice".
[04/07/2021 11:57:09] > CLEAN: Removed 3199 items from 2217 tiles in 0.037 seconds.
[04/07/2021 11:57:09] > Broadcasted message: "Map Cleaned.".
[04/07/2021 12:05:06] > Broadcasted message: "Para comprar bless digite !bless".
[04/07/2021 12:06:44] Muthcka has logged out.
[04/07/2021 12:06:46] Muthcka has logged in.
[04/07/2021 12:08:03] JD has logged out.
[04/07/2021 12:08:04] JD has logged in.
[04/07/2021 12:10:05] Muthcka has logged out.
[04/07/2021 12:10:06] Muthcka has logged in.
[04/07/2021 12:13:20] > Broadcasted message: "Game map cleaning in 1 minute, please pick up all your items.".
[04/07/2021 12:13:23] > Saving server...
[04/07/2021 12:13:24] > SAVE: Complete in 0.761 seconds using relational house storage.
[04/07/2021 12:13:27] > Broadcasted message: "Para comprar bless digite !bless".
[04/07/2021 12:13:50] > CLEAN: Removed 3538 items from 2314 tiles in 0.038 seconds.
[04/07/2021 12:13:50] > Broadcasted message: "Map Cleaned.".
[04/07/2021 12:21:48] > Broadcasted message: "Para comprar bless digite !bless".
[04/07/2021 12:23:18] Pestanaa has logged out.
[04/07/2021 12:23:20] Pestanaa has logged in.
[04/07/2021 12:29:21] JD has logged out.
[04/07/2021 12:30:01] > Broadcasted message: "Game map cleaning in 1 minute, please pick up all your items.".
[04/07/2021 12:30:09] > Broadcasted message: "Para comprar bless digite !bless".
[04/07/2021 12:30:31] > CLEAN: Removed 2804 items from 2056 tiles in 0.047 seconds.
[04/07/2021 12:30:31] > Broadcasted message: "Map Cleaned.".
[04/07/2021 12:30:44] Jean has logged in.
[04/07/2021 12:32:14] Jean has logged out.
[04/07/2021 12:32:16] JD has logged in.
[04/07/2021 12:36:45] > Saving server...
[04/07/2021 12:36:45] > SAVE: Complete in 0.713 seconds using relational house storage.
[04/07/2021 12:38:30] > Broadcasted message: "Para comprar bless digite !bless".
[04/07/2021 12:38:32] JD has logged out.
[04/07/2021 12:38:33] JD has logged in.
[04/07/2021 12:39:25] Account Manager has logged in.
[04/07/2021 12:39:29] Account Manager has logged out.
[04/07/2021 12:39:40] Soweto has logged in.
[04/07/2021 12:43:05] Pestanaa has logged out.
[04/07/2021 12:46:42] > Broadcasted message: "Game map cleaning in 1 minute, please pick up all your items.".
[04/07/2021 12:46:51] > Broadcasted message: "Sempre Ao Criar Uma Conta, Pegue A RK Dela No Account Manager Da Conta E Anote, Nunca Passe A Sua Senha Para Outras Pessoas, E Ao Entrar Em Outros OT´s Crie Contas Diferentes Para Não Sofrer HACKED, Não Me Responsabilizo Por Perdas, Obrigado".
[04/07/2021 12:47:12] > CLEAN: Removed 1142 items from 753 tiles in 0.036 seconds.
[04/07/2021 12:47:12] > Broadcasted message: "Map Cleaned.".
[04/07/2021 12:49:13] Pestanaa has logged in.
[04/07/2021 12:50:57] Muthcka has logged out.
[04/07/2021 12:55:12] > Broadcasted message: "Sempre Ao Criar Uma Conta, Pegue A RK Dela No Account Manager Da Conta E Anote, Nunca Passe A Sua Senha Para Outras Pessoas, E Ao Entrar Em Outros OT´s Crie Contas Diferentes Para Não Sofrer HACKED, Não Me Responsabilizo Por Perdas, Obrigado".
[04/07/2021 13:00:06] > Saving server...
[04/07/2021 13:00:06] > SAVE: Complete in 0.546 seconds using relational house storage.
[04/07/2021 13:03:23] > Broadcasted message: "Game map cleaning in 1 minute, please pick up all your items.".
[04/07/2021 13:03:33] > Broadcasted message: "Sempre Ao Criar Uma Conta, Pegue A RK Dela No Account Manager Da Conta E Anote, Nunca Passe A Sua Senha Para Outras Pessoas, E Ao Entrar Em Outros OT´s Crie Contas Diferentes Para Não Sofrer HACKED, Não Me Responsabilizo Por Perdas, Obrigado".
[04/07/2021 13:03:53] > CLEAN: Removed 1342 items from 1525 tiles in 0.035 seconds.
[04/07/2021 13:03:53] > Broadcasted message: "Map Cleaned.".
[04/07/2021 13:11:54] > Broadcasted message: "Sempre Ao Criar Uma Conta, Pegue A RK Dela No Account Manager Da Conta E Anote, Nunca Passe A Sua Senha Para Outras Pessoas, E Ao Entrar Em Outros OT´s Crie Contas Diferentes Para Não Sofrer HACKED, Não Me Responsabilizo Por Perdas, Obrigado".
[04/07/2021 13:18:44] Soweto has logged out.
[04/07/2021 13:20:04] > Broadcasted message: "Game map cleaning in 1 minute, please pick up all your items.".
[04/07/2021 13:20:15] > Broadcasted message: "Novo CLIENTE = http://www.4shared.com/rar/cfxSV4o7ce/Death_PVP.html".
[04/07/2021 13:20:34] > CLEAN: Removed 0 items from 5 tiles in 0.02 seconds.
[04/07/2021 13:20:34] > Broadcasted message: "Map Cleaned.".
[04/07/2021 13:23:28] > Saving server...
[04/07/2021 13:23:28] > SAVE: Complete in 0.545 seconds using relational house storage.
[04/07/2021 13:28:36] > Broadcasted message: "Para ver as noticias fale !notice".
[04/07/2021 13:32:04] Soweto has logged in.
[04/07/2021 13:36:45] > Broadcasted message: "Game map cleaning in 1 minute, please pick up all your items.".
[04/07/2021 13:36:57] > Broadcasted message: "Sempre Ao Criar Uma Conta, Pegue A RK Dela No Account Manager Da Conta E Anote, Nunca Passe A Sua Senha Para Outras Pessoas, E Ao Entrar Em Outros OT´s Crie Contas Diferentes Para Não Sofrer HACKED, Não Me Responsabilizo Por Perdas, Obrigado".
[04/07/2021 13:37:15] > CLEAN: Removed 0 items from 5 tiles in 0.015 seconds.
[04/07/2021 13:37:15] > Broadcasted message: "Map Cleaned.".
[04/07/2021 13:45:18] > Broadcasted message: "Sempre Ao Criar Uma Conta, Pegue A RK Dela No Account Manager Da Conta E Anote, Nunca Passe A Sua Senha Para Outras Pessoas, E Ao Entrar Em Outros OT´s Crie Contas Diferentes Para Não Sofrer HACKED, Não Me Responsabilizo Por Perdas, Obrigado".
[04/07/2021 13:46:48] > Saving server...
[04/07/2021 13:46:49] > SAVE: Complete in 0.586 seconds using relational house storage.
[04/07/2021 13:51:28] Soweto has logged out.
[04/07/2021 13:52:50] Muthcka has logged in.
[04/07/2021 13:53:26] > Broadcasted message: "Game map cleaning in 1 minute, please pick up all your items.".
[04/07/2021 13:53:39] > Broadcasted message: "Para ver as noticias fale !notice".
[04/07/2021 13:53:56] > CLEAN: Removed 0 items from 5 tiles in 0.023 seconds.
[04/07/2021 13:53:56] > Broadcasted message: "Map Cleaned.".
[04/07/2021 13:58:27] Pestanaa has logged out.
[04/07/2021 14:02:00] > Broadcasted message: "Para ver as noticias fale !notice".
[04/07/2021 14:10:07] > Broadcasted message: "Game map cleaning in 1 minute, please pick up all your items.".
[04/07/2021 14:10:09] > Saving server...
[04/07/2021 14:10:10] > SAVE: Complete in 0.538 seconds using relational house storage.
[04/07/2021 14:10:21] > Broadcasted message: "Para comprar bless digite !bless".
[04/07/2021 14:10:37] > CLEAN: Removed 1117 items from 1378 tiles in 0.032 seconds.
[04/07/2021 14:10:37] > Broadcasted message: "Map Cleaned.".
[04/07/2021 14:12:16] Account Manager has logged in.
[04/07/2021 14:12:17] Account Manager has logged out.
[04/07/2021 14:12:25] Pestanaa has logged in.
[04/07/2021 14:18:42] > Broadcasted message: "Sempre Ao Criar Uma Conta, Pegue A RK Dela No Account Manager Da Conta E Anote, Nunca Passe A Sua Senha Para Outras Pessoas, E Ao Entrar Em Outros OT´s Crie Contas Diferentes Para Não Sofrer HACKED, Não Me Responsabilizo Por Perdas, Obrigado".
[04/07/2021 14:26:48] > Broadcasted message: "Game map cleaning in 1 minute, please pick up all your items.".
[04/07/2021 14:27:03] > Broadcasted message: "Para comprar bless digite !bless".
[04/07/2021 14:27:18] > CLEAN: Removed 1432 items from 1569 tiles in 0.029 seconds.
[04/07/2021 14:27:18] > Broadcasted message: "Map Cleaned.".
[04/07/2021 14:29:11] Muthcka has logged out.
[04/07/2021 14:29:12] Muthcka has logged in.
[04/07/2021 14:33:30] > Saving server...
[04/07/2021 14:33:30] > SAVE: Complete in 0.548 seconds using relational house storage.
[04/07/2021 14:35:24] > Broadcasted message: "Para ver as noticias fale !notice".
[04/07/2021 14:41:31] Muthcka has logged out.
[04/07/2021 14:41:33] Muthcka has logged in.
[04/07/2021 14:43:29] > Broadcasted message: "Game map cleaning in 1 minute, please pick up all your items.".
[04/07/2021 14:43:45] > Broadcasted message: "Novo CLIENTE = http://www.4shared.com/rar/cfxSV4o7ce/Death_PVP.html".
[04/07/2021 14:43:59] > CLEAN: Removed 1960 items from 2224 tiles in 0.066 seconds.
[04/07/2021 14:43:59] > Broadcasted message: "Map Cleaned.".
[04/07/2021 14:52:06] > Broadcasted message: "Sempre Ao Criar Uma Conta, Pegue A RK Dela No Account Manager Da Conta E Anote, Nunca Passe A Sua Senha Para Outras Pessoas, E Ao Entrar Em Outros OT´s Crie Contas Diferentes Para Não Sofrer HACKED, Não Me Responsabilizo Por Perdas, Obrigado".
[04/07/2021 14:56:51] > Saving server...
[04/07/2021 14:56:52] > SAVE: Complete in 0.574 seconds using relational house storage.
[04/07/2021 15:00:10] > Broadcasted message: "Game map cleaning in 1 minute, please pick up all your items.".
[04/07/2021 15:00:27] > Broadcasted message: "Sempre Ao Criar Uma Conta, Pegue A RK Dela No Account Manager Da Conta E Anote, Nunca Passe A Sua Senha Para Outras Pessoas, E Ao Entrar Em Outros OT´s Crie Contas Diferentes Para Não Sofrer HACKED, Não Me Responsabilizo Por Perdas, Obrigado".
[04/07/2021 15:00:40] > CLEAN: Removed 1795 items from 1313 tiles in 0.036 seconds.
[04/07/2021 15:00:40] > Broadcasted message: "Map Cleaned.".
[04/07/2021 15:08:41] > Saving server...
[04/07/2021 15:08:41] > SAVE: Complete in 0.574 seconds using relational house storage.
[04/07/2021 15:08:48] > Broadcasted message: "Novo CLIENTE = http://www.4shared.com/rar/cfxSV4o7ce/Death_PVP.html".
[04/07/2021 15:10:23] Muthcka has logged out.
[04/07/2021 15:12:20] JD has logged out.
[04/07/2021 15:12:20] Pestanaa has logged out.
[04/07/2021 15:12:20] > Saving server...
[04/07/2021 15:12:21] > SAVE: Complete in 0.499 seconds using relational house storage.
[04/07/2021 15:12:21] Preparing to shutdown server..
[04/07/2021 15:12:21] .
[04/07/2021 15:12:21] Exiting
[04/07/2021 15:33:06] The Forgotten Server, version 0.3.4 (Crying Damson)
[04/07/2021 15:33:06] Sever Criado Por Alissow e Comedinha.
[04/07/2021 15:33:06] Publicidade: www.sotserv.blogspot.com <- <- <- Tudo sobre otserv.
[04/07/2021 15:33:06] Bom Jogo!!!
[04/07/2021 15:33:06] 
[04/07/2021 15:33:06] >> Debugging: nothing.
[04/07/2021 15:33:06] >> Checking software version... failed - could not parse remote file (are you connected to the internet?)
[04/07/2021 15:33:07] 
[04/07/2021 15:33:07] >> Loading config (config.lua)
[04/07/2021 15:33:07] > Using plaintext passwords
[04/07/2021 15:33:07] >> Loading RSA key
[04/07/2021 15:33:07] >> Starting SQL connection
[04/07/2021 15:33:07] >> Running Database Manager
[04/07/2021 15:33:07] > Optimized database.
[04/07/2021 15:33:07] >> Loading items
[04/07/2021 15:33:07] >> Loading groups
[04/07/2021 15:33:07] >> Loading vocations
[04/07/2021 15:33:07] >> Loading script systems
[04/07/2021 15:33:07] >> Loading chat channels
[04/07/2021 15:33:08] >> Loading outfits
[04/07/2021 15:33:08] >> Loading experience stages
[04/07/2021 15:33:08] >> Loading monsters
[04/07/2021 15:33:08] >> Loading map and spawns...
[04/07/2021 15:33:08] > Map size: 65000x65000.
[04/07/2021 15:33:09] > Map descriptions: 
[04/07/2021 15:33:09] Saved with Remere's Map Editor 2.2
[04/07/2021 15:33:09] No map description available.
[04/07/2021 15:33:09] Duplicate uniqueId 2407
[04/07/2021 15:33:11] > Map loading time: 3.071 seconds.
[04/07/2021 15:33:11] > Data loading time: 0.216 seconds.
[04/07/2021 15:33:11] > Unserialization time for houses: 0.016 seconds.
[04/07/2021 15:33:26] > Unserialization time for map: 14.211 seconds.
[04/07/2021 15:33:26] >> Checking world type... PvP
[04/07/2021 15:33:26] >> Initializing game state modules and registering services...
[04/07/2021 15:33:26] > Global address: deathpvp.ddns.net
[04/07/2021 15:33:26] > Local ports:
[04/07/2021 15:33:26] 7171	7172	
[04/07/2021 15:33:26] >> All modules were loaded, server starting up...
[04/07/2021 15:33:26] >> OT Death server Online!
[04/07/2021 15:33:26] 
[04/07/2021 15:34:02] sqlite3_step(): SQLITE ERROR: columns id, world_id are not unique
[04/07/2021 15:34:03] Account Manager has logged in.
[04/07/2021 15:34:13] Account Manager has logged out.
[04/07/2021 15:35:32] Pestanaa has logged in.
[04/07/2021 15:39:04] Jean has logged in.
[04/07/2021 15:40:44] Jean has logged out.
[04/07/2021 15:41:28] > Broadcasted message: "Para ver as noticias fale !notice".
[04/07/2021 15:49:48] > Broadcasted message: "Game map cleaning in 1 minute, please pick up all your items.".
[04/07/2021 15:49:49] > Broadcasted message: "Sempre Ao Criar Uma Conta, Pegue A RK Dela No Account Manager Da Conta E Anote, Nunca Passe A Sua Senha Para Outras Pessoas, E Ao Entrar Em Outros OT´s Crie Contas Diferentes Para Não Sofrer HACKED, Não Me Responsabilizo Por Perdas, Obrigado".
[04/07/2021 15:50:18] > CLEAN: Removed 131 items from 181 tiles in 0.031 seconds.
[04/07/2021 15:50:18] > Broadcasted message: "Map Cleaned.".
[04/07/2021 15:56:33] > Saving server...
[04/07/2021 15:56:34] > SAVE: Complete in 0.978 seconds using relational house storage.
[04/07/2021 15:58:10] > Broadcasted message: "Sempre Ao Criar Uma Conta, Pegue A RK Dela No Account Manager Da Conta E Anote, Nunca Passe A Sua Senha Para Outras Pessoas, E Ao Entrar Em Outros OT´s Crie Contas Diferentes Para Não Sofrer HACKED, Não Me Responsabilizo Por Perdas, Obrigado".
[04/07/2021 16:03:19] Pestanaa has logged out.
[04/07/2021 16:06:29] > Broadcasted message: "Game map cleaning in 1 minute, please pick up all your items.".
[04/07/2021 16:06:31] > Broadcasted message: "Para comprar bless digite !bless".
[04/07/2021 16:06:59] > CLEAN: Removed 0 items from 1 tile in 0.015 seconds.
[04/07/2021 16:06:59] > Broadcasted message: "Map Cleaned.".
[04/07/2021 16:14:52] > Broadcasted message: "Novo CLIENTE = http://www.4shared.com/rar/cfxSV4o7ce/Death_PVP.html".
[04/07/2021 16:19:54] > Saving server...
[04/07/2021 16:19:55] > SAVE: Complete in 0.808 seconds using relational house storage.
[04/07/2021 16:23:10] > Broadcasted message: "Game map cleaning in 1 minute, please pick up all your items.".
[04/07/2021 16:23:13] > Broadcasted message: "Para comprar bless digite !bless".
[04/07/2021 16:23:40] > CLEAN: Removed 0 items from 0 tiles in 0.022 seconds.
[04/07/2021 16:23:40] > Broadcasted message: "Map Cleaned.".
[04/07/2021 16:31:34] > Broadcasted message: "Novo CLIENTE = http://www.4shared.com/rar/cfxSV4o7ce/Death_PVP.html".
[04/07/2021 16:39:51] > Broadcasted message: "Game map cleaning in 1 minute, please pick up all your items.".
[04/07/2021 16:39:55] > Broadcasted message: "Para comprar bless digite !bless".
[04/07/2021 16:40:21] > CLEAN: Removed 0 items from 0 tiles in 0.015 seconds.
[04/07/2021 16:40:21] > Broadcasted message: "Map Cleaned.".
[04/07/2021 18:45:22] > Broadcasted message: "Game map cleaning in 1 minute, please pick up all your items.".
[04/07/2021 18:45:22] > Broadcasted message: "Para comprar bless digite !bless".
[04/07/2021 18:45:27] > Saving server...
[04/07/2021 18:45:27] > SAVE: Complete in 0.823 seconds using relational house storage.
[04/07/2021 18:45:52] > CLEAN: Removed 0 items from 0 tiles in 0.007 seconds.
[04/07/2021 18:45:52] > Broadcasted message: "Map Cleaned.".
[04/07/2021 18:47:52] Soweto has logged in.
[04/07/2021 18:53:43] > Broadcasted message: "Para comprar bless digite !bless".
[04/07/2021 19:02:03] > Broadcasted message: "Game map cleaning in 1 minute, please pick up all your items.".
[04/07/2021 19:02:04] > Broadcasted message: "Sempre Ao Criar Uma Conta, Pegue A RK Dela No Account Manager Da Conta E Anote, Nunca Passe A Sua Senha Para Outras Pessoas, E Ao Entrar Em Outros OT´s Crie Contas Diferentes Para Não Sofrer HACKED, Não Me Responsabilizo Por Perdas, Obrigado".
[04/07/2021 19:02:33] > CLEAN: Removed 297 items from 343 tiles in 0.031 seconds.
[04/07/2021 19:02:33] > Broadcasted message: "Map Cleaned.".
[04/07/2021 19:04:05] Muthcka has logged in.
[04/07/2021 19:08:49] > Saving server...
[04/07/2021 19:08:49] > SAVE: Complete in 0.532 seconds using relational house storage.
[04/07/2021 19:09:51] Jean has logged in.
[04/07/2021 19:10:25] > Broadcasted message: "Novo CLIENTE = http://www.4shared.com/rar/cfxSV4o7ce/Death_PVP.html".
[04/07/2021 19:10:44] Jean has logged out.
[04/07/2021 19:11:37] Soweto has logged out.
[04/07/2021 19:12:07] Ovo Frito has logged in.
[04/07/2021 19:18:44] > Broadcasted message: "Game map cleaning in 1 minute, please pick up all your items.".
[04/07/2021 19:18:46] > Broadcasted message: "Para ver as noticias fale !notice".
[04/07/2021 19:19:14] > CLEAN: Removed 1409 items from 1569 tiles in 0.031 seconds.
[04/07/2021 19:19:14] > Broadcasted message: "Map Cleaned.".
[04/07/2021 19:20:28] Scooby Doo has logged in.
[04/07/2021 19:20:36] Scooby Doo has logged out.
[04/07/2021 19:20:46] Soweto has logged in.
[04/07/2021 19:21:35] Jean has logged in.
[04/07/2021 19:23:59] Ovo Frito has logged out.
[04/07/2021 19:24:01] Ovo Frito has logged in.
[04/07/2021 19:25:21] Muthcka has logged out.
[04/07/2021 19:25:22] Muthcka has logged in.
[04/07/2021 19:27:07] > Broadcasted message: "Sempre Ao Criar Uma Conta, Pegue A RK Dela No Account Manager Da Conta E Anote, Nunca Passe A Sua Senha Para Outras Pessoas, E Ao Entrar Em Outros OT´s Crie Contas Diferentes Para Não Sofrer HACKED, Não Me Responsabilizo Por Perdas, Obrigado".
[04/07/2021 19:28:24] Ovo Frito has logged out.
[04/07/2021 19:28:27] Account Manager has logged in.
[04/07/2021 19:28:37] Account Manager has logged out.
[04/07/2021 19:28:41] Account Manager has logged in.
[04/07/2021 19:29:09] Account Manager has logged out.
[04/07/2021 19:29:11] Account Manager has logged in.
[04/07/2021 19:29:34] Account Manager has logged out.
[04/07/2021 19:29:42] Macumbeira has logged in.
[04/07/2021 19:31:14] Jean has logged out.
[04/07/2021 19:31:16] JD has logged in.
[04/07/2021 19:32:10] > Saving server...
[04/07/2021 19:32:11] > SAVE: Complete in 0.596 seconds using relational house storage.
[04/07/2021 19:35:25] > Broadcasted message: "Game map cleaning in 1 minute, please pick up all your items.".
[04/07/2021 19:35:28] > Broadcasted message: "Para ver as noticias fale !notice".
[04/07/2021 19:35:55] > CLEAN: Removed 255 items from 319 tiles in 0.016 seconds.
[04/07/2021 19:35:55] > Broadcasted message: "Map Cleaned.".
[04/07/2021 19:36:21] JD has logged out.
[04/07/2021 19:36:22] JD has logged in.
[04/07/2021 19:39:41] Pestanaa has logged in.
[04/07/2021 19:40:44] Soweto has logged out.
[04/07/2021 19:42:19] JD has logged out.
[04/07/2021 19:42:20] JD has logged in.
[04/07/2021 19:43:49] > Broadcasted message: "Para comprar bless digite !bless".
[04/07/2021 19:44:55] Muthcka has logged out.
[04/07/2021 19:47:36] JD has logged out.
[04/07/2021 19:49:34] JD has logged in.
[04/07/2021 19:51:09] Macumbeira has logged out.
[04/07/2021 19:51:11] Macumbeira has logged in.
[04/07/2021 19:52:06] > Broadcasted message: "Game map cleaning in 1 minute, please pick up all your items.".
[04/07/2021 19:52:10] > Broadcasted message: "Para comprar bless digite !bless".
[04/07/2021 19:52:16] Ovo Frito has logged in.
[04/07/2021 19:52:36] > CLEAN: Removed 84 items from 128 tiles in 0.027 seconds.
[04/07/2021 19:52:36] > Broadcasted message: "Map Cleaned.".
[04/07/2021 19:53:04] Ovo Frito has logged out.
[04/07/2021 19:53:07] Ovo Frito has logged in.
[04/07/2021 19:55:18] Ovo Frito has logged out.
[04/07/2021 19:55:31] > Saving server...
[04/07/2021 19:55:32] > SAVE: Complete in 0.54 seconds using relational house storage.
[04/07/2021 19:57:43] Ovo Frito has logged in.
[04/07/2021 19:58:37] Macumbeira has logged out.
[04/07/2021 19:58:39] Macumbeira has logged in.
[04/07/2021 19:59:10] Pestanaa has logged out.
[04/07/2021 20:00:28] Ovo Frito has logged out.
[04/07/2021 20:00:31] > Broadcasted message: "Para comprar bless digite !bless".
[04/07/2021 20:01:11] Ovo Frito has logged in.
[04/07/2021 20:02:16] Ovo Frito has logged out.
[04/07/2021 20:03:37] Ovo Frito has logged in.
[04/07/2021 20:04:39] Ovo Frito has logged out.
[04/07/2021 20:06:09] Pestanaa has logged in.
[04/07/2021 20:06:33] Kaiio has logged in.
[04/07/2021 20:06:42] Poderoso Kina has logged in.
[04/07/2021 20:08:47] > Broadcasted message: "Game map cleaning in 1 minute, please pick up all your items.".
[04/07/2021 20:08:52] > Broadcasted message: "Para comprar bless digite !bless".
[04/07/2021 20:09:17] > CLEAN: Removed 622 items from 736 tiles in 0.022 seconds.
[04/07/2021 20:09:17] > Broadcasted message: "Map Cleaned.".
[04/07/2021 20:12:28] Account Manager has logged in.
[04/07/2021 20:12:38] Account Manager has logged out.
[04/07/2021 20:12:41] Account Manager has logged in.
[04/07/2021 20:13:02] Account Manager has logged out.
[04/07/2021 20:13:05] Gaikou Main has logged in.
[04/07/2021 20:13:33] Gaikou Main has logged out.
[04/07/2021 20:14:26] Account Manager has logged in.
[04/07/2021 20:14:31] Account Manager has logged out.
[04/07/2021 20:14:31] Gaikou Main has logged in.
[04/07/2021 20:14:48] Gaikou Main has logged out.
[04/07/2021 20:14:50] Gaikou Main has logged in.
[04/07/2021 20:17:13] > Broadcasted message: "Sempre Ao Criar Uma Conta, Pegue A RK Dela No Account Manager Da Conta E Anote, Nunca Passe A Sua Senha Para Outras Pessoas, E Ao Entrar Em Outros OT´s Crie Contas Diferentes Para Não Sofrer HACKED, Não Me Responsabilizo Por Perdas, Obrigado".
[04/07/2021 20:18:52] > Saving server...
[04/07/2021 20:18:53] > SAVE: Complete in 0.621 seconds using relational house storage.
[04/07/2021 20:19:37] JD has logged out.
[04/07/2021 20:19:38] Jean has logged in.
[04/07/2021 20:19:56] > Broadcasted message: "Demon lord minions are working on his return to the World. LEAVE at once, mortals.".
[04/07/2021 20:20:05] > Broadcasted message: "Demon Lord is about to make his way into the mortal realm. Run for your lives!".
[04/07/2021 20:20:15] > Broadcasted message: "Demon Lord has been summoned from hell to plague the lands of mortals once again.".
[04/07/2021 20:25:28] > Broadcasted message: "Game map cleaning in 1 minute, please pick up all your items.".
[04/07/2021 20:25:34] > Broadcasted message: "Sempre Ao Criar Uma Conta, Pegue A RK Dela No Account Manager Da Conta E Anote, Nunca Passe A Sua Senha Para Outras Pessoas, E Ao Entrar Em Outros OT´s Crie Contas Diferentes Para Não Sofrer HACKED, Não Me Responsabilizo Por Perdas, Obrigado".
[04/07/2021 20:25:45] Pestanaa has logged out.
[04/07/2021 20:25:47] Kaiio has logged out.
[04/07/2021 20:25:48] Kaiio has logged in.
[04/07/2021 20:25:58] > CLEAN: Removed 3191 items from 2816 tiles in 0.031 seconds.
[04/07/2021 20:25:59] > Broadcasted message: "Map Cleaned.".
[04/07/2021 20:26:01] Jean has logged out.
[04/07/2021 20:26:02] JD has logged in.
[04/07/2021 20:29:54] Pestanaa has logged in.
[04/07/2021 20:33:55] > Broadcasted message: "Para comprar bless digite !bless".
[04/07/2021 20:35:48] Macumbeira has logged out.
[04/07/2021 20:36:12] Gaikou Main has logged out.
[04/07/2021 20:36:12] Gaikou Main has logged in.
[04/07/2021 20:38:36] Poderoso Kina has logged out.
[04/07/2021 20:38:37] Poderoso Kina has logged in.
[04/07/2021 20:38:52] Pestanaa has logged out.
[04/07/2021 20:38:52] Pestanaa has logged in.
[04/07/2021 20:38:57] Gaikou Main has logged out.
[04/07/2021 20:38:58] Gaikou Main has logged in.
[04/07/2021 20:42:09] > Broadcasted message: "Game map cleaning in 1 minute, please pick up all your items.".
[04/07/2021 20:42:13] > Saving server...
[04/07/2021 20:42:14] > SAVE: Complete in 0.586 seconds using relational house storage.
[04/07/2021 20:42:16] > Broadcasted message: "Novo CLIENTE = http://www.4shared.com/rar/cfxSV4o7ce/Death_PVP.html".
[04/07/2021 20:42:39] > CLEAN: Removed 1788 items from 2451 tiles in 0.015 seconds.
[04/07/2021 20:42:39] > Broadcasted message: "Map Cleaned.".
[04/07/2021 20:48:46] Gaikou Main has logged out.
[04/07/2021 20:48:47] Gaikou Main has logged in.
[04/07/2021 20:49:38] Gaikou Main has logged out.
[04/07/2021 20:49:39] Gaikou Main has logged in.
[04/07/2021 20:50:32] Gaikou Main has logged out.
[04/07/2021 20:50:32] Gaikou Main has logged in.
[04/07/2021 20:50:37] > Broadcasted message: "Sempre Ao Criar Uma Conta, Pegue A RK Dela No Account Manager Da Conta E Anote, Nunca Passe A Sua Senha Para Outras Pessoas, E Ao Entrar Em Outros OT´s Crie Contas Diferentes Para Não Sofrer HACKED, Não Me Responsabilizo Por Perdas, Obrigado".
[04/07/2021 20:51:39] Gaikou Main has logged out.
[04/07/2021 20:51:40] Gaikou Main has logged in.
[04/07/2021 20:51:58] Gaikou Main has logged out.
[04/07/2021 20:51:58] Gaikou Main has logged in.
[04/07/2021 20:53:43] Poderoso Kina has logged out.
[04/07/2021 20:53:44] Poderoso Kina has logged in.
[04/07/2021 20:53:55] JD has logged out.
[04/07/2021 20:53:57] Jean has logged in.
[04/07/2021 20:54:36] > Broadcasted message: "Ice Lord esta atacando o templo com seu set perfeito.".
[04/07/2021 20:55:17] Poderoso Kina has logged out.
[04/07/2021 20:55:18] Poderoso Kina has logged in.
[04/07/2021 20:55:39] Kaiio has logged out.
[04/07/2021 20:55:40] Kaiio has logged in.
[04/07/2021 20:56:42] Gaikou Main has logged out.
[04/07/2021 20:56:43] Gaikou Main has logged in.
[04/07/2021 20:58:23] Gaikou Main has logged out.
[04/07/2021 20:58:24] Gaikou Main has logged in.
[04/07/2021 20:58:33] Kaiio has logged out.
[04/07/2021 20:58:34] Kaiio has logged in.
[04/07/2021 20:58:50] > Broadcasted message: "Game map cleaning in 1 minute, please pick up all your items.".
[04/07/2021 20:58:55] Gaikou Main has logged out.
[04/07/2021 20:58:55] Gaikou Main has logged in.
[04/07/2021 20:58:58] > Broadcasted message: "Para comprar bless digite !bless".
[04/07/2021 20:59:20] > CLEAN: Removed 185 items from 627 tiles in 0.026 seconds.
[04/07/2021 20:59:20] > Broadcasted message: "Map Cleaned.".
[04/07/2021 20:59:21] Gaikou Main has logged out.
[04/07/2021 20:59:22] Gaikou Main has logged in.
[04/07/2021 20:59:55] Gaikou Main has logged out.
[04/07/2021 20:59:56] Gaikou Main has logged in.
[04/07/2021 21:00:35] Gaikou Main has logged out.
[04/07/2021 21:00:36] Gaikou Main has logged in.
[04/07/2021 21:03:00] Jean has logged out.
[04/07/2021 21:03:12] Jean has logged in.
[04/07/2021 21:05:34] > Saving server...
[04/07/2021 21:05:35] > SAVE: Complete in 0.599 seconds using relational house storage.
[04/07/2021 21:05:52] Pestanaa has logged out.
[04/07/2021 21:05:53] Pestanaa has logged in.
[04/07/2021 21:07:14] Kaiio has logged out.
[04/07/2021 21:07:15] Kaiio has logged in.
[04/07/2021 21:07:19] > Broadcasted message: "Novo CLIENTE = http://www.4shared.com/rar/cfxSV4o7ce/Death_PVP.html".
[04/07/2021 21:08:03] Pestanaa has logged out.
[04/07/2021 21:08:04] Pestanaa has logged in.
[04/07/2021 21:09:59] Macumbeira has logged in.
[04/07/2021 21:15:31] > Broadcasted message: "Game map cleaning in 1 minute, please pick up all your items.".
[04/07/2021 21:15:40] > Broadcasted message: "Novo CLIENTE = http://www.4shared.com/rar/cfxSV4o7ce/Death_PVP.html".
[04/07/2021 21:16:01] > CLEAN: Removed 83 items from 297 tiles in 0.025 seconds.
[04/07/2021 21:16:01] > Broadcasted message: "Map Cleaned.".
[04/07/2021 21:18:58] Macumbeira has logged out.
[04/07/2021 21:19:00] Macumbeira has logged in.
[04/07/2021 21:19:00] Pestanaa has logged out.
[04/07/2021 21:19:00] Pestana has logged in.
[04/07/2021 21:19:06] Kaiio has logged out.
[04/07/2021 21:19:08] Kaiio has logged in.
[04/07/2021 21:22:03] Macumbeira has logged out.
[04/07/2021 21:22:08] Ovo Frito has logged in.
[04/07/2021 21:22:18] Poderoso Kina has logged out.
[04/07/2021 21:22:20] Poderoso Kina has logged in.
[04/07/2021 21:22:26] Kaiio has logged out.
[04/07/2021 21:22:27] Kaio has logged in.
[04/07/2021 21:22:30] Poderoso Kina has logged out.
[04/07/2021 21:22:35] Account Manager has logged in.
[04/07/2021 21:22:47] Account Manager has logged out.
[04/07/2021 21:22:52] Poderoso Pally has logged in.
[04/07/2021 21:22:57] Poderoso Pally has logged out.
[04/07/2021 21:23:02] Poderoso Kina has logged in.
[04/07/2021 21:23:12] Poderoso Kina has logged out.
[04/07/2021 21:23:23] Poderoso Pally has logged in.
[04/07/2021 21:23:38] Gaikou Main has logged out.
[04/07/2021 21:23:38] Gaikou Main has logged in.
[04/07/2021 21:24:01] > Broadcasted message: "Para ver as noticias fale !notice".
[04/07/2021 21:24:21] Kaio has logged out.
[04/07/2021 21:24:25] Jukes has logged in.
[04/07/2021 21:25:05] Ovo Frito has logged out.
[04/07/2021 21:25:06] Ovo Frito has logged in.
[04/07/2021 21:25:15] Ovo Frito has logged out.
[04/07/2021 21:25:17] Jarbas has logged in.
[04/07/2021 21:25:18] Soweto has logged in.
[04/07/2021 21:25:51] Soweto has logged out.
[04/07/2021 21:25:55] Jukes has logged out.
[04/07/2021 21:26:01] Kaiio has logged in.
[04/07/2021 21:27:15] Poderoso Pally has logged out.
[04/07/2021 21:27:20] Poderoso Kina has logged in.
[04/07/2021 21:27:22] Pestana has logged out.
[04/07/2021 21:27:22] Pestanaa has logged in.
[04/07/2021 21:28:55] > Saving server...
[04/07/2021 21:28:56] > SAVE: Complete in 0.621 seconds using relational house storage.
[04/07/2021 21:29:48] Gaikou Main has logged out.
[04/07/2021 21:29:48] Gaikou Main has logged in.
[04/07/2021 21:30:41] Soweto has logged in.
[04/07/2021 21:32:12] > Broadcasted message: "Game map cleaning in 1 minute, please pick up all your items.".
[04/07/2021 21:32:14] Jarbas has logged out.
[04/07/2021 21:32:16] Ovo Frito has logged in.
[04/07/2021 21:32:22] > Broadcasted message: "Novo CLIENTE = http://www.4shared.com/rar/cfxSV4o7ce/Death_PVP.html".
[04/07/2021 21:32:42] > CLEAN: Removed 451 items from 498 tiles in 0.03 seconds.
[04/07/2021 21:32:42] > Broadcasted message: "Map Cleaned.".
[04/07/2021 21:33:56] > Broadcasted message: "New record: 8 players are logged in.".
[04/07/2021 21:33:56] Muthcka has logged in.
[04/07/2021 21:34:01] Poderoso Kina has logged out.
[04/07/2021 21:34:02] Poderoso Kina has logged in.
[04/07/2021 21:34:19] Ovo Frito has logged out.
[04/07/2021 21:34:25] Macumbeira has logged in.
[04/07/2021 21:36:15] Muthcka has logged out.
[04/07/2021 21:36:16] Muthcka has logged in.
[04/07/2021 21:37:52] Poderoso Kina has logged out.
[04/07/2021 21:37:56] Poderoso Pally has logged in.
[04/07/2021 21:39:07] Poderoso Pally has logged out.
[04/07/2021 21:39:08] Poderoso Pally has logged in.
[04/07/2021 21:40:43] > Broadcasted message: "Novo CLIENTE = http://www.4shared.com/rar/cfxSV4o7ce/Death_PVP.html".
[04/07/2021 21:40:47] Poderoso Pally has logged out.
[04/07/2021 21:40:54] Poderoso Kina has logged in.
[04/07/2021 21:46:30] Muthcka has logged out.
[04/07/2021 21:46:32] Muthcka has logged in.
[04/07/2021 21:46:43] Macumbeira has logged out.
[04/07/2021 21:46:49] Account Manager has logged in.
[04/07/2021 21:46:50] Account Manager has logged out.
[04/07/2021 21:46:50] Account Manager has logged in.
[04/07/2021 21:46:51] Account Manager has logged out.
[04/07/2021 21:46:52] Macumbeira has logged in.
[04/07/2021 21:48:53] > Broadcasted message: "Game map cleaning in 1 minute, please pick up all your items.".
[04/07/2021 21:49:04] > Broadcasted message: "Para ver as noticias fale !notice".
[04/07/2021 21:49:23] > CLEAN: Removed 2702 items from 2557 tiles in 0.047 seconds.
[04/07/2021 21:49:23] > Broadcasted message: "Map Cleaned.".
[04/07/2021 21:49:54] Macumbeira has logged out.
[04/07/2021 21:49:56] Macumbeira has logged in.
[04/07/2021 21:51:08] Macumbeira has logged out.
[04/07/2021 21:51:11] Macumbeira has logged in.
[04/07/2021 21:52:16] > Saving server...
[04/07/2021 21:52:16] > SAVE: Complete in 0.67 seconds using relational house storage.
[04/07/2021 21:53:37] Macumbeira has logged out.
[04/07/2021 21:54:08] Gaikou Main has logged out.
[04/07/2021 21:54:36] Soweto has logged out.
[04/07/2021 21:54:39] Soweto has logged in.
[04/07/2021 21:55:27] Macumbeira has logged in.
[04/07/2021 21:55:42] Macumbeira has logged out.
[04/07/2021 21:57:25] > Broadcasted message: "Novo CLIENTE = http://www.4shared.com/rar/cfxSV4o7ce/Death_PVP.html".
[04/07/2021 21:57:44] Soweto has logged out.
[04/07/2021 21:57:45] Soweto has logged in.
[04/07/2021 21:59:28] Soweto has logged out.
[04/07/2021 21:59:28] Soweto has logged in.
[04/07/2021 22:01:10] Soweto has logged out.
[04/07/2021 22:01:11] Soweto has logged in.
[04/07/2021 22:02:36] Soweto has logged out.
[04/07/2021 22:02:37] Soweto has logged in.
[04/07/2021 22:03:29] Soweto has logged out.
[04/07/2021 22:03:30] Soweto has logged in.
[04/07/2021 22:05:24] Poderoso Kina has logged out.
[04/07/2021 22:05:25] Poderoso Kina has logged in.
[04/07/2021 22:05:34] > Broadcasted message: "Game map cleaning in 1 minute, please pick up all your items.".
[04/07/2021 22:05:45] Pestanaa has logged out.
[04/07/2021 22:05:46] > Broadcasted message: "Para comprar bless digite !bless".
[04/07/2021 22:05:46] Pestanaa has logged in.
[04/07/2021 22:05:57] Muthcka has logged out.
[04/07/2021 22:06:04] > CLEAN: Removed 2096 items from 1576 tiles in 0.038 seconds.
[04/07/2021 22:06:04] > Broadcasted message: "Map Cleaned.".
[04/07/2021 22:13:14] Pestanaa has logged out.
[04/07/2021 22:13:17] Pestanaa has logged in.
[04/07/2021 22:13:25] Muthcka has logged in.
[04/07/2021 22:14:07] > Broadcasted message: "Para comprar bless digite !bless".
[04/07/2021 22:15:37] > Saving server...
[04/07/2021 22:15:37] > SAVE: Complete in 0.62 seconds using relational house storage.
[04/07/2021 22:19:07] Poderoso Kina has logged out.
[04/07/2021 22:19:08] Poderoso Kina has logged in.
[04/07/2021 22:20:27] Pestanaa has logged out.
[04/07/2021 22:20:27] Pestanaa has logged in.
[04/07/2021 22:20:29] Poderoso Kina has logged out.
[04/07/2021 22:20:30] Poderoso Kina has logged in.
[04/07/2021 22:20:32] Kaiio has logged out.
[04/07/2021 22:20:33] Kaiio has logged in.
[04/07/2021 22:20:33] Poderoso Kina has logged out.
[04/07/2021 22:20:38] Poderoso Pally has logged in.
[04/07/2021 22:21:17] Poderoso Pally has logged out.
[04/07/2021 22:21:43] Poderoso Kina has logged in.
[04/07/2021 22:22:15] > Broadcasted message: "Game map cleaning in 1 minute, please pick up all your items.".
[04/07/2021 22:22:28] > Broadcasted message: "Para comprar bless digite !bless".
[04/07/2021 22:22:45] > CLEAN: Removed 2284 items from 1953 tiles in 0.031 seconds.
[04/07/2021 22:22:45] > Broadcasted message: "Map Cleaned.".
[04/07/2021 22:24:12] Kaiio has logged out.
[04/07/2021 22:24:13] Kaiio has logged in.
[04/07/2021 22:27:05] Muthcka has logged out.
[04/07/2021 22:27:05] Muthcka has logged in.
[04/07/2021 22:30:49] > Broadcasted message: "Para comprar bless digite !bless".
[04/07/2021 22:34:51] Account Manager has logged in.
[04/07/2021 22:35:07] Account Manager has logged out.
[04/07/2021 22:35:16] Account Manager has logged in.
[04/07/2021 22:35:27] Account Manager has logged out.
[04/07/2021 22:35:33] Jyeeier has logged in.
[04/07/2021 22:37:47] Soweto has logged out.
[04/07/2021 22:38:56] > Broadcasted message: "Game map cleaning in 1 minute, please pick up all your items.".
[04/07/2021 22:38:58] > Saving server...
[04/07/2021 22:38:59] > SAVE: Complete in 0.874 seconds using relational house storage.
[04/07/2021 22:39:10] > Broadcasted message: "Novo CLIENTE = http://www.4shared.com/rar/cfxSV4o7ce/Death_PVP.html".
[04/07/2021 22:39:26] > CLEAN: Removed 1256 items from 1457 tiles in 0.031 seconds.
[04/07/2021 22:39:26] > Broadcasted message: "Map Cleaned.".
[04/07/2021 22:39:29] Jyeeier has logged out.
[04/07/2021 22:40:18] Account Manager has logged in.
[04/07/2021 22:40:38] Account Manager has logged out.
[04/07/2021 22:40:38] Account Manager has logged in.
[04/07/2021 22:40:39] Account Manager has logged out.
[04/07/2021 22:40:48] Account Manager has logged in.
[04/07/2021 22:41:10] Account Manager has logged out.
[04/07/2021 22:41:10] Account Manager has logged in.
[04/07/2021 22:41:11] Account Manager has logged out.
[04/07/2021 22:41:19] Upstart Goblin has logged in.
[04/07/2021 22:46:15] Muthcka has logged out.
[04/07/2021 22:46:16] Muthcka has logged in.
[04/07/2021 22:47:31] > Broadcasted message: "Novo CLIENTE = http://www.4shared.com/rar/cfxSV4o7ce/Death_PVP.html".
[04/07/2021 22:53:50] Poderoso Kina has logged out.
[04/07/2021 22:53:51] Poderoso Kina has logged in.
[04/07/2021 22:55:37] > Broadcasted message: "Game map cleaning in 1 minute, please pick up all your items.".
[04/07/2021 22:55:52] > Broadcasted message: "Novo CLIENTE = http://www.4shared.com/rar/cfxSV4o7ce/Death_PVP.html".
[04/07/2021 22:56:07] > CLEAN: Removed 2093 items from 1269 tiles in 0.031 seconds.
[04/07/2021 22:56:07] > Broadcasted message: "Map Cleaned.".
[04/07/2021 22:56:13] Jean has logged out.
[04/07/2021 22:57:57] Poderoso Kina has logged out.
[04/07/2021 22:57:58] Poderoso Kina has logged in.
[04/07/2021 23:00:41] Account Manager has logged in.
[04/07/2021 23:00:54] Account Manager has logged out.
[04/07/2021 23:00:55] Account Manager has logged in.
[04/07/2021 23:01:05] Account Manager has logged out.
[04/07/2021 23:01:09] Account Manager has logged in.
[04/07/2021 23:01:09] Kaiio has logged out.
[04/07/2021 23:01:10] Kaiio has logged in.
[04/07/2021 23:01:17] Account Manager has logged out.
[04/07/2021 23:01:27] Account Manager has logged in.
[04/07/2021 23:01:28] Account Manager has logged out.
[04/07/2021 23:01:28] Foxkinha has logged in.
[04/07/2021 23:02:19] > Saving server...
[04/07/2021 23:02:20] > SAVE: Complete in 0.613 seconds using relational house storage.
[04/07/2021 23:02:22] Kaiio has logged out.
[04/07/2021 23:02:22] Kaiio has logged in.
[04/07/2021 23:04:13] > Broadcasted message: "Novo CLIENTE = http://www.4shared.com/rar/cfxSV4o7ce/Death_PVP.html".
[04/07/2021 23:04:14] Foxkinha has logged out.
[04/07/2021 23:04:18] Account Manager has logged in.
[04/07/2021 23:04:23] Account Manager has logged out.
[04/07/2021 23:05:41] Muthcka has logged out.
[04/07/2021 23:12:18] > Broadcasted message: "Game map cleaning in 1 minute, please pick up all your items.".
[04/07/2021 23:12:34] > Broadcasted message: "Para comprar bless digite !bless".
[04/07/2021 23:12:48] > CLEAN: Removed 2296 items from 1177 tiles in 0.037 seconds.
[04/07/2021 23:12:48] > Broadcasted message: "Map Cleaned.".
[04/07/2021 23:17:07] Pestanaa has logged out.
[04/07/2021 23:18:27] > Saving server...
[04/07/2021 23:18:28] > SAVE: Complete in 0.572 seconds using relational house storage.
[04/07/2021 23:19:55] Pestanaa has logged in.
[04/07/2021 23:19:58] 
[04/07/2021 23:19:58] Lua Script Error: [Action Interface] 
[04/07/2021 23:19:59] data/actions/scripts/upgrade.lua:onUse
[04/07/2021 23:19:59] 
[04/07/2021 23:19:59] luaGetItemAttack(). Item not found
[04/07/2021 23:19:59] 
[04/07/2021 23:19:59] Lua Script Error: [Action Interface] 
[04/07/2021 23:19:59] data/actions/scripts/upgrade.lua:onUse
[04/07/2021 23:19:59] 
[04/07/2021 23:19:59] data/actions/scripts/upgrade.lua:27: attempt to compare number with boolean
[04/07/2021 23:19:59] stack traceback:
[04/07/2021 23:19:59] 	data/actions/scripts/upgrade.lua:27: in function <data/actions/scripts/upgrade.lua:18>
[04/07/2021 23:20:55] > Broadcasted message: "Sempre Ao Criar Uma Conta, Pegue A RK Dela No Account Manager Da Conta E Anote, Nunca Passe A Sua Senha Para Outras Pessoas, E Ao Entrar Em Outros OT´s Crie Contas Diferentes Para Não Sofrer HACKED, Não Me Responsabilizo Por Perdas, Obrigado".
[04/07/2021 23:24:13] Kaiio has logged out.
[04/07/2021 23:24:14] Kaiio has logged in.
[04/07/2021 23:24:15] Pestanaa has logged out.
[04/07/2021 23:24:16] Pestanaa has logged in.
[04/07/2021 23:24:51] Pestanaa has logged out.
[04/07/2021 23:24:52] Pestanaa has logged in.
[04/07/2021 23:25:40] > Saving server...
[04/07/2021 23:25:41] > SAVE: Complete in 0.571 seconds using relational house storage.
[04/07/2021 23:26:29] Pestanaa has logged out.
[04/07/2021 23:26:30] Pestanaa has logged in.
[04/07/2021 23:26:31] Poderoso Kina has logged out.
[04/07/2021 23:26:32] Poderoso Kina has logged in.
[04/07/2021 23:26:52] Kaiio has logged out.
[04/07/2021 23:26:53] Kaiio has logged in.
[04/07/2021 23:27:44] Pestanaa has logged out.
[04/07/2021 23:27:45] Pestanaa has logged in.
[04/07/2021 23:28:11] Kaiio has logged out.
[04/07/2021 23:28:12] Kaiio has logged in.
[04/07/2021 23:28:51] Pestanaa has logged out.
[04/07/2021 23:28:52] Pestanaa has logged in.
[04/07/2021 23:28:59] > Broadcasted message: "Game map cleaning in 1 minute, please pick up all your items.".
[04/07/2021 23:29:15] Pestanaa has logged out.
[04/07/2021 23:29:15] Pestanaa has logged in.
[04/07/2021 23:29:16] > Broadcasted message: "Sempre Ao Criar Uma Conta, Pegue A RK Dela No Account Manager Da Conta E Anote, Nunca Passe A Sua Senha Para Outras Pessoas, E Ao Entrar Em Outros OT´s Crie Contas Diferentes Para Não Sofrer HACKED, Não Me Responsabilizo Por Perdas, Obrigado".
[04/07/2021 23:29:29] > CLEAN: Removed 1159 items from 939 tiles in 0.038 seconds.
[04/07/2021 23:29:29] > Broadcasted message: "Map Cleaned.".
[04/07/2021 23:29:35] Poderoso Kina has logged out.
[04/07/2021 23:29:36] Poderoso Kina has logged in.
[04/07/2021 23:31:30] Kaiio has logged out.
[04/07/2021 23:31:30] Kaiio has logged in.
[04/07/2021 23:32:27] Kaiio has logged out.
[04/07/2021 23:32:28] Kaiio has logged in.
[04/07/2021 23:33:54] Upstart Goblin has logged out.
[04/07/2021 23:34:10] Pestanaa has logged out.
[04/07/2021 23:34:11] Pestanaa has logged in.
[04/07/2021 23:34:21] Upstart Goblin has logged in.
[04/07/2021 23:34:27] Poderoso Kina has logged out.
[04/07/2021 23:34:27] Poderoso Kina has logged in.
[04/07/2021 23:34:58] Pestanaa has logged out.
[04/07/2021 23:34:58] Pestanaa has logged in.
[04/07/2021 23:35:14] Kaiio has logged out.
[04/07/2021 23:35:15] Kaiio has logged in.
[04/07/2021 23:36:10] Poderoso Kina has logged out.
[04/07/2021 23:36:11] Poderoso Kina has logged in.
[04/07/2021 23:37:37] > Broadcasted message: "Para comprar bless digite !bless".
[04/07/2021 23:37:42] Pestanaa has logged out.
[04/07/2021 23:37:43] Poderoso Kina has logged out.
[04/07/2021 23:37:43] Pestanaa has logged in.
[04/07/2021 23:37:44] Poderoso Kina has logged in.
[04/07/2021 23:38:23] Poderoso Kina has logged out.
[04/07/2021 23:38:24] Poderoso Kina has logged in.
[04/07/2021 23:38:26] Kaiio has logged out.
[04/07/2021 23:38:27] Kaiio has logged in.
[04/07/2021 23:41:39] Kaiio has logged out.
[04/07/2021 23:41:40] Kaiio has logged in.
[04/07/2021 23:42:31] Upstart Goblin has logged out.
[04/07/2021 23:42:54] Upstart Goblin has logged in.
[04/07/2021 23:43:00] Kaiio has logged out.
[04/07/2021 23:43:01] Kaiio has logged in.
[04/07/2021 23:45:05] Poderoso Kina has logged out.
[04/07/2021 23:45:06] Poderoso Kina has logged in.
[04/07/2021 23:45:40] > Broadcasted message: "Game map cleaning in 1 minute, please pick up all your items.".
[04/07/2021 23:45:58] > Broadcasted message: "Para ver as noticias fale !notice".
[04/07/2021 23:46:10] > CLEAN: Removed 340 items from 564 tiles in 0.031 seconds.
[04/07/2021 23:46:10] > Broadcasted message: "Map Cleaned.".
[04/07/2021 23:46:13] Poderoso Kina has logged out.
[04/07/2021 23:46:14] Poderoso Kina has logged in.
[04/07/2021 23:46:47] Kaiio has logged out.
[04/07/2021 23:46:48] Kaiio has logged in.
[04/07/2021 23:46:55] Poderoso Kina has logged out.
[04/07/2021 23:46:56] Poderoso Kina has logged in.
[04/07/2021 23:47:27] Jean has logged in.
[04/07/2021 23:49:01] > Saving server...
[04/07/2021 23:49:02] > SAVE: Complete in 0.604 seconds using relational house storage.
[04/07/2021 23:49:23] Upstart Goblin has logged out.
[04/07/2021 23:49:24] Upstart Goblin has logged in.
[04/07/2021 23:49:32] Poderoso Kina has logged out.
[04/07/2021 23:49:33] Poderoso Kina has logged in.
[04/07/2021 23:50:57] Kaiio has logged out.
[04/07/2021 23:50:57] Kaiio has logged in.
[04/07/2021 23:51:27] Jean has logged out.
[04/07/2021 23:51:31] > Saving server...
[04/07/2021 23:51:32] > SAVE: Complete in 0.578 seconds using relational house storage.
[04/07/2021 23:54:07] Pestanaa has logged out.
[04/07/2021 23:54:09] Pestanaa has logged in.
[04/07/2021 23:54:19] > Broadcasted message: "Novo CLIENTE = http://www.4shared.com/rar/cfxSV4o7ce/Death_PVP.html".
[04/07/2021 23:58:14] Upstart Goblin has logged out.
