[04/09/2014 13:02:09] The Forgotten Server, version 0.3.4 (Crying Damson)
[04/09/2014 13:02:09] Sever Criado Por Alissow e Comedinha.
[04/09/2014 13:02:09] Publicidade: www.sotserv.blogspot.com <- <- <- Tudo sobre otserv.
[04/09/2014 13:02:09] Bom Jogo!!!
[04/09/2014 13:02:09] 
[04/09/2014 13:02:09] >> Debugging: nothing.
[04/09/2014 13:02:09] >> Checking software version... failed checking - malformed file.
[04/09/2014 13:02:10] 
[04/09/2014 13:02:10] >> Loading config (config.lua)
[04/09/2014 13:02:10] > Using plaintext passwords
[04/09/2014 13:02:11] >> Loading RSA key
[04/09/2014 13:02:11] >> Starting SQL connection
[04/09/2014 13:02:11] >> Running Database Manager
[04/09/2014 13:02:12] > Optimized database.
[04/09/2014 13:02:12] >> Loading items
[04/09/2014 13:02:12] >> Loading groups
[04/09/2014 13:02:12] >> Loading vocations
[04/09/2014 13:02:13] >> Loading script systems
[04/09/2014 13:02:20] >> Loading chat channels
[04/09/2014 13:02:21] >> Loading outfits
[04/09/2014 13:02:21] >> Loading experience stages
[04/09/2014 13:02:21] >> Loading monsters
[04/09/2014 13:02:25] >> Loading map and spawns...
[04/09/2014 13:02:27] > Map size: 65000x65000.
[04/09/2014 13:02:27] > Map descriptions: 
[04/09/2014 13:02:27] Saved with Remere's Map Editor 2.2
[04/09/2014 13:02:27] No map description available.
[04/09/2014 13:02:27] Duplicate uniqueId 2407
[04/09/2014 13:02:31] > Map loading time: 6.05 seconds.
[04/09/2014 13:02:32] > Data loading time: 0.895 seconds.
[04/09/2014 13:02:32] > Unserialization time for houses: 0.043 seconds.
[04/09/2014 13:02:54] > Unserialization time for map: 21.906 seconds.
[04/09/2014 13:02:55] >> Checking world type... PvP
[04/09/2014 13:02:55] >> Initializing game state modules and registering services...
[04/09/2014 13:02:55] > Global address: deathpvp.no-ip.info
[04/09/2014 13:02:56] > Local ports:
[04/09/2014 13:02:56] 7171	7172	
[04/09/2014 13:02:56] >> All modules were loaded, server starting up...
[04/09/2014 13:02:56] >> OT Death server Online!
[04/09/2014 13:02:57] 
[04/09/2014 13:09:01] > Broadcasted message: "Para comprar bless digite !bless".
[04/09/2014 13:15:42] > Broadcasted message: "Para ver as noticias fale !notice".
[04/09/2014 13:19:01] > Broadcasted message: "Game map cleaning in 1 minute, please pick up all your items.".
[04/09/2014 13:19:32] > CLEAN: Removed 0 items from 85 tiles in 0.353 seconds.
[04/09/2014 13:19:32] > Broadcasted message: "Map Cleaned.".
[04/09/2014 13:22:23] > Broadcasted message: "Para duvidas, eventos, e futuramente compras E-mail/Msn -> deathpvp@live.com.".
[04/09/2014 13:29:04] > Broadcasted message: "Para duvidas, eventos, e futuramente compras E-mail/Msn -> deathpvp@live.com.".
[04/09/2014 13:35:42] > Broadcasted message: "Game map cleaning in 1 minute, please pick up all your items.".
[04/09/2014 13:35:45] > Broadcasted message: "Para esclarecer algumas duvidas digite !notice, para mais informacoes fale com um [CM]".
[04/09/2014 13:35:46] > Saving server...
[04/09/2014 13:35:47] > SAVE: Complete in 1.481 seconds using relational house storage.
[04/09/2014 13:36:12] > CLEAN: Removed 0 items from 0 tiles in 0.167 seconds.
[04/09/2014 13:36:13] > Broadcasted message: "Map Cleaned.".
[04/09/2014 13:42:26] > Broadcasted message: "Para ver a lista de proximos tutores digite !tutores.".
[04/09/2014 13:49:07] > Broadcasted message: "Ot on das 07:00 as 00:00".
[04/09/2014 13:52:23] > Broadcasted message: "Game map cleaning in 1 minute, please pick up all your items.".
[04/09/2014 13:52:53] > CLEAN: Removed 0 items from 0 tiles in 0.159 seconds.
[04/09/2014 13:52:53] > Broadcasted message: "Map Cleaned.".
[04/09/2014 13:55:48] > Broadcasted message: "Para ver as noticias fale !notice".
[04/09/2014 14:02:29] > Broadcasted message: "Para esclarecer algumas duvidas digite !notice, para mais informacoes fale com um [CM]".
[04/09/2014 14:09:04] > Broadcasted message: "Game map cleaning in 1 minute, please pick up all your items.".
[04/09/2014 14:09:07] > Saving server...
[04/09/2014 14:09:08] > SAVE: Complete in 1.287 seconds using relational house storage.
[04/09/2014 14:09:10] > Broadcasted message: "Para esclarecer algumas duvidas digite !notice, para mais informacoes fale com um [CM]".
[04/09/2014 14:09:34] > CLEAN: Removed 0 items from 0 tiles in 0.15 seconds.
[04/09/2014 14:09:34] > Broadcasted message: "Map Cleaned.".
[04/09/2014 14:10:38] sqlite3_step(): SQLITE ERROR: columns id, world_id are not unique
[04/09/2014 14:11:30] Kina Rullex has logged in.
[04/09/2014 14:15:51] > Broadcasted message: "Para duvidas, eventos, e futuramente compras E-mail/Msn -> deathpvp@live.com.".
[04/09/2014 14:19:46] Kina Rullex has logged out.
[04/09/2014 14:22:32] > Broadcasted message: "Para esclarecer algumas duvidas digite !notice, para mais informacoes fale com um [CM]".
[04/09/2014 14:25:45] > Broadcasted message: "Game map cleaning in 1 minute, please pick up all your items.".
[04/09/2014 14:26:15] > CLEAN: Removed 0 items from 1 tile in 0.138 seconds.
[04/09/2014 14:26:15] > Broadcasted message: "Map Cleaned.".
[04/09/2014 14:28:06] Magez-linda has logged in.
[04/09/2014 14:28:30] Magez-linda has logged out.
[04/09/2014 14:29:13] > Broadcasted message: "Para comprar bless digite !bless".
[04/09/2014 14:35:54] > Broadcasted message: "Para esclarecer algumas duvidas digite !notice, para mais informacoes fale com um [CM]".
[04/09/2014 14:42:26] > Broadcasted message: "Game map cleaning in 1 minute, please pick up all your items.".
[04/09/2014 14:42:28] > Saving server...
[04/09/2014 14:42:30] > SAVE: Complete in 1.249 seconds using relational house storage.
[04/09/2014 14:42:35] > Broadcasted message: "Para ver a lista de proximos tutores digite !tutores.".
[04/09/2014 14:42:57] > CLEAN: Removed 0 items from 0 tiles in 0.136 seconds.
[04/09/2014 14:42:57] > Broadcasted message: "Map Cleaned.".
[04/09/2014 14:48:38] Mc Livinho has logged in.
[04/09/2014 14:49:16] > Broadcasted message: "Sempre Ao Criar Uma Conta, Pegue A RK Dela No Account Manager Da Conta E Anote, Nunca Passe A Sua Senha Para Outras Pessoas, E Ao Entrar Em Outros OT´s Crie Contas Diferentes Para Não Sofrer HACKED, Não Me Responsabilizo Por Perdas, Obrigado".
[04/09/2014 14:55:57] > Broadcasted message: "Para ver as noticias fale !notice".
[04/09/2014 14:59:07] > Broadcasted message: "Game map cleaning in 1 minute, please pick up all your items.".
[04/09/2014 14:59:38] > CLEAN: Removed 102 items from 204 tiles in 0.158 seconds.
[04/09/2014 14:59:38] > Broadcasted message: "Map Cleaned.".
[04/09/2014 15:02:38] > Broadcasted message: "Para comprar bless digite !bless".
[04/09/2014 15:07:10] Mc Livinho has logged out.
[04/09/2014 15:09:19] > Broadcasted message: "Para ver a lista de proximos tutores digite !tutores.".
[04/09/2014 15:15:48] > Broadcasted message: "Game map cleaning in 1 minute, please pick up all your items.".
[04/09/2014 15:15:49] > Saving server...
[04/09/2014 15:15:50] > SAVE: Complete in 1.284 seconds using relational house storage.
[04/09/2014 15:16:00] > Broadcasted message: "Ot on das 07:00 as 00:00".
[04/09/2014 15:16:18] > CLEAN: Removed 0 items from 1 tile in 0.145 seconds.
[04/09/2014 15:16:18] > Broadcasted message: "Map Cleaned.".
[04/09/2014 15:19:27] Mc Livinho has logged in.
[04/09/2014 15:22:41] > Broadcasted message: "Para duvidas, eventos, e futuramente compras E-mail/Msn -> deathpvp@live.com.".
[04/09/2014 15:25:24] Magez-linda has logged in.
[04/09/2014 15:29:22] > Broadcasted message: "Para comprar bless digite !bless".
[04/09/2014 15:32:29] > Broadcasted message: "Game map cleaning in 1 minute, please pick up all your items.".
[04/09/2014 15:32:59] > CLEAN: Removed 2 items from 5 tiles in 0.143 seconds.
[04/09/2014 15:33:00] > Broadcasted message: "Map Cleaned.".
[04/09/2014 15:35:29] Mc Livinho has logged out.
[04/09/2014 15:36:03] > Broadcasted message: "Sempre Ao Criar Uma Conta, Pegue A RK Dela No Account Manager Da Conta E Anote, Nunca Passe A Sua Senha Para Outras Pessoas, E Ao Entrar Em Outros OT´s Crie Contas Diferentes Para Não Sofrer HACKED, Não Me Responsabilizo Por Perdas, Obrigado".
[04/09/2014 15:42:44] > Broadcasted message: "Para comprar bless digite !bless".
[04/09/2014 15:49:10] > Broadcasted message: "Game map cleaning in 1 minute, please pick up all your items.".
[04/09/2014 15:49:10] > Saving server...
[04/09/2014 15:49:12] > SAVE: Complete in 1.469 seconds using relational house storage.
[04/09/2014 15:49:25] > Broadcasted message: "Ot on das 07:00 as 00:00".
[04/09/2014 15:49:40] > CLEAN: Removed 4 items from 4 tiles in 0.15 seconds.
[04/09/2014 15:49:40] > Broadcasted message: "Map Cleaned.".
[04/09/2014 15:56:06] > Broadcasted message: "Para duvidas, eventos, e futuramente compras E-mail/Msn -> deathpvp@live.com.".
[04/09/2014 16:00:44] Account Manager has logged in.
[04/09/2014 16:01:05] Account Manager has logged out.
[04/09/2014 16:02:47] > Broadcasted message: "Para duvidas, eventos, e futuramente compras E-mail/Msn -> deathpvp@live.com.".
[04/09/2014 16:05:51] > Broadcasted message: "Game map cleaning in 1 minute, please pick up all your items.".
[04/09/2014 16:06:22] > CLEAN: Removed 0 items from 0 tiles in 0.148 seconds.
[04/09/2014 16:06:22] > Broadcasted message: "Map Cleaned.".
[04/09/2014 16:07:45] Magez-linda has logged out.
[04/09/2014 16:09:28] > Broadcasted message: "Ot on das 07:00 as 00:00".
[04/09/2014 16:16:09] > Broadcasted message: "Para ver a lista de proximos tutores digite !tutores.".
[04/09/2014 16:17:25] Mc Livinho has logged in.
[04/09/2014 16:22:31] > Saving server...
[04/09/2014 16:22:33] > SAVE: Complete in 1.482 seconds using relational house storage.
[04/09/2014 16:22:33] > Broadcasted message: "Game map cleaning in 1 minute, please pick up all your items.".
[04/09/2014 16:22:50] > Broadcasted message: "Para esclarecer algumas duvidas digite !notice, para mais informacoes fale com um [CM]".
[04/09/2014 16:23:03] > CLEAN: Removed 0 items from 1 tile in 0.109 seconds.
[04/09/2014 16:23:04] > Broadcasted message: "Map Cleaned.".
[04/09/2014 16:29:31] > Broadcasted message: "Para ver as noticias fale !notice".
[04/09/2014 16:32:36] Account Manager has logged in.
[04/09/2014 16:32:56] Account Manager has logged out.
[04/09/2014 16:33:02] Account Manager has logged in.
[04/09/2014 16:33:20] Account Manager has logged out.
[04/09/2014 16:33:24] Foxkinha has logged in.
[04/09/2014 16:36:12] > Broadcasted message: "Sempre Ao Criar Uma Conta, Pegue A RK Dela No Account Manager Da Conta E Anote, Nunca Passe A Sua Senha Para Outras Pessoas, E Ao Entrar Em Outros OT´s Crie Contas Diferentes Para Não Sofrer HACKED, Não Me Responsabilizo Por Perdas, Obrigado".
[04/09/2014 16:38:58] Foxkinha has logged out.
[04/09/2014 16:39:01] Foxkinha has logged in.
[04/09/2014 16:39:14] > Broadcasted message: "Game map cleaning in 1 minute, please pick up all your items.".
[04/09/2014 16:39:45] > CLEAN: Removed 78 items from 101 tiles in 0.14 seconds.
[04/09/2014 16:39:45] > Broadcasted message: "Map Cleaned.".
[04/09/2014 16:42:53] > Broadcasted message: "Para duvidas, eventos, e futuramente compras E-mail/Msn -> deathpvp@live.com.".
[04/09/2014 16:43:48] Kina Rullex has logged in.
[04/09/2014 16:47:33] Mc Livinho has logged out.
[04/09/2014 16:49:34] > Broadcasted message: "Ot on das 07:00 as 00:00".
[04/09/2014 16:51:43] Foxkinha has logged out.
[04/09/2014 16:51:45] Foxkinha has logged in.
[04/09/2014 16:55:20] Foxkinha has logged out.
[04/09/2014 16:55:52] > Saving server...
[04/09/2014 16:55:54] > SAVE: Complete in 1.609 seconds using relational house storage.
[04/09/2014 16:55:55] > Broadcasted message: "Game map cleaning in 1 minute, please pick up all your items.".
[04/09/2014 16:56:15] > Broadcasted message: "Ot on das 07:00 as 00:00".
[04/09/2014 16:56:26] > CLEAN: Removed 46 items from 178 tiles in 0.167 seconds.
[04/09/2014 16:56:26] > Broadcasted message: "Map Cleaned.".
[04/09/2014 16:58:57] Account Manager has logged in.
[04/09/2014 16:59:25] Account Manager has logged out.
[04/09/2014 16:59:58] Account Manager has logged in.
[04/09/2014 17:00:29] Account Manager has logged out.
[04/09/2014 17:00:37] Account Manager has logged in.
[04/09/2014 17:01:04] Account Manager has logged out.
[04/09/2014 17:01:12] Lulu Teteia has logged in.
[04/09/2014 17:01:31] Kina Rullex has logged out.
[04/09/2014 17:02:03] Magez-linda has logged in.
[04/09/2014 17:02:56] > Broadcasted message: "Para ver as noticias fale !notice".
[04/09/2014 17:06:18] Mc Livinho has logged in.
[04/09/2014 17:06:38] Magez-linda has logged out.
[04/09/2014 17:09:31] Magez-linda has logged in.
[04/09/2014 17:09:37] > Broadcasted message: "Para esclarecer algumas duvidas digite !notice, para mais informacoes fale com um [CM]".
[04/09/2014 17:10:56] Magez-linda has logged out.
[04/09/2014 17:11:23] Magez-linda has logged in.
[04/09/2014 17:12:23] Mc Livinho has logged out.
[04/09/2014 17:12:24] Mc Livinho has logged in.
[04/09/2014 17:12:36] > Broadcasted message: "Game map cleaning in 1 minute, please pick up all your items.".
[04/09/2014 17:13:07] > CLEAN: Removed 107 items from 123 tiles in 0.223 seconds.
[04/09/2014 17:13:07] > Broadcasted message: "Map Cleaned.".
[04/09/2014 17:13:44] Mc Livinho has logged out.
[04/09/2014 17:13:48] Mc Livinho has logged in.
[04/09/2014 17:16:18] > Broadcasted message: "Para duvidas, eventos, e futuramente compras E-mail/Msn -> deathpvp@live.com.".
[04/09/2014 17:17:44] Mc Livinho has logged out.
[04/09/2014 17:17:46] Mc Livinho has logged in.
[04/09/2014 17:21:03] Mc Livinho has logged out.
[04/09/2014 17:21:04] Mc Livinho has logged in.
[04/09/2014 17:22:59] > Broadcasted message: "Para ver a lista de proximos tutores digite !tutores.".
[04/09/2014 17:23:20] Mc Livinho has logged out.
[04/09/2014 17:23:21] Mc Livinho has logged in.
[04/09/2014 17:29:13] > Saving server...
[04/09/2014 17:29:15] > SAVE: Complete in 2.1 seconds using relational house storage.
[04/09/2014 17:29:17] > Broadcasted message: "Game map cleaning in 1 minute, please pick up all your items.".
[04/09/2014 17:29:39] Lulu Teteia has logged out.
[04/09/2014 17:29:40] > Broadcasted message: "Novo CLIENTE = http://www.4shared.com/rar/Xvc96eOece/Death_PVP.html".
[04/09/2014 17:29:46] Magez-linda has logged out.
[04/09/2014 17:29:48] > CLEAN: Removed 808 items from 582 tiles in 0.307 seconds.
[04/09/2014 17:29:48] > Broadcasted message: "Map Cleaned.".
[04/09/2014 17:36:21] > Broadcasted message: "Para duvidas, eventos, e futuramente compras E-mail/Msn -> deathpvp@live.com.".
[04/09/2014 17:41:11] Garoto Nestle has logged in.
[04/09/2014 17:41:37] Garoto Nestle has logged out.
[04/09/2014 17:43:02] > Broadcasted message: "Para ver as noticias fale !notice".
[04/09/2014 17:45:58] > Broadcasted message: "Game map cleaning in 1 minute, please pick up all your items.".
[04/09/2014 17:46:28] Mc Livinho has logged out.
[04/09/2014 17:46:28] > CLEAN: Removed 13 items from 14 tiles in 0.205 seconds.
[04/09/2014 17:46:29] > Broadcasted message: "Map Cleaned.".
[04/09/2014 17:48:09] Mc Livinho has logged in.
[04/09/2014 17:49:43] > Broadcasted message: "Sempre Ao Criar Uma Conta, Pegue A RK Dela No Account Manager Da Conta E Anote, Nunca Passe A Sua Senha Para Outras Pessoas, E Ao Entrar Em Outros OT´s Crie Contas Diferentes Para Não Sofrer HACKED, Não Me Responsabilizo Por Perdas, Obrigado".
[04/09/2014 17:51:32] To De Boa has logged in.
[04/09/2014 17:53:31] To De Boa has logged out.
[04/09/2014 17:53:34] Magezinha Safadinha has logged in.
[04/09/2014 17:53:43] Magezinha Safadinha has logged out.
[04/09/2014 17:53:45] To De Boa has logged in.
[04/09/2014 17:53:49] To De Boa has logged out.
[04/09/2014 17:53:52] Magezinha Safadinha has logged in.
[04/09/2014 17:56:24] > Broadcasted message: "Para ver as noticias fale !notice".
[04/09/2014 17:58:07] Magezinha Safadinha has logged out.
[04/09/2014 17:58:08] To De Boa has logged in.
[04/09/2014 18:02:34] > Saving server...
[04/09/2014 18:02:36] > SAVE: Complete in 1.779 seconds using relational house storage.
[04/09/2014 18:02:39] > Broadcasted message: "Game map cleaning in 1 minute, please pick up all your items.".
[04/09/2014 18:03:05] > Broadcasted message: "Novo CLIENTE = http://www.4shared.com/rar/Xvc96eOece/Death_PVP.html".
[04/09/2014 18:03:09] > CLEAN: Removed 385 items from 348 tiles in 0.275 seconds.
[04/09/2014 18:03:10] > Broadcasted message: "Map Cleaned.".
[04/09/2014 18:04:18] Mc Livinho has logged out.
[04/09/2014 18:06:28] Hegazy has logged in.
[04/09/2014 18:06:41] Loss Pally has logged in.
[04/09/2014 18:09:46] > Broadcasted message: "Para comprar bless digite !bless".
[04/09/2014 18:11:50] To De Boa has logged out.
[04/09/2014 18:11:52] To De Boa has logged in.
[04/09/2014 18:12:48] To De Boa has logged out.
[04/09/2014 18:12:52] Magezinha Safadinha has logged in.
[04/09/2014 18:14:42] Magezinha Safadinha has logged out.
[04/09/2014 18:14:44] Magezinha Safadinha has logged in.
[04/09/2014 18:16:27] > Broadcasted message: "Sempre Ao Criar Uma Conta, Pegue A RK Dela No Account Manager Da Conta E Anote, Nunca Passe A Sua Senha Para Outras Pessoas, E Ao Entrar Em Outros OT´s Crie Contas Diferentes Para Não Sofrer HACKED, Não Me Responsabilizo Por Perdas, Obrigado".
[04/09/2014 18:17:55] Magezinha Safadinha has logged out.
[04/09/2014 18:17:57] Magezinha Safadinha has logged in.
[04/09/2014 18:18:13] Loss Pally has logged out.
[04/09/2014 18:18:18] Loss Pally has logged in.
[04/09/2014 18:18:49] Mc Livinho has logged in.
[04/09/2014 18:19:15] Honda has logged in.
[04/09/2014 18:19:20] > Broadcasted message: "Game map cleaning in 1 minute, please pick up all your items.".
[04/09/2014 18:19:45] Magezinha Safadinha has logged out.
[04/09/2014 18:19:47] Magezinha Safadinha has logged in.
[04/09/2014 18:19:51] > CLEAN: Removed 18 items from 49 tiles in 0.197 seconds.
[04/09/2014 18:19:51] > Broadcasted message: "Map Cleaned.".
[04/09/2014 18:19:53] Magezinha Safadinha has logged out.
[04/09/2014 18:19:56] To De Boa has logged in.
[04/09/2014 18:20:40] Knght kill has logged in.
[04/09/2014 18:21:13] Honda has logged out.
[04/09/2014 18:22:11] Loss Pally has logged out.
[04/09/2014 18:22:35] Loss Kina has logged in.
[04/09/2014 18:22:59] Honda has logged in.
[04/09/2014 18:23:08] > Broadcasted message: "Novo CLIENTE = http://www.4shared.com/rar/Xvc96eOece/Death_PVP.html".
[04/09/2014 18:23:21] Honda has logged out.
[04/09/2014 18:23:26] Honda has logged in.
[04/09/2014 18:23:40] Honda has logged out.
[04/09/2014 18:24:26] Loss Kina has logged out.
[04/09/2014 18:24:35] Loss Kina has logged in.
[04/09/2014 18:25:10] Knght kill has logged out.
[04/09/2014 18:25:18] Knght kill has logged in.
[04/09/2014 18:26:21] To De Boa has logged out.
[04/09/2014 18:26:23] To De Boa has logged in.
[04/09/2014 18:26:41] Loss Kina has logged out.
[04/09/2014 18:26:48] To De Boa has logged out.
[04/09/2014 18:26:49] 
[04/09/2014 18:26:49] Lua Script Error: [CreatureScript Interface] 
[04/09/2014 18:26:49] data/creaturescripts/scripts/playerdeath.lua:onDeath
[04/09/2014 18:26:49] 
[04/09/2014 18:26:49] luaGetCreatureName(). Creature not found
[04/09/2014 18:26:49] 
[04/09/2014 18:26:49] Lua Script Error: [CreatureScript Interface] 
[04/09/2014 18:26:50] data/creaturescripts/scripts/playerdeath.lua:onDeath
[04/09/2014 18:26:50] 
[04/09/2014 18:26:50] luaGetCreatureName(). Creature not found
[04/09/2014 18:26:51] Knght kill has logged out.
[04/09/2014 18:26:52] To De Boa has logged in.
[04/09/2014 18:26:54] Knght kill has logged in.
[04/09/2014 18:27:05] Knght kill has logged out.
[04/09/2014 18:27:10] To De Boa has logged out.
[04/09/2014 18:27:27] Loss Pally has logged in.
[04/09/2014 18:27:28] Magezinha Safadinha has logged in.
[04/09/2014 18:29:40] Magezinha Safadinha has logged out.
[04/09/2014 18:29:42] To De Boa has logged in.
[04/09/2014 18:29:49] > Broadcasted message: "Para ver a lista de proximos tutores digite !tutores.".
[04/09/2014 18:30:07] Loss Pally has logged out.
[04/09/2014 18:30:29] Loss Kina has logged in.
[04/09/2014 18:31:01] Knght kill has logged in.
[04/09/2014 18:31:33] Loss Kina has logged out.
[04/09/2014 18:31:37] Knght kill has logged out.
[04/09/2014 18:31:44] Loss Pally has logged in.
[04/09/2014 18:35:55] > Saving server...
[04/09/2014 18:35:58] > SAVE: Complete in 2.54 seconds using relational house storage.
[04/09/2014 18:36:01] > Broadcasted message: "Game map cleaning in 1 minute, please pick up all your items.".
[04/09/2014 18:36:19] Mc Livinho has logged out.
[04/09/2014 18:36:20] Loss Pally has logged out.
[04/09/2014 18:36:21] Mc Livinho has logged in.
[04/09/2014 18:36:22] Loss Pally has logged in.
[04/09/2014 18:36:30] > Broadcasted message: "Para duvidas, eventos, e futuramente compras E-mail/Msn -> deathpvp@live.com.".
[04/09/2014 18:36:32] > CLEAN: Removed 81 items from 115 tiles in 0.188 seconds.
[04/09/2014 18:36:32] > Broadcasted message: "Map Cleaned.".
[04/09/2014 18:37:04] Legal Fera has logged in.
[04/09/2014 18:37:09] Mc Livinho has logged out.
[04/09/2014 18:37:14] Mc Livinho has logged in.
[04/09/2014 18:37:45] Hegazy has logged out.
[04/09/2014 18:37:46] Hegazy has logged in.
[04/09/2014 18:38:44] Loss Pally has logged out.
[04/09/2014 18:38:45] Loss Pally has logged in.
[04/09/2014 18:40:18] Loss Pally has logged out.
[04/09/2014 18:40:21] Loss Pally has logged in.
[04/09/2014 18:42:00] Legal Fera has logged out.
[04/09/2014 18:43:07] Legal Fera has logged in.
[04/09/2014 18:43:11] > Broadcasted message: "Para esclarecer algumas duvidas digite !notice, para mais informacoes fale com um [CM]".
[04/09/2014 18:43:35] Loss Pally has logged out.
[04/09/2014 18:43:38] Loss Pally has logged in.
[04/09/2014 18:43:55] Loss Pally has logged out.
[04/09/2014 18:43:58] Loss Pally has logged in.
[04/09/2014 18:47:44] Loss Pally has logged out.
[04/09/2014 18:47:46] Loss Pally has logged in.
[04/09/2014 18:48:51] Loss Pally has logged out.
[04/09/2014 18:48:54] Loss Pally has logged in.
[04/09/2014 18:49:24] Loss Pally has logged out.
[04/09/2014 18:49:26] Loss Pally has logged in.
[04/09/2014 18:49:52] > Broadcasted message: "Sempre Ao Criar Uma Conta, Pegue A RK Dela No Account Manager Da Conta E Anote, Nunca Passe A Sua Senha Para Outras Pessoas, E Ao Entrar Em Outros OT´s Crie Contas Diferentes Para Não Sofrer HACKED, Não Me Responsabilizo Por Perdas, Obrigado".
[04/09/2014 18:50:09] Knght kill has logged in.
[04/09/2014 18:51:08] Mc Livinho has logged out.
[04/09/2014 18:51:10] Mc Livinho has logged in.
[04/09/2014 18:51:52] Loss Pally has logged out.
[04/09/2014 18:52:15] Loss Kina has logged in.
[04/09/2014 18:52:42] > Broadcasted message: "Game map cleaning in 1 minute, please pick up all your items.".
[04/09/2014 18:52:55] Legal Fera has logged out.
[04/09/2014 18:52:56] Hegazy has logged out.
[04/09/2014 18:52:57] Legal Fera has logged in.
[04/09/2014 18:52:59] Hegazy has logged in.
[04/09/2014 18:53:13] > CLEAN: Removed 115 items from 125 tiles in 0.206 seconds.
[04/09/2014 18:53:13] > Broadcasted message: "Map Cleaned.".
[04/09/2014 18:53:24] Knght kill has logged out.
[04/09/2014 18:53:33] Knght kill has logged in.
[04/09/2014 18:53:51] Legal Fera has logged out.
[04/09/2014 18:53:53] Legal Fera has logged in.
[04/09/2014 18:54:06] Knght kill has logged out.
[04/09/2014 18:54:29] Loss Pally has logged in.
[04/09/2014 18:54:44] Legal Fera has logged out.
[04/09/2014 18:54:52] Legal Fera has logged in.
[04/09/2014 18:55:02] Loss Kina has logged out.
[04/09/2014 18:55:03] Loss Kina has logged in.
[04/09/2014 18:55:04] Loss Kina has logged out.
[04/09/2014 18:55:13] Loss Kina has logged in.
[04/09/2014 18:55:21] Loss Pally has logged out.
[04/09/2014 18:55:46] Knght kill has logged in.
[04/09/2014 18:56:21] Loss Kina has logged out.
[04/09/2014 18:56:29] Loss Kina has logged in.
[04/09/2014 18:56:33] > Broadcasted message: "Novo CLIENTE = http://www.4shared.com/rar/Xvc96eOece/Death_PVP.html".
[04/09/2014 18:57:09] To De Boa has logged out.
[04/09/2014 18:57:15] To De Boa has logged in.
[04/09/2014 18:57:52] Knght kill has logged out.
[04/09/2014 18:58:07] Knght kill has logged in.
[04/09/2014 18:58:26] Loss Kina has logged out.
[04/09/2014 18:58:38] Loss Kina has logged in.
[04/09/2014 18:59:03] To De Boa has logged out.
[04/09/2014 18:59:05] To De Boa has logged in.
[04/09/2014 18:59:33] Knght kill has logged out.
[04/09/2014 18:59:44] Knght kill has logged in.
[04/09/2014 19:00:03] Loss Kina has logged out.
[04/09/2014 19:00:11] Loss Kina has logged in.
[04/09/2014 19:00:28] Hegazy has logged out.
[04/09/2014 19:00:30] Hegazy has logged in.
[04/09/2014 19:00:42] Hegazy has logged out.
[04/09/2014 19:00:48] To De Boa has logged out.
[04/09/2014 19:00:50] To De Boa has logged in.
[04/09/2014 19:00:56] Hegazy has logged in.
[04/09/2014 19:01:02] Tedd has logged in.
[04/09/2014 19:01:22] Knght kill has logged out.
[04/09/2014 19:01:27] Knght kill has logged in.
[04/09/2014 19:02:20] Loss Kina has logged out.
[04/09/2014 19:02:30] Loss Kina has logged in.
[04/09/2014 19:02:50] Hegazy has logged out.
[04/09/2014 19:02:56] Tedd has logged out.
[04/09/2014 19:02:57] To De Boa has logged out.
[04/09/2014 19:02:58] To De Boa has logged in.
[04/09/2014 19:03:04] Hegazy has logged in.
[04/09/2014 19:03:13] Honda has logged in.
[04/09/2014 19:03:14] > Broadcasted message: "Para esclarecer algumas duvidas digite !notice, para mais informacoes fale com um [CM]".
[04/09/2014 19:03:29] Knght kill has logged out.
[04/09/2014 19:03:35] Knght kill has logged in.
[04/09/2014 19:03:54] Loss Kina has logged out.
[04/09/2014 19:03:58] Loss Kina has logged in.
[04/09/2014 19:04:00] Honda has logged out.
[04/09/2014 19:04:13] Knght kill has logged out.
[04/09/2014 19:04:27] Loss Kina has logged out.
[04/09/2014 19:04:49] Loss Pally has logged in.
[04/09/2014 19:05:20] Hegazy has logged out.
[04/09/2014 19:05:21] Hegazy has logged in.
[04/09/2014 19:06:15] Legal Fera has logged out.
[04/09/2014 19:07:44] Loss Pally has logged out.
[04/09/2014 19:07:47] Loss Pally has logged in.
[04/09/2014 19:09:16] > Saving server...
[04/09/2014 19:09:19] > SAVE: Complete in 2.36 seconds using relational house storage.
[04/09/2014 19:09:23] > Broadcasted message: "Game map cleaning in 1 minute, please pick up all your items.".
[04/09/2014 19:09:46] Hegazy has logged out.
[04/09/2014 19:09:47] Hegazy has logged in.
[04/09/2014 19:09:53] > CLEAN: Removed 33 items from 68 tiles in 0.169 seconds.
[04/09/2014 19:09:54] > Broadcasted message: "Map Cleaned.".
[04/09/2014 19:09:55] > Broadcasted message: "Sempre Ao Criar Uma Conta, Pegue A RK Dela No Account Manager Da Conta E Anote, Nunca Passe A Sua Senha Para Outras Pessoas, E Ao Entrar Em Outros OT´s Crie Contas Diferentes Para Não Sofrer HACKED, Não Me Responsabilizo Por Perdas, Obrigado".
[04/09/2014 19:10:48] Mc Livinho has logged out.
[04/09/2014 19:10:51] Mc Livinho has logged in.
[04/09/2014 19:11:24] Hegazy has logged out.
[04/09/2014 19:11:27] Hegazy has logged in.
[04/09/2014 19:12:22] Mc Livinho has logged out.
[04/09/2014 19:12:25] Mc Livinho has logged in.
[04/09/2014 19:13:04] Hegazy has logged out.
[04/09/2014 19:13:06] Hegazy has logged in.
[04/09/2014 19:14:44] Hegazy has logged out.
[04/09/2014 19:14:48] Hegazy has logged in.
[04/09/2014 19:15:22] Loss Pally has logged out.
[04/09/2014 19:15:24] Loss Pally has logged in.
[04/09/2014 19:16:36] > Broadcasted message: "Novo CLIENTE = http://www.4shared.com/rar/Xvc96eOece/Death_PVP.html".
[04/09/2014 19:17:32] Knght kill has logged in.
[04/09/2014 19:17:57] Mc Livinho has logged out.
[04/09/2014 19:17:58] Mc Livinho has logged in.
[04/09/2014 19:19:34] Loss Kina has logged in.
[04/09/2014 19:20:02] Loss Kina has logged out.
[04/09/2014 19:20:11] Loss Kina has logged in.
[04/09/2014 19:20:39] Knght kill has logged out.
[04/09/2014 19:20:45] Knght kill has logged in.
[04/09/2014 19:21:30] To De Boa has logged out.
[04/09/2014 19:21:31] To De Boa has logged in.
[04/09/2014 19:21:44] Loss Kina has logged out.
[04/09/2014 19:21:51] Loss Kina has logged in.
[04/09/2014 19:22:17] Knght kill has logged out.
[04/09/2014 19:22:23] Knght kill has logged in.
[04/09/2014 19:22:51] To De Boa has logged out.
[04/09/2014 19:22:54] To De Boa has logged in.
[04/09/2014 19:23:17] > Broadcasted message: "Novo CLIENTE = http://www.4shared.com/rar/Xvc96eOece/Death_PVP.html".
[04/09/2014 19:23:42] Loss Kina has logged out.
[04/09/2014 19:23:48] Loss Kina has logged in.
[04/09/2014 19:24:34] Knght kill has logged out.
[04/09/2014 19:24:40] Knght kill has logged in.
[04/09/2014 19:25:19] To De Boa has logged out.
[04/09/2014 19:25:21] To De Boa has logged in.
[04/09/2014 19:25:42] Loss Kina has logged out.
[04/09/2014 19:25:49] Loss Kina has logged in.
[04/09/2014 19:26:04] > Broadcasted message: "Game map cleaning in 1 minute, please pick up all your items.".
[04/09/2014 19:26:23] Knght kill has logged out.
[04/09/2014 19:26:30] Knght kill has logged in.
[04/09/2014 19:26:35] > CLEAN: Removed 157 items from 175 tiles in 0.344 seconds.
[04/09/2014 19:26:35] > Broadcasted message: "Map Cleaned.".
[04/09/2014 19:27:00] To De Boa has logged out.
[04/09/2014 19:27:02] To De Boa has logged in.
[04/09/2014 19:27:07] Honda has logged in.
[04/09/2014 19:27:25] Loss Kina has logged out.
[04/09/2014 19:27:33] Loss Kina has logged in.
[04/09/2014 19:27:40] Bug Kinne has logged in.
[04/09/2014 19:27:55] Knght kill has logged out.
[04/09/2014 19:28:03] Knght kill has logged in.
[04/09/2014 19:28:27] To De Boa has logged out.
[04/09/2014 19:28:29] To De Boa has logged in.
[04/09/2014 19:28:58] Loss Kina has logged out.
[04/09/2014 19:28:59] Honda has logged out.
[04/09/2014 19:29:03] Loss Kina has logged in.
[04/09/2014 19:29:03] Honda has logged in.
[04/09/2014 19:29:27] Knght kill has logged out.
[04/09/2014 19:29:37] Knght kill has logged in.
[04/09/2014 19:29:56] To De Boa has logged out.
[04/09/2014 19:29:57] To De Boa has logged in.
[04/09/2014 19:29:58] > Broadcasted message: "Para duvidas, eventos, e futuramente compras E-mail/Msn -> deathpvp@live.com.".
[04/09/2014 19:30:10] Honda has logged out.
[04/09/2014 19:30:21] Loss Kina has logged out.
[04/09/2014 19:30:30] Bug Kinne has logged out.
[04/09/2014 19:30:30] Loss Kina has logged in.
[04/09/2014 19:30:32] Bug Kinne has logged in.
[04/09/2014 19:30:54] Knght kill has logged out.
[04/09/2014 19:31:00] Knght kill has logged in.
[04/09/2014 19:32:19] To De Boa has logged out.
[04/09/2014 19:32:21] To De Boa has logged in.
[04/09/2014 19:32:56] Loss Kina has logged out.
[04/09/2014 19:33:02] Loss Kina has logged in.
[04/09/2014 19:33:24] Mc Livinho has logged out.
[04/09/2014 19:33:27] Mc Livinho has logged in.
[04/09/2014 19:33:42] Knght kill has logged out.
[04/09/2014 19:33:47] Knght kill has logged in.
[04/09/2014 19:34:59] Loss Pally has logged out.
[04/09/2014 19:35:11] To De Boa has logged out.
[04/09/2014 19:35:13] To De Boa has logged in.
[04/09/2014 19:35:28] Loss Kina has logged out.
[04/09/2014 19:35:35] Loss Kina has logged in.
[04/09/2014 19:36:04] Knght kill has logged out.
[04/09/2014 19:36:12] Knght kill has logged in.
[04/09/2014 19:36:31] To De Boa has logged out.
[04/09/2014 19:36:32] To De Boa has logged in.
[04/09/2014 19:36:39] > Broadcasted message: "Para comprar bless digite !bless".
[04/09/2014 19:36:50] Honda has logged in.
[04/09/2014 19:36:54] Loss Kina has logged out.
[04/09/2014 19:37:00] Loss Kina has logged in.
[04/09/2014 19:37:32] Knght kill has logged out.
[04/09/2014 19:37:39] Knght kill has logged in.
[04/09/2014 19:37:56] To De Boa has logged out.
[04/09/2014 19:37:57] To De Boa has logged in.
[04/09/2014 19:38:14] Loss Kina has logged out.
[04/09/2014 19:38:16] Hegazy has logged out.
[04/09/2014 19:38:21] Loss Kina has logged in.
[04/09/2014 19:38:22] Hegazy has logged in.
[04/09/2014 19:38:42] Knght kill has logged out.
[04/09/2014 19:38:43] Honda has logged out.
[04/09/2014 19:38:47] Honda has logged in.
[04/09/2014 19:38:50] Knght kill has logged in.
[04/09/2014 19:39:13] To De Boa has logged out.
[04/09/2014 19:39:14] To De Boa has logged in.
[04/09/2014 19:39:18] Hegazy has logged out.
[04/09/2014 19:39:22] Hegazy has logged in.
[04/09/2014 19:39:32] Loss Kina has logged out.
[04/09/2014 19:39:39] Loss Kina has logged in.
[04/09/2014 19:39:39] Honda has logged out.
[04/09/2014 19:39:40] Honda has logged in.
[04/09/2014 19:39:50] Honda has logged out.
[04/09/2014 19:39:56] Honda has logged in.
[04/09/2014 19:40:03] Knght kill has logged out.
[04/09/2014 19:40:11] Knght kill has logged in.
[04/09/2014 19:40:18] Hegazy has logged out.
[04/09/2014 19:40:20] Hegazy has logged in.
[04/09/2014 19:40:31] Honda has logged out.
[04/09/2014 19:40:33] To De Boa has logged out.
[04/09/2014 19:40:34] To De Boa has logged in.
[04/09/2014 19:40:35] Honda has logged in.
[04/09/2014 19:40:41] Honda has logged out.
[04/09/2014 19:40:46] Hegazy has logged out.
[04/09/2014 19:41:01] Loss Kina has logged out.
[04/09/2014 19:41:03] Hegazy has logged in.
[04/09/2014 19:41:07] Loss Kina has logged in.
[04/09/2014 19:41:07] Hegazy has logged out.
[04/09/2014 19:41:27] Knght kill has logged out.
[04/09/2014 19:41:34] Knght kill has logged in.
[04/09/2014 19:41:59] To De Boa has logged out.
[04/09/2014 19:42:00] To De Boa has logged in.
[04/09/2014 19:42:20] Loss Kina has logged out.
[04/09/2014 19:42:25] Loss Kina has logged in.
[04/09/2014 19:42:37] > Saving server...
[04/09/2014 19:42:39] > SAVE: Complete in 2.281 seconds using relational house storage.
[04/09/2014 19:42:45] > Broadcasted message: "Game map cleaning in 1 minute, please pick up all your items.".
[04/09/2014 19:42:51] Knght kill has logged out.
[04/09/2014 19:42:59] Knght kill has logged in.
[04/09/2014 19:43:15] > CLEAN: Removed 63 items from 27 tiles in 0.184 seconds.
[04/09/2014 19:43:15] > Broadcasted message: "Map Cleaned.".
[04/09/2014 19:43:20] > Broadcasted message: "Para comprar bless digite !bless".
[04/09/2014 19:47:46] To De Boa has logged out.
[04/09/2014 19:47:48] To De Boa has logged in.
[04/09/2014 19:47:49] Loss Kina has logged out.
[04/09/2014 19:47:51] Knght kill has logged out.
[04/09/2014 19:47:53] Knght kill has logged in.
[04/09/2014 19:47:59] Loss Kina has logged in.
[04/09/2014 19:48:11] Loss Kina has logged out.
[04/09/2014 19:48:17] Loss Pally has logged in.
[04/09/2014 19:49:18] Knght kill has logged out.
[04/09/2014 19:49:37] Bug Kinne has logged out.
[04/09/2014 19:49:40] Bug Kinne has logged in.
[04/09/2014 19:50:01] > Broadcasted message: "Novo CLIENTE = http://www.4shared.com/rar/Xvc96eOece/Death_PVP.html".
[04/09/2014 19:50:03] To De Boa has logged out.
[04/09/2014 19:50:04] To De Boa has logged in.
[04/09/2014 19:52:13] To De Boa has logged out.
[04/09/2014 19:52:15] To De Boa has logged in.
[04/09/2014 19:52:30] Mc Livinho has logged out.
[04/09/2014 19:52:31] Mc Livinho has logged in.
[04/09/2014 19:54:13] Bug Kinne has logged out.
[04/09/2014 19:54:15] Bug Kinne has logged in.
[04/09/2014 19:56:29] To De Boa has logged out.
[04/09/2014 19:56:30] To De Boa has logged in.
[04/09/2014 19:56:42] > Broadcasted message: "Para comprar bless digite !bless".
[04/09/2014 19:57:28] To De Boa has logged out.
[04/09/2014 19:57:30] To De Boa has logged in.
[04/09/2014 19:59:11] Bug Kinne has logged out.
[04/09/2014 19:59:13] Bug Kinne has logged in.
[04/09/2014 19:59:26] > Broadcasted message: "Game map cleaning in 1 minute, please pick up all your items.".
[04/09/2014 19:59:57] > CLEAN: Removed 18 items from 32 tiles in 0.163 seconds.
[04/09/2014 19:59:57] > Broadcasted message: "Map Cleaned.".
[04/09/2014 20:00:57] To De Boa has logged out.
[04/09/2014 20:00:59] To De Boa has logged in.
[04/09/2014 20:01:01] To De Boa has logged out.
[04/09/2014 20:01:14] Magezinha Safadinha has logged in.
[04/09/2014 20:01:17] Magezinha Safadinha has logged out.
[04/09/2014 20:01:19] To De Boa has logged in.
[04/09/2014 20:02:31] Account Manager has logged in.
[04/09/2014 20:02:46] Account Manager has logged out.
[04/09/2014 20:02:56] Boss-sykes has logged in.
[04/09/2014 20:03:23] > Broadcasted message: "Sempre Ao Criar Uma Conta, Pegue A RK Dela No Account Manager Da Conta E Anote, Nunca Passe A Sua Senha Para Outras Pessoas, E Ao Entrar Em Outros OT´s Crie Contas Diferentes Para Não Sofrer HACKED, Não Me Responsabilizo Por Perdas, Obrigado".
[04/09/2014 20:04:05] Mc Livinho has logged out.
[04/09/2014 20:04:07] Mc Livinho has logged in.
[04/09/2014 20:05:43] Boss-sykes has logged out.
[04/09/2014 20:06:20] Boss-sykes has logged in.
[04/09/2014 20:07:33] Bug Kinne has logged out.
[04/09/2014 20:07:35] Bug Kinne has logged in.
[04/09/2014 20:09:44] To De Boa has logged out.
[04/09/2014 20:09:45] To De Boa has logged in.
[04/09/2014 20:10:04] > Broadcasted message: "Para duvidas, eventos, e futuramente compras E-mail/Msn -> deathpvp@live.com.".
[04/09/2014 20:10:30] To De Boa has logged out.
[04/09/2014 20:10:32] To De Boa has logged in.
[04/09/2014 20:12:05] Loss Pally has logged out.
[04/09/2014 20:14:29] To De Boa has logged out.
[04/09/2014 20:14:30] To De Boa has logged in.
[04/09/2014 20:14:58] Bug Kinne has logged out.
[04/09/2014 20:14:58] 
[04/09/2014 20:14:58] Lua Script Error: [Spell Interface] 
[04/09/2014 20:14:59] in a timer event called from: 
[04/09/2014 20:14:59] data/spells/scripts/anti-materia.lua:onCastSpell
[04/09/2014 20:14:59] 
[04/09/2014 20:14:59] luaDoCombat(). Creature not found
[04/09/2014 20:14:59] 
[04/09/2014 20:14:59] Lua Script Error: [Spell Interface] 
[04/09/2014 20:14:59] in a timer event called from: 
[04/09/2014 20:14:59] data/spells/scripts/anti-materia.lua:onCastSpell
[04/09/2014 20:14:59] 
[04/09/2014 20:15:00] luaDoCombat(). Creature not found
[04/09/2014 20:15:00] 
[04/09/2014 20:15:00] Lua Script Error: [Spell Interface] 
[04/09/2014 20:15:00] in a timer event called from: 
[04/09/2014 20:15:00] data/spells/scripts/anti-materia.lua:onCastSpell
[04/09/2014 20:15:00] 
[04/09/2014 20:15:00] luaDoCombat(). Creature not found
[04/09/2014 20:15:00] 
[04/09/2014 20:15:00] Lua Script Error: [Spell Interface] 
[04/09/2014 20:15:00] in a timer event called from: 
[04/09/2014 20:15:01] data/spells/scripts/anti-materia.lua:onCastSpell
[04/09/2014 20:15:01] 
[04/09/2014 20:15:01] luaDoCombat(). Creature not found
[04/09/2014 20:15:01] 
[04/09/2014 20:15:01] Lua Script Error: [Spell Interface] 
[04/09/2014 20:15:01] in a timer event called from: 
[04/09/2014 20:15:01] data/spells/scripts/anti-materia.lua:onCastSpell
[04/09/2014 20:15:01] 
[04/09/2014 20:15:01] luaDoCombat(). Creature not found
[04/09/2014 20:15:02] 
[04/09/2014 20:15:02] Lua Script Error: [Spell Interface] 
[04/09/2014 20:15:02] in a timer event called from: 
[04/09/2014 20:15:02] data/spells/scripts/anti-materia.lua:onCastSpell
[04/09/2014 20:15:02] 
[04/09/2014 20:15:02] luaDoCombat(). Creature not found
[04/09/2014 20:15:06] Bug Kinne has logged in.
[04/09/2014 20:15:58] > Saving server...
[04/09/2014 20:16:00] > SAVE: Complete in 1.858 seconds using relational house storage.
[04/09/2014 20:16:07] > Broadcasted message: "Game map cleaning in 1 minute, please pick up all your items.".
[04/09/2014 20:16:38] > CLEAN: Removed 5 items from 21 tiles in 0.178 seconds.
[04/09/2014 20:16:38] > Broadcasted message: "Map Cleaned.".
[04/09/2014 20:16:45] > Broadcasted message: "Novo CLIENTE = http://www.4shared.com/rar/Xvc96eOece/Death_PVP.html".
[04/09/2014 20:16:57] To De Boa has logged out.
[04/09/2014 20:17:01] To De Boa has logged in.
[04/09/2014 20:19:13] To De Boa has logged out.
[04/09/2014 20:19:14] To De Boa has logged in.
[04/09/2014 20:20:30] To De Boa has logged out.
[04/09/2014 20:20:31] To De Boa has logged in.
[04/09/2014 20:20:48] To De Boa has logged out.
[04/09/2014 20:20:49] Magezinha Safadinha has logged in.
[04/09/2014 20:20:50] Mc Livinho has logged out.
[04/09/2014 20:20:52] Magezinha Safadinha has logged out.
[04/09/2014 20:20:54] To De Boa has logged in.
[04/09/2014 20:21:51] Mc Livinho has logged in.
[04/09/2014 20:23:26] > Broadcasted message: "Sempre Ao Criar Uma Conta, Pegue A RK Dela No Account Manager Da Conta E Anote, Nunca Passe A Sua Senha Para Outras Pessoas, E Ao Entrar Em Outros OT´s Crie Contas Diferentes Para Não Sofrer HACKED, Não Me Responsabilizo Por Perdas, Obrigado".
[04/09/2014 20:23:38] Bug Kinne has logged out.
[04/09/2014 20:30:07] > Broadcasted message: "Para ver a lista de proximos tutores digite !tutores.".
[04/09/2014 20:32:48] > Broadcasted message: "Game map cleaning in 1 minute, please pick up all your items.".
[04/09/2014 20:33:18] > CLEAN: Removed 4 items from 29 tiles in 0.167 seconds.
[04/09/2014 20:33:19] > Broadcasted message: "Map Cleaned.".
[04/09/2014 20:35:38] Boss-sykes has logged out.
[04/09/2014 20:35:47] To De Boa has logged out.
[04/09/2014 20:36:48] > Broadcasted message: "Para duvidas, eventos, e futuramente compras E-mail/Msn -> deathpvp@live.com.".
[04/09/2014 20:38:16] Mc Livinho has logged out.
[04/09/2014 20:41:17] To De Boa has logged in.
[04/09/2014 20:43:29] > Broadcasted message: "Para duvidas, eventos, e futuramente compras E-mail/Msn -> deathpvp@live.com.".
[04/09/2014 20:47:23] To De Boa has logged out.
[04/09/2014 20:47:32] Vai vai has logged in.
[04/09/2014 20:48:26] Vai vai has logged out.
[04/09/2014 20:48:30] Leigue Of Draven has logged in.
[04/09/2014 20:48:35] Leigue Of Draven has logged out.
[04/09/2014 20:48:37] Mal jinx has logged in.
[04/09/2014 20:48:47] Mal jinx has logged out.
[04/09/2014 20:48:48] Veigar has logged in.
[04/09/2014 20:49:07] Veigar has logged out.
[04/09/2014 20:49:14] Foxter Fox has logged in.
[04/09/2014 20:49:19] Foxter Fox has logged out.
[04/09/2014 20:49:19] > Saving server...
[04/09/2014 20:49:20] > SAVE: Complete in 1.343 seconds using relational house storage.
[04/09/2014 20:49:29] > Broadcasted message: "Game map cleaning in 1 minute, please pick up all your items.".
[04/09/2014 20:49:31] To De Boa has logged in.
[04/09/2014 20:49:59] > CLEAN: Removed 10 items from 16 tiles in 0.175 seconds.
[04/09/2014 20:49:59] > Broadcasted message: "Map Cleaned.".
[04/09/2014 20:50:10] > Broadcasted message: "Novo CLIENTE = http://www.4shared.com/rar/Xvc96eOece/Death_PVP.html".
[04/09/2014 20:56:51] > Broadcasted message: "Sempre Ao Criar Uma Conta, Pegue A RK Dela No Account Manager Da Conta E Anote, Nunca Passe A Sua Senha Para Outras Pessoas, E Ao Entrar Em Outros OT´s Crie Contas Diferentes Para Não Sofrer HACKED, Não Me Responsabilizo Por Perdas, Obrigado".
[04/09/2014 21:03:17] To De Boa has logged out.
[04/09/2014 21:03:19] To De Boa has logged in.
[04/09/2014 21:03:32] > Broadcasted message: "Para ver as noticias fale !notice".
[04/09/2014 21:06:10] > Broadcasted message: "Game map cleaning in 1 minute, please pick up all your items.".
[04/09/2014 21:06:41] > CLEAN: Removed 15 items from 25 tiles in 0.148 seconds.
[04/09/2014 21:06:41] > Broadcasted message: "Map Cleaned.".
[04/09/2014 21:07:03] Duff Maluko has logged in.
[04/09/2014 21:07:35] Duff Maluko has logged out.
[04/09/2014 21:10:13] > Broadcasted message: "Novo CLIENTE = http://www.4shared.com/rar/Xvc96eOece/Death_PVP.html".
[04/09/2014 21:16:54] > Broadcasted message: "Para duvidas, eventos, e futuramente compras E-mail/Msn -> deathpvp@live.com.".
[04/09/2014 21:20:39] To De Boa has logged out.
[04/09/2014 21:20:41] To De Boa has logged in.
[04/09/2014 21:21:08] Mc Livinho has logged in.
[04/09/2014 21:21:10] To De Boa has logged out.
[04/09/2014 21:21:12] Account Manager has logged in.
[04/09/2014 21:21:30] Account Manager has logged out.
[04/09/2014 21:21:39] To De Boa has logged in.
[04/09/2014 21:22:40] > Saving server...
[04/09/2014 21:22:42] > SAVE: Complete in 1.812 seconds using relational house storage.
[04/09/2014 21:22:51] > Broadcasted message: "Game map cleaning in 1 minute, please pick up all your items.".
[04/09/2014 21:23:22] > CLEAN: Removed 35 items from 39 tiles in 0.148 seconds.
[04/09/2014 21:23:22] > Broadcasted message: "Map Cleaned.".
[04/09/2014 21:23:35] > Broadcasted message: "Para comprar bless digite !bless".
[04/09/2014 21:28:16] Mc Livinho has logged out.
[04/09/2014 21:28:17] Mc Livinho has logged in.
[04/09/2014 21:30:16] > Broadcasted message: "Ot on das 07:00 as 00:00".
[04/09/2014 21:31:33] Hegazy has logged in.
[04/09/2014 21:31:57] Hegazy has logged out.
[04/09/2014 21:32:08] Honda has logged in.
[04/09/2014 21:32:59] Honda has logged out.
[04/09/2014 21:35:41] Bug Kinne has logged in.
[04/09/2014 21:36:37] Honda has logged in.
[04/09/2014 21:36:57] > Broadcasted message: "Para duvidas, eventos, e futuramente compras E-mail/Msn -> deathpvp@live.com.".
[04/09/2014 21:39:09] Bug Kinne has logged out.
[04/09/2014 21:39:11] Bug Kinne has logged in.
[04/09/2014 21:39:17] Honda has logged out.
[04/09/2014 21:39:32] > Broadcasted message: "Game map cleaning in 1 minute, please pick up all your items.".
[04/09/2014 21:39:46] Account Manager has logged in.
[04/09/2014 21:39:53] Account Manager has logged out.
[04/09/2014 21:39:53] Account Manager has logged in.
[04/09/2014 21:40:02] > CLEAN: Removed 19 items from 28 tiles in 0.187 seconds.
[04/09/2014 21:40:03] > Broadcasted message: "Map Cleaned.".
[04/09/2014 21:40:12] Account Manager has logged out.
[04/09/2014 21:40:35] Druidzerah Mythus has logged in.
[04/09/2014 21:41:40] Druidzerah Mythus has logged out.
[04/09/2014 21:41:43] Druidzerah Mythus has logged in.
[04/09/2014 21:41:54] Druidzerah Mythus has logged out.
[04/09/2014 21:42:18] Druidzerah Mythus has logged in.
[04/09/2014 21:42:27] Druidzerah Mythus has logged out.
[04/09/2014 21:42:30] Druidzerah Mythus has logged in.
[04/09/2014 21:42:36] Druidzerah Mythus has logged out.
[04/09/2014 21:42:39] Druidzerah Mythus has logged in.
[04/09/2014 21:42:44] Druidzerah Mythus has logged out.
[04/09/2014 21:42:47] Druidzerah Mythus has logged in.
[04/09/2014 21:42:52] Druidzerah Mythus has logged out.
[04/09/2014 21:42:55] Druidzerah Mythus has logged in.
[04/09/2014 21:42:56] Druidzerah Mythus has logged out.
[04/09/2014 21:43:01] Honda has logged in.
[04/09/2014 21:43:11] To De Boa has logged out.
[04/09/2014 21:43:13] To De Boa has logged in.
[04/09/2014 21:43:38] > Broadcasted message: "Para ver a lista de proximos tutores digite !tutores.".
[04/09/2014 21:44:50] Bug Kinne has logged out.
[04/09/2014 21:44:52] Bug Kinne has logged in.
[04/09/2014 21:45:04] Mc Livinho has logged out.
[04/09/2014 21:50:19] > Broadcasted message: "Novo CLIENTE = http://www.4shared.com/rar/Xvc96eOece/Death_PVP.html".
[04/09/2014 21:56:01] > Saving server...
[04/09/2014 21:56:03] > SAVE: Complete in 1.872 seconds using relational house storage.
[04/09/2014 21:56:13] > Broadcasted message: "Game map cleaning in 1 minute, please pick up all your items.".
[04/09/2014 21:56:44] > CLEAN: Removed 6 items from 20 tiles in 0.18 seconds.
[04/09/2014 21:56:44] > Broadcasted message: "Map Cleaned.".
[04/09/2014 21:57:00] > Broadcasted message: "Para esclarecer algumas duvidas digite !notice, para mais informacoes fale com um [CM]".
[04/09/2014 21:58:45] Loss Pally has logged in.
[04/09/2014 22:02:21] Bug Kinne has logged out.
[04/09/2014 22:02:23] Bug Kinne has logged in.
[04/09/2014 22:02:58] Knght kill has logged in.
[04/09/2014 22:03:00] Knght kill has logged out.
[04/09/2014 22:03:01] Knght kill has logged in.
[04/09/2014 22:03:02] Knght kill has logged out.
[04/09/2014 22:03:19] Magez-linda has logged in.
[04/09/2014 22:03:41] > Broadcasted message: "Para comprar bless digite !bless".
[04/09/2014 22:04:00] Loss Kina has logged in.
[04/09/2014 22:04:06] Magez-linda has logged out.
[04/09/2014 22:04:40] Loss Pally has logged out.
[04/09/2014 22:04:43] Loss Pally has logged in.
[04/09/2014 22:07:24] Magez-linda has logged in.
[04/09/2014 22:08:33] Honda has logged out.
[04/09/2014 22:09:02] Mc Livinho has logged in.
[04/09/2014 22:09:06] Account Manager has logged in.
[04/09/2014 22:09:07] Account Manager has logged out.
[04/09/2014 22:09:34] Foxter Fox has logged in.
[04/09/2014 22:10:22] > Broadcasted message: "Para comprar bless digite !bless".
[04/09/2014 22:11:20] Bug Kinne has logged out.
[04/09/2014 22:11:32] Loss Kina has logged out.
[04/09/2014 22:11:46] Knght kill has logged in.
[04/09/2014 22:12:17] Foxter Fox has logged out.
[04/09/2014 22:12:18] Foxter Fox has logged in.
[04/09/2014 22:12:54] > Broadcasted message: "Game map cleaning in 1 minute, please pick up all your items.".
[04/09/2014 22:13:25] > CLEAN: Removed 6 items from 41 tiles in 0.172 seconds.
[04/09/2014 22:13:25] > Broadcasted message: "Map Cleaned.".
[04/09/2014 22:13:26] Knght kill has logged out.
[04/09/2014 22:13:28] Knght kill has logged in.
[04/09/2014 22:13:47] Foxter Fox has logged out.
[04/09/2014 22:13:49] Foxter Fox has logged in.
[04/09/2014 22:13:55] Mc Livinho has logged out.
[04/09/2014 22:13:57] Mc Livinho has logged in.
[04/09/2014 22:14:52] Knght kill has logged out.
[04/09/2014 22:14:54] Knght kill has logged in.
[04/09/2014 22:15:26] Foxter Fox has logged out.
[04/09/2014 22:15:49] Foxter Fox has logged in.
[04/09/2014 22:16:15] Foxter Fox has logged out.
[04/09/2014 22:16:42] Foxter Fox has logged in.
[04/09/2014 22:16:58] To De Boa has logged out.
[04/09/2014 22:17:00] Magezinha Safadinha has logged in.
[04/09/2014 22:17:03] > Broadcasted message: "Sempre Ao Criar Uma Conta, Pegue A RK Dela No Account Manager Da Conta E Anote, Nunca Passe A Sua Senha Para Outras Pessoas, E Ao Entrar Em Outros OT´s Crie Contas Diferentes Para Não Sofrer HACKED, Não Me Responsabilizo Por Perdas, Obrigado".
[04/09/2014 22:17:11] Mc Livinho has logged out.
[04/09/2014 22:17:13] Mc Livinho has logged in.
[04/09/2014 22:17:16] Magezinha Safadinha has logged out.
[04/09/2014 22:17:18] To De Boa has logged in.
[04/09/2014 22:18:35] Foxter Fox has logged out.
[04/09/2014 22:19:28] To De Boa has logged out.
[04/09/2014 22:19:29] To De Boa has logged in.
[04/09/2014 22:19:40] Foxter Fox has logged in.
[04/09/2014 22:20:41] Foxter Fox has logged out.
[04/09/2014 22:20:42] Foxter Fox has logged in.
[04/09/2014 22:20:45] Foxter Fox has logged out.
[04/09/2014 22:21:58] To De Boa has logged out.
[04/09/2014 22:22:00] To De Boa has logged in.
[04/09/2014 22:23:18] To De Boa has logged out.
[04/09/2014 22:23:19] To De Boa has logged in.
[04/09/2014 22:23:44] > Broadcasted message: "Ot on das 07:00 as 00:00".
[04/09/2014 22:24:43] Loss Pally has logged out.
[04/09/2014 22:24:44] Loss Pally has logged in.
[04/09/2014 22:24:58] To De Boa has logged out.
[04/09/2014 22:25:00] To De Boa has logged in.
[04/09/2014 22:25:40] Knght kill has logged out.
[04/09/2014 22:25:41] Knght kill has logged in.
[04/09/2014 22:29:22] > Saving server...
[04/09/2014 22:29:24] > SAVE: Complete in 2.012 seconds using relational house storage.
[04/09/2014 22:29:35] > Broadcasted message: "Game map cleaning in 1 minute, please pick up all your items.".
[04/09/2014 22:30:06] > CLEAN: Removed 30 items from 135 tiles in 0.182 seconds.
[04/09/2014 22:30:06] > Broadcasted message: "Map Cleaned.".
[04/09/2014 22:30:25] > Broadcasted message: "Sempre Ao Criar Uma Conta, Pegue A RK Dela No Account Manager Da Conta E Anote, Nunca Passe A Sua Senha Para Outras Pessoas, E Ao Entrar Em Outros OT´s Crie Contas Diferentes Para Não Sofrer HACKED, Não Me Responsabilizo Por Perdas, Obrigado".
[04/09/2014 22:30:47] To De Boa has logged out.
[04/09/2014 22:30:49] To De Boa has logged in.
[04/09/2014 22:30:58] To De Boa has logged out.
[04/09/2014 22:31:00] Magezinha Safadinha has logged in.
[04/09/2014 22:35:48] Mc Livinho has logged out.
[04/09/2014 22:35:53] Magezinha Safadinha has logged out.
[04/09/2014 22:35:54] Magezinha Safadinha has logged in.
[04/09/2014 22:37:06] > Broadcasted message: "Ot on das 07:00 as 00:00".
[04/09/2014 22:40:02] Magezinha Safadinha has logged out.
[04/09/2014 22:40:03] Magezinha Safadinha has logged in.
[04/09/2014 22:40:36] Mc Livinho has logged in.
[04/09/2014 22:41:27] Magezinha Safadinha has logged out.
[04/09/2014 22:41:29] Magezinha Safadinha has logged in.
[04/09/2014 22:41:43] Magezinha Safadinha has logged out.
[04/09/2014 22:41:50] Knght kill has logged out.
[04/09/2014 22:41:52] Foxter Fox has logged in.
[04/09/2014 22:43:06] Foxter Fox has logged out.
[04/09/2014 22:43:08] Foxter Fox has logged in.
[04/09/2014 22:43:47] > Broadcasted message: "Sempre Ao Criar Uma Conta, Pegue A RK Dela No Account Manager Da Conta E Anote, Nunca Passe A Sua Senha Para Outras Pessoas, E Ao Entrar Em Outros OT´s Crie Contas Diferentes Para Não Sofrer HACKED, Não Me Responsabilizo Por Perdas, Obrigado".
[04/09/2014 22:45:13] Foxter Fox has logged out.
[04/09/2014 22:45:15] Foxter Fox has logged in.
[04/09/2014 22:46:16] > Broadcasted message: "Game map cleaning in 1 minute, please pick up all your items.".
[04/09/2014 22:46:47] > CLEAN: Removed 37 items from 128 tiles in 0.193 seconds.
[04/09/2014 22:46:47] > Broadcasted message: "Map Cleaned.".
[04/09/2014 22:47:37] Foxter Fox has logged out.
[04/09/2014 22:48:02] Magezinha Safadinha has logged in.
[04/09/2014 22:50:12] Loss Pally has logged out.
[04/09/2014 22:50:13] Loss Pally has logged in.
[04/09/2014 22:50:28] > Broadcasted message: "Para ver a lista de proximos tutores digite !tutores.".
[04/09/2014 22:51:03] Magezinha Safadinha has logged out.
[04/09/2014 22:51:06] To De Boa has logged in.
[04/09/2014 22:51:30] Account Manager has logged in.
[04/09/2014 22:51:31] Account Manager has logged out.
[04/09/2014 22:53:06] Loss Pally has logged out.
[04/09/2014 22:53:07] Loss Pally has logged in.
[04/09/2014 22:53:30] Haddadi has logged in.
[04/09/2014 22:53:31] Haddadi has logged out.
[04/09/2014 22:53:44] Haddadi has logged in.
[04/09/2014 22:57:09] > Broadcasted message: "Novo CLIENTE = http://www.4shared.com/rar/Xvc96eOece/Death_PVP.html".
[04/09/2014 22:59:36] Mc Livinho has logged out.
[04/09/2014 23:02:43] > Saving server...
[04/09/2014 23:02:45] > SAVE: Complete in 1.915 seconds using relational house storage.
[04/09/2014 23:02:57] > Broadcasted message: "Game map cleaning in 1 minute, please pick up all your items.".
[04/09/2014 23:03:28] > CLEAN: Removed 5 items from 30 tiles in 0.191 seconds.
[04/09/2014 23:03:28] > Broadcasted message: "Map Cleaned.".
[04/09/2014 23:03:37] To De Boa has logged out.
[04/09/2014 23:03:39] Magezinha Safadinha has logged in.
[04/09/2014 23:03:50] > Broadcasted message: "Sempre Ao Criar Uma Conta, Pegue A RK Dela No Account Manager Da Conta E Anote, Nunca Passe A Sua Senha Para Outras Pessoas, E Ao Entrar Em Outros OT´s Crie Contas Diferentes Para Não Sofrer HACKED, Não Me Responsabilizo Por Perdas, Obrigado".
[04/09/2014 23:03:53] Magezinha Safadinha has logged out.
[04/09/2014 23:04:03] Foxter Fox has logged in.
[04/09/2014 23:04:08] Knght kill has logged in.
[04/09/2014 23:04:11] Foxter Fox has logged out.
[04/09/2014 23:04:46] To De Boa has logged in.
[04/09/2014 23:05:39] Foxter Fox has logged in.
[04/09/2014 23:05:51] Foxter Fox has logged out.
[04/09/2014 23:05:54] To De Boa has logged out.
[04/09/2014 23:05:56] Magezinha Safadinha has logged in.
[04/09/2014 23:06:03] Magezinha Safadinha has logged out.
[04/09/2014 23:06:05] To De Boa has logged in.
[04/09/2014 23:06:09] To De Boa has logged out.
[04/09/2014 23:06:11] Magezinha Safadinha has logged in.
[04/09/2014 23:06:24] Magezinha Safadinha has logged out.
[04/09/2014 23:06:26] To De Boa has logged in.
[04/09/2014 23:10:31] > Broadcasted message: "Para comprar bless digite !bless".
[04/09/2014 23:16:47] Mc Livinho has logged in.
[04/09/2014 23:17:12] > Broadcasted message: "Para ver as noticias fale !notice".
[04/09/2014 23:17:15] Magez-linda has logged out.
[04/09/2014 23:18:22] Magez-linda has logged in.
[04/09/2014 23:18:42] Mc Livinho has logged out.
[04/09/2014 23:18:43] Mc Livinho has logged in.
[04/09/2014 23:19:05] Magezinho Sapeca has logged in.
[04/09/2014 23:19:38] > Broadcasted message: "Game map cleaning in 1 minute, please pick up all your items.".
[04/09/2014 23:20:09] > CLEAN: Removed 11 items from 50 tiles in 0.183 seconds.
[04/09/2014 23:20:09] > Broadcasted message: "Map Cleaned.".
[04/09/2014 23:21:19] Magezinho Sapeca has logged out.
[04/09/2014 23:21:29] Loss Pally has logged out.
[04/09/2014 23:21:31] Loss Pally has logged in.
[04/09/2014 23:21:38] To De Boa has logged out.
[04/09/2014 23:21:39] To De Boa has logged in.
[04/09/2014 23:21:43] To De Boa has logged out.
[04/09/2014 23:21:44] To De Boa has logged in.
[04/09/2014 23:22:32] To De Boa has logged out.
[04/09/2014 23:22:34] To De Boa has logged in.
[04/09/2014 23:23:08] Mc Livinho has logged out.
[04/09/2014 23:23:10] Mc Livinho has logged in.
[04/09/2014 23:23:17] Magezinho Sapeca has logged in.
[04/09/2014 23:23:53] > Broadcasted message: "Sempre Ao Criar Uma Conta, Pegue A RK Dela No Account Manager Da Conta E Anote, Nunca Passe A Sua Senha Para Outras Pessoas, E Ao Entrar Em Outros OT´s Crie Contas Diferentes Para Não Sofrer HACKED, Não Me Responsabilizo Por Perdas, Obrigado".
[04/09/2014 23:27:35] Haddadi has logged out.
[04/09/2014 23:27:37] Haddadi has logged in.
[04/09/2014 23:27:37] Haddadi has logged out.
[04/09/2014 23:27:44] Hegazy has logged in.
[04/09/2014 23:27:51] Loss Pally has logged out.
[04/09/2014 23:27:53] Loss Pally has logged in.
[04/09/2014 23:27:54] Loss Pally has logged out.
[04/09/2014 23:28:01] Magez-linda has logged out.
[04/09/2014 23:28:01] Loss Pally has logged in.
[04/09/2014 23:28:03] Magez-linda has logged in.
[04/09/2014 23:29:11] Sorczinho Sapeca has logged in.
[04/09/2014 23:30:01] To De Boa has logged out.
[04/09/2014 23:30:03] To De Boa has logged in.
[04/09/2014 23:30:34] > Broadcasted message: "Para duvidas, eventos, e futuramente compras E-mail/Msn -> deathpvp@live.com.".
[04/09/2014 23:30:50] Magezinho Sapeca has logged out.
[04/09/2014 23:31:11] To De Boa has logged out.
[04/09/2014 23:31:37] Sorczinho Sapeca has logged out.
[04/09/2014 23:33:16] Loss Pally has logged out.
[04/09/2014 23:33:18] Loss Pally has logged in.
[04/09/2014 23:34:18] Magezinho Sapeca has logged in.
[04/09/2014 23:35:13] Sorczinho Sapeca has logged in.
[04/09/2014 23:35:24] Mc Livinho has logged out.
[04/09/2014 23:35:26] Mc Livinho has logged in.
[04/09/2014 23:36:04] > Saving server...
[04/09/2014 23:36:07] > SAVE: Complete in 2.678 seconds using relational house storage.
[04/09/2014 23:36:19] > Broadcasted message: "Game map cleaning in 1 minute, please pick up all your items.".
[04/09/2014 23:36:34] Loss Pally has logged out.
[04/09/2014 23:36:37] Loss Pally has logged in.
[04/09/2014 23:36:38] Sorczinho Sapeca has logged out.
[04/09/2014 23:36:49] > CLEAN: Removed 73 items from 92 tiles in 0.266 seconds.
[04/09/2014 23:36:50] > Broadcasted message: "Map Cleaned.".
[04/09/2014 23:37:15] > Broadcasted message: "Novo CLIENTE = http://www.4shared.com/rar/Xvc96eOece/Death_PVP.html".
[04/09/2014 23:37:23] Sorczinho Sapeca has logged in.
[04/09/2014 23:37:50] Loss Pally has logged out.
[04/09/2014 23:37:53] Loss Pally has logged in.
[04/09/2014 23:40:15] Sorczinho Sapeca has logged out.
[04/09/2014 23:40:17] Magezinho Sapeca has logged out.
[04/09/2014 23:40:20] Sorczinho Sapeca has logged in.
[04/09/2014 23:40:22] Magezinho Sapeca has logged in.
[04/09/2014 23:40:25] Magezinho Sapeca has logged out.
[04/09/2014 23:40:25] Magezinho Sapeca has logged in.
