[07/09/2014 00:00:29] Blackgt has logged out.
[07/09/2014 00:00:31] Blackgt has logged in.
[07/09/2014 00:00:32] Boss-sykes has logged out.
[07/09/2014 00:00:34] Boss-sykes has logged in.
[07/09/2014 00:00:46] Boss-sykes has logged out.
[07/09/2014 00:00:48] Boss-sykes has logged in.
[07/09/2014 00:00:57] Boss-sykes has logged out.
[07/09/2014 00:00:59] Boss-sykes has logged in.
[07/09/2014 00:01:01] Blackgt has logged out.
[07/09/2014 00:01:03] Blackgt has logged in.
[07/09/2014 00:01:09] Boss-sykes has logged out.
[07/09/2014 00:01:10] Boss-sykes has logged in.
[07/09/2014 00:01:28] Boss-sykes has logged out.
[07/09/2014 00:01:30] Boss-sykes has logged in.
[07/09/2014 00:01:43] Boss-sykes has logged out.
[07/09/2014 00:01:44] Boss-sykes has logged in.
[07/09/2014 00:01:54] Boss-sykes has logged out.
[07/09/2014 00:01:59] Boss-sykes has logged in.
[07/09/2014 00:02:41] Boss-sykes has logged out.
[07/09/2014 00:02:43] Boss-sykes has logged in.
[07/09/2014 00:02:53] Boss-sykes has logged out.
[07/09/2014 00:02:55] Boss-sykes has logged in.
[07/09/2014 00:02:56] Mc Livinho has logged out.
[07/09/2014 00:02:58] Mc Livinho has logged in.
[07/09/2014 00:03:05] Boss-sykes has logged out.
[07/09/2014 00:03:07] Boss-sykes has logged in.
[07/09/2014 00:03:12] Mc Livinho has logged out.
[07/09/2014 00:03:15] Mc Livinho has logged in.
[07/09/2014 00:03:21] Boss-sykes has logged out.
[07/09/2014 00:03:26] Boss-sykes has logged in.
[07/09/2014 00:03:37] Boss-sykes has logged out.
[07/09/2014 00:03:40] Boss-sykes has logged in.
[07/09/2014 00:04:19] > Broadcasted message: "Para comprar bless digite !bless".
[07/09/2014 00:04:48] Hegazy has logged out.
[07/09/2014 00:04:50] Hegazy has logged in.
[07/09/2014 00:05:06] Boss-sykes has logged out.
[07/09/2014 00:05:39] Honda has logged in.
[07/09/2014 00:05:59] Mc Livinho has logged out.
[07/09/2014 00:06:00] Mc Livinho has logged in.
[07/09/2014 00:06:02] Honda has logged out.
[07/09/2014 00:06:02] Fanta-banana has logged out.
[07/09/2014 00:06:05] Fanta-banana has logged in.
[07/09/2014 00:06:12] Mc Livinho has logged out.
[07/09/2014 00:06:13] Mc Livinho has logged in.
[07/09/2014 00:06:25] Honda has logged in.
[07/09/2014 00:06:48] Fanta-banana has logged out.
[07/09/2014 00:07:49] Honda has logged out.
[07/09/2014 00:07:50] Mc Livinho has logged out.
[07/09/2014 00:07:51] Honda has logged in.
[07/09/2014 00:07:52] Mc Livinho has logged in.
[07/09/2014 00:08:01] Fanta-banana has logged in.
[07/09/2014 00:08:24] Mc Livinho has logged out.
[07/09/2014 00:08:26] Mc Livinho has logged in.
[07/09/2014 00:10:44] Magez-linda has logged out.
[07/09/2014 00:10:46] Magez-linda has logged in.
[07/09/2014 00:11:00] > Broadcasted message: "Ot on das 07:00 as 00:00".
[07/09/2014 00:11:17] Hegazy has logged out.
[07/09/2014 00:11:21] Hegazy has logged in.
[07/09/2014 00:12:11] Magez-linda has logged out.
[07/09/2014 00:12:14] Magez-linda has logged in.
[07/09/2014 00:12:40] Fanta-banana has logged out.
[07/09/2014 00:12:52] Hegazy has logged out.
[07/09/2014 00:12:55] Hegazy has logged in.
[07/09/2014 00:13:22] > Broadcasted message: "Game map cleaning in 1 minute, please pick up all your items.".
[07/09/2014 00:13:52] > CLEAN: Removed 137 items from 146 tiles in 0.222 seconds.
[07/09/2014 00:13:53] > Broadcasted message: "Map Cleaned.".
[07/09/2014 00:15:01] Magez-linda has logged out.
[07/09/2014 00:15:03] Magez-linda has logged in.
[07/09/2014 00:15:08] Honda has logged out.
[07/09/2014 00:15:10] Honda has logged in.
[07/09/2014 00:16:16] Blackgt has logged out.
[07/09/2014 00:16:18] Blackgt has logged in.
[07/09/2014 00:16:50] Honda has logged out.
[07/09/2014 00:17:06] Blackgt has logged out.
[07/09/2014 00:17:09] Blackgt has logged in.
[07/09/2014 00:17:16] Blackgt has logged out.
[07/09/2014 00:17:19] Blackgt has logged in.
[07/09/2014 00:17:41] > Broadcasted message: "Para comprar bless digite !bless".
[07/09/2014 00:18:09] Blackgt has logged out.
[07/09/2014 00:18:11] Blackgt has logged in.
[07/09/2014 00:18:22] Mc Livinho has logged out.
[07/09/2014 00:18:23] Mc Livinho has logged in.
[07/09/2014 00:18:44] Blackgt has logged out.
[07/09/2014 00:18:45] Blackgt has logged in.
[07/09/2014 00:20:54] Blackgt has logged out.
[07/09/2014 00:20:56] Blackgt has logged in.
[07/09/2014 00:20:56] Loss Pally has logged in.
[07/09/2014 00:23:37] Mc Livinho has logged out.
[07/09/2014 00:23:38] Mc Livinho has logged in.
[07/09/2014 00:24:22] > Broadcasted message: "Para comprar bless digite !bless".
[07/09/2014 00:24:36] Blackgt has logged out.
[07/09/2014 00:24:38] Blackgt has logged in.
[07/09/2014 00:26:01] Honda has logged in.
[07/09/2014 00:26:07] Honda has logged out.
[07/09/2014 00:26:56] Mc Livinho has logged out.
[07/09/2014 00:26:57] Mc Livinho has logged in.
[07/09/2014 00:27:12] Hegazy has logged out.
[07/09/2014 00:27:18] Account Manager has logged in.
[07/09/2014 00:27:19] Account Manager has logged out.
[07/09/2014 00:27:25] Hegazy has logged in.
[07/09/2014 00:28:48] Mc Livinho has logged out.
[07/09/2014 00:28:49] Mc Livinho has logged in.
[07/09/2014 00:29:30] Magez-linda has logged out.
[07/09/2014 00:29:32] Magez-linda has logged in.
[07/09/2014 00:29:44] > Saving server...
[07/09/2014 00:29:47] > SAVE: Complete in 2.218 seconds using relational house storage.
[07/09/2014 00:30:03] > Broadcasted message: "Game map cleaning in 1 minute, please pick up all your items.".
[07/09/2014 00:30:34] > CLEAN: Removed 115 items from 149 tiles in 0.229 seconds.
[07/09/2014 00:30:34] > Broadcasted message: "Map Cleaned.".
[07/09/2014 00:30:46] Mc Livinho has logged out.
[07/09/2014 00:30:54] Mc Livinho has logged in.
[07/09/2014 00:31:03] > Broadcasted message: "Sempre Ao Criar Uma Conta, Pegue A RK Dela No Account Manager Da Conta E Anote, Nunca Passe A Sua Senha Para Outras Pessoas, E Ao Entrar Em Outros OT´s Crie Contas Diferentes Para Não Sofrer HACKED, Não Me Responsabilizo Por Perdas, Obrigado".
[07/09/2014 00:31:16] Magez-linda has logged out.
[07/09/2014 00:31:25] Magez-linda has logged in.
[07/09/2014 00:31:46] Blackgt has logged out.
[07/09/2014 00:31:48] Blackgt has logged in.
[07/09/2014 00:31:58] Blackgt has logged out.
[07/09/2014 00:31:58] Mc Livinho has logged out.
[07/09/2014 00:32:00] Mc Livinho has logged in.
[07/09/2014 00:32:00] Blackgt has logged in.
[07/09/2014 00:32:56] Druidzinn has logged in.
[07/09/2014 00:35:38] Druidzinn has logged out.
[07/09/2014 00:35:41] Druidzinn has logged in.
[07/09/2014 00:36:08] Mc Livinho has logged out.
[07/09/2014 00:36:11] Mc Livinho has logged in.
[07/09/2014 00:37:35] Hegazy has logged out.
[07/09/2014 00:37:41] Hegazy has logged in.
[07/09/2014 00:37:44] > Broadcasted message: "Novo CLIENTE = http://www.4shared.com/rar/Xvc96eOece/Death_PVP.html".
[07/09/2014 00:38:35] Blackgt has logged out.
[07/09/2014 00:38:38] Blackgt has logged in.
[07/09/2014 00:43:36] Druidzinn has logged out.
[07/09/2014 00:43:39] Druidzinn has logged in.
[07/09/2014 00:43:42] Hegazy has logged out.
[07/09/2014 00:43:44] Hegazy has logged in.
[07/09/2014 00:43:55] Druidzinn has logged out.
[07/09/2014 00:44:25] > Broadcasted message: "Ot on das 07:00 as 00:00".
[07/09/2014 00:44:37] Hegazy has logged out.
[07/09/2014 00:44:44] Mc Livinho has logged out.
[07/09/2014 00:44:46] Mc Livinho has logged in.
[07/09/2014 00:46:44] > Broadcasted message: "Game map cleaning in 1 minute, please pick up all your items.".
[07/09/2014 00:47:15] > CLEAN: Removed 27 items from 37 tiles in 0.223 seconds.
[07/09/2014 00:47:15] > Broadcasted message: "Map Cleaned.".
[07/09/2014 00:48:33] Mc Livinho has logged out.
[07/09/2014 00:48:34] Mc Livinho has logged in.
[07/09/2014 00:50:22] Blackgt has logged out.
[07/09/2014 00:50:24] Blackgt has logged in.
[07/09/2014 00:51:06] > Broadcasted message: "Para ver as noticias fale !notice".
[07/09/2014 00:51:22] Blackgt has logged out.
[07/09/2014 00:51:25] Blackgt has logged in.
[07/09/2014 00:51:32] Blackgt has logged out.
[07/09/2014 00:51:34] Blackgt has logged in.
[07/09/2014 00:52:08] Mc Livinho has logged out.
[07/09/2014 00:52:10] Mc Livinho has logged in.
[07/09/2014 00:52:55] Mc Livinho has logged out.
[07/09/2014 00:52:57] Mc Livinho has logged in.
[07/09/2014 00:54:15] Menina Mal has logged in.
[07/09/2014 00:54:22] Loss Pally has logged out.
[07/09/2014 00:55:33] Blackgt has logged out.
[07/09/2014 00:55:36] Blackgt has logged in.
[07/09/2014 00:55:56] Blackgt has logged out.
[07/09/2014 00:55:58] Blackgt has logged in.
[07/09/2014 00:57:47] > Broadcasted message: "Para ver a lista de proximos tutores digite !tutores.".
[07/09/2014 01:00:27] Blackgt has logged out.
[07/09/2014 01:00:28] Blackgt has logged in.
[07/09/2014 01:03:05] > Saving server...
[07/09/2014 01:03:07] > SAVE: Complete in 2.109 seconds using relational house storage.
[07/09/2014 01:03:25] > Broadcasted message: "Game map cleaning in 1 minute, please pick up all your items.".
[07/09/2014 01:03:55] > CLEAN: Removed 33 items from 48 tiles in 0.277 seconds.
[07/09/2014 01:03:56] > Broadcasted message: "Map Cleaned.".
[07/09/2014 01:04:28] > Broadcasted message: "Ot on das 07:00 as 00:00".
[07/09/2014 01:06:39] Blackgt has logged out.
[07/09/2014 01:06:41] Blackgt has logged in.
[07/09/2014 01:07:01] Menina Mal has logged out.
[07/09/2014 01:07:12] Menina Mal has logged in.
[07/09/2014 01:11:09] > Broadcasted message: "Para ver a lista de proximos tutores digite !tutores.".
[07/09/2014 01:11:44] Magez-linda has logged out.
[07/09/2014 01:12:17] Mc Livinho has logged out.
[07/09/2014 01:13:42] Blackgt has logged out.
[07/09/2014 01:13:46] Menina Mal has logged out.
[07/09/2014 01:17:50] > Broadcasted message: "Ot on das 07:00 as 00:00".
[07/09/2014 01:18:17] > Saving server...
[07/09/2014 01:18:19] > SAVE: Complete in 1.463 seconds using relational house storage.
[07/09/2014 01:18:23] > Saving server...
[07/09/2014 01:18:25] > SAVE: Complete in 1.386 seconds using relational house storage.
[07/09/2014 01:18:25] Preparing to shutdown server..
[07/09/2014 01:18:27] .
[07/09/2014 01:18:27] Exiting
[07/09/2014 13:36:14] The Forgotten Server, version 0.3.4 (Crying Damson)
[07/09/2014 13:36:14] Sever Criado Por Alissow e Comedinha.
[07/09/2014 13:36:15] Publicidade: www.sotserv.blogspot.com <- <- <- Tudo sobre otserv.
[07/09/2014 13:36:15] Bom Jogo!!!
[07/09/2014 13:36:15] 
[07/09/2014 13:36:15] >> Debugging: nothing.
[07/09/2014 13:36:15] >> Checking software version... failed checking - malformed file.
[07/09/2014 13:36:17] 
[07/09/2014 13:36:17] >> Loading config (config.lua)
[07/09/2014 13:36:17] > Using plaintext passwords
[07/09/2014 13:36:17] >> Loading RSA key
[07/09/2014 13:36:17] >> Starting SQL connection
[07/09/2014 13:36:17] >> Running Database Manager
[07/09/2014 13:36:18] > Optimized database.
[07/09/2014 13:36:18] >> Loading items
[07/09/2014 13:36:19] >> Loading groups
[07/09/2014 13:36:19] >> Loading vocations
[07/09/2014 13:36:19] >> Loading script systems
[07/09/2014 13:36:26] >> Loading chat channels
[07/09/2014 13:36:26] >> Loading outfits
[07/09/2014 13:36:27] >> Loading experience stages
[07/09/2014 13:36:27] >> Loading monsters
[07/09/2014 13:36:34] >> Loading map and spawns...
[07/09/2014 13:36:35] > Map size: 65000x65000.
[07/09/2014 13:36:35] > Map descriptions: 
[07/09/2014 13:36:35] Saved with Remere's Map Editor 2.2
[07/09/2014 13:36:36] No map description available.
[07/09/2014 13:36:37] Duplicate uniqueId 2407
[07/09/2014 13:36:41] > Map loading time: 6.544 seconds.
[07/09/2014 13:36:43] > Data loading time: 1.666 seconds.
[07/09/2014 13:36:43] > Unserialization time for houses: 0.067 seconds.
[07/09/2014 13:37:09] > Unserialization time for map: 25.516 seconds.
[07/09/2014 13:37:10] >> Checking world type... PvP
[07/09/2014 13:37:10] >> Initializing game state modules and registering services...
[07/09/2014 13:37:12] > Global address: deathpvp.no-ip.info
[07/09/2014 13:37:13] > Local ports:
[07/09/2014 13:37:13] 7171	7172	
[07/09/2014 13:37:13] >> All modules were loaded, server starting up...
[07/09/2014 13:37:14] >> OT Death server Online!
[07/09/2014 13:37:14] 
[07/09/2014 13:37:21] sqlite3_step(): SQLITE ERROR: columns id, world_id are not unique
[07/09/2014 13:38:34] Loss Pally has logged in.
[07/09/2014 13:39:22] Hegazy has logged in.
[07/09/2014 13:39:25] Magez-linda has logged in.
[07/09/2014 13:41:01] Magezinho Sapeca has logged in.
[07/09/2014 13:41:46] Sorczinho Sapeca has logged in.
[07/09/2014 13:42:00] Sorczinho Sapeca has logged out.
[07/09/2014 13:42:05] Sorczinho Sapeca has logged in.
[07/09/2014 13:43:07] > Broadcasted message: "Para comprar bless digite !bless".
[07/09/2014 13:46:02] Loss Pally has logged out.
[07/09/2014 13:46:12] Magezinho Sapeca has logged out.
[07/09/2014 13:46:14] Magezinho Sapeca has logged in.
[07/09/2014 13:47:53] Hegazy has logged out.
[07/09/2014 13:47:55] Hegazy has logged in.
[07/09/2014 13:48:09] Loss Pally has logged in.
[07/09/2014 13:49:48] > Broadcasted message: "Para esclarecer algumas duvidas digite !notice, para mais informacoes fale com um [CM]".
[07/09/2014 13:52:22] Danagorn has logged in.
[07/09/2014 13:53:07] > Broadcasted message: "Game map cleaning in 1 minute, please pick up all your items.".
[07/09/2014 13:53:16] Danagorn has logged out.
[07/09/2014 13:53:18] Danagorn has logged in.
[07/09/2014 13:53:38] > CLEAN: Removed 10 items from 117 tiles in 0.234 seconds.
[07/09/2014 13:53:38] > Broadcasted message: "Map Cleaned.".
[07/09/2014 13:54:28] Danagorn has logged out.
[07/09/2014 13:54:36] Honda has logged in.
[07/09/2014 13:56:29] > Broadcasted message: "Para esclarecer algumas duvidas digite !notice, para mais informacoes fale com um [CM]".
[07/09/2014 13:57:59] Fanta-banana has logged in.
[07/09/2014 13:58:23] Hegazy has logged out.
[07/09/2014 13:58:25] Hegazy has logged in.
[07/09/2014 13:58:37] Fanta-banana has logged out.
[07/09/2014 13:59:08] Honda has logged out.
[07/09/2014 13:59:22] Honda has logged in.
[07/09/2014 13:59:27] Boss-sykes has logged in.
[07/09/2014 13:59:58] Hegazy has logged out.
[07/09/2014 14:00:00] Hegazy has logged in.
[07/09/2014 14:00:06] Fanta-banana has logged in.
[07/09/2014 14:00:40] Honda has logged out.
[07/09/2014 14:01:00] Fanta-banana has logged out.
[07/09/2014 14:01:03] Honda has logged in.
[07/09/2014 14:01:11] Honda has logged out.
[07/09/2014 14:01:18] Fanta-banana has logged in.
[07/09/2014 14:03:10] > Broadcasted message: "Para duvidas, eventos, e futuramente compras E-mail/Msn -> deathpvp@live.com.".
[07/09/2014 14:03:34] Fanta-banana has logged out.
[07/09/2014 14:03:37] Fanta-banana has logged in.
[07/09/2014 14:03:56] Fanta-banana has logged out.
[07/09/2014 14:04:01] Fanta-banana has logged in.
[07/09/2014 14:04:24] Fanta-banana has logged out.
[07/09/2014 14:04:28] Fanta-banana has logged in.
[07/09/2014 14:04:49] Fanta-banana has logged out.
[07/09/2014 14:04:54] Fanta-banana has logged in.
[07/09/2014 14:05:08] Kina Rullex has logged in.
[07/09/2014 14:05:16] Fanta-banana has logged out.
[07/09/2014 14:05:21] Fanta-banana has logged in.
[07/09/2014 14:05:45] Fanta-banana has logged out.
[07/09/2014 14:05:51] Fanta-banana has logged in.
[07/09/2014 14:06:01] Kina Rullex has logged out.
[07/09/2014 14:06:09] Druid Rullex has logged in.
[07/09/2014 14:06:12] Fanta-banana has logged out.
[07/09/2014 14:06:16] Fanta-banana has logged in.
[07/09/2014 14:06:30] Fanta-banana has logged out.
[07/09/2014 14:07:42] Boss-sykes has logged out.
[07/09/2014 14:07:44] Boss-sykes has logged in.
[07/09/2014 14:09:48] > Broadcasted message: "Game map cleaning in 1 minute, please pick up all your items.".
[07/09/2014 14:09:51] > Broadcasted message: "Para duvidas, eventos, e futuramente compras E-mail/Msn -> deathpvp@live.com.".
[07/09/2014 14:09:52] > Saving server...
[07/09/2014 14:09:56] > SAVE: Complete in 2.823 seconds using relational house storage.
[07/09/2014 14:10:19] > CLEAN: Removed 213 items from 269 tiles in 0.249 seconds.
[07/09/2014 14:10:19] > Broadcasted message: "Map Cleaned.".
[07/09/2014 14:11:48] Druid Rullex has logged out.
[07/09/2014 14:11:50] Druid Rullex has logged in.
[07/09/2014 14:11:57] Magezinho Sapeca has logged out.
[07/09/2014 14:12:06] Knightzinho has logged in.
[07/09/2014 14:12:30] Knightzinho has logged out.
[07/09/2014 14:13:01] Magez-linda has logged out.
[07/09/2014 14:13:20] Magezinho Sapeca has logged in.
[07/09/2014 14:13:47] Druid Rullex has logged out.
[07/09/2014 14:13:49] Druid Rullex has logged in.
[07/09/2014 14:15:09] Loss Pally has logged out.
[07/09/2014 14:15:12] Loss Pally has logged in.
[07/09/2014 14:16:32] > Broadcasted message: "Para esclarecer algumas duvidas digite !notice, para mais informacoes fale com um [CM]".
[07/09/2014 14:18:06] Loss Pally has logged out.
[07/09/2014 14:18:08] Loss Pally has logged in.
[07/09/2014 14:18:56] Hegazy has logged out.
[07/09/2014 14:18:58] Hegazy has logged in.
[07/09/2014 14:19:50] Druid Rullex has logged out.
[07/09/2014 14:19:52] Druid Rullex has logged in.
[07/09/2014 14:20:08] Account Manager has logged in.
[07/09/2014 14:20:12] Account Manager has logged out.
[07/09/2014 14:20:13] Honda has logged in.
[07/09/2014 14:20:21] Honda has logged out.
[07/09/2014 14:21:00] Honda has logged in.
[07/09/2014 14:21:17] Honda has logged out.
[07/09/2014 14:23:13] > Broadcasted message: "Para ver a lista de proximos tutores digite !tutores.".
[07/09/2014 14:25:04] Sorczinho Sapeca has logged out.
[07/09/2014 14:26:29] > Broadcasted message: "Game map cleaning in 1 minute, please pick up all your items.".
[07/09/2014 14:26:59] > CLEAN: Removed 101 items from 136 tiles in 0.25 seconds.
[07/09/2014 14:26:59] > Broadcasted message: "Map Cleaned.".
[07/09/2014 14:27:52] Magezinho Sapeca has logged out.
[07/09/2014 14:28:02] Druid Rullex has logged out.
[07/09/2014 14:28:03] Druid Rullex has logged in.
[07/09/2014 14:29:54] > Broadcasted message: "Para comprar bless digite !bless".
[07/09/2014 14:30:14] Account Manager has logged in.
[07/09/2014 14:30:56] Account Manager has logged out.
[07/09/2014 14:30:59] Druidzinn has logged in.
[07/09/2014 14:31:13] Kina Rullex has logged in.
[07/09/2014 14:31:44] Druid Rullex has logged out.
[07/09/2014 14:31:45] 
[07/09/2014 14:31:45] Lua Script Error: [CreatureScript Interface] 
[07/09/2014 14:31:45] data/creaturescripts/scripts/playerdeath.lua:onDeath
[07/09/2014 14:31:45] 
[07/09/2014 14:31:45] luaGetCreatureName(). Creature not found
[07/09/2014 14:31:45] 
[07/09/2014 14:31:46] Lua Script Error: [CreatureScript Interface] 
[07/09/2014 14:31:46] data/creaturescripts/scripts/playerdeath.lua:onDeath
[07/09/2014 14:31:46] 
[07/09/2014 14:31:46] luaGetCreatureName(). Creature not found
[07/09/2014 14:31:47] Kina Rullex has logged out.
[07/09/2014 14:31:48] Druid Rullex has logged in.
[07/09/2014 14:31:49] Kina Rullex has logged in.
[07/09/2014 14:32:28] Magez-linda has logged in.
[07/09/2014 14:32:53] Druidzinn has logged out.
[07/09/2014 14:33:02] Druidzinn has logged in.
[07/09/2014 14:33:35] Loss Pally has logged out.
[07/09/2014 14:33:50] Loss Pally has logged in.
[07/09/2014 14:34:14] Kina Rullex has logged out.
[07/09/2014 14:34:20] Kina Rullex has logged in.
[07/09/2014 14:34:41] Druid Rullex has logged out.
[07/09/2014 14:34:51] Druid Rullex has logged in.
[07/09/2014 14:35:19] Druid Rullex has logged out.
[07/09/2014 14:35:25] Druidzinn has logged out.
[07/09/2014 14:35:30] Druid Rullex has logged in.
[07/09/2014 14:35:44] Druidzinn has logged in.
[07/09/2014 14:36:17] Loss Pally has logged out.
[07/09/2014 14:36:27] Loss Pally has logged in.
[07/09/2014 14:36:35] > Broadcasted message: "Ot on das 07:00 as 00:00".
[07/09/2014 14:36:53] Kina Rullex has logged out.
[07/09/2014 14:36:57] Kina Rullex has logged in.
[07/09/2014 14:37:20] Druid Rullex has logged out.
[07/09/2014 14:37:25] Druid Rullex has logged in.
[07/09/2014 14:38:08] Druidzinn has logged out.
[07/09/2014 14:38:14] Druidzinn has logged in.
[07/09/2014 14:38:53] Loss Pally has logged out.
[07/09/2014 14:38:59] Loss Pally has logged in.
[07/09/2014 14:39:39] Druid Rullex has logged out.
[07/09/2014 14:39:48] Druid Rullex has logged in.
[07/09/2014 14:40:09] Kina Rullex has logged out.
[07/09/2014 14:40:19] Kina Rullex has logged in.
[07/09/2014 14:40:43] Druidzinn has logged out.
[07/09/2014 14:40:50] Druidzinn has logged in.
[07/09/2014 14:41:25] Loss Pally has logged out.
[07/09/2014 14:41:32] Loss Pally has logged in.
[07/09/2014 14:41:55] Kina Rullex has logged out.
[07/09/2014 14:42:00] Kina Rullex has logged in.
[07/09/2014 14:42:14] Account Manager has logged in.
[07/09/2014 14:42:15] Account Manager has logged out.
[07/09/2014 14:42:21] Haddadi has logged in.
[07/09/2014 14:42:30] Druid Rullex has logged out.
[07/09/2014 14:43:10] > Broadcasted message: "Game map cleaning in 1 minute, please pick up all your items.".
[07/09/2014 14:43:12] Druidzinn has logged out.
[07/09/2014 14:43:13] > Saving server...
[07/09/2014 14:43:15] > SAVE: Complete in 2.387 seconds using relational house storage.
[07/09/2014 14:43:16] > Broadcasted message: "Para duvidas, eventos, e futuramente compras E-mail/Msn -> deathpvp@live.com.".
[07/09/2014 14:43:17] Druidzinn has logged in.
[07/09/2014 14:43:30] Kina Rullex has logged out.
[07/09/2014 14:43:34] Druid Rullex has logged in.
[07/09/2014 14:43:40] > CLEAN: Removed 123 items from 137 tiles in 0.234 seconds.
[07/09/2014 14:43:41] > Broadcasted message: "Map Cleaned.".
[07/09/2014 14:43:48] Druidzinn has logged out.
[07/09/2014 14:43:48] Druid Rullex has logged out.
[07/09/2014 14:43:57] Blackgt has logged in.
[07/09/2014 14:46:48] Druidzinn has logged in.
[07/09/2014 14:49:57] > Broadcasted message: "Ot on das 07:00 as 00:00".
[07/09/2014 14:51:11] Blackgt has logged out.
[07/09/2014 14:51:13] Blackgt has logged in.
[07/09/2014 14:52:18] Blackgt has logged out.
[07/09/2014 14:52:19] Nadador Arqueiro has logged in.
[07/09/2014 14:52:20] Blackgt has logged in.
[07/09/2014 14:52:35] Nadador Arqueiro has logged out.
[07/09/2014 14:53:25] Menina Mal has logged in.
[07/09/2014 14:53:38] Menina Mal has logged out.
[07/09/2014 14:54:28] Blackgt has logged out.
[07/09/2014 14:54:29] Blackgt has logged in.
[07/09/2014 14:54:42] Haddadi has logged out.
[07/09/2014 14:54:43] Blackgt has logged out.
[07/09/2014 14:54:45] Blackgt has logged in.
[07/09/2014 14:54:45] Haddadi has logged in.
[07/09/2014 14:55:12] Blackgt has logged out.
[07/09/2014 14:55:14] Blackgt has logged in.
[07/09/2014 14:56:38] > Broadcasted message: "Para ver a lista de proximos tutores digite !tutores.".
[07/09/2014 14:56:59] Blackgt has logged out.
[07/09/2014 14:57:02] Blackgt has logged in.
[07/09/2014 14:58:36] Hegazy has logged out.
[07/09/2014 14:59:47] Blackgt has logged out.
[07/09/2014 14:59:49] Blackgt has logged in.
[07/09/2014 14:59:51] > Broadcasted message: "Game map cleaning in 1 minute, please pick up all your items.".
[07/09/2014 15:00:17] Blackgt has logged out.
[07/09/2014 15:00:19] Blackgt has logged in.
[07/09/2014 15:00:22] > CLEAN: Removed 1847 items from 721 tiles in 0.25 seconds.
[07/09/2014 15:00:22] > Broadcasted message: "Map Cleaned.".
[07/09/2014 15:00:22] Haddadi has logged out.
[07/09/2014 15:00:35] Hegazy has logged in.
[07/09/2014 15:03:19] > Broadcasted message: "Ot on das 07:00 as 00:00".
[07/09/2014 15:03:50] Blackgt has logged out.
[07/09/2014 15:03:52] Blackgt has logged in.
[07/09/2014 15:07:39] Blackgt has logged out.
[07/09/2014 15:07:41] Blackgt has logged in.
[07/09/2014 15:07:55] Hegazy has logged out.
[07/09/2014 15:07:57] Hegazy has logged in.
[07/09/2014 15:09:37] Haddadi has logged in.
[07/09/2014 15:10:00] > Broadcasted message: "Para comprar bless digite !bless".
[07/09/2014 15:11:48] Loss Pally has logged out.
[07/09/2014 15:11:50] Loss Pally has logged in.
[07/09/2014 15:14:05] Blackgt has logged out.
[07/09/2014 15:14:07] Blackgt has logged in.
[07/09/2014 15:15:35] Blackgt has logged out.
[07/09/2014 15:15:37] Blackgt has logged in.
[07/09/2014 15:15:47] Blackgt has logged out.
[07/09/2014 15:15:48] Blackgt has logged in.
[07/09/2014 15:16:32] > Broadcasted message: "Game map cleaning in 1 minute, please pick up all your items.".
[07/09/2014 15:16:34] > Saving server...
[07/09/2014 15:16:37] > SAVE: Complete in 2.461 seconds using relational house storage.
[07/09/2014 15:16:41] > Broadcasted message: "Sempre Ao Criar Uma Conta, Pegue A RK Dela No Account Manager Da Conta E Anote, Nunca Passe A Sua Senha Para Outras Pessoas, E Ao Entrar Em Outros OT´s Crie Contas Diferentes Para Não Sofrer HACKED, Não Me Responsabilizo Por Perdas, Obrigado".
[07/09/2014 15:17:03] > CLEAN: Removed 2593 items from 816 tiles in 0.31 seconds.
[07/09/2014 15:17:03] > Broadcasted message: "Map Cleaned.".
[07/09/2014 15:17:25] Druidzinn has logged out.
[07/09/2014 15:19:31] Druidzinn has logged in.
[07/09/2014 15:19:53] Druidzinn has logged out.
[07/09/2014 15:19:55] Druidzinn has logged in.
[07/09/2014 15:20:07] Druidzinn has logged out.
[07/09/2014 15:20:10] Druidzinn has logged in.
[07/09/2014 15:23:22] > Broadcasted message: "Para duvidas, eventos, e futuramente compras E-mail/Msn -> deathpvp@live.com.".
[07/09/2014 15:24:33] Magez-linda has logged out.
[07/09/2014 15:24:35] Magez-linda has logged in.
[07/09/2014 15:26:52] Hegazy has logged out.
[07/09/2014 15:29:07] Boss-sykes has logged out.
[07/09/2014 15:29:12] Boss-sykes has logged in.
[07/09/2014 15:29:22] Loss Pally has logged out.
[07/09/2014 15:29:32] Druidzinn has logged out.
[07/09/2014 15:30:03] > Broadcasted message: "Sempre Ao Criar Uma Conta, Pegue A RK Dela No Account Manager Da Conta E Anote, Nunca Passe A Sua Senha Para Outras Pessoas, E Ao Entrar Em Outros OT´s Crie Contas Diferentes Para Não Sofrer HACKED, Não Me Responsabilizo Por Perdas, Obrigado".
[07/09/2014 15:30:13] Blackgt has logged out.
[07/09/2014 15:30:15] Blackgt has logged in.
[07/09/2014 15:32:23] Blackgt has logged out.
[07/09/2014 15:32:25] Blackgt has logged in.
[07/09/2014 15:33:13] > Broadcasted message: "Game map cleaning in 1 minute, please pick up all your items.".
[07/09/2014 15:33:44] > CLEAN: Removed 1925 items from 807 tiles in 0.307 seconds.
[07/09/2014 15:33:44] > Broadcasted message: "Map Cleaned.".
[07/09/2014 15:34:08] Loss Pally has logged in.
[07/09/2014 15:36:44] > Broadcasted message: "Para ver as noticias fale !notice".
[07/09/2014 15:37:13] Blackgt has logged out.
[07/09/2014 15:37:13] 
[07/09/2014 15:37:13] Lua Script Error: [Spell Interface] 
[07/09/2014 15:37:13] in a timer event called from: 
[07/09/2014 15:37:14] data/spells/scripts/max power rune.lua:onCastSpell
[07/09/2014 15:37:14] 
[07/09/2014 15:37:14] luaDoCombat(). Creature not found
[07/09/2014 15:37:14] 
[07/09/2014 15:37:14] Lua Script Error: [Spell Interface] 
[07/09/2014 15:37:14] in a timer event called from: 
[07/09/2014 15:37:15] data/spells/scripts/max power rune.lua:onCastSpell
[07/09/2014 15:37:15] 
[07/09/2014 15:37:15] luaDoCombat(). Creature not found
[07/09/2014 15:37:15] 
[07/09/2014 15:37:15] Lua Script Error: [Spell Interface] 
[07/09/2014 15:37:15] in a timer event called from: 
[07/09/2014 15:37:16] data/spells/scripts/max power rune.lua:onCastSpell
[07/09/2014 15:37:16] 
[07/09/2014 15:37:16] luaDoCombat(). Creature not found
[07/09/2014 15:37:16] 
[07/09/2014 15:37:16] Lua Script Error: [Spell Interface] 
[07/09/2014 15:37:16] in a timer event called from: 
[07/09/2014 15:37:17] data/spells/scripts/max power rune.lua:onCastSpell
[07/09/2014 15:37:17] 
[07/09/2014 15:37:17] luaDoCombat(). Creature not found
[07/09/2014 15:37:18] Blackgt has logged in.
[07/09/2014 15:40:25] Boss-sykes has logged out.
[07/09/2014 15:40:28] Boss-sykes has logged in.
[07/09/2014 15:42:47] Haddadi has logged out.
[07/09/2014 15:42:50] Haddadi has logged in.
[07/09/2014 15:43:25] > Broadcasted message: "Para ver a lista de proximos tutores digite !tutores.".
[07/09/2014 15:46:13] Haddadi has logged out.
[07/09/2014 15:46:16] Haddadi has logged in.
[07/09/2014 15:49:54] > Broadcasted message: "Game map cleaning in 1 minute, please pick up all your items.".
[07/09/2014 15:49:55] > Saving server...
[07/09/2014 15:49:57] > SAVE: Complete in 2.334 seconds using relational house storage.
[07/09/2014 15:50:06] > Broadcasted message: "Para ver a lista de proximos tutores digite !tutores.".
[07/09/2014 15:50:24] > CLEAN: Removed 3115 items from 929 tiles in 1.345 seconds.
[07/09/2014 15:50:26] > Broadcasted message: "Map Cleaned.".
[07/09/2014 15:52:57] Haddadi has logged out.
[07/09/2014 15:53:13] Loss Pally has logged out.
[07/09/2014 15:53:16] Loss Pally has logged in.
[07/09/2014 15:53:54] Magez-linda has logged out.
[07/09/2014 15:55:42] Druidzinn has logged in.
[07/09/2014 15:56:24] Blackgt has logged out.
[07/09/2014 15:56:47] > Broadcasted message: "Ot on das 07:00 as 00:00".
[07/09/2014 16:03:28] > Broadcasted message: "Para ver a lista de proximos tutores digite !tutores.".
[07/09/2014 16:05:49] Druidzinn has logged out.
[07/09/2014 16:05:52] Druidzinn has logged in.
[07/09/2014 16:06:15] Loss Pally has logged out.
[07/09/2014 16:06:22] Loss Pally has logged in.
[07/09/2014 16:06:35] > Broadcasted message: "Game map cleaning in 1 minute, please pick up all your items.".
[07/09/2014 16:06:49] Druidzinn has logged out.
[07/09/2014 16:07:05] > CLEAN: Removed 3466 items from 823 tiles in 0.357 seconds.
[07/09/2014 16:07:06] > Broadcasted message: "Map Cleaned.".
[07/09/2014 16:09:13] Magezinho Sapeca has logged in.
[07/09/2014 16:35:58] The Forgotten Server, version 0.3.4 (Crying Damson)
[07/09/2014 16:35:58] Sever Criado Por Alissow e Comedinha.
[07/09/2014 16:35:58] Publicidade: www.sotserv.blogspot.com <- <- <- Tudo sobre otserv.
[07/09/2014 16:35:59] Bom Jogo!!!
[07/09/2014 16:35:59] 
[07/09/2014 16:35:59] >> Debugging: nothing.
[07/09/2014 16:35:59] >> Checking software version... failed checking - malformed file.
[07/09/2014 16:36:03] 
[07/09/2014 16:36:03] >> Loading config (config.lua)
[07/09/2014 16:36:03] > Using plaintext passwords
[07/09/2014 16:36:03] >> Loading RSA key
[07/09/2014 16:36:03] >> Starting SQL connection
[07/09/2014 16:36:03] >> Running Database Manager
[07/09/2014 16:36:04] > Optimized database.
[07/09/2014 16:36:04] >> Loading items
[07/09/2014 16:36:05] >> Loading groups
[07/09/2014 16:36:05] >> Loading vocations
[07/09/2014 16:36:05] >> Loading script systems
[07/09/2014 16:36:09] >> Loading chat channels
[07/09/2014 16:36:10] >> Loading outfits
[07/09/2014 16:36:10] >> Loading experience stages
[07/09/2014 16:36:10] >> Loading monsters
[07/09/2014 16:36:14] >> Loading map and spawns...
[07/09/2014 16:36:15] > Map size: 65000x65000.
[07/09/2014 16:36:15] > Map descriptions: 
[07/09/2014 16:36:15] Saved with Remere's Map Editor 2.2
[07/09/2014 16:36:15] No map description available.
[07/09/2014 16:36:16] Duplicate uniqueId 2407
[07/09/2014 16:36:20] > Map loading time: 6.177 seconds.
[07/09/2014 16:36:21] > Data loading time: 0.53 seconds.
[07/09/2014 16:36:21] > Unserialization time for houses: 0.031 seconds.
[07/09/2014 16:36:45] > Unserialization time for map: 23.856 seconds.
[07/09/2014 16:36:46] >> Checking world type... PvP
[07/09/2014 16:36:46] >> Initializing game state modules and registering services...
[07/09/2014 16:36:47] > Global address: deathpvp.no-ip.info
[07/09/2014 16:36:47] > Local ports:
[07/09/2014 16:36:47] 7171	7172	
[07/09/2014 16:36:47] >> All modules were loaded, server starting up...
[07/09/2014 16:36:48] >> OT Death server Online!
[07/09/2014 16:36:48] 
[07/09/2014 16:42:50] > Broadcasted message: "Para esclarecer algumas duvidas digite !notice, para mais informacoes fale com um [CM]".
[07/09/2014 16:45:37] sqlite3_step(): SQLITE ERROR: columns id, world_id are not unique
[07/09/2014 16:45:39] Blackgt has logged in.
[07/09/2014 16:48:33] Blackgt has logged out.
[07/09/2014 16:48:49] Magez-linda has logged in.
[07/09/2014 16:48:57] Druid Rullex has logged in.
[07/09/2014 16:48:58] Magez-linda has logged out.
[07/09/2014 16:49:31] > Broadcasted message: "Para esclarecer algumas duvidas digite !notice, para mais informacoes fale com um [CM]".
[07/09/2014 16:52:50] > Broadcasted message: "Game map cleaning in 1 minute, please pick up all your items.".
[07/09/2014 16:53:20] > CLEAN: Removed 40 items from 120 tiles in 0.277 seconds.
[07/09/2014 16:53:21] > Broadcasted message: "Map Cleaned.".
[07/09/2014 16:56:12] > Broadcasted message: "Para duvidas, eventos, e futuramente compras E-mail/Msn -> deathpvp@live.com.".
[07/09/2014 16:57:29] Account Manager has logged in.
[07/09/2014 16:57:32] Account Manager has logged out.
[07/09/2014 16:57:37] Mc Livinho has logged in.
[07/09/2014 17:02:53] > Broadcasted message: "Para ver a lista de proximos tutores digite !tutores.".
[07/09/2014 17:05:27] Druid Rullex has logged out.
[07/09/2014 17:05:30] Meele Pally has logged in.
[07/09/2014 17:07:01] Meele Pally has logged out.
[07/09/2014 17:07:03] Meele Pally has logged in.
[07/09/2014 17:09:31] > Broadcasted message: "Game map cleaning in 1 minute, please pick up all your items.".
[07/09/2014 17:09:34] > Broadcasted message: "Novo CLIENTE = http://www.4shared.com/rar/Xvc96eOece/Death_PVP.html".
[07/09/2014 17:09:35] > Saving server...
[07/09/2014 17:09:38] > SAVE: Complete in 2.21 seconds using relational house storage.
[07/09/2014 17:10:00] Meele Pally has logged out.
[07/09/2014 17:10:02] Druid Rullex has logged in.
[07/09/2014 17:10:02] > CLEAN: Removed 15 items from 32 tiles in 0.225 seconds.
[07/09/2014 17:10:02] > Broadcasted message: "Map Cleaned.".
[07/09/2014 17:14:40] Mc Livinho has logged out.
[07/09/2014 17:15:03] Loss Pally has logged in.
[07/09/2014 17:15:30] Druidzinn has logged in.
[07/09/2014 17:15:45] Kina Rullex has logged in.
[07/09/2014 17:16:15] > Broadcasted message: "Para ver as noticias fale !notice".
[07/09/2014 17:16:19] Druidzinn has logged out.
[07/09/2014 17:16:27] Druidzinn has logged in.
[07/09/2014 17:16:58] Loss Pally has logged out.
[07/09/2014 17:17:15] Loss Pally has logged in.
[07/09/2014 17:17:48] Kina Rullex has logged out.
[07/09/2014 17:17:53] Kina Rullex has logged in.
[07/09/2014 17:18:23] Druid Rullex has logged out.
[07/09/2014 17:18:31] Druid Rullex has logged in.
[07/09/2014 17:19:03] Druidzinn has logged out.
[07/09/2014 17:19:11] Druidzinn has logged in.
[07/09/2014 17:19:38] Loss Pally has logged out.
[07/09/2014 17:19:43] Loss Pally has logged in.
[07/09/2014 17:20:18] Druid Rullex has logged out.
[07/09/2014 17:20:24] Druid Rullex has logged in.
[07/09/2014 17:21:02] Kina Rullex has logged out.
[07/09/2014 17:21:06] Kina Rullex has logged in.
[07/09/2014 17:21:44] Druidzinn has logged out.
[07/09/2014 17:21:52] Druidzinn has logged in.
[07/09/2014 17:22:19] Loss Pally has logged out.
[07/09/2014 17:22:24] Loss Pally has logged in.
[07/09/2014 17:22:51] Druid Rullex has logged out.
[07/09/2014 17:22:56] > Broadcasted message: "Para esclarecer algumas duvidas digite !notice, para mais informacoes fale com um [CM]".
[07/09/2014 17:22:57] Druid Rullex has logged in.
[07/09/2014 17:23:22] Kina Rullex has logged out.
[07/09/2014 17:23:28] Kina Rullex has logged in.
[07/09/2014 17:24:06] Druidzinn has logged out.
[07/09/2014 17:24:15] Druidzinn has logged in.
[07/09/2014 17:24:35] Loss Pally has logged out.
[07/09/2014 17:24:47] Loss Pally has logged in.
[07/09/2014 17:25:25] Druid Rullex has logged out.
[07/09/2014 17:25:35] Druid Rullex has logged in.
[07/09/2014 17:25:54] Kina Rullex has logged out.
[07/09/2014 17:26:01] Kina Rullex has logged in.
[07/09/2014 17:26:12] > Broadcasted message: "Game map cleaning in 1 minute, please pick up all your items.".
[07/09/2014 17:26:36] Druidzinn has logged out.
[07/09/2014 17:26:41] Druidzinn has logged in.
[07/09/2014 17:26:44] > CLEAN: Removed 28 items from 15 tiles in 0.683 seconds.
[07/09/2014 17:26:45] > Broadcasted message: "Map Cleaned.".
[07/09/2014 17:27:11] Loss Pally has logged out.
[07/09/2014 17:27:17] Loss Pally has logged in.
[07/09/2014 17:27:51] Druid Rullex has logged out.
[07/09/2014 17:27:59] Druid Rullex has logged in.
[07/09/2014 17:28:26] Kina Rullex has logged out.
[07/09/2014 17:28:30] Kina Rullex has logged in.
[07/09/2014 17:29:03] Druidzinn has logged out.
[07/09/2014 17:29:05] Magezinha Safadinha has logged in.
[07/09/2014 17:29:13] Druidzinn has logged in.
[07/09/2014 17:29:37] > Broadcasted message: "Sempre Ao Criar Uma Conta, Pegue A RK Dela No Account Manager Da Conta E Anote, Nunca Passe A Sua Senha Para Outras Pessoas, E Ao Entrar Em Outros OT´s Crie Contas Diferentes Para Não Sofrer HACKED, Não Me Responsabilizo Por Perdas, Obrigado".
[07/09/2014 17:30:46] Loss Pally has logged out.
[07/09/2014 17:30:55] Account Manager has logged in.
[07/09/2014 17:30:56] Account Manager has logged out.
[07/09/2014 17:31:00] Hegazy has logged in.
[07/09/2014 17:31:01] Loss Pally has logged in.
[07/09/2014 17:31:51] Druid Rullex has logged out.
[07/09/2014 17:31:55] Druid Rullex has logged in.
[07/09/2014 17:32:20] Kina Rullex has logged out.
[07/09/2014 17:32:32] Kina Rullex has logged in.
[07/09/2014 17:32:56] Druidzinn has logged out.
[07/09/2014 17:33:05] Druidzinn has logged in.
[07/09/2014 17:33:26] Loss Pally has logged out.
[07/09/2014 17:33:33] Loss Pally has logged in.
[07/09/2014 17:33:53] Druid Rullex has logged out.
[07/09/2014 17:33:56] Druid Rullex has logged in.
[07/09/2014 17:34:25] Kina Rullex has logged out.
[07/09/2014 17:34:28] Kina Rullex has logged in.
[07/09/2014 17:34:54] Druidzinn has logged out.
[07/09/2014 17:35:06] Druidzinn has logged in.
[07/09/2014 17:35:31] Veigar has logged in.
[07/09/2014 17:35:32] Druid Rullex has logged out.
[07/09/2014 17:35:34] Druid Rullex has logged in.
[07/09/2014 17:36:17] Loss Pally has logged out.
[07/09/2014 17:36:18] > Broadcasted message: "Para duvidas, eventos, e futuramente compras E-mail/Msn -> deathpvp@live.com.".
[07/09/2014 17:36:26] Loss Pally has logged in.
[07/09/2014 17:36:47] Druid Rullex has logged out.
[07/09/2014 17:37:22] Druid Rullex has logged in.
[07/09/2014 17:37:40] Kina Rullex has logged out.
[07/09/2014 17:37:48] Kina Rullex has logged in.
[07/09/2014 17:38:13] Druidzinn has logged out.
[07/09/2014 17:38:25] Druidzinn has logged in.
[07/09/2014 17:39:08] Loss Pally has logged out.
[07/09/2014 17:39:18] Loss Pally has logged in.
[07/09/2014 17:39:41] Druid Rullex has logged out.
[07/09/2014 17:39:54] Druid Rullex has logged in.
[07/09/2014 17:40:09] Kina Rullex has logged out.
[07/09/2014 17:40:14] Kina Rullex has logged in.
[07/09/2014 17:40:45] Druidzinn has logged out.
[07/09/2014 17:40:54] Druidzinn has logged in.
[07/09/2014 17:41:20] Loss Pally has logged out.
[07/09/2014 17:41:30] Loss Pally has logged in.
[07/09/2014 17:41:50] Druid Rullex has logged out.
[07/09/2014 17:42:06] Druid Rullex has logged in.
[07/09/2014 17:42:39] Kina Rullex has logged out.
[07/09/2014 17:42:44] Kina Rullex has logged in.
[07/09/2014 17:42:53] > Broadcasted message: "Game map cleaning in 1 minute, please pick up all your items.".
[07/09/2014 17:42:56] > Saving server...
[07/09/2014 17:43:05] > SAVE: Complete in 9.142 seconds using relational house storage.
[07/09/2014 17:43:06] > Broadcasted message: "Sempre Ao Criar Uma Conta, Pegue A RK Dela No Account Manager Da Conta E Anote, Nunca Passe A Sua Senha Para Outras Pessoas, E Ao Entrar Em Outros OT´s Crie Contas Diferentes Para Não Sofrer HACKED, Não Me Responsabilizo Por Perdas, Obrigado".
[07/09/2014 17:43:23] Druidzinn has logged out.
[07/09/2014 17:43:24] > CLEAN: Removed 28 items from 22 tiles in 0.286 seconds.
[07/09/2014 17:43:24] > Broadcasted message: "Map Cleaned.".
[07/09/2014 17:43:28] Veigar has logged out.
[07/09/2014 17:43:30] Veigar has logged in.
[07/09/2014 17:43:33] Druidzinn has logged in.
[07/09/2014 17:44:02] Loss Pally has logged out.
[07/09/2014 17:44:19] Loss Pally has logged in.
[07/09/2014 17:44:43] Druid Rullex has logged out.
[07/09/2014 17:44:48] Druid Rullex has logged in.
[07/09/2014 17:45:11] Kina Rullex has logged out.
[07/09/2014 17:45:25] Kina Rullex has logged in.
[07/09/2014 17:45:44] Honda has logged in.
[07/09/2014 17:45:53] Honda has logged out.
[07/09/2014 17:45:58] Honda has logged in.
[07/09/2014 17:46:11] Honda has logged out.
[07/09/2014 17:46:20] Druidzinn has logged out.
[07/09/2014 17:46:20] Loss Pally has logged out.
[07/09/2014 17:48:34] Loss Pally has logged in.
[07/09/2014 17:48:36] Druidzinn has logged in.
[07/09/2014 17:49:47] > Broadcasted message: "Para esclarecer algumas duvidas digite !notice, para mais informacoes fale com um [CM]".
[07/09/2014 17:49:56] Kina Rullex has logged out.
[07/09/2014 17:50:22] Druidzinn has logged out.
[07/09/2014 17:50:50] Magezinha Safadinha has logged out.
[07/09/2014 17:56:28] > Broadcasted message: "Para ver a lista de proximos tutores digite !tutores.".
[07/09/2014 17:59:34] > Broadcasted message: "Game map cleaning in 1 minute, please pick up all your items.".
[07/09/2014 18:00:05] > CLEAN: Removed 55 items from 116 tiles in 0.272 seconds.
[07/09/2014 18:00:05] > Broadcasted message: "Map Cleaned.".
[07/09/2014 18:01:21] Veigar has logged out.
[07/09/2014 18:02:22] Hegazy has logged out.
[07/09/2014 18:02:24] Druid Rullex has logged out.
[07/09/2014 18:02:26] Druid Rullex has logged in.
[07/09/2014 18:02:49] Druidzinn has logged in.
[07/09/2014 18:03:09] > Broadcasted message: "Novo CLIENTE = http://www.4shared.com/rar/Xvc96eOece/Death_PVP.html".
[07/09/2014 18:07:17] Druidzinn has logged out.
[07/09/2014 18:07:51] Druidzinn has logged in.
[07/09/2014 18:09:33] Druidzinn has logged out.
[07/09/2014 18:09:45] Druidzinn has logged in.
[07/09/2014 18:09:50] > Broadcasted message: "Para comprar bless digite !bless".
[07/09/2014 18:11:33] Druidzinn has logged out.
[07/09/2014 18:11:37] Druidzinn has logged in.
[07/09/2014 18:13:37] Druidzinn has logged out.
[07/09/2014 18:13:40] Haddadi has logged in.
[07/09/2014 18:14:10] Magezinha Safadinha has logged in.
[07/09/2014 18:16:15] > Broadcasted message: "Game map cleaning in 1 minute, please pick up all your items.".
[07/09/2014 18:16:17] > Saving server...
[07/09/2014 18:16:19] > SAVE: Complete in 2.106 seconds using relational house storage.
[07/09/2014 18:16:31] > Broadcasted message: "Para comprar bless digite !bless".
[07/09/2014 18:16:34] Honda has logged in.
[07/09/2014 18:16:45] > CLEAN: Removed 14 items from 26 tiles in 0.307 seconds.
[07/09/2014 18:16:46] > Broadcasted message: "Map Cleaned.".
[07/09/2014 18:17:26] Account Manager has logged in.
[07/09/2014 18:17:29] Honda has logged out.
[07/09/2014 18:17:29] Account Manager has logged out.
[07/09/2014 18:18:04] Mc Livinho has logged in.
[07/09/2014 18:18:12] Haddadi has logged out.
[07/09/2014 18:19:08] Haddadi has logged in.
[07/09/2014 18:22:44] Hegazy has logged in.
[07/09/2014 18:22:57] Mc Livinho has logged out.
[07/09/2014 18:22:59] Mc Livinho has logged in.
[07/09/2014 18:23:12] > Broadcasted message: "Para esclarecer algumas duvidas digite !notice, para mais informacoes fale com um [CM]".
[07/09/2014 18:23:24] Hegazy has logged out.
[07/09/2014 18:23:26] Hegazy has logged in.
[07/09/2014 18:23:34] Hegazy has logged out.
[07/09/2014 18:23:35] Account Manager has logged in.
[07/09/2014 18:23:58] Account Manager has logged out.
[07/09/2014 18:24:06] Hegazy has logged in.
[07/09/2014 18:25:40] Mc Livinho has logged out.
[07/09/2014 18:25:41] Mc Livinho has logged in.
[07/09/2014 18:27:18] Mc Livinho has logged out.
[07/09/2014 18:27:20] Mc Livinho has logged in.
[07/09/2014 18:27:57] Loss Pally has logged out.
[07/09/2014 18:27:58] Loss Pally has logged in.
[07/09/2014 18:28:16] Mc Livinho has logged out.
[07/09/2014 18:28:17] Mc Livinho has logged in.
[07/09/2014 18:29:53] > Broadcasted message: "Para comprar bless digite !bless".
[07/09/2014 18:31:04] Mc Livinho has logged out.
[07/09/2014 18:31:05] Mc Livinho has logged in.
[07/09/2014 18:32:09] Magezinha Safadinha has logged out.
[07/09/2014 18:32:10] Magezinha Safadinha has logged in.
[07/09/2014 18:32:56] > Broadcasted message: "Game map cleaning in 1 minute, please pick up all your items.".
[07/09/2014 18:33:26] > CLEAN: Removed 29 items from 42 tiles in 0.287 seconds.
[07/09/2014 18:33:27] > Broadcasted message: "Map Cleaned.".
[07/09/2014 18:35:13] Magezinha Safadinha has logged out.
[07/09/2014 18:35:14] Magezinha Safadinha has logged in.
[07/09/2014 18:36:34] > Broadcasted message: "Novo CLIENTE = http://www.4shared.com/rar/Xvc96eOece/Death_PVP.html".
[07/09/2014 18:36:58] Mc Livinho has logged out.
[07/09/2014 18:36:59] Mc Livinho has logged in.
[07/09/2014 18:39:35] Loss Pally has logged out.
[07/09/2014 18:40:06] Magezinha Safadinha has logged out.
[07/09/2014 18:40:07] 
[07/09/2014 18:40:07] Lua Script Error: [Spell Interface] 
[07/09/2014 18:40:07] in a timer event called from: 
[07/09/2014 18:40:07] data/spells/scripts/max power rune.lua:onCastSpell
[07/09/2014 18:40:07] 
[07/09/2014 18:40:07] luaDoCombat(). Creature not found
[07/09/2014 18:40:08] 
[07/09/2014 18:40:08] Lua Script Error: [Spell Interface] 
[07/09/2014 18:40:08] in a timer event called from: 
[07/09/2014 18:40:08] data/spells/scripts/max power rune.lua:onCastSpell
[07/09/2014 18:40:08] 
[07/09/2014 18:40:08] luaDoCombat(). Creature not found
[07/09/2014 18:40:09] 
[07/09/2014 18:40:09] Lua Script Error: [Spell Interface] 
[07/09/2014 18:40:09] in a timer event called from: 
[07/09/2014 18:40:09] data/spells/scripts/max power rune.lua:onCastSpell
[07/09/2014 18:40:10] 
[07/09/2014 18:40:10] luaDoCombat(). Creature not found
[07/09/2014 18:40:10] 
[07/09/2014 18:40:10] Lua Script Error: [Spell Interface] 
[07/09/2014 18:40:10] in a timer event called from: 
[07/09/2014 18:40:10] data/spells/scripts/max power rune.lua:onCastSpell
[07/09/2014 18:40:11] 
[07/09/2014 18:40:11] luaDoCombat(). Creature not found
[07/09/2014 18:40:11] Magezinha Safadinha has logged in.
[07/09/2014 18:40:33] Mc Livinho has logged out.
[07/09/2014 18:40:34] Mc Livinho has logged in.
[07/09/2014 18:40:41] Magezinha Safadinha has logged out.
[07/09/2014 18:40:44] Magezinha Safadinha has logged in.
[07/09/2014 18:41:26] Magezinha Safadinha has logged out.
[07/09/2014 18:41:53] Mc Livinho has logged out.
[07/09/2014 18:41:55] Mc Livinho has logged in.
[07/09/2014 18:42:15] Loss Pally has logged in.
[07/09/2014 18:42:34] Magezinha Safadinha has logged in.
[07/09/2014 18:42:48] Mc Livinho has logged out.
[07/09/2014 18:42:51] Mc Livinho has logged in.
[07/09/2014 18:43:15] > Broadcasted message: "Para ver a lista de proximos tutores digite !tutores.".
[07/09/2014 18:46:19] Druid Rullex has logged out.
[07/09/2014 18:46:21] Druid Rullex has logged in.
[07/09/2014 18:49:37] > Broadcasted message: "Game map cleaning in 1 minute, please pick up all your items.".
[07/09/2014 18:49:38] > Saving server...
[07/09/2014 18:49:41] > SAVE: Complete in 3.031 seconds using relational house storage.
[07/09/2014 18:49:56] > Broadcasted message: "Sempre Ao Criar Uma Conta, Pegue A RK Dela No Account Manager Da Conta E Anote, Nunca Passe A Sua Senha Para Outras Pessoas, E Ao Entrar Em Outros OT´s Crie Contas Diferentes Para Não Sofrer HACKED, Não Me Responsabilizo Por Perdas, Obrigado".
[07/09/2014 18:50:07] > CLEAN: Removed 44 items from 64 tiles in 0.3 seconds.
[07/09/2014 18:50:08] > Broadcasted message: "Map Cleaned.".
[07/09/2014 18:50:55] Loss Pally has logged out.
[07/09/2014 18:50:59] Loss Pally has logged in.
[07/09/2014 18:51:07] Haddadi has logged out.
[07/09/2014 18:51:09] Haddadi has logged in.
[07/09/2014 18:51:50] Mc Livinho has logged out.
[07/09/2014 18:51:52] Mc Livinho has logged in.
[07/09/2014 18:55:04] Mc Livinho has logged out.
[07/09/2014 18:55:06] Mc Livinho has logged in.
[07/09/2014 18:55:14] Haddadi has logged out.
[07/09/2014 18:55:17] Haddadi has logged in.
[07/09/2014 18:56:16] Druid Rullex has logged out.
[07/09/2014 18:56:22] Kina sapeca has logged in.
[07/09/2014 18:56:33] Kina sapeca has logged out.
[07/09/2014 18:56:35] Account Manager has logged in.
[07/09/2014 18:56:37] > Broadcasted message: "Para ver a lista de proximos tutores digite !tutores.".
[07/09/2014 18:57:11] Account Manager has logged out.
[07/09/2014 18:57:33] Druid Avassalador has logged in.
[07/09/2014 18:58:11] Haddadi has logged out.
[07/09/2014 18:58:12] Haddadi has logged in.
[07/09/2014 18:58:13] Haddadi has logged out.
[07/09/2014 18:59:20] Magezinha Safadinha has logged out.
[07/09/2014 18:59:27] Haddadi has logged in.
[07/09/2014 19:00:03] Loss Pally has logged out.
[07/09/2014 19:00:04] Loss Pally has logged in.
[07/09/2014 19:01:31] Mc Livinho has logged out.
[07/09/2014 19:01:34] Mc Livinho has logged in.
[07/09/2014 19:02:48] Loss Pally has logged out.
[07/09/2014 19:02:53] Loss Pally has logged in.
[07/09/2014 19:03:18] > Broadcasted message: "Para ver a lista de proximos tutores digite !tutores.".
[07/09/2014 19:04:05] Meele Pally has logged in.
[07/09/2014 19:05:23] Mc Livinho has logged out.
[07/09/2014 19:05:26] Mc Livinho has logged in.
[07/09/2014 19:06:00] Meele Pally has logged out.
[07/09/2014 19:06:18] > Broadcasted message: "Game map cleaning in 1 minute, please pick up all your items.".
[07/09/2014 19:06:21] Mc Livinho has logged out.
[07/09/2014 19:06:22] Mc Livinho has logged in.
[07/09/2014 19:06:41] Magez-linda has logged in.
[07/09/2014 19:06:48] > CLEAN: Removed 191 items from 279 tiles in 0.294 seconds.
[07/09/2014 19:06:49] > Broadcasted message: "Map Cleaned.".
[07/09/2014 19:07:20] Mc Livinho has logged out.
[07/09/2014 19:07:21] Mc Livinho has logged in.
[07/09/2014 19:07:57] Meele Pally has logged in.
[07/09/2014 19:08:02] Mc Livinho has logged out.
[07/09/2014 19:08:04] Mc Livinho has logged in.
[07/09/2014 19:08:07] Meele Pally has logged out.
[07/09/2014 19:09:16] Mc Livinho has logged out.
[07/09/2014 19:09:18] Mc Livinho has logged in.
[07/09/2014 19:09:59] > Broadcasted message: "Para ver as noticias fale !notice".
[07/09/2014 19:11:07] Magez-linda has logged out.
[07/09/2014 19:11:29] Menina Mal has logged in.
[07/09/2014 19:14:12] Menina Mal has logged out.
[07/09/2014 19:14:16] Menina Mal has logged in.
[07/09/2014 19:15:11] Menina Mal has logged out.
[07/09/2014 19:15:13] Menina Mal has logged in.
[07/09/2014 19:16:40] > Broadcasted message: "Para ver a lista de proximos tutores digite !tutores.".
[07/09/2014 19:17:00] Druid Rullex has logged in.
[07/09/2014 19:17:18] Hegazy has logged out.
[07/09/2014 19:17:55] Hegazy has logged in.
[07/09/2014 19:18:05] Menina Mal has logged out.
[07/09/2014 19:18:07] Menina Mal has logged in.
[07/09/2014 19:18:13] Mc Livinho has logged out.
[07/09/2014 19:20:53] Nadador Arqueiro has logged in.
[07/09/2014 19:21:47] Druid Rullex has logged out.
[07/09/2014 19:21:49] Druid Rullex has logged in.
[07/09/2014 19:22:10] Mc Livinho has logged in.
[07/09/2014 19:22:59] > Saving server...
[07/09/2014 19:23:02] > SAVE: Complete in 2.874 seconds using relational house storage.
[07/09/2014 19:23:02] > Broadcasted message: "Game map cleaning in 1 minute, please pick up all your items.".
[07/09/2014 19:23:15] Druid Rullex has logged out.
[07/09/2014 19:23:21] > Broadcasted message: "Sempre Ao Criar Uma Conta, Pegue A RK Dela No Account Manager Da Conta E Anote, Nunca Passe A Sua Senha Para Outras Pessoas, E Ao Entrar Em Outros OT´s Crie Contas Diferentes Para Não Sofrer HACKED, Não Me Responsabilizo Por Perdas, Obrigado".
[07/09/2014 19:23:23] Druid Rullex has logged in.
[07/09/2014 19:23:33] > CLEAN: Removed 76 items from 156 tiles in 0.286 seconds.
[07/09/2014 19:23:33] > Broadcasted message: "Map Cleaned.".
[07/09/2014 19:25:24] Loss Pally has logged out.
[07/09/2014 19:26:03] Druid Rullex has logged out.
[07/09/2014 19:26:13] Druid Rullex has logged in.
[07/09/2014 19:26:55] Druid Rullex has logged out.
[07/09/2014 19:27:03] Druid Rullex has logged in.
[07/09/2014 19:27:45] Druid Rullex has logged out.
[07/09/2014 19:27:57] Druid Rullex has logged in.
[07/09/2014 19:28:13] Mc Livinho has logged out.
[07/09/2014 19:28:29] Account Manager has logged in.
[07/09/2014 19:28:44] Account Manager has logged out.
[07/09/2014 19:29:09] Druid Rullex has logged out.
[07/09/2014 19:29:12] Druid Rullex has logged in.
[07/09/2014 19:29:30] Account Manager has logged in.
[07/09/2014 19:29:31] Account Manager has logged out.
[07/09/2014 19:29:36] Druid Rullex has logged out.
[07/09/2014 19:29:40] Druid Rullex has logged in.
[07/09/2014 19:30:02] Account Manager has logged in.
[07/09/2014 19:30:02] > Broadcasted message: "Para duvidas, eventos, e futuramente compras E-mail/Msn -> deathpvp@live.com.".
[07/09/2014 19:30:10] Druid Rullex has logged out.
[07/09/2014 19:30:13] Druid Rullex has logged in.
[07/09/2014 19:30:20] Account Manager has logged out.
[07/09/2014 19:30:46] Druid Rullex has logged out.
[07/09/2014 19:30:49] Druid Rullex has logged in.
[07/09/2014 19:31:04] Mc Livinho has logged in.
[07/09/2014 19:31:11] Druid Rullex has logged out.
[07/09/2014 19:31:18] Druid Rullex has logged in.
[07/09/2014 19:33:33] Mc Livinho has logged out.
[07/09/2014 19:34:07] Mc Livinho has logged in.
[07/09/2014 19:34:08] Druid Rullex has logged out.
[07/09/2014 19:34:16] Druid Rullex has logged in.
[07/09/2014 19:35:03] Mc Livinho has logged out.
[07/09/2014 19:35:07] Account Manager has logged in.
[07/09/2014 19:35:22] Menina Mal has logged out.
[07/09/2014 19:35:23] 
[07/09/2014 19:35:23] Lua Script Error: [Spell Interface] 
[07/09/2014 19:35:23] in a timer event called from: 
[07/09/2014 19:35:23] data/spells/scripts/max power rune.lua:onCastSpell
[07/09/2014 19:35:24] 
[07/09/2014 19:35:24] luaDoCombat(). Creature not found
[07/09/2014 19:35:24] 
[07/09/2014 19:35:24] Lua Script Error: [Spell Interface] 
[07/09/2014 19:35:24] in a timer event called from: 
[07/09/2014 19:35:24] data/spells/scripts/max power rune.lua:onCastSpell
[07/09/2014 19:35:24] 
[07/09/2014 19:35:25] luaDoCombat(). Creature not found
[07/09/2014 19:35:25] 
[07/09/2014 19:35:25] Lua Script Error: [Spell Interface] 
[07/09/2014 19:35:25] in a timer event called from: 
[07/09/2014 19:35:25] data/spells/scripts/max power rune.lua:onCastSpell
[07/09/2014 19:35:25] 
[07/09/2014 19:35:25] luaDoCombat(). Creature not found
[07/09/2014 19:35:26] 
[07/09/2014 19:35:26] Lua Script Error: [Spell Interface] 
[07/09/2014 19:35:26] in a timer event called from: 
[07/09/2014 19:35:26] data/spells/scripts/max power rune.lua:onCastSpell
[07/09/2014 19:35:26] 
[07/09/2014 19:35:26] luaDoCombat(). Creature not found
[07/09/2014 19:35:27] Druid Rullex has logged out.
[07/09/2014 19:35:27] Menina Mal has logged in.
[07/09/2014 19:35:40] Account Manager has logged out.
[07/09/2014 19:35:42] Druid Rullex has logged in.
[07/09/2014 19:35:44] Mc Livinho has logged in.
[07/09/2014 19:36:43] > Broadcasted message: "Para ver as noticias fale !notice".
[07/09/2014 19:37:15] Menina Mal has logged out.
[07/09/2014 19:37:26] Magez-linda has logged in.
[07/09/2014 19:38:00] Magez-linda has logged out.
[07/09/2014 19:38:30] Druid Rullex has logged out.
[07/09/2014 19:38:48] Menina Mal has logged in.
[07/09/2014 19:38:50] Druid Rullex has logged in.
[07/09/2014 19:39:43] > Broadcasted message: "Game map cleaning in 1 minute, please pick up all your items.".
[07/09/2014 19:40:12] Mc Livinho has logged out.
[07/09/2014 19:40:14] > CLEAN: Removed 41 items from 142 tiles in 0.256 seconds.
[07/09/2014 19:40:14] > Broadcasted message: "Map Cleaned.".
[07/09/2014 19:40:48] Account Manager has logged in.
[07/09/2014 19:40:59] Druid Rullex has logged out.
[07/09/2014 19:41:01] Druid Rullex has logged in.
[07/09/2014 19:41:09] Account Manager has logged out.
[07/09/2014 19:41:10] Druid Rullex has logged out.
[07/09/2014 19:41:14] Mc Livinho has logged in.
[07/09/2014 19:41:20] Druid Rullex has logged in.
[07/09/2014 19:41:55] Druid Rullex has logged out.
[07/09/2014 19:42:08] Druid Rullex has logged in.
[07/09/2014 19:43:18] Druid Rullex has logged out.
[07/09/2014 19:43:24] > Broadcasted message: "Para ver as noticias fale !notice".
[07/09/2014 19:43:25] Druid Rullex has logged in.
[07/09/2014 19:43:33] Nadador Arqueiro has logged out.
[07/09/2014 19:44:00] Druid Rullex has logged out.
[07/09/2014 19:44:06] Druid Rullex has logged in.
[07/09/2014 19:44:14] Druid Rullex has logged out.
[07/09/2014 19:44:17] Druid Rullex has logged in.
[07/09/2014 19:44:25] Druid Rullex has logged out.
[07/09/2014 19:44:28] Druid Rullex has logged in.
[07/09/2014 19:44:35] Nadador Arqueiro has logged in.
[07/09/2014 19:44:35] Druid Rullex has logged out.
[07/09/2014 19:44:43] Druid Rullex has logged in.
[07/09/2014 19:45:13] Nadador Arqueiro has logged out.
[07/09/2014 19:45:29] Haddadi has logged out.
[07/09/2014 19:46:38] Haddadi has logged in.
[07/09/2014 19:47:10] Druid Rullex has logged out.
[07/09/2014 19:47:19] Druid Rullex has logged in.
[07/09/2014 19:49:30] Druid Avassalador has logged out.
[07/09/2014 19:49:32] Druid Rullex has logged out.
[07/09/2014 19:50:05] > Broadcasted message: "Sempre Ao Criar Uma Conta, Pegue A RK Dela No Account Manager Da Conta E Anote, Nunca Passe A Sua Senha Para Outras Pessoas, E Ao Entrar Em Outros OT´s Crie Contas Diferentes Para Não Sofrer HACKED, Não Me Responsabilizo Por Perdas, Obrigado".
[07/09/2014 19:52:01] Menina Mal has logged out.
[07/09/2014 19:52:02] Menina Mal has logged in.
[07/09/2014 19:52:03] Menina Mal has logged out.
[07/09/2014 19:52:09] Magez-linda has logged in.
[07/09/2014 19:52:23] Haddadi has logged out.
[07/09/2014 19:52:25] Haddadi has logged in.
[07/09/2014 19:54:30] Account Manager has logged in.
[07/09/2014 19:54:33] Account Manager has logged out.
[07/09/2014 19:54:46] Mc Livinho has logged out.
[07/09/2014 19:54:47] Account Manager has logged in.
[07/09/2014 19:54:51] Account Manager has logged out.
[07/09/2014 19:54:53] Mc Livinho has logged in.
[07/09/2014 19:56:13] Hegazy has logged out.
[07/09/2014 19:56:15] Hegazy has logged in.
[07/09/2014 19:56:20] > Saving server...
[07/09/2014 19:56:22] > SAVE: Complete in 2.151 seconds using relational house storage.
[07/09/2014 19:56:24] > Broadcasted message: "Game map cleaning in 1 minute, please pick up all your items.".
[07/09/2014 19:56:46] > Broadcasted message: "Para esclarecer algumas duvidas digite !notice, para mais informacoes fale com um [CM]".
[07/09/2014 19:56:55] > CLEAN: Removed 61 items from 105 tiles in 0.539 seconds.
[07/09/2014 19:56:56] > Broadcasted message: "Map Cleaned.".
[07/09/2014 19:57:18] Hegazy has logged out.
[07/09/2014 19:57:20] Hegazy has logged in.
[07/09/2014 19:58:45] Hegazy has logged out.
[07/09/2014 19:58:47] Hegazy has logged in.
[07/09/2014 20:00:35] Loss Pally has logged in.
[07/09/2014 20:02:14] Hegazy has logged out.
[07/09/2014 20:02:16] Hegazy has logged in.
[07/09/2014 20:02:51] Mc Livinho has logged out.
[07/09/2014 20:02:53] Mc Livinho has logged in.
[07/09/2014 20:03:27] > Broadcasted message: "Ot on das 07:00 as 00:00".
[07/09/2014 20:03:52] Hegazy has logged out.
[07/09/2014 20:03:54] Hegazy has logged in.
[07/09/2014 20:04:14] Hegazy has logged out.
[07/09/2014 20:04:15] Account Manager has logged in.
[07/09/2014 20:04:34] Account Manager has logged out.
[07/09/2014 20:04:44] Hegazy has logged in.
[07/09/2014 20:06:08] Huntera has logged in.
[07/09/2014 20:07:54] Haddadi has logged out.
[07/09/2014 20:08:09] Hegazy has logged out.
[07/09/2014 20:08:16] Hegazy has logged in.
[07/09/2014 20:08:25] Account Manager has logged in.
[07/09/2014 20:08:29] Hegazy has logged out.
[07/09/2014 20:08:30] Account Manager has logged in.
[07/09/2014 20:08:39] Account Manager has logged out.
[07/09/2014 20:08:39] Account Manager has logged out.
[07/09/2014 20:08:48] Hegazy has logged in.
[07/09/2014 20:08:54] Hegazy has logged out.
[07/09/2014 20:08:54] Account Manager has logged in.
[07/09/2014 20:09:13] Account Manager has logged out.
[07/09/2014 20:09:20] Hegazy has logged in.
[07/09/2014 20:09:37] Haddadi has logged in.
[07/09/2014 20:10:08] > Broadcasted message: "Para ver a lista de proximos tutores digite !tutores.".
[07/09/2014 20:10:11] Haddadi has logged out.
[07/09/2014 20:10:13] Account Manager has logged in.
[07/09/2014 20:10:36] Account Manager has logged out.
[07/09/2014 20:10:38] Haddadi has logged in.
[07/09/2014 20:10:46] Haddadi has logged out.
[07/09/2014 20:11:28] Account Manager has logged in.
[07/09/2014 20:11:38] Account Manager has logged out.
[07/09/2014 20:11:40] Honda has logged in.
[07/09/2014 20:11:43] Honda has logged out.
[07/09/2014 20:11:44] Account Manager has logged in.
[07/09/2014 20:11:44] Account Manager has logged in.
[07/09/2014 20:11:58] Account Manager has logged out.
[07/09/2014 20:12:02] Account Manager has logged out.
[07/09/2014 20:12:38] Hegazy has logged out.
[07/09/2014 20:12:47] Hegazy has logged in.
[07/09/2014 20:13:05] > Broadcasted message: "Game map cleaning in 1 minute, please pick up all your items.".
[07/09/2014 20:13:11] Haddadi has logged in.
[07/09/2014 20:13:36] > CLEAN: Removed 148 items from 86 tiles in 0.218 seconds.
[07/09/2014 20:13:36] > Broadcasted message: "Map Cleaned.".
[07/09/2014 20:13:46] Haddadi has logged out.
[07/09/2014 20:14:14] Haddadi has logged in.
[07/09/2014 20:15:58] Haddadi has logged out.
[07/09/2014 20:15:59] Haddadi has logged in.
[07/09/2014 20:16:00] Haddadi has logged out.
[07/09/2014 20:16:11] Honda has logged in.
[07/09/2014 20:16:49] > Broadcasted message: "Sempre Ao Criar Uma Conta, Pegue A RK Dela No Account Manager Da Conta E Anote, Nunca Passe A Sua Senha Para Outras Pessoas, E Ao Entrar Em Outros OT´s Crie Contas Diferentes Para Não Sofrer HACKED, Não Me Responsabilizo Por Perdas, Obrigado".
[07/09/2014 20:20:57] Honda has logged out.
[07/09/2014 20:21:08] Haddadi has logged in.
[07/09/2014 20:21:58] Haddadi has logged out.
[07/09/2014 20:22:01] Haddadi has logged in.
[07/09/2014 20:23:01] Magez-linda has logged out.
[07/09/2014 20:23:30] > Broadcasted message: "Para ver as noticias fale !notice".
[07/09/2014 20:26:05] Tedd has logged in.
[07/09/2014 20:26:53] Tedd has logged out.
[07/09/2014 20:27:08] Tedd has logged in.
[07/09/2014 20:27:11] Tedd has logged out.
[07/09/2014 20:27:36] Haddadi has logged out.
[07/09/2014 20:27:47] Haddadi has logged in.
[07/09/2014 20:29:41] > Saving server...
[07/09/2014 20:29:44] > SAVE: Complete in 2.544 seconds using relational house storage.
[07/09/2014 20:29:46] > Broadcasted message: "Game map cleaning in 1 minute, please pick up all your items.".
[07/09/2014 20:30:11] > Broadcasted message: "Para duvidas, eventos, e futuramente compras E-mail/Msn -> deathpvp@live.com.".
[07/09/2014 20:30:16] > CLEAN: Removed 11 items from 19 tiles in 0.229 seconds.
[07/09/2014 20:30:16] > Broadcasted message: "Map Cleaned.".
[07/09/2014 20:33:47] Mc Livinho has logged out.
[07/09/2014 20:33:48] Mc Livinho has logged in.
[07/09/2014 20:36:52] > Broadcasted message: "Para ver as noticias fale !notice".
[07/09/2014 20:37:15] Hegazy has logged out.
[07/09/2014 20:37:17] Hegazy has logged in.
[07/09/2014 20:37:35] Magezinha Safadinha has logged in.
[07/09/2014 20:37:43] Haddadi has logged out.
[07/09/2014 20:37:46] Haddadi has logged in.
[07/09/2014 20:38:32] Mc Livinho has logged out.
[07/09/2014 20:38:33] Mc Livinho has logged in.
[07/09/2014 20:38:46] Magezinha Safadinha has logged out.
[07/09/2014 20:38:48] Magezinha Safadinha has logged in.
[07/09/2014 20:43:33] > Broadcasted message: "Para esclarecer algumas duvidas digite !notice, para mais informacoes fale com um [CM]".
[07/09/2014 20:43:41] Mc Livinho has logged out.
[07/09/2014 20:43:43] Mc Livinho has logged in.
[07/09/2014 20:46:27] > Broadcasted message: "Game map cleaning in 1 minute, please pick up all your items.".
[07/09/2014 20:46:38] Mc Livinho has logged out.
[07/09/2014 20:46:40] Mc Livinho has logged in.
[07/09/2014 20:46:57] > CLEAN: Removed 81 items from 81 tiles in 0.318 seconds.
[07/09/2014 20:46:58] > Broadcasted message: "Map Cleaned.".
[07/09/2014 20:48:55] Mc Livinho has logged out.
[07/09/2014 20:48:57] Mc Livinho has logged in.
[07/09/2014 20:49:13] Loss Pally has logged out.
[07/09/2014 20:50:14] > Broadcasted message: "Para duvidas, eventos, e futuramente compras E-mail/Msn -> deathpvp@live.com.".
[07/09/2014 20:50:54] GM Gabriel has logged in.
[07/09/2014 20:51:32] GM Gabriel has logged out.
[07/09/2014 20:51:34] Druid Nikito has logged in.
[07/09/2014 20:53:44] Haddadi has logged out.
[07/09/2014 20:53:50] Honda has logged in.
[07/09/2014 20:54:12] Magezinha Safadinha has logged out.
[07/09/2014 20:54:49] Honda has logged out.
[07/09/2014 20:54:58] Honda has logged in.
[07/09/2014 20:55:04] Loss Pally has logged in.
[07/09/2014 20:55:13] Honda has logged out.
[07/09/2014 20:55:15] Honda has logged in.
[07/09/2014 20:55:36] Honda has logged out.
[07/09/2014 20:55:38] Honda has logged in.
[07/09/2014 20:56:28] Honda has logged out.
[07/09/2014 20:56:30] Honda has logged in.
[07/09/2014 20:56:31] Honda has logged out.
[07/09/2014 20:56:39] Haddadi has logged in.
[07/09/2014 20:56:55] > Broadcasted message: "Sempre Ao Criar Uma Conta, Pegue A RK Dela No Account Manager Da Conta E Anote, Nunca Passe A Sua Senha Para Outras Pessoas, E Ao Entrar Em Outros OT´s Crie Contas Diferentes Para Não Sofrer HACKED, Não Me Responsabilizo Por Perdas, Obrigado".
[07/09/2014 20:57:47] Magezinha Safadinha has logged in.
[07/09/2014 20:58:21] Boss-sykes has logged in.
[07/09/2014 21:02:01] Mc Livinho has logged out.
[07/09/2014 21:02:02] Mc Livinho has logged in.
[07/09/2014 21:03:02] > Saving server...
[07/09/2014 21:03:05] > SAVE: Complete in 2.914 seconds using relational house storage.
[07/09/2014 21:03:08] > Broadcasted message: "Game map cleaning in 1 minute, please pick up all your items.".
[07/09/2014 21:03:36] > Broadcasted message: "Sempre Ao Criar Uma Conta, Pegue A RK Dela No Account Manager Da Conta E Anote, Nunca Passe A Sua Senha Para Outras Pessoas, E Ao Entrar Em Outros OT´s Crie Contas Diferentes Para Não Sofrer HACKED, Não Me Responsabilizo Por Perdas, Obrigado".
[07/09/2014 21:03:39] > CLEAN: Removed 1282 items from 575 tiles in 0.358 seconds.
[07/09/2014 21:03:39] > Broadcasted message: "Map Cleaned.".
[07/09/2014 21:04:55] Druid Rullex has logged in.
[07/09/2014 21:05:53] Blackgt has logged in.
[07/09/2014 21:06:38] Druid Rullex has logged out.
[07/09/2014 21:07:01] Druid Rullex has logged in.
[07/09/2014 21:10:17] > Broadcasted message: "Para comprar bless digite !bless".
[07/09/2014 21:14:26] Magezinha Safadinha has logged out.
[07/09/2014 21:14:32] Huntera has logged out.
[07/09/2014 21:14:43] Druid Nikito has logged out.
[07/09/2014 21:14:45] Druid Nikito has logged in.
[07/09/2014 21:16:58] > Broadcasted message: "Ot on das 07:00 as 00:00".
[07/09/2014 21:19:02] Druid Nikito has logged out.
[07/09/2014 21:19:04] Druid Nikito has logged in.
[07/09/2014 21:19:49] > Broadcasted message: "Game map cleaning in 1 minute, please pick up all your items.".
[07/09/2014 21:20:20] > CLEAN: Removed 3301 items from 984 tiles in 0.411 seconds.
[07/09/2014 21:20:20] > Broadcasted message: "Map Cleaned.".
[07/09/2014 21:21:54] Druid Nikito has logged out.
[07/09/2014 21:21:56] GM Gabriel has logged in.
[07/09/2014 21:22:13] GM Gabriel has logged out.
[07/09/2014 21:22:14] Druid Nikito has logged in.
[07/09/2014 21:22:21] Druid Nikito has logged out.
[07/09/2014 21:22:22] GM Gabriel has logged in.
[07/09/2014 21:23:04] Blackgt has logged out.
[07/09/2014 21:23:12] Druid Rullex has logged out.
[07/09/2014 21:23:39] > Broadcasted message: "Para ver as noticias fale !notice".
[07/09/2014 21:25:47] Boss-sykes has logged out.
[07/09/2014 21:26:10] Boss-sykes has logged in.
[07/09/2014 21:26:21] Account Manager has logged in.
[07/09/2014 21:26:24] Account Manager has logged out.
[07/09/2014 21:26:37] Mc Livinho has logged out.
[07/09/2014 21:26:39] Mc Livinho has logged in.
[07/09/2014 21:26:56] Magez-linda has logged in.
[07/09/2014 21:29:55] GM Gabriel has logged out.
[07/09/2014 21:29:58] Druid Nikito has logged in.
[07/09/2014 21:30:18] Menina Mal has logged in.
[07/09/2014 21:30:20] > Broadcasted message: "Ot on das 07:00 as 00:00".
[07/09/2014 21:30:32] Menina Mal has logged out.
[07/09/2014 21:30:35] Menina Mal has logged in.
[07/09/2014 21:30:42] Menina Mal has logged out.
[07/09/2014 21:30:44] Menina Mal has logged in.
[07/09/2014 21:30:55] Menina Mal has logged out.
[07/09/2014 21:35:14] Druid Rullex has logged in.
[07/09/2014 21:35:24] Hegazy has logged out.
[07/09/2014 21:35:29] Blackgt has logged in.
[07/09/2014 21:35:49] Mateus has logged in.
[07/09/2014 21:35:52] Druid Rullex has logged out.
[07/09/2014 21:36:05] Druid Nikito has logged out.
[07/09/2014 21:36:07] GM Gabriel has logged in.
[07/09/2014 21:36:08] Druid Rullex has logged in.
[07/09/2014 21:36:23] > Saving server...
[07/09/2014 21:36:26] > SAVE: Complete in 3.009 seconds using relational house storage.
[07/09/2014 21:36:30] > Broadcasted message: "Game map cleaning in 1 minute, please pick up all your items.".
[07/09/2014 21:37:01] > Broadcasted message: "Sempre Ao Criar Uma Conta, Pegue A RK Dela No Account Manager Da Conta E Anote, Nunca Passe A Sua Senha Para Outras Pessoas, E Ao Entrar Em Outros OT´s Crie Contas Diferentes Para Não Sofrer HACKED, Não Me Responsabilizo Por Perdas, Obrigado".
[07/09/2014 21:37:03] > CLEAN: Removed 3319 items from 956 tiles in 0.304 seconds.
[07/09/2014 21:37:03] > Broadcasted message: "Map Cleaned.".
[07/09/2014 21:37:18] Druid Rullex has logged out.
[07/09/2014 21:37:31] Druid Rullex has logged in.
[07/09/2014 21:37:34] Mc Livinho has logged out.
[07/09/2014 21:38:53] Druid Rullex has logged out.
[07/09/2014 21:39:33] Druid Rullex has logged in.
[07/09/2014 21:40:09] Druid Rullex has logged out.
[07/09/2014 21:40:25] Druid Rullex has logged in.
[07/09/2014 21:40:51] Druid Rullex has logged out.
[07/09/2014 21:41:11] Druid Rullex has logged in.
[07/09/2014 21:41:55] Druid Rullex has logged out.
[07/09/2014 21:42:23] GM Gabriel has logged out.
[07/09/2014 21:42:25] Druid Nikito has logged in.
[07/09/2014 21:42:26] > Broadcasted message: "Ice Lord esta atacando o templo com seu set perfeito.".
[07/09/2014 21:43:00] Druid Rullex has logged in.
[07/09/2014 21:43:13] Druid Nikito has logged out.
[07/09/2014 21:43:16] Druid Nikito has logged in.
[07/09/2014 21:43:31] Druid Rullex has logged out.
[07/09/2014 21:43:42] > Broadcasted message: "Para ver a lista de proximos tutores digite !tutores.".
[07/09/2014 21:43:50] Druid Rullex has logged in.
[07/09/2014 21:43:57] Druid Nikito has logged out.
[07/09/2014 21:43:59] GM Gabriel has logged in.
[07/09/2014 21:44:18] Druid Rullex has logged out.
[07/09/2014 21:44:26] Druid Rullex has logged in.
[07/09/2014 21:45:23] Druid Rullex has logged out.
[07/09/2014 21:45:44] GM Gabriel has logged out.
[07/09/2014 21:45:47] GM Gabriel has logged in.
[07/09/2014 21:45:54] Druid Rullex has logged in.
[07/09/2014 21:46:43] Druid Rullex has logged out.
[07/09/2014 21:46:45] > Saving server...
[07/09/2014 21:46:48] > SAVE: Complete in 2.818 seconds using relational house storage.
[07/09/2014 21:46:49] > CLEAN: Removed 1726 items from 873 tiles in 0.309 seconds.
[07/09/2014 21:46:51] Druid Rullex has logged in.
[07/09/2014 21:47:07] Druid Rullex has logged out.
[07/09/2014 21:47:10] Blackgt has logged out.
[07/09/2014 21:48:30] GM Gabriel has logged out.
[07/09/2014 21:48:33] Druid Nikito has logged in.
[07/09/2014 21:49:56] Druid Nikito has logged out.
[07/09/2014 21:49:59] GM Gabriel has logged in.
[07/09/2014 21:50:23] > Broadcasted message: "Para esclarecer algumas duvidas digite !notice, para mais informacoes fale com um [CM]".
[07/09/2014 21:52:06] Mateus has logged out.
[07/09/2014 21:53:09] Magez-linda has logged out.
[07/09/2014 21:53:11] > Broadcasted message: "Game map cleaning in 1 minute, please pick up all your items.".
[07/09/2014 21:53:31] Menina Mal has logged in.
[07/09/2014 21:53:41] GM Gabriel has logged out.
[07/09/2014 21:53:43] Druid Nikito has logged in.
[07/09/2014 21:53:44] > CLEAN: Removed 1060 items from 519 tiles in 1.191 seconds.
[07/09/2014 21:53:45] > Broadcasted message: "Map Cleaned.".
[07/09/2014 21:54:18] Menina Mal has logged out.
[07/09/2014 21:54:25] Magez-linda has logged in.
[07/09/2014 21:57:04] > Broadcasted message: "Ot on das 07:00 as 00:00".
[07/09/2014 21:59:48] Druid Nikito has logged out.
[07/09/2014 21:59:50] Druid Nikito has logged in.
[07/09/2014 22:00:29] Loss Pally has logged out.
[07/09/2014 22:00:59] Loss Pally has logged in.
[07/09/2014 22:03:45] > Broadcasted message: "Sempre Ao Criar Uma Conta, Pegue A RK Dela No Account Manager Da Conta E Anote, Nunca Passe A Sua Senha Para Outras Pessoas, E Ao Entrar Em Outros OT´s Crie Contas Diferentes Para Não Sofrer HACKED, Não Me Responsabilizo Por Perdas, Obrigado".
[07/09/2014 22:04:32] Druid Nikito has logged out.
[07/09/2014 22:07:14] Loss Pally has logged out.
[07/09/2014 22:09:44] Loss Pally has logged in.
[07/09/2014 22:09:44] > Saving server...
[07/09/2014 22:09:47] > SAVE: Complete in 2.298 seconds using relational house storage.
[07/09/2014 22:09:52] > Broadcasted message: "Game map cleaning in 1 minute, please pick up all your items.".
[07/09/2014 22:10:23] > CLEAN: Removed 2705 items from 881 tiles in 0.781 seconds.
[07/09/2014 22:10:25] > Broadcasted message: "Map Cleaned.".
[07/09/2014 22:10:26] > Broadcasted message: "Para ver as noticias fale !notice".
[07/09/2014 22:17:07] > Broadcasted message: "Ot on das 07:00 as 00:00".
[07/09/2014 22:20:25] Boss-sykes has logged out.
[07/09/2014 22:21:07] Boss-sykes has logged in.
[07/09/2014 22:22:21] Druid Rullex has logged in.
[07/09/2014 22:22:29] Blackgt has logged in.
[07/09/2014 22:22:36] Druid Rullex has logged out.
[07/09/2014 22:22:50] Druid Rullex has logged in.
[07/09/2014 22:23:02] Loss Pally has logged out.
[07/09/2014 22:23:04] Loss Pally has logged in.
[07/09/2014 22:23:06] Druid Rullex has logged out.
[07/09/2014 22:23:11] Druid Rullex has logged in.
[07/09/2014 22:23:27] Druid Rullex has logged out.
[07/09/2014 22:23:28] Blackgt has logged out.
[07/09/2014 22:23:32] Blackgt has logged in.
[07/09/2014 22:23:48] > Broadcasted message: "Para duvidas, eventos, e futuramente compras E-mail/Msn -> deathpvp@live.com.".
[07/09/2014 22:24:18] Haddadi has logged out.
[07/09/2014 22:24:20] Haddadi has logged in.
[07/09/2014 22:24:41] Druid Rullex has logged in.
[07/09/2014 22:24:46] Loss Pally has logged out.
[07/09/2014 22:24:48] Loss Pally has logged in.
[07/09/2014 22:25:07] Druid Rullex has logged out.
[07/09/2014 22:25:29] Druid Rullex has logged in.
[07/09/2014 22:25:48] Druid Rullex has logged out.
[07/09/2014 22:25:57] Druid Rullex has logged in.
[07/09/2014 22:26:14] Druid Rullex has logged out.
[07/09/2014 22:26:18] Druid Rullex has logged in.
[07/09/2014 22:26:33] > Broadcasted message: "Game map cleaning in 1 minute, please pick up all your items.".
[07/09/2014 22:26:35] Druid Rullex has logged out.
[07/09/2014 22:26:39] Druid Rullex has logged in.
[07/09/2014 22:26:55] Druid Rullex has logged out.
[07/09/2014 22:26:58] Druid Rullex has logged in.
[07/09/2014 22:27:04] > CLEAN: Removed 3123 items from 1041 tiles in 0.337 seconds.
[07/09/2014 22:27:04] > Broadcasted message: "Map Cleaned.".
[07/09/2014 22:27:13] Druid Rullex has logged out.
[07/09/2014 22:27:18] Druid Rullex has logged in.
[07/09/2014 22:27:33] Druid Rullex has logged out.
[07/09/2014 22:27:36] Druid Rullex has logged in.
[07/09/2014 22:28:03] Druid Rullex has logged out.
[07/09/2014 22:28:08] Druid Rullex has logged in.
[07/09/2014 22:28:24] Druid Rullex has logged out.
[07/09/2014 22:28:30] Druid Rullex has logged in.
[07/09/2014 22:28:36] Druid Rullex has logged out.
[07/09/2014 22:28:51] Magez-linda has logged out.
[07/09/2014 22:28:53] Magez-linda has logged in.
[07/09/2014 22:29:45] Loss Pally has logged out.
[07/09/2014 22:29:46] Loss Pally has logged in.
[07/09/2014 22:30:19] Loss Pally has logged out.
[07/09/2014 22:30:22] Loss Pally has logged in.
[07/09/2014 22:30:29] > Broadcasted message: "Novo CLIENTE = http://www.4shared.com/rar/Xvc96eOece/Death_PVP.html".
[07/09/2014 22:37:10] > Broadcasted message: "Para esclarecer algumas duvidas digite !notice, para mais informacoes fale com um [CM]".
[07/09/2014 22:43:05] > Saving server...
[07/09/2014 22:43:08] > SAVE: Complete in 2.565 seconds using relational house storage.
[07/09/2014 22:43:14] > Broadcasted message: "Game map cleaning in 1 minute, please pick up all your items.".
[07/09/2014 22:43:14] Magez-linda has logged out.
[07/09/2014 22:43:22] Magez-linda has logged in.
[07/09/2014 22:43:44] > CLEAN: Removed 2226 items from 716 tiles in 0.285 seconds.
[07/09/2014 22:43:45] > Broadcasted message: "Map Cleaned.".
[07/09/2014 22:43:51] > Broadcasted message: "Para comprar bless digite !bless".
[07/09/2014 22:45:12] Boss-sykes has logged out.
[07/09/2014 22:45:15] Boss-sykes has logged in.
[07/09/2014 22:46:01] Blackgt has logged out.
[07/09/2014 22:46:10] Loss Pally has logged out.
[07/09/2014 22:46:13] Loss Pally has logged in.
[07/09/2014 22:46:27] Boss-sykes has logged out.
[07/09/2014 22:50:32] > Broadcasted message: "Para ver as noticias fale !notice".
[07/09/2014 22:51:33] Mc Livinho has logged in.
[07/09/2014 22:55:13] Mc Livinho has logged out.
[07/09/2014 22:55:14] Mc Livinho has logged in.
[07/09/2014 22:57:13] > Broadcasted message: "Para esclarecer algumas duvidas digite !notice, para mais informacoes fale com um [CM]".
[07/09/2014 22:57:56] Mc Livinho has logged out.
[07/09/2014 22:57:57] Mc Livinho has logged in.
[07/09/2014 22:59:55] > Broadcasted message: "Game map cleaning in 1 minute, please pick up all your items.".
[07/09/2014 23:00:26] > CLEAN: Removed 4 items from 20 tiles in 0.245 seconds.
[07/09/2014 23:00:26] > Broadcasted message: "Map Cleaned.".
[07/09/2014 23:01:46] Black Jose has logged in.
[07/09/2014 23:03:54] > Broadcasted message: "Novo CLIENTE = http://www.4shared.com/rar/Xvc96eOece/Death_PVP.html".
[07/09/2014 23:03:57] Mc Livinho has logged out.
[07/09/2014 23:03:59] Mc Livinho has logged in.
[07/09/2014 23:06:12] Mc Livinho has logged out.
[07/09/2014 23:06:13] Mc Livinho has logged in.
[07/09/2014 23:08:35] Black Jose has logged out.
[07/09/2014 23:08:37] Black Jose has logged in.
[07/09/2014 23:08:40] Black Jose has logged out.
[07/09/2014 23:10:35] > Broadcasted message: "Para ver as noticias fale !notice".
[07/09/2014 23:16:26] > Saving server...
[07/09/2014 23:16:28] > SAVE: Complete in 2.042 seconds using relational house storage.
[07/09/2014 23:16:36] > Broadcasted message: "Game map cleaning in 1 minute, please pick up all your items.".
[07/09/2014 23:17:06] > CLEAN: Removed 22 items from 38 tiles in 0.272 seconds.
[07/09/2014 23:17:07] > Broadcasted message: "Map Cleaned.".
[07/09/2014 23:17:16] > Broadcasted message: "Para esclarecer algumas duvidas digite !notice, para mais informacoes fale com um [CM]".
[07/09/2014 23:23:57] > Broadcasted message: "Para comprar bless digite !bless".
[07/09/2014 23:29:17] Mc Livinho has logged out.
[07/09/2014 23:29:19] Mc Livinho has logged in.
[07/09/2014 23:30:38] > Broadcasted message: "Sempre Ao Criar Uma Conta, Pegue A RK Dela No Account Manager Da Conta E Anote, Nunca Passe A Sua Senha Para Outras Pessoas, E Ao Entrar Em Outros OT´s Crie Contas Diferentes Para Não Sofrer HACKED, Não Me Responsabilizo Por Perdas, Obrigado".
[07/09/2014 23:31:41] Loss Pally has logged out.
[07/09/2014 23:31:44] Loss Pally has logged in.
[07/09/2014 23:33:17] > Broadcasted message: "Game map cleaning in 1 minute, please pick up all your items.".
[07/09/2014 23:33:48] > CLEAN: Removed 30 items from 34 tiles in 0.309 seconds.
[07/09/2014 23:33:48] > Broadcasted message: "Map Cleaned.".
[07/09/2014 23:34:51] Druidzinn has logged in.
[07/09/2014 23:35:14] Druidzinn has logged out.
[07/09/2014 23:35:30] Druidzinn has logged in.
[07/09/2014 23:35:58] Druidzinn has logged out.
[07/09/2014 23:36:19] Druidzinn has logged in.
[07/09/2014 23:36:39] Druidzinn has logged out.
[07/09/2014 23:36:58] Druidzinn has logged in.
[07/09/2014 23:37:19] Druidzinn has logged out.
[07/09/2014 23:37:20] > Broadcasted message: "Novo CLIENTE = http://www.4shared.com/rar/Xvc96eOece/Death_PVP.html".
[07/09/2014 23:37:29] Druidzinn has logged in.
[07/09/2014 23:37:53] Druidzinn has logged out.
[07/09/2014 23:38:10] Druidzinn has logged in.
[07/09/2014 23:38:35] Mc Livinho has logged out.
[07/09/2014 23:38:36] Druidzinn has logged out.
[07/09/2014 23:38:38] Mc Livinho has logged in.
[07/09/2014 23:39:00] Druidzinn has logged in.
[07/09/2014 23:39:21] Druidzinn has logged out.
[07/09/2014 23:41:08] Loss Pally has logged out.
[07/09/2014 23:44:01] > Broadcasted message: "Sempre Ao Criar Uma Conta, Pegue A RK Dela No Account Manager Da Conta E Anote, Nunca Passe A Sua Senha Para Outras Pessoas, E Ao Entrar Em Outros OT´s Crie Contas Diferentes Para Não Sofrer HACKED, Não Me Responsabilizo Por Perdas, Obrigado".
[07/09/2014 23:45:31] Mc Livinho has logged out.
[07/09/2014 23:45:33] Mc Livinho has logged in.
[07/09/2014 23:49:47] > Saving server...
[07/09/2014 23:49:49] > SAVE: Complete in 1.802 seconds using relational house storage.
[07/09/2014 23:49:58] > Broadcasted message: "Game map cleaning in 1 minute, please pick up all your items.".
[07/09/2014 23:50:29] > CLEAN: Removed 62 items from 59 tiles in 0.23 seconds.
[07/09/2014 23:50:29] > Broadcasted message: "Map Cleaned.".
[07/09/2014 23:50:42] > Broadcasted message: "Ot on das 07:00 as 00:00".
[07/09/2014 23:57:23] > Broadcasted message: "Para esclarecer algumas duvidas digite !notice, para mais informacoes fale com um [CM]".
[07/09/2014 23:58:42] Magez-linda has logged out.
