[14/09/2014 00:01:02] > Broadcasted message: "Para duvidas, eventos, e futuramente compras E-mail/Msn -> deathpvp@live.com.".
[14/09/2014 00:01:18] Blackgt has logged out.
[14/09/2014 00:01:37] Ice-kess has logged out.
[14/09/2014 00:01:54] > Saving server...
[14/09/2014 00:01:56] > SAVE: Complete in 1.486 seconds using relational house storage.
[14/09/2014 00:02:04] > Broadcasted message: "Game map cleaning in 1 minute, please pick up all your items.".
[14/09/2014 00:02:35] > CLEAN: Removed 14 items from 25 tiles in 0.177 seconds.
[14/09/2014 00:02:35] > Broadcasted message: "Map Cleaned.".
[14/09/2014 00:02:43] > Broadcasted message: "Sempre Ao Criar Uma Conta, Pegue A RK Dela No Account Manager Da Conta E Anote, Nunca Passe A Sua Senha Para Outras Pessoas, E Ao Entrar Em Outros OT´s Crie Contas Diferentes Para Não Sofrer HACKED, Não Me Responsabilizo Por Perdas, Obrigado".
[14/09/2014 00:04:24] > Broadcasted message: "Novo CLIENTE = http://www.4shared.com/rar/Xvc96eOece/Death_PVP.html".
[14/09/2014 00:06:05] > Broadcasted message: "Ot on das 07:00 as 00:00".
[14/09/2014 00:06:39] > Broadcasted message: "Para ver as noticias fale !notice".
[14/09/2014 00:07:46] > Broadcasted message: "Para comprar bless digite !bless".
[14/09/2014 00:09:27] > Broadcasted message: "Para duvidas, eventos, e futuramente compras E-mail/Msn -> deathpvp@live.com.".
[14/09/2014 00:11:08] > Broadcasted message: "Sempre Ao Criar Uma Conta, Pegue A RK Dela No Account Manager Da Conta E Anote, Nunca Passe A Sua Senha Para Outras Pessoas, E Ao Entrar Em Outros OT´s Crie Contas Diferentes Para Não Sofrer HACKED, Não Me Responsabilizo Por Perdas, Obrigado".
[14/09/2014 00:12:49] > Broadcasted message: "Para duvidas, eventos, e futuramente compras E-mail/Msn -> deathpvp@live.com.".
[14/09/2014 00:13:20] > Broadcasted message: "Para duvidas, eventos, e futuramente compras E-mail/Msn -> deathpvp@live.com.".
[14/09/2014 00:13:38] Account Manager has logged in.
[14/09/2014 00:14:23] Account Manager has logged out.
[14/09/2014 00:14:30] Mc Livinho has logged in.
[14/09/2014 00:14:30] > Broadcasted message: "Novo CLIENTE = http://www.4shared.com/rar/Xvc96eOece/Death_PVP.html".
[14/09/2014 00:16:11] > Broadcasted message: "Sempre Ao Criar Uma Conta, Pegue A RK Dela No Account Manager Da Conta E Anote, Nunca Passe A Sua Senha Para Outras Pessoas, E Ao Entrar Em Outros OT´s Crie Contas Diferentes Para Não Sofrer HACKED, Não Me Responsabilizo Por Perdas, Obrigado".
[14/09/2014 00:17:52] > Broadcasted message: "Para comprar bless digite !bless".
[14/09/2014 00:18:45] > Broadcasted message: "Game map cleaning in 1 minute, please pick up all your items.".
[14/09/2014 00:19:16] > CLEAN: Removed 0 items from 1 tile in 0.506 seconds.
[14/09/2014 00:19:17] > Broadcasted message: "Map Cleaned.".
[14/09/2014 00:19:33] > Broadcasted message: "Sempre Ao Criar Uma Conta, Pegue A RK Dela No Account Manager Da Conta E Anote, Nunca Passe A Sua Senha Para Outras Pessoas, E Ao Entrar Em Outros OT´s Crie Contas Diferentes Para Não Sofrer HACKED, Não Me Responsabilizo Por Perdas, Obrigado".
[14/09/2014 00:20:01] > Broadcasted message: "Novo CLIENTE = http://www.4shared.com/rar/Xvc96eOece/Death_PVP.html".
[14/09/2014 00:21:14] > Broadcasted message: "Para ver a lista de proximos tutores digite !tutores.".
[14/09/2014 00:22:55] > Broadcasted message: "Para comprar bless digite !bless".
[14/09/2014 00:24:36] > Broadcasted message: "Para esclarecer algumas duvidas digite !notice, para mais informacoes fale com um [CM]".
[14/09/2014 00:25:15] > Saving server...
[14/09/2014 00:25:17] > SAVE: Complete in 1.706 seconds using relational house storage.
[14/09/2014 00:25:54] Mc Livinho has logged out.
[14/09/2014 00:25:54] > Saving server...
[14/09/2014 00:25:55] > SAVE: Complete in 1.426 seconds using relational house storage.
[14/09/2014 00:25:56] Preparing to shutdown server..
[14/09/2014 00:25:58] .
[14/09/2014 00:25:58] Exiting
[14/09/2014 12:24:00] The Forgotten Server, version 0.3.4 (Crying Damson)
[14/09/2014 12:24:00] Sever Criado Por Alissow e Comedinha.
[14/09/2014 12:24:00] Publicidade: www.sotserv.blogspot.com <- <- <- Tudo sobre otserv.
[14/09/2014 12:24:01] Bom Jogo!!!
[14/09/2014 12:24:01] 
[14/09/2014 12:24:01] >> Debugging: nothing.
[14/09/2014 12:24:01] >> Checking software version... failed checking - malformed file.
[14/09/2014 12:24:02] 
[14/09/2014 12:24:02] >> Loading config (config.lua)
[14/09/2014 12:24:02] > Using plaintext passwords
[14/09/2014 12:24:02] >> Loading RSA key
[14/09/2014 12:24:02] >> Starting SQL connection
[14/09/2014 12:24:02] >> Running Database Manager
[14/09/2014 12:24:04] > Optimized database.
[14/09/2014 12:24:04] >> Loading items
[14/09/2014 12:24:04] >> Loading groups
[14/09/2014 12:24:04] >> Loading vocations
[14/09/2014 12:24:04] >> Loading script systems
[14/09/2014 12:24:08] >> Loading chat channels
[14/09/2014 12:24:08] >> Loading outfits
[14/09/2014 12:24:08] >> Loading experience stages
[14/09/2014 12:24:08] >> Loading monsters
[14/09/2014 12:24:11] >> Loading map and spawns...
[14/09/2014 12:24:12] > Map size: 65000x65000.
[14/09/2014 12:24:12] > Map descriptions: 
[14/09/2014 12:24:12] Saved with Remere's Map Editor 2.2
[14/09/2014 12:24:13] No map description available.
[14/09/2014 12:24:13] Duplicate uniqueId 2407
[14/09/2014 12:24:17] > Map loading time: 5.224 seconds.
[14/09/2014 12:24:18] > Data loading time: 0.75 seconds.
[14/09/2014 12:24:18] > Unserialization time for houses: 0.031 seconds.
[14/09/2014 12:24:40] > Unserialization time for map: 22.411 seconds.
[14/09/2014 12:24:41] >> Checking world type... PvP
[14/09/2014 12:24:41] >> Initializing game state modules and registering services...
[14/09/2014 12:24:41] > Global address: deathpvp.no-ip.info
[14/09/2014 12:24:42] > Local ports:
[14/09/2014 12:24:42] 7171	7172	
[14/09/2014 12:24:42] >> All modules were loaded, server starting up...
[14/09/2014 12:24:42] >> OT Death server Online!
[14/09/2014 12:24:42] 
[14/09/2014 12:25:49] > Broadcasted message: "Para ver as noticias fale !notice".
[14/09/2014 12:27:30] > Broadcasted message: "Novo CLIENTE = http://www.4shared.com/rar/Xvc96eOece/Death_PVP.html".
[14/09/2014 12:29:11] > Broadcasted message: "Sempre Ao Criar Uma Conta, Pegue A RK Dela No Account Manager Da Conta E Anote, Nunca Passe A Sua Senha Para Outras Pessoas, E Ao Entrar Em Outros OT´s Crie Contas Diferentes Para Não Sofrer HACKED, Não Me Responsabilizo Por Perdas, Obrigado".
[14/09/2014 12:30:49] > Broadcasted message: "Ot on das 07:00 as 00:00".
[14/09/2014 12:30:52] > Broadcasted message: "Para ver a lista de proximos tutores digite !tutores.".
[14/09/2014 12:32:33] > Broadcasted message: "Para esclarecer algumas duvidas digite !notice, para mais informacoes fale com um [CM]".
[14/09/2014 12:34:14] > Broadcasted message: "Para comprar bless digite !bless".
[14/09/2014 12:35:55] > Broadcasted message: "Novo CLIENTE = http://www.4shared.com/rar/Xvc96eOece/Death_PVP.html".
[14/09/2014 12:37:30] > Broadcasted message: "Sempre Ao Criar Uma Conta, Pegue A RK Dela No Account Manager Da Conta E Anote, Nunca Passe A Sua Senha Para Outras Pessoas, E Ao Entrar Em Outros OT´s Crie Contas Diferentes Para Não Sofrer HACKED, Não Me Responsabilizo Por Perdas, Obrigado".
[14/09/2014 12:37:36] > Broadcasted message: "Para ver as noticias fale !notice".
[14/09/2014 12:39:17] > Broadcasted message: "Para esclarecer algumas duvidas digite !notice, para mais informacoes fale com um [CM]".
[14/09/2014 12:40:49] > Broadcasted message: "Game map cleaning in 1 minute, please pick up all your items.".
[14/09/2014 12:40:58] > Broadcasted message: "Para ver a lista de proximos tutores digite !tutores.".
[14/09/2014 12:41:20] > CLEAN: Removed 0 items from 88 tiles in 0.188 seconds.
[14/09/2014 12:41:20] > Broadcasted message: "Map Cleaned.".
[14/09/2014 12:42:39] > Broadcasted message: "Novo CLIENTE = http://www.4shared.com/rar/Xvc96eOece/Death_PVP.html".
[14/09/2014 12:44:11] > Broadcasted message: "Para esclarecer algumas duvidas digite !notice, para mais informacoes fale com um [CM]".
[14/09/2014 12:44:20] > Broadcasted message: "Sempre Ao Criar Uma Conta, Pegue A RK Dela No Account Manager Da Conta E Anote, Nunca Passe A Sua Senha Para Outras Pessoas, E Ao Entrar Em Outros OT´s Crie Contas Diferentes Para Não Sofrer HACKED, Não Me Responsabilizo Por Perdas, Obrigado".
[14/09/2014 12:46:01] > Broadcasted message: "Para ver as noticias fale !notice".
[14/09/2014 12:47:34] > Saving server...
[14/09/2014 12:47:36] > SAVE: Complete in 1.522 seconds using relational house storage.
[14/09/2014 12:47:42] > Broadcasted message: "Sempre Ao Criar Uma Conta, Pegue A RK Dela No Account Manager Da Conta E Anote, Nunca Passe A Sua Senha Para Outras Pessoas, E Ao Entrar Em Outros OT´s Crie Contas Diferentes Para Não Sofrer HACKED, Não Me Responsabilizo Por Perdas, Obrigado".
[14/09/2014 12:49:23] > Broadcasted message: "Para duvidas, eventos, e futuramente compras E-mail/Msn -> deathpvp@live.com.".
[14/09/2014 12:50:52] > Broadcasted message: "Sempre Ao Criar Uma Conta, Pegue A RK Dela No Account Manager Da Conta E Anote, Nunca Passe A Sua Senha Para Outras Pessoas, E Ao Entrar Em Outros OT´s Crie Contas Diferentes Para Não Sofrer HACKED, Não Me Responsabilizo Por Perdas, Obrigado".
[14/09/2014 12:51:04] > Broadcasted message: "Para ver as noticias fale !notice".
[14/09/2014 12:52:45] > Broadcasted message: "Ot on das 07:00 as 00:00".
[14/09/2014 12:54:26] > Broadcasted message: "Para ver as noticias fale !notice".
[14/09/2014 12:54:54] sqlite3_step(): SQLITE ERROR: columns id, world_id are not unique
[14/09/2014 12:55:19] Yakuza has logged in.
[14/09/2014 12:55:20] Yakuza has logged out.
[14/09/2014 12:55:28] Yakuza has logged in.
[14/09/2014 12:55:29] Yakuza has logged out.
[14/09/2014 12:55:38] Mlk Piranha has logged in.
[14/09/2014 12:55:38] Mlk Piranha has logged out.
[14/09/2014 12:55:45] Account Manager has logged in.
[14/09/2014 12:55:46] Account Manager has logged out.
[14/09/2014 12:56:07] > Broadcasted message: "Sempre Ao Criar Uma Conta, Pegue A RK Dela No Account Manager Da Conta E Anote, Nunca Passe A Sua Senha Para Outras Pessoas, E Ao Entrar Em Outros OT´s Crie Contas Diferentes Para Não Sofrer HACKED, Não Me Responsabilizo Por Perdas, Obrigado".
[14/09/2014 12:57:30] > Broadcasted message: "Game map cleaning in 1 minute, please pick up all your items.".
[14/09/2014 12:57:30] Account Manager has logged in.
[14/09/2014 12:57:31] Account Manager has logged out.
[14/09/2014 12:57:33] > Broadcasted message: "Ot on das 07:00 as 00:00".
[14/09/2014 12:57:48] > Broadcasted message: "Sempre Ao Criar Uma Conta, Pegue A RK Dela No Account Manager Da Conta E Anote, Nunca Passe A Sua Senha Para Outras Pessoas, E Ao Entrar Em Outros OT´s Crie Contas Diferentes Para Não Sofrer HACKED, Não Me Responsabilizo Por Perdas, Obrigado".
[14/09/2014 12:58:00] > CLEAN: Removed 0 items from 0 tiles in 0.182 seconds.
[14/09/2014 12:58:01] > Broadcasted message: "Map Cleaned.".
[14/09/2014 12:59:29] > Broadcasted message: "Para esclarecer algumas duvidas digite !notice, para mais informacoes fale com um [CM]".
[14/09/2014 13:01:10] > Broadcasted message: "Sempre Ao Criar Uma Conta, Pegue A RK Dela No Account Manager Da Conta E Anote, Nunca Passe A Sua Senha Para Outras Pessoas, E Ao Entrar Em Outros OT´s Crie Contas Diferentes Para Não Sofrer HACKED, Não Me Responsabilizo Por Perdas, Obrigado".
[14/09/2014 13:02:51] > Broadcasted message: "Novo CLIENTE = http://www.4shared.com/rar/Xvc96eOece/Death_PVP.html".
[14/09/2014 13:04:14] > Broadcasted message: "Para ver a lista de proximos tutores digite !tutores.".
[14/09/2014 13:04:32] > Broadcasted message: "Para esclarecer algumas duvidas digite !notice, para mais informacoes fale com um [CM]".
[14/09/2014 13:06:13] > Broadcasted message: "Para ver as noticias fale !notice".
[14/09/2014 13:07:37] Blackgt has logged in.
[14/09/2014 13:07:54] > Broadcasted message: "Novo CLIENTE = http://www.4shared.com/rar/Xvc96eOece/Death_PVP.html".
[14/09/2014 13:09:35] > Broadcasted message: "Ot on das 07:00 as 00:00".
[14/09/2014 13:10:55] > Saving server...
[14/09/2014 13:10:56] > SAVE: Complete in 1.63 seconds using relational house storage.
[14/09/2014 13:10:57] > Broadcasted message: "Sempre Ao Criar Uma Conta, Pegue A RK Dela No Account Manager Da Conta E Anote, Nunca Passe A Sua Senha Para Outras Pessoas, E Ao Entrar Em Outros OT´s Crie Contas Diferentes Para Não Sofrer HACKED, Não Me Responsabilizo Por Perdas, Obrigado".
[14/09/2014 13:11:16] > Broadcasted message: "Para comprar bless digite !bless".
[14/09/2014 13:12:57] > Broadcasted message: "Ot on das 07:00 as 00:00".
[14/09/2014 13:14:11] > Broadcasted message: "Game map cleaning in 1 minute, please pick up all your items.".
[14/09/2014 13:14:38] > Broadcasted message: "Novo CLIENTE = http://www.4shared.com/rar/Xvc96eOece/Death_PVP.html".
[14/09/2014 13:14:42] > CLEAN: Removed 0 items from 0 tiles in 0.193 seconds.
[14/09/2014 13:14:42] > Broadcasted message: "Map Cleaned.".
[14/09/2014 13:16:15] Account Manager has logged in.
[14/09/2014 13:16:16] Account Manager has logged out.
[14/09/2014 13:16:19] > Broadcasted message: "Ot on das 07:00 as 00:00".
[14/09/2014 13:16:25] Haddadi has logged in.
[14/09/2014 13:17:38] > Broadcasted message: "Para ver a lista de proximos tutores digite !tutores.".
[14/09/2014 13:18:00] > Broadcasted message: "Para ver a lista de proximos tutores digite !tutores.".
[14/09/2014 13:19:41] > Broadcasted message: "Para esclarecer algumas duvidas digite !notice, para mais informacoes fale com um [CM]".
[14/09/2014 13:21:22] > Broadcasted message: "Ot on das 07:00 as 00:00".
[14/09/2014 13:22:33] Blackgt has logged out.
[14/09/2014 13:22:35] Blackgt has logged in.
[14/09/2014 13:23:03] > Broadcasted message: "Para ver as noticias fale !notice".
[14/09/2014 13:24:19] > Broadcasted message: "Para ver as noticias fale !notice".
[14/09/2014 13:24:37] Secret Circle has logged in.
[14/09/2014 13:24:44] > Broadcasted message: "Para comprar bless digite !bless".
[14/09/2014 13:26:25] > Broadcasted message: "Para ver a lista de proximos tutores digite !tutores.".
[14/09/2014 13:28:06] > Broadcasted message: "Para comprar bless digite !bless".
[14/09/2014 13:29:02] Druid Avassalador has logged in.
[14/09/2014 13:29:47] > Broadcasted message: "Para duvidas, eventos, e futuramente compras E-mail/Msn -> deathpvp@live.com.".
[14/09/2014 13:30:52] > Broadcasted message: "Game map cleaning in 1 minute, please pick up all your items.".
[14/09/2014 13:31:00] > Broadcasted message: "Sempre Ao Criar Uma Conta, Pegue A RK Dela No Account Manager Da Conta E Anote, Nunca Passe A Sua Senha Para Outras Pessoas, E Ao Entrar Em Outros OT´s Crie Contas Diferentes Para Não Sofrer HACKED, Não Me Responsabilizo Por Perdas, Obrigado".
[14/09/2014 13:31:22] > CLEAN: Removed 1 item from 16 tiles in 0.194 seconds.
[14/09/2014 13:31:23] > Broadcasted message: "Map Cleaned.".
[14/09/2014 13:31:28] > Broadcasted message: "Para comprar bless digite !bless".
[14/09/2014 13:32:58] Blackgt has logged out.
[14/09/2014 13:33:00] Blackgt has logged in.
[14/09/2014 13:33:09] > Broadcasted message: "Para duvidas, eventos, e futuramente compras E-mail/Msn -> deathpvp@live.com.".
[14/09/2014 13:34:16] > Saving server...
[14/09/2014 13:34:18] > SAVE: Complete in 2.101 seconds using relational house storage.
[14/09/2014 13:34:50] > Broadcasted message: "Para duvidas, eventos, e futuramente compras E-mail/Msn -> deathpvp@live.com.".
[14/09/2014 13:35:49] Secret Circle has logged out.
[14/09/2014 13:35:50] Secret Circle has logged in.
[14/09/2014 13:36:31] > Broadcasted message: "Para esclarecer algumas duvidas digite !notice, para mais informacoes fale com um [CM]".
[14/09/2014 13:37:41] > Broadcasted message: "Para esclarecer algumas duvidas digite !notice, para mais informacoes fale com um [CM]".
[14/09/2014 13:38:12] > Broadcasted message: "Para duvidas, eventos, e futuramente compras E-mail/Msn -> deathpvp@live.com.".
[14/09/2014 13:38:58] Secret Circle has logged out.
[14/09/2014 13:39:29] Magez-linda has logged in.
[14/09/2014 13:39:53] > Broadcasted message: "Para esclarecer algumas duvidas digite !notice, para mais informacoes fale com um [CM]".
[14/09/2014 13:41:34] > Broadcasted message: "Novo CLIENTE = http://www.4shared.com/rar/Xvc96eOece/Death_PVP.html".
[14/09/2014 13:42:37] Blackgt has logged out.
[14/09/2014 13:42:39] Blackgt has logged in.
[14/09/2014 13:42:46] Druid Avassalador has logged out.
[14/09/2014 13:43:15] > Broadcasted message: "Para ver a lista de proximos tutores digite !tutores.".
[14/09/2014 13:44:11] Nadador Arqueiro has logged in.
[14/09/2014 13:44:22] > Broadcasted message: "Para esclarecer algumas duvidas digite !notice, para mais informacoes fale com um [CM]".
[14/09/2014 13:44:56] > Broadcasted message: "Para duvidas, eventos, e futuramente compras E-mail/Msn -> deathpvp@live.com.".
[14/09/2014 13:46:37] > Broadcasted message: "Para esclarecer algumas duvidas digite !notice, para mais informacoes fale com um [CM]".
[14/09/2014 13:47:33] > Broadcasted message: "Game map cleaning in 1 minute, please pick up all your items.".
[14/09/2014 13:48:05] > CLEAN: Removed 76 items from 176 tiles in 0.625 seconds.
[14/09/2014 13:48:06] > Broadcasted message: "Map Cleaned.".
[14/09/2014 13:48:18] > Broadcasted message: "Ot on das 07:00 as 00:00".
[14/09/2014 13:49:59] > Broadcasted message: "Para duvidas, eventos, e futuramente compras E-mail/Msn -> deathpvp@live.com.".
[14/09/2014 13:51:03] > Broadcasted message: "Para esclarecer algumas duvidas digite !notice, para mais informacoes fale com um [CM]".
[14/09/2014 13:51:40] > Broadcasted message: "Novo CLIENTE = http://www.4shared.com/rar/Xvc96eOece/Death_PVP.html".
[14/09/2014 13:53:21] > Broadcasted message: "Ot on das 07:00 as 00:00".
[14/09/2014 13:55:02] > Broadcasted message: "Para ver a lista de proximos tutores digite !tutores.".
[14/09/2014 13:56:43] > Broadcasted message: "Ot on das 07:00 as 00:00".
[14/09/2014 13:57:37] > Saving server...
[14/09/2014 13:57:39] > SAVE: Complete in 1.97 seconds using relational house storage.
[14/09/2014 13:57:44] > Broadcasted message: "Para ver as noticias fale !notice".
[14/09/2014 13:58:24] > Broadcasted message: "Para duvidas, eventos, e futuramente compras E-mail/Msn -> deathpvp@live.com.".
[14/09/2014 13:59:12] Blackgt has logged out.
[14/09/2014 14:00:05] > Broadcasted message: "Ot on das 07:00 as 00:00".
[14/09/2014 14:00:43] Account Manager has logged in.
[14/09/2014 14:01:30] Account Manager has logged out.
[14/09/2014 14:01:35] Mc Livinho has logged in.
[14/09/2014 14:01:46] > Broadcasted message: "Para esclarecer algumas duvidas digite !notice, para mais informacoes fale com um [CM]".
[14/09/2014 14:02:26] Haddadi has logged out.
[14/09/2014 14:02:27] Haddadi has logged in.
[14/09/2014 14:02:28] Haddadi has logged out.
[14/09/2014 14:03:27] > Broadcasted message: "Para ver as noticias fale !notice".
[14/09/2014 14:04:14] > Broadcasted message: "Game map cleaning in 1 minute, please pick up all your items.".
[14/09/2014 14:04:25] > Broadcasted message: "Sempre Ao Criar Uma Conta, Pegue A RK Dela No Account Manager Da Conta E Anote, Nunca Passe A Sua Senha Para Outras Pessoas, E Ao Entrar Em Outros OT´s Crie Contas Diferentes Para Não Sofrer HACKED, Não Me Responsabilizo Por Perdas, Obrigado".
[14/09/2014 14:04:44] > CLEAN: Removed 6 items from 9 tiles in 0.177 seconds.
[14/09/2014 14:04:44] > Broadcasted message: "Map Cleaned.".
[14/09/2014 14:05:08] > Broadcasted message: "Sempre Ao Criar Uma Conta, Pegue A RK Dela No Account Manager Da Conta E Anote, Nunca Passe A Sua Senha Para Outras Pessoas, E Ao Entrar Em Outros OT´s Crie Contas Diferentes Para Não Sofrer HACKED, Não Me Responsabilizo Por Perdas, Obrigado".
[14/09/2014 14:06:49] > Broadcasted message: "Para ver a lista de proximos tutores digite !tutores.".
[14/09/2014 14:08:30] > Broadcasted message: "Para comprar bless digite !bless".
[14/09/2014 14:10:11] > Broadcasted message: "Para ver as noticias fale !notice".
[14/09/2014 14:10:18] Nadador Arqueiro has logged out.
[14/09/2014 14:11:06] > Broadcasted message: "Para ver a lista de proximos tutores digite !tutores.".
[14/09/2014 14:11:34] Magez-linda has logged out.
[14/09/2014 14:11:52] > Broadcasted message: "Ot on das 07:00 as 00:00".
[14/09/2014 14:13:33] > Broadcasted message: "Para esclarecer algumas duvidas digite !notice, para mais informacoes fale com um [CM]".
[14/09/2014 14:15:14] > Broadcasted message: "Para comprar bless digite !bless".
[14/09/2014 14:16:31] Mc Livinho has logged out.
[14/09/2014 14:16:32] Mc Livinho has logged in.
[14/09/2014 14:16:55] > Broadcasted message: "Novo CLIENTE = http://www.4shared.com/rar/Xvc96eOece/Death_PVP.html".
[14/09/2014 14:17:47] > Broadcasted message: "Para ver a lista de proximos tutores digite !tutores.".
[14/09/2014 14:18:36] > Broadcasted message: "Para esclarecer algumas duvidas digite !notice, para mais informacoes fale com um [CM]".
[14/09/2014 14:20:17] > Broadcasted message: "Novo CLIENTE = http://www.4shared.com/rar/Xvc96eOece/Death_PVP.html".
[14/09/2014 14:20:55] > Broadcasted message: "Game map cleaning in 1 minute, please pick up all your items.".
[14/09/2014 14:20:58] > Saving server...
[14/09/2014 14:21:00] > SAVE: Complete in 1.376 seconds using relational house storage.
[14/09/2014 14:21:26] > CLEAN: Removed 0 items from 3 tiles in 0.195 seconds.
[14/09/2014 14:21:26] > Broadcasted message: "Map Cleaned.".
[14/09/2014 14:21:58] > Broadcasted message: "Para ver as noticias fale !notice".
[14/09/2014 14:23:39] > Broadcasted message: "Para comprar bless digite !bless".
[14/09/2014 14:24:28] > Broadcasted message: "Para ver a lista de proximos tutores digite !tutores.".
[14/09/2014 14:25:20] > Broadcasted message: "Para esclarecer algumas duvidas digite !notice, para mais informacoes fale com um [CM]".
[14/09/2014 14:27:01] > Broadcasted message: "Para duvidas, eventos, e futuramente compras E-mail/Msn -> deathpvp@live.com.".
[14/09/2014 14:28:42] > Broadcasted message: "Sempre Ao Criar Uma Conta, Pegue A RK Dela No Account Manager Da Conta E Anote, Nunca Passe A Sua Senha Para Outras Pessoas, E Ao Entrar Em Outros OT´s Crie Contas Diferentes Para Não Sofrer HACKED, Não Me Responsabilizo Por Perdas, Obrigado".
[14/09/2014 14:29:44] Account Manager has logged in.
[14/09/2014 14:29:46] Account Manager has logged out.
[14/09/2014 14:30:23] > Broadcasted message: "Ot on das 07:00 as 00:00".
[14/09/2014 14:31:09] > Broadcasted message: "Para esclarecer algumas duvidas digite !notice, para mais informacoes fale com um [CM]".
[14/09/2014 14:32:04] > Broadcasted message: "Para esclarecer algumas duvidas digite !notice, para mais informacoes fale com um [CM]".
[14/09/2014 14:32:25] Blackgt has logged in.
[14/09/2014 14:32:53] Lucas has logged in.
[14/09/2014 14:33:45] > Broadcasted message: "Para esclarecer algumas duvidas digite !notice, para mais informacoes fale com um [CM]".
[14/09/2014 14:35:26] > Broadcasted message: "Para esclarecer algumas duvidas digite !notice, para mais informacoes fale com um [CM]".
[14/09/2014 14:35:42] Lucas has logged out.
[14/09/2014 14:35:44] Lucas has logged in.
[14/09/2014 14:36:03] Blackgt has logged out.
[14/09/2014 14:36:05] Blackgt has logged in.
[14/09/2014 14:37:04] Lucas has logged out.
[14/09/2014 14:37:04] 
[14/09/2014 14:37:04] Lua Script Error: [CreatureScript Interface] 
[14/09/2014 14:37:05] data/creaturescripts/scripts/playerdeath.lua:onDeath
[14/09/2014 14:37:05] 
[14/09/2014 14:37:05] luaGetCreatureName(). Creature not found
[14/09/2014 14:37:05] Blackgt has logged out.
[14/09/2014 14:37:06] Lucas has logged in.
[14/09/2014 14:37:07] > Broadcasted message: "Para comprar bless digite !bless".
[14/09/2014 14:37:07] Blackgt has logged in.
[14/09/2014 14:37:21] Lucas has logged out.
[14/09/2014 14:37:22] Lucas has logged in.
[14/09/2014 14:37:36] > Broadcasted message: "Game map cleaning in 1 minute, please pick up all your items.".
[14/09/2014 14:37:50] > Broadcasted message: "Para ver as noticias fale !notice".
[14/09/2014 14:37:59] Blackgt has logged out.
[14/09/2014 14:38:00] Blackgt has logged in.
[14/09/2014 14:38:07] > CLEAN: Removed 46 items from 55 tiles in 0.19 seconds.
[14/09/2014 14:38:07] > Broadcasted message: "Map Cleaned.".
[14/09/2014 14:38:48] > Broadcasted message: "Sempre Ao Criar Uma Conta, Pegue A RK Dela No Account Manager Da Conta E Anote, Nunca Passe A Sua Senha Para Outras Pessoas, E Ao Entrar Em Outros OT´s Crie Contas Diferentes Para Não Sofrer HACKED, Não Me Responsabilizo Por Perdas, Obrigado".
[14/09/2014 14:40:05] Blackgt has logged out.
[14/09/2014 14:40:29] > Broadcasted message: "Novo CLIENTE = http://www.4shared.com/rar/Xvc96eOece/Death_PVP.html".
[14/09/2014 14:41:54] Secret Circle has logged in.
[14/09/2014 14:42:10] > Broadcasted message: "Para ver a lista de proximos tutores digite !tutores.".
[14/09/2014 14:43:51] > Broadcasted message: "Para esclarecer algumas duvidas digite !notice, para mais informacoes fale com um [CM]".
[14/09/2014 14:44:19] > Saving server...
[14/09/2014 14:44:21] > SAVE: Complete in 1.84 seconds using relational house storage.
[14/09/2014 14:44:31] > Broadcasted message: "Para ver a lista de proximos tutores digite !tutores.".
[14/09/2014 14:45:32] > Broadcasted message: "Ot on das 07:00 as 00:00".
[14/09/2014 14:46:12] Mc Livinho has logged out.
[14/09/2014 14:47:13] > Broadcasted message: "Sempre Ao Criar Uma Conta, Pegue A RK Dela No Account Manager Da Conta E Anote, Nunca Passe A Sua Senha Para Outras Pessoas, E Ao Entrar Em Outros OT´s Crie Contas Diferentes Para Não Sofrer HACKED, Não Me Responsabilizo Por Perdas, Obrigado".
[14/09/2014 14:48:54] > Broadcasted message: "Para ver a lista de proximos tutores digite !tutores.".
[14/09/2014 14:49:51] Lucas has logged out.
[14/09/2014 14:49:53] Lucas has logged in.
[14/09/2014 14:50:35] > Broadcasted message: "Para duvidas, eventos, e futuramente compras E-mail/Msn -> deathpvp@live.com.".
[14/09/2014 14:51:05] Lucas has logged out.
[14/09/2014 14:51:07] Lucas has logged in.
[14/09/2014 14:51:12] > Broadcasted message: "Ot on das 07:00 as 00:00".
[14/09/2014 14:51:46] Lucas has logged out.
[14/09/2014 14:51:47] Lucas has logged in.
[14/09/2014 14:52:16] > Broadcasted message: "Para ver a lista de proximos tutores digite !tutores.".
[14/09/2014 14:53:57] > Broadcasted message: "Novo CLIENTE = http://www.4shared.com/rar/Xvc96eOece/Death_PVP.html".
[14/09/2014 14:54:17] > Broadcasted message: "Game map cleaning in 1 minute, please pick up all your items.".
[14/09/2014 14:54:47] > CLEAN: Removed 196 items from 152 tiles in 0.201 seconds.
[14/09/2014 14:54:48] > Broadcasted message: "Map Cleaned.".
[14/09/2014 14:55:38] > Broadcasted message: "Para ver as noticias fale !notice".
[14/09/2014 14:57:19] > Broadcasted message: "Para ver a lista de proximos tutores digite !tutores.".
[14/09/2014 14:57:53] > Broadcasted message: "Para duvidas, eventos, e futuramente compras E-mail/Msn -> deathpvp@live.com.".
[14/09/2014 14:59:00] > Broadcasted message: "Ot on das 07:00 as 00:00".
[14/09/2014 15:00:41] > Broadcasted message: "Para esclarecer algumas duvidas digite !notice, para mais informacoes fale com um [CM]".
[14/09/2014 15:02:22] > Broadcasted message: "Para esclarecer algumas duvidas digite !notice, para mais informacoes fale com um [CM]".
[14/09/2014 15:04:03] > Broadcasted message: "Sempre Ao Criar Uma Conta, Pegue A RK Dela No Account Manager Da Conta E Anote, Nunca Passe A Sua Senha Para Outras Pessoas, E Ao Entrar Em Outros OT´s Crie Contas Diferentes Para Não Sofrer HACKED, Não Me Responsabilizo Por Perdas, Obrigado".
[14/09/2014 15:04:34] > Broadcasted message: "Para esclarecer algumas duvidas digite !notice, para mais informacoes fale com um [CM]".
[14/09/2014 15:05:44] > Broadcasted message: "Para duvidas, eventos, e futuramente compras E-mail/Msn -> deathpvp@live.com.".
[14/09/2014 15:05:45] Nadador Arqueiro has logged in.
[14/09/2014 15:06:04] Nadador Arqueiro has logged out.
[14/09/2014 15:06:07] Nadador Arqueiro has logged in.
[14/09/2014 15:06:48] Nadador Arqueiro has logged out.
[14/09/2014 15:06:50] Nadador Arqueiro has logged in.
[14/09/2014 15:07:25] > Broadcasted message: "Para comprar bless digite !bless".
[14/09/2014 15:07:40] > Saving server...
[14/09/2014 15:07:42] > SAVE: Complete in 2.013 seconds using relational house storage.
[14/09/2014 15:08:12] Haddadi has logged in.
[14/09/2014 15:09:06] > Broadcasted message: "Novo CLIENTE = http://www.4shared.com/rar/Xvc96eOece/Death_PVP.html".
[14/09/2014 15:10:47] > Broadcasted message: "Novo CLIENTE = http://www.4shared.com/rar/Xvc96eOece/Death_PVP.html".
[14/09/2014 15:10:58] > Broadcasted message: "Game map cleaning in 1 minute, please pick up all your items.".
[14/09/2014 15:11:14] Nadador Arqueiro has logged out.
[14/09/2014 15:11:15] > Broadcasted message: "Novo CLIENTE = http://www.4shared.com/rar/Xvc96eOece/Death_PVP.html".
[14/09/2014 15:11:16] Nadador Arqueiro has logged in.
[14/09/2014 15:11:28] > CLEAN: Removed 3 items from 8 tiles in 0.189 seconds.
[14/09/2014 15:11:28] > Broadcasted message: "Map Cleaned.".
[14/09/2014 15:11:45] Haddadi has logged out.
[14/09/2014 15:11:46] Haddadi has logged in.
[14/09/2014 15:11:47] Haddadi has logged out.
[14/09/2014 15:12:28] > Broadcasted message: "Sempre Ao Criar Uma Conta, Pegue A RK Dela No Account Manager Da Conta E Anote, Nunca Passe A Sua Senha Para Outras Pessoas, E Ao Entrar Em Outros OT´s Crie Contas Diferentes Para Não Sofrer HACKED, Não Me Responsabilizo Por Perdas, Obrigado".
[14/09/2014 15:14:09] > Broadcasted message: "Para ver a lista de proximos tutores digite !tutores.".
[14/09/2014 15:15:50] > Broadcasted message: "Para ver as noticias fale !notice".
[14/09/2014 15:17:31] > Broadcasted message: "Ot on das 07:00 as 00:00".
[14/09/2014 15:17:56] > Broadcasted message: "Novo CLIENTE = http://www.4shared.com/rar/Xvc96eOece/Death_PVP.html".
[14/09/2014 15:18:05] Lucas has logged out.
[14/09/2014 15:19:12] > Broadcasted message: "Para ver as noticias fale !notice".
[14/09/2014 15:20:53] > Broadcasted message: "Para esclarecer algumas duvidas digite !notice, para mais informacoes fale com um [CM]".
[14/09/2014 15:22:34] > Broadcasted message: "Sempre Ao Criar Uma Conta, Pegue A RK Dela No Account Manager Da Conta E Anote, Nunca Passe A Sua Senha Para Outras Pessoas, E Ao Entrar Em Outros OT´s Crie Contas Diferentes Para Não Sofrer HACKED, Não Me Responsabilizo Por Perdas, Obrigado".
[14/09/2014 15:24:15] > Broadcasted message: "Novo CLIENTE = http://www.4shared.com/rar/Xvc96eOece/Death_PVP.html".
[14/09/2014 15:24:37] > Broadcasted message: "Para ver as noticias fale !notice".
[14/09/2014 15:25:56] > Broadcasted message: "Para ver as noticias fale !notice".
[14/09/2014 15:27:32] Mc Livinho has logged in.
[14/09/2014 15:27:37] > Broadcasted message: "Para duvidas, eventos, e futuramente compras E-mail/Msn -> deathpvp@live.com.".
[14/09/2014 15:27:39] > Broadcasted message: "Game map cleaning in 1 minute, please pick up all your items.".
[14/09/2014 15:28:09] > CLEAN: Removed 398 items from 394 tiles in 0.268 seconds.
[14/09/2014 15:28:10] > Broadcasted message: "Map Cleaned.".
[14/09/2014 15:29:18] > Broadcasted message: "Novo CLIENTE = http://www.4shared.com/rar/Xvc96eOece/Death_PVP.html".
[14/09/2014 15:30:34] Mc Livinho has logged out.
[14/09/2014 15:30:35] Mc Livinho has logged in.
[14/09/2014 15:30:59] > Broadcasted message: "Para ver a lista de proximos tutores digite !tutores.".
[14/09/2014 15:31:01] > Saving server...
[14/09/2014 15:31:03] > SAVE: Complete in 1.995 seconds using relational house storage.
[14/09/2014 15:31:18] > Broadcasted message: "Sempre Ao Criar Uma Conta, Pegue A RK Dela No Account Manager Da Conta E Anote, Nunca Passe A Sua Senha Para Outras Pessoas, E Ao Entrar Em Outros OT´s Crie Contas Diferentes Para Não Sofrer HACKED, Não Me Responsabilizo Por Perdas, Obrigado".
[14/09/2014 15:32:40] > Broadcasted message: "Para comprar bless digite !bless".
[14/09/2014 15:34:03] Mc Livinho has logged out.
[14/09/2014 15:34:04] Mc Livinho has logged in.
[14/09/2014 15:34:21] > Broadcasted message: "Ot on das 07:00 as 00:00".
[14/09/2014 15:36:02] > Broadcasted message: "Para ver as noticias fale !notice".
[14/09/2014 15:37:43] > Broadcasted message: "Para comprar bless digite !bless".
[14/09/2014 15:37:59] > Broadcasted message: "Ot on das 07:00 as 00:00".
[14/09/2014 15:39:24] > Broadcasted message: "Ot on das 07:00 as 00:00".
[14/09/2014 15:40:11] Nadador Arqueiro has logged out.
[14/09/2014 15:40:13] Nadador Arqueiro has logged in.
[14/09/2014 15:41:05] > Broadcasted message: "Para ver as noticias fale !notice".
[14/09/2014 15:42:46] > Broadcasted message: "Para esclarecer algumas duvidas digite !notice, para mais informacoes fale com um [CM]".
[14/09/2014 15:44:20] > Broadcasted message: "Game map cleaning in 1 minute, please pick up all your items.".
[14/09/2014 15:44:27] > Broadcasted message: "Para esclarecer algumas duvidas digite !notice, para mais informacoes fale com um [CM]".
[14/09/2014 15:44:40] > Broadcasted message: "Novo CLIENTE = http://www.4shared.com/rar/Xvc96eOece/Death_PVP.html".
[14/09/2014 15:44:50] > CLEAN: Removed 31 items from 48 tiles in 0.229 seconds.
[14/09/2014 15:44:50] > Broadcasted message: "Map Cleaned.".
[14/09/2014 15:45:23] Nadador Arqueiro has logged out.
[14/09/2014 15:45:25] Nadador Arqueiro has logged in.
[14/09/2014 15:46:08] > Broadcasted message: "Sempre Ao Criar Uma Conta, Pegue A RK Dela No Account Manager Da Conta E Anote, Nunca Passe A Sua Senha Para Outras Pessoas, E Ao Entrar Em Outros OT´s Crie Contas Diferentes Para Não Sofrer HACKED, Não Me Responsabilizo Por Perdas, Obrigado".
[14/09/2014 15:47:21] Secret Circle has logged out.
[14/09/2014 15:47:49] > Broadcasted message: "Para esclarecer algumas duvidas digite !notice, para mais informacoes fale com um [CM]".
[14/09/2014 15:49:30] > Broadcasted message: "Ot on das 07:00 as 00:00".
[14/09/2014 15:51:11] > Broadcasted message: "Novo CLIENTE = http://www.4shared.com/rar/Xvc96eOece/Death_PVP.html".
[14/09/2014 15:51:21] > Broadcasted message: "Novo CLIENTE = http://www.4shared.com/rar/Xvc96eOece/Death_PVP.html".
[14/09/2014 15:52:52] > Broadcasted message: "Para ver as noticias fale !notice".
[14/09/2014 15:54:22] > Saving server...
[14/09/2014 15:54:24] > SAVE: Complete in 1.83 seconds using relational house storage.
[14/09/2014 15:54:25] Nadador Arqueiro has logged out.
[14/09/2014 15:54:33] > Broadcasted message: "Para ver a lista de proximos tutores digite !tutores.".
[14/09/2014 15:56:14] > Broadcasted message: "Para duvidas, eventos, e futuramente compras E-mail/Msn -> deathpvp@live.com.".
[14/09/2014 15:57:55] > Broadcasted message: "Novo CLIENTE = http://www.4shared.com/rar/Xvc96eOece/Death_PVP.html".
[14/09/2014 15:58:02] > Broadcasted message: "Para duvidas, eventos, e futuramente compras E-mail/Msn -> deathpvp@live.com.".
[14/09/2014 15:59:08] Lucas has logged in.
[14/09/2014 15:59:36] > Broadcasted message: "Para comprar bless digite !bless".
[14/09/2014 16:01:01] > Broadcasted message: "Game map cleaning in 1 minute, please pick up all your items.".
[14/09/2014 16:01:17] > Broadcasted message: "Para comprar bless digite !bless".
[14/09/2014 16:01:31] > CLEAN: Removed 5 items from 10 tiles in 0.212 seconds.
[14/09/2014 16:01:31] > Broadcasted message: "Map Cleaned.".
[14/09/2014 16:02:58] > Broadcasted message: "Para esclarecer algumas duvidas digite !notice, para mais informacoes fale com um [CM]".
[14/09/2014 16:04:08] Mc Livinho has logged out.
[14/09/2014 16:04:39] > Broadcasted message: "Para ver as noticias fale !notice".
[14/09/2014 16:04:43] > Broadcasted message: "Novo CLIENTE = http://www.4shared.com/rar/Xvc96eOece/Death_PVP.html".
[14/09/2014 16:06:20] > Broadcasted message: "Para comprar bless digite !bless".
[14/09/2014 16:08:01] > Broadcasted message: "Para duvidas, eventos, e futuramente compras E-mail/Msn -> deathpvp@live.com.".
[14/09/2014 16:09:42] > Broadcasted message: "Para ver a lista de proximos tutores digite !tutores.".
[14/09/2014 16:11:23] > Broadcasted message: "Ot on das 07:00 as 00:00".
[14/09/2014 16:11:24] > Broadcasted message: "Para duvidas, eventos, e futuramente compras E-mail/Msn -> deathpvp@live.com.".
[14/09/2014 16:13:04] > Broadcasted message: "Para ver a lista de proximos tutores digite !tutores.".
[14/09/2014 16:14:45] > Broadcasted message: "Para ver as noticias fale !notice".
[14/09/2014 16:16:16] Lucas has logged out.
[14/09/2014 16:16:26] > Broadcasted message: "Para comprar bless digite !bless".
[14/09/2014 16:17:42] > Broadcasted message: "Game map cleaning in 1 minute, please pick up all your items.".
[14/09/2014 16:17:43] > Saving server...
[14/09/2014 16:17:45] > SAVE: Complete in 1.44 seconds using relational house storage.
[14/09/2014 16:17:57] Lucas has logged in.
[14/09/2014 16:18:05] > Broadcasted message: "Para comprar bless digite !bless".
[14/09/2014 16:18:07] > Broadcasted message: "Para duvidas, eventos, e futuramente compras E-mail/Msn -> deathpvp@live.com.".
[14/09/2014 16:18:12] > CLEAN: Removed 0 items from 2 tiles in 0.222 seconds.
[14/09/2014 16:18:13] > Broadcasted message: "Map Cleaned.".
[14/09/2014 16:19:48] > Broadcasted message: "Para ver a lista de proximos tutores digite !tutores.".
[14/09/2014 16:21:29] > Broadcasted message: "Para comprar bless digite !bless".
[14/09/2014 16:23:10] > Broadcasted message: "Ot on das 07:00 as 00:00".
[14/09/2014 16:23:14] Nadador Arqueiro has logged in.
[14/09/2014 16:24:46] > Broadcasted message: "Para ver as noticias fale !notice".
[14/09/2014 16:24:51] > Broadcasted message: "Ot on das 07:00 as 00:00".
[14/09/2014 16:26:32] > Broadcasted message: "Para esclarecer algumas duvidas digite !notice, para mais informacoes fale com um [CM]".
[14/09/2014 16:28:13] > Broadcasted message: "Para ver as noticias fale !notice".
[14/09/2014 16:29:54] > Broadcasted message: "Novo CLIENTE = http://www.4shared.com/rar/Xvc96eOece/Death_PVP.html".
[14/09/2014 16:31:27] > Broadcasted message: "Sempre Ao Criar Uma Conta, Pegue A RK Dela No Account Manager Da Conta E Anote, Nunca Passe A Sua Senha Para Outras Pessoas, E Ao Entrar Em Outros OT´s Crie Contas Diferentes Para Não Sofrer HACKED, Não Me Responsabilizo Por Perdas, Obrigado".
[14/09/2014 16:31:35] > Broadcasted message: "Sempre Ao Criar Uma Conta, Pegue A RK Dela No Account Manager Da Conta E Anote, Nunca Passe A Sua Senha Para Outras Pessoas, E Ao Entrar Em Outros OT´s Crie Contas Diferentes Para Não Sofrer HACKED, Não Me Responsabilizo Por Perdas, Obrigado".
[14/09/2014 16:33:16] > Broadcasted message: "Para duvidas, eventos, e futuramente compras E-mail/Msn -> deathpvp@live.com.".
[14/09/2014 16:33:54] Nadador Druid has logged in.
[14/09/2014 16:34:08] Lucas has logged out.
[14/09/2014 16:34:23] > Broadcasted message: "Game map cleaning in 1 minute, please pick up all your items.".
[14/09/2014 16:34:53] > CLEAN: Removed 8 items from 19 tiles in 0.208 seconds.
[14/09/2014 16:34:54] > Broadcasted message: "Map Cleaned.".
[14/09/2014 16:34:57] > Broadcasted message: "Para comprar bless digite !bless".
[14/09/2014 16:34:58] Nadador Arqueiro has logged out.
[14/09/2014 16:35:08] Nadador Druid has logged out.
[14/09/2014 16:35:13] Nadador Arqueiro has logged in.
[14/09/2014 16:35:59] Nadador Druid has logged in.
[14/09/2014 16:36:30] Nadador Arqueiro has logged out.
[14/09/2014 16:36:38] > Broadcasted message: "Para ver as noticias fale !notice".
[14/09/2014 16:36:44] Nadador Druid has logged out.
[14/09/2014 16:36:52] Nadador Arqueiro has logged in.
[14/09/2014 16:38:08] > Broadcasted message: "Para comprar bless digite !bless".
[14/09/2014 16:38:19] > Broadcasted message: "Para ver as noticias fale !notice".
[14/09/2014 16:38:25] Nadador Arqueiro has logged out.
[14/09/2014 16:38:37] Nadador Arqueiro has logged in.
[14/09/2014 16:39:14] Nadador Druid has logged in.
[14/09/2014 16:40:00] > Broadcasted message: "Para esclarecer algumas duvidas digite !notice, para mais informacoes fale com um [CM]".
[14/09/2014 16:40:10] Nadador Arqueiro has logged out.
[14/09/2014 16:41:04] > Saving server...
[14/09/2014 16:41:06] > SAVE: Complete in 1.715 seconds using relational house storage.
[14/09/2014 16:41:41] > Broadcasted message: "Para duvidas, eventos, e futuramente compras E-mail/Msn -> deathpvp@live.com.".
[14/09/2014 16:43:22] > Broadcasted message: "Para esclarecer algumas duvidas digite !notice, para mais informacoes fale com um [CM]".
[14/09/2014 16:44:49] > Broadcasted message: "Para ver a lista de proximos tutores digite !tutores.".
[14/09/2014 16:45:03] > Broadcasted message: "Para duvidas, eventos, e futuramente compras E-mail/Msn -> deathpvp@live.com.".
[14/09/2014 16:46:44] > Broadcasted message: "Para esclarecer algumas duvidas digite !notice, para mais informacoes fale com um [CM]".
[14/09/2014 16:48:25] > Broadcasted message: "Para ver a lista de proximos tutores digite !tutores.".
[14/09/2014 16:50:06] > Broadcasted message: "Para duvidas, eventos, e futuramente compras E-mail/Msn -> deathpvp@live.com.".
[14/09/2014 16:50:19] Nadador Druid has logged out.
[14/09/2014 16:50:20] Nadador Druid has logged in.
[14/09/2014 16:50:25] Nadador Druid has logged out.
[14/09/2014 16:50:37] Nadador Arqueiro has logged in.
[14/09/2014 16:51:04] > Broadcasted message: "Game map cleaning in 1 minute, please pick up all your items.".
[14/09/2014 16:51:30] > Broadcasted message: "Para ver a lista de proximos tutores digite !tutores.".
[14/09/2014 16:51:35] > CLEAN: Removed 23 items from 76 tiles in 0.375 seconds.
[14/09/2014 16:51:35] > Broadcasted message: "Map Cleaned.".
[14/09/2014 16:51:47] > Broadcasted message: "Para ver as noticias fale !notice".
[14/09/2014 16:51:49] Account Manager has logged in.
[14/09/2014 16:51:50] Account Manager has logged out.
[14/09/2014 16:52:56] Nadador Druid has logged in.
[14/09/2014 16:53:06] Nadador Arqueiro has logged out.
[14/09/2014 16:53:09] Nadador Druid has logged out.
[14/09/2014 16:53:20] Nadador Arqueiro has logged in.
[14/09/2014 16:53:28] > Broadcasted message: "Para ver as noticias fale !notice".
[14/09/2014 16:53:41] Nadador Druid has logged in.
[14/09/2014 16:54:06] Nadador Arqueiro has logged out.
[14/09/2014 16:55:09] > Broadcasted message: "Novo CLIENTE = http://www.4shared.com/rar/Xvc96eOece/Death_PVP.html".
[14/09/2014 16:56:50] > Broadcasted message: "Para esclarecer algumas duvidas digite !notice, para mais informacoes fale com um [CM]".
[14/09/2014 16:58:11] > Broadcasted message: "Para ver a lista de proximos tutores digite !tutores.".
[14/09/2014 16:58:31] > Broadcasted message: "Sempre Ao Criar Uma Conta, Pegue A RK Dela No Account Manager Da Conta E Anote, Nunca Passe A Sua Senha Para Outras Pessoas, E Ao Entrar Em Outros OT´s Crie Contas Diferentes Para Não Sofrer HACKED, Não Me Responsabilizo Por Perdas, Obrigado".
[14/09/2014 17:00:12] > Broadcasted message: "Para ver as noticias fale !notice".
[14/09/2014 17:01:53] > Broadcasted message: "Sempre Ao Criar Uma Conta, Pegue A RK Dela No Account Manager Da Conta E Anote, Nunca Passe A Sua Senha Para Outras Pessoas, E Ao Entrar Em Outros OT´s Crie Contas Diferentes Para Não Sofrer HACKED, Não Me Responsabilizo Por Perdas, Obrigado".
[14/09/2014 17:03:34] > Broadcasted message: "Para esclarecer algumas duvidas digite !notice, para mais informacoes fale com um [CM]".
[14/09/2014 17:03:38] Lucas has logged in.
[14/09/2014 17:04:25] > Saving server...
[14/09/2014 17:04:27] > SAVE: Complete in 1.759 seconds using relational house storage.
[14/09/2014 17:04:52] > Broadcasted message: "Novo CLIENTE = http://www.4shared.com/rar/Xvc96eOece/Death_PVP.html".
[14/09/2014 17:05:15] > Broadcasted message: "Novo CLIENTE = http://www.4shared.com/rar/Xvc96eOece/Death_PVP.html".
[14/09/2014 17:06:56] > Broadcasted message: "Para comprar bless digite !bless".
[14/09/2014 17:07:45] > Broadcasted message: "Game map cleaning in 1 minute, please pick up all your items.".
[14/09/2014 17:08:16] > CLEAN: Removed 746 items from 482 tiles in 0.339 seconds.
[14/09/2014 17:08:16] > Broadcasted message: "Map Cleaned.".
[14/09/2014 17:08:37] > Broadcasted message: "Para duvidas, eventos, e futuramente compras E-mail/Msn -> deathpvp@live.com.".
[14/09/2014 17:10:18] > Broadcasted message: "Sempre Ao Criar Uma Conta, Pegue A RK Dela No Account Manager Da Conta E Anote, Nunca Passe A Sua Senha Para Outras Pessoas, E Ao Entrar Em Outros OT´s Crie Contas Diferentes Para Não Sofrer HACKED, Não Me Responsabilizo Por Perdas, Obrigado".
[14/09/2014 17:10:27] Nadador Druid has logged out.
[14/09/2014 17:10:33] Nadador Arqueiro has logged in.
[14/09/2014 17:11:04] Nadador Druid has logged in.
[14/09/2014 17:11:28] Nadador Arqueiro has logged out.
[14/09/2014 17:11:33] > Broadcasted message: "Sempre Ao Criar Uma Conta, Pegue A RK Dela No Account Manager Da Conta E Anote, Nunca Passe A Sua Senha Para Outras Pessoas, E Ao Entrar Em Outros OT´s Crie Contas Diferentes Para Não Sofrer HACKED, Não Me Responsabilizo Por Perdas, Obrigado".
[14/09/2014 17:11:42] Nadador Druid has logged out.
[14/09/2014 17:11:59] > Broadcasted message: "Sempre Ao Criar Uma Conta, Pegue A RK Dela No Account Manager Da Conta E Anote, Nunca Passe A Sua Senha Para Outras Pessoas, E Ao Entrar Em Outros OT´s Crie Contas Diferentes Para Não Sofrer HACKED, Não Me Responsabilizo Por Perdas, Obrigado".
[14/09/2014 17:12:07] Nadador Arqueiro has logged in.
[14/09/2014 17:12:37] Nadador Druid has logged in.
[14/09/2014 17:13:02] Nadador Arqueiro has logged out.
[14/09/2014 17:13:40] > Broadcasted message: "Para ver a lista de proximos tutores digite !tutores.".
[14/09/2014 17:15:21] > Broadcasted message: "Ot on das 07:00 as 00:00".
[14/09/2014 17:17:02] > Broadcasted message: "Novo CLIENTE = http://www.4shared.com/rar/Xvc96eOece/Death_PVP.html".
[14/09/2014 17:18:14] > Broadcasted message: "Para ver a lista de proximos tutores digite !tutores.".
[14/09/2014 17:18:43] > Broadcasted message: "Para comprar bless digite !bless".
[14/09/2014 17:19:55] Lucas has logged out.
[14/09/2014 17:20:24] > Broadcasted message: "Ot on das 07:00 as 00:00".
[14/09/2014 17:22:05] > Broadcasted message: "Para comprar bless digite !bless".
[14/09/2014 17:23:46] > Broadcasted message: "Ot on das 07:00 as 00:00".
[14/09/2014 17:24:26] > Broadcasted message: "Game map cleaning in 1 minute, please pick up all your items.".
[14/09/2014 17:24:55] > Broadcasted message: "Para ver a lista de proximos tutores digite !tutores.".
[14/09/2014 17:24:56] > CLEAN: Removed 633 items from 384 tiles in 0.297 seconds.
[14/09/2014 17:24:57] > Broadcasted message: "Map Cleaned.".
[14/09/2014 17:25:27] > Broadcasted message: "Para ver a lista de proximos tutores digite !tutores.".
[14/09/2014 17:27:08] > Broadcasted message: "Novo CLIENTE = http://www.4shared.com/rar/Xvc96eOece/Death_PVP.html".
[14/09/2014 17:27:46] > Saving server...
[14/09/2014 17:27:48] > SAVE: Complete in 1.537 seconds using relational house storage.
[14/09/2014 17:28:49] > Broadcasted message: "Ot on das 07:00 as 00:00".
[14/09/2014 17:30:30] > Broadcasted message: "Sempre Ao Criar Uma Conta, Pegue A RK Dela No Account Manager Da Conta E Anote, Nunca Passe A Sua Senha Para Outras Pessoas, E Ao Entrar Em Outros OT´s Crie Contas Diferentes Para Não Sofrer HACKED, Não Me Responsabilizo Por Perdas, Obrigado".
[14/09/2014 17:31:29] Nadador Druid has logged out.
[14/09/2014 17:31:36] > Broadcasted message: "Para esclarecer algumas duvidas digite !notice, para mais informacoes fale com um [CM]".
[14/09/2014 17:31:55] Nadador Arqueiro has logged in.
[14/09/2014 17:32:11] > Broadcasted message: "Para ver a lista de proximos tutores digite !tutores.".
[14/09/2014 17:33:52] > Broadcasted message: "Para duvidas, eventos, e futuramente compras E-mail/Msn -> deathpvp@live.com.".
[14/09/2014 17:34:33] Yakuza has logged in.
[14/09/2014 17:34:34] Yakuza has logged out.
[14/09/2014 17:34:38] Account Manager has logged in.
[14/09/2014 17:34:39] Account Manager has logged out.
[14/09/2014 17:35:33] > Broadcasted message: "Para ver as noticias fale !notice".
[14/09/2014 17:35:35] Nadador Arqueiro has logged out.
[14/09/2014 17:35:37] Nadador Arqueiro has logged in.
[14/09/2014 17:37:14] > Broadcasted message: "Para ver as noticias fale !notice".
[14/09/2014 17:38:17] > Broadcasted message: "Para duvidas, eventos, e futuramente compras E-mail/Msn -> deathpvp@live.com.".
[14/09/2014 17:38:55] > Broadcasted message: "Ot on das 07:00 as 00:00".
[14/09/2014 17:40:36] > Broadcasted message: "Para ver as noticias fale !notice".
[14/09/2014 17:40:52] Nadador Arqueiro has logged out.
[14/09/2014 17:40:54] Nadador Arqueiro has logged in.
[14/09/2014 17:41:07] > Broadcasted message: "Game map cleaning in 1 minute, please pick up all your items.".
[14/09/2014 17:41:15] Mal jinx has logged in.
[14/09/2014 17:41:18] Mal jinx has logged out.
[14/09/2014 17:41:20] Leigue Of Draven has logged in.
[14/09/2014 17:41:37] > CLEAN: Removed 128 items from 308 tiles in 0.225 seconds.
[14/09/2014 17:41:38] > Broadcasted message: "Map Cleaned.".
[14/09/2014 17:42:04] Leigue Of Draven has logged out.
[14/09/2014 17:42:06] Leigue Of Draven has logged in.
[14/09/2014 17:42:17] > Broadcasted message: "Novo CLIENTE = http://www.4shared.com/rar/Xvc96eOece/Death_PVP.html".
[14/09/2014 17:42:44] Leigue Of Draven has logged out.
[14/09/2014 17:42:45] Leigue Of Draven has logged in.
[14/09/2014 17:43:58] > Broadcasted message: "Sempre Ao Criar Uma Conta, Pegue A RK Dela No Account Manager Da Conta E Anote, Nunca Passe A Sua Senha Para Outras Pessoas, E Ao Entrar Em Outros OT´s Crie Contas Diferentes Para Não Sofrer HACKED, Não Me Responsabilizo Por Perdas, Obrigado".
[14/09/2014 17:44:01] Leigue Of Draven has logged out.
[14/09/2014 17:44:06] Veigar has logged in.
[14/09/2014 17:44:13] Veigar has logged out.
[14/09/2014 17:44:14] Leigue Of Draven has logged in.
[14/09/2014 17:44:58] > Broadcasted message: "Para esclarecer algumas duvidas digite !notice, para mais informacoes fale com um [CM]".
[14/09/2014 17:45:04] Leigue Of Draven has logged out.
[14/09/2014 17:45:06] Leigue Of Draven has logged in.
[14/09/2014 17:45:39] > Broadcasted message: "Ot on das 07:00 as 00:00".
[14/09/2014 17:46:23] Leigue Of Draven has logged out.
[14/09/2014 17:46:25] Leigue Of Draven has logged in.
[14/09/2014 17:47:20] > Broadcasted message: "Para comprar bless digite !bless".
[14/09/2014 17:49:01] > Broadcasted message: "Ot on das 07:00 as 00:00".
[14/09/2014 17:50:42] > Broadcasted message: "Para ver a lista de proximos tutores digite !tutores.".
[14/09/2014 17:51:07] > Saving server...
[14/09/2014 17:51:09] > SAVE: Complete in 1.89 seconds using relational house storage.
[14/09/2014 17:51:39] > Broadcasted message: "Para comprar bless digite !bless".
[14/09/2014 17:52:23] > Broadcasted message: "Ot on das 07:00 as 00:00".
[14/09/2014 17:54:04] > Broadcasted message: "Para ver a lista de proximos tutores digite !tutores.".
[14/09/2014 17:55:45] > Broadcasted message: "Para ver as noticias fale !notice".
[14/09/2014 17:57:26] > Broadcasted message: "Para ver as noticias fale !notice".
[14/09/2014 17:57:48] > Broadcasted message: "Game map cleaning in 1 minute, please pick up all your items.".
[14/09/2014 17:58:18] > CLEAN: Removed 6 items from 12 tiles in 0.225 seconds.
[14/09/2014 17:58:18] > Broadcasted message: "Map Cleaned.".
[14/09/2014 17:58:20] > Broadcasted message: "Ot on das 07:00 as 00:00".
[14/09/2014 17:59:07] > Broadcasted message: "Ot on das 07:00 as 00:00".
[14/09/2014 18:00:48] > Broadcasted message: "Sempre Ao Criar Uma Conta, Pegue A RK Dela No Account Manager Da Conta E Anote, Nunca Passe A Sua Senha Para Outras Pessoas, E Ao Entrar Em Outros OT´s Crie Contas Diferentes Para Não Sofrer HACKED, Não Me Responsabilizo Por Perdas, Obrigado".
[14/09/2014 18:02:29] > Broadcasted message: "Sempre Ao Criar Uma Conta, Pegue A RK Dela No Account Manager Da Conta E Anote, Nunca Passe A Sua Senha Para Outras Pessoas, E Ao Entrar Em Outros OT´s Crie Contas Diferentes Para Não Sofrer HACKED, Não Me Responsabilizo Por Perdas, Obrigado".
[14/09/2014 18:04:10] > Broadcasted message: "Ot on das 07:00 as 00:00".
[14/09/2014 18:04:54] Nadador Arqueiro has logged out.
[14/09/2014 18:05:01] > Broadcasted message: "Para comprar bless digite !bless".
[14/09/2014 18:05:07] Leigue Of Draven has logged out.
[14/09/2014 18:05:51] > Broadcasted message: "Novo CLIENTE = http://www.4shared.com/rar/Xvc96eOece/Death_PVP.html".
[14/09/2014 18:07:32] > Broadcasted message: "Para ver as noticias fale !notice".
[14/09/2014 18:09:13] > Broadcasted message: "Para comprar bless digite !bless".
[14/09/2014 18:09:41] Account Manager has logged in.
[14/09/2014 18:09:56] Account Manager has logged out.
[14/09/2014 18:10:03] Account Manager has logged in.
[14/09/2014 18:10:34] Account Manager has logged out.
[14/09/2014 18:10:40] Podolski has logged in.
[14/09/2014 18:10:54] > Broadcasted message: "Para duvidas, eventos, e futuramente compras E-mail/Msn -> deathpvp@live.com.".
[14/09/2014 18:11:42] > Broadcasted message: "Novo CLIENTE = http://www.4shared.com/rar/Xvc96eOece/Death_PVP.html".
[14/09/2014 18:12:35] > Broadcasted message: "Sempre Ao Criar Uma Conta, Pegue A RK Dela No Account Manager Da Conta E Anote, Nunca Passe A Sua Senha Para Outras Pessoas, E Ao Entrar Em Outros OT´s Crie Contas Diferentes Para Não Sofrer HACKED, Não Me Responsabilizo Por Perdas, Obrigado".
[14/09/2014 18:14:16] > Broadcasted message: "Para comprar bless digite !bless".
[14/09/2014 18:14:28] > Saving server...
[14/09/2014 18:14:30] > SAVE: Complete in 1.627 seconds using relational house storage.
[14/09/2014 18:14:30] > Broadcasted message: "Game map cleaning in 1 minute, please pick up all your items.".
[14/09/2014 18:15:01] > CLEAN: Removed 15 items from 31 tiles in 0.253 seconds.
[14/09/2014 18:15:01] > Broadcasted message: "Map Cleaned.".
[14/09/2014 18:15:57] > Broadcasted message: "Sempre Ao Criar Uma Conta, Pegue A RK Dela No Account Manager Da Conta E Anote, Nunca Passe A Sua Senha Para Outras Pessoas, E Ao Entrar Em Outros OT´s Crie Contas Diferentes Para Não Sofrer HACKED, Não Me Responsabilizo Por Perdas, Obrigado".
[14/09/2014 18:17:38] > Broadcasted message: "Sempre Ao Criar Uma Conta, Pegue A RK Dela No Account Manager Da Conta E Anote, Nunca Passe A Sua Senha Para Outras Pessoas, E Ao Entrar Em Outros OT´s Crie Contas Diferentes Para Não Sofrer HACKED, Não Me Responsabilizo Por Perdas, Obrigado".
[14/09/2014 18:18:23] > Broadcasted message: "Novo CLIENTE = http://www.4shared.com/rar/Xvc96eOece/Death_PVP.html".
[14/09/2014 18:19:19] > Broadcasted message: "Para comprar bless digite !bless".
[14/09/2014 18:21:00] > Broadcasted message: "Para ver a lista de proximos tutores digite !tutores.".
[14/09/2014 18:22:41] > Broadcasted message: "Para esclarecer algumas duvidas digite !notice, para mais informacoes fale com um [CM]".
[14/09/2014 18:24:22] > Broadcasted message: "Para comprar bless digite !bless".
[14/09/2014 18:25:04] > Broadcasted message: "Para comprar bless digite !bless".
[14/09/2014 18:26:03] > Broadcasted message: "Para esclarecer algumas duvidas digite !notice, para mais informacoes fale com um [CM]".
[14/09/2014 18:27:44] > Broadcasted message: "Sempre Ao Criar Uma Conta, Pegue A RK Dela No Account Manager Da Conta E Anote, Nunca Passe A Sua Senha Para Outras Pessoas, E Ao Entrar Em Outros OT´s Crie Contas Diferentes Para Não Sofrer HACKED, Não Me Responsabilizo Por Perdas, Obrigado".
[14/09/2014 18:29:25] > Broadcasted message: "Novo CLIENTE = http://www.4shared.com/rar/Xvc96eOece/Death_PVP.html".
[14/09/2014 18:30:17] Podolski has logged out.
[14/09/2014 18:30:18] Account Manager has logged in.
[14/09/2014 18:30:51] Account Manager has logged out.
[14/09/2014 18:31:01] Prime has logged in.
[14/09/2014 18:31:06] > Broadcasted message: "Para ver as noticias fale !notice".
[14/09/2014 18:31:11] > Broadcasted message: "Game map cleaning in 1 minute, please pick up all your items.".
[14/09/2014 18:31:42] > CLEAN: Removed 176 items from 179 tiles in 0.257 seconds.
[14/09/2014 18:31:42] > Broadcasted message: "Map Cleaned.".
[14/09/2014 18:31:45] > Broadcasted message: "Sempre Ao Criar Uma Conta, Pegue A RK Dela No Account Manager Da Conta E Anote, Nunca Passe A Sua Senha Para Outras Pessoas, E Ao Entrar Em Outros OT´s Crie Contas Diferentes Para Não Sofrer HACKED, Não Me Responsabilizo Por Perdas, Obrigado".
[14/09/2014 18:31:54] Prime has logged out.
[14/09/2014 18:31:55] Podolski has logged in.
[14/09/2014 18:32:10] Podolski has logged out.
[14/09/2014 18:32:10] Prime has logged in.
[14/09/2014 18:32:47] > Broadcasted message: "Para duvidas, eventos, e futuramente compras E-mail/Msn -> deathpvp@live.com.".
[14/09/2014 18:34:28] > Broadcasted message: "Para esclarecer algumas duvidas digite !notice, para mais informacoes fale com um [CM]".
[14/09/2014 18:36:09] > Broadcasted message: "Para ver as noticias fale !notice".
[14/09/2014 18:37:49] > Saving server...
[14/09/2014 18:37:52] > SAVE: Complete in 2.739 seconds using relational house storage.
[14/09/2014 18:37:52] > Broadcasted message: "Sempre Ao Criar Uma Conta, Pegue A RK Dela No Account Manager Da Conta E Anote, Nunca Passe A Sua Senha Para Outras Pessoas, E Ao Entrar Em Outros OT´s Crie Contas Diferentes Para Não Sofrer HACKED, Não Me Responsabilizo Por Perdas, Obrigado".
[14/09/2014 18:38:26] > Broadcasted message: "Para comprar bless digite !bless".
[14/09/2014 18:39:27] Nadador Arqueiro has logged in.
[14/09/2014 18:39:33] > Broadcasted message: "Para ver a lista de proximos tutores digite !tutores.".
[14/09/2014 18:41:14] > Broadcasted message: "Para esclarecer algumas duvidas digite !notice, para mais informacoes fale com um [CM]".
[14/09/2014 18:42:55] > Broadcasted message: "Para comprar bless digite !bless".
[14/09/2014 18:44:36] > Broadcasted message: "Para ver a lista de proximos tutores digite !tutores.".
[14/09/2014 18:45:07] > Broadcasted message: "Sempre Ao Criar Uma Conta, Pegue A RK Dela No Account Manager Da Conta E Anote, Nunca Passe A Sua Senha Para Outras Pessoas, E Ao Entrar Em Outros OT´s Crie Contas Diferentes Para Não Sofrer HACKED, Não Me Responsabilizo Por Perdas, Obrigado".
[14/09/2014 18:46:17] > Broadcasted message: "Sempre Ao Criar Uma Conta, Pegue A RK Dela No Account Manager Da Conta E Anote, Nunca Passe A Sua Senha Para Outras Pessoas, E Ao Entrar Em Outros OT´s Crie Contas Diferentes Para Não Sofrer HACKED, Não Me Responsabilizo Por Perdas, Obrigado".
[14/09/2014 18:46:23] Prime has logged out.
[14/09/2014 18:46:25] Prime has logged in.
[14/09/2014 18:47:52] > Broadcasted message: "Game map cleaning in 1 minute, please pick up all your items.".
[14/09/2014 18:47:58] > Broadcasted message: "Novo CLIENTE = http://www.4shared.com/rar/Xvc96eOece/Death_PVP.html".
[14/09/2014 18:48:07] Prime has logged out.
[14/09/2014 18:48:08] Prime has logged in.
[14/09/2014 18:48:22] > CLEAN: Removed 106 items from 173 tiles in 0.205 seconds.
[14/09/2014 18:48:23] > Broadcasted message: "Map Cleaned.".
[14/09/2014 18:49:39] > Broadcasted message: "Ot on das 07:00 as 00:00".
[14/09/2014 18:51:20] > Broadcasted message: "Para ver as noticias fale !notice".
[14/09/2014 18:51:48] > Broadcasted message: "Ot on das 07:00 as 00:00".
[14/09/2014 18:53:01] > Broadcasted message: "Sempre Ao Criar Uma Conta, Pegue A RK Dela No Account Manager Da Conta E Anote, Nunca Passe A Sua Senha Para Outras Pessoas, E Ao Entrar Em Outros OT´s Crie Contas Diferentes Para Não Sofrer HACKED, Não Me Responsabilizo Por Perdas, Obrigado".
[14/09/2014 18:54:42] > Broadcasted message: "Para ver a lista de proximos tutores digite !tutores.".
[14/09/2014 18:56:23] > Broadcasted message: "Para ver as noticias fale !notice".
[14/09/2014 18:58:04] > Broadcasted message: "Para comprar bless digite !bless".
[14/09/2014 18:58:29] > Broadcasted message: "Sempre Ao Criar Uma Conta, Pegue A RK Dela No Account Manager Da Conta E Anote, Nunca Passe A Sua Senha Para Outras Pessoas, E Ao Entrar Em Outros OT´s Crie Contas Diferentes Para Não Sofrer HACKED, Não Me Responsabilizo Por Perdas, Obrigado".
[14/09/2014 18:59:45] > Broadcasted message: "Para ver as noticias fale !notice".
[14/09/2014 19:01:10] > Saving server...
[14/09/2014 19:01:12] > SAVE: Complete in 1.81 seconds using relational house storage.
[14/09/2014 19:01:26] > Broadcasted message: "Sempre Ao Criar Uma Conta, Pegue A RK Dela No Account Manager Da Conta E Anote, Nunca Passe A Sua Senha Para Outras Pessoas, E Ao Entrar Em Outros OT´s Crie Contas Diferentes Para Não Sofrer HACKED, Não Me Responsabilizo Por Perdas, Obrigado".
[14/09/2014 19:03:07] > Broadcasted message: "Para comprar bless digite !bless".
[14/09/2014 19:04:05] Ice-kess has logged in.
[14/09/2014 19:04:22] Ice-kess has logged out.
[14/09/2014 19:04:33] > Broadcasted message: "Game map cleaning in 1 minute, please pick up all your items.".
[14/09/2014 19:04:48] > Broadcasted message: "Para duvidas, eventos, e futuramente compras E-mail/Msn -> deathpvp@live.com.".
[14/09/2014 19:05:03] > CLEAN: Removed 139 items from 212 tiles in 0.295 seconds.
[14/09/2014 19:05:04] > Broadcasted message: "Map Cleaned.".
[14/09/2014 19:05:10] > Broadcasted message: "Para duvidas, eventos, e futuramente compras E-mail/Msn -> deathpvp@live.com.".
[14/09/2014 19:06:29] > Broadcasted message: "Ot on das 07:00 as 00:00".
[14/09/2014 19:08:10] > Broadcasted message: "Para ver a lista de proximos tutores digite !tutores.".
[14/09/2014 19:09:51] > Broadcasted message: "Novo CLIENTE = http://www.4shared.com/rar/Xvc96eOece/Death_PVP.html".
[14/09/2014 19:10:08] Nadador Arqueiro has logged out.
[14/09/2014 19:10:25] Nadador Druid has logged in.
[14/09/2014 19:11:32] > Broadcasted message: "Para duvidas, eventos, e futuramente compras E-mail/Msn -> deathpvp@live.com.".
[14/09/2014 19:11:38] Nadador Druid has logged out.
[14/09/2014 19:11:51] > Broadcasted message: "Para ver as noticias fale !notice".
[14/09/2014 19:13:13] > Broadcasted message: "Novo CLIENTE = http://www.4shared.com/rar/Xvc96eOece/Death_PVP.html".
[14/09/2014 19:14:45] Prime has logged out.
[14/09/2014 19:14:47] Prime has logged in.
[14/09/2014 19:14:54] > Broadcasted message: "Para ver as noticias fale !notice".
[14/09/2014 19:15:16] Prime has logged out.
[14/09/2014 19:15:18] Prime has logged in.
[14/09/2014 19:16:24] Prime has logged out.
[14/09/2014 19:16:25] Prime has logged in.
[14/09/2014 19:16:35] > Broadcasted message: "Para esclarecer algumas duvidas digite !notice, para mais informacoes fale com um [CM]".
[14/09/2014 19:18:16] > Broadcasted message: "Para ver a lista de proximos tutores digite !tutores.".
[14/09/2014 19:18:32] > Broadcasted message: "Novo CLIENTE = http://www.4shared.com/rar/Xvc96eOece/Death_PVP.html".
[14/09/2014 19:19:57] > Broadcasted message: "Sempre Ao Criar Uma Conta, Pegue A RK Dela No Account Manager Da Conta E Anote, Nunca Passe A Sua Senha Para Outras Pessoas, E Ao Entrar Em Outros OT´s Crie Contas Diferentes Para Não Sofrer HACKED, Não Me Responsabilizo Por Perdas, Obrigado".
[14/09/2014 19:21:14] > Broadcasted message: "Game map cleaning in 1 minute, please pick up all your items.".
[14/09/2014 19:21:38] > Broadcasted message: "Para esclarecer algumas duvidas digite !notice, para mais informacoes fale com um [CM]".
[14/09/2014 19:21:45] > CLEAN: Removed 98 items from 245 tiles in 0.25 seconds.
[14/09/2014 19:21:45] > Broadcasted message: "Map Cleaned.".
[14/09/2014 19:22:58] Hegazy has logged in.
[14/09/2014 19:23:19] > Broadcasted message: "Para comprar bless digite !bless".
[14/09/2014 19:23:29] Hegazy has logged out.
[14/09/2014 19:24:31] > Saving server...
[14/09/2014 19:24:33] > SAVE: Complete in 1.404 seconds using relational house storage.
[14/09/2014 19:25:00] > Broadcasted message: "Ot on das 07:00 as 00:00".
[14/09/2014 19:25:13] > Broadcasted message: "Novo CLIENTE = http://www.4shared.com/rar/Xvc96eOece/Death_PVP.html".
[14/09/2014 19:26:41] > Broadcasted message: "Para esclarecer algumas duvidas digite !notice, para mais informacoes fale com um [CM]".
[14/09/2014 19:28:22] > Broadcasted message: "Para ver as noticias fale !notice".
[14/09/2014 19:30:03] > Broadcasted message: "Novo CLIENTE = http://www.4shared.com/rar/Xvc96eOece/Death_PVP.html".
[14/09/2014 19:31:44] > Broadcasted message: "Para ver as noticias fale !notice".
[14/09/2014 19:31:54] > Broadcasted message: "Para duvidas, eventos, e futuramente compras E-mail/Msn -> deathpvp@live.com.".
[14/09/2014 19:32:56] Prime has logged out.
[14/09/2014 19:32:58] Prime has logged in.
[14/09/2014 19:33:25] > Broadcasted message: "Para comprar bless digite !bless".
[14/09/2014 19:35:06] > Broadcasted message: "Ot on das 07:00 as 00:00".
[14/09/2014 19:36:13] Prime has logged out.
[14/09/2014 19:36:15] Prime has logged in.
[14/09/2014 19:36:47] > Broadcasted message: "Sempre Ao Criar Uma Conta, Pegue A RK Dela No Account Manager Da Conta E Anote, Nunca Passe A Sua Senha Para Outras Pessoas, E Ao Entrar Em Outros OT´s Crie Contas Diferentes Para Não Sofrer HACKED, Não Me Responsabilizo Por Perdas, Obrigado".
[14/09/2014 19:37:55] > Broadcasted message: "Game map cleaning in 1 minute, please pick up all your items.".
[14/09/2014 19:38:25] > CLEAN: Removed 81 items from 247 tiles in 0.187 seconds.
[14/09/2014 19:38:25] > Broadcasted message: "Map Cleaned.".
[14/09/2014 19:38:28] > Broadcasted message: "Ot on das 07:00 as 00:00".
[14/09/2014 19:38:35] > Broadcasted message: "Ot on das 07:00 as 00:00".
[14/09/2014 19:40:09] > Broadcasted message: "Para ver a lista de proximos tutores digite !tutores.".
[14/09/2014 19:41:50] > Broadcasted message: "Sempre Ao Criar Uma Conta, Pegue A RK Dela No Account Manager Da Conta E Anote, Nunca Passe A Sua Senha Para Outras Pessoas, E Ao Entrar Em Outros OT´s Crie Contas Diferentes Para Não Sofrer HACKED, Não Me Responsabilizo Por Perdas, Obrigado".
[14/09/2014 19:43:31] > Broadcasted message: "Para duvidas, eventos, e futuramente compras E-mail/Msn -> deathpvp@live.com.".
[14/09/2014 19:45:12] > Broadcasted message: "Sempre Ao Criar Uma Conta, Pegue A RK Dela No Account Manager Da Conta E Anote, Nunca Passe A Sua Senha Para Outras Pessoas, E Ao Entrar Em Outros OT´s Crie Contas Diferentes Para Não Sofrer HACKED, Não Me Responsabilizo Por Perdas, Obrigado".
[14/09/2014 19:45:16] > Broadcasted message: "Para esclarecer algumas duvidas digite !notice, para mais informacoes fale com um [CM]".
[14/09/2014 19:46:37] Nadador Arqueiro has logged in.
[14/09/2014 19:46:53] > Broadcasted message: "Ot on das 07:00 as 00:00".
[14/09/2014 19:47:05] Blackgt has logged in.
[14/09/2014 19:47:52] > Saving server...
[14/09/2014 19:47:54] > SAVE: Complete in 2.028 seconds using relational house storage.
[14/09/2014 19:48:34] > Broadcasted message: "Para ver a lista de proximos tutores digite !tutores.".
[14/09/2014 19:50:15] > Broadcasted message: "Para ver a lista de proximos tutores digite !tutores.".
[14/09/2014 19:51:56] > Broadcasted message: "Ot on das 07:00 as 00:00".
[14/09/2014 19:51:58] > Broadcasted message: "Para ver a lista de proximos tutores digite !tutores.".
[14/09/2014 19:53:37] > Broadcasted message: "Para ver as noticias fale !notice".
[14/09/2014 19:54:36] > Broadcasted message: "Game map cleaning in 1 minute, please pick up all your items.".
[14/09/2014 19:55:07] > CLEAN: Removed 633 items from 619 tiles in 0.249 seconds.
[14/09/2014 19:55:07] > Broadcasted message: "Map Cleaned.".
[14/09/2014 19:55:18] > Broadcasted message: "Para ver a lista de proximos tutores digite !tutores.".
[14/09/2014 19:55:20] Blackgt has logged out.
[14/09/2014 19:55:22] Blackgt has logged in.
[14/09/2014 19:56:10] Blackgt has logged out.
[14/09/2014 19:56:12] Blackgt has logged in.
[14/09/2014 19:56:13] Blackgt has logged out.
[14/09/2014 19:56:34] Druid Avassalador has logged in.
[14/09/2014 19:56:59] > Broadcasted message: "Para esclarecer algumas duvidas digite !notice, para mais informacoes fale com um [CM]".
[14/09/2014 19:58:05] Druid Avassalador has logged out.
[14/09/2014 19:58:07] Druid Avassalador has logged in.
[14/09/2014 19:58:16] Druid Avassalador has logged out.
[14/09/2014 19:58:31] Blackgt has logged in.
[14/09/2014 19:58:39] > Broadcasted message: "Para ver a lista de proximos tutores digite !tutores.".
[14/09/2014 19:58:41] > Broadcasted message: "Para comprar bless digite !bless".
[14/09/2014 19:59:26] Nadador Arqueiro has logged out.
[14/09/2014 19:59:28] Nadador Arqueiro has logged in.
[14/09/2014 20:00:22] > Broadcasted message: "Para ver a lista de proximos tutores digite !tutores.".
[14/09/2014 20:00:39] Nadador Arqueiro has logged out.
[14/09/2014 20:00:41] Nadador Arqueiro has logged in.
[14/09/2014 20:00:42] Prime has logged out.
[14/09/2014 20:00:45] Prime has logged in.
[14/09/2014 20:01:23] Blackgt has logged out.
[14/09/2014 20:01:25] Blackgt has logged in.
[14/09/2014 20:02:03] > Broadcasted message: "Para ver a lista de proximos tutores digite !tutores.".
[14/09/2014 20:03:34] Blackgt has logged out.
[14/09/2014 20:03:37] Blackgt has logged in.
[14/09/2014 20:03:44] > Broadcasted message: "Sempre Ao Criar Uma Conta, Pegue A RK Dela No Account Manager Da Conta E Anote, Nunca Passe A Sua Senha Para Outras Pessoas, E Ao Entrar Em Outros OT´s Crie Contas Diferentes Para Não Sofrer HACKED, Não Me Responsabilizo Por Perdas, Obrigado".
[14/09/2014 20:05:00] Prime has logged out.
[14/09/2014 20:05:01] Prime has logged in.
[14/09/2014 20:05:20] Blackgt has logged out.
[14/09/2014 20:05:20] > Broadcasted message: "Novo CLIENTE = http://www.4shared.com/rar/Xvc96eOece/Death_PVP.html".
[14/09/2014 20:05:22] Blackgt has logged in.
[14/09/2014 20:05:25] > Broadcasted message: "Para duvidas, eventos, e futuramente compras E-mail/Msn -> deathpvp@live.com.".
[14/09/2014 20:06:03] Blackgt has logged out.
[14/09/2014 20:06:05] Blackgt has logged in.
[14/09/2014 20:07:06] > Broadcasted message: "Para ver as noticias fale !notice".
[14/09/2014 20:07:20] Blackgt has logged out.
[14/09/2014 20:07:22] Blackgt has logged in.
[14/09/2014 20:08:08] Prime has logged out.
[14/09/2014 20:08:09] Podolski has logged in.
[14/09/2014 20:08:38] Account Manager has logged in.
[14/09/2014 20:08:39] Account Manager has logged out.
[14/09/2014 20:08:42] Mc Livinho has logged in.
[14/09/2014 20:08:47] > Broadcasted message: "Para esclarecer algumas duvidas digite !notice, para mais informacoes fale com um [CM]".
[14/09/2014 20:09:21] Podolski has logged out.
[14/09/2014 20:09:23] Podolski has logged in.
[14/09/2014 20:09:27] Podolski has logged out.
[14/09/2014 20:09:28] Podolski has logged in.
[14/09/2014 20:10:23] Podolski has logged out.
[14/09/2014 20:10:25] Podolski has logged in.
[14/09/2014 20:10:28] > Broadcasted message: "Para ver as noticias fale !notice".
[14/09/2014 20:11:13] > Saving server...
[14/09/2014 20:11:15] > SAVE: Complete in 1.857 seconds using relational house storage.
[14/09/2014 20:11:17] > Broadcasted message: "Game map cleaning in 1 minute, please pick up all your items.".
[14/09/2014 20:11:25] Blackgt has logged out.
[14/09/2014 20:11:26] Blackgt has logged in.
[14/09/2014 20:11:47] > CLEAN: Removed 398 items from 450 tiles in 0.234 seconds.
[14/09/2014 20:11:47] > Broadcasted message: "Map Cleaned.".
[14/09/2014 20:12:01] > Broadcasted message: "Para comprar bless digite !bless".
[14/09/2014 20:12:09] > Broadcasted message: "Novo CLIENTE = http://www.4shared.com/rar/Xvc96eOece/Death_PVP.html".
[14/09/2014 20:13:50] > Broadcasted message: "Novo CLIENTE = http://www.4shared.com/rar/Xvc96eOece/Death_PVP.html".
[14/09/2014 20:14:12] Podolski has logged out.
[14/09/2014 20:14:13] Podolski has logged in.
[14/09/2014 20:15:09] Podolski has logged out.
[14/09/2014 20:15:10] Podolski has logged in.
[14/09/2014 20:15:16] Blackgt has logged out.
[14/09/2014 20:15:31] > Broadcasted message: "Para esclarecer algumas duvidas digite !notice, para mais informacoes fale com um [CM]".
[14/09/2014 20:17:12] > Broadcasted message: "Ot on das 07:00 as 00:00".
[14/09/2014 20:18:42] > Broadcasted message: "Para comprar bless digite !bless".
[14/09/2014 20:18:53] > Broadcasted message: "Ot on das 07:00 as 00:00".
[14/09/2014 20:20:34] > Broadcasted message: "Ot on das 07:00 as 00:00".
[14/09/2014 20:21:01] Podolski has logged out.
[14/09/2014 20:21:02] Prime has logged in.
[14/09/2014 20:21:08] Prime has logged out.
[14/09/2014 20:21:09] Podolski has logged in.
[14/09/2014 20:22:07] Podolski has logged out.
[14/09/2014 20:22:09] Podolski has logged in.
[14/09/2014 20:22:15] > Broadcasted message: "Para duvidas, eventos, e futuramente compras E-mail/Msn -> deathpvp@live.com.".
[14/09/2014 20:22:27] Podolski has logged out.
[14/09/2014 20:22:28] Prime has logged in.
[14/09/2014 20:22:39] Prime has logged out.
[14/09/2014 20:22:41] Podolski has logged in.
[14/09/2014 20:23:56] > Broadcasted message: "Ot on das 07:00 as 00:00".
[14/09/2014 20:24:37] Podolski has logged out.
[14/09/2014 20:24:38] Prime has logged in.
[14/09/2014 20:24:46] Prime has logged out.
[14/09/2014 20:24:47] Podolski has logged in.
[14/09/2014 20:25:23] > Broadcasted message: "Para duvidas, eventos, e futuramente compras E-mail/Msn -> deathpvp@live.com.".
[14/09/2014 20:25:37] > Broadcasted message: "Ot on das 07:00 as 00:00".
[14/09/2014 20:27:18] > Broadcasted message: "Ot on das 07:00 as 00:00".
[14/09/2014 20:27:58] > Broadcasted message: "Game map cleaning in 1 minute, please pick up all your items.".
[14/09/2014 20:28:29] > CLEAN: Removed 54 items from 105 tiles in 0.331 seconds.
[14/09/2014 20:28:29] > Broadcasted message: "Map Cleaned.".
[14/09/2014 20:28:59] > Broadcasted message: "Para ver a lista de proximos tutores digite !tutores.".
[14/09/2014 20:30:40] > Broadcasted message: "Para ver a lista de proximos tutores digite !tutores.".
[14/09/2014 20:32:04] Podolski has logged out.
[14/09/2014 20:32:04] > Broadcasted message: "Para ver a lista de proximos tutores digite !tutores.".
[14/09/2014 20:32:05] Prime has logged in.
[14/09/2014 20:32:21] > Broadcasted message: "Ot on das 07:00 as 00:00".
[14/09/2014 20:33:21] Mc Livinho has logged out.
[14/09/2014 20:33:30] Prime has logged out.
[14/09/2014 20:33:31] Podolski has logged in.
[14/09/2014 20:33:43] Podolski has logged out.
[14/09/2014 20:33:44] Prime has logged in.
[14/09/2014 20:33:55] Prime has logged out.
[14/09/2014 20:33:56] Podolski has logged in.
[14/09/2014 20:34:02] > Broadcasted message: "Ot on das 07:00 as 00:00".
[14/09/2014 20:34:03] Podolski has logged out.
[14/09/2014 20:34:04] Prime has logged in.
[14/09/2014 20:34:34] > Saving server...
[14/09/2014 20:34:37] > SAVE: Complete in 1.863 seconds using relational house storage.
[14/09/2014 20:35:43] > Broadcasted message: "Para ver a lista de proximos tutores digite !tutores.".
[14/09/2014 20:35:48] Blackgt has logged in.
[14/09/2014 20:36:30] Haddadi has logged in.
[14/09/2014 20:37:24] > Broadcasted message: "Novo CLIENTE = http://www.4shared.com/rar/Xvc96eOece/Death_PVP.html".
[14/09/2014 20:37:32] Prime has logged out.
[14/09/2014 20:37:33] Podolski has logged in.
[14/09/2014 20:37:42] Podolski has logged out.
[14/09/2014 20:37:43] Prime has logged in.
[14/09/2014 20:38:45] > Broadcasted message: "Para ver a lista de proximos tutores digite !tutores.".
[14/09/2014 20:39:05] > Broadcasted message: "Para ver as noticias fale !notice".
[14/09/2014 20:39:57] Nadador Arqueiro has logged out.
[14/09/2014 20:39:59] Nadador Arqueiro has logged in.
[14/09/2014 20:40:46] > Broadcasted message: "Para duvidas, eventos, e futuramente compras E-mail/Msn -> deathpvp@live.com.".
[14/09/2014 20:41:24] Blackgt has logged out.
[14/09/2014 20:41:26] Blackgt has logged in.
[14/09/2014 20:42:27] > Broadcasted message: "Para esclarecer algumas duvidas digite !notice, para mais informacoes fale com um [CM]".
[14/09/2014 20:44:08] > Broadcasted message: "Ot on das 07:00 as 00:00".
[14/09/2014 20:44:39] > Broadcasted message: "Game map cleaning in 1 minute, please pick up all your items.".
[14/09/2014 20:45:09] > CLEAN: Removed 17 items from 91 tiles in 0.203 seconds.
[14/09/2014 20:45:09] > Broadcasted message: "Map Cleaned.".
[14/09/2014 20:45:26] > Broadcasted message: "Para ver a lista de proximos tutores digite !tutores.".
[14/09/2014 20:45:49] > Broadcasted message: "Para esclarecer algumas duvidas digite !notice, para mais informacoes fale com um [CM]".
[14/09/2014 20:46:16] Prime has logged out.
[14/09/2014 20:46:17] Podolski has logged in.
[14/09/2014 20:46:33] Podolski has logged out.
[14/09/2014 20:46:34] Prime has logged in.
[14/09/2014 20:46:38] Prime has logged out.
[14/09/2014 20:46:39] Podolski has logged in.
[14/09/2014 20:46:42] Podolski has logged out.
[14/09/2014 20:46:43] Prime has logged in.
[14/09/2014 20:46:54] Prime has logged out.
[14/09/2014 20:46:55] Podolski has logged in.
[14/09/2014 20:47:30] > Broadcasted message: "Para ver a lista de proximos tutores digite !tutores.".
[14/09/2014 20:49:11] > Broadcasted message: "Ot on das 07:00 as 00:00".
[14/09/2014 20:50:52] > Broadcasted message: "Para comprar bless digite !bless".
[14/09/2014 20:52:07] > Broadcasted message: "Para ver as noticias fale !notice".
[14/09/2014 20:52:33] > Broadcasted message: "Para ver as noticias fale !notice".
[14/09/2014 20:54:14] > Broadcasted message: "Para esclarecer algumas duvidas digite !notice, para mais informacoes fale com um [CM]".
[14/09/2014 20:55:55] > Broadcasted message: "Para comprar bless digite !bless".
[14/09/2014 20:57:36] > Broadcasted message: "Para esclarecer algumas duvidas digite !notice, para mais informacoes fale com um [CM]".
[14/09/2014 20:57:55] > Saving server...
[14/09/2014 20:57:57] > SAVE: Complete in 2.231 seconds using relational house storage.
[14/09/2014 20:58:48] > Broadcasted message: "Para duvidas, eventos, e futuramente compras E-mail/Msn -> deathpvp@live.com.".
[14/09/2014 20:59:17] > Broadcasted message: "Para duvidas, eventos, e futuramente compras E-mail/Msn -> deathpvp@live.com.".
[14/09/2014 21:00:58] > Broadcasted message: "Para ver as noticias fale !notice".
[14/09/2014 21:01:20] > Broadcasted message: "Game map cleaning in 1 minute, please pick up all your items.".
[14/09/2014 21:01:51] > CLEAN: Removed 11 items from 29 tiles in 0.29 seconds.
[14/09/2014 21:01:51] > Broadcasted message: "Map Cleaned.".
[14/09/2014 21:02:39] > Broadcasted message: "Para ver as noticias fale !notice".
[14/09/2014 21:04:20] > Broadcasted message: "Novo CLIENTE = http://www.4shared.com/rar/Xvc96eOece/Death_PVP.html".
[14/09/2014 21:05:29] > Broadcasted message: "Ot on das 07:00 as 00:00".
[14/09/2014 21:06:01] > Broadcasted message: "Novo CLIENTE = http://www.4shared.com/rar/Xvc96eOece/Death_PVP.html".
[14/09/2014 21:07:42] > Broadcasted message: "Para ver as noticias fale !notice".
[14/09/2014 21:07:51] Blackgt has logged out.
[14/09/2014 21:07:53] Blackgt has logged in.
[14/09/2014 21:09:23] > Broadcasted message: "Para comprar bless digite !bless".
[14/09/2014 21:11:04] > Broadcasted message: "Para esclarecer algumas duvidas digite !notice, para mais informacoes fale com um [CM]".
[14/09/2014 21:12:10] > Broadcasted message: "Para comprar bless digite !bless".
[14/09/2014 21:12:45] > Broadcasted message: "Ot on das 07:00 as 00:00".
[14/09/2014 21:14:26] > Broadcasted message: "Para duvidas, eventos, e futuramente compras E-mail/Msn -> deathpvp@live.com.".
[14/09/2014 21:16:07] > Broadcasted message: "Sempre Ao Criar Uma Conta, Pegue A RK Dela No Account Manager Da Conta E Anote, Nunca Passe A Sua Senha Para Outras Pessoas, E Ao Entrar Em Outros OT´s Crie Contas Diferentes Para Não Sofrer HACKED, Não Me Responsabilizo Por Perdas, Obrigado".
[14/09/2014 21:16:25] Podolski has logged out.
[14/09/2014 21:16:27] Podolski has logged in.
[14/09/2014 21:17:28] Haddadi has logged out.
[14/09/2014 21:17:48] > Broadcasted message: "Novo CLIENTE = http://www.4shared.com/rar/Xvc96eOece/Death_PVP.html".
[14/09/2014 21:18:01] > Broadcasted message: "Game map cleaning in 1 minute, please pick up all your items.".
[14/09/2014 21:18:08] Nadador Arqueiro has logged out.
[14/09/2014 21:18:10] Nadador Arqueiro has logged in.
[14/09/2014 21:18:32] > CLEAN: Removed 3 items from 21 tiles in 0.194 seconds.
[14/09/2014 21:18:32] > Broadcasted message: "Map Cleaned.".
[14/09/2014 21:18:51] > Broadcasted message: "Para ver as noticias fale !notice".
[14/09/2014 21:18:55] Podolski has logged out.
[14/09/2014 21:18:57] Podolski has logged in.
[14/09/2014 21:19:02] Podolski has logged out.
[14/09/2014 21:19:03] Blackgt has logged out.
[14/09/2014 21:19:04] Podolski has logged in.
[14/09/2014 21:19:29] > Broadcasted message: "Para ver as noticias fale !notice".
[14/09/2014 21:19:29] Nadador Arqueiro has logged out.
[14/09/2014 21:19:30] Blackgt has logged in.
[14/09/2014 21:20:24] Blackgt has logged out.
[14/09/2014 21:20:26] Blackvt has logged in.
[14/09/2014 21:20:28] Blackvt has logged out.
[14/09/2014 21:20:29] Jcbacara has logged in.
[14/09/2014 21:20:38] Jcbacara has logged out.
[14/09/2014 21:20:40] Jcbacara has logged in.
[14/09/2014 21:20:47] Jcbacara has logged out.
[14/09/2014 21:20:48] Jcbacara has logged in.
[14/09/2014 21:20:53] Jcbacara has logged out.
[14/09/2014 21:20:54] Jcbacara has logged in.
[14/09/2014 21:20:59] Jcbacara has logged out.
[14/09/2014 21:21:00] Jcbacara has logged in.
[14/09/2014 21:21:04] Jcbacara has logged out.
[14/09/2014 21:21:06] Jcbacara has logged in.
[14/09/2014 21:21:09] Jcbacara has logged out.
[14/09/2014 21:21:10] > Broadcasted message: "Para esclarecer algumas duvidas digite !notice, para mais informacoes fale com um [CM]".
[14/09/2014 21:21:11] Jcbacara has logged in.
[14/09/2014 21:21:15] Jcbacara has logged out.
[14/09/2014 21:21:16] Jcbacara has logged in.
[14/09/2014 21:21:16] > Saving server...
[14/09/2014 21:21:18] > SAVE: Complete in 1.564 seconds using relational house storage.
[14/09/2014 21:21:29] Jcbacara has logged out.
[14/09/2014 21:21:31] Jcbacara has logged in.
[14/09/2014 21:21:39] Jcbacara has logged out.
[14/09/2014 21:21:43] Jcbacara has logged in.
[14/09/2014 21:21:48] Jcbacara has logged out.
[14/09/2014 21:21:50] Jcbacara has logged in.
[14/09/2014 21:22:21] Jcbacara has logged out.
[14/09/2014 21:22:23] Jcbacara has logged in.
[14/09/2014 21:22:35] Podolski has logged out.
[14/09/2014 21:22:36] Prime has logged in.
[14/09/2014 21:22:51] > Broadcasted message: "Sempre Ao Criar Uma Conta, Pegue A RK Dela No Account Manager Da Conta E Anote, Nunca Passe A Sua Senha Para Outras Pessoas, E Ao Entrar Em Outros OT´s Crie Contas Diferentes Para Não Sofrer HACKED, Não Me Responsabilizo Por Perdas, Obrigado".
[14/09/2014 21:23:17] Prime has logged out.
[14/09/2014 21:23:18] Podolski has logged in.
[14/09/2014 21:24:16] Jcbacara has logged out.
[14/09/2014 21:24:18] Jcbacara has logged in.
[14/09/2014 21:24:32] > Broadcasted message: "Para duvidas, eventos, e futuramente compras E-mail/Msn -> deathpvp@live.com.".
[14/09/2014 21:24:34] Jcbacara has logged out.
[14/09/2014 21:24:36] Jcbacara has logged in.
[14/09/2014 21:24:45] Jcbacara has logged out.
[14/09/2014 21:24:56] Jcbacara has logged in.
[14/09/2014 21:25:18] Jcbacara has logged out.
[14/09/2014 21:25:20] Jcbacara has logged in.
[14/09/2014 21:25:32] > Broadcasted message: "Para ver a lista de proximos tutores digite !tutores.".
[14/09/2014 21:25:48] Jcbacara has logged out.
[14/09/2014 21:25:50] Jcbacara has logged in.
[14/09/2014 21:26:01] Jcbacara has logged out.
[14/09/2014 21:26:03] Jcbacara has logged in.
[14/09/2014 21:26:11] Jcbacara has logged out.
[14/09/2014 21:26:13] > Broadcasted message: "Para ver as noticias fale !notice".
[14/09/2014 21:26:15] Jcbacara has logged in.
[14/09/2014 21:27:01] Jcbacara has logged out.
[14/09/2014 21:27:03] Jcbacara has logged in.
[14/09/2014 21:27:54] > Broadcasted message: "Ot on das 07:00 as 00:00".
[14/09/2014 21:27:58] Jcbacara has logged out.
[14/09/2014 21:28:00] Jcbacara has logged in.
[14/09/2014 21:28:29] Jcbacara has logged out.
[14/09/2014 21:28:31] Jcbacara has logged in.
[14/09/2014 21:29:00] Podolski has logged out.
[14/09/2014 21:29:03] Podolski has logged in.
[14/09/2014 21:29:35] > Broadcasted message: "Sempre Ao Criar Uma Conta, Pegue A RK Dela No Account Manager Da Conta E Anote, Nunca Passe A Sua Senha Para Outras Pessoas, E Ao Entrar Em Outros OT´s Crie Contas Diferentes Para Não Sofrer HACKED, Não Me Responsabilizo Por Perdas, Obrigado".
[14/09/2014 21:29:49] Jcbacara has logged out.
[14/09/2014 21:29:51] Jcbacara has logged in.
[14/09/2014 21:30:14] Jcbacara has logged out.
[14/09/2014 21:30:16] Jcbacara has logged in.
[14/09/2014 21:30:34] Jcbacara has logged out.
[14/09/2014 21:30:35] Jcbacara has logged in.
[14/09/2014 21:30:58] Jcbacara has logged out.
[14/09/2014 21:31:00] Jcbacara has logged in.
[14/09/2014 21:31:06] Jcbacara has logged out.
[14/09/2014 21:31:08] Jcbacara has logged in.
[14/09/2014 21:31:16] > Broadcasted message: "Para ver a lista de proximos tutores digite !tutores.".
[14/09/2014 21:31:20] Jcbacara has logged out.
[14/09/2014 21:31:22] Jcbacara has logged in.
[14/09/2014 21:31:37] Jcbacara has logged out.
[14/09/2014 21:31:39] Jcbacara has logged in.
[14/09/2014 21:31:40] Jcbacara has logged out.
[14/09/2014 21:31:42] Blackgt has logged in.
[14/09/2014 21:32:01] Blackgt has logged out.
[14/09/2014 21:32:03] Blackvt has logged in.
[14/09/2014 21:32:05] Blackvt has logged out.
[14/09/2014 21:32:06] Jcbacara has logged in.
[14/09/2014 21:32:13] > Broadcasted message: "Para duvidas, eventos, e futuramente compras E-mail/Msn -> deathpvp@live.com.".
[14/09/2014 21:32:57] > Broadcasted message: "Para ver as noticias fale !notice".
[14/09/2014 21:33:10] Podolski has logged out.
[14/09/2014 21:33:11] Podolski has logged in.
[14/09/2014 21:34:38] > Broadcasted message: "Sempre Ao Criar Uma Conta, Pegue A RK Dela No Account Manager Da Conta E Anote, Nunca Passe A Sua Senha Para Outras Pessoas, E Ao Entrar Em Outros OT´s Crie Contas Diferentes Para Não Sofrer HACKED, Não Me Responsabilizo Por Perdas, Obrigado".
[14/09/2014 21:34:42] > Broadcasted message: "Game map cleaning in 1 minute, please pick up all your items.".
[14/09/2014 21:35:12] > CLEAN: Removed 32 items from 41 tiles in 0.254 seconds.
[14/09/2014 21:35:13] > Broadcasted message: "Map Cleaned.".
[14/09/2014 21:36:19] > Broadcasted message: "Para ver a lista de proximos tutores digite !tutores.".
[14/09/2014 21:38:00] > Broadcasted message: "Para ver a lista de proximos tutores digite !tutores.".
[14/09/2014 21:38:54] > Broadcasted message: "Sempre Ao Criar Uma Conta, Pegue A RK Dela No Account Manager Da Conta E Anote, Nunca Passe A Sua Senha Para Outras Pessoas, E Ao Entrar Em Outros OT´s Crie Contas Diferentes Para Não Sofrer HACKED, Não Me Responsabilizo Por Perdas, Obrigado".
[14/09/2014 21:39:41] > Broadcasted message: "Ot on das 07:00 as 00:00".
[14/09/2014 21:41:22] > Broadcasted message: "Para ver a lista de proximos tutores digite !tutores.".
[14/09/2014 21:43:03] > Broadcasted message: "Sempre Ao Criar Uma Conta, Pegue A RK Dela No Account Manager Da Conta E Anote, Nunca Passe A Sua Senha Para Outras Pessoas, E Ao Entrar Em Outros OT´s Crie Contas Diferentes Para Não Sofrer HACKED, Não Me Responsabilizo Por Perdas, Obrigado".
[14/09/2014 21:44:37] > Saving server...
[14/09/2014 21:44:39] > SAVE: Complete in 1.619 seconds using relational house storage.
[14/09/2014 21:44:44] > Broadcasted message: "Sempre Ao Criar Uma Conta, Pegue A RK Dela No Account Manager Da Conta E Anote, Nunca Passe A Sua Senha Para Outras Pessoas, E Ao Entrar Em Outros OT´s Crie Contas Diferentes Para Não Sofrer HACKED, Não Me Responsabilizo Por Perdas, Obrigado".
[14/09/2014 21:45:35] > Broadcasted message: "Sempre Ao Criar Uma Conta, Pegue A RK Dela No Account Manager Da Conta E Anote, Nunca Passe A Sua Senha Para Outras Pessoas, E Ao Entrar Em Outros OT´s Crie Contas Diferentes Para Não Sofrer HACKED, Não Me Responsabilizo Por Perdas, Obrigado".
[14/09/2014 21:46:25] > Broadcasted message: "Sempre Ao Criar Uma Conta, Pegue A RK Dela No Account Manager Da Conta E Anote, Nunca Passe A Sua Senha Para Outras Pessoas, E Ao Entrar Em Outros OT´s Crie Contas Diferentes Para Não Sofrer HACKED, Não Me Responsabilizo Por Perdas, Obrigado".
[14/09/2014 21:48:06] > Broadcasted message: "Para ver as noticias fale !notice".
[14/09/2014 21:49:36] Podolski has logged out.
[14/09/2014 21:49:40] Jcbacara has logged out.
[14/09/2014 21:49:42] Blackgt has logged in.
[14/09/2014 21:49:47] > Broadcasted message: "Para ver a lista de proximos tutores digite !tutores.".
[14/09/2014 21:51:23] > Broadcasted message: "Game map cleaning in 1 minute, please pick up all your items.".
[14/09/2014 21:51:28] > Broadcasted message: "Para comprar bless digite !bless".
[14/09/2014 21:51:54] > CLEAN: Removed 0 items from 2 tiles in 0.183 seconds.
[14/09/2014 21:51:54] > Broadcasted message: "Map Cleaned.".
[14/09/2014 21:52:16] > Broadcasted message: "Novo CLIENTE = http://www.4shared.com/rar/Xvc96eOece/Death_PVP.html".
[14/09/2014 21:53:09] > Broadcasted message: "Para comprar bless digite !bless".
[14/09/2014 21:54:50] > Broadcasted message: "Para esclarecer algumas duvidas digite !notice, para mais informacoes fale com um [CM]".
[14/09/2014 21:56:31] > Broadcasted message: "Novo CLIENTE = http://www.4shared.com/rar/Xvc96eOece/Death_PVP.html".
[14/09/2014 21:58:12] > Broadcasted message: "Para esclarecer algumas duvidas digite !notice, para mais informacoes fale com um [CM]".
[14/09/2014 21:58:57] > Broadcasted message: "Sempre Ao Criar Uma Conta, Pegue A RK Dela No Account Manager Da Conta E Anote, Nunca Passe A Sua Senha Para Outras Pessoas, E Ao Entrar Em Outros OT´s Crie Contas Diferentes Para Não Sofrer HACKED, Não Me Responsabilizo Por Perdas, Obrigado".
[14/09/2014 21:59:11] Magez-linda has logged in.
[14/09/2014 21:59:53] > Broadcasted message: "Para ver as noticias fale !notice".
[14/09/2014 22:01:34] > Broadcasted message: "Para ver a lista de proximos tutores digite !tutores.".
[14/09/2014 22:02:14] Magez-linda has logged out.
[14/09/2014 22:03:15] > Broadcasted message: "Novo CLIENTE = http://www.4shared.com/rar/Xvc96eOece/Death_PVP.html".
[14/09/2014 22:04:56] > Broadcasted message: "Para comprar bless digite !bless".
[14/09/2014 22:05:38] > Broadcasted message: "Para ver a lista de proximos tutores digite !tutores.".
[14/09/2014 22:06:37] > Broadcasted message: "Para comprar bless digite !bless".
[14/09/2014 22:07:58] > Saving server...
[14/09/2014 22:08:00] > SAVE: Complete in 1.433 seconds using relational house storage.
[14/09/2014 22:08:04] > Broadcasted message: "Game map cleaning in 1 minute, please pick up all your items.".
[14/09/2014 22:08:18] > Broadcasted message: "Para esclarecer algumas duvidas digite !notice, para mais informacoes fale com um [CM]".
[14/09/2014 22:08:35] > CLEAN: Removed 0 items from 2 tiles in 0.183 seconds.
[14/09/2014 22:08:35] > Broadcasted message: "Map Cleaned.".
[14/09/2014 22:09:59] > Broadcasted message: "Para comprar bless digite !bless".
[14/09/2014 22:11:40] > Broadcasted message: "Para comprar bless digite !bless".
[14/09/2014 22:12:19] > Broadcasted message: "Novo CLIENTE = http://www.4shared.com/rar/Xvc96eOece/Death_PVP.html".
[14/09/2014 22:13:21] > Broadcasted message: "Novo CLIENTE = http://www.4shared.com/rar/Xvc96eOece/Death_PVP.html".
[14/09/2014 22:15:02] > Broadcasted message: "Para ver as noticias fale !notice".
[14/09/2014 22:16:43] > Broadcasted message: "Ot on das 07:00 as 00:00".
[14/09/2014 22:18:24] > Broadcasted message: "Para ver as noticias fale !notice".
[14/09/2014 22:19:00] > Broadcasted message: "Novo CLIENTE = http://www.4shared.com/rar/Xvc96eOece/Death_PVP.html".
[14/09/2014 22:20:05] > Broadcasted message: "Sempre Ao Criar Uma Conta, Pegue A RK Dela No Account Manager Da Conta E Anote, Nunca Passe A Sua Senha Para Outras Pessoas, E Ao Entrar Em Outros OT´s Crie Contas Diferentes Para Não Sofrer HACKED, Não Me Responsabilizo Por Perdas, Obrigado".
[14/09/2014 22:21:46] > Broadcasted message: "Para esclarecer algumas duvidas digite !notice, para mais informacoes fale com um [CM]".
[14/09/2014 22:22:18] Blackgt has logged out.
[14/09/2014 22:23:27] > Broadcasted message: "Para esclarecer algumas duvidas digite !notice, para mais informacoes fale com um [CM]".
[14/09/2014 22:24:45] > Broadcasted message: "Game map cleaning in 1 minute, please pick up all your items.".
[14/09/2014 22:25:08] > Broadcasted message: "Novo CLIENTE = http://www.4shared.com/rar/Xvc96eOece/Death_PVP.html".
[14/09/2014 22:25:15] > CLEAN: Removed 0 items from 2 tiles in 0.182 seconds.
[14/09/2014 22:25:16] > Broadcasted message: "Map Cleaned.".
[14/09/2014 22:25:41] > Broadcasted message: "Novo CLIENTE = http://www.4shared.com/rar/Xvc96eOece/Death_PVP.html".
[14/09/2014 22:26:49] > Broadcasted message: "Sempre Ao Criar Uma Conta, Pegue A RK Dela No Account Manager Da Conta E Anote, Nunca Passe A Sua Senha Para Outras Pessoas, E Ao Entrar Em Outros OT´s Crie Contas Diferentes Para Não Sofrer HACKED, Não Me Responsabilizo Por Perdas, Obrigado".
[14/09/2014 22:28:30] > Broadcasted message: "Para esclarecer algumas duvidas digite !notice, para mais informacoes fale com um [CM]".
[14/09/2014 22:30:11] > Broadcasted message: "Para ver a lista de proximos tutores digite !tutores.".
[14/09/2014 22:31:19] > Saving server...
[14/09/2014 22:31:21] > SAVE: Complete in 1.218 seconds using relational house storage.
[14/09/2014 22:31:52] > Broadcasted message: "Sempre Ao Criar Uma Conta, Pegue A RK Dela No Account Manager Da Conta E Anote, Nunca Passe A Sua Senha Para Outras Pessoas, E Ao Entrar Em Outros OT´s Crie Contas Diferentes Para Não Sofrer HACKED, Não Me Responsabilizo Por Perdas, Obrigado".
[14/09/2014 22:32:22] > Broadcasted message: "Sempre Ao Criar Uma Conta, Pegue A RK Dela No Account Manager Da Conta E Anote, Nunca Passe A Sua Senha Para Outras Pessoas, E Ao Entrar Em Outros OT´s Crie Contas Diferentes Para Não Sofrer HACKED, Não Me Responsabilizo Por Perdas, Obrigado".
[14/09/2014 22:33:33] > Broadcasted message: "Sempre Ao Criar Uma Conta, Pegue A RK Dela No Account Manager Da Conta E Anote, Nunca Passe A Sua Senha Para Outras Pessoas, E Ao Entrar Em Outros OT´s Crie Contas Diferentes Para Não Sofrer HACKED, Não Me Responsabilizo Por Perdas, Obrigado".
[14/09/2014 22:35:14] > Broadcasted message: "Novo CLIENTE = http://www.4shared.com/rar/Xvc96eOece/Death_PVP.html".
[14/09/2014 22:36:55] > Broadcasted message: "Para ver as noticias fale !notice".
[14/09/2014 22:38:36] > Broadcasted message: "Para duvidas, eventos, e futuramente compras E-mail/Msn -> deathpvp@live.com.".
[14/09/2014 22:39:03] > Broadcasted message: "Para ver a lista de proximos tutores digite !tutores.".
[14/09/2014 22:40:17] > Broadcasted message: "Para ver as noticias fale !notice".
[14/09/2014 22:41:26] > Broadcasted message: "Game map cleaning in 1 minute, please pick up all your items.".
[14/09/2014 22:41:57] > CLEAN: Removed 0 items from 0 tiles in 0.205 seconds.
[14/09/2014 22:41:57] > Broadcasted message: "Map Cleaned.".
[14/09/2014 22:41:58] > Broadcasted message: "Para ver as noticias fale !notice".
[14/09/2014 22:43:39] > Broadcasted message: "Ot on das 07:00 as 00:00".
[14/09/2014 22:45:20] > Broadcasted message: "Sempre Ao Criar Uma Conta, Pegue A RK Dela No Account Manager Da Conta E Anote, Nunca Passe A Sua Senha Para Outras Pessoas, E Ao Entrar Em Outros OT´s Crie Contas Diferentes Para Não Sofrer HACKED, Não Me Responsabilizo Por Perdas, Obrigado".
[14/09/2014 22:45:44] > Broadcasted message: "Para ver as noticias fale !notice".
[14/09/2014 22:47:01] > Broadcasted message: "Para duvidas, eventos, e futuramente compras E-mail/Msn -> deathpvp@live.com.".
