[16/03/2015 00:01:10] Pally The Kill has logged out.
[16/03/2015 00:01:12] Erloff has logged in.
[16/03/2015 00:02:07] Erloff has logged out.
[16/03/2015 00:02:09] Hensh has logged in.
[16/03/2015 00:03:15] Hensh has logged out.
[16/03/2015 00:03:16] Erloff has logged in.
[16/03/2015 00:03:18] Erloff has logged out.
[16/03/2015 00:03:19] Pally The Kill has logged in.
[16/03/2015 00:03:37] Pally The Kill has logged out.
[16/03/2015 00:03:40] Hensh has logged in.
[16/03/2015 00:04:50] Druid Do Torro has logged out.
[16/03/2015 00:04:51] Druid Do Torro has logged in.
[16/03/2015 00:05:54] > Broadcasted message: "Game map cleaning in 1 minute, please pick up all your items.".
[16/03/2015 00:06:26] > CLEAN: Removed 4487 items from 2289 tiles in 0.411 seconds.
[16/03/2015 00:06:26] > Broadcasted message: "Map Cleaned.".
[16/03/2015 00:06:37] > Broadcasted message: "Para comprar bless digite !bless".
[16/03/2015 00:09:42] Sr Smith has logged out.
[16/03/2015 00:09:50] Loco Sem Amigos has logged out.
[16/03/2015 00:10:23] Druid Do Torro has logged out.
[16/03/2015 00:10:24] Druid Do Torro has logged in.
[16/03/2015 00:10:45] Loco Sem Amigos has logged in.
[16/03/2015 00:12:09] Mc Brinquedo I has logged out.
[16/03/2015 00:12:11] Hensh has logged out.
[16/03/2015 00:12:12] Hensh has logged in.
[16/03/2015 00:12:32] Hensh has logged out.
[16/03/2015 00:12:46] Hensh has logged in.
[16/03/2015 00:13:03] Hensh has logged out.
[16/03/2015 00:13:35] Loco Sem Amigos has logged out.
[16/03/2015 00:13:46] Hensh has logged in.
[16/03/2015 00:14:03] Hensh has logged out.
[16/03/2015 00:14:05] Hensh has logged in.
[16/03/2015 00:14:15] Account Manager has logged in.
[16/03/2015 00:14:18] Account Manager has logged out.
[16/03/2015 00:14:18] Hensh has logged out.
[16/03/2015 00:14:21] Hensh has logged in.
[16/03/2015 00:14:42] Hensh has logged out.
[16/03/2015 00:14:58] > Broadcasted message: "Para comprar bless digite !bless".
[16/03/2015 00:15:03] Hensh has logged in.
[16/03/2015 00:15:17] Hensh has logged out.
[16/03/2015 00:15:19] Hensh has logged in.
[16/03/2015 00:15:47] Grimmjow has logged in.
[16/03/2015 00:15:48] Hensh has logged out.
[16/03/2015 00:15:49] Hensh has logged in.
[16/03/2015 00:15:51] Hensh has logged out.
[16/03/2015 00:15:52] Pally The Kill has logged in.
[16/03/2015 00:16:11] Pally The Kill has logged out.
[16/03/2015 00:16:13] Erloff has logged in.
[16/03/2015 00:17:02] Erloff has logged out.
[16/03/2015 00:17:03] Erloff has logged in.
[16/03/2015 00:17:07] Erloff has logged out.
[16/03/2015 00:17:09] Hensh has logged in.
[16/03/2015 00:17:26] Hensh has logged out.
[16/03/2015 00:17:28] Hensh has logged in.
[16/03/2015 00:17:36] Hensh has logged out.
[16/03/2015 00:17:37] Hensh has logged in.
[16/03/2015 00:17:48] Magezin Sapeca has logged out.
[16/03/2015 00:17:54] Hensh has logged out.
[16/03/2015 00:17:55] Hensh has logged in.
[16/03/2015 00:18:05] Hensh has logged out.
[16/03/2015 00:18:13] Account Manager has logged in.
[16/03/2015 00:18:15] Account Manager has logged out.
[16/03/2015 00:18:16] Loco Sem Amigos has logged in.
[16/03/2015 00:19:05] > Saving server...
[16/03/2015 00:19:07] > SAVE: Complete in 2.092 seconds using relational house storage.
[16/03/2015 00:19:21] Druid Do Torro has logged out.
[16/03/2015 00:19:29] Erloff has logged in.
[16/03/2015 00:22:35] > Broadcasted message: "Game map cleaning in 1 minute, please pick up all your items.".
[16/03/2015 00:23:05] > CLEAN: Removed 2168 items from 1636 tiles in 0.187 seconds.
[16/03/2015 00:23:05] > Broadcasted message: "Map Cleaned.".
[16/03/2015 00:23:19] > Broadcasted message: "Para comprar bless digite !bless".
[16/03/2015 00:23:24] Loco Sem Amigos has logged out.
[16/03/2015 00:23:26] Loco Sem Amigos has logged in.
[16/03/2015 00:25:01] Loco Sem Amigos has logged out.
[16/03/2015 00:26:19] Menino Prodigio has logged out.
[16/03/2015 00:26:20] Menino Prodigio has logged in.
[16/03/2015 00:26:55] Menino Prodigio has logged out.
[16/03/2015 00:26:57] Menino Prodigio has logged in.
[16/03/2015 00:28:44] Grimmjow has logged out.
[16/03/2015 00:28:45] Grimmjow has logged in.
[16/03/2015 00:29:02] Grimmjow has logged out.
[16/03/2015 00:29:03] Grimmjow has logged in.
[16/03/2015 00:30:19] Erloff has logged out.
[16/03/2015 00:30:20] Erloff has logged in.
[16/03/2015 00:31:20] Menino Prodigio has logged out.
[16/03/2015 00:31:21] 
[16/03/2015 00:31:21] Lua Script Error: [CreatureScript Interface] 
[16/03/2015 00:31:22] data/creaturescripts/scripts/playerdeath.lua:onDeath
[16/03/2015 00:31:22] 
[16/03/2015 00:31:22] luaGetCreatureName(). Creature not found
[16/03/2015 00:31:22] 
[16/03/2015 00:31:22] Lua Script Error: [CreatureScript Interface] 
[16/03/2015 00:31:22] data/creaturescripts/scripts/playerdeath.lua:onDeath
[16/03/2015 00:31:23] 
[16/03/2015 00:31:23] luaGetCreatureName(). Creature not found
[16/03/2015 00:31:23] Grimmjow has logged out.
[16/03/2015 00:31:24] Menino Prodigio has logged in.
[16/03/2015 00:31:25] Grimmjow has logged in.
[16/03/2015 00:31:40] > Broadcasted message: "Para ver as noticias fale !notice".
[16/03/2015 00:33:08] Grimmjow has logged out.
[16/03/2015 00:33:10] Grimmjow has logged in.
[16/03/2015 00:33:43] Menino Prodigio has logged out.
[16/03/2015 00:33:44] Menino Prodigio has logged in.
[16/03/2015 00:35:03] Menino Prodigio has logged out.
[16/03/2015 00:35:05] Menino Prodigio has logged in.
[16/03/2015 00:35:59] Menino Prodigio has logged out.
[16/03/2015 00:36:01] Menino Prodigio has logged in.
[16/03/2015 00:37:18] Menino Prodigio has logged out.
[16/03/2015 00:37:19] Menino Prodigio has logged in.
[16/03/2015 00:38:42] Menino Prodigio has logged out.
[16/03/2015 00:38:43] Menino Prodigio has logged in.
[16/03/2015 00:39:16] > Broadcasted message: "Game map cleaning in 1 minute, please pick up all your items.".
[16/03/2015 00:39:46] > CLEAN: Removed 543 items from 616 tiles in 0.171 seconds.
[16/03/2015 00:39:46] > Broadcasted message: "Map Cleaned.".
[16/03/2015 00:40:01] > Broadcasted message: "Novo CLIENTE = http://www.4shared.com/rar/cfxSV4o7ce/Death_PVP.html".
[16/03/2015 00:40:11] Grimmjow has logged out.
[16/03/2015 00:40:12] Grimmjow has logged in.
[16/03/2015 00:40:57] Grimmjow has logged out.
[16/03/2015 00:40:58] Grimmjow has logged in.
[16/03/2015 00:41:29] Menino Prodigio has logged out.
[16/03/2015 00:41:31] Menino Prodigio has logged in.
[16/03/2015 00:41:53] Brumm-bromm has logged in.
[16/03/2015 00:41:54] Menino Prodigio has logged out.
[16/03/2015 00:42:12] Menino Prodigio has logged in.
[16/03/2015 00:42:22] Menino Prodigio has logged out.
[16/03/2015 00:42:23] Menino Prodigio has logged in.
[16/03/2015 00:42:26] > Saving server...
[16/03/2015 00:42:28] > SAVE: Complete in 2.2 seconds using relational house storage.
[16/03/2015 00:46:50] Menino Prodigio has logged out.
[16/03/2015 00:46:51] Menino Prodigio has logged in.
[16/03/2015 00:48:03] Brumm-bromm has logged out.
[16/03/2015 00:48:04] Brumm-bromm has logged in.
[16/03/2015 00:48:22] > Broadcasted message: "Para comprar bless digite !bless".
[16/03/2015 00:54:15] Brumm-bromm has logged out.
[16/03/2015 00:54:18] Brumm-bromm has logged in.
[16/03/2015 00:55:57] > Broadcasted message: "Game map cleaning in 1 minute, please pick up all your items.".
[16/03/2015 00:56:28] > CLEAN: Removed 20 items from 64 tiles in 0.156 seconds.
[16/03/2015 00:56:28] > Broadcasted message: "Map Cleaned.".
[16/03/2015 00:56:43] > Broadcasted message: "Para ver as noticias fale !notice".
[16/03/2015 00:57:29] Menino Prodigio has logged out.
[16/03/2015 00:57:33] Menino Prodigio has logged in.
[16/03/2015 00:57:45] Menino Prodigio has logged out.
[16/03/2015 00:57:51] Magezin Sapeca has logged in.
[16/03/2015 00:58:49] Grimmjow has logged out.
[16/03/2015 00:58:51] Grimmjow has logged in.
[16/03/2015 00:59:54] Brumm-bromm has logged out.
[16/03/2015 00:59:56] Brumm-bromm has logged in.
[16/03/2015 00:59:58] Grimmjow has logged out.
[16/03/2015 01:00:02] Grimmjow has logged in.
[16/03/2015 01:01:53] Brumm-bromm has logged out.
[16/03/2015 01:01:56] Brumm-bromm has logged in.
[16/03/2015 01:04:29] Jean has logged in.
[16/03/2015 01:04:31] Erloff has logged out.
[16/03/2015 01:05:04] > Broadcasted message: "Para ver as noticias fale !notice".
[16/03/2015 01:05:13] > Saving server...
[16/03/2015 01:05:15] > SAVE: Complete in 1.763 seconds using relational house storage.
[16/03/2015 01:05:16] Jean has logged out.
[16/03/2015 01:05:20] Magezin Sapeca has logged out.
[16/03/2015 01:05:20] Grimmjow has logged out.
[16/03/2015 01:05:21] Brumm-bromm has logged out.
[16/03/2015 01:05:21] > Saving server...
[16/03/2015 01:05:22] > SAVE: Complete in 1.202 seconds using relational house storage.
[16/03/2015 01:05:23] Preparing to shutdown server..
[16/03/2015 01:05:23] .
[16/03/2015 01:05:23] Exiting
[16/03/2015 12:35:07] The Forgotten Server, version 0.3.4 (Crying Damson)
[16/03/2015 12:35:07] Sever Criado Por Alissow e Comedinha.
[16/03/2015 12:35:07] Publicidade: www.sotserv.blogspot.com <- <- <- Tudo sobre otserv.
[16/03/2015 12:35:08] Bom Jogo!!!
[16/03/2015 12:35:08] 
[16/03/2015 12:35:08] >> Debugging: nothing.
[16/03/2015 12:35:08] >> Checking software version... failed checking - malformed file.
[16/03/2015 12:35:09] 
[16/03/2015 12:35:09] >> Loading config (config.lua)
[16/03/2015 12:35:09] > Using plaintext passwords
[16/03/2015 12:35:09] >> Loading RSA key
[16/03/2015 12:35:09] >> Starting SQL connection
[16/03/2015 12:35:10] >> Running Database Manager
[16/03/2015 12:35:10] > Optimized database.
[16/03/2015 12:35:11] >> Loading items
[16/03/2015 12:35:11] >> Loading groups
[16/03/2015 12:35:11] >> Loading vocations
[16/03/2015 12:35:11] >> Loading script systems
[16/03/2015 12:35:13] >> Loading chat channels
[16/03/2015 12:35:13] >> Loading outfits
[16/03/2015 12:35:13] >> Loading experience stages
[16/03/2015 12:35:14] >> Loading monsters
[16/03/2015 12:35:16] >> Loading map and spawns...
[16/03/2015 12:35:17] > Map size: 65000x65000.
[16/03/2015 12:35:17] > Map descriptions: 
[16/03/2015 12:35:17] Saved with Remere's Map Editor 2.2
[16/03/2015 12:35:17] No map description available.
[16/03/2015 12:35:18] Duplicate uniqueId 2407
[16/03/2015 12:35:21] > Map loading time: 4.93 seconds.
[16/03/2015 12:35:22] > Data loading time: 0.874 seconds.
[16/03/2015 12:35:22] > Unserialization time for houses: 0.031 seconds.
[16/03/2015 12:35:46] > Unserialization time for map: 23.758 seconds.
[16/03/2015 12:35:46] >> Checking world type... PvP
[16/03/2015 12:35:47] >> Initializing game state modules and registering services...
[16/03/2015 12:35:47] > Global address: deathpvp.no-ip.biz
[16/03/2015 12:35:56] > Local ports:
[16/03/2015 12:35:56] 7171	7172	
[16/03/2015 12:35:56] >> All modules were loaded, server starting up...
[16/03/2015 12:35:56] >> OT Death server Online!
[16/03/2015 12:35:56] 
[16/03/2015 12:40:28] sqlite3_step(): SQLITE ERROR: columns id, world_id are not unique
[16/03/2015 12:42:39] Druid Do Torro has logged in.
[16/03/2015 12:43:12] Druid Do Torro has logged out.
[16/03/2015 12:43:34] > Broadcasted message: "Para comprar bless digite !bless".
[16/03/2015 12:44:04] Account Manager has logged in.
[16/03/2015 12:44:06] Account Manager has logged out.
[16/03/2015 12:44:14] Druid Do Torro has logged in.
[16/03/2015 12:45:39] Druid Do Torro has logged out.
[16/03/2015 12:45:59] Lodovica has logged in.
[16/03/2015 12:48:06] Druid Do Torro has logged in.
[16/03/2015 12:48:09] Lodovica has logged out.
[16/03/2015 12:48:26] Hensh has logged in.
[16/03/2015 12:48:37] Druid Do Torro has logged out.
[16/03/2015 12:49:12] Druid Do Torro has logged in.
[16/03/2015 12:49:53] Lodovica has logged in.
[16/03/2015 12:51:11] Lodovica has logged out.
[16/03/2015 12:51:11] Violetta has logged in.
[16/03/2015 12:51:54] > Broadcasted message: "Game map cleaning in 1 minute, please pick up all your items.".
[16/03/2015 12:51:55] > Broadcasted message: "Novo CLIENTE = http://www.4shared.com/rar/cfxSV4o7ce/Death_PVP.html".
[16/03/2015 12:52:24] > CLEAN: Removed 6 items from 71 tiles in 0.171 seconds.
[16/03/2015 12:52:25] > Broadcasted message: "Map Cleaned.".
[16/03/2015 12:52:35] Violetta has logged out.
[16/03/2015 12:52:36] Lodovica has logged in.
[16/03/2015 12:52:44] Hensh has logged out.
[16/03/2015 12:53:12] Lodovica has logged out.
[16/03/2015 12:53:12] Account Manager has logged in.
[16/03/2015 12:53:27] Account Manager has logged out.
[16/03/2015 12:53:28] Lodovica has logged in.
[16/03/2015 12:53:51] Lodovica has logged out.
[16/03/2015 12:54:00] Magezin Sapeca has logged in.
[16/03/2015 12:54:02] Lodovica has logged in.
[16/03/2015 12:54:03] Lodovica has logged out.
[16/03/2015 12:54:13] Mc Brinquedo I has logged in.
[16/03/2015 12:54:42] Magezin Sapeca has logged out.
[16/03/2015 12:54:50] Menino Prodigio has logged in.
[16/03/2015 12:54:56] Menino Prodigio has logged out.
[16/03/2015 12:54:57] Menino Prodigio has logged in.
[16/03/2015 12:57:53] Magezin Sapeca has logged in.
[16/03/2015 12:58:16] Druid Do Torro has logged out.
[16/03/2015 12:58:19] Druid Do Torro has logged in.
[16/03/2015 12:58:39] > Saving server...
[16/03/2015 12:58:41] > SAVE: Complete in 1.841 seconds using relational house storage.
[16/03/2015 12:58:55] Erloff has logged in.
[16/03/2015 13:00:13] Erloff has logged out.
[16/03/2015 13:00:14] Erloff has logged in.
[16/03/2015 13:00:16] > Broadcasted message: "Sempre Ao Criar Uma Conta, Pegue A RK Dela No Account Manager Da Conta E Anote, Nunca Passe A Sua Senha Para Outras Pessoas, E Ao Entrar Em Outros OT´s Crie Contas Diferentes Para Não Sofrer HACKED, Não Me Responsabilizo Por Perdas, Obrigado".
[16/03/2015 13:01:56] Mc Brinquedo I has logged out.
[16/03/2015 13:01:58] Erloff has logged out.
[16/03/2015 13:04:14] Lucas has logged in.
[16/03/2015 13:04:39] Druid Do Torro has logged out.
[16/03/2015 13:04:44] Druid Do Torro has logged in.
[16/03/2015 13:08:35] > Broadcasted message: "Game map cleaning in 1 minute, please pick up all your items.".
[16/03/2015 13:08:37] > Broadcasted message: "Para ver as noticias fale !notice".
[16/03/2015 13:08:51] Druid Do Torro has logged out.
[16/03/2015 13:09:06] > CLEAN: Removed 3613 items from 1977 tiles in 0.234 seconds.
[16/03/2015 13:09:06] > Broadcasted message: "Map Cleaned.".
[16/03/2015 13:12:15] Kanguru Mage has logged in.
[16/03/2015 13:15:43] Mlk Loko I has logged in.
[16/03/2015 13:15:55] Kanguru Mage has logged out.
[16/03/2015 13:16:58] > Broadcasted message: "Para comprar bless digite !bless".
[16/03/2015 13:17:53] Jean has logged in.
[16/03/2015 13:18:39] Magezin Sapeca has logged out.
[16/03/2015 13:18:47] Jean has logged out.
[16/03/2015 13:19:18] Account Manager has logged in.
[16/03/2015 13:19:19] Account Manager has logged out.
[16/03/2015 13:19:27] > Saving server...
[16/03/2015 13:19:29] > SAVE: Complete in 1.872 seconds using relational house storage.
[16/03/2015 13:19:46] Account Manager has logged in.
[16/03/2015 13:19:48] Account Manager has logged out.
[16/03/2015 13:19:54] Jean has logged in.
[16/03/2015 13:19:57] Brother has logged in.
[16/03/2015 13:20:16] Lucas has logged out.
[16/03/2015 13:20:17] Lucas has logged in.
[16/03/2015 13:20:22] Account Manager has logged in.
[16/03/2015 13:20:23] Account Manager has logged out.
[16/03/2015 13:21:08] Lodovica has logged in.
[16/03/2015 13:21:10] Jean has logged out.
[16/03/2015 13:22:00] > Saving server...
[16/03/2015 13:22:02] > SAVE: Complete in 2.059 seconds using relational house storage.
[16/03/2015 13:22:15] Menino Prodigio has logged out.
[16/03/2015 13:22:17] Menino Prodigio has logged in.
[16/03/2015 13:22:45] Lodovica has logged out.
[16/03/2015 13:22:46] Violetta has logged in.
[16/03/2015 13:23:35] Violetta has logged out.
[16/03/2015 13:23:35] Lodovica has logged in.
[16/03/2015 13:25:16] > Broadcasted message: "Game map cleaning in 1 minute, please pick up all your items.".
[16/03/2015 13:25:19] > Broadcasted message: "Para ver as noticias fale !notice".
[16/03/2015 13:25:22] Brother has logged out.
[16/03/2015 13:25:46] > CLEAN: Removed 3727 items from 2871 tiles in 0.234 seconds.
[16/03/2015 13:25:46] > Broadcasted message: "Map Cleaned.".
[16/03/2015 13:26:33] Lodovica has logged out.
[16/03/2015 13:26:33] Account Manager has logged in.
[16/03/2015 13:26:34] Account Manager has logged out.
[16/03/2015 13:26:51] Lodovica has logged in.
[16/03/2015 13:27:53] Yakuza has logged in.
[16/03/2015 13:29:02] Lodovica has logged out.
[16/03/2015 13:32:53] Mr Thug has logged in.
[16/03/2015 13:33:01] Mlk Loko I has logged out.
[16/03/2015 13:33:32] Druid Do Torro has logged in.
[16/03/2015 13:33:40] > Broadcasted message: "Novo CLIENTE = http://www.4shared.com/rar/cfxSV4o7ce/Death_PVP.html".
[16/03/2015 13:34:10] Druid Do Torro has logged out.
[16/03/2015 13:34:48] Brother has logged in.
[16/03/2015 13:35:14] Mlk Loko I has logged in.
[16/03/2015 13:36:05] Brother has logged out.
[16/03/2015 13:36:22] Druid Do Torro has logged in.
[16/03/2015 13:37:39] Lucas has logged out.
[16/03/2015 13:37:41] Lucas has logged in.
[16/03/2015 13:38:04] Mr Thug has logged out.
[16/03/2015 13:38:21] Mlk Loko I has logged out.
[16/03/2015 13:38:26] Mc Brinquedo I has logged in.
[16/03/2015 13:38:57] Mr Thug has logged in.
[16/03/2015 13:39:06] Druid Do Torro has logged out.
[16/03/2015 13:39:25] Mlk Loko I has logged in.
[16/03/2015 13:39:38] Mc Brinquedo I has logged out.
[16/03/2015 13:39:42] Lucas has logged out.
[16/03/2015 13:39:43] Lucas has logged in.
[16/03/2015 13:40:22] Yakuza has logged out.
[16/03/2015 13:40:27] Yakuza has logged in.
[16/03/2015 13:41:12] Yakuza has logged out.
[16/03/2015 13:41:13] Lucas has logged out.
[16/03/2015 13:41:14] Yakuza has logged in.
[16/03/2015 13:41:17] Lucas has logged in.
[16/03/2015 13:41:31] Druid Do Torro has logged in.
[16/03/2015 13:41:57] > Broadcasted message: "Game map cleaning in 1 minute, please pick up all your items.".
[16/03/2015 13:42:01] > Broadcasted message: "Para ver as noticias fale !notice".
[16/03/2015 13:42:23] Ishilga Uryu has logged in.
[16/03/2015 13:42:25] Mr Thug has logged out.
[16/03/2015 13:42:28] > CLEAN: Removed 2158 items from 1998 tiles in 0.234 seconds.
[16/03/2015 13:42:28] > Broadcasted message: "Map Cleaned.".
[16/03/2015 13:43:00] Yakuza has logged out.
[16/03/2015 13:43:03] Mr Thug has logged in.
[16/03/2015 13:43:04] Druid Do Torro has logged out.
[16/03/2015 13:43:37] Mlk Loko I has logged out.
[16/03/2015 13:43:40] Mlk Loko I has logged in.
[16/03/2015 13:44:15] Druid Do Torro has logged in.
[16/03/2015 13:44:23] Ishilga Uryu has logged out.
[16/03/2015 13:45:05] Druid Do Torro has logged out.
[16/03/2015 13:45:21] > Saving server...
[16/03/2015 13:45:23] > SAVE: Complete in 1.904 seconds using relational house storage.
[16/03/2015 13:45:28] Yakuza has logged in.
[16/03/2015 13:45:29] Jean has logged in.
[16/03/2015 13:45:56] Druid Do Torro has logged in.
[16/03/2015 13:47:16] Jean has logged out.
[16/03/2015 13:48:08] Druid Do Torro has logged out.
[16/03/2015 13:48:09] Mr Thug has logged out.
[16/03/2015 13:48:10] Mr Thug has logged in.
[16/03/2015 13:50:22] > Broadcasted message: "Sempre Ao Criar Uma Conta, Pegue A RK Dela No Account Manager Da Conta E Anote, Nunca Passe A Sua Senha Para Outras Pessoas, E Ao Entrar Em Outros OT´s Crie Contas Diferentes Para Não Sofrer HACKED, Não Me Responsabilizo Por Perdas, Obrigado".
[16/03/2015 13:52:03] Menino Prodigio has logged out.
[16/03/2015 13:53:40] Druid Do Torro has logged in.
[16/03/2015 13:54:55] Mr Thug has logged out.
[16/03/2015 13:54:58] Mr Thug has logged in.
[16/03/2015 13:56:48] Lucas has logged out.
[16/03/2015 13:56:49] Lucas has logged in.
[16/03/2015 13:57:20] Druid Do Torro has logged out.
[16/03/2015 13:57:21] Druid Do Torro has logged in.
[16/03/2015 13:58:38] > Broadcasted message: "Game map cleaning in 1 minute, please pick up all your items.".
[16/03/2015 13:58:43] > Broadcasted message: "Para ver as noticias fale !notice".
[16/03/2015 13:59:04] Druid Do Torro has logged out.
[16/03/2015 13:59:08] > CLEAN: Removed 6893 items from 4893 tiles in 0.265 seconds.
[16/03/2015 13:59:08] > Broadcasted message: "Map Cleaned.".
[16/03/2015 13:59:35] Mr Thug has logged out.
[16/03/2015 14:00:58] Mr Thug has logged in.
[16/03/2015 14:01:40] Druid Do Torro has logged in.
[16/03/2015 14:02:02] Druid Do Torro has logged out.
[16/03/2015 14:07:05] > Broadcasted message: "Novo CLIENTE = http://www.4shared.com/rar/cfxSV4o7ce/Death_PVP.html".
[16/03/2015 14:08:42] > Saving server...
[16/03/2015 14:08:44] > SAVE: Complete in 2.028 seconds using relational house storage.
[16/03/2015 14:10:09] Druid Do Torro has logged in.
[16/03/2015 14:12:37] Druid Do Torro has logged out.
[16/03/2015 14:13:25] Mete Akky has logged in.
[16/03/2015 14:13:46] Lucas has logged out.
[16/03/2015 14:14:03] Mete Akky has logged out.
[16/03/2015 14:14:53] Lucas has logged in.
[16/03/2015 14:15:20] > Broadcasted message: "Game map cleaning in 1 minute, please pick up all your items.".
[16/03/2015 14:15:26] > Broadcasted message: "Sempre Ao Criar Uma Conta, Pegue A RK Dela No Account Manager Da Conta E Anote, Nunca Passe A Sua Senha Para Outras Pessoas, E Ao Entrar Em Outros OT´s Crie Contas Diferentes Para Não Sofrer HACKED, Não Me Responsabilizo Por Perdas, Obrigado".
[16/03/2015 14:15:32] Grimmjow has logged in.
[16/03/2015 14:15:50] > CLEAN: Removed 12716 items from 7114 tiles in 0.75 seconds.
[16/03/2015 14:15:51] > Broadcasted message: "Map Cleaned.".
[16/03/2015 14:15:53] Mr Thug has logged out.
[16/03/2015 14:16:26] Chucalho has logged in.
[16/03/2015 14:16:27] Chucalho has logged out.
[16/03/2015 14:16:34] Mr Thug has logged in.
[16/03/2015 14:16:44] Account Manager has logged in.
[16/03/2015 14:16:45] Account Manager has logged out.
[16/03/2015 14:17:12] Klabautermann has logged in.
[16/03/2015 14:17:13] Klabautermann has logged out.
[16/03/2015 14:18:13] Account Manager has logged in.
[16/03/2015 14:18:15] Account Manager has logged out.
[16/03/2015 14:18:18] Mlk Loko I has logged out.
[16/03/2015 14:19:13] Mlk Loko I has logged in.
[16/03/2015 14:19:56] Druid Do Torro has logged in.
[16/03/2015 14:20:55] Mlk Loko I has logged out.
[16/03/2015 14:20:56] Druid Do Torro has logged out.
[16/03/2015 14:23:47] > Broadcasted message: "Para ver as noticias fale !notice".
[16/03/2015 14:25:31] Yakuza has logged out.
[16/03/2015 14:25:32] Yakuza has logged in.
[16/03/2015 14:25:33] Yakuza has logged out.
[16/03/2015 14:25:34] Yakuza has logged in.
[16/03/2015 14:25:34] Yakuza has logged out.
[16/03/2015 14:25:35] Yakuza has logged in.
[16/03/2015 14:25:36] Yakuza has logged out.
[16/03/2015 14:25:37] Yakuza has logged in.
[16/03/2015 14:25:38] Yakuza has logged out.
[16/03/2015 14:25:39] Yakuza has logged in.
[16/03/2015 14:25:40] Yakuza has logged out.
[16/03/2015 14:25:40] Yakuza has logged in.
[16/03/2015 14:25:41] Yakuza has logged out.
[16/03/2015 14:25:42] Yakuza has logged in.
[16/03/2015 14:25:43] Yakuza has logged out.
[16/03/2015 14:25:44] Yakuza has logged in.
[16/03/2015 14:25:44] Yakuza has logged out.
[16/03/2015 14:25:45] Yakuza has logged in.
[16/03/2015 14:25:45] Yakuza has logged out.
[16/03/2015 14:25:46] Yakuza has logged in.
[16/03/2015 14:25:47] Yakuza has logged out.
[16/03/2015 14:25:47] Yakuza has logged in.
[16/03/2015 14:25:48] Yakuza has logged out.
[16/03/2015 14:25:48] Yakuza has logged in.
[16/03/2015 14:25:49] Yakuza has logged out.
[16/03/2015 14:25:49] Yakuza has logged in.
[16/03/2015 14:25:50] Yakuza has logged out.
[16/03/2015 14:25:50] Yakuza has logged in.
[16/03/2015 14:25:51] Yakuza has logged out.
[16/03/2015 14:25:51] Yakuza has logged in.
[16/03/2015 14:25:52] Yakuza has logged out.
[16/03/2015 14:25:53] Yakuza has logged in.
[16/03/2015 14:25:53] Yakuza has logged out.
[16/03/2015 14:25:54] Yakuza has logged in.
[16/03/2015 14:25:55] Yakuza has logged out.
[16/03/2015 14:26:01] Yakuza has logged in.
[16/03/2015 14:26:02] Yakuza has logged out.
[16/03/2015 14:26:03] Yakuza has logged in.
[16/03/2015 14:26:03] Yakuza has logged out.
[16/03/2015 14:26:04] Yakuza has logged in.
[16/03/2015 14:26:04] 
[16/03/2015 14:26:04] Lua Script Error: [CreatureScript Interface] 
[16/03/2015 14:26:04] in a timer event called from: 
[16/03/2015 14:26:04] data/creaturescripts/scripts/antimc.lua:onLogin
[16/03/2015 14:26:05] 
[16/03/2015 14:26:05] luaDoRemoveCreature(). Creature not found
[16/03/2015 14:26:05] Yakuza has logged out.
[16/03/2015 14:26:06] Yakuza has logged in.
[16/03/2015 14:26:07] Yakuza has logged out.
[16/03/2015 14:26:07] Yakuza has logged in.
[16/03/2015 14:26:08] Yakuza has logged out.
[16/03/2015 14:26:09] Yakuza has logged in.
[16/03/2015 14:26:10] Yakuza has logged out.
[16/03/2015 14:26:11] Yakuza has logged in.
[16/03/2015 14:26:11] Yakuza has logged out.
[16/03/2015 14:26:12] Yakuza has logged in.
[16/03/2015 14:26:12] Yakuza has logged out.
[16/03/2015 14:26:13] Yakuza has logged in.
[16/03/2015 14:26:14] Yakuza has logged out.
[16/03/2015 14:26:14] Yakuza has logged in.
[16/03/2015 14:26:15] Yakuza has logged out.
[16/03/2015 14:26:15] Yakuza has logged in.
[16/03/2015 14:26:16] Yakuza has logged out.
[16/03/2015 14:26:16] Yakuza has logged in.
[16/03/2015 14:26:17] Yakuza has logged out.
[16/03/2015 14:26:17] Yakuza has logged in.
[16/03/2015 14:26:18] Yakuza has logged out.
[16/03/2015 14:26:19] Yakuza has logged in.
[16/03/2015 14:26:19] 
[16/03/2015 14:26:19] Lua Script Error: [CreatureScript Interface] 
[16/03/2015 14:26:19] in a timer event called from: 
[16/03/2015 14:26:19] data/creaturescripts/scripts/antimc.lua:onLogin
[16/03/2015 14:26:19] 
[16/03/2015 14:26:19] luaDoRemoveCreature(). Creature not found
[16/03/2015 14:26:20] Yakuza has logged out.
[16/03/2015 14:26:21] Yakuza has logged in.
[16/03/2015 14:26:21] Yakuza has logged out.
[16/03/2015 14:26:28] Yakuza has logged in.
[16/03/2015 14:26:36] Grimmjow has logged out.
[16/03/2015 14:26:39] Grimmjow has logged in.
[16/03/2015 14:27:00] Yakuza has logged out.
[16/03/2015 14:27:01] Yakuza has logged in.
[16/03/2015 14:27:02] Yakuza has logged out.
[16/03/2015 14:27:02] Yakuza has logged in.
[16/03/2015 14:27:03] Yakuza has logged out.
[16/03/2015 14:27:03] Yakuza has logged in.
[16/03/2015 14:27:04] Yakuza has logged out.
[16/03/2015 14:27:04] Yakuza has logged in.
[16/03/2015 14:27:05] Yakuza has logged out.
[16/03/2015 14:27:06] Yakuza has logged in.
[16/03/2015 14:27:06] Yakuza has logged out.
[16/03/2015 14:27:07] Yakuza has logged in.
[16/03/2015 14:27:07] Yakuza has logged out.
[16/03/2015 14:27:08] Yakuza has logged in.
[16/03/2015 14:27:09] Yakuza has logged out.
[16/03/2015 14:27:09] Yakuza has logged in.
[16/03/2015 14:27:10] Yakuza has logged out.
[16/03/2015 14:27:10] Yakuza has logged in.
[16/03/2015 14:27:11] Yakuza has logged out.
[16/03/2015 14:27:11] Yakuza has logged in.
[16/03/2015 14:27:12] Yakuza has logged out.
[16/03/2015 14:27:12] Yakuza has logged in.
[16/03/2015 14:27:13] Yakuza has logged out.
[16/03/2015 14:27:14] Yakuza has logged in.
[16/03/2015 14:27:14] Yakuza has logged out.
[16/03/2015 14:27:15] Yakuza has logged in.
[16/03/2015 14:27:15] Yakuza has logged out.
[16/03/2015 14:27:16] Yakuza has logged in.
[16/03/2015 14:27:17] Yakuza has logged out.
[16/03/2015 14:27:17] Yakuza has logged in.
[16/03/2015 14:27:18] Yakuza has logged out.
[16/03/2015 14:27:19] Yakuza has logged in.
[16/03/2015 14:27:20] Yakuza has logged out.
[16/03/2015 14:27:25] Grimmjow has logged out.
[16/03/2015 14:27:26] Yakuza has logged in.
[16/03/2015 14:27:51] Grimmjow has logged in.
[16/03/2015 14:28:00] Yakuza has logged out.
[16/03/2015 14:28:00] Yakuza has logged in.
[16/03/2015 14:28:01] Yakuza has logged out.
[16/03/2015 14:28:01] Yakuza has logged in.
[16/03/2015 14:28:02] Yakuza has logged out.
[16/03/2015 14:28:03] Yakuza has logged in.
[16/03/2015 14:28:03] Lucas has logged out.
[16/03/2015 14:28:05] Lucas has logged in.
[16/03/2015 14:28:06] Yakuza has logged out.
[16/03/2015 14:28:06] Yakuza has logged in.
[16/03/2015 14:28:09] Yakuza has logged out.
[16/03/2015 14:28:10] Yakuza has logged in.
[16/03/2015 14:28:10] Yakuza has logged out.
[16/03/2015 14:28:11] Yakuza has logged in.
[16/03/2015 14:28:11] Yakuza has logged out.
[16/03/2015 14:28:12] Yakuza has logged in.
[16/03/2015 14:28:13] Yakuza has logged out.
[16/03/2015 14:28:13] Yakuza has logged in.
[16/03/2015 14:28:14] Yakuza has logged out.
[16/03/2015 14:28:14] Yakuza has logged in.
[16/03/2015 14:28:15] Yakuza has logged out.
[16/03/2015 14:28:15] Yakuza has logged in.
[16/03/2015 14:28:16] Yakuza has logged out.
[16/03/2015 14:28:17] Yakuza has logged in.
[16/03/2015 14:29:30] Yakuza has logged out.
[16/03/2015 14:29:30] Yakuza has logged in.
[16/03/2015 14:29:50] Lucas has logged out.
[16/03/2015 14:29:52] Anjo pk has logged in.
[16/03/2015 14:30:19] Anjo pk has logged out.
[16/03/2015 14:30:24] Lucas has logged in.
[16/03/2015 14:30:37] Druid Do Torro has logged in.
[16/03/2015 14:31:10] Lucas has logged out.
[16/03/2015 14:31:12] Anjo pk has logged in.
[16/03/2015 14:31:37] Yakuza has logged out.
[16/03/2015 14:31:37] Yakuza has logged in.
[16/03/2015 14:31:38] Yakuza has logged out.
[16/03/2015 14:31:38] Yakuza has logged in.
[16/03/2015 14:31:39] Yakuza has logged out.
[16/03/2015 14:31:39] Yakuza has logged in.
[16/03/2015 14:31:40] Yakuza has logged out.
[16/03/2015 14:31:40] Yakuza has logged in.
[16/03/2015 14:31:41] Yakuza has logged out.
[16/03/2015 14:31:42] Yakuza has logged in.
[16/03/2015 14:32:01] > Broadcasted message: "Game map cleaning in 1 minute, please pick up all your items.".
[16/03/2015 14:32:03] > Saving server...
[16/03/2015 14:32:05] > SAVE: Complete in 2.232 seconds using relational house storage.
[16/03/2015 14:32:08] > Broadcasted message: "Para ver as noticias fale !notice".
[16/03/2015 14:32:25] Grimmjow has logged out.
[16/03/2015 14:32:31] > CLEAN: Removed 3948 items from 2928 tiles in 0.291 seconds.
[16/03/2015 14:32:32] > Broadcasted message: "Map Cleaned.".
[16/03/2015 14:32:41] Druid Do Torro has logged out.
[16/03/2015 14:33:15] Grimmjow has logged in.
[16/03/2015 14:34:12] Mr Thug has logged out.
[16/03/2015 14:34:33] Mlk Loko I has logged in.
[16/03/2015 14:34:38] Anjo pk has logged out.
[16/03/2015 14:34:39] Lucas has logged in.
[16/03/2015 14:35:32] Grimmjow has logged out.
[16/03/2015 14:38:34] Pala Nas Sombras has logged in.
[16/03/2015 14:38:53] Account Manager has logged in.
[16/03/2015 14:38:54] Account Manager has logged out.
[16/03/2015 14:40:29] > Broadcasted message: "Para ver as noticias fale !notice".
[16/03/2015 14:43:48] Yakuza has logged out.
[16/03/2015 14:43:49] Yakuza has logged in.
[16/03/2015 14:44:53] Brother has logged in.
[16/03/2015 14:45:51] Brother has logged out.
[16/03/2015 14:48:42] > Broadcasted message: "Game map cleaning in 1 minute, please pick up all your items.".
[16/03/2015 14:48:50] > Broadcasted message: "Para ver as noticias fale !notice".
[16/03/2015 14:49:13] > CLEAN: Removed 4659 items from 3435 tiles in 0.3 seconds.
[16/03/2015 14:49:13] > Broadcasted message: "Map Cleaned.".
[16/03/2015 14:50:25] Lucas has logged out.
[16/03/2015 14:50:34] Lucas has logged in.
[16/03/2015 14:53:42] Mlk Loko I has logged out.
[16/03/2015 14:55:10] Pala Nas Sombras has logged out.
[16/03/2015 14:55:15] Yakuza has logged out.
[16/03/2015 14:55:16] Yakuza has logged in.
[16/03/2015 14:55:16] Yakuza has logged out.
[16/03/2015 14:55:17] Yakuza has logged in.
[16/03/2015 14:55:17] Yakuza has logged out.
[16/03/2015 14:55:18] Yakuza has logged in.
[16/03/2015 14:55:19] Yakuza has logged out.
[16/03/2015 14:55:19] Yakuza has logged in.
[16/03/2015 14:55:20] Yakuza has logged out.
[16/03/2015 14:55:20] Yakuza has logged in.
[16/03/2015 14:55:21] Yakuza has logged out.
[16/03/2015 14:55:21] Yakuza has logged in.
[16/03/2015 14:55:22] Yakuza has logged out.
[16/03/2015 14:55:24] Yakuza has logged in.
[16/03/2015 14:55:24] > Saving server...
[16/03/2015 14:55:26] > SAVE: Complete in 1.83 seconds using relational house storage.
[16/03/2015 14:55:29] Yakuza has logged out.
[16/03/2015 14:55:29] Yakuza has logged in.
[16/03/2015 14:55:30] Yakuza has logged out.
[16/03/2015 14:55:30] Yakuza has logged in.
[16/03/2015 14:55:31] Yakuza has logged out.
[16/03/2015 14:55:32] Yakuza has logged in.
[16/03/2015 14:55:33] Yakuza has logged out.
[16/03/2015 14:55:35] Yakuza has logged in.
[16/03/2015 14:55:35] Yakuza has logged out.
[16/03/2015 14:55:36] Yakuza has logged in.
[16/03/2015 14:55:36] Yakuza has logged out.
[16/03/2015 14:55:37] Yakuza has logged in.
[16/03/2015 14:55:38] Yakuza has logged out.
[16/03/2015 14:55:38] Yakuza has logged in.
[16/03/2015 14:55:39] Yakuza has logged out.
[16/03/2015 14:55:39] Yakuza has logged in.
[16/03/2015 14:55:40] Yakuza has logged out.
[16/03/2015 14:55:40] Yakuza has logged in.
[16/03/2015 14:55:41] Yakuza has logged out.
[16/03/2015 14:55:42] Yakuza has logged in.
[16/03/2015 14:55:45] Yakuza has logged out.
[16/03/2015 14:55:46] Yakuza has logged in.
[16/03/2015 14:55:48] Yakuza has logged out.
[16/03/2015 14:55:49] Yakuza has logged in.
[16/03/2015 14:55:51] Yakuza has logged out.
[16/03/2015 14:55:52] Yakuza has logged in.
[16/03/2015 14:55:52] Yakuza has logged out.
[16/03/2015 14:55:53] Yakuza has logged in.
[16/03/2015 14:55:54] Yakuza has logged out.
[16/03/2015 14:55:54] Yakuza has logged in.
[16/03/2015 14:55:55] Yakuza has logged out.
[16/03/2015 14:55:55] Yakuza has logged in.
[16/03/2015 14:55:56] Yakuza has logged out.
[16/03/2015 14:56:02] Yakuza has logged in.
[16/03/2015 14:56:04] Yakuza has logged out.
[16/03/2015 14:56:04] Yakuza has logged in.
[16/03/2015 14:56:05] Yakuza has logged out.
[16/03/2015 14:56:05] Yakuza has logged in.
[16/03/2015 14:56:06] Yakuza has logged out.
[16/03/2015 14:56:06] Yakuza has logged in.
[16/03/2015 14:56:07] Yakuza has logged out.
[16/03/2015 14:56:08] Yakuza has logged in.
[16/03/2015 14:57:11] > Broadcasted message: "Novo CLIENTE = http://www.4shared.com/rar/cfxSV4o7ce/Death_PVP.html".
[16/03/2015 15:00:19] Yakuza has logged out.
[16/03/2015 15:01:54] Account Manager has logged in.
[16/03/2015 15:01:54] Account Manager has logged out.
[16/03/2015 15:02:03] Account Manager has logged in.
[16/03/2015 15:02:04] Account Manager has logged out.
[16/03/2015 15:02:13] Account Manager has logged in.
[16/03/2015 15:02:13] Account Manager has logged out.
[16/03/2015 15:02:26] Account Manager has logged in.
[16/03/2015 15:02:27] Account Manager has logged out.
[16/03/2015 15:04:08] Lucas has logged out.
[16/03/2015 15:04:09] Lucas has logged in.
[16/03/2015 15:04:29] Mlk Loko I has logged in.
[16/03/2015 15:05:05] Lucas has logged out.
[16/03/2015 15:05:05] Lucas has logged in.
[16/03/2015 15:05:23] > Broadcasted message: "Game map cleaning in 1 minute, please pick up all your items.".
[16/03/2015 15:05:32] > Broadcasted message: "Para ver as noticias fale !notice".
[16/03/2015 15:05:53] > CLEAN: Removed 3043 items from 2626 tiles in 0.215 seconds.
[16/03/2015 15:05:54] > Broadcasted message: "Map Cleaned.".
[16/03/2015 15:09:49] Lucas has logged out.
[16/03/2015 15:09:51] Lucas has logged in.
[16/03/2015 15:10:58] Jean has logged in.
[16/03/2015 15:13:28] > Saving server...
[16/03/2015 15:13:30] > SAVE: Complete in 2.121 seconds using relational house storage.
[16/03/2015 15:13:31] Jean has logged out.
[16/03/2015 15:13:53] > Broadcasted message: "Para comprar bless digite !bless".
[16/03/2015 15:18:45] > Saving server...
[16/03/2015 15:18:47] > SAVE: Complete in 1.638 seconds using relational house storage.
[16/03/2015 15:22:04] > Broadcasted message: "Game map cleaning in 1 minute, please pick up all your items.".
[16/03/2015 15:22:14] > Broadcasted message: "Para comprar bless digite !bless".
[16/03/2015 15:22:35] > CLEAN: Removed 7743 items from 4768 tiles in 0.297 seconds.
[16/03/2015 15:22:35] > Broadcasted message: "Map Cleaned.".
[16/03/2015 15:22:59] Lucas has logged out.
[16/03/2015 15:24:32] Druid Do Torro has logged in.
[16/03/2015 15:25:46] Account Manager has logged in.
[16/03/2015 15:25:47] Account Manager has logged out.
[16/03/2015 15:25:52] Loco Sem Amigos has logged in.
[16/03/2015 15:30:35] > Broadcasted message: "Para ver as noticias fale !notice".
[16/03/2015 15:31:14] Loco Sem Amigos has logged out.
[16/03/2015 15:34:47] Loco Sem Amigos has logged in.
[16/03/2015 15:34:53] Loco Sem Amigos has logged out.
[16/03/2015 15:35:29] Loco Sem Amigos has logged in.
[16/03/2015 15:35:38] Account Manager has logged in.
[16/03/2015 15:35:41] Account Manager has logged out.
[16/03/2015 15:35:47] Brother has logged in.
[16/03/2015 15:36:59] Account Manager has logged in.
[16/03/2015 15:37:00] Account Manager has logged out.
[16/03/2015 15:38:05] Druid Do Torro has logged out.
[16/03/2015 15:38:06] Druid Do Torro has logged in.
[16/03/2015 15:38:45] > Broadcasted message: "Game map cleaning in 1 minute, please pick up all your items.".
[16/03/2015 15:38:56] > Broadcasted message: "Novo CLIENTE = http://www.4shared.com/rar/cfxSV4o7ce/Death_PVP.html".
[16/03/2015 15:39:16] > CLEAN: Removed 7081 items from 3311 tiles in 0.266 seconds.
[16/03/2015 15:39:16] > Broadcasted message: "Map Cleaned.".
[16/03/2015 15:40:38] Mlk Loko I has logged out.
[16/03/2015 15:42:06] > Saving server...
[16/03/2015 15:42:08] > SAVE: Complete in 1.779 seconds using relational house storage.
[16/03/2015 15:43:37] Lodovica has logged in.
[16/03/2015 15:47:17] > Broadcasted message: "Para comprar bless digite !bless".
[16/03/2015 15:48:36] Knight Furiozo has logged in.
[16/03/2015 15:55:26] > Broadcasted message: "Game map cleaning in 1 minute, please pick up all your items.".
[16/03/2015 15:55:38] > Broadcasted message: "Para comprar bless digite !bless".
[16/03/2015 15:55:52] Mc Brinquedo I has logged in.
[16/03/2015 15:55:56] > CLEAN: Removed 3635 items from 2521 tiles in 0.234 seconds.
[16/03/2015 15:55:57] > Broadcasted message: "Map Cleaned.".
[16/03/2015 15:57:52] Yakuza has logged in.
[16/03/2015 16:01:38] Knight Furiozo has logged out.
[16/03/2015 16:03:07] Brother has logged out.
[16/03/2015 16:03:59] > Broadcasted message: "Para comprar bless digite !bless".
[16/03/2015 16:04:46] Mc Brinquedo I has logged out.
[16/03/2015 16:04:47] Mc Brinquedo I has logged in.
[16/03/2015 16:05:08] Lodovica has logged out.
[16/03/2015 16:05:12] Mlk Loko I has logged in.
[16/03/2015 16:05:20] Lodovica has logged in.
[16/03/2015 16:05:27] > Saving server...
[16/03/2015 16:05:29] > SAVE: Complete in 2.293 seconds using relational house storage.
[16/03/2015 16:08:35] Mc Brinquedo I has logged out.
[16/03/2015 16:09:10] Account Manager has logged in.
[16/03/2015 16:09:31] Account Manager has logged out.
[16/03/2015 16:09:38] Mc Brinquedo I has logged in.
[16/03/2015 16:10:29] Mc Brinquedo I has logged out.
[16/03/2015 16:10:32] Account Manager has logged in.
[16/03/2015 16:10:37] Account Manager has logged out.
[16/03/2015 16:10:38] Account Manager has logged in.
[16/03/2015 16:10:44] Account Manager has logged out.
[16/03/2015 16:10:48] Account Manager has logged in.
[16/03/2015 16:10:50] Account Manager has logged out.
[16/03/2015 16:10:50] Mc Brinquedo I has logged in.
[16/03/2015 16:11:29] Lodovica has logged out.
[16/03/2015 16:12:07] > Broadcasted message: "Game map cleaning in 1 minute, please pick up all your items.".
[16/03/2015 16:12:20] > Broadcasted message: "Para ver as noticias fale !notice".
[16/03/2015 16:12:37] > CLEAN: Removed 5072 items from 3981 tiles in 0.266 seconds.
[16/03/2015 16:12:37] > Broadcasted message: "Map Cleaned.".
[16/03/2015 16:13:29] Merlin Scort has logged in.
[16/03/2015 16:14:55] Merlin Scort has logged out.
[16/03/2015 16:15:01] Druid Do Torro has logged out.
[16/03/2015 16:17:45] Druid Do Torro has logged in.
[16/03/2015 16:19:41] Mc Brinquedo I has logged out.
[16/03/2015 16:20:41] > Broadcasted message: "Para ver as noticias fale !notice".
[16/03/2015 16:21:50] Loco Sem Amigos has logged out.
[16/03/2015 16:28:48] > Saving server...
[16/03/2015 16:28:50] > SAVE: Complete in 1.732 seconds using relational house storage.
[16/03/2015 16:28:50] > Broadcasted message: "Game map cleaning in 1 minute, please pick up all your items.".
[16/03/2015 16:29:02] > Broadcasted message: "Novo CLIENTE = http://www.4shared.com/rar/cfxSV4o7ce/Death_PVP.html".
[16/03/2015 16:29:21] > CLEAN: Removed 7704 items from 4182 tiles in 0.281 seconds.
[16/03/2015 16:29:21] > Broadcasted message: "Map Cleaned.".
[16/03/2015 16:31:29] Druid Do Torro has logged out.
[16/03/2015 16:32:09] Druid Do Torro has logged in.
[16/03/2015 16:32:10] Druid Do Torro has logged out.
[16/03/2015 16:32:54] Druid Do Torro has logged in.
[16/03/2015 16:34:20] Loco Sem Amigos has logged in.
[16/03/2015 16:36:18] Druidzerah Mythus has logged in.
[16/03/2015 16:37:23] > Broadcasted message: "Para comprar bless digite !bless".
[16/03/2015 16:41:42] Account Manager has logged in.
[16/03/2015 16:41:44] Account Manager has logged out.
[16/03/2015 16:41:45] Honda has logged in.
[16/03/2015 16:43:56] Mlk Loko I has logged out.
[16/03/2015 16:45:31] > Broadcasted message: "Game map cleaning in 1 minute, please pick up all your items.".
[16/03/2015 16:45:44] > Broadcasted message: "Sempre Ao Criar Uma Conta, Pegue A RK Dela No Account Manager Da Conta E Anote, Nunca Passe A Sua Senha Para Outras Pessoas, E Ao Entrar Em Outros OT´s Crie Contas Diferentes Para Não Sofrer HACKED, Não Me Responsabilizo Por Perdas, Obrigado".
[16/03/2015 16:46:02] > CLEAN: Removed 9022 items from 4189 tiles in 0.346 seconds.
[16/03/2015 16:46:02] > Broadcasted message: "Map Cleaned.".
[16/03/2015 16:52:09] > Saving server...
[16/03/2015 16:52:12] > SAVE: Complete in 2.443 seconds using relational house storage.
[16/03/2015 16:52:27] Loco Sem Amigos has logged out.
[16/03/2015 16:53:12] Hiroshi has logged in.
[16/03/2015 16:54:05] > Broadcasted message: "Novo CLIENTE = http://www.4shared.com/rar/cfxSV4o7ce/Death_PVP.html".
[16/03/2015 16:57:34] Honda has logged out.
[16/03/2015 16:58:59] Honda has logged in.
[16/03/2015 16:59:00] Honda has logged out.
[16/03/2015 16:59:11] Hiroshi has logged out.
[16/03/2015 16:59:12] Hiroshi has logged in.
[16/03/2015 16:59:45] Honda has logged in.
[16/03/2015 17:00:14] Honda has logged out.
[16/03/2015 17:02:12] > Broadcasted message: "Game map cleaning in 1 minute, please pick up all your items.".
[16/03/2015 17:02:26] > Broadcasted message: "Sempre Ao Criar Uma Conta, Pegue A RK Dela No Account Manager Da Conta E Anote, Nunca Passe A Sua Senha Para Outras Pessoas, E Ao Entrar Em Outros OT´s Crie Contas Diferentes Para Não Sofrer HACKED, Não Me Responsabilizo Por Perdas, Obrigado".
[16/03/2015 17:02:42] > CLEAN: Removed 6563 items from 3609 tiles in 0.266 seconds.
[16/03/2015 17:02:42] > Broadcasted message: "Map Cleaned.".
[16/03/2015 17:03:51] Yakuza has logged out.
[16/03/2015 17:04:14] Druid Do Torro has logged out.
[16/03/2015 17:04:32] Yakuza has logged in.
[16/03/2015 17:04:39] Mc Brinquedo I has logged in.
[16/03/2015 17:05:05] Hiroshi has logged out.
[16/03/2015 17:05:08] Hiroshi has logged in.
[16/03/2015 17:05:08] Druid Do Torro has logged in.
[16/03/2015 17:05:15] Mc Brinquedo I has logged out.
[16/03/2015 17:05:16] Mc Brinquedo I has logged in.
[16/03/2015 17:05:45] Lucas has logged in.
[16/03/2015 17:07:28] Honda has logged in.
[16/03/2015 17:08:22] Yakuza has logged out.
[16/03/2015 17:08:23] Yakuza has logged in.
[16/03/2015 17:09:48] Druid Do Torro has logged out.
[16/03/2015 17:10:47] > Broadcasted message: "Para comprar bless digite !bless".
[16/03/2015 17:13:18] Lucas has logged out.
[16/03/2015 17:13:19] Anjo pk has logged in.
[16/03/2015 17:13:35] Anjo pk has logged out.
[16/03/2015 17:13:36] Lucas has logged in.
[16/03/2015 17:15:29] Knight has logged in.
[16/03/2015 17:15:30] > Saving server...
[16/03/2015 17:15:33] > SAVE: Complete in 2.974 seconds using relational house storage.
[16/03/2015 17:15:34] Knight has logged out.
[16/03/2015 17:16:39] Account Manager has logged in.
[16/03/2015 17:16:40] Account Manager has logged out.
[16/03/2015 17:17:49] Hiroshi has logged out.
[16/03/2015 17:17:51] Hiroshi has logged in.
[16/03/2015 17:18:53] > Broadcasted message: "Game map cleaning in 1 minute, please pick up all your items.".
[16/03/2015 17:19:08] > Broadcasted message: "Para comprar bless digite !bless".
[16/03/2015 17:19:24] > CLEAN: Removed 3247 items from 2286 tiles in 0.292 seconds.
[16/03/2015 17:19:24] > Broadcasted message: "Map Cleaned.".
[16/03/2015 17:21:10] Druidzerah Mythus has logged out.
[16/03/2015 17:21:46] Druidzerah Mythus has logged in.
[16/03/2015 17:27:29] > Broadcasted message: "Novo CLIENTE = http://www.4shared.com/rar/cfxSV4o7ce/Death_PVP.html".
[16/03/2015 17:28:10] Lucas has logged out.
[16/03/2015 17:28:11] Lucas has logged in.
[16/03/2015 17:28:54] Hiroshi has logged out.
[16/03/2015 17:28:55] Hiroshi has logged in.
[16/03/2015 17:29:28] Druid Do Torro has logged in.
[16/03/2015 17:29:52] Hiroshi has logged out.
[16/03/2015 17:29:54] Hiroshi has logged in.
[16/03/2015 17:31:16] Yakuza has logged out.
[16/03/2015 17:33:39] Lucas has logged out.
[16/03/2015 17:33:40] Lucas has logged in.
[16/03/2015 17:35:34] > Broadcasted message: "Game map cleaning in 1 minute, please pick up all your items.".
[16/03/2015 17:35:50] > Broadcasted message: "Novo CLIENTE = http://www.4shared.com/rar/cfxSV4o7ce/Death_PVP.html".
[16/03/2015 17:36:05] > CLEAN: Removed 4165 items from 2770 tiles in 0.233 seconds.
[16/03/2015 17:36:05] > Broadcasted message: "Map Cleaned.".
[16/03/2015 17:36:22] Druidzerah Mythus has logged out.
[16/03/2015 17:36:41] Hiroshi has logged out.
[16/03/2015 17:36:55] Mlk Loko I has logged in.
[16/03/2015 17:37:46] Druidzerah Mythus has logged in.
[16/03/2015 17:38:51] > Saving server...
[16/03/2015 17:38:53] > SAVE: Complete in 2.578 seconds using relational house storage.
[16/03/2015 17:38:58] Hiroshi has logged in.
[16/03/2015 17:43:08] Lucas has logged out.
[16/03/2015 17:43:34] Lucas has logged in.
[16/03/2015 17:44:08] Lucas has logged out.
[16/03/2015 17:44:11] > Broadcasted message: "Novo CLIENTE = http://www.4shared.com/rar/cfxSV4o7ce/Death_PVP.html".
[16/03/2015 17:44:46] Lucas has logged in.
[16/03/2015 17:48:14] Magezin Sapeca has logged in.
[16/03/2015 17:48:26] Brumm-bromm has logged in.
[16/03/2015 17:48:51] Mc Brinquedo I has logged out.
[16/03/2015 17:48:53] Mc Brinquedo I has logged in.
[16/03/2015 17:49:17] Brumm-bromm has logged out.
[16/03/2015 17:52:15] > Broadcasted message: "Game map cleaning in 1 minute, please pick up all your items.".
[16/03/2015 17:52:32] > Broadcasted message: "Novo CLIENTE = http://www.4shared.com/rar/cfxSV4o7ce/Death_PVP.html".
[16/03/2015 17:52:46] > CLEAN: Removed 5113 items from 2917 tiles in 0.291 seconds.
[16/03/2015 17:52:46] > Broadcasted message: "Map Cleaned.".
[16/03/2015 17:52:51] Magezin Sapeca has logged out.
[16/03/2015 17:53:11] Magezin Sapeca has logged in.
[16/03/2015 17:55:18] Druidzerah Mythus has logged out.
[16/03/2015 17:55:47] Hiroshi has logged out.
[16/03/2015 17:57:37] Honda has logged out.
[16/03/2015 17:57:51] Honda has logged in.
[16/03/2015 17:59:29] Account Manager has logged in.
[16/03/2015 17:59:31] Account Manager has logged out.
[16/03/2015 18:00:53] > Broadcasted message: "Sempre Ao Criar Uma Conta, Pegue A RK Dela No Account Manager Da Conta E Anote, Nunca Passe A Sua Senha Para Outras Pessoas, E Ao Entrar Em Outros OT´s Crie Contas Diferentes Para Não Sofrer HACKED, Não Me Responsabilizo Por Perdas, Obrigado".
[16/03/2015 18:01:22] Druid Do Torro has logged out.
[16/03/2015 18:01:40] Mlk Loko I has logged out.
[16/03/2015 18:02:12] > Saving server...
[16/03/2015 18:02:14] > SAVE: Complete in 2.017 seconds using relational house storage.
[16/03/2015 18:02:46] Mc Brinquedo I has logged out.
[16/03/2015 18:03:35] Account Manager has logged in.
[16/03/2015 18:03:37] Account Manager has logged out.
[16/03/2015 18:04:55] Mc Brinquedo I has logged in.
[16/03/2015 18:04:57] Honda has logged out.
[16/03/2015 18:05:36] Account Manager has logged in.
[16/03/2015 18:05:41] Brother has logged in.
[16/03/2015 18:06:04] Account Manager has logged out.
[16/03/2015 18:06:09] Mc Brinquedo I has logged out.
[16/03/2015 18:06:44] Mc Brinquedo I has logged in.
[16/03/2015 18:07:48] Magezin Sapeca has logged out.
[16/03/2015 18:07:49] Magezin Sapeca has logged in.
[16/03/2015 18:08:26] Pala Nas Sombras has logged in.
[16/03/2015 18:08:29] Brother has logged out.
[16/03/2015 18:08:56] > Broadcasted message: "Game map cleaning in 1 minute, please pick up all your items.".
[16/03/2015 18:09:14] > Broadcasted message: "Novo CLIENTE = http://www.4shared.com/rar/cfxSV4o7ce/Death_PVP.html".
[16/03/2015 18:09:26] > CLEAN: Removed 1347 items from 786 tiles in 0.23 seconds.
[16/03/2015 18:09:26] > Broadcasted message: "Map Cleaned.".
[16/03/2015 18:09:47] Account Manager has logged in.
[16/03/2015 18:09:48] Account Manager has logged out.
[16/03/2015 18:10:56] Lucas has logged out.
[16/03/2015 18:10:58] Lucas has logged in.
[16/03/2015 18:11:25] Mc Brinquedo I has logged out.
[16/03/2015 18:11:47] Mc Brinquedo I has logged in.
[16/03/2015 18:12:03] Bobombox has logged in.
[16/03/2015 18:14:12] Bobombox has logged out.
[16/03/2015 18:14:15] Bobombox has logged in.
[16/03/2015 18:15:23] Mc Brinquedo I has logged out.
[16/03/2015 18:15:27] Druid Do Torro has logged in.
[16/03/2015 18:15:37] Bobombox has logged out.
[16/03/2015 18:15:52] Bobombox has logged in.
[16/03/2015 18:15:59] Mc Brinquedo I has logged in.
[16/03/2015 18:16:03] Lucas has logged out.
[16/03/2015 18:16:17] Bobombox has logged out.
[16/03/2015 18:16:57] Lucas has logged in.
[16/03/2015 18:17:35] > Broadcasted message: "Para comprar bless digite !bless".
[16/03/2015 18:17:48] Mc Brinquedo I has logged out.
[16/03/2015 18:17:50] Mc Brinquedo I has logged in.
[16/03/2015 18:18:20] Druid Do Torro has logged out.
[16/03/2015 18:18:53] Druid Do Torro has logged in.
[16/03/2015 18:19:13] Honda has logged in.
[16/03/2015 18:19:26] Honda has logged out.
[16/03/2015 18:19:32] Druid Do Torro has logged out.
[16/03/2015 18:19:43] Druidzerah Mythus has logged in.
[16/03/2015 18:19:55] Druid Do Torro has logged in.
[16/03/2015 18:19:58] Honda has logged in.
[16/03/2015 18:20:06] Druidzerah Mythus has logged out.
[16/03/2015 18:21:30] Honda has logged out.
[16/03/2015 18:22:18] Druid Do Torro has logged out.
[16/03/2015 18:22:36] Erloff has logged in.
[16/03/2015 18:22:44] Erloff has logged out.
[16/03/2015 18:22:45] Erloff has logged in.
[16/03/2015 18:23:22] Account Manager has logged in.
[16/03/2015 18:23:29] Account Manager has logged in.
[16/03/2015 18:23:43] Account Manager has logged out.
[16/03/2015 18:24:19] Account Manager has logged out.
[16/03/2015 18:25:33] > Saving server...
[16/03/2015 18:25:36] > SAVE: Complete in 2.349 seconds using relational house storage.
[16/03/2015 18:25:37] > Broadcasted message: "Game map cleaning in 1 minute, please pick up all your items.".
[16/03/2015 18:25:56] Lucas has logged out.
[16/03/2015 18:25:56] > Broadcasted message: "Novo CLIENTE = http://www.4shared.com/rar/cfxSV4o7ce/Death_PVP.html".
[16/03/2015 18:26:00] Lucas has logged in.
[16/03/2015 18:26:08] > CLEAN: Removed 71 items from 48 tiles in 0.219 seconds.
[16/03/2015 18:26:08] > Broadcasted message: "Map Cleaned.".
[16/03/2015 18:26:30] Mc Brinquedo I has logged out.
[16/03/2015 18:26:31] Mc Brinquedo I has logged in.
[16/03/2015 18:26:38] Mateus has logged in.
[16/03/2015 18:26:52] Mateus has logged out.
[16/03/2015 18:29:24] Mc Brinquedo I has logged out.
[16/03/2015 18:29:25] Mc Brinquedo I has logged in.
[16/03/2015 18:29:46] Mc Brinquedo I has logged out.
[16/03/2015 18:29:47] Mc Brinquedo I has logged in.
[16/03/2015 18:29:51] Magezin Sapeca has logged out.
[16/03/2015 18:29:52] Magezin Sapeca has logged in.
[16/03/2015 18:30:20] Mlk Loko I has logged in.
[16/03/2015 18:31:06] Mlk Loko I has logged out.
[16/03/2015 18:33:04] Pala Nas Sombras has logged out.
[16/03/2015 18:33:04] Erloff has logged out.
[16/03/2015 18:33:05] Lucas has logged out.
[16/03/2015 18:33:05] Mc Brinquedo I has logged out.
[16/03/2015 18:33:05] Magezin Sapeca has logged out.
[16/03/2015 18:33:06] > Saving server...
[16/03/2015 18:33:07] > SAVE: Complete in 1.44 seconds using relational house storage.
[16/03/2015 18:33:08] Preparing to shutdown server..
[16/03/2015 18:33:10] .
[16/03/2015 18:33:10] Exiting
[16/03/2015 18:35:17] The Forgotten Server, version 0.3.4 (Crying Damson)
[16/03/2015 18:35:18] Sever Criado Por Alissow e Comedinha.
[16/03/2015 18:35:18] Publicidade: www.sotserv.blogspot.com <- <- <- Tudo sobre otserv.
[16/03/2015 18:35:19] Bom Jogo!!!
[16/03/2015 18:35:19] 
[16/03/2015 18:35:19] >> Debugging: nothing.
[16/03/2015 18:35:19] >> Checking software version... failed checking - malformed file.
[16/03/2015 18:35:21] 
[16/03/2015 18:35:21] >> Loading config (config.lua)
[16/03/2015 18:35:21] > Using plaintext passwords
[16/03/2015 18:35:21] >> Loading RSA key
[16/03/2015 18:35:21] >> Starting SQL connection
[16/03/2015 18:35:22] >> Running Database Manager
[16/03/2015 18:35:22] > Optimized database.
[16/03/2015 18:35:22] >> Loading items
[16/03/2015 18:35:23] >> Loading groups
[16/03/2015 18:35:23] >> Loading vocations
[16/03/2015 18:35:23] >> Loading script systems
[16/03/2015 18:35:24] >> Loading chat channels
[16/03/2015 18:35:24] >> Loading outfits
[16/03/2015 18:35:25] >> Loading experience stages
[16/03/2015 18:35:25] >> Loading monsters
[16/03/2015 18:35:26] >> Loading map and spawns...
[16/03/2015 18:35:27] > Map size: 65000x65000.
[16/03/2015 18:35:27] > Map descriptions: 
[16/03/2015 18:35:28] Saved with Remere's Map Editor 2.2
[16/03/2015 18:35:28] No map description available.
[16/03/2015 18:35:29] Duplicate uniqueId 2407
[16/03/2015 18:35:33] > Map loading time: 6.99 seconds.
[16/03/2015 18:35:34] > Data loading time: 0.663 seconds.
[16/03/2015 18:35:34] > Unserialization time for houses: 0.02 seconds.
[16/03/2015 18:36:06] > Unserialization time for map: 31.203 seconds.
[16/03/2015 18:36:06] >> Checking world type... PvP
[16/03/2015 18:36:07] >> Initializing game state modules and registering services...
[16/03/2015 18:36:07] > Global address: deathpvp.no-ip.biz
[16/03/2015 18:36:20] 
[16/03/2015 18:36:20] > ERROR: Cannot resolve deathpvp.no-ip.biz!
[16/03/2015 18:36:58] The Forgotten Server, version 0.3.4 (Crying Damson)
[16/03/2015 18:36:59] Sever Criado Por Alissow e Comedinha.
[16/03/2015 18:36:59] Publicidade: www.sotserv.blogspot.com <- <- <- Tudo sobre otserv.
[16/03/2015 18:36:59] Bom Jogo!!!
[16/03/2015 18:36:59] 
[16/03/2015 18:36:59] >> Debugging: nothing.
[16/03/2015 18:37:00] >> Checking software version... failed checking - malformed file.
[16/03/2015 18:37:00] 
[16/03/2015 18:37:00] >> Loading config (config.lua)
[16/03/2015 18:37:01] > Using plaintext passwords
[16/03/2015 18:37:01] >> Loading RSA key
[16/03/2015 18:37:01] >> Starting SQL connection
[16/03/2015 18:37:01] >> Running Database Manager
[16/03/2015 18:37:01] > Optimized database.
[16/03/2015 18:37:02] >> Loading items
[16/03/2015 18:37:02] >> Loading groups
[16/03/2015 18:37:02] >> Loading vocations
[16/03/2015 18:37:02] >> Loading script systems
[16/03/2015 18:37:04] >> Loading chat channels
[16/03/2015 18:37:04] >> Loading outfits
[16/03/2015 18:37:04] >> Loading experience stages
[16/03/2015 18:37:04] >> Loading monsters
[16/03/2015 18:37:05] >> Loading map and spawns...
[16/03/2015 18:37:06] > Map size: 65000x65000.
[16/03/2015 18:37:06] > Map descriptions: 
[16/03/2015 18:37:06] Saved with Remere's Map Editor 2.2
[16/03/2015 18:37:06] No map description available.
[16/03/2015 18:37:07] Duplicate uniqueId 2407
[16/03/2015 18:37:10] > Map loading time: 5.022 seconds.
[16/03/2015 18:37:11] > Data loading time: 0.309 seconds.
[16/03/2015 18:37:11] > Unserialization time for houses: 0.03 seconds.
[16/03/2015 18:37:36] > Unserialization time for map: 24.839 seconds.
[16/03/2015 18:37:36] >> Checking world type... PvP
[16/03/2015 18:37:36] >> Initializing game state modules and registering services...
[16/03/2015 18:37:37] > Global address: deathpvp.no-ip.biz
[16/03/2015 18:37:37] > Local ports:
[16/03/2015 18:37:37] 7171	7172	
[16/03/2015 18:37:37] >> All modules were loaded, server starting up...
[16/03/2015 18:37:38] >> OT Death server Online!
[16/03/2015 18:37:38] 
[16/03/2015 18:37:38] Magezin Sapeca has sqlloigtgeed 3i_nst.
ep(): SQLITE ERROR: columns id, world_id are not unique
[16/03/2015 18:37:49] Account Manager has logged in.
[16/03/2015 18:37:52] Mc Brinquedo I has logged in.
[16/03/2015 18:37:55] Account Manager has logged out.
[16/03/2015 18:38:14] Mlk Loko I has logged in.
[16/03/2015 18:40:09] Mc Brinquedo I has logged out.
[16/03/2015 18:41:33] Magezin Sapeca has logged out.
[16/03/2015 18:41:36] Magezin Sapeca has logged in.
[16/03/2015 18:41:37] Erloff has logged in.
[16/03/2015 18:42:31] Magezin Sapeca has logged out.
[16/03/2015 18:43:10] Lucas has logged in.
[16/03/2015 18:44:54] Erloff has logged out.
[16/03/2015 18:45:25] > Broadcasted message: "Para ver as noticias fale !notice".
[16/03/2015 18:47:04] Account Manager has logged in.
[16/03/2015 18:47:07] Account Manager has logged out.
[16/03/2015 18:48:21] Account Manager has logged in.
[16/03/2015 18:48:24] Account Manager has logged out.
[16/03/2015 18:49:15] Honda has logged in.
[16/03/2015 18:49:41] > Saving server...
[16/03/2015 18:49:43] > SAVE: Complete in 1.845 seconds using relational house storage.
[16/03/2015 18:50:02] Honda has logged out.
[16/03/2015 18:50:08] Loco Sem Amigos has logged in.
[16/03/2015 18:50:12] Druidzerah Mythus has logged in.
[16/03/2015 18:50:40] Druidzerah Mythus has logged out.
[16/03/2015 18:50:53] Mc Brinquedo I has logged in.
[16/03/2015 18:50:59] Lucas has logged out.
[16/03/2015 18:51:00] Account Manager has logged in.
[16/03/2015 18:51:01] Lucas has logged in.
[16/03/2015 18:51:43] Account Manager has logged out.
[16/03/2015 18:51:55] Account Manager has logged in.
[16/03/2015 18:52:12] Account Manager has logged in.
[16/03/2015 18:52:38] Account Manager has logged out.
[16/03/2015 18:52:38] Druidzerah Mythus has logged in.
[16/03/2015 18:52:43] Account Manager has logged out.
[16/03/2015 18:52:55] Account Manager has logged in.
[16/03/2015 18:53:29] Account Manager has logged out.
[16/03/2015 18:53:39] Mc Maguinho has logged in.
[16/03/2015 18:53:45] > Broadcasted message: "Game map cleaning in 1 minute, please pick up all your items.".
[16/03/2015 18:53:47] > Broadcasted message: "Sempre Ao Criar Uma Conta, Pegue A RK Dela No Account Manager Da Conta E Anote, Nunca Passe A Sua Senha Para Outras Pessoas, E Ao Entrar Em Outros OT´s Crie Contas Diferentes Para Não Sofrer HACKED, Não Me Responsabilizo Por Perdas, Obrigado".
[16/03/2015 18:54:16] > CLEAN: Removed 264 items from 301 tiles in 0.24 seconds.
[16/03/2015 18:54:16] > Broadcasted message: "Map Cleaned.".
[16/03/2015 18:59:07] Mlk Loko I has logged out.
[16/03/2015 18:59:22] Druidzerah Mythus has logged out.
[16/03/2015 18:59:26] Mc Brinquedo I has logged out.
[16/03/2015 18:59:55] Druidzerah Mythus has logged in.
[16/03/2015 19:00:30] > Saving server...
[16/03/2015 19:00:32] > SAVE: Complete in 1.936 seconds using relational house storage.
[16/03/2015 19:01:47] Lucas has logged out.
[16/03/2015 19:01:49] Lucas has logged in.
[16/03/2015 19:02:07] Yakuza has logged in.
[16/03/2015 19:02:08] > Broadcasted message: "Sempre Ao Criar Uma Conta, Pegue A RK Dela No Account Manager Da Conta E Anote, Nunca Passe A Sua Senha Para Outras Pessoas, E Ao Entrar Em Outros OT´s Crie Contas Diferentes Para Não Sofrer HACKED, Não Me Responsabilizo Por Perdas, Obrigado".
[16/03/2015 19:07:00] Loco Sem Amigos has logged out.
[16/03/2015 19:07:03] Loco Sem Amigos has logged in.
[16/03/2015 19:07:29] Loco Sem Amigos has logged out.
[16/03/2015 19:07:42] Loco Sem Amigos has logged in.
[16/03/2015 19:07:54] Loco Sem Amigos has logged out.
[16/03/2015 19:07:56] Loco Sem Amigos has logged in.
[16/03/2015 19:10:26] > Broadcasted message: "Game map cleaning in 1 minute, please pick up all your items.".
[16/03/2015 19:10:29] > Broadcasted message: "Para comprar bless digite !bless".
[16/03/2015 19:10:55] Brother has logged in.
[16/03/2015 19:10:57] > CLEAN: Removed 4576 items from 3122 tiles in 0.296 seconds.
[16/03/2015 19:10:57] > Broadcasted message: "Map Cleaned.".
[16/03/2015 19:12:23] Loco Sem Amigos has logged out.
[16/03/2015 19:12:25] Loco Sem Amigos has logged in.
[16/03/2015 19:16:46] Bobombox has logged in.
[16/03/2015 19:16:54] Yakuza has logged out.
[16/03/2015 19:17:24] Loco Sem Amigos has logged out.
[16/03/2015 19:18:08] Loco Sem Amigos has logged in.
[16/03/2015 19:18:50] > Broadcasted message: "Para comprar bless digite !bless".
[16/03/2015 19:20:19] Bobombox has logged out.
[16/03/2015 19:20:23] Bobombox has logged in.
[16/03/2015 19:20:29] Brother has logged out.
[16/03/2015 19:20:30] Brother has logged in.
[16/03/2015 19:20:42] Mc Maguinho has logged out.
[16/03/2015 19:22:31] Sr Smith has logged in.
[16/03/2015 19:23:46] Mc Maguinho has logged in.
[16/03/2015 19:23:51] > Saving server...
[16/03/2015 19:23:54] > SAVE: Complete in 2.501 seconds using relational house storage.
[16/03/2015 19:25:53] Lucas has logged out.
[16/03/2015 19:25:58] Anjo pk has logged in.
[16/03/2015 19:26:31] Yakuza has logged in.
[16/03/2015 19:27:07] > Broadcasted message: "Game map cleaning in 1 minute, please pick up all your items.".
[16/03/2015 19:27:11] > Broadcasted message: "Novo CLIENTE = http://www.4shared.com/rar/cfxSV4o7ce/Death_PVP.html".
[16/03/2015 19:27:38] > CLEAN: Removed 6648 items from 4765 tiles in 0.281 seconds.
[16/03/2015 19:27:38] > Broadcasted message: "Map Cleaned.".
[16/03/2015 19:27:59] Anjo pk has logged out.
[16/03/2015 19:28:01] Lucas has logged in.
[16/03/2015 19:28:32] Mc Maguinho has logged out.
[16/03/2015 19:28:33] Account Manager has logged in.
[16/03/2015 19:28:51] Account Manager has logged out.
[16/03/2015 19:28:58] Account Manager has logged in.
[16/03/2015 19:29:42] Account Manager has logged out.
[16/03/2015 19:29:51] Account Manager has logged in.
[16/03/2015 19:30:18] Account Manager has logged out.
[16/03/2015 19:30:22] Lucas has logged out.
[16/03/2015 19:30:24] Anjo pk has logged in.
[16/03/2015 19:30:26] Originality has logged in.
[16/03/2015 19:30:34] Anjo pk has logged out.
[16/03/2015 19:30:37] Lucas has logged in.
[16/03/2015 19:33:39] Pala Nas Sombras has logged in.
[16/03/2015 19:33:48] Yakuza has logged out.
[16/03/2015 19:33:51] Yakuza has logged in.
[16/03/2015 19:34:15] Pally Destrocty has logged in.
[16/03/2015 19:34:45] Sr Smith has logged out.
[16/03/2015 19:34:47] Pally Destrocty has logged out.
[16/03/2015 19:34:48] Sr Smith has logged in.
[16/03/2015 19:35:13] Yakuza has logged out.
[16/03/2015 19:35:15] Yakuza has logged in.
[16/03/2015 19:35:32] > Broadcasted message: "Sempre Ao Criar Uma Conta, Pegue A RK Dela No Account Manager Da Conta E Anote, Nunca Passe A Sua Senha Para Outras Pessoas, E Ao Entrar Em Outros OT´s Crie Contas Diferentes Para Não Sofrer HACKED, Não Me Responsabilizo Por Perdas, Obrigado".
[16/03/2015 19:35:38] Yakuza has logged out.
[16/03/2015 19:35:40] Yakuza has logged in.
[16/03/2015 19:38:08] Originality has logged out.
[16/03/2015 19:38:17] Originality has logged in.
[16/03/2015 19:39:30] Ishilga Uryu has logged in.
[16/03/2015 19:39:34] Brother has logged out.
[16/03/2015 19:40:52] Ishilga Uryu has logged out.
[16/03/2015 19:40:58] Kurosaki Ichigo has logged in.
[16/03/2015 19:41:22] Druidzerah Mythus has logged out.
[16/03/2015 19:41:54] Mc Maguinho has logged in.
[16/03/2015 19:42:18] Druidzerah Mythus has logged in.
[16/03/2015 19:43:09] Sr Smith has logged out.
[16/03/2015 19:43:19] Mc Brinquedo I has logged in.
[16/03/2015 19:43:43] Mc Brinquedo I has logged out.
[16/03/2015 19:43:48] > Broadcasted message: "Game map cleaning in 1 minute, please pick up all your items.".
[16/03/2015 19:43:53] > Broadcasted message: "Novo CLIENTE = http://www.4shared.com/rar/cfxSV4o7ce/Death_PVP.html".
[16/03/2015 19:44:09] Mc Brinquedo I has logged in.
[16/03/2015 19:44:19] > CLEAN: Removed 8375 items from 5173 tiles in 0.357 seconds.
[16/03/2015 19:44:19] > Broadcasted message: "Map Cleaned.".
[16/03/2015 19:46:35] Mc Maguinho has logged out.
[16/03/2015 19:46:42] Druidzerah Mythus has logged out.
[16/03/2015 19:46:49] Druidzerah Mythus has logged in.
[16/03/2015 19:46:56] Mc Maguinho has logged in.
[16/03/2015 19:47:12] > Saving server...
[16/03/2015 19:47:15] > SAVE: Complete in 2.884 seconds using relational house storage.
[16/03/2015 19:50:13] Originality has logged out.
[16/03/2015 19:50:15] Mc Maguinho has logged out.
[16/03/2015 19:50:35] Druidzerah Mythus has logged out.
[16/03/2015 19:51:40] Yakuza has logged out.
[16/03/2015 19:51:41] Yakuza has logged in.
[16/03/2015 19:51:47] Sr Smith has logged in.
[16/03/2015 19:52:14] > Broadcasted message: "Para comprar bless digite !bless".
[16/03/2015 19:54:50] Brother has logged in.
[16/03/2015 19:55:20] Erloff has logged in.
[16/03/2015 19:55:58] Loco Sem Amigos has logged out.
[16/03/2015 19:56:08] Sr Smith has logged out.
[16/03/2015 19:56:10] Sr Smith has logged in.
[16/03/2015 19:58:20] Druidzerah Mythus has logged in.
[16/03/2015 19:58:31] Bobombox has logged out.
[16/03/2015 19:58:34] Bobombox has logged in.
[16/03/2015 20:00:29] > Broadcasted message: "Game map cleaning in 1 minute, please pick up all your items.".
[16/03/2015 20:00:35] > Broadcasted message: "Sempre Ao Criar Uma Conta, Pegue A RK Dela No Account Manager Da Conta E Anote, Nunca Passe A Sua Senha Para Outras Pessoas, E Ao Entrar Em Outros OT´s Crie Contas Diferentes Para Não Sofrer HACKED, Não Me Responsabilizo Por Perdas, Obrigado".
[16/03/2015 20:00:38] Erloff has logged out.
[16/03/2015 20:00:43] Erloff has logged in.
[16/03/2015 20:00:59] Pala Nas Sombras has logged out.
[16/03/2015 20:01:00] > CLEAN: Removed 5760 items from 4008 tiles in 0.326 seconds.
[16/03/2015 20:01:00] > Broadcasted message: "Map Cleaned.".
[16/03/2015 20:02:38] Mc Brinquedo I has logged out.
[16/03/2015 20:02:40] Mc Brinquedo I has logged in.
[16/03/2015 20:03:31] Magezin Sapeca has logged in.
[16/03/2015 20:04:11] Druidzerah Mythus has logged out.
[16/03/2015 20:05:22] Magezin Sapeca has logged out.
[16/03/2015 20:05:39] Magezin Sapeca has logged in.
[16/03/2015 20:06:06] Yakuza has logged out.
[16/03/2015 20:06:45] Yakuza has logged in.
[16/03/2015 20:07:12] Mc Brinquedo I has logged out.
[16/03/2015 20:07:15] Account Manager has logged in.
[16/03/2015 20:08:03] Magezin Sapeca has logged out.
[16/03/2015 20:08:09] Magezin Sapeca has logged in.
[16/03/2015 20:08:56] > Broadcasted message: "Sempre Ao Criar Uma Conta, Pegue A RK Dela No Account Manager Da Conta E Anote, Nunca Passe A Sua Senha Para Outras Pessoas, E Ao Entrar Em Outros OT´s Crie Contas Diferentes Para Não Sofrer HACKED, Não Me Responsabilizo Por Perdas, Obrigado".
[16/03/2015 20:09:04] Erloff has logged out.
[16/03/2015 20:09:23] Account Manager has logged out.
[16/03/2015 20:09:23] Account Manager has logged in.
[16/03/2015 20:09:50] Account Manager has logged out.
[16/03/2015 20:09:55] Account Manager has logged in.
[16/03/2015 20:10:23] Erloff has logged in.
[16/03/2015 20:10:33] > Saving server...
[16/03/2015 20:10:36] > SAVE: Complete in 2.745 seconds using relational house storage.
[16/03/2015 20:11:52] Account Manager has logged out.
[16/03/2015 20:11:56] Sr Smith I has logged in.
[16/03/2015 20:13:32] Brother has logged out.
[16/03/2015 20:13:44] Ishilga Uryu has logged in.
[16/03/2015 20:14:17] Pala Nas Sombras has logged in.
[16/03/2015 20:16:28] Bobombox has logged out.
[16/03/2015 20:16:29] Bobombox has logged in.
[16/03/2015 20:17:10] > Broadcasted message: "Game map cleaning in 1 minute, please pick up all your items.".
[16/03/2015 20:17:17] > Broadcasted message: "Para comprar bless digite !bless".
[16/03/2015 20:17:40] > CLEAN: Removed 8479 items from 5136 tiles in 0.28 seconds.
[16/03/2015 20:17:41] > Broadcasted message: "Map Cleaned.".
[16/03/2015 20:18:49] Pala Nas Sombras has logged out.
[16/03/2015 20:19:02] Bobombox has logged out.
[16/03/2015 20:19:03] Pala Nas Sombras has logged in.
[16/03/2015 20:19:04] Bobombox has logged in.
[16/03/2015 20:19:23] Sr Smith has logged out.
[16/03/2015 20:19:25] Sr Smith has logged in.
[16/03/2015 20:19:28] 
[16/03/2015 20:19:28] Lua Script Error: [CreatureScript Interface] 
[16/03/2015 20:19:29] data/creaturescripts/scripts/playerdeath.lua:onDeath
[16/03/2015 20:19:29] 
[16/03/2015 20:19:29] luaGetCreatureName(). Creature not found
[16/03/2015 20:19:29] 
[16/03/2015 20:19:29] Lua Script Error: [CreatureScript Interface] 
[16/03/2015 20:19:29] data/creaturescripts/scripts/playerdeath.lua:onDeath
[16/03/2015 20:19:29] 
[16/03/2015 20:19:29] luaGetCreatureName(). Creature not found
[16/03/2015 20:19:30] Bobombox has logged out.
[16/03/2015 20:19:31] Bobombox has logged in.
[16/03/2015 20:19:46] Sr Smith I has logged out.
[16/03/2015 20:19:47] Sr Smith I has logged in.
[16/03/2015 20:20:02] Ishilga Uryu has logged out.
[16/03/2015 20:20:03] Ishilga Uryu has logged in.
[16/03/2015 20:20:07] Pala Nas Sombras has logged out.
[16/03/2015 20:20:13] Pala Nas Sombras has logged in.
[16/03/2015 20:20:29] Ishilga Uryu has logged out.
[16/03/2015 20:20:29] Loco Sem Amigos has logged in.
[16/03/2015 20:20:30] Ishilga Uryu has logged in.
[16/03/2015 20:20:32] Sr Smith I has logged out.
[16/03/2015 20:20:33] Sr Smith I has logged in.
[16/03/2015 20:20:45] Ishilga Uryu has logged out.
[16/03/2015 20:20:47] Ishilga Uryu has logged in.
[16/03/2015 20:21:03] Ishilga Uryu has logged out.
[16/03/2015 20:21:05] Ishilga Uryu has logged in.
[16/03/2015 20:21:08] Lucas has logged out.
[16/03/2015 20:21:10] Lucas has logged in.
[16/03/2015 20:21:17] Ishilga Uryu has logged out.
[16/03/2015 20:21:18] Ishilga Uryu has logged in.
[16/03/2015 20:21:25] Sr Smith has logged out.
[16/03/2015 20:21:26] Sr Smith has logged in.
[16/03/2015 20:22:25] Ishilga Uryu has logged out.
[16/03/2015 20:22:27] Ishilga Uryu has logged in.
[16/03/2015 20:22:41] Yakuza has logged out.
[16/03/2015 20:22:42] Yakuza has logged in.
[16/03/2015 20:22:48] Loco Sem Amigos has logged out.
[16/03/2015 20:22:49] Ishilga Uryu has logged out.
[16/03/2015 20:22:50] Ishilga Uryu has logged in.
[16/03/2015 20:23:16] Ishilga Uryu has logged out.
[16/03/2015 20:23:18] Ishilga Uryu has logged in.
[16/03/2015 20:23:43] Sr Smith has logged out.
[16/03/2015 20:23:45] Sr Smith has logged in.
[16/03/2015 20:23:46] Loco Sem Amigos has logged in.
[16/03/2015 20:24:32] Magezin Sapeca has logged out.
[16/03/2015 20:24:41] Ishilga Uryu has logged out.
[16/03/2015 20:24:56] Magezin Sapeca has logged in.
[16/03/2015 20:25:03] Yakuza has logged out.
[16/03/2015 20:25:05] Yakuza has logged in.
[16/03/2015 20:25:31] Account Manager has logged in.
[16/03/2015 20:25:35] Pala Nas Sombras has logged out.
[16/03/2015 20:25:37] Pala Nas Sombras has logged in.
[16/03/2015 20:25:38] > Broadcasted message: "Para comprar bless digite !bless".
[16/03/2015 20:25:53] Account Manager has logged out.
[16/03/2015 20:25:54] Ishilga Uryu has logged in.
[16/03/2015 20:26:23] Ishilga Uryu has logged out.
[16/03/2015 20:26:25] Ishilga Uryu has logged in.
[16/03/2015 20:26:26] Yakuza has logged out.
[16/03/2015 20:26:28] Yakuza has logged in.
[16/03/2015 20:27:00] Sr Smith has logged out.
[16/03/2015 20:27:01] Sr Smith has logged in.
[16/03/2015 20:29:54] Knight Furiozo has logged in.
[16/03/2015 20:31:20] Sr Smith I has logged out.
[16/03/2015 20:31:25] Nadador Knight has logged in.
[16/03/2015 20:31:36] Mc Brinquedo I has logged in.
[16/03/2015 20:31:37] Mc Brinquedo I has logged out.
[16/03/2015 20:31:41] Sr Smith I has logged in.
[16/03/2015 20:31:54] Magezin Sapeca has logged out.
[16/03/2015 20:32:14] Menino Prodigio has logged in.
[16/03/2015 20:32:17] Sr Smith has logged out.
[16/03/2015 20:32:18] Menino Prodigio has logged out.
[16/03/2015 20:32:18] Sr Smith has logged in.
[16/03/2015 20:32:19] Menino Prodigio has logged in.
[16/03/2015 20:32:36] Sr Smith has logged out.
[16/03/2015 20:32:38] Sr Smith has logged in.
[16/03/2015 20:32:50] Nadador Knight has logged out.
[16/03/2015 20:33:21] Sr Smith has logged out.
[16/03/2015 20:33:23] Sr Smith has logged in.
[16/03/2015 20:33:40] Yakuza has logged out.
[16/03/2015 20:33:41] Yakuza has logged in.
[16/03/2015 20:33:48] Menino Prodigio has logged out.
[16/03/2015 20:33:51] > Broadcasted message: "Game map cleaning in 1 minute, please pick up all your items.".
[16/03/2015 20:33:53] Magezin Sapeca has logged in.
[16/03/2015 20:33:54] > Saving server...
[16/03/2015 20:33:57] > SAVE: Complete in 3.014 seconds using relational house storage.
[16/03/2015 20:33:59] > Broadcasted message: "Para ver as noticias fale !notice".
[16/03/2015 20:34:15] Knight Furiozo has logged out.
[16/03/2015 20:34:18] Knight Furiozo has logged in.
[16/03/2015 20:34:19] Sr Smith I has logged out.
[16/03/2015 20:34:21] Sr Smith I has logged in.
[16/03/2015 20:34:22] > CLEAN: Removed 1293 items from 1054 tiles in 0.217 seconds.
[16/03/2015 20:34:22] > Broadcasted message: "Map Cleaned.".
[16/03/2015 20:34:34] Knight Furiozo has logged out.
[16/03/2015 20:34:37] Knight Furiozo has logged in.
[16/03/2015 20:34:54] Erloff has logged out.
[16/03/2015 20:34:55] Nadador Arqueiro has logged in.
[16/03/2015 20:34:59] Nadador Arqueiro has logged out.
[16/03/2015 20:35:06] Nadador Knight has logged in.
[16/03/2015 20:35:10] Lucas has logged out.
[16/03/2015 20:35:12] Lucas has logged in.
[16/03/2015 20:35:27] Kurosaki Ichigo has logged out.
[16/03/2015 20:35:41] Magezin Sapeca has logged out.
[16/03/2015 20:35:48] Ishilga Uryu has logged out.
[16/03/2015 20:35:50] Ishilga Uryu has logged in.
[16/03/2015 20:35:53] Menino Prodigio has logged in.
[16/03/2015 20:36:06] Yakuza has logged out.
[16/03/2015 20:36:07] Yakuza has logged in.
[16/03/2015 20:36:12] Menino Prodigio has logged out.
[16/03/2015 20:36:13] Menino Prodigio has logged in.
[16/03/2015 20:36:31] Sr Smith I has logged out.
[16/03/2015 20:36:33] Sr Smith I has logged in.
[16/03/2015 20:37:37] Sr Smith I has logged out.
[16/03/2015 20:38:00] Sr Smith I has logged in.
[16/03/2015 20:38:10] Erloff has logged in.
[16/03/2015 20:38:18] Yakuza has logged out.
[16/03/2015 20:38:20] Yakuza has logged in.
[16/03/2015 20:38:41] Sr Smith has logged out.
[16/03/2015 20:38:42] Sr Smith has logged in.
[16/03/2015 20:38:52] Sr Smith has logged out.
[16/03/2015 20:38:54] Sr Smith has logged in.
[16/03/2015 20:40:07] Sr Smith I has logged out.
[16/03/2015 20:40:09] Sr Smith I has logged in.
[16/03/2015 20:40:28] Sr Smith has logged out.
[16/03/2015 20:40:29] Sr Smith has logged in.
[16/03/2015 20:40:30] Ishilga Uryu has logged out.
[16/03/2015 20:40:35] Ishilga Uryu has logged in.
[16/03/2015 20:40:59] Yakuza has logged out.
[16/03/2015 20:41:24] Ishilga Uryu has logged out.
[16/03/2015 20:41:28] Menino Prodigio has logged out.
[16/03/2015 20:41:29] Menino Prodigio has logged in.
[16/03/2015 20:41:35] Bobombox has logged out.
[16/03/2015 20:41:37] Bobombox has logged in.
[16/03/2015 20:41:48] Lucas has logged out.
[16/03/2015 20:41:49] Sr Smith I has logged out.
[16/03/2015 20:41:49] Yakuza has logged in.
[16/03/2015 20:41:50] Lucas has logged in.
[16/03/2015 20:41:50] Sr Smith I has logged in.
[16/03/2015 20:42:16] Lucas has logged out.
[16/03/2015 20:42:17] Lucas has logged in.
[16/03/2015 20:42:20] > Broadcasted message: "Novo CLIENTE = http://www.4shared.com/rar/cfxSV4o7ce/Death_PVP.html".
[16/03/2015 20:42:54] Ishilga Uryu has logged in.
[16/03/2015 20:43:31] Menino Prodigio has logged out.
[16/03/2015 20:43:33] Menino Prodigio has logged in.
[16/03/2015 20:43:34] Lucas has logged out.
[16/03/2015 20:43:35] Nadador Knight has logged out.
[16/03/2015 20:43:35] Lucas has logged in.
[16/03/2015 20:43:37] Nadador Knight has logged in.
[16/03/2015 20:44:20] Sr Smith has logged out.
[16/03/2015 20:44:22] Sr Smith has logged in.
[16/03/2015 20:44:58] Ishilga Uryu has logged out.
[16/03/2015 20:45:00] Ishilga Uryu has logged in.
[16/03/2015 20:45:22] Pala Nas Sombras has logged out.
[16/03/2015 20:45:29] Nadador Knight has logged out.
[16/03/2015 20:45:31] Nadador Knight has logged in.
[16/03/2015 20:45:39] Menino Prodigio has logged out.
[16/03/2015 20:45:41] Menino Prodigio has logged in.
[16/03/2015 20:46:26] Lucas has logged out.
[16/03/2015 20:46:27] Lucas has logged in.
[16/03/2015 20:46:34] Sr Smith has logged out.
[16/03/2015 20:46:35] Sdasdas has logged in.
[16/03/2015 20:46:46] Ishilga Uryu has logged out.
[16/03/2015 20:46:48] Ishilga Uryu has logged in.
[16/03/2015 20:47:39] Sdasdas has logged out.
[16/03/2015 20:47:40] Sdasdas has logged in.
[16/03/2015 20:48:03] Bobombox has logged out.
[16/03/2015 20:48:04] Bobombox has logged in.
[16/03/2015 20:48:20] Ishilga Uryu has logged out.
[16/03/2015 20:48:31] Knight Furiozo has logged out.
[16/03/2015 20:48:39] Knight Furiozo has logged in.
[16/03/2015 20:48:57] Knight Furiozo has logged out.
[16/03/2015 20:48:58] Yakuza has logged out.
[16/03/2015 20:48:59] Yakuza has logged in.
[16/03/2015 20:49:08] Sdasdas has logged out.
[16/03/2015 20:49:09] Knight Furiozo has logged in.
[16/03/2015 20:49:10] Sdasdas has logged in.
[16/03/2015 20:49:11] Loco Sem Amigos has logged out.
[16/03/2015 20:49:15] Sr Smith I has logged out.
[16/03/2015 20:49:16] Sdasdas has logged out.
[16/03/2015 20:49:16] Sr Smith I has logged in.
[16/03/2015 20:49:16] Sr Smith has logged in.
[16/03/2015 20:49:22] Loco Sem Amigos has logged in.
[16/03/2015 20:50:25] Sr Smith has logged out.
[16/03/2015 20:50:26] Sr Smith has logged in.
[16/03/2015 20:50:28] Nadador Knight has logged out.
[16/03/2015 20:50:31] Nadador Knight has logged in.
[16/03/2015 20:50:32] > Broadcasted message: "Game map cleaning in 1 minute, please pick up all your items.".
[16/03/2015 20:50:41] Nadador Knight has logged out.
[16/03/2015 20:50:41] > Broadcasted message: "Novo CLIENTE = http://www.4shared.com/rar/cfxSV4o7ce/Death_PVP.html".
[16/03/2015 20:50:43] Nadador Knight has logged in.
[16/03/2015 20:51:03] > CLEAN: Removed 3084 items from 2994 tiles in 0.234 seconds.
[16/03/2015 20:51:03] > Broadcasted message: "Map Cleaned.".
[16/03/2015 20:51:46] Bobombox has logged out.
[16/03/2015 20:51:48] Bobombox has logged in.
[16/03/2015 20:52:04] Sr Smith has logged out.
[16/03/2015 20:52:05] Sr Smith has logged in.
[16/03/2015 20:52:07] Sr Smith I has logged out.
[16/03/2015 20:52:08] Sr Smith I has logged in.
[16/03/2015 20:52:21] Account Manager has logged in.
[16/03/2015 20:52:23] Account Manager has logged out.
[16/03/2015 20:52:24] Lodovica has logged in.
[16/03/2015 20:52:45] Nadador Knight has logged out.
[16/03/2015 20:52:48] Nadador Knight has logged in.
[16/03/2015 20:53:05] Bobombox has logged out.
[16/03/2015 20:53:06] Bobombox has logged in.
[16/03/2015 20:53:13] Sr Smith has logged out.
[16/03/2015 20:53:14] Sr Smith has logged in.
[16/03/2015 20:54:17] Erloff has logged out.
[16/03/2015 20:54:23] Erloff has logged in.
[16/03/2015 20:54:59] Brother has logged in.
[16/03/2015 20:56:14] Menino Prodigio has logged out.
[16/03/2015 20:56:20] Magezin Sapeca has logged in.
[16/03/2015 20:57:15] > Saving server...
[16/03/2015 20:57:18] > SAVE: Complete in 3.073 seconds using relational house storage.
[16/03/2015 20:58:02] Ishilga Uryu has logged in.
[16/03/2015 20:58:57] Sr Smith I has logged out.
[16/03/2015 20:58:58] Sr Smith I has logged in.
[16/03/2015 20:59:02] > Broadcasted message: "Para comprar bless digite !bless".
[16/03/2015 20:59:45] Erloff has logged out.
[16/03/2015 20:59:50] Erloff has logged in.
[16/03/2015 21:00:44] Sr Smith has logged out.
[16/03/2015 21:00:46] Sdasdas has logged in.
[16/03/2015 21:00:55] Erloff has logged out.
[16/03/2015 21:01:04] Erloff has logged in.
[16/03/2015 21:01:10] Sdasdas has logged out.
[16/03/2015 21:01:11] Sr Smith has logged in.
[16/03/2015 21:02:25] Sr Smith has logged out.
[16/03/2015 21:02:26] Sr Smith I has logged out.
[16/03/2015 21:02:26] Sr Smith has logged in.
[16/03/2015 21:02:27] Sr Smith I has logged in.
[16/03/2015 21:03:04] Lodovica has logged out.
[16/03/2015 21:03:06] Lodovica has logged in.
[16/03/2015 21:03:14] Loco Sem Amigos has logged out.
[16/03/2015 21:03:14] Sr Smith has logged out.
[16/03/2015 21:03:15] Sr Smith has logged in.
[16/03/2015 21:03:16] Loco Sem Amigos has logged in.
[16/03/2015 21:03:17] Lodovica has logged out.
[16/03/2015 21:03:29] Sr Smith I has logged out.
[16/03/2015 21:03:30] Sr Smith I has logged in.
[16/03/2015 21:03:35] Sr Smith has logged out.
[16/03/2015 21:03:36] Sr Smith has logged in.
[16/03/2015 21:03:57] Sr Smith has logged out.
[16/03/2015 21:03:59] Sr Smith has logged in.
[16/03/2015 21:04:47] Bobombox has logged out.
[16/03/2015 21:04:49] Bobombox has logged in.
[16/03/2015 21:05:58] Ishilga Uryu has logged out.
[16/03/2015 21:06:14] Bobombox has logged out.
[16/03/2015 21:06:15] Bobombox has logged in.
[16/03/2015 21:06:29] Sr Smith has logged out.
[16/03/2015 21:06:30] Sr Smith has logged in.
[16/03/2015 21:06:36] Knight Furiozo has logged out.
[16/03/2015 21:06:36] Loco Sem Amigos has logged out.
[16/03/2015 21:06:37] Knight Furiozo has logged in.
[16/03/2015 21:06:38] Loco Sem Amigos has logged in.
[16/03/2015 21:07:02] Sr Smith has logged out.
[16/03/2015 21:07:03] Bobombox has logged out.
[16/03/2015 21:07:03] Sr Smith has logged in.
[16/03/2015 21:07:04] Bobombox has logged in.
[16/03/2015 21:07:13] > Broadcasted message: "Game map cleaning in 1 minute, please pick up all your items.".
[16/03/2015 21:07:23] > Broadcasted message: "Novo CLIENTE = http://www.4shared.com/rar/cfxSV4o7ce/Death_PVP.html".
[16/03/2015 21:07:44] > CLEAN: Removed 1158 items from 1650 tiles in 0.234 seconds.
[16/03/2015 21:07:44] > Broadcasted message: "Map Cleaned.".
[16/03/2015 21:07:47] Sr Smith I has logged out.
[16/03/2015 21:07:47] Sr Smith has logged out.
[16/03/2015 21:08:07] Erloff has logged out.
[16/03/2015 21:09:48] Account Manager has logged in.
[16/03/2015 21:09:50] Account Manager has logged out.
[16/03/2015 21:09:59] Sr Smith I has logged in.
[16/03/2015 21:10:03] Yakuza has logged out.
[16/03/2015 21:10:15] Account Manager has logged in.
[16/03/2015 21:10:16] Account Manager has logged out.
[16/03/2015 21:10:20] Erloff has logged in.
[16/03/2015 21:10:20] Sr Smith has logged in.
[16/03/2015 21:14:51] Sr Smith has logged out.
[16/03/2015 21:14:52] Sr Smith has logged in.
[16/03/2015 21:15:44] > Broadcasted message: "Para comprar bless digite !bless".
[16/03/2015 21:16:26] Grimmjow has logged in.
[16/03/2015 21:16:36] Erloff has logged out.
[16/03/2015 21:17:19] Grimmjow has logged out.
[16/03/2015 21:17:22] Grimmjow has logged in.
[16/03/2015 21:17:39] Lucas has logged out.
[16/03/2015 21:17:41] Lucas has logged in.
[16/03/2015 21:18:09] Bobombox has logged out.
[16/03/2015 21:18:23] Nadador Knight has logged out.
[16/03/2015 21:18:28] Nadador Knight has logged in.
[16/03/2015 21:19:04] Brumm-bromm has logged in.
[16/03/2015 21:19:25] Magezin Sapeca has logged out.
[16/03/2015 21:19:25] Nadador Knight has logged out.
[16/03/2015 21:19:28] Nadador Knight has logged in.
[16/03/2015 21:19:43] Menino Prodigio has logged in.
[16/03/2015 21:20:36] > Saving server...
[16/03/2015 21:20:38] > SAVE: Complete in 2.761 seconds using relational house storage.
[16/03/2015 21:23:22] Loco Sem Amigos has logged out.
[16/03/2015 21:23:49] Loco Sem Amigos has logged in.
[16/03/2015 21:23:54] > Broadcasted message: "Game map cleaning in 1 minute, please pick up all your items.".
[16/03/2015 21:24:05] > Broadcasted message: "Novo CLIENTE = http://www.4shared.com/rar/cfxSV4o7ce/Death_PVP.html".
[16/03/2015 21:24:12] Erloff has logged in.
[16/03/2015 21:24:24] > CLEAN: Removed 4360 items from 4082 tiles in 0.25 seconds.
[16/03/2015 21:24:24] > Broadcasted message: "Map Cleaned.".
[16/03/2015 21:26:52] Brumm-bromm has logged out.
[16/03/2015 21:26:52] Grimmjow has logged out.
[16/03/2015 21:26:53] Erloff has logged out.
[16/03/2015 21:27:00] Brumm-bromm has logged in.
[16/03/2015 21:27:12] Grimmjow has logged in.
[16/03/2015 21:27:26] Erloff has logged in.
[16/03/2015 21:27:39] Brother has logged out.
[16/03/2015 21:27:58] Menino Prodigio has logged out.
[16/03/2015 21:27:58] Erloff has logged out.
[16/03/2015 21:27:58] Brumm-bromm has logged out.
[16/03/2015 21:27:59] Grimmjow has logged out.
[16/03/2015 21:28:09] Brumm-bromm has logged in.
[16/03/2015 21:28:20] Menino Prodigio has logged in.
[16/03/2015 21:28:21] Grimmjow has logged in.
[16/03/2015 21:28:41] Brumm-bromm has logged out.
[16/03/2015 21:28:42] Menino Prodigio has logged out.
[16/03/2015 21:28:42] Grimmjow has logged out.
[16/03/2015 21:28:50] Brumm-bromm has logged in.
[16/03/2015 21:28:53] Grimmjow has logged in.
[16/03/2015 21:28:57] Menino Prodigio has logged in.
[16/03/2015 21:30:27] Knight Furiozo has logged out.
[16/03/2015 21:30:40] Erloff has logged in.
[16/03/2015 21:32:16] Loco Sem Amigos has logged out.
[16/03/2015 21:32:17] Loco Sem Amigos has logged in.
[16/03/2015 21:32:26] > Broadcasted message: "Novo CLIENTE = http://www.4shared.com/rar/cfxSV4o7ce/Death_PVP.html".
[16/03/2015 21:32:32] Sr Smith has logged out.
[16/03/2015 21:32:34] Sr Smith has logged in.
[16/03/2015 21:33:07] Loco Sem Amigos has logged out.
[16/03/2015 21:33:09] Loco Sem Amigos has logged in.
[16/03/2015 21:33:47] Sr Smith has logged out.
[16/03/2015 21:33:47] Sr Smith has logged in.
[16/03/2015 21:34:39] Sr Smith has logged out.
[16/03/2015 21:34:41] Sr Smith has logged in.
[16/03/2015 21:36:56] Sr Smith has logged out.
[16/03/2015 21:36:56] Menino Prodigio has logged out.
[16/03/2015 21:36:57] Sr Smith has logged in.
[16/03/2015 21:36:59] Menino Prodigio has logged in.
[16/03/2015 21:38:05] Sr Smith has logged out.
[16/03/2015 21:38:06] Sr Smith has logged in.
[16/03/2015 21:38:34] Menino Prodigio has logged out.
[16/03/2015 21:38:36] Menino Prodigio has logged in.
[16/03/2015 21:39:43] Loco Sem Amigos has logged out.
[16/03/2015 21:40:25] Loco Sem Amigos has logged in.
[16/03/2015 21:40:35] > Broadcasted message: "Game map cleaning in 1 minute, please pick up all your items.".
[16/03/2015 21:40:44] Loco Sem Amigos has logged out.
[16/03/2015 21:40:47] > Broadcasted message: "Para ver as noticias fale !notice".
[16/03/2015 21:41:05] > CLEAN: Removed 3103 items from 3548 tiles in 0.474 seconds.
[16/03/2015 21:41:06] > Broadcasted message: "Map Cleaned.".
[16/03/2015 21:41:21] Nadador Knight has logged out.
[16/03/2015 21:42:18] Account Manager has logged in.
[16/03/2015 21:42:19] Account Manager has logged out.
[16/03/2015 21:42:22] Sr Smith I has logged out.
[16/03/2015 21:43:28] Loco Sem Amigos has logged in.
[16/03/2015 21:43:57] > Saving server...
[16/03/2015 21:43:59] > SAVE: Complete in 2.491 seconds using relational house storage.
[16/03/2015 21:44:21] Erloff has logged out.
[16/03/2015 21:44:22] Loco Sem Amigos has logged out.
[16/03/2015 21:44:22] Brumm-bromm has logged out.
[16/03/2015 21:44:29] Brumm-bromm has logged in.
[16/03/2015 21:44:39] Loco Sem Amigos has logged in.
[16/03/2015 21:46:58] Brumm-bromm has logged out.
[16/03/2015 21:46:59] Loco Sem Amigos has logged out.
[16/03/2015 21:47:07] Brumm-bromm has logged in.
[16/03/2015 21:47:15] Loco Sem Amigos has logged in.
[16/03/2015 21:48:35] Loco Sem Amigos has logged out.
[16/03/2015 21:49:08] > Broadcasted message: "Sempre Ao Criar Uma Conta, Pegue A RK Dela No Account Manager Da Conta E Anote, Nunca Passe A Sua Senha Para Outras Pessoas, E Ao Entrar Em Outros OT´s Crie Contas Diferentes Para Não Sofrer HACKED, Não Me Responsabilizo Por Perdas, Obrigado".
[16/03/2015 21:49:12] Loco Sem Amigos has logged in.
[16/03/2015 21:49:59] Erloff has logged in.
[16/03/2015 21:54:25] Lucas has logged out.
[16/03/2015 21:55:04] Sr Smith I has logged in.
[16/03/2015 21:55:36] Loco Sem Amigos has logged out.
[16/03/2015 21:55:46] Druid Do Torro has logged in.
[16/03/2015 21:56:47] Erloff has logged out.
[16/03/2015 21:56:59] Erloff has logged in.
[16/03/2015 21:57:16] > Broadcasted message: "Game map cleaning in 1 minute, please pick up all your items.".
[16/03/2015 21:57:20] Brumm-bromm has logged out.
[16/03/2015 21:57:23] Brumm-bromm has logged in.
[16/03/2015 21:57:29] > Broadcasted message: "Sempre Ao Criar Uma Conta, Pegue A RK Dela No Account Manager Da Conta E Anote, Nunca Passe A Sua Senha Para Outras Pessoas, E Ao Entrar Em Outros OT´s Crie Contas Diferentes Para Não Sofrer HACKED, Não Me Responsabilizo Por Perdas, Obrigado".
[16/03/2015 21:57:46] > CLEAN: Removed 4640 items from 2558 tiles in 0.39 seconds.
[16/03/2015 21:57:47] > Broadcasted message: "Map Cleaned.".
[16/03/2015 21:58:27] Sr Smith I has logged out.
[16/03/2015 21:59:42] Mlk Loko I has logged in.
[16/03/2015 21:59:43] Sr Smith has logged out.
[16/03/2015 22:02:58] Erloff has logged out.
[16/03/2015 22:03:08] Mlk Loko I has logged out.
[16/03/2015 22:03:19] Erloff has logged in.
[16/03/2015 22:04:50] Mlk Loko I has logged in.
[16/03/2015 22:04:58] Druid Do Torro has logged out.
[16/03/2015 22:05:00] Druid Do Torro has logged in.
[16/03/2015 22:05:31] Menino Prodigio has logged out.
[16/03/2015 22:05:34] Magezin Sapeca has logged in.
[16/03/2015 22:05:50] > Broadcasted message: "Para comprar bless digite !bless".
[16/03/2015 22:06:39] Mlk Loko I has logged out.
[16/03/2015 22:06:41] Mlk Loko I has logged in.
[16/03/2015 22:07:18] > Saving server...
[16/03/2015 22:07:21] > SAVE: Complete in 2.57 seconds using relational house storage.
[16/03/2015 22:09:29] Grimmjow has logged out.
[16/03/2015 22:09:35] Grimmjow has logged in.
[16/03/2015 22:11:51] Druid Do Torro has logged out.
[16/03/2015 22:12:04] Erloff has logged out.
[16/03/2015 22:12:50] Druid Do Torro has logged in.
[16/03/2015 22:12:53] Mlk Loko I has logged out.
[16/03/2015 22:13:01] Druid Do Torro has logged out.
[16/03/2015 22:13:08] Loco Sem Amigos has logged in.
[16/03/2015 22:13:57] > Broadcasted message: "Game map cleaning in 1 minute, please pick up all your items.".
[16/03/2015 22:14:11] > Broadcasted message: "Para ver as noticias fale !notice".
[16/03/2015 22:14:28] > CLEAN: Removed 2374 items from 1537 tiles in 0.308 seconds.
[16/03/2015 22:14:28] > Broadcasted message: "Map Cleaned.".
[16/03/2015 22:15:47] Grimmjow has logged out.
[16/03/2015 22:16:06] Grimmjow has logged in.
[16/03/2015 22:16:16] Erloff has logged in.
[16/03/2015 22:16:44] Erloff has logged out.
[16/03/2015 22:16:46] Grimmjow has logged out.
[16/03/2015 22:17:00] Erloff has logged in.
[16/03/2015 22:17:46] Grimmjow has logged in.
[16/03/2015 22:18:22] Erloff has logged out.
[16/03/2015 22:19:00] Grimmjow has logged out.
[16/03/2015 22:19:02] Grimmjow has logged in.
[16/03/2015 22:19:37] Grimmjow has logged out.
[16/03/2015 22:19:43] Brumm-bromm has logged out.
[16/03/2015 22:22:32] > Broadcasted message: "Novo CLIENTE = http://www.4shared.com/rar/cfxSV4o7ce/Death_PVP.html".
[16/03/2015 22:22:36] Loco Sem Amigos has logged out.
[16/03/2015 22:22:41] Loco Sem Amigos has logged in.
[16/03/2015 22:23:03] Brother has logged in.
[16/03/2015 22:24:23] Sr Smith has logged in.
[16/03/2015 22:25:08] Loco Sem Amigos has logged out.
[16/03/2015 22:25:23] Erloff has logged in.
[16/03/2015 22:25:40] Loco Sem Amigos has logged in.
[16/03/2015 22:27:21] Magezin Sapeca has logged out.
[16/03/2015 22:27:28] Magezin Sapeca has logged in.
[16/03/2015 22:29:07] Druid Do Torro has logged in.
[16/03/2015 22:29:28] Druid Do Torro has logged out.
[16/03/2015 22:29:36] Erloff has logged out.
[16/03/2015 22:30:38] > Broadcasted message: "Game map cleaning in 1 minute, please pick up all your items.".
[16/03/2015 22:30:39] > Saving server...
[16/03/2015 22:30:41] > SAVE: Complete in 2.223 seconds using relational house storage.
[16/03/2015 22:30:53] > Broadcasted message: "Para ver as noticias fale !notice".
[16/03/2015 22:31:09] > CLEAN: Removed 730 items from 628 tiles in 0.26 seconds.
[16/03/2015 22:31:09] > Broadcasted message: "Map Cleaned.".
[16/03/2015 22:33:11] Magezin Sapeca has logged out.
[16/03/2015 22:33:14] Loco Sem Amigos has logged out.
[16/03/2015 22:33:29] Druid Do Torro has logged in.
[16/03/2015 22:34:51] Druid Do Torro has logged out.
[16/03/2015 22:34:57] Loco Sem Amigos has logged in.
[16/03/2015 22:37:55] Sr Smith has logged out.
[16/03/2015 22:39:14] > Broadcasted message: "Para ver as noticias fale !notice".
[16/03/2015 22:39:27] Brother has logged out.
[16/03/2015 22:43:56] Account Manager has logged in.
[16/03/2015 22:43:58] Account Manager has logged out.
[16/03/2015 22:45:21] Sr Smith has logged in.
[16/03/2015 22:47:19] > Broadcasted message: "Game map cleaning in 1 minute, please pick up all your items.".
[16/03/2015 22:47:35] > Broadcasted message: "Novo CLIENTE = http://www.4shared.com/rar/cfxSV4o7ce/Death_PVP.html".
[16/03/2015 22:47:47] Sr Smith has logged out.
[16/03/2015 22:47:48] Sr Smith has logged in.
[16/03/2015 22:47:50] > CLEAN: Removed 4237 items from 1433 tiles in 0.296 seconds.
[16/03/2015 22:47:50] > Broadcasted message: "Map Cleaned.".
[16/03/2015 22:54:00] > Saving server...
[16/03/2015 22:54:03] > SAVE: Complete in 2.358 seconds using relational house storage.
[16/03/2015 22:54:53] Brumm-bromm has logged in.
[16/03/2015 22:55:15] Brumm-bromm has logged out.
[16/03/2015 22:55:56] > Broadcasted message: "Para comprar bless digite !bless".
[16/03/2015 23:04:00] > Broadcasted message: "Game map cleaning in 1 minute, please pick up all your items.".
[16/03/2015 23:04:17] > Broadcasted message: "Para ver as noticias fale !notice".
[16/03/2015 23:04:31] > CLEAN: Removed 4883 items from 2126 tiles in 0.326 seconds.
[16/03/2015 23:04:31] > Broadcasted message: "Map Cleaned.".
[16/03/2015 23:05:00] Sr Smith has logged out.
[16/03/2015 23:12:38] > Broadcasted message: "Para ver as noticias fale !notice".
[16/03/2015 23:17:21] > Saving server...
[16/03/2015 23:17:23] > SAVE: Complete in 1.843 seconds using relational house storage.
[16/03/2015 23:20:41] > Broadcasted message: "Game map cleaning in 1 minute, please pick up all your items.".
[16/03/2015 23:20:59] > Broadcasted message: "Novo CLIENTE = http://www.4shared.com/rar/cfxSV4o7ce/Death_PVP.html".
[16/03/2015 23:21:11] > CLEAN: Removed 5367 items from 2354 tiles in 0.284 seconds.
[16/03/2015 23:21:12] > Broadcasted message: "Map Cleaned.".
[16/03/2015 23:26:45] Account Manager has logged in.
[16/03/2015 23:26:51] Account Manager has logged out.
[16/03/2015 23:28:53] Loco Sem Amigos has logged out.
[16/03/2015 23:29:20] > Broadcasted message: "Para comprar bless digite !bless".
[16/03/2015 23:30:35] Loco Sem Amigos has logged in.
[16/03/2015 23:37:22] > Broadcasted message: "Game map cleaning in 1 minute, please pick up all your items.".
[16/03/2015 23:37:41] > Broadcasted message: "Para ver as noticias fale !notice".
[16/03/2015 23:37:52] > CLEAN: Removed 4262 items from 1883 tiles in 0.463 seconds.
[16/03/2015 23:37:53] > Broadcasted message: "Map Cleaned.".
[16/03/2015 23:40:42] > Saving server...
[16/03/2015 23:40:44] > SAVE: Complete in 1.543 seconds using relational house storage.
[16/03/2015 23:46:02] > Broadcasted message: "Para ver as noticias fale !notice".
[16/03/2015 23:54:03] > Broadcasted message: "Game map cleaning in 1 minute, please pick up all your items.".
[16/03/2015 23:54:23] > Broadcasted message: "Para comprar bless digite !bless".
[16/03/2015 23:54:29] Magezin Sapeca has logged in.
[16/03/2015 23:54:34] > CLEAN: Removed 4587 items from 2135 tiles in 0.517 seconds.
[16/03/2015 23:54:34] > Broadcasted message: "Map Cleaned.".
[16/03/2015 23:54:41] Magezin Sapeca has logged out.
[16/03/2015 23:54:50] Loco Sem Amigos has logged out.
[16/03/2015 23:55:04] Loco Sem Amigos has logged in.
[16/03/2015 23:56:14] Loco Sem Amigos has logged out.
[16/03/2015 23:56:51] Loco Sem Amigos has logged in.
