[18/08/2014 13:01:20] The Forgotten Server, version 0.3.4 (Crying Damson)
[18/08/2014 13:01:20] Sever Criado Por Alissow e Comedinha.
[18/08/2014 13:01:20] Publicidade: www.sotserv.blogspot.com <- <- <- Tudo sobre otserv.
[18/08/2014 13:01:21] Bom Jogo!!!
[18/08/2014 13:01:21] 
[18/08/2014 13:01:21] >> Debugging: nothing.
[18/08/2014 13:01:21] >> Checking software version... failed checking - malformed file.
[18/08/2014 13:01:22] 
[18/08/2014 13:01:22] >> Loading config (config.lua)
[18/08/2014 13:01:22] > Using plaintext passwords
[18/08/2014 13:01:22] >> Loading RSA key
[18/08/2014 13:01:22] >> Starting SQL connection
[18/08/2014 13:01:22] >> Running Database Manager
[18/08/2014 13:01:23] > Optimized database.
[18/08/2014 13:01:23] >> Loading items
[18/08/2014 13:01:23] >> Loading groups
[18/08/2014 13:01:23] >> Loading vocations
[18/08/2014 13:01:23] >> Loading script systems
[18/08/2014 13:01:26] >> Loading chat channels
[18/08/2014 13:01:26] >> Loading outfits
[18/08/2014 13:01:26] >> Loading experience stages
[18/08/2014 13:01:26] >> Loading monsters
[18/08/2014 13:01:28] >> Loading map and spawns...
[18/08/2014 13:01:29] > Map size: 65000x65000.
[18/08/2014 13:01:29] > Map descriptions: 
[18/08/2014 13:01:29] Saved with Remere's Map Editor 2.2
[18/08/2014 13:01:29] No map description available.
[18/08/2014 13:01:30] Duplicate uniqueId 2407
[18/08/2014 13:01:33] > Map loading time: 4.898 seconds.
[18/08/2014 13:01:34] > Data loading time: 0.827 seconds.
[18/08/2014 13:01:34] > Unserialization time for houses: 0.016 seconds.
[18/08/2014 13:01:56] > Unserialization time for map: 21.949 seconds.
[18/08/2014 13:01:57] >> Checking world type... PvP
[18/08/2014 13:01:57] >> Initializing game state modules and registering services...
[18/08/2014 13:01:57] > Global address: deathpvp.no-ip.info
[18/08/2014 13:01:58] > Local ports:
[18/08/2014 13:01:58] 7171	7172	
[18/08/2014 13:01:58] >> All modules were loaded, server starting up...
[18/08/2014 13:01:58] >> OT Death server Online!
[18/08/2014 13:01:58] 
[18/08/2014 13:03:01] sqlite3_step(): SQLITE ERROR: columns id, world_id are not unique
[18/08/2014 13:03:02] Gotak has logged in.
[18/08/2014 13:03:40] Account Manager has logged in.
[18/08/2014 13:03:41] Account Manager has logged out.
[18/08/2014 13:05:34] Microbio I has logged in.
[18/08/2014 13:06:41] Mata Pally has logged in.
[18/08/2014 13:07:58] Sorczinho Sapeca has logged in.
[18/08/2014 13:08:06] Foxter Fox has logged in.
[18/08/2014 13:08:07] > Broadcasted message: "Para duvidas, eventos, e futuramente compras E-mail/Msn -> deathpvp@live.com.".
[18/08/2014 13:08:19] Mata Pally has logged out.
[18/08/2014 13:08:41] Mlktop has logged in.
[18/08/2014 13:08:43] Sorczinho Sapeca has logged out.
[18/08/2014 13:08:54] Sorczinho Sapeca has logged in.
[18/08/2014 13:09:01] Gotak has logged out.
[18/08/2014 13:09:04] Gotak has logged in.
[18/08/2014 13:09:06] Mlktop has logged out.
[18/08/2014 13:11:00] Gotak has logged out.
[18/08/2014 13:11:15] Pally Brisado has logged in.
[18/08/2014 13:11:27] Gotak has logged in.
[18/08/2014 13:11:27] Boss-sykes has logged in.
[18/08/2014 13:11:33] Gotak has logged out.
[18/08/2014 13:11:37] Account Manager has logged in.
[18/08/2014 13:11:40] Account Manager has logged out.
[18/08/2014 13:12:03] Gotak has logged in.
[18/08/2014 13:12:15] Gotak has logged out.
[18/08/2014 13:12:18] Microbio I has logged out.
[18/08/2014 13:12:19] Microbio I has logged in.
[18/08/2014 13:12:20] Gotak has logged in.
[18/08/2014 13:12:20] Microbio I has logged out.
[18/08/2014 13:12:25] Microbiio I has logged in.
[18/08/2014 13:12:29] Gotak has logged out.
[18/08/2014 13:13:37] Gotak has logged in.
[18/08/2014 13:14:48] > Broadcasted message: "Ot on das 07:00 as 00:00".
[18/08/2014 13:15:23] Microbiio I has logged out.
[18/08/2014 13:15:25] Microbiio I has logged in.
[18/08/2014 13:15:25] Microbiio I has logged out.
[18/08/2014 13:15:44] Tlx Do Bagui has logged in.
[18/08/2014 13:15:55] Mlk Lokoo has logged in.
[18/08/2014 13:16:00] Tlx Do Bagui has logged out.
[18/08/2014 13:16:03] Account Manager has logged in.
[18/08/2014 13:16:26] Account Manager has logged in.
[18/08/2014 13:16:29] Account Manager has logged out.
[18/08/2014 13:16:32] Account Manager has logged out.
[18/08/2014 13:17:06] Maluko duff has logged in.
[18/08/2014 13:17:56] Forte Sqn has logged in.
[18/08/2014 13:18:07] > Broadcasted message: "Game map cleaning in 1 minute, please pick up all your items.".
[18/08/2014 13:18:16] Duff Maluko has logged in.
[18/08/2014 13:18:37] > CLEAN: Removed 3593 items from 2273 tiles in 0.172 seconds.
[18/08/2014 13:18:38] > Broadcasted message: "Map Cleaned.".
[18/08/2014 13:18:52] Nois Que Voa Bruxao has logged in.
[18/08/2014 13:19:03] Gotak has logged out.
[18/08/2014 13:19:04] Gotak has logged in.
[18/08/2014 13:19:57] Foxter Fox has logged out.
[18/08/2014 13:19:59] Foxter Fox has logged in.
[18/08/2014 13:20:06] Magezinho Sapeca has logged in.
[18/08/2014 13:20:24] > Saving server...
[18/08/2014 13:20:28] > SAVE: Complete in 3.088 seconds using relational house storage.
[18/08/2014 13:20:29] Forte Sqn has logged out.
[18/08/2014 13:20:31] Forte Sqn has logged in.
[18/08/2014 13:20:32] Forte Sqn has logged out.
[18/08/2014 13:20:34] Account Manager has logged in.
[18/08/2014 13:20:48] Account Manager has logged out.
[18/08/2014 13:20:51] Account Manager has logged in.
[18/08/2014 13:21:07] Gotak has logged out.
[18/08/2014 13:21:09] Account Manager has logged out.
[18/08/2014 13:21:11] Account Manager has logged in.
[18/08/2014 13:21:22] Gotak has logged in.
[18/08/2014 13:21:29] > Broadcasted message: "Novo CLIENTE = http://www.4shared.com/rar/Xvc96eOece/Death_PVP.html".
[18/08/2014 13:21:39] Account Manager has logged out.
[18/08/2014 13:21:52] Faster Kill has logged in.
[18/08/2014 13:22:02] Faster Kill has logged out.
[18/08/2014 13:22:04] Tlx Do Bagui has logged in.
[18/08/2014 13:22:10] Gotak has logged out.
[18/08/2014 13:22:11] Gotak has logged in.
[18/08/2014 13:22:57] Tlx Do Bagui has logged out.
[18/08/2014 13:22:58] Zika Do Bagui has logged in.
[18/08/2014 13:23:07] Zika Do Bagui has logged out.
[18/08/2014 13:23:09] Zika Do Bagui has logged in.
[18/08/2014 13:23:17] Zika Do Bagui has logged out.
[18/08/2014 13:23:20] Account Manager has logged in.
[18/08/2014 13:23:21] Duff Maluko has logged out.
[18/08/2014 13:23:26] Sorczinho Sapeca has logged out.
[18/08/2014 13:23:27] Sorczinho Sapeca has logged in.
[18/08/2014 13:23:38] Duff Maluko has logged in.
[18/08/2014 13:23:44] Account Manager has logged out.
[18/08/2014 13:23:54] To De Boa has logged in.
[18/08/2014 13:24:42] Magezinho Sapeca has logged out.
[18/08/2014 13:24:44] Magezinho Sapeca has logged in.
[18/08/2014 13:25:15] Boss-sykes has logged out.
[18/08/2014 13:25:16] 
[18/08/2014 13:25:16] Lua Script Error: [CreatureScript Interface] 
[18/08/2014 13:25:16] data/creaturescripts/scripts/playerdeath.lua:onDeath
[18/08/2014 13:25:16] 
[18/08/2014 13:25:16] luaGetCreatureName(). Creature not found
[18/08/2014 13:25:17] 
[18/08/2014 13:25:17] Lua Script Error: [CreatureScript Interface] 
[18/08/2014 13:25:17] data/creaturescripts/scripts/playerdeath.lua:onDeath
[18/08/2014 13:25:17] 
[18/08/2014 13:25:17] luaGetCreatureName(). Creature not found
[18/08/2014 13:25:17] Sorczinho Sapeca has logged out.
[18/08/2014 13:25:19] Sorczinho Sapeca has logged in.
[18/08/2014 13:26:08] Gotak has logged out.
[18/08/2014 13:26:10] Gotak has logged in.
[18/08/2014 13:26:47] Palyy has logged in.
[18/08/2014 13:27:06] Palyy has logged out.
[18/08/2014 13:27:08] Palyy has logged in.
[18/08/2014 13:28:02] Gotak has logged out.
[18/08/2014 13:28:08] Gotak has logged in.
[18/08/2014 13:28:10] > Broadcasted message: "Novo CLIENTE = http://www.4shared.com/rar/Xvc96eOece/Death_PVP.html".
[18/08/2014 13:28:18] Mlk Lokoo has logged out.
[18/08/2014 13:28:39] Nois Que Voa Bruxao has logged out.
[18/08/2014 13:28:40] Microbio I has logged in.
[18/08/2014 13:28:40] Nois Que Voa Bruxao has logged in.
[18/08/2014 13:28:41] To De Boa has logged out.
[18/08/2014 13:28:44] Faster Kill has logged in.
[18/08/2014 13:28:44] Gotak has logged out.
[18/08/2014 13:28:50] Gotak has logged in.
[18/08/2014 13:30:53] Faster Kill has logged out.
[18/08/2014 13:30:55] Zika Do Bagui has logged in.
[18/08/2014 13:30:59] Zika Do Bagui has logged out.
[18/08/2014 13:31:01] Gotak has logged out.
[18/08/2014 13:31:02] To De Boa has logged in.
[18/08/2014 13:31:03] Gotak has logged in.
[18/08/2014 13:34:43] Duff Maluko has logged out.
[18/08/2014 13:34:48] > Broadcasted message: "Game map cleaning in 1 minute, please pick up all your items.".
[18/08/2014 13:34:51] > Broadcasted message: "Sempre Ao Criar Uma Conta, Pegue A RK Dela No Account Manager Da Conta E Anote, Nunca Passe A Sua Senha Para Outras Pessoas, E Ao Entrar Em Outros OT´s Crie Contas Diferentes Para Não Sofrer HACKED, Não Me Responsabilizo Por Perdas, Obrigado".
[18/08/2014 13:34:52] > Saving server...
[18/08/2014 13:34:55] > SAVE: Complete in 2.979 seconds using relational house storage.
[18/08/2014 13:35:19] > CLEAN: Removed 3046 items from 1552 tiles in 0.187 seconds.
[18/08/2014 13:35:19] > Broadcasted message: "Map Cleaned.".
[18/08/2014 13:35:47] Gotak has logged out.
[18/08/2014 13:35:53] Gotak has logged in.
[18/08/2014 13:36:56] Gotak has logged out.
[18/08/2014 13:36:59] Gotak has logged in.
[18/08/2014 13:37:02] Magezinho Sapeca has logged out.
[18/08/2014 13:37:03] Magezinho Sapeca has logged in.
[18/08/2014 13:37:10] Duff Maluko has logged in.
[18/08/2014 13:37:17] Foxter Fox has logged out.
[18/08/2014 13:37:19] Foxter Fox has logged in.
[18/08/2014 13:37:46] Duff Maluko has logged out.
[18/08/2014 13:38:06] Duff Maluko has logged in.
[18/08/2014 13:38:12] Honda has logged in.
[18/08/2014 13:38:13] Gotak has logged out.
[18/08/2014 13:38:14] Gotak has logged in.
[18/08/2014 13:38:20] Magezinho Sapeca has logged out.
[18/08/2014 13:38:21] Magezinho Sapeca has logged in.
[18/08/2014 13:38:58] Magezinho Sapeca has logged out.
[18/08/2014 13:38:59] Magezinho Sapeca has logged in.
[18/08/2014 13:39:04] Gotak has logged out.
[18/08/2014 13:39:05] Gotak has logged in.
[18/08/2014 13:39:34] Foxter Fox has logged out.
[18/08/2014 13:39:35] Magezinho Sapeca has logged out.
[18/08/2014 13:39:36] Foxter Fox has logged in.
[18/08/2014 13:41:01] Microbio I has logged out.
[18/08/2014 13:41:07] Gotak has logged out.
[18/08/2014 13:41:09] Gotak has logged in.
[18/08/2014 13:41:32] > Broadcasted message: "Para duvidas, eventos, e futuramente compras E-mail/Msn -> deathpvp@live.com.".
[18/08/2014 13:45:37] Mata Pally has logged in.
[18/08/2014 13:45:43] Microbio I has logged in.
[18/08/2014 13:45:44] Anjo pk has logged in.
[18/08/2014 13:47:04] Microbio I has logged out.
[18/08/2014 13:47:06] Microbio I has logged in.
[18/08/2014 13:47:06] Microbio I has logged out.
[18/08/2014 13:47:12] Mlk Lokoo has logged in.
[18/08/2014 13:47:26] Mlk Lokoo has logged out.
[18/08/2014 13:47:39] Mlk Loko has logged in.
[18/08/2014 13:48:04] Lucas has logged in.
[18/08/2014 13:48:10] Mlk Loko has logged out.
[18/08/2014 13:48:13] > Broadcasted message: "Novo CLIENTE = http://www.4shared.com/rar/Xvc96eOece/Death_PVP.html".
[18/08/2014 13:48:23] Account Manager has logged in.
[18/08/2014 13:48:40] Account Manager has logged out.
[18/08/2014 13:48:47] Account Manager has logged in.
[18/08/2014 13:48:59] To De Boa has logged out.
[18/08/2014 13:49:01] To De Boa has logged in.
[18/08/2014 13:49:36] Huntera has logged in.
[18/08/2014 13:49:37] Huntera has logged out.
[18/08/2014 13:49:39] Huntera has logged in.
[18/08/2014 13:49:40] Huntera has logged out.
[18/08/2014 13:49:43] To De Boa has logged out.
[18/08/2014 13:49:45] To De Boa has logged in.
[18/08/2014 13:49:47] Account Manager has logged out.
[18/08/2014 13:49:47] Lucas has logged out.
[18/08/2014 13:49:48] Account Manager has logged in.
[18/08/2014 13:49:49] Account Manager has logged out.
[18/08/2014 13:49:53] Huntera has logged in.
[18/08/2014 13:50:06] Mlk Lokoo has logged in.
[18/08/2014 13:50:13] Mllk Loko has logged in.
[18/08/2014 13:50:24] Maluko duff has logged out.
[18/08/2014 13:50:26] Maluko duff has logged in.
[18/08/2014 13:51:29] > Broadcasted message: "Game map cleaning in 1 minute, please pick up all your items.".
[18/08/2014 13:51:41] To De Boa has logged out.
[18/08/2014 13:51:54] To De Boa has logged in.
[18/08/2014 13:51:58] Foxter Fox has logged out.
[18/08/2014 13:52:00] > CLEAN: Removed 6631 items from 3410 tiles in 0.218 seconds.
[18/08/2014 13:52:00] > Broadcasted message: "Map Cleaned.".
[18/08/2014 13:52:16] Nois Que Voa Bruxao has logged out.
[18/08/2014 13:52:59] Gotak has logged out.
[18/08/2014 13:53:02] Gotak has logged in.
[18/08/2014 13:53:18] Nois Que Voa Bruxao has logged in.
[18/08/2014 13:54:17] Gotak has logged out.
[18/08/2014 13:54:54] > Broadcasted message: "Para duvidas, eventos, e futuramente compras E-mail/Msn -> deathpvp@live.com.".
[18/08/2014 13:54:56] Foxter Fox has logged in.
[18/08/2014 13:55:20] Magezinho Sapeca has logged in.
[18/08/2014 13:55:21] Foxter Fox has logged out.
[18/08/2014 13:55:32] Foxter Fox has logged in.
[18/08/2014 13:55:56] Nois Que Voa Bruxao has logged out.
[18/08/2014 13:56:01] Nois Que Voa Bruxao has logged in.
[18/08/2014 13:56:08] Mllk Loko has logged out.
[18/08/2014 13:56:16] Foxter Fox has logged out.
[18/08/2014 13:56:24] Foxter Fox has logged in.
[18/08/2014 13:56:25] Foxter Fox has logged out.
[18/08/2014 13:56:45] To De Boa has logged out.
[18/08/2014 13:56:47] To De Boa has logged in.
[18/08/2014 13:56:50] Palyy has logged out.
[18/08/2014 13:57:13] Mllk Loko has logged in.
[18/08/2014 13:58:40] Maluko duff has logged out.
[18/08/2014 13:58:51] Duff Maluko has logged out.
[18/08/2014 13:59:41] Mlk Lokoo has logged out.
[18/08/2014 13:59:42] Mlk Lokoo has logged in.
[18/08/2014 13:59:43] Mlk Lokoo has logged out.
[18/08/2014 13:59:51] To De Boa has logged out.
[18/08/2014 13:59:53] To De Boa has logged in.
[18/08/2014 14:00:07] Microbio I has logged in.
[18/08/2014 14:01:35] > Broadcasted message: "Ot on das 07:00 as 00:00".
[18/08/2014 14:01:37] Microbio I has logged out.
[18/08/2014 14:01:43] Foxter Fox has logged in.
[18/08/2014 14:01:55] Microbio I has logged in.
[18/08/2014 14:02:09] Foxter Fox has logged out.
[18/08/2014 14:02:11] Magezinho Sapeca has logged out.
[18/08/2014 14:02:23] Magezinho Sapeca has logged in.
[18/08/2014 14:02:40] Microbio I has logged out.
[18/08/2014 14:02:58] Microbio I has logged in.
[18/08/2014 14:03:01] To De Boa has logged out.
[18/08/2014 14:03:03] To De Boa has logged in.
[18/08/2014 14:03:22] Microbio I has logged out.
[18/08/2014 14:03:24] Microbio I has logged in.
[18/08/2014 14:03:49] To De Boa has logged out.
[18/08/2014 14:03:51] To De Boa has logged in.
[18/08/2014 14:03:52] Microbio I has logged out.
[18/08/2014 14:04:28] Microbio I has logged in.
[18/08/2014 14:04:45] Microbio I has logged out.
[18/08/2014 14:06:39] Microbio I has logged in.
[18/08/2014 14:06:52] Microbio I has logged out.
[18/08/2014 14:06:58] Microbio I has logged in.
[18/08/2014 14:07:12] Microbio I has logged out.
[18/08/2014 14:07:14] Microbio I has logged in.
[18/08/2014 14:07:27] Microbio I has logged out.
[18/08/2014 14:07:54] To De Boa has logged out.
[18/08/2014 14:07:57] To De Boa has logged in.
[18/08/2014 14:08:07] Microbio I has logged in.
[18/08/2014 14:08:10] Mata Pally has logged out.
[18/08/2014 14:08:10] > Broadcasted message: "Game map cleaning in 1 minute, please pick up all your items.".
[18/08/2014 14:08:13] > Saving server...
[18/08/2014 14:08:17] > SAVE: Complete in 3.027 seconds using relational house storage.
[18/08/2014 14:08:17] > Broadcasted message: "Para esclarecer algumas duvidas digite !notice, para mais informacoes fale com um [CM]".
[18/08/2014 14:08:19] Mata Pally has logged in.
[18/08/2014 14:08:23] Microbio I has logged out.
[18/08/2014 14:08:27] Microbio I has logged in.
[18/08/2014 14:08:41] > CLEAN: Removed 2581 items from 1352 tiles in 0.187 seconds.
[18/08/2014 14:08:41] > Broadcasted message: "Map Cleaned.".
[18/08/2014 14:08:50] Microbio I has logged out.
[18/08/2014 14:08:55] Microbio I has logged in.
[18/08/2014 14:09:04] Microbio I has logged out.
[18/08/2014 14:09:09] Microbio I has logged in.
[18/08/2014 14:09:11] To De Boa has logged out.
[18/08/2014 14:09:13] To De Boa has logged in.
[18/08/2014 14:09:19] Microbio I has logged out.
[18/08/2014 14:09:20] Mata Pally has logged out.
[18/08/2014 14:09:22] Mata Pally has logged in.
[18/08/2014 14:09:31] Microbio I has logged in.
[18/08/2014 14:09:43] Microbio I has logged out.
[18/08/2014 14:09:44] Microbio I has logged in.
[18/08/2014 14:10:10] Microbio I has logged out.
[18/08/2014 14:10:18] Microbio I has logged in.
[18/08/2014 14:10:30] Microbio I has logged out.
[18/08/2014 14:10:34] To De Boa has logged out.
[18/08/2014 14:10:36] To De Boa has logged in.
[18/08/2014 14:10:37] Microbio I has logged in.
[18/08/2014 14:10:51] Microbio I has logged out.
[18/08/2014 14:10:55] Microbio I has logged in.
[18/08/2014 14:11:06] Microbio I has logged out.
[18/08/2014 14:11:09] 
[18/08/2014 14:11:09] Lua Script Error: [Spell Interface] 
[18/08/2014 14:11:09] data/spells/scripts/animate.lua:onCastSpell
[18/08/2014 14:11:09] 
[18/08/2014 14:11:09] data/spells/scripts/animate.lua:12: attempt to call global 'getThingPosition' (a nil value)
[18/08/2014 14:11:10] stack traceback:
[18/08/2014 14:11:10] 	data/spells/scripts/animate.lua:12: in function <data/spells/scripts/animate.lua:1>
[18/08/2014 14:11:10] 	(tail call): ?
[18/08/2014 14:11:11] Microbio I has logged in.
[18/08/2014 14:11:24] Microbio I has logged out.
[18/08/2014 14:11:27] Microbio I has logged in.
[18/08/2014 14:11:34] Huntera has logged out.
[18/08/2014 14:11:37] Microbio I has logged out.
[18/08/2014 14:11:43] Microbio I has logged in.
[18/08/2014 14:11:54] Microbio I has logged out.
[18/08/2014 14:11:55] To De Boa has logged out.
[18/08/2014 14:11:57] To De Boa has logged in.
[18/08/2014 14:11:58] Microbio I has logged in.
[18/08/2014 14:12:10] Microbio I has logged out.
[18/08/2014 14:12:16] Microbio I has logged in.
[18/08/2014 14:12:39] Microbio I has logged out.
[18/08/2014 14:12:44] Microbio I has logged in.
[18/08/2014 14:12:55] Microbio I has logged out.
[18/08/2014 14:13:00] Microbio I has logged in.
[18/08/2014 14:13:11] Microbio I has logged out.
[18/08/2014 14:13:15] Microbio I has logged in.
[18/08/2014 14:13:25] Microbio I has logged out.
[18/08/2014 14:13:29] Microbio I has logged in.
[18/08/2014 14:13:40] Microbio I has logged out.
[18/08/2014 14:13:41] To De Boa has logged out.
[18/08/2014 14:13:45] Microbio I has logged in.
[18/08/2014 14:13:52] Mata Pally has logged out.
[18/08/2014 14:13:53] Foxter Fox has logged in.
[18/08/2014 14:13:54] Mata Pally has logged in.
[18/08/2014 14:13:56] Microbio I has logged out.
[18/08/2014 14:13:58] Microbio I has logged in.
[18/08/2014 14:14:08] Microbio I has logged out.
[18/08/2014 14:14:12] Microbio I has logged in.
[18/08/2014 14:14:22] Microbio I has logged out.
[18/08/2014 14:14:28] Microbio I has logged in.
[18/08/2014 14:14:37] Microbio I has logged out.
[18/08/2014 14:14:42] Microbio I has logged in.
[18/08/2014 14:14:52] Microbio I has logged out.
[18/08/2014 14:14:58] Microbio I has logged in.
[18/08/2014 14:14:58] > Broadcasted message: "Para comprar bless digite !bless".
[18/08/2014 14:15:03] Sorczinho Sapeca has logged out.
[18/08/2014 14:15:07] Sorczinho Sapeca has logged in.
[18/08/2014 14:15:08] Microbio I has logged out.
[18/08/2014 14:15:12] Microbio I has logged in.
[18/08/2014 14:15:13] Foxter Fox has logged out.
[18/08/2014 14:15:26] To De Boa has logged in.
[18/08/2014 14:15:31] Microbio I has logged out.
[18/08/2014 14:17:00] Mllk Loko has logged out.
[18/08/2014 14:17:02] Mllk Loko has logged in.
[18/08/2014 14:17:04] Mllk Loko has logged out.
[18/08/2014 14:17:06] Mllk Loko has logged in.
[18/08/2014 14:18:28] Mllk Loko has logged out.
[18/08/2014 14:18:28] Pally Brisado has logged out.
[18/08/2014 14:18:29] Mllk Loko has logged in.
[18/08/2014 14:18:30] Pally Brisado has logged in.
[18/08/2014 14:19:47] To De Boa has logged out.
[18/08/2014 14:19:49] To De Boa has logged in.
[18/08/2014 14:21:03] To De Boa has logged out.
[18/08/2014 14:21:04] To De Boa has logged in.
[18/08/2014 14:21:39] > Broadcasted message: "Para comprar bless digite !bless".
[18/08/2014 14:21:52] Pally Brisado has logged out.
[18/08/2014 14:21:54] Pally Brisado has logged in.
[18/08/2014 14:22:02] 
[18/08/2014 14:22:02] Lua Script Error: [Spell Interface] 
[18/08/2014 14:22:02] data/spells/scripts/animate.lua:onCastSpell
[18/08/2014 14:22:02] 
[18/08/2014 14:22:02] data/spells/scripts/animate.lua:12: attempt to call global 'getThingPosition' (a nil value)
[18/08/2014 14:22:02] stack traceback:
[18/08/2014 14:22:02] 	data/spells/scripts/animate.lua:12: in function <data/spells/scripts/animate.lua:1>
[18/08/2014 14:22:03] 	(tail call): ?
[18/08/2014 14:22:06] 
[18/08/2014 14:22:06] Lua Script Error: [Spell Interface] 
[18/08/2014 14:22:06] data/spells/scripts/animate.lua:onCastSpell
[18/08/2014 14:22:06] 
[18/08/2014 14:22:06] data/spells/scripts/animate.lua:12: attempt to call global 'getThingPosition' (a nil value)
[18/08/2014 14:22:06] stack traceback:
[18/08/2014 14:22:06] 	data/spells/scripts/animate.lua:12: in function <data/spells/scripts/animate.lua:1>
[18/08/2014 14:22:07] 	(tail call): ?
[18/08/2014 14:22:08] 
[18/08/2014 14:22:08] Lua Script Error: [Spell Interface] 
[18/08/2014 14:22:08] data/spells/scripts/animate.lua:onCastSpell
[18/08/2014 14:22:08] 
[18/08/2014 14:22:08] data/spells/scripts/animate.lua:12: attempt to call global 'getThingPosition' (a nil value)
[18/08/2014 14:22:09] stack traceback:
[18/08/2014 14:22:09] 	data/spells/scripts/animate.lua:12: in function <data/spells/scripts/animate.lua:1>
[18/08/2014 14:22:09] 	(tail call): ?
[18/08/2014 14:22:34] Anjo pk has logged out.
[18/08/2014 14:22:35] Anjo pk has logged in.
[18/08/2014 14:23:05] To De Boa has logged out.
[18/08/2014 14:23:06] To De Boa has logged in.
[18/08/2014 14:24:43] Mllk Loko has logged out.
[18/08/2014 14:24:45] Mllk Loko has logged in.
[18/08/2014 14:24:51] > Broadcasted message: "Game map cleaning in 1 minute, please pick up all your items.".
[18/08/2014 14:25:21] > CLEAN: Removed 299 items from 285 tiles in 0.171 seconds.
[18/08/2014 14:25:21] > Broadcasted message: "Map Cleaned.".
[18/08/2014 14:25:45] Mllk Loko has logged out.
[18/08/2014 14:25:47] Mllk Loko has logged in.
[18/08/2014 14:26:46] Mllk Loko has logged out.
[18/08/2014 14:26:48] Mllk Loko has logged in.
[18/08/2014 14:27:11] Eternal Ozzot has logged in.
[18/08/2014 14:27:32] Mllk Loko has logged out.
[18/08/2014 14:27:34] Mllk Loko has logged in.
[18/08/2014 14:27:36] Pally Brisado has logged out.
[18/08/2014 14:27:42] Pally Brisado has logged in.
[18/08/2014 14:28:08] Boss-sykes has logged in.
[18/08/2014 14:28:20] > Broadcasted message: "Para duvidas, eventos, e futuramente compras E-mail/Msn -> deathpvp@live.com.".
[18/08/2014 14:29:18] Eternal Ozzot has logged out.
[18/08/2014 14:29:20] Eternal Ozzot has logged in.
[18/08/2014 14:30:35] To De Boa has logged out.
[18/08/2014 14:30:48] Foxter Fox has logged in.
[18/08/2014 14:31:02] Mllk Loko has logged out.
[18/08/2014 14:31:03] Mllk Loko has logged in.
[18/08/2014 14:31:08] Mllk Loko has logged out.
[18/08/2014 14:31:09] Mllk Loko has logged in.
[18/08/2014 14:31:10] Mllk Loko has logged out.
[18/08/2014 14:31:59] Account Manager has logged in.
[18/08/2014 14:32:01] Account Manager has logged out.
[18/08/2014 14:32:02] Account Manager has logged in.
[18/08/2014 14:32:03] Account Manager has logged out.
[18/08/2014 14:32:10] Mlk Lokoo has logged in.
[18/08/2014 14:32:11] Boss-sykes has logged out.
[18/08/2014 14:32:13] Boss-sykes has logged in.
[18/08/2014 14:32:16] To De Boa has logged in.
[18/08/2014 14:32:39] To De Boa has logged out.
[18/08/2014 14:33:22] Nois Que Voa Bruxao has logged out.
[18/08/2014 14:33:23] Nois Que Voa Bruxao has logged in.
[18/08/2014 14:34:17] Foxter Fox has logged out.
[18/08/2014 14:34:19] Foxter Fox has logged in.
[18/08/2014 14:35:01] > Broadcasted message: "Para duvidas, eventos, e futuramente compras E-mail/Msn -> deathpvp@live.com.".
[18/08/2014 14:35:18] Nois Que Voa Bruxao has logged out.
[18/08/2014 14:35:20] Nois Que Voa Bruxao has logged in.
[18/08/2014 14:36:35] Boss-sykes has logged out.
[18/08/2014 14:37:15] Boss-sykes has logged in.
[18/08/2014 14:37:41] Anjo pk has logged out.
[18/08/2014 14:37:43] Anjo pk has logged in.
[18/08/2014 14:37:54] Anjo pk has logged out.
[18/08/2014 14:37:56] Anjo pk has logged in.
[18/08/2014 14:39:22] Honda has logged out.
[18/08/2014 14:40:04] Sorczinho Sapeca has logged out.
[18/08/2014 14:40:06] Sorczinho Sapeca has logged in.
[18/08/2014 14:41:32] > Broadcasted message: "Game map cleaning in 1 minute, please pick up all your items.".
[18/08/2014 14:41:34] > Saving server...
[18/08/2014 14:41:37] > SAVE: Complete in 2.964 seconds using relational house storage.
[18/08/2014 14:41:42] > Broadcasted message: "Para esclarecer algumas duvidas digite !notice, para mais informacoes fale com um [CM]".
[18/08/2014 14:41:55] Foxter Fox has logged out.
[18/08/2014 14:41:57] Foxter Fox has logged in.
[18/08/2014 14:42:03] > CLEAN: Removed 459 items from 435 tiles in 0.156 seconds.
[18/08/2014 14:42:03] > Broadcasted message: "Map Cleaned.".
[18/08/2014 14:43:01] Sorczinho Sapeca has logged out.
[18/08/2014 14:43:02] Sorczinho Sapeca has logged in.
[18/08/2014 14:43:39] Magezinho Sapeca has logged out.
[18/08/2014 14:43:41] Magezinho Sapeca has logged in.
[18/08/2014 14:44:07] Boss-sykes has logged out.
[18/08/2014 14:44:12] Boss-sykes has logged in.
[18/08/2014 14:44:14] Foxter Fox has logged out.
[18/08/2014 14:44:15] Foxter Fox has logged in.
[18/08/2014 14:44:48] Anjo pk has logged out.
[18/08/2014 14:44:50] Anjo pk has logged in.
[18/08/2014 14:45:16] Anjo pk has logged out.
[18/08/2014 14:45:18] Anjo pk has logged in.
[18/08/2014 14:45:40] Nois Que Voa Bruxao has logged out.
[18/08/2014 14:45:42] Nois Que Voa Bruxao has logged in.
[18/08/2014 14:46:19] Eternal Ozzot has logged out.
[18/08/2014 14:46:21] Eternal Ozzot has logged in.
[18/08/2014 14:46:57] Boss-sykes has logged out.
[18/08/2014 14:47:01] Boss-sykes has logged in.
[18/08/2014 14:47:27] Mata Pally has logged out.
[18/08/2014 14:47:29] Boss-sykes has logged out.
[18/08/2014 14:47:32] Mata Pally has logged in.
[18/08/2014 14:47:40] Boss-sykes has logged in.
[18/08/2014 14:48:04] Anjo pk has logged out.
[18/08/2014 14:48:06] Anjo pk has logged in.
[18/08/2014 14:48:11] Honda has logged in.
[18/08/2014 14:48:23] > Broadcasted message: "Para ver as noticias fale !notice".
[18/08/2014 14:48:39] Honda has logged out.
[18/08/2014 14:48:58] Foxter Fox has logged out.
[18/08/2014 14:49:00] Foxter Fox has logged in.
[18/08/2014 14:49:03] Mata Pally has logged out.
[18/08/2014 14:49:04] Mata Pally has logged in.
[18/08/2014 14:49:11] Honda has logged in.
[18/08/2014 14:49:51] Honda has logged out.
[18/08/2014 14:50:06] [Hoster] Jean has logged in.
[18/08/2014 14:50:17] Honda has logged in.
[18/08/2014 14:50:41] Pally Brisado has logged out.
[18/08/2014 14:50:44] Pally Brisado has logged in.
[18/08/2014 14:51:01] Boss-sykes has logged out.
[18/08/2014 14:51:03] Boss-sykes has logged in.
[18/08/2014 14:51:09] Eternal Ozzot has logged out.
[18/08/2014 14:51:10] Eternal Ozzot has logged in.
[18/08/2014 14:51:57] Magezinho Sapeca has logged out.
[18/08/2014 14:51:58] Anjo pk has logged out.
[18/08/2014 14:52:00] Magezinho Sapeca has logged in.
[18/08/2014 14:52:03] Anjo pk has logged in.
[18/08/2014 14:52:06] Mata Pally has logged out.
[18/08/2014 14:52:09] Mata Pally has logged in.
[18/08/2014 14:52:24] Boss-sykes has logged out.
[18/08/2014 14:52:27] Boss-sykes has logged in.
[18/08/2014 14:54:27] Foxter Fox has logged out.
[18/08/2014 14:54:28] 
[18/08/2014 14:54:28] Lua Script Error: [CreatureScript Interface] 
[18/08/2014 14:54:28] data/creaturescripts/scripts/playerdeath.lua:onDeath
[18/08/2014 14:54:28] 
[18/08/2014 14:54:28] luaGetCreatureName(). Creature not found
[18/08/2014 14:54:29] 
[18/08/2014 14:54:29] Lua Script Error: [CreatureScript Interface] 
[18/08/2014 14:54:29] data/creaturescripts/scripts/playerdeath.lua:onDeath
[18/08/2014 14:54:29] 
[18/08/2014 14:54:29] luaGetCreatureName(). Creature not found
[18/08/2014 14:54:30] Boss-sykes has logged out.
[18/08/2014 14:54:31] Foxter Fox has logged in.
[18/08/2014 14:54:37] Boss-sykes has logged in.
[18/08/2014 14:55:04] > Broadcasted message: "Para duvidas, eventos, e futuramente compras E-mail/Msn -> deathpvp@live.com.".
[18/08/2014 14:55:30] > CLEAN: Removed 919 items from 852 tiles in 0.243 seconds.
[18/08/2014 14:55:44] Magezinho Sapeca has logged out.
[18/08/2014 14:55:55] [Hoster] Jean has logged out.
[18/08/2014 14:56:09] Magezinho Sapeca has logged in.
[18/08/2014 14:58:13] > Broadcasted message: "Game map cleaning in 1 minute, please pick up all your items.".
[18/08/2014 14:58:43] > CLEAN: Removed 99 items from 94 tiles in 0.208 seconds.
[18/08/2014 14:58:43] > Broadcasted message: "Map Cleaned.".
[18/08/2014 14:59:13] Boss-sykes has logged out.
[18/08/2014 15:00:02] Pally Brisado has logged out.
[18/08/2014 15:00:04] Pally Brisado has logged in.
[18/08/2014 15:01:23] Lucas has logged in.
[18/08/2014 15:01:45] > Broadcasted message: "Para ver a lista de proximos tutores digite !tutores.".
[18/08/2014 15:02:31] Mlk Lokoo has logged out.
[18/08/2014 15:02:36] Mlk Lokoo has logged in.
[18/08/2014 15:03:24] Honda has logged out.
[18/08/2014 15:03:27] Honda has logged in.
[18/08/2014 15:08:26] > Broadcasted message: "Para ver a lista de proximos tutores digite !tutores.".
[18/08/2014 15:11:12] To De Boa has logged in.
[18/08/2014 15:12:17] Foxter Fox has logged out.
[18/08/2014 15:12:31] Foxter Fox has logged in.
[18/08/2014 15:12:57] Foxter Fox has logged out.
[18/08/2014 15:13:15] Foxter Fox has logged in.
[18/08/2014 15:13:20] Foxter Fox has logged out.
[18/08/2014 15:14:29] Yakuza has logged in.
[18/08/2014 15:14:54] > Broadcasted message: "Game map cleaning in 1 minute, please pick up all your items.".
[18/08/2014 15:14:56] > Saving server...
[18/08/2014 15:15:01] > SAVE: Complete in 5.02 seconds using relational house storage.
[18/08/2014 15:15:07] > Broadcasted message: "Para ver as noticias fale !notice".
[18/08/2014 15:15:15] Sorczinho Sapeca has logged out.
[18/08/2014 15:15:26] > CLEAN: Removed 2180 items from 1048 tiles in 0.287 seconds.
[18/08/2014 15:15:26] > Broadcasted message: "Map Cleaned.".
[18/08/2014 15:15:37] Sorczinho Sapeca has logged in.
[18/08/2014 15:16:03] Yakuza has logged out.
[18/08/2014 15:16:05] Yakuza has logged in.
[18/08/2014 15:16:32] Yakuza has logged out.
[18/08/2014 15:16:37] Black Jose has logged in.
[18/08/2014 15:17:01] Mata Pally has logged out.
[18/08/2014 15:17:32] Black Jose has logged out.
[18/08/2014 15:17:34] Black Jose has logged in.
[18/08/2014 15:17:38] Black Jose has logged out.
[18/08/2014 15:17:47] Yakuza has logged in.
[18/08/2014 15:18:43] Eternal Ozzot has logged out.
[18/08/2014 15:18:45] Eternal Ozzot has logged in.
[18/08/2014 15:19:31] Mlk Lokoo has logged out.
[18/08/2014 15:20:19] Yakuza has logged out.
[18/08/2014 15:20:55] To De Boa has logged out.
[18/08/2014 15:20:56] To De Boa has logged in.
[18/08/2014 15:21:04] Yakuza has logged in.
[18/08/2014 15:21:43] To De Boa has logged out.
[18/08/2014 15:21:44] To De Boa has logged in.
[18/08/2014 15:21:48] > Broadcasted message: "Para ver a lista de proximos tutores digite !tutores.".
[18/08/2014 15:21:51] Magezinho Sapeca has logged out.
[18/08/2014 15:21:52] Sorczinho Sapeca has logged out.
[18/08/2014 15:21:53] Magezinho Sapeca has logged in.
[18/08/2014 15:21:54] Sorczinho Sapeca has logged in.
[18/08/2014 15:22:03] [Hoster] Jean has logged in.
[18/08/2014 15:22:24] Lucas has logged out.
[18/08/2014 15:22:29] Anjo pk has logged out.
[18/08/2014 15:24:04] To De Boa has logged out.
[18/08/2014 15:24:07] To De Boa has logged in.
[18/08/2014 15:24:25] Sorczinho Sapeca has logged out.
[18/08/2014 15:24:26] Sorczinho Sapeca has logged in.
[18/08/2014 15:24:55] Mlk Lokoo has logged in.
[18/08/2014 15:26:49] Alvo Severo Potter has logged in.
[18/08/2014 15:27:08] Alvo Severo Potter has logged out.
[18/08/2014 15:27:11] Alvo Severo Potter has logged in.
[18/08/2014 15:27:42] Account Manager has logged in.
[18/08/2014 15:27:44] Account Manager has logged out.
[18/08/2014 15:28:18] Alvo Severo Potter has logged out.
[18/08/2014 15:28:29] > Broadcasted message: "Novo CLIENTE = http://www.4shared.com/rar/Xvc96eOece/Death_PVP.html".
[18/08/2014 15:29:02] Sorczinho Sapeca has logged out.
[18/08/2014 15:29:08] Sorczinho Sapeca has logged in.
[18/08/2014 15:29:42] Yakuza has logged out.
[18/08/2014 15:29:45] Yakuza has logged in.
[18/08/2014 15:30:02] Lucas has logged in.
[18/08/2014 15:30:16] Anjo pk has logged in.
[18/08/2014 15:31:35] > Broadcasted message: "Game map cleaning in 1 minute, please pick up all your items.".
[18/08/2014 15:32:06] > CLEAN: Removed 1979 items from 1824 tiles in 0.311 seconds.
[18/08/2014 15:32:06] > Broadcasted message: "Map Cleaned.".
[18/08/2014 15:32:58] Yakuza has logged out.
[18/08/2014 15:32:59] Yakuza has logged in.
[18/08/2014 15:35:10] > Broadcasted message: "Para ver a lista de proximos tutores digite !tutores.".
[18/08/2014 15:38:10] Eternal Ozzot has logged out.
[18/08/2014 15:38:43] Eternal Ozzot has logged in.
[18/08/2014 15:38:55] Mllk Loko has logged in.
[18/08/2014 15:39:09] Pally Brisado has logged out.
[18/08/2014 15:39:11] Pally Brisado has logged in.
[18/08/2014 15:39:50] Black Jose has logged in.
[18/08/2014 15:40:44] Yakuza has logged out.
[18/08/2014 15:40:55] > Saving server...
[18/08/2014 15:41:00] > SAVE: Complete in 4.805 seconds using relational house storage.
[18/08/2014 15:41:00] [Hoster] Jean has logged out.
[18/08/2014 15:41:51] > Broadcasted message: "Para esclarecer algumas duvidas digite !notice, para mais informacoes fale com um [CM]".
[18/08/2014 15:42:23] Mlk Lokoo has logged out.
[18/08/2014 15:43:06] To De Boa has logged out.
[18/08/2014 15:43:07] To De Boa has logged in.
[18/08/2014 15:43:43] Mllk Loko has logged out.
[18/08/2014 15:43:44] Mllk Loko has logged in.
[18/08/2014 15:44:36] Pally Brisado has logged out.
[18/08/2014 15:44:39] Pally Brisado has logged in.
[18/08/2014 15:46:00] Magezinho Sapeca has logged out.
[18/08/2014 15:46:06] Magezinho Sapeca has logged in.
[18/08/2014 15:46:30] Eternal Ozzot has logged out.
[18/08/2014 15:46:32] Eternal Ozzot has logged in.
[18/08/2014 15:47:54] Lucas has logged out.
[18/08/2014 15:48:01] To De Boa has logged out.
[18/08/2014 15:48:02] To De Boa has logged in.
[18/08/2014 15:48:16] > Saving server...
[18/08/2014 15:48:19] > SAVE: Complete in 2.87 seconds using relational house storage.
[18/08/2014 15:48:20] > Broadcasted message: "Game map cleaning in 1 minute, please pick up all your items.".
[18/08/2014 15:48:32] > Broadcasted message: "Sempre Ao Criar Uma Conta, Pegue A RK Dela No Account Manager Da Conta E Anote, Nunca Passe A Sua Senha Para Outras Pessoas, E Ao Entrar Em Outros OT´s Crie Contas Diferentes Para Não Sofrer HACKED, Não Me Responsabilizo Por Perdas, Obrigado".
[18/08/2014 15:48:50] > CLEAN: Removed 4241 items from 1940 tiles in 0.203 seconds.
[18/08/2014 15:48:50] > Broadcasted message: "Map Cleaned.".
[18/08/2014 15:49:51] To De Boa has logged out.
[18/08/2014 15:49:52] To De Boa has logged in.
[18/08/2014 15:50:48] To De Boa has logged out.
[18/08/2014 15:50:51] To De Boa has logged in.
[18/08/2014 15:51:03] Nois Que Voa Bruxao has logged out.
[18/08/2014 15:51:05] Nois Que Voa Bruxao has logged in.
[18/08/2014 15:51:37] To De Boa has logged out.
[18/08/2014 15:51:39] To De Boa has logged in.
[18/08/2014 15:52:22] Black Jose has logged out.
[18/08/2014 15:52:23] Black Jose has logged in.
[18/08/2014 15:52:33] Nois Que Voa Bruxao has logged out.
[18/08/2014 15:52:34] Nois Que Voa Bruxao has logged in.
[18/08/2014 15:52:43] Honda has logged out.
[18/08/2014 15:53:48] Honda has logged in.
[18/08/2014 15:53:50] Anjo pk has logged out.
[18/08/2014 15:53:51] Anjo pk has logged in.
[18/08/2014 15:55:13] > Broadcasted message: "Para ver a lista de proximos tutores digite !tutores.".
[18/08/2014 15:55:23] To De Boa has logged out.
[18/08/2014 15:55:24] To De Boa has logged in.
[18/08/2014 15:57:18] Mlk Lokoo has logged in.
[18/08/2014 15:57:37] To De Boa has logged out.
[18/08/2014 15:57:39] To De Boa has logged in.
[18/08/2014 15:57:39] Black Jose has logged out.
[18/08/2014 15:57:51] Yakuza has logged in.
[18/08/2014 15:58:15] Mlk Lokoo has logged out.
[18/08/2014 15:58:27] Nois Que Voa Bruxao has logged out.
[18/08/2014 15:58:29] Nois Que Voa Bruxao has logged in.
[18/08/2014 15:58:47] Mllk Loko has logged out.
[18/08/2014 15:58:49] Mllk Loko has logged in.
[18/08/2014 16:01:25] To De Boa has logged out.
[18/08/2014 16:01:27] To De Boa has logged in.
[18/08/2014 16:01:45] To De Boa has logged out.
[18/08/2014 16:01:46] To De Boa has logged in.
[18/08/2014 16:01:54] > Broadcasted message: "Para esclarecer algumas duvidas digite !notice, para mais informacoes fale com um [CM]".
[18/08/2014 16:05:01] > Broadcasted message: "Game map cleaning in 1 minute, please pick up all your items.".
[18/08/2014 16:05:10] Tio Pally has logged in.
[18/08/2014 16:05:31] > CLEAN: Removed 124 items from 268 tiles in 0.172 seconds.
[18/08/2014 16:05:32] > Broadcasted message: "Map Cleaned.".
[18/08/2014 16:05:46] Yakuza has logged out.
[18/08/2014 16:05:47] Yakuza has logged in.
[18/08/2014 16:05:53] Magezinho Sapeca has logged out.
[18/08/2014 16:05:54] Magezinho Sapeca has logged in.
[18/08/2014 16:05:55] Magezinho Sapeca has logged out.
[18/08/2014 16:06:13] Magezinho Sapeca has logged in.
[18/08/2014 16:06:19] Account Manager has logged in.
[18/08/2014 16:06:22] Account Manager has logged out.
[18/08/2014 16:06:28] Yakuza has logged out.
[18/08/2014 16:06:53] Yakuza has logged in.
[18/08/2014 16:08:18] To De Boa has logged out.
[18/08/2014 16:08:25] To De Boa has logged in.
[18/08/2014 16:08:35] > Broadcasted message: "Ot on das 07:00 as 00:00".
[18/08/2014 16:08:47] Tio Pally has logged out.
[18/08/2014 16:08:48] Tio Pally has logged in.
[18/08/2014 16:09:51] To De Boa has logged out.
[18/08/2014 16:09:53] To De Boa has logged in.
[18/08/2014 16:10:03] Tio Pally has logged out.
[18/08/2014 16:11:01] Mllk Loko has logged out.
[18/08/2014 16:11:02] Tio Pally has logged in.
[18/08/2014 16:11:03] Anjo pk has logged out.
[18/08/2014 16:11:03] Mllk Loko has logged in.
[18/08/2014 16:11:04] Tio Pally has logged out.
[18/08/2014 16:11:04] Anjo pk has logged in.
[18/08/2014 16:11:04] 
[18/08/2014 16:11:04] Lua Script Error: [CreatureScript Interface] 
[18/08/2014 16:11:05] data/creaturescripts/scripts/playerdeath.lua:onDeath
[18/08/2014 16:11:05] 
[18/08/2014 16:11:05] luaGetCreatureName(). Creature not found
[18/08/2014 16:11:05] 
[18/08/2014 16:11:05] Lua Script Error: [CreatureScript Interface] 
[18/08/2014 16:11:05] data/creaturescripts/scripts/playerdeath.lua:onDeath
[18/08/2014 16:11:05] 
[18/08/2014 16:11:05] luaGetCreatureName(). Creature not found
[18/08/2014 16:11:06] Eternal Ozzot has logged out.
[18/08/2014 16:11:08] Eternal Ozzot has logged in.
[18/08/2014 16:11:14] Tio Pally has logged in.
[18/08/2014 16:11:19] Tio Pally has logged out.
[18/08/2014 16:11:21] Anjo pk has logged out.
[18/08/2014 16:11:23] Anjo pk has logged in.
[18/08/2014 16:11:28] Tio Pally has logged in.
[18/08/2014 16:11:33] Tio Pally has logged out.
[18/08/2014 16:11:42] Account Manager has logged in.
[18/08/2014 16:11:47] Anjo pk has logged out.
[18/08/2014 16:11:51] Lucas has logged in.
[18/08/2014 16:12:03] Account Manager has logged out.
[18/08/2014 16:12:04] Tio Pally has logged in.
[18/08/2014 16:12:06] Tio Pally has logged out.
[18/08/2014 16:12:23] Tio Pally has logged in.
[18/08/2014 16:13:26] Tio Pally has logged out.
[18/08/2014 16:13:28] Tio Pally has logged in.
[18/08/2014 16:13:45] Yakuza has logged out.
[18/08/2014 16:14:00] Anjo pk has logged in.
[18/08/2014 16:14:17] To De Boa has logged out.
[18/08/2014 16:14:18] To De Boa has logged in.
[18/08/2014 16:14:33] Honda has logged out.
[18/08/2014 16:14:36] To De Boa has logged out.
[18/08/2014 16:14:37] To De Boa has logged in.
[18/08/2014 16:14:43] Tio Pally has logged out.
[18/08/2014 16:14:54] Tio Pally has logged in.
[18/08/2014 16:15:16] > Broadcasted message: "Para duvidas, eventos, e futuramente compras E-mail/Msn -> deathpvp@live.com.".
[18/08/2014 16:15:54] Tio Pally has logged out.
[18/08/2014 16:15:55] Tio Pally has logged in.
[18/08/2014 16:16:02] Tio Pally has logged out.
[18/08/2014 16:16:02] Sorczinho Sapeca has logged out.
[18/08/2014 16:16:12] Actions has logged in.
[18/08/2014 16:16:15] Duff Maluko has logged in.
[18/08/2014 16:16:18] Tio Pally has logged in.
[18/08/2014 16:16:22] Maluko duff has logged in.
[18/08/2014 16:16:32] Yakuza has logged in.
[18/08/2014 16:19:26] Maluko duff has logged out.
[18/08/2014 16:20:39] Magezinho Sapeca has logged out.
[18/08/2014 16:21:01] Magezinho Sapeca has logged in.
[18/08/2014 16:21:07] Tio Pally has logged out.
[18/08/2014 16:21:09] Tio Pally has logged in.
[18/08/2014 16:21:31] Maluko duff has logged in.
[18/08/2014 16:21:37] > Saving server...
[18/08/2014 16:21:41] > SAVE: Complete in 3.511 seconds using relational house storage.
[18/08/2014 16:21:42] > Broadcasted message: "Game map cleaning in 1 minute, please pick up all your items.".
[18/08/2014 16:21:57] > Broadcasted message: "Sempre Ao Criar Uma Conta, Pegue A RK Dela No Account Manager Da Conta E Anote, Nunca Passe A Sua Senha Para Outras Pessoas, E Ao Entrar Em Outros OT´s Crie Contas Diferentes Para Não Sofrer HACKED, Não Me Responsabilizo Por Perdas, Obrigado".
[18/08/2014 16:21:59] Maluko duff has logged out.
[18/08/2014 16:22:12] > CLEAN: Removed 1085 items from 1576 tiles in 0.172 seconds.
[18/08/2014 16:22:13] > Broadcasted message: "Map Cleaned.".
[18/08/2014 16:22:52] Actions has logged out.
[18/08/2014 16:22:54] Actions has logged in.
[18/08/2014 16:23:04] Actions has logged out.
[18/08/2014 16:23:05] Actions has logged in.
[18/08/2014 16:23:07] Tio Pally has logged out.
[18/08/2014 16:23:09] Tio Pally has logged in.
[18/08/2014 16:24:11] Duff Maluko has logged out.
[18/08/2014 16:24:27] Duff Maluko has logged in.
[18/08/2014 16:24:54] To De Boa has logged out.
[18/08/2014 16:24:56] To De Boa has logged in.
[18/08/2014 16:24:59] Actions has logged out.
[18/08/2014 16:25:00] Actions has logged in.
[18/08/2014 16:25:41] Actions has logged out.
[18/08/2014 16:25:43] Actions has logged in.
[18/08/2014 16:25:49] Actions has logged out.
[18/08/2014 16:25:59] Sorczinho Sapeca has logged in.
[18/08/2014 16:28:18] Tio Pally has logged out.
[18/08/2014 16:28:19] Duff Maluko has logged out.
[18/08/2014 16:28:20] Duff Maluko has logged in.
[18/08/2014 16:28:38] > Broadcasted message: "Para esclarecer algumas duvidas digite !notice, para mais informacoes fale com um [CM]".
[18/08/2014 16:29:13] Sorczinho Sapeca has logged out.
[18/08/2014 16:29:16] Maluko duff has logged in.
[18/08/2014 16:29:30] To De Boa has logged out.
[18/08/2014 16:29:39] Sorczinho Sapeca has logged in.
[18/08/2014 16:30:56] Magezinho Sapeca has logged out.
[18/08/2014 16:30:58] Magezinho Sapeca has logged in.
[18/08/2014 16:31:14] Mllk Loko has logged out.
[18/08/2014 16:31:16] Mllk Loko has logged in.
[18/08/2014 16:32:37] Magezinho Sapeca has logged out.
[18/08/2014 16:32:39] Magezinho Sapeca has logged in.
[18/08/2014 16:33:19] Maluko duff has logged out.
[18/08/2014 16:34:04] Lucas has logged out.
[18/08/2014 16:34:50] Account Manager has logged in.
[18/08/2014 16:34:58] Magezinho Sapeca has logged out.
[18/08/2014 16:34:59] Magezinho Sapeca has logged in.
[18/08/2014 16:35:17] Account Manager has logged out.
[18/08/2014 16:35:19] > Broadcasted message: "Para ver a lista de proximos tutores digite !tutores.".
[18/08/2014 16:37:34] Microbio I has logged in.
[18/08/2014 16:38:01] Yakuza has logged out.
[18/08/2014 16:38:23] > Broadcasted message: "Game map cleaning in 1 minute, please pick up all your items.".
[18/08/2014 16:38:54] > CLEAN: Removed 270 items from 524 tiles in 0.172 seconds.
[18/08/2014 16:38:54] > Broadcasted message: "Map Cleaned.".
[18/08/2014 16:39:26] Eternal Ozzot has logged out.
[18/08/2014 16:39:28] Eternal Ozzot has logged in.
[18/08/2014 16:40:14] Magezinho Sapeca has logged out.
[18/08/2014 16:40:16] Magezinho Sapeca has logged in.
[18/08/2014 16:40:47] Sorczinho Sapeca has logged out.
[18/08/2014 16:40:49] Sorczinho Sapeca has logged in.
[18/08/2014 16:42:01] > Broadcasted message: "Para ver as noticias fale !notice".
[18/08/2014 16:43:30] Maluko duff has logged in.
[18/08/2014 16:44:42] Anjo pk has logged out.
[18/08/2014 16:44:43] Anjo pk has logged in.
[18/08/2014 16:44:58] Maluko duff has logged out.
[18/08/2014 16:45:09] Maluko duff has logged in.
[18/08/2014 16:45:22] Maluko duff has logged out.
[18/08/2014 16:45:37] Eternal Ozzot has logged out.
[18/08/2014 16:45:39] Eternal Ozzot has logged in.
[18/08/2014 16:46:37] Sorczinho Sapeca has logged out.
[18/08/2014 16:46:39] Sorczinho Sapeca has logged in.
[18/08/2014 16:47:36] Nois Que Voa Bruxao has logged out.
[18/08/2014 16:47:37] Nois Que Voa Bruxao has logged in.
[18/08/2014 16:47:59] Anjo pk has logged out.
[18/08/2014 16:48:03] Anjo pk has logged in.
[18/08/2014 16:48:42] > Broadcasted message: "Para duvidas, eventos, e futuramente compras E-mail/Msn -> deathpvp@live.com.".
[18/08/2014 16:52:08] Anjo pk has logged out.
[18/08/2014 16:52:12] Anjo pk has logged in.
[18/08/2014 16:52:17] Duff Maluko has logged out.
[18/08/2014 16:54:44] Mata Pally has logged in.
[18/08/2014 16:54:58] > Saving server...
[18/08/2014 16:55:01] > SAVE: Complete in 2.871 seconds using relational house storage.
[18/08/2014 16:55:04] > Broadcasted message: "Game map cleaning in 1 minute, please pick up all your items.".
[18/08/2014 16:55:23] > Broadcasted message: "Sempre Ao Criar Uma Conta, Pegue A RK Dela No Account Manager Da Conta E Anote, Nunca Passe A Sua Senha Para Outras Pessoas, E Ao Entrar Em Outros OT´s Crie Contas Diferentes Para Não Sofrer HACKED, Não Me Responsabilizo Por Perdas, Obrigado".
[18/08/2014 16:55:34] > CLEAN: Removed 4181 items from 1685 tiles in 0.187 seconds.
[18/08/2014 16:55:34] > Broadcasted message: "Map Cleaned.".
[18/08/2014 16:56:09] Mllk Loko has logged out.
[18/08/2014 16:58:05] Microbio I has logged out.
[18/08/2014 17:02:04] > Broadcasted message: "Para duvidas, eventos, e futuramente compras E-mail/Msn -> deathpvp@live.com.".
[18/08/2014 17:03:02] Honda has logged in.
[18/08/2014 17:04:26] Eternal Ozzot has logged out.
[18/08/2014 17:08:45] > Broadcasted message: "Para ver a lista de proximos tutores digite !tutores.".
[18/08/2014 17:09:51] Mata Pally has logged out.
[18/08/2014 17:09:53] Mata Pally has logged in.
[18/08/2014 17:09:55] Boss-sykes has logged in.
[18/08/2014 17:11:21] Gotak has logged in.
[18/08/2014 17:11:45] > Broadcasted message: "Game map cleaning in 1 minute, please pick up all your items.".
[18/08/2014 17:11:51] Gotak has logged out.
[18/08/2014 17:11:53] Gotak has logged in.
[18/08/2014 17:12:11] Eternal Ozzot has logged in.
[18/08/2014 17:12:15] > CLEAN: Removed 3118 items from 1794 tiles in 0.213 seconds.
[18/08/2014 17:12:15] > Broadcasted message: "Map Cleaned.".
[18/08/2014 17:14:26] Gotak has logged out.
[18/08/2014 17:14:27] Gotak has logged in.
[18/08/2014 17:14:45] Gotak has logged out.
[18/08/2014 17:14:47] Gotak has logged in.
[18/08/2014 17:15:26] > Broadcasted message: "Ot on das 07:00 as 00:00".
[18/08/2014 17:15:38] Gotak has logged out.
[18/08/2014 17:17:53] Boss-sykes has logged out.
[18/08/2014 17:21:26] Anjo pk has logged out.
[18/08/2014 17:21:57] Nois Que Voa Bruxao has logged out.
[18/08/2014 17:22:07] > Broadcasted message: "Sempre Ao Criar Uma Conta, Pegue A RK Dela No Account Manager Da Conta E Anote, Nunca Passe A Sua Senha Para Outras Pessoas, E Ao Entrar Em Outros OT´s Crie Contas Diferentes Para Não Sofrer HACKED, Não Me Responsabilizo Por Perdas, Obrigado".
[18/08/2014 17:23:40] Magezinho Sapeca has logged out.
[18/08/2014 17:24:01] Magezinho Sapeca has logged in.
[18/08/2014 17:24:13] Sorczinho Sapeca has logged out.
[18/08/2014 17:24:28] Sorczinho Sapeca has logged in.
[18/08/2014 17:26:19] Mata Pally has logged out.
[18/08/2014 17:27:01] Magezinho Sapeca has logged out.
[18/08/2014 17:27:02] 
[18/08/2014 17:27:02] Lua Script Error: [CreatureScript Interface] 
[18/08/2014 17:27:02] data/creaturescripts/scripts/playerdeath.lua:onDeath
[18/08/2014 17:27:02] 
[18/08/2014 17:27:02] luaGetCreatureName(). Creature not found
[18/08/2014 17:27:02] Honda has logged out.
[18/08/2014 17:27:03] Magezinho Sapeca has logged in.
[18/08/2014 17:27:06] Honda has logged in.
[18/08/2014 17:28:14] Pally Brisado has logged out.
[18/08/2014 17:28:19] > Saving server...
[18/08/2014 17:28:21] > SAVE: Complete in 2.243 seconds using relational house storage.
[18/08/2014 17:28:26] > Broadcasted message: "Game map cleaning in 1 minute, please pick up all your items.".
[18/08/2014 17:28:46] Pally Brisado has logged in.
[18/08/2014 17:28:48] > Broadcasted message: "Ot on das 07:00 as 00:00".
[18/08/2014 17:28:56] > CLEAN: Removed 7489 items from 3393 tiles in 0.432 seconds.
[18/08/2014 17:28:57] > Broadcasted message: "Map Cleaned.".
[18/08/2014 17:35:29] > Broadcasted message: "Ot on das 07:00 as 00:00".
[18/08/2014 17:36:50] Anjo pk has logged in.
[18/08/2014 17:38:11] Kina Pra Q has logged in.
[18/08/2014 17:38:51] Kina Pra Q has logged out.
[18/08/2014 17:38:56] Magezinho Sapeca has logged out.
[18/08/2014 17:38:58] Magezinho Sapeca has logged in.
[18/08/2014 17:39:42] Anjo pk has logged out.
[18/08/2014 17:39:44] Anjo pk has logged in.
[18/08/2014 17:40:41] Eternal Ozzot has logged out.
[18/08/2014 17:42:10] > Broadcasted message: "Sempre Ao Criar Uma Conta, Pegue A RK Dela No Account Manager Da Conta E Anote, Nunca Passe A Sua Senha Para Outras Pessoas, E Ao Entrar Em Outros OT´s Crie Contas Diferentes Para Não Sofrer HACKED, Não Me Responsabilizo Por Perdas, Obrigado".
[18/08/2014 17:42:56] Gotak has logged in.
[18/08/2014 17:43:29] Gotak has logged out.
[18/08/2014 17:44:19] Honda has logged out.
[18/08/2014 17:45:07] > Broadcasted message: "Game map cleaning in 1 minute, please pick up all your items.".
[18/08/2014 17:45:37] > CLEAN: Removed 6 items from 116 tiles in 0.361 seconds.
[18/08/2014 17:45:38] > Broadcasted message: "Map Cleaned.".
[18/08/2014 17:46:16] Anjo pk has logged out.
[18/08/2014 17:46:18] Anjo pk has logged in.
[18/08/2014 17:47:01] Magezinho Sapeca has logged out.
[18/08/2014 17:47:04] Magezinho Sapeca has logged in.
[18/08/2014 17:48:51] > Broadcasted message: "Para ver as noticias fale !notice".
[18/08/2014 17:51:34] Sorczinho Sapeca has logged out.
[18/08/2014 17:51:37] Sorczinho Sapeca has logged in.
[18/08/2014 17:55:32] > Broadcasted message: "Para comprar bless digite !bless".
[18/08/2014 18:01:40] > Saving server...
[18/08/2014 18:01:47] > SAVE: Complete in 7.27 seconds using relational house storage.
[18/08/2014 18:01:48] > Broadcasted message: "Game map cleaning in 1 minute, please pick up all your items.".
[18/08/2014 18:02:13] > Broadcasted message: "Para duvidas, eventos, e futuramente compras E-mail/Msn -> deathpvp@live.com.".
[18/08/2014 18:02:19] > CLEAN: Removed 21 items from 293 tiles in 0.198 seconds.
[18/08/2014 18:02:19] > Broadcasted message: "Map Cleaned.".
[18/08/2014 18:06:26] Account Manager has logged in.
[18/08/2014 18:08:32] Account Manager has logged out.
[18/08/2014 18:08:34] Account Manager has logged in.
[18/08/2014 18:08:54] > Broadcasted message: "Para ver a lista de proximos tutores digite !tutores.".
[18/08/2014 18:10:40] Account Manager has logged out.
[18/08/2014 18:13:32] Yakuza has logged in.
[18/08/2014 18:15:35] > Broadcasted message: "Para duvidas, eventos, e futuramente compras E-mail/Msn -> deathpvp@live.com.".
[18/08/2014 18:18:29] > Broadcasted message: "Game map cleaning in 1 minute, please pick up all your items.".
[18/08/2014 18:18:52] Yakuza has logged out.
[18/08/2014 18:18:59] > CLEAN: Removed 11 items from 163 tiles in 0.207 seconds.
[18/08/2014 18:18:59] > Broadcasted message: "Map Cleaned.".
[18/08/2014 18:19:00] Yakuza has logged in.
[18/08/2014 18:19:55] Mllk Loko has logged in.
[18/08/2014 18:20:18] Anjo pk has logged out.
[18/08/2014 18:20:20] Anjo pk has logged in.
[18/08/2014 18:21:26] Arianne Andrade has logged in.
[18/08/2014 18:21:57] Arianne Andrade has logged out.
[18/08/2014 18:21:59] Arizinha Andrade has logged in.
[18/08/2014 18:22:16] > Broadcasted message: "Para duvidas, eventos, e futuramente compras E-mail/Msn -> deathpvp@live.com.".
[18/08/2014 18:26:11] Druidzerah Mythus has logged in.
[18/08/2014 18:26:22] Arizinha Andrade has logged out.
[18/08/2014 18:26:24] Arizinha Andrade has logged in.
[18/08/2014 18:26:56] Magezinho Sapeca has logged out.
[18/08/2014 18:27:49] Account Manager has logged in.
[18/08/2014 18:27:50] Account Manager has logged out.
[18/08/2014 18:27:52] Magezinho Sapeca has logged in.
[18/08/2014 18:28:57] > Broadcasted message: "Para esclarecer algumas duvidas digite !notice, para mais informacoes fale com um [CM]".
[18/08/2014 18:34:11] Arizinha Andrade has logged out.
[18/08/2014 18:34:38] Magezinho Sapeca has logged out.
[18/08/2014 18:34:38] 
[18/08/2014 18:34:38] Lua Script Error: [Spell Interface] 
[18/08/2014 18:34:39] in a timer event called from: 
[18/08/2014 18:34:39] data/spells/scripts/max power rune.lua:onCastSpell
[18/08/2014 18:34:39] 
[18/08/2014 18:34:39] luaDoCombat(). Creature not found
[18/08/2014 18:34:39] 
[18/08/2014 18:34:39] Lua Script Error: [Spell Interface] 
[18/08/2014 18:34:39] in a timer event called from: 
[18/08/2014 18:34:40] data/spells/scripts/max power rune.lua:onCastSpell
[18/08/2014 18:34:40] 
[18/08/2014 18:34:40] luaDoCombat(). Creature not found
[18/08/2014 18:34:40] 
[18/08/2014 18:34:40] Lua Script Error: [Spell Interface] 
[18/08/2014 18:34:40] in a timer event called from: 
[18/08/2014 18:34:40] data/spells/scripts/max power rune.lua:onCastSpell
[18/08/2014 18:34:41] 
[18/08/2014 18:34:41] luaDoCombat(). Creature not found
[18/08/2014 18:34:41] 
[18/08/2014 18:34:41] Lua Script Error: [Spell Interface] 
[18/08/2014 18:34:41] in a timer event called from: 
[18/08/2014 18:34:41] data/spells/scripts/max power rune.lua:onCastSpell
[18/08/2014 18:34:42] 
[18/08/2014 18:34:42] luaDoCombat(). Creature not found
[18/08/2014 18:34:42] Sorczinho Sapeca has logged out.
[18/08/2014 18:34:43] Magezinho Sapeca has logged in.
[18/08/2014 18:34:45] Sorczinho Sapeca has logged in.
[18/08/2014 18:35:01] > Saving server...
[18/08/2014 18:35:04] > SAVE: Complete in 2.663 seconds using relational house storage.
[18/08/2014 18:35:10] > Broadcasted message: "Game map cleaning in 1 minute, please pick up all your items.".
[18/08/2014 18:35:38] > Broadcasted message: "Para duvidas, eventos, e futuramente compras E-mail/Msn -> deathpvp@live.com.".
[18/08/2014 18:35:41] > CLEAN: Removed 5232 items from 3490 tiles in 0.618 seconds.
[18/08/2014 18:35:42] > Broadcasted message: "Map Cleaned.".
[18/08/2014 18:37:24] Arianne Andrade has logged in.
[18/08/2014 18:37:27] Arianne Andrade has logged out.
[18/08/2014 18:37:29] Arizinha Andrade has logged in.
[18/08/2014 18:41:06] Arizinha Andrade has logged out.
[18/08/2014 18:41:08] Arizinha Andrade has logged in.
[18/08/2014 18:42:19] > Broadcasted message: "Para esclarecer algumas duvidas digite !notice, para mais informacoes fale com um [CM]".
[18/08/2014 18:42:51] Yakuza has logged out.
[18/08/2014 18:43:04] Arizinha Andrade has logged out.
[18/08/2014 18:43:58] Yakuza has logged in.
[18/08/2014 18:45:33] Magezinho Sapeca has logged out.
[18/08/2014 18:45:34] Magezinho Sapeca has logged in.
[18/08/2014 18:46:06] Druidzerah Mythus has logged out.
[18/08/2014 18:46:31] Druidzerah Mythus has logged in.
[18/08/2014 18:47:55] Juninhosza has logged in.
[18/08/2014 18:48:08] Arizinha Andrade has logged in.
[18/08/2014 18:48:13] Magezinho Sapeca has logged out.
[18/08/2014 18:48:15] Magezinho Sapeca has logged in.
[18/08/2014 18:49:00] > Broadcasted message: "Para comprar bless digite !bless".
[18/08/2014 18:49:52] Pally Brisado has logged out.
[18/08/2014 18:50:24] Mllk Loko has logged out.
[18/08/2014 18:51:51] > Broadcasted message: "Game map cleaning in 1 minute, please pick up all your items.".
[18/08/2014 18:52:21] > CLEAN: Removed 5626 items from 3625 tiles in 0.299 seconds.
[18/08/2014 18:52:22] > Broadcasted message: "Map Cleaned.".
[18/08/2014 18:52:24] Arizinha Andrade has logged out.
[18/08/2014 18:52:27] Arizinha Andrade has logged in.
[18/08/2014 18:53:05] Gotak has logged in.
[18/08/2014 18:53:49] Magezinho Sapeca has logged out.
[18/08/2014 18:54:41] Sorczinho Sapeca has logged out.
[18/08/2014 18:54:47] Magezinho Sapeca has logged in.
[18/08/2014 18:55:41] > Broadcasted message: "Para esclarecer algumas duvidas digite !notice, para mais informacoes fale com um [CM]".
[18/08/2014 18:56:59] Juninhosza has logged out.
[18/08/2014 18:57:01] Juninhosza has logged in.
[18/08/2014 18:57:26] Juninhosza has logged out.
[18/08/2014 18:57:49] Juninhosza has logged in.
[18/08/2014 18:58:56] Anjo pk has logged out.
[18/08/2014 18:58:58] Anjo pk has logged in.
[18/08/2014 18:59:11] Juninhosza has logged out.
[18/08/2014 18:59:17] Druidd has logged in.
[18/08/2014 18:59:33] Druidd has logged out.
[18/08/2014 18:59:35] Druiddd has logged in.
[18/08/2014 18:59:40] Druiddd has logged out.
[18/08/2014 18:59:43] Knights has logged in.
[18/08/2014 18:59:54] Knights has logged out.
[18/08/2014 18:59:56] Knightt has logged in.
[18/08/2014 19:00:04] Knightt has logged out.
[18/08/2014 19:00:13] Juninhosza has logged in.
[18/08/2014 19:00:15] Gotak has logged out.
[18/08/2014 19:00:16] Gotak has logged in.
[18/08/2014 19:00:41] Gotak has logged out.
[18/08/2014 19:00:42] Gotak has logged in.
[18/08/2014 19:01:31] Nois Que Voa Bruxao has logged in.
[18/08/2014 19:02:02] Gotak has logged out.
[18/08/2014 19:02:04] Gotak has logged in.
[18/08/2014 19:02:14] Gotak has logged out.
[18/08/2014 19:02:16] Gotak has logged in.
[18/08/2014 19:02:22] > Broadcasted message: "Sempre Ao Criar Uma Conta, Pegue A RK Dela No Account Manager Da Conta E Anote, Nunca Passe A Sua Senha Para Outras Pessoas, E Ao Entrar Em Outros OT´s Crie Contas Diferentes Para Não Sofrer HACKED, Não Me Responsabilizo Por Perdas, Obrigado".
[18/08/2014 19:06:24] Honda has logged in.
[18/08/2014 19:06:46] Yakuza has logged out.
[18/08/2014 19:06:48] Yakuza has logged in.
[18/08/2014 19:07:02] Gotak has logged out.
[18/08/2014 19:07:04] Gotak has logged in.
[18/08/2014 19:07:57] Nois Que Voa Bruxao has logged out.
[18/08/2014 19:08:01] Nois Que Voa Bruxao has logged in.
[18/08/2014 19:08:22] > Saving server...
[18/08/2014 19:08:25] > SAVE: Complete in 3.46 seconds using relational house storage.
[18/08/2014 19:08:32] > Broadcasted message: "Game map cleaning in 1 minute, please pick up all your items.".
[18/08/2014 19:09:02] > CLEAN: Removed 8984 items from 4859 tiles in 0.438 seconds.
[18/08/2014 19:09:03] > Broadcasted message: "Map Cleaned.".
[18/08/2014 19:09:03] > Broadcasted message: "Para ver a lista de proximos tutores digite !tutores.".
[18/08/2014 19:09:46] Arizinha Andrade has logged out.
[18/08/2014 19:09:48] Arizinha Andrade has logged in.
[18/08/2014 19:12:10] Arizinha Andrade has logged out.
[18/08/2014 19:12:12] Arizinha Andrade has logged in.
[18/08/2014 19:12:37] Pally Brisado has logged in.
[18/08/2014 19:14:53] Pally Brisado has logged out.
[18/08/2014 19:15:31] Gotak has logged out.
[18/08/2014 19:15:37] Anjo pk has logged out.
[18/08/2014 19:15:43] Anjo pk has logged in.
[18/08/2014 19:15:44] > Broadcasted message: "Para esclarecer algumas duvidas digite !notice, para mais informacoes fale com um [CM]".
[18/08/2014 19:15:59] Gotak has logged in.
[18/08/2014 19:16:00] Mllk Loko has logged in.
[18/08/2014 19:16:37] Magezinho Sapeca has logged out.
[18/08/2014 19:16:40] Magezinho Sapeca has logged in.
[18/08/2014 19:17:19] GM Gabriel has logged in.
[18/08/2014 19:20:57] Mllk Loko has logged out.
[18/08/2014 19:21:00] Mllk Loko has logged in.
[18/08/2014 19:22:25] > Broadcasted message: "Para ver a lista de proximos tutores digite !tutores.".
[18/08/2014 19:25:07] Nois Que Voa Bruxao has logged out.
[18/08/2014 19:25:13] > Broadcasted message: "Game map cleaning in 1 minute, please pick up all your items.".
[18/08/2014 19:25:26] Mllk Loko has logged out.
[18/08/2014 19:25:28] Mllk Loko has logged in.
[18/08/2014 19:25:44] > CLEAN: Removed 3699 items from 2702 tiles in 0.235 seconds.
[18/08/2014 19:25:44] > Broadcasted message: "Map Cleaned.".
[18/08/2014 19:25:46] Mllk Loko has logged out.
[18/08/2014 19:26:08] Mlk Lokoo has logged in.
[18/08/2014 19:27:38] Yakuza has logged out.
[18/08/2014 19:28:01] Pally Brisado has logged in.
[18/08/2014 19:28:08] Juninhosza has logged out.
[18/08/2014 19:28:19] GM Gabriel has logged out.
[18/08/2014 19:28:21] Druid Nikito has logged in.
[18/08/2014 19:28:34] Gotak has logged out.
[18/08/2014 19:28:36] Gotak has logged in.
[18/08/2014 19:28:40] Pally Brisado has logged out.
[18/08/2014 19:28:47] Gotak has logged out.
[18/08/2014 19:29:01] Druid Nikito has logged out.
[18/08/2014 19:29:04] Gotak has logged in.
[18/08/2014 19:29:06] > Broadcasted message: "Para duvidas, eventos, e futuramente compras E-mail/Msn -> deathpvp@live.com.".
[18/08/2014 19:29:33] Gotak has logged out.
[18/08/2014 19:29:43] Sorczinho Sapeca has logged in.
[18/08/2014 19:30:57] Sorczinho Sapeca has logged out.
[18/08/2014 19:31:03] Sorczinho Sapeca has logged in.
[18/08/2014 19:31:20] Honda has logged out.
[18/08/2014 19:31:57] Anjo pk has logged out.
[18/08/2014 19:31:58] Anjo pk has logged in.
[18/08/2014 19:32:28] Anjo pk has logged out.
[18/08/2014 19:32:29] Anjo pk has logged in.
[18/08/2014 19:33:44] Honda has logged in.
[18/08/2014 19:34:48] Honda has logged out.
[18/08/2014 19:34:50] Honda has logged in.
[18/08/2014 19:35:47] > Broadcasted message: "Novo CLIENTE = http://www.4shared.com/rar/Xvc96eOece/Death_PVP.html".
[18/08/2014 19:36:10] Nois Que Voa Bruxao has logged in.
[18/08/2014 19:36:35] Honda has logged out.
[18/08/2014 19:36:37] Honda has logged in.
[18/08/2014 19:36:56] Honda has logged out.
[18/08/2014 19:36:58] Honda has logged in.
[18/08/2014 19:37:02] Legal Fera has logged in.
[18/08/2014 19:38:33] Juninhosza has logged in.
[18/08/2014 19:38:48] Mata Pally has logged in.
[18/08/2014 19:39:09] Gotak has logged in.
[18/08/2014 19:39:53] Juninhosza has logged out.
[18/08/2014 19:40:53] Legal Fera has logged out.
[18/08/2014 19:40:57] Legal Fera has logged in.
[18/08/2014 19:41:25] Legal Fera has logged out.
[18/08/2014 19:41:27] Legal Fera has logged in.
[18/08/2014 19:41:33] Lord Biel has logged in.
[18/08/2014 19:41:41] Lord Biel has logged out.
[18/08/2014 19:41:43] Lord Biiel has logged in.
[18/08/2014 19:41:43] > Saving server...
[18/08/2014 19:41:47] > SAVE: Complete in 3.619 seconds using relational house storage.
[18/08/2014 19:41:54] > Broadcasted message: "Game map cleaning in 1 minute, please pick up all your items.".
[18/08/2014 19:42:20] Malkr has logged in.
[18/08/2014 19:42:25] > CLEAN: Removed 4119 items from 2894 tiles in 0.262 seconds.
[18/08/2014 19:42:25] > Broadcasted message: "Map Cleaned.".
[18/08/2014 19:42:28] > Broadcasted message: "Para comprar bless digite !bless".
[18/08/2014 19:43:18] Lord Biiel has logged out.
[18/08/2014 19:44:39] Magezinho Sapeca has logged out.
[18/08/2014 19:44:46] Magezinho Sapeca has logged in.
[18/08/2014 19:46:08] Legal Fera has logged out.
[18/08/2014 19:46:40] Legal Fera has logged in.
[18/08/2014 19:47:13] Sorczinho Sapeca has logged out.
[18/08/2014 19:47:17] Sorczinho Sapeca has logged in.
[18/08/2014 19:48:45] Gotak has logged out.
[18/08/2014 19:48:47] Gotak has logged in.
[18/08/2014 19:48:58] Magezinho Sapeca has logged out.
[18/08/2014 19:49:01] Magezinho Sapeca has logged in.
[18/08/2014 19:49:07] Gotak has logged out.
[18/08/2014 19:49:09] > Broadcasted message: "Para ver as noticias fale !notice".
[18/08/2014 19:49:11] Gotak has logged in.
[18/08/2014 19:49:28] Sorczinho Sapeca has logged out.
[18/08/2014 19:49:29] Sorczinho Sapeca has logged in.
[18/08/2014 19:49:34] Sorczinho Sapeca has logged out.
[18/08/2014 19:49:37] Sorczinho Sapeca has logged in.
[18/08/2014 19:50:37] Duff Maluko has logged in.
[18/08/2014 19:50:50] Gotak has logged out.
[18/08/2014 19:50:54] Gotak has logged in.
[18/08/2014 19:52:07] Lord Biiel has logged in.
[18/08/2014 19:52:26] Magezinho Sapeca has logged out.
[18/08/2014 19:52:42] Magezinho Sapeca has logged in.
[18/08/2014 19:53:03] Legal Fera has logged out.
[18/08/2014 19:53:05] Legal Fera has logged in.
[18/08/2014 19:53:27] Nois Que Voa Bruxao has logged out.
[18/08/2014 19:53:29] Magezinho Sapeca has logged out.
[18/08/2014 19:54:32] Juninhosza has logged in.
[18/08/2014 19:54:33] Legal Fera has logged out.
[18/08/2014 19:54:46] Yakuza has logged in.
[18/08/2014 19:55:17] Gotak has logged out.
[18/08/2014 19:55:18] Yakuza has logged out.
[18/08/2014 19:55:19] Yakuza has logged in.
[18/08/2014 19:55:20] Gotak has logged in.
[18/08/2014 19:55:23] Maluko duff has logged in.
[18/08/2014 19:55:50] > Broadcasted message: "Sempre Ao Criar Uma Conta, Pegue A RK Dela No Account Manager Da Conta E Anote, Nunca Passe A Sua Senha Para Outras Pessoas, E Ao Entrar Em Outros OT´s Crie Contas Diferentes Para Não Sofrer HACKED, Não Me Responsabilizo Por Perdas, Obrigado".
[18/08/2014 19:56:03] Legal Fera has logged in.
[18/08/2014 19:56:24] Mata Pally has logged out.
[18/08/2014 19:56:49] Legal Fera has logged out.
[18/08/2014 19:56:50] Legal Fera has logged in.
[18/08/2014 19:56:55] Gotak has logged out.
[18/08/2014 19:56:56] Gotak has logged in.
[18/08/2014 19:58:06] Eternal Ozzot has logged in.
[18/08/2014 19:58:08] Legal Fera has logged out.
[18/08/2014 19:58:10] Legal Fera has logged in.
[18/08/2014 19:58:35] > Broadcasted message: "Game map cleaning in 1 minute, please pick up all your items.".
[18/08/2014 19:59:06] > CLEAN: Removed 4916 items from 3290 tiles in 0.482 seconds.
[18/08/2014 19:59:06] > Broadcasted message: "Map Cleaned.".
[18/08/2014 19:59:08] Anjo pk has logged out.
[18/08/2014 19:59:10] Anjo pk has logged in.
[18/08/2014 19:59:47] Lord Biiel has logged out.
[18/08/2014 20:00:17] Anjo pk has logged out.
[18/08/2014 20:00:19] Anjo pk has logged in.
[18/08/2014 20:00:46] Gotak has logged out.
[18/08/2014 20:00:48] Gotak has logged in.
[18/08/2014 20:02:31] > Broadcasted message: "Sempre Ao Criar Uma Conta, Pegue A RK Dela No Account Manager Da Conta E Anote, Nunca Passe A Sua Senha Para Outras Pessoas, E Ao Entrar Em Outros OT´s Crie Contas Diferentes Para Não Sofrer HACKED, Não Me Responsabilizo Por Perdas, Obrigado".
[18/08/2014 20:03:55] Anjo pk has logged out.
[18/08/2014 20:03:58] Anjo pk has logged in.
[18/08/2014 20:05:05] Legal Fera has logged out.
[18/08/2014 20:05:09] Anjo pk has logged out.
[18/08/2014 20:05:12] Anjo pk has logged in.
[18/08/2014 20:05:28] Duff Maluko has logged out.
[18/08/2014 20:05:50] Mlk Lokoo has logged out.
[18/08/2014 20:05:53] Legal Fera has logged in.
[18/08/2014 20:06:06] Nois Que Voa Bruxao has logged in.
[18/08/2014 20:06:20] Maluko duff has logged out.
[18/08/2014 20:06:21] Honda has logged out.
[18/08/2014 20:06:28] Druidzerah Mythus has logged out.
[18/08/2014 20:06:45] Honda has logged in.
[18/08/2014 20:06:50] Druidzerah Mythus has logged in.
[18/08/2014 20:06:53] Druidzerah Mythus has logged out.
[18/08/2014 20:06:54] Legal Fera has logged out.
[18/08/2014 20:07:02] Honda has logged out.
[18/08/2014 20:07:05] Legal Fera has logged in.
[18/08/2014 20:07:15] Druidzerah Mythus has logged in.
[18/08/2014 20:07:20] Nois Que Voa Bruxao has logged out.
[18/08/2014 20:07:22] Nois Que Voa Bruxao has logged in.
[18/08/2014 20:07:25] Honda has logged in.
[18/08/2014 20:09:05] Sorczinho Sapeca has logged out.
[18/08/2014 20:09:06] Gotak has logged out.
[18/08/2014 20:09:08] Gotak has logged in.
[18/08/2014 20:09:12] > Broadcasted message: "Para comprar bless digite !bless".
[18/08/2014 20:09:25] Magezinho Sapeca has logged in.
[18/08/2014 20:09:36] Legal Fera has logged out.
[18/08/2014 20:11:19] Gotak has logged out.
[18/08/2014 20:13:56] GM Gabriel has logged in.
[18/08/2014 20:14:10] Mllk Loko has logged in.
[18/08/2014 20:14:28] [Hoster] Jean has logged in.
[18/08/2014 20:15:04] > Saving server...
[18/08/2014 20:15:07] > SAVE: Complete in 3.82 seconds using relational house storage.
[18/08/2014 20:15:16] > Broadcasted message: "Game map cleaning in 1 minute, please pick up all your items.".
[18/08/2014 20:15:46] > CLEAN: Removed 4793 items from 2283 tiles in 0.279 seconds.
[18/08/2014 20:15:47] > Broadcasted message: "Map Cleaned.".
[18/08/2014 20:15:53] > Broadcasted message: "Para comprar bless digite !bless".
[18/08/2014 20:16:14] Honda has logged out.
[18/08/2014 20:16:18] Honda has logged in.
[18/08/2014 20:17:30] Malkr has logged out.
[18/08/2014 20:17:38] Mata Pally has logged in.
[18/08/2014 20:17:59] GM Gabriel has logged out.
[18/08/2014 20:18:02] Druid Nikito has logged in.
[18/08/2014 20:19:02] Druid Nikito has logged out.
[18/08/2014 20:19:04] Malkr has logged in.
[18/08/2014 20:19:04] GM Gabriel has logged in.
[18/08/2014 20:19:20] Sorczinho Sapeca has logged in.
[18/08/2014 20:19:55] Yakuza has logged out.
[18/08/2014 20:20:15] GM Gabriel has logged out.
[18/08/2014 20:20:18] GM Gabriel has logged in.
[18/08/2014 20:21:16] Yakuza has logged in.
[18/08/2014 20:21:22] Yakuza has logged out.
[18/08/2014 20:21:43] Yakuza has logged in.
[18/08/2014 20:22:08] 
[18/08/2014 20:22:08] Lua Script Error: [TalkAction Interface] 
[18/08/2014 20:22:08] data/talkactions/scripts/teleporthere.lua:onSay
[18/08/2014 20:22:09] 
[18/08/2014 20:22:09] luaGetClosestFreeTile(). Creature not found
[18/08/2014 20:22:34] > Broadcasted message: "Para duvidas, eventos, e futuramente compras E-mail/Msn -> deathpvp@live.com.".
[18/08/2014 20:24:08] Juninhosza has logged out.
[18/08/2014 20:24:13] Anjo pk has logged out.
[18/08/2014 20:24:56] Nois Que Voa Bruxao has logged out.
[18/08/2014 20:25:00] Honda has logged out.
[18/08/2014 20:25:05] Juninhosza has logged in.
[18/08/2014 20:25:06] Yakuza has logged out.
[18/08/2014 20:25:10] Yakuza has logged in.
[18/08/2014 20:25:57] GM Gabriel has logged out.
[18/08/2014 20:25:59] Druid Nikito has logged in.
[18/08/2014 20:26:37] Honda has logged in.
[18/08/2014 20:27:17] Duff Maluko has logged in.
[18/08/2014 20:27:27] Mllk Loko has logged out.
[18/08/2014 20:27:29] Mllk Loko has logged in.
[18/08/2014 20:28:19] Maluko duff has logged in.
[18/08/2014 20:28:49] Duff Maluko has logged out.
[18/08/2014 20:29:07] Duff Maluko has logged in.
[18/08/2014 20:29:12] Druid Nikito has logged out.
[18/08/2014 20:29:15] > Broadcasted message: "Para esclarecer algumas duvidas digite !notice, para mais informacoes fale com um [CM]".
[18/08/2014 20:29:59] Mllk Loko has logged out.
[18/08/2014 20:30:01] Mllk Loko has logged in.
[18/08/2014 20:30:07] Mllk Loko has logged out.
[18/08/2014 20:30:16] Mlk Lokoo has logged in.
[18/08/2014 20:31:57] > Broadcasted message: "Game map cleaning in 1 minute, please pick up all your items.".
[18/08/2014 20:32:05] Pally Brisado has logged in.
[18/08/2014 20:32:17] Legal Fera has logged in.
[18/08/2014 20:32:25] Legal Fera has logged out.
[18/08/2014 20:32:28] > CLEAN: Removed 6949 items from 3826 tiles in 0.365 seconds.
[18/08/2014 20:32:28] > Broadcasted message: "Map Cleaned.".
[18/08/2014 20:34:25] Mata Pally has logged out.
[18/08/2014 20:34:26] > Broadcasted message: "Ice Lord esta atacando o templo com seu set perfeito.".
[18/08/2014 20:34:32] Malkr has logged out.
[18/08/2014 20:34:46] Mata Pally has logged in.
[18/08/2014 20:34:54] Sorczinho Sapeca has logged out.
[18/08/2014 20:35:13] Arizinha Andrade has logged out.
[18/08/2014 20:35:18] Mlk Lokoo has logged out.
[18/08/2014 20:35:18] 
[18/08/2014 20:35:18] Lua Script Error: [TalkAction Interface] 
[18/08/2014 20:35:18] data/talkactions/scripts/teleportmaster.lua:onSay
[18/08/2014 20:35:19] 
[18/08/2014 20:35:19] luaGetTownName(). town with id 0 not found.
[18/08/2014 20:35:27] Arizinha Andrade has logged in.
[18/08/2014 20:35:48] Pally Brisado has logged out.
[18/08/2014 20:35:56] > Broadcasted message: "Ot on das 07:00 as 00:00".
[18/08/2014 20:36:07] Mlk Lokoo has logged in.
[18/08/2014 20:36:19] Magezinho Sapeca has logged out.
[18/08/2014 20:36:21] Yakuza has logged out.
[18/08/2014 20:36:23] Sorczinho Sapeca has logged in.
[18/08/2014 20:36:29] Mlk Piranha has logged in.
[18/08/2014 20:36:30] Juninhosza has logged out.
[18/08/2014 20:36:31] Mlk Piranha has logged out.
[18/08/2014 20:36:35] Juninhosza has logged in.
[18/08/2014 20:36:36] Yakuza has logged in.
[18/08/2014 20:36:37] Magezinho Sapeca has logged in.
[18/08/2014 20:36:42] Mata Pally has logged out.
[18/08/2014 20:36:43] Eternal Ozzot has logged out.
[18/08/2014 20:36:47] Eternal Ozzot has logged in.
[18/08/2014 20:36:49] Mata Pally has logged in.
[18/08/2014 20:36:50] Sorczinho Sapeca has logged out.
[18/08/2014 20:36:56] Sorczinho Sapeca has logged in.
[18/08/2014 20:37:29] Magezinho Sapeca has logged out.
[18/08/2014 20:37:34] Magezinho Sapeca has logged in.
[18/08/2014 20:37:37] Magezinho Sapeca has logged out.
[18/08/2014 20:37:38] Magezinho Sapeca has logged in.
[18/08/2014 20:38:00] Maluko duff has logged out.
[18/08/2014 20:38:03] Maluko duff has logged in.
[18/08/2014 20:38:51] Malkr has logged in.
[18/08/2014 20:40:03] Druidzerah Mythus has logged out.
[18/08/2014 20:40:28] Malkr has logged out.
[18/08/2014 20:40:30] Mlktop has logged in.
[18/08/2014 20:40:44] Mlktop has logged out.
[18/08/2014 20:40:48] Mlktop has logged in.
[18/08/2014 20:41:02] Druidzerah Mythus has logged in.
[18/08/2014 20:41:04] Mlktop has logged out.
[18/08/2014 20:41:07] Mlktop has logged in.
[18/08/2014 20:41:50] Mlktop has logged out.
[18/08/2014 20:41:53] Mlktop has logged in.
[18/08/2014 20:42:37] > Broadcasted message: "Para esclarecer algumas duvidas digite !notice, para mais informacoes fale com um [CM]".
[18/08/2014 20:45:31] Mlktop has logged out.
[18/08/2014 20:45:34] Mlktop has logged in.
[18/08/2014 20:45:42] Mlktop has logged out.
[18/08/2014 20:45:44] Mlktop has logged in.
[18/08/2014 20:45:49] Mlktop has logged out.
[18/08/2014 20:45:52] Mlktop has logged in.
[18/08/2014 20:46:51] Pally Brisado has logged in.
[18/08/2014 20:47:09] Mlktop has logged out.
[18/08/2014 20:47:11] Mlktop has logged in.
[18/08/2014 20:47:19] Magezinho Sapeca has logged out.
[18/08/2014 20:47:21] Magezinho Sapeca has logged in.
[18/08/2014 20:47:25] 
[18/08/2014 20:47:25] Lua Script Error: [Action Interface] 
[18/08/2014 20:47:26] data/actions/scripts/copy wand.lua:onUse
[18/08/2014 20:47:26] 
[18/08/2014 20:47:26] luaGetCreatureOutfit(). Creature not found
[18/08/2014 20:47:26] 
[18/08/2014 20:47:26] Lua Script Error: [Action Interface] 
[18/08/2014 20:47:27] data/actions/scripts/copy wand.lua:onUse
[18/08/2014 20:47:27] 
[18/08/2014 20:47:27] attempt to index a boolean value
[18/08/2014 20:47:27] stack traceback:
[18/08/2014 20:47:27] 	[C]: in function 'doSetCreatureOutfit'
[18/08/2014 20:47:28] 	data/actions/scripts/copy wand.lua:6: in function <data/actions/scripts/copy wand.lua:1>
[18/08/2014 20:48:25] > Saving server...
[18/08/2014 20:48:30] > SAVE: Complete in 4.207 seconds using relational house storage.
[18/08/2014 20:48:38] > Broadcasted message: "Game map cleaning in 1 minute, please pick up all your items.".
[18/08/2014 20:48:45] Mlktop has logged out.
[18/08/2014 20:48:48] Mlktop has logged in.
[18/08/2014 20:49:09] > CLEAN: Removed 3234 items from 1384 tiles in 0.308 seconds.
[18/08/2014 20:49:09] > Broadcasted message: "Map Cleaned.".
[18/08/2014 20:49:18] > Broadcasted message: "Para ver a lista de proximos tutores digite !tutores.".
[18/08/2014 20:51:37] [Hoster] Jean has logged out.
[18/08/2014 20:51:39] [Hoster] Jean has logged in.
[18/08/2014 20:52:08] Mlktop has logged out.
[18/08/2014 20:52:13] Mlktop has logged in.
[18/08/2014 20:53:54] Mata Pally has logged out.
[18/08/2014 20:55:44] Honda has logged out.
[18/08/2014 20:55:59] Honda has logged in.
[18/08/2014 20:55:59] > Broadcasted message: "Para duvidas, eventos, e futuramente compras E-mail/Msn -> deathpvp@live.com.".
[18/08/2014 20:56:47] Mlktop has logged out.
[18/08/2014 20:56:49] Malkr has logged in.
[18/08/2014 20:57:50] Malkr has logged out.
[18/08/2014 20:57:55] Mlktop has logged in.
[18/08/2014 20:58:33] Mlktop has logged out.
[18/08/2014 20:58:42] Mata Pally has logged in.
[18/08/2014 20:58:58] Eternal Ozzot has logged out.
[18/08/2014 20:59:02] Sorczinho Sapeca has logged out.
[18/08/2014 20:59:06] Sorczinho Sapeca has logged in.
[18/08/2014 20:59:11] Sorczinho Sapeca has logged out.
[18/08/2014 20:59:15] Sorczinho Sapeca has logged in.
[18/08/2014 20:59:21] Eternal Ozzot has logged in.
[18/08/2014 21:02:40] > Broadcasted message: "Para comprar bless digite !bless".
[18/08/2014 21:05:19] > Broadcasted message: "Game map cleaning in 1 minute, please pick up all your items.".
[18/08/2014 21:05:50] > CLEAN: Removed 4839 items from 1725 tiles in 0.317 seconds.
[18/08/2014 21:05:50] > Broadcasted message: "Map Cleaned.".
[18/08/2014 21:06:51] Mlk Lokoo has logged out.
[18/08/2014 21:09:21] > Broadcasted message: "Sempre Ao Criar Uma Conta, Pegue A RK Dela No Account Manager Da Conta E Anote, Nunca Passe A Sua Senha Para Outras Pessoas, E Ao Entrar Em Outros OT´s Crie Contas Diferentes Para Não Sofrer HACKED, Não Me Responsabilizo Por Perdas, Obrigado".
[18/08/2014 21:09:31] Magezinho Sapeca has logged out.
[18/08/2014 21:10:07] Magezinho Sapeca has logged in.
[18/08/2014 21:10:12] Arizinha Andrade has logged out.
[18/08/2014 21:10:15] Arizinha Andrade has logged in.
[18/08/2014 21:10:41] Eternal Ozzot has logged out.
[18/08/2014 21:10:44] Eternal Ozzot has logged in.
[18/08/2014 21:11:45] Arizinha Andrade has logged out.
[18/08/2014 21:11:47] Arizinha Andrade has logged in.
[18/08/2014 21:11:53] Eternal Ozzot has logged out.
[18/08/2014 21:11:56] Eternal Ozzot has logged in.
[18/08/2014 21:13:50] [Hoster] Jean has logged out.
[18/08/2014 21:13:51] [Hoster] Jean has logged in.
[18/08/2014 21:15:24] Sorczinho Sapeca has logged out.
[18/08/2014 21:15:26] Sorczinho Sapeca has logged in.
[18/08/2014 21:15:30] Mata Pally has logged out.
[18/08/2014 21:16:00] Eternal Ozzot has logged out.
[18/08/2014 21:16:02] > Broadcasted message: "Para ver as noticias fale !notice".
[18/08/2014 21:16:12] Juninhosza has logged out.
[18/08/2014 21:16:14] Juninhosza has logged in.
[18/08/2014 21:16:27] Eternal Ozzot has logged in.
[18/08/2014 21:21:36] Sorczinho Sapeca has logged out.
[18/08/2014 21:21:39] Sorczinho Sapeca has logged in.
[18/08/2014 21:21:46] > Saving server...
[18/08/2014 21:21:51] > SAVE: Complete in 3.554 seconds using relational house storage.
[18/08/2014 21:22:00] > Broadcasted message: "Game map cleaning in 1 minute, please pick up all your items.".
[18/08/2014 21:22:31] > CLEAN: Removed 1878 items from 1152 tiles in 0.302 seconds.
[18/08/2014 21:22:32] > Broadcasted message: "Map Cleaned.".
[18/08/2014 21:22:43] > Broadcasted message: "Para comprar bless digite !bless".
[18/08/2014 21:28:15] Maluko duff has logged out.
[18/08/2014 21:28:43] Maluko duff has logged in.
[18/08/2014 21:29:24] > Broadcasted message: "Para ver as noticias fale !notice".
[18/08/2014 21:30:54] Juninhosza has logged out.
[18/08/2014 21:31:40] Arizinha Andrade has logged out.
[18/08/2014 21:32:25] Arianne Andrade has logged in.
[18/08/2014 21:32:27] Arianne Andrade has logged out.
[18/08/2014 21:32:28] Arizinha Andrade has logged in.
[18/08/2014 21:33:09] Juninhosza has logged in.
[18/08/2014 21:35:49] Pally Brisado has logged out.
[18/08/2014 21:36:05] > Broadcasted message: "Para esclarecer algumas duvidas digite !notice, para mais informacoes fale com um [CM]".
[18/08/2014 21:37:14] Sorczinho Sapeca has logged out.
[18/08/2014 21:37:37] Sorczinho Sapeca has logged in.
[18/08/2014 21:38:30] Yakuza has logged out.
[18/08/2014 21:38:31] Yakuza has logged in.
[18/08/2014 21:38:41] > Broadcasted message: "Game map cleaning in 1 minute, please pick up all your items.".
[18/08/2014 21:38:50] Kina Pra Q has logged in.
[18/08/2014 21:39:07] Honda has logged out.
[18/08/2014 21:39:12] > CLEAN: Removed 2394 items from 1103 tiles in 0.24 seconds.
[18/08/2014 21:39:12] > Broadcasted message: "Map Cleaned.".
[18/08/2014 21:39:16] Honda has logged in.
[18/08/2014 21:39:35] Kina Pra Q has logged out.
[18/08/2014 21:39:38] Kina Pra Q has logged in.
[18/08/2014 21:39:52] Kina Pra Q has logged out.
[18/08/2014 21:40:02] Honda has logged out.
[18/08/2014 21:40:05] Honda has logged in.
[18/08/2014 21:40:42] Maluko duff has logged out.
[18/08/2014 21:42:45] Magezinho Sapeca has logged out.
[18/08/2014 21:42:46] Sorczinho Sapeca has logged out.
[18/08/2014 21:42:46] > Broadcasted message: "Sempre Ao Criar Uma Conta, Pegue A RK Dela No Account Manager Da Conta E Anote, Nunca Passe A Sua Senha Para Outras Pessoas, E Ao Entrar Em Outros OT´s Crie Contas Diferentes Para Não Sofrer HACKED, Não Me Responsabilizo Por Perdas, Obrigado".
[18/08/2014 21:42:48] Magezinho Sapeca has logged in.
[18/08/2014 21:43:58] Duff Maluko has logged out.
[18/08/2014 21:44:00] Sorczinho Sapeca has logged in.
[18/08/2014 21:44:15] Duff Maluko has logged in.
[18/08/2014 21:44:38] Eternal Ozzot has logged out.
[18/08/2014 21:44:43] Secret Circle has logged in.
[18/08/2014 21:45:48] Secret Circle has logged out.
[18/08/2014 21:45:50] Secret Circle has logged in.
[18/08/2014 21:47:43] Magezinho Sapeca has logged out.
[18/08/2014 21:47:44] Magezinho Sapeca has logged in.
[18/08/2014 21:48:09] Secret Circle has logged out.
[18/08/2014 21:48:17] Eternal Ozzot has logged in.
[18/08/2014 21:49:27] > Broadcasted message: "Para ver a lista de proximos tutores digite !tutores.".
[18/08/2014 21:49:40] Yakuza has logged out.
[18/08/2014 21:49:45] Yakuza has logged in.
[18/08/2014 21:51:33] Juninhosza has logged out.
[18/08/2014 21:51:35] Juninhosza has logged in.
[18/08/2014 21:53:58] > Saving server...
[18/08/2014 21:54:01] > SAVE: Complete in 2.992 seconds using relational house storage.
[18/08/2014 21:54:02] [Hoster] Jean has logged out.
[18/08/2014 21:55:07] > Saving server...
[18/08/2014 21:55:10] > SAVE: Complete in 2.763 seconds using relational house storage.
[18/08/2014 21:55:22] > Broadcasted message: "Game map cleaning in 1 minute, please pick up all your items.".
[18/08/2014 21:55:52] > CLEAN: Removed 993 items from 707 tiles in 0.223 seconds.
[18/08/2014 21:55:53] > Broadcasted message: "Map Cleaned.".
[18/08/2014 21:56:08] > Broadcasted message: "Para duvidas, eventos, e futuramente compras E-mail/Msn -> deathpvp@live.com.".
[18/08/2014 21:56:35] Arizinha Andrade has logged out.
[18/08/2014 21:56:37] Arizinha Andrade has logged in.
[18/08/2014 22:02:06] Mlk Lokoo has logged in.
[18/08/2014 22:02:49] > Broadcasted message: "Para ver a lista de proximos tutores digite !tutores.".
[18/08/2014 22:03:55] Arizinha Andrade has logged out.
[18/08/2014 22:03:57] Arizinha Andrade has logged in.
[18/08/2014 22:03:57] Eternal Ozzot has logged out.
[18/08/2014 22:04:00] Eternal Ozzot has logged in.
[18/08/2014 22:06:17] Juninhosza has logged out.
[18/08/2014 22:06:54] Juninhosza has logged in.
[18/08/2014 22:09:30] > Broadcasted message: "Para comprar bless digite !bless".
[18/08/2014 22:09:48] Druidzerah Mythus has logged out.
[18/08/2014 22:10:10] Druidzerah Mythus has logged in.
[18/08/2014 22:12:03] > Broadcasted message: "Game map cleaning in 1 minute, please pick up all your items.".
[18/08/2014 22:12:16] Juninhosza has logged out.
[18/08/2014 22:12:18] Juninhosza has logged in.
[18/08/2014 22:12:33] > CLEAN: Removed 1582 items from 1081 tiles in 0.223 seconds.
[18/08/2014 22:12:33] > Broadcasted message: "Map Cleaned.".
[18/08/2014 22:13:22] Magezinho Sapeca has logged out.
[18/08/2014 22:13:26] Magezinho Sapeca has logged in.
[18/08/2014 22:16:11] > Broadcasted message: "Para ver as noticias fale !notice".
[18/08/2014 22:18:42] Juninhosza has logged out.
[18/08/2014 22:18:54] Juninhosza has logged in.
[18/08/2014 22:19:52] Arizinha Andrade has logged out.
[18/08/2014 22:19:54] Arizinha Andrade has logged in.
[18/08/2014 22:20:29] Druidzerah Mythus has logged out.
[18/08/2014 22:20:30] Druidzerah Mythus has logged in.
[18/08/2014 22:22:33] Yakuza has logged out.
[18/08/2014 22:22:35] Yakuza has logged in.
[18/08/2014 22:22:52] > Broadcasted message: "Sempre Ao Criar Uma Conta, Pegue A RK Dela No Account Manager Da Conta E Anote, Nunca Passe A Sua Senha Para Outras Pessoas, E Ao Entrar Em Outros OT´s Crie Contas Diferentes Para Não Sofrer HACKED, Não Me Responsabilizo Por Perdas, Obrigado".
[18/08/2014 22:24:48] Mlk Lokoo has logged out.
[18/08/2014 22:24:55] Mlk Lokoo has logged in.
[18/08/2014 22:24:56] Magezinho Sapeca has logged out.
[18/08/2014 22:25:02] Mateus has logged in.
[18/08/2014 22:25:33] Magezinho Sapeca has logged in.
[18/08/2014 22:26:34] Eternal Ozzot has logged out.
[18/08/2014 22:26:36] Eternal Ozzot has logged in.
[18/08/2014 22:27:30] Yakuza has logged out.
[18/08/2014 22:27:31] Yakuza has logged in.
[18/08/2014 22:28:28] > Saving server...
[18/08/2014 22:28:32] > SAVE: Complete in 3.581 seconds using relational house storage.
[18/08/2014 22:28:44] > Broadcasted message: "Game map cleaning in 1 minute, please pick up all your items.".
[18/08/2014 22:29:16] > CLEAN: Removed 5201 items from 2869 tiles in 0.468 seconds.
[18/08/2014 22:29:16] > Broadcasted message: "Map Cleaned.".
[18/08/2014 22:29:33] > Broadcasted message: "Para comprar bless digite !bless".
[18/08/2014 22:32:34] Duff Maluko has logged out.
[18/08/2014 22:36:14] > Broadcasted message: "Para esclarecer algumas duvidas digite !notice, para mais informacoes fale com um [CM]".
[18/08/2014 22:37:18] Arizinha Andrade has logged out.
[18/08/2014 22:37:20] Arizinha Andrade has logged in.
[18/08/2014 22:37:54] Duff Maluko has logged in.
[18/08/2014 22:39:07] Account Manager has logged in.
[18/08/2014 22:39:26] Honda has logged out.
[18/08/2014 22:39:46] Honda has logged in.
[18/08/2014 22:39:51] Account Manager has logged out.
[18/08/2014 22:40:10] Account Manager has logged in.
[18/08/2014 22:41:06] Account Manager has logged out.
[18/08/2014 22:41:46] Juninhosza has logged out.
[18/08/2014 22:41:49] Juninhosza has logged in.
[18/08/2014 22:42:55] > Broadcasted message: "Para ver a lista de proximos tutores digite !tutores.".
[18/08/2014 22:42:58] Bomb has logged in.
[18/08/2014 22:45:25] > Broadcasted message: "Game map cleaning in 1 minute, please pick up all your items.".
[18/08/2014 22:45:56] > CLEAN: Removed 4430 items from 2979 tiles in 0.352 seconds.
[18/08/2014 22:45:57] > Broadcasted message: "Map Cleaned.".
[18/08/2014 22:46:53] Juninhosza has logged out.
[18/08/2014 22:47:36] Yakuza has logged out.
[18/08/2014 22:48:13] Magezinho Sapeca has logged out.
[18/08/2014 22:48:20] Magezinho Sapeca has logged in.
[18/08/2014 22:48:41] Duff Maluko has logged out.
[18/08/2014 22:49:36] > Broadcasted message: "Para esclarecer algumas duvidas digite !notice, para mais informacoes fale com um [CM]".
[18/08/2014 22:50:34] Magezinho Sapeca has logged out.
[18/08/2014 22:50:39] Magezinho Sapeca has logged in.
[18/08/2014 22:51:59] Magezinho Sapeca has logged out.
[18/08/2014 22:52:02] Magezinho Sapeca has logged in.
[18/08/2014 22:52:16] Sorczinho Sapeca has logged out.
[18/08/2014 22:52:19] Sorczinho Sapeca has logged in.
[18/08/2014 22:52:36] Sorczinho Sapeca has logged out.
[18/08/2014 22:52:45] Sorczinho Sapeca has logged in.
[18/08/2014 22:53:16] Magezinho Sapeca has logged out.
[18/08/2014 22:53:18] Magezinho Sapeca has logged in.
[18/08/2014 22:54:37] Sorczinho Sapeca has logged out.
[18/08/2014 22:54:42] Sorczinho Sapeca has logged in.
[18/08/2014 22:56:17] > Broadcasted message: "Para ver a lista de proximos tutores digite !tutores.".
[18/08/2014 22:56:19] Mateus has logged out.
[18/08/2014 22:56:43] Arizinha Andrade has logged out.
[18/08/2014 22:57:07] Mlk Lokoo has logged out.
[18/08/2014 22:57:25] Sorczinho Sapeca has logged out.
[18/08/2014 22:57:32] Sorczinho Sapeca has logged in.
[18/08/2014 22:57:35] Mlk Lokoo has logged in.
[18/08/2014 23:00:02] Magezinho Sapeca has logged out.
[18/08/2014 23:00:03] Sorczinho Sapeca has logged out.
[18/08/2014 23:00:04] Magezinho Sapeca has logged in.
[18/08/2014 23:00:06] Sorczinho Sapeca has logged in.
[18/08/2014 23:01:49] > Saving server...
[18/08/2014 23:01:52] > SAVE: Complete in 2.755 seconds using relational house storage.
[18/08/2014 23:01:53] Mlk Lokoo has logged out.
[18/08/2014 23:02:06] > Broadcasted message: "Game map cleaning in 1 minute, please pick up all your items.".
[18/08/2014 23:02:19] Microbiio I has logged in.
[18/08/2014 23:02:37] > CLEAN: Removed 7765 items from 3023 tiles in 0.566 seconds.
[18/08/2014 23:02:37] > Broadcasted message: "Map Cleaned.".
[18/08/2014 23:02:58] > Broadcasted message: "Para comprar bless digite !bless".
[18/08/2014 23:06:31] Pally Brisado has logged in.
[18/08/2014 23:08:01] Pally Brisado has logged out.
[18/08/2014 23:08:04] Pally Brisado has logged in.
[18/08/2014 23:09:39] > Broadcasted message: "Para ver a lista de proximos tutores digite !tutores.".
[18/08/2014 23:09:54] Druidzerah Mythus has logged out.
[18/08/2014 23:09:56] Druidzerah Mythus has logged in.
[18/08/2014 23:11:48] Microbiio I has logged out.
[18/08/2014 23:11:50] Microbiio I has logged in.
[18/08/2014 23:13:03] > Saving server...
[18/08/2014 23:13:07] > SAVE: Complete in 3.336 seconds using relational house storage.
[18/08/2014 23:13:07] 
[18/08/2014 23:13:07] Lua Script Error: [CreatureScript Interface] 
[18/08/2014 23:13:07] data/creaturescripts/scripts/playerdeath.lua:onDeath
[18/08/2014 23:13:08] 
[18/08/2014 23:13:08] luaGetCreatureName(). Creature not found
[18/08/2014 23:13:08] 
[18/08/2014 23:13:08] Lua Script Error: [CreatureScript Interface] 
[18/08/2014 23:13:08] data/creaturescripts/scripts/playerdeath.lua:onDeath
[18/08/2014 23:13:08] 
[18/08/2014 23:13:08] luaGetCreatureName(). Creature not found
[18/08/2014 23:13:09] Pally Brisado has logged out.
[18/08/2014 23:13:12] Pally Brisado has logged in.
[18/08/2014 23:15:18] Duff Maluko has logged in.
[18/08/2014 23:16:06] Duff Maluko has logged out.
[18/08/2014 23:16:07] Duff Maluko has logged in.
[18/08/2014 23:16:20] > Broadcasted message: "Para ver a lista de proximos tutores digite !tutores.".
[18/08/2014 23:17:17] Eternal Ozzot has logged out.
[18/08/2014 23:17:17] Honda has logged out.
[18/08/2014 23:17:18] Bomb has logged out.
[18/08/2014 23:17:18] Magezinho Sapeca has logged out.
[18/08/2014 23:17:19] Sorczinho Sapeca has logged out.
[18/08/2014 23:17:19] Druidzerah Mythus has logged out.
[18/08/2014 23:17:19] Microbiio I has logged out.
[18/08/2014 23:17:20] Pally Brisado has logged out.
[18/08/2014 23:17:20] Duff Maluko has logged out.
[18/08/2014 23:17:21] > Saving server...
[18/08/2014 23:17:22] > SAVE: Complete in 1.324 seconds using relational house storage.
[18/08/2014 23:17:22] Preparing to shutdown server..
[18/08/2014 23:17:23] .
[18/08/2014 23:17:23] Exiting
