[19/08/2014 12:56:17] The Forgotten Server, version 0.3.4 (Crying Damson)
[19/08/2014 12:56:17] Sever Criado Por Alissow e Comedinha.
[19/08/2014 12:56:17] Publicidade: www.sotserv.blogspot.com <- <- <- Tudo sobre otserv.
[19/08/2014 12:56:17] Bom Jogo!!!
[19/08/2014 12:56:17] 
[19/08/2014 12:56:17] >> Debugging: nothing.
[19/08/2014 12:56:18] >> Checking software version... failed checking - malformed file.
[19/08/2014 12:56:18] 
[19/08/2014 12:56:18] >> Loading config (config.lua)
[19/08/2014 12:56:18] > Using plaintext passwords
[19/08/2014 12:56:19] >> Loading RSA key
[19/08/2014 12:56:19] >> Starting SQL connection
[19/08/2014 12:56:19] >> Running Database Manager
[19/08/2014 12:56:20] > Optimized database.
[19/08/2014 12:56:20] >> Loading items
[19/08/2014 12:56:20] >> Loading groups
[19/08/2014 12:56:20] >> Loading vocations
[19/08/2014 12:56:20] >> Loading script systems
[19/08/2014 12:56:22] >> Loading chat channels
[19/08/2014 12:56:22] >> Loading outfits
[19/08/2014 12:56:22] >> Loading experience stages
[19/08/2014 12:56:22] >> Loading monsters
[19/08/2014 12:56:24] >> Loading map and spawns...
[19/08/2014 12:56:26] > Map size: 65000x65000.
[19/08/2014 12:56:26] > Map descriptions: 
[19/08/2014 12:56:26] Saved with Remere's Map Editor 2.2
[19/08/2014 12:56:26] No map description available.
[19/08/2014 12:56:27] Duplicate uniqueId 2407
[19/08/2014 12:56:30] > Map loading time: 5.539 seconds.
[19/08/2014 12:56:31] > Data loading time: 1.008 seconds.
[19/08/2014 12:56:31] > Unserialization time for houses: 0.015 seconds.
[19/08/2014 12:56:52] > Unserialization time for map: 21.076 seconds.
[19/08/2014 12:56:53] >> Checking world type... PvP
[19/08/2014 12:56:53] >> Initializing game state modules and registering services...
[19/08/2014 12:56:53] > Global address: deathpvp.no-ip.info
[19/08/2014 12:56:54] > Local ports:
[19/08/2014 12:56:54] 7171	7172	
[19/08/2014 12:56:54] >> All modules were loaded, server starting up...
[19/08/2014 12:56:54] >> OT Death server Online!
[19/08/2014 12:56:54] 
[19/08/2014 12:57:53] sqlite3_step(): SQLITE ERROR: columns id, world_id are not unique
[19/08/2014 12:58:01] Duff Maluko has logged in.
[19/08/2014 12:58:22] Duff Maluko has logged out.
[19/08/2014 13:00:27] Foxter Fox has logged in.
[19/08/2014 13:01:18] Foxter Fox has logged out.
[19/08/2014 13:01:29] Zika Do Bagui has logged in.
[19/08/2014 13:01:31] Zika Do Bagui has logged out.
[19/08/2014 13:01:33] To De Boa has logged in.
[19/08/2014 13:03:03] > Broadcasted message: "Para comprar bless digite !bless".
[19/08/2014 13:09:44] > Broadcasted message: "Sempre Ao Criar Uma Conta, Pegue A RK Dela No Account Manager Da Conta E Anote, Nunca Passe A Sua Senha Para Outras Pessoas, E Ao Entrar Em Outros OT´s Crie Contas Diferentes Para Não Sofrer HACKED, Não Me Responsabilizo Por Perdas, Obrigado".
[19/08/2014 13:13:03] > Broadcasted message: "Game map cleaning in 1 minute, please pick up all your items.".
[19/08/2014 13:13:33] > CLEAN: Removed 179 items from 283 tiles in 0.166 seconds.
[19/08/2014 13:13:34] > Broadcasted message: "Map Cleaned.".
[19/08/2014 13:16:00] Maluko duff has logged in.
[19/08/2014 13:16:06] Maluko duff has logged out.
[19/08/2014 13:16:25] > Broadcasted message: "Para duvidas, eventos, e futuramente compras E-mail/Msn -> deathpvp@live.com.".
[19/08/2014 13:17:53] Arizinha Andrade has logged in.
[19/08/2014 13:20:00] Pally Brisado has logged in.
[19/08/2014 13:20:00] To De Boa has logged out.
[19/08/2014 13:20:01] To De Boa has logged in.
[19/08/2014 13:22:32] Duff Maluko has logged in.
[19/08/2014 13:22:43] Duff Maluko has logged out.
[19/08/2014 13:22:53] To De Boa has logged out.
[19/08/2014 13:23:06] > Broadcasted message: "Novo CLIENTE = http://www.4shared.com/rar/Xvc96eOece/Death_PVP.html".
[19/08/2014 13:23:09] To De Boa has logged in.
[19/08/2014 13:23:22] To De Boa has logged out.
[19/08/2014 13:24:00] To De Boa has logged in.
[19/08/2014 13:24:12] Honda has logged in.
[19/08/2014 13:26:14] Account Manager has logged in.
[19/08/2014 13:26:14] Account Manager has logged out.
[19/08/2014 13:26:42] Mata Pally has logged in.
[19/08/2014 13:29:44] > Broadcasted message: "Game map cleaning in 1 minute, please pick up all your items.".
[19/08/2014 13:29:47] > Broadcasted message: "Sempre Ao Criar Uma Conta, Pegue A RK Dela No Account Manager Da Conta E Anote, Nunca Passe A Sua Senha Para Outras Pessoas, E Ao Entrar Em Outros OT´s Crie Contas Diferentes Para Não Sofrer HACKED, Não Me Responsabilizo Por Perdas, Obrigado".
[19/08/2014 13:29:48] > Saving server...
[19/08/2014 13:29:51] > SAVE: Complete in 2.291 seconds using relational house storage.
[19/08/2014 13:30:14] > CLEAN: Removed 3889 items from 1847 tiles in 0.226 seconds.
[19/08/2014 13:30:14] > Broadcasted message: "Map Cleaned.".
[19/08/2014 13:30:15] Arizinha Andrade has logged out.
[19/08/2014 13:30:18] To De Boa has logged out.
[19/08/2014 13:30:19] Arizinha Andrade has logged in.
[19/08/2014 13:31:04] To De Boa has logged in.
[19/08/2014 13:31:39] Duff Maluko has logged in.
[19/08/2014 13:31:54] Duff Maluko has logged out.
[19/08/2014 13:33:25] Anjo pk has logged in.
[19/08/2014 13:36:19] Duff Maluko has logged in.
[19/08/2014 13:36:28] > Broadcasted message: "Para ver as noticias fale !notice".
[19/08/2014 13:36:39] Microbiio I has logged in.
[19/08/2014 13:36:58] Maluko duff has logged in.
[19/08/2014 13:39:57] To De Boa has logged out.
[19/08/2014 13:40:20] Anjo pk has logged out.
[19/08/2014 13:40:23] Anjo pk has logged in.
[19/08/2014 13:43:09] > Broadcasted message: "Ot on das 07:00 as 00:00".
[19/08/2014 13:43:32] To De Boa has logged in.
[19/08/2014 13:46:25] > Broadcasted message: "Game map cleaning in 1 minute, please pick up all your items.".
[19/08/2014 13:46:56] > CLEAN: Removed 8523 items from 3300 tiles in 0.246 seconds.
[19/08/2014 13:46:56] > Broadcasted message: "Map Cleaned.".
[19/08/2014 13:49:29] To De Boa has logged out.
[19/08/2014 13:49:31] To De Boa has logged in.
[19/08/2014 13:49:50] > Broadcasted message: "Para comprar bless digite !bless".
[19/08/2014 13:50:35] Maluko duff has logged out.
[19/08/2014 13:50:36] Maluko duff has logged in.
[19/08/2014 13:51:15] Knight Furiozo has logged in.
[19/08/2014 13:51:58] Mata Pally has logged out.
[19/08/2014 13:52:02] Mata Pally has logged in.
[19/08/2014 13:53:19] Nois Que Voa Bruxao has logged in.
[19/08/2014 13:53:33] Yakuza has logged in.
[19/08/2014 13:56:21] Microbiio I has logged out.
[19/08/2014 13:56:25] Yakuza has logged out.
[19/08/2014 13:56:29] Duff Maluko has logged out.
[19/08/2014 13:56:30] Yakuza has logged in.
[19/08/2014 13:56:31] > Broadcasted message: "Para ver a lista de proximos tutores digite !tutores.".
[19/08/2014 13:56:36] Maluko duff has logged out.
[19/08/2014 13:56:41] Nois Que Voa Bruxao has logged out.
[19/08/2014 13:56:47] Nois Que Voa Bruxao has logged in.
[19/08/2014 13:56:48] Yakuza has logged out.
[19/08/2014 13:56:50] Mllk Loko has logged in.
[19/08/2014 13:57:32] 
[19/08/2014 13:57:32] Lua Script Error: [Spell Interface] 
[19/08/2014 13:57:32] data/spells/scripts/animate.lua:onCastSpell
[19/08/2014 13:57:32] 
[19/08/2014 13:57:32] data/spells/scripts/animate.lua:12: attempt to call global 'getThingPosition' (a nil value)
[19/08/2014 13:57:32] stack traceback:
[19/08/2014 13:57:32] 	data/spells/scripts/animate.lua:12: in function <data/spells/scripts/animate.lua:1>
[19/08/2014 13:57:33] 	(tail call): ?
[19/08/2014 13:59:00] Mllk Loko has logged out.
[19/08/2014 13:59:02] Mllk Loko has logged in.
[19/08/2014 13:59:18] Knight Furiozo has logged out.
[19/08/2014 13:59:22] Knightzin has logged in.
[19/08/2014 13:59:44] Knightzin has logged out.
[19/08/2014 14:00:01] Mllk Loko has logged out.
[19/08/2014 14:00:02] Mllk Loko has logged in.
[19/08/2014 14:00:03] To De Boa has logged out.
[19/08/2014 14:00:04] To De Boa has logged in.
[19/08/2014 14:00:17] To De Boa has logged out.
[19/08/2014 14:00:19] Tlx Do Bagui has logged in.
[19/08/2014 14:00:36] Knightzin has logged in.
[19/08/2014 14:00:49] Knightzin has logged out.
[19/08/2014 14:00:50] Palyy has logged in.
[19/08/2014 14:01:25] Foxter Fox has logged in.
[19/08/2014 14:01:54] Pally Brisado has logged out.
[19/08/2014 14:02:08] Tlx Do Bagui has logged out.
[19/08/2014 14:02:11] Foxter Fox has logged out.
[19/08/2014 14:02:13] Foxter Fox has logged in.
[19/08/2014 14:02:18] Tlx Do Bagui has logged in.
[19/08/2014 14:02:38] Pally Brisado has logged in.
[19/08/2014 14:02:39] Knight Furiozo has logged in.
[19/08/2014 14:03:04] Yakuza has logged in.
[19/08/2014 14:03:06] > Broadcasted message: "Game map cleaning in 1 minute, please pick up all your items.".
[19/08/2014 14:03:07] Tlx Do Bagui has logged out.
[19/08/2014 14:03:09] > Saving server...
[19/08/2014 14:03:13] > SAVE: Complete in 3.428 seconds using relational house storage.
[19/08/2014 14:03:13] > Broadcasted message: "Para duvidas, eventos, e futuramente compras E-mail/Msn -> deathpvp@live.com.".
[19/08/2014 14:03:14] To De Boa has logged in.
[19/08/2014 14:03:37] > CLEAN: Removed 1700 items from 1216 tiles in 0.202 seconds.
[19/08/2014 14:03:37] > Broadcasted message: "Map Cleaned.".
[19/08/2014 14:03:55] Yakuza has logged out.
[19/08/2014 14:03:56] Palyy has logged out.
[19/08/2014 14:03:58] Yakuza has logged in.
[19/08/2014 14:04:01] Palyy has logged in.
[19/08/2014 14:04:35] Foxter Fox has logged out.
[19/08/2014 14:04:52] Mllk Loko has logged out.
[19/08/2014 14:04:53] Mllk Loko has logged in.
[19/08/2014 14:05:41] To De Boa has logged out.
[19/08/2014 14:05:44] Palyy has logged out.
[19/08/2014 14:05:45] To De Boa has logged in.
[19/08/2014 14:05:46] Palyy has logged in.
[19/08/2014 14:06:30] Mllk Loko has logged out.
[19/08/2014 14:06:32] Mllk Loko has logged in.
[19/08/2014 14:06:35] Legal Fera has logged in.
[19/08/2014 14:07:10] Knight Furiozo has logged out.
[19/08/2014 14:07:22] Yakuza has logged out.
[19/08/2014 14:07:23] Anjo pk has logged out.
[19/08/2014 14:07:34] Yakuza has logged in.
[19/08/2014 14:07:34] Anjo pk has logged in.
[19/08/2014 14:08:03] To De Boa has logged out.
[19/08/2014 14:08:05] To De Boa has logged in.
[19/08/2014 14:08:39] Palyy has logged out.
[19/08/2014 14:08:40] Palyy has logged in.
[19/08/2014 14:09:29] To De Boa has logged out.
[19/08/2014 14:09:31] To De Boa has logged in.
[19/08/2014 14:09:54] > Broadcasted message: "Para esclarecer algumas duvidas digite !notice, para mais informacoes fale com um [CM]".
[19/08/2014 14:10:09] Yakuza has logged out.
[19/08/2014 14:10:10] Yakuza has logged in.
[19/08/2014 14:11:17] To De Boa has logged out.
[19/08/2014 14:11:18] Legal Fera has logged out.
[19/08/2014 14:11:19] To De Boa has logged in.
[19/08/2014 14:11:19] Legal Fera has logged in.
[19/08/2014 14:11:28] Mllk Loko has logged out.
[19/08/2014 14:11:29] Mllk Loko has logged in.
[19/08/2014 14:11:47] Arizinha Andrade has logged out.
[19/08/2014 14:12:24] To De Boa has logged out.
[19/08/2014 14:12:26] To De Boa has logged in.
[19/08/2014 14:13:36] To De Boa has logged out.
[19/08/2014 14:13:37] To De Boa has logged in.
[19/08/2014 14:13:43] Nois Que Voa Bruxao has logged out.
[19/08/2014 14:13:46] Nois Que Voa Bruxao has logged in.
[19/08/2014 14:14:05] To De Boa has logged out.
[19/08/2014 14:14:07] To De Boa has logged in.
[19/08/2014 14:15:40] Honda has logged out.
[19/08/2014 14:15:42] Honda has logged in.
[19/08/2014 14:16:34] Mata Pally has logged out.
[19/08/2014 14:16:35] > Broadcasted message: "Novo CLIENTE = http://www.4shared.com/rar/Xvc96eOece/Death_PVP.html".
[19/08/2014 14:16:58] To De Boa has logged out.
[19/08/2014 14:16:59] To De Boa has logged in.
[19/08/2014 14:17:59] Mllk Loko has logged out.
[19/08/2014 14:18:02] Mllk Loko has logged in.
[19/08/2014 14:19:03] Black Jose has logged in.
[19/08/2014 14:19:07] Black Jose has logged out.
[19/08/2014 14:19:09] Druid has logged in.
[19/08/2014 14:19:47] > Broadcasted message: "Game map cleaning in 1 minute, please pick up all your items.".
[19/08/2014 14:20:17] > CLEAN: Removed 508 items from 445 tiles in 0.551 seconds.
[19/08/2014 14:20:18] > Broadcasted message: "Map Cleaned.".
[19/08/2014 14:20:31] Pally Brisado has logged out.
[19/08/2014 14:20:42] Druid has logged out.
[19/08/2014 14:20:43] Druid has logged in.
[19/08/2014 14:21:23] Arizinha Andrade has logged in.
[19/08/2014 14:21:45] Legal Fera has logged out.
[19/08/2014 14:22:39] To De Boa has logged out.
[19/08/2014 14:23:16] > Broadcasted message: "Para esclarecer algumas duvidas digite !notice, para mais informacoes fale com um [CM]".
[19/08/2014 14:23:49] Druid has logged out.
[19/08/2014 14:23:51] Druid has logged in.
[19/08/2014 14:23:55] Druid has logged out.
[19/08/2014 14:24:22] To De Boa has logged in.
[19/08/2014 14:24:33] To De Boa has logged out.
[19/08/2014 14:25:26] Honda has logged out.
[19/08/2014 14:25:32] Honda has logged in.
[19/08/2014 14:26:47] Honda has logged out.
[19/08/2014 14:27:08] Arizinha Andrade has logged out.
[19/08/2014 14:27:09] Arizinha Andrade has logged in.
[19/08/2014 14:27:42] To De Boa has logged in.
[19/08/2014 14:28:36] Mllk Loko has logged out.
[19/08/2014 14:29:53] To De Boa has logged out.
[19/08/2014 14:29:57] > Broadcasted message: "Para ver as noticias fale !notice".
[19/08/2014 14:30:00] Eternal Ozzot has logged in.
[19/08/2014 14:31:10] Mllk Loko has logged in.
[19/08/2014 14:31:38] Anjo pk has logged out.
[19/08/2014 14:31:40] Anjo pk has logged in.
[19/08/2014 14:31:44] Nois Que Voa Bruxao has logged out.
[19/08/2014 14:32:42] Palyy has logged out.
[19/08/2014 14:33:13] Duff Maluko has logged in.
[19/08/2014 14:34:22] Duff Maluko has logged out.
[19/08/2014 14:35:20] Druid has logged in.
[19/08/2014 14:36:28] > Broadcasted message: "Game map cleaning in 1 minute, please pick up all your items.".
[19/08/2014 14:36:30] > Saving server...
[19/08/2014 14:36:33] > SAVE: Complete in 2.527 seconds using relational house storage.
[19/08/2014 14:36:38] > Broadcasted message: "Para duvidas, eventos, e futuramente compras E-mail/Msn -> deathpvp@live.com.".
[19/08/2014 14:36:58] > CLEAN: Removed 4938 items from 2956 tiles in 0.25 seconds.
[19/08/2014 14:36:59] > Broadcasted message: "Map Cleaned.".
[19/08/2014 14:37:44] Pally Brisado has logged in.
[19/08/2014 14:37:47] Anjo pk has logged out.
[19/08/2014 14:37:48] Anjo pk has logged in.
[19/08/2014 14:41:46] Honda has logged in.
[19/08/2014 14:42:07] Account Manager has logged in.
[19/08/2014 14:42:09] Account Manager has logged out.
[19/08/2014 14:42:19] Duff Maluko has logged in.
[19/08/2014 14:43:19] > Broadcasted message: "Sempre Ao Criar Uma Conta, Pegue A RK Dela No Account Manager Da Conta E Anote, Nunca Passe A Sua Senha Para Outras Pessoas, E Ao Entrar Em Outros OT´s Crie Contas Diferentes Para Não Sofrer HACKED, Não Me Responsabilizo Por Perdas, Obrigado".
[19/08/2014 14:44:29] Arizinha Andrade has logged out.
[19/08/2014 14:44:31] Arizinha Andrade has logged in.
[19/08/2014 14:45:57] Lucas has logged in.
[19/08/2014 14:46:23] Druid has logged out.
[19/08/2014 14:50:00] > Broadcasted message: "Para comprar bless digite !bless".
[19/08/2014 14:50:17] Honda has logged out.
[19/08/2014 14:50:18] Mllk Loko has logged out.
[19/08/2014 14:50:55] Account Manager has logged in.
[19/08/2014 14:51:23] Account Manager has logged out.
[19/08/2014 14:51:32] Account Manager has logged in.
[19/08/2014 14:53:08] Account Manager has logged out.
[19/08/2014 14:53:09] > Broadcasted message: "Game map cleaning in 1 minute, please pick up all your items.".
[19/08/2014 14:53:16] Hegazy has logged in.
[19/08/2014 14:53:39] Hegazy has logged out.
[19/08/2014 14:53:39] > CLEAN: Removed 3829 items from 1844 tiles in 0.213 seconds.
[19/08/2014 14:53:39] > Broadcasted message: "Map Cleaned.".
[19/08/2014 14:53:47] Honda has logged in.
[19/08/2014 14:53:58] Duff Maluko has logged out.
[19/08/2014 14:56:02] Account Manager has logged in.
[19/08/2014 14:56:02] Honda has logged out.
[19/08/2014 14:56:03] Account Manager has logged out.
[19/08/2014 14:56:08] Sorczinho Sapeca has logged in.
[19/08/2014 14:56:12] Hegazy has logged in.
[19/08/2014 14:56:28] Hegazy has logged out.
[19/08/2014 14:56:36] Honda has logged in.
[19/08/2014 14:56:41] > Broadcasted message: "Para ver as noticias fale !notice".
[19/08/2014 14:56:43] Honda has logged out.
[19/08/2014 14:56:45] Honda has logged in.
[19/08/2014 14:56:48] Honda has logged out.
[19/08/2014 14:56:59] Hegazy has logged in.
[19/08/2014 14:57:30] Eternal Ozzot has logged out.
[19/08/2014 14:57:32] Eternal Ozzot has logged in.
[19/08/2014 14:57:34] Sorczinho Sapeca has logged out.
[19/08/2014 14:57:38] Sorczinho Sapeca has logged in.
[19/08/2014 14:57:42] Sorczinho Sapeca has logged out.
[19/08/2014 14:57:44] Sorczinho Sapeca has logged in.
[19/08/2014 14:58:13] To De Boa has logged in.
[19/08/2014 14:58:32] To De Boa has logged out.
[19/08/2014 14:58:34] To De Boa has logged in.
[19/08/2014 14:58:47] To De Boa has logged out.
[19/08/2014 15:01:53] Duff Maluko has logged in.
[19/08/2014 15:02:06] Duff Maluko has logged out.
[19/08/2014 15:03:22] > Broadcasted message: "Sempre Ao Criar Uma Conta, Pegue A RK Dela No Account Manager Da Conta E Anote, Nunca Passe A Sua Senha Para Outras Pessoas, E Ao Entrar Em Outros OT´s Crie Contas Diferentes Para Não Sofrer HACKED, Não Me Responsabilizo Por Perdas, Obrigado".
[19/08/2014 15:03:28] Eternal Ozzot has logged out.
[19/08/2014 15:03:35] Secret Circle has logged in.
[19/08/2014 15:03:40] Secret Circle has logged out.
[19/08/2014 15:03:41] Secret Circle has logged in.
[19/08/2014 15:03:55] Lucas has logged out.
[19/08/2014 15:04:07] Anjo pk has logged out.
[19/08/2014 15:04:09] Anjo pk has logged in.
[19/08/2014 15:04:52] Secret Circle has logged out.
[19/08/2014 15:04:58] Eternal Ozzot has logged in.
[19/08/2014 15:06:48] Lallana has logged in.
[19/08/2014 15:07:10] Sopraitems has logged in.
[19/08/2014 15:07:30] Sopraitems has logged out.
[19/08/2014 15:09:50] > Broadcasted message: "Game map cleaning in 1 minute, please pick up all your items.".
[19/08/2014 15:09:51] > Saving server...
[19/08/2014 15:09:54] > SAVE: Complete in 2.888 seconds using relational house storage.
[19/08/2014 15:10:03] > Broadcasted message: "Para duvidas, eventos, e futuramente compras E-mail/Msn -> deathpvp@live.com.".
[19/08/2014 15:10:21] > CLEAN: Removed 710 items from 619 tiles in 0.234 seconds.
[19/08/2014 15:10:21] > Broadcasted message: "Map Cleaned.".
[19/08/2014 15:10:56] Arizinha Andrade has logged out.
[19/08/2014 15:10:57] Arizinha Andrade has logged in.
[19/08/2014 15:11:11] Eternal Ozzot has logged out.
[19/08/2014 15:11:51] Yakuza has logged out.
[19/08/2014 15:12:04] Yakuza has logged in.
[19/08/2014 15:13:13] Zika Do Bagui has logged in.
[19/08/2014 15:13:14] Zika Do Bagui has logged out.
[19/08/2014 15:13:34] To De Boa has logged in.
[19/08/2014 15:13:35] To De Boa has logged out.
[19/08/2014 15:14:36] Lallana has logged out.
[19/08/2014 15:15:25] Lallana has logged in.
[19/08/2014 15:16:44] > Broadcasted message: "Ot on das 07:00 as 00:00".
[19/08/2014 15:17:27] Lallana has logged out.
[19/08/2014 15:17:28] Legal Fera has logged in.
[19/08/2014 15:17:40] Lallana has logged in.
[19/08/2014 15:18:19] Anjo pk has logged out.
[19/08/2014 15:18:19] 
[19/08/2014 15:18:19] Lua Script Error: [CreatureScript Interface] 
[19/08/2014 15:18:19] data/creaturescripts/scripts/playerdeath.lua:onDeath
[19/08/2014 15:18:20] 
[19/08/2014 15:18:20] luaGetCreatureName(). Creature not found
[19/08/2014 15:18:20] 
[19/08/2014 15:18:20] Lua Script Error: [CreatureScript Interface] 
[19/08/2014 15:18:20] data/creaturescripts/scripts/playerdeath.lua:onDeath
[19/08/2014 15:18:20] 
[19/08/2014 15:18:20] luaGetCreatureName(). Creature not found
[19/08/2014 15:18:21] Lallana has logged out.
[19/08/2014 15:18:22] Anjo pk has logged in.
[19/08/2014 15:18:47] Lallana has logged in.
[19/08/2014 15:19:19] Lallana has logged out.
[19/08/2014 15:19:36] Legal Fera has logged out.
[19/08/2014 15:19:41] Nois Que Voa Bruxao has logged in.
[19/08/2014 15:19:57] Lallana has logged in.
[19/08/2014 15:20:47] Anjo pk has logged out.
[19/08/2014 15:20:54] Anjo pk has logged in.
[19/08/2014 15:21:35] Eternal Ozzot has logged in.
[19/08/2014 15:22:21] Lallana has logged out.
[19/08/2014 15:22:35] Lallana has logged in.
[19/08/2014 15:23:22] Lallana has logged out.
[19/08/2014 15:23:25] > Broadcasted message: "Para ver a lista de proximos tutores digite !tutores.".
[19/08/2014 15:23:34] Lallana has logged in.
[19/08/2014 15:24:01] Lallana has logged out.
[19/08/2014 15:24:13] Lallana has logged in.
[19/08/2014 15:24:49] Lallana has logged out.
[19/08/2014 15:24:52] Arizinha Andrade has logged out.
[19/08/2014 15:24:54] Arizinha Andrade has logged in.
[19/08/2014 15:25:01] Lallana has logged in.
[19/08/2014 15:25:28] Lallana has logged out.
[19/08/2014 15:25:37] Lallana has logged in.
[19/08/2014 15:26:01] Lallana has logged out.
[19/08/2014 15:26:07] Lallana has logged in.
[19/08/2014 15:26:31] > Broadcasted message: "Game map cleaning in 1 minute, please pick up all your items.".
[19/08/2014 15:26:36] Lallana has logged out.
[19/08/2014 15:26:40] Lallana has logged in.
[19/08/2014 15:27:02] > CLEAN: Removed 6246 items from 2406 tiles in 0.196 seconds.
[19/08/2014 15:27:02] > Broadcasted message: "Map Cleaned.".
[19/08/2014 15:27:22] Lallana has logged out.
[19/08/2014 15:27:27] Lallana has logged in.
[19/08/2014 15:27:48] Lallana has logged out.
[19/08/2014 15:27:56] Lallana has logged in.
[19/08/2014 15:28:33] Lallana has logged out.
[19/08/2014 15:28:48] Lallana has logged in.
[19/08/2014 15:28:51] Account Manager has logged in.
[19/08/2014 15:28:51] Account Manager has logged out.
[19/08/2014 15:29:38] Lallana has logged out.
[19/08/2014 15:29:44] Lallana has logged in.
[19/08/2014 15:30:06] > Broadcasted message: "Para esclarecer algumas duvidas digite !notice, para mais informacoes fale com um [CM]".
[19/08/2014 15:30:19] Lallana has logged out.
[19/08/2014 15:32:02] Pally Brisado has logged out.
[19/08/2014 15:32:56] Sorczinho Sapeca has logged out.
[19/08/2014 15:33:26] Pally Brisado has logged in.
[19/08/2014 15:33:29] Sorczinho Sapeca has logged in.
[19/08/2014 15:35:09] Mllk Loko has logged in.
[19/08/2014 15:36:47] > Broadcasted message: "Para esclarecer algumas duvidas digite !notice, para mais informacoes fale com um [CM]".
[19/08/2014 15:37:42] Nois Que Voa Bruxao has logged out.
[19/08/2014 15:38:21] Pally Brisado has logged out.
[19/08/2014 15:38:33] Mllk Loko has logged out.
[19/08/2014 15:38:46] Mllk Loko has logged in.
[19/08/2014 15:38:59] Pally Brisado has logged in.
[19/08/2014 15:41:25] Account Manager has logged in.
[19/08/2014 15:41:50] Account Manager has logged out.
[19/08/2014 15:42:03] Eternal Ozzot has logged out.
[19/08/2014 15:42:16] Eternal Ozzot has logged in.
[19/08/2014 15:43:12] > Saving server...
[19/08/2014 15:43:16] > SAVE: Complete in 3.254 seconds using relational house storage.
[19/08/2014 15:43:16] > Broadcasted message: "Game map cleaning in 1 minute, please pick up all your items.".
[19/08/2014 15:43:28] > Broadcasted message: "Ot on das 07:00 as 00:00".
[19/08/2014 15:43:47] > CLEAN: Removed 3337 items from 1817 tiles in 0.358 seconds.
[19/08/2014 15:43:47] > Broadcasted message: "Map Cleaned.".
[19/08/2014 15:44:12] Eternal Ozzot has logged out.
[19/08/2014 15:44:14] Eternal Ozzot has logged in.
[19/08/2014 15:44:29] Mateus has logged in.
[19/08/2014 15:47:13] Hegazy has logged out.
[19/08/2014 15:47:14] Hegazy has logged in.
[19/08/2014 15:47:54] Mateus has logged out.
[19/08/2014 15:48:05] Eternal Ozzot has logged out.
[19/08/2014 15:48:08] Eternal Ozzot has logged in.
[19/08/2014 15:48:52] Anjo pk has logged out.
[19/08/2014 15:48:54] Anjo pk has logged in.
[19/08/2014 15:49:46] Anjo pk has logged out.
[19/08/2014 15:49:47] Anjo pk has logged in.
[19/08/2014 15:50:09] > Broadcasted message: "Para ver as noticias fale !notice".
[19/08/2014 15:55:45] Lord Biiel has logged in.
[19/08/2014 15:56:50] > Broadcasted message: "Novo CLIENTE = http://www.4shared.com/rar/Xvc96eOece/Death_PVP.html".
[19/08/2014 15:57:59] Lord Biiel has logged out.
[19/08/2014 15:58:14] Yakuza has logged out.
[19/08/2014 15:58:40] Yakuza has logged in.
[19/08/2014 15:59:57] > Broadcasted message: "Game map cleaning in 1 minute, please pick up all your items.".
[19/08/2014 16:00:28] > CLEAN: Removed 6378 items from 2500 tiles in 0.35 seconds.
[19/08/2014 16:00:28] > Broadcasted message: "Map Cleaned.".
[19/08/2014 16:03:31] > Broadcasted message: "Para ver as noticias fale !notice".
[19/08/2014 16:03:37] Hegazy has logged out.
[19/08/2014 16:10:12] > Broadcasted message: "Ot on das 07:00 as 00:00".
[19/08/2014 16:10:32] Arizinha Andrade has logged out.
[19/08/2014 16:10:33] Arizinha Andrade has logged in.
[19/08/2014 16:12:10] Mllk Loko has logged out.
[19/08/2014 16:13:41] Sorczinho Sapeca has logged out.
[19/08/2014 16:13:46] Mata Pally has logged in.
[19/08/2014 16:13:47] Sorczinho Sapeca has logged in.
[19/08/2014 16:16:33] > Saving server...
[19/08/2014 16:16:36] > SAVE: Complete in 2.765 seconds using relational house storage.
[19/08/2014 16:16:38] > Broadcasted message: "Game map cleaning in 1 minute, please pick up all your items.".
[19/08/2014 16:16:53] > Broadcasted message: "Para ver as noticias fale !notice".
[19/08/2014 16:17:09] > CLEAN: Removed 11049 items from 4060 tiles in 0.627 seconds.
[19/08/2014 16:17:09] > Broadcasted message: "Map Cleaned.".
[19/08/2014 16:18:06] Yakuza has logged out.
[19/08/2014 16:19:34] Lucas has logged in.
[19/08/2014 16:19:43] Yakuza has logged in.
[19/08/2014 16:21:32] Mata Pally has logged out.
[19/08/2014 16:21:36] Mata Pally has logged in.
[19/08/2014 16:21:51] Arizinha Andrade has logged out.
[19/08/2014 16:21:54] Arizinha Andrade has logged in.
[19/08/2014 16:22:47] Bomb has logged in.
[19/08/2014 16:23:28] Bomb has logged out.
[19/08/2014 16:23:30] Bomb has logged in.
[19/08/2014 16:23:34] > Broadcasted message: "Ot on das 07:00 as 00:00".
[19/08/2014 16:24:46] Bomb has logged out.
[19/08/2014 16:24:49] Bomb has logged in.
[19/08/2014 16:30:13] Pally Brisado has logged out.
[19/08/2014 16:30:15] Pally Brisado has logged in.
[19/08/2014 16:30:15] > Broadcasted message: "Ot on das 07:00 as 00:00".
[19/08/2014 16:31:28] Arizinha Andrade has logged out.
[19/08/2014 16:31:31] Arizinha Andrade has logged in.
[19/08/2014 16:33:19] > Broadcasted message: "Game map cleaning in 1 minute, please pick up all your items.".
[19/08/2014 16:33:49] > CLEAN: Removed 7727 items from 2739 tiles in 0.334 seconds.
[19/08/2014 16:33:50] > Broadcasted message: "Map Cleaned.".
[19/08/2014 16:35:36] Maluko duff has logged in.
[19/08/2014 16:35:51] Maluko duff has logged out.
[19/08/2014 16:36:09] Anjo pk has logged out.
[19/08/2014 16:36:11] Anjo pk has logged in.
[19/08/2014 16:36:14] Bomb has logged out.
[19/08/2014 16:36:17] Bomb has logged in.
[19/08/2014 16:36:45] Nois Que Voa Bruxao has logged in.
[19/08/2014 16:36:56] > Broadcasted message: "Ot on das 07:00 as 00:00".
[19/08/2014 16:37:37] Arizinha Andrade has logged out.
[19/08/2014 16:37:40] Arizinha Andrade has logged in.
[19/08/2014 16:38:04] Mata Pally has logged out.
[19/08/2014 16:38:42] Arizinha Andrade has logged out.
[19/08/2014 16:38:45] Arizinha Andrade has logged in.
[19/08/2014 16:40:33] Nois Que Voa Bruxao has logged out.
[19/08/2014 16:40:34] Rei Daleste has logged in.
[19/08/2014 16:43:00] Rei Daleste has logged out.
[19/08/2014 16:43:01] Rei Daleste has logged in.
[19/08/2014 16:43:21] Anjo pk has logged out.
[19/08/2014 16:43:23] Anjo pk has logged in.
[19/08/2014 16:43:37] > Broadcasted message: "Novo CLIENTE = http://www.4shared.com/rar/Xvc96eOece/Death_PVP.html".
[19/08/2014 16:44:49] Duff Maluko has logged in.
[19/08/2014 16:45:13] Duff Maluko has logged out.
[19/08/2014 16:45:14] Bomb has logged out.
[19/08/2014 16:45:16] Bomb has logged in.
[19/08/2014 16:45:45] Arizinha Andrade has logged out.
[19/08/2014 16:45:46] Arizinha Andrade has logged in.
[19/08/2014 16:46:36] Arizinha Andrade has logged out.
[19/08/2014 16:46:38] Arizinha Andrade has logged in.
[19/08/2014 16:46:47] Rei Daleste has logged out.
[19/08/2014 16:46:48] Rei Daleste has logged in.
[19/08/2014 16:49:06] Arizinha Andrade has logged out.
[19/08/2014 16:49:08] Arizinha Andrade has logged in.
[19/08/2014 16:49:41] Rei Daleste has logged out.
[19/08/2014 16:49:43] Rei Daleste has logged in.
[19/08/2014 16:49:54] > Saving server...
[19/08/2014 16:49:57] > SAVE: Complete in 3.357 seconds using relational house storage.
[19/08/2014 16:50:00] > Broadcasted message: "Game map cleaning in 1 minute, please pick up all your items.".
[19/08/2014 16:50:18] > Broadcasted message: "Novo CLIENTE = http://www.4shared.com/rar/Xvc96eOece/Death_PVP.html".
[19/08/2014 16:50:30] > CLEAN: Removed 6009 items from 1902 tiles in 0.204 seconds.
[19/08/2014 16:50:30] > Broadcasted message: "Map Cleaned.".
[19/08/2014 16:50:47] Eternal Ozzot has logged out.
[19/08/2014 16:50:50] Eternal Ozzot has logged in.
[19/08/2014 16:50:58] Lucas has logged out.
[19/08/2014 16:51:38] Rei Daleste has logged out.
[19/08/2014 16:51:38] Arizinha Andrade has logged out.
[19/08/2014 16:51:39] Rei Daleste has logged in.
[19/08/2014 16:51:40] Arizinha Andrade has logged in.
[19/08/2014 16:53:02] Arizinha Andrade has logged out.
[19/08/2014 16:53:03] Arizinha Andrade has logged in.
[19/08/2014 16:55:21] Rei Daleste has logged out.
[19/08/2014 16:56:43] Account Manager has logged in.
[19/08/2014 16:56:59] > Broadcasted message: "Para esclarecer algumas duvidas digite !notice, para mais informacoes fale com um [CM]".
[19/08/2014 16:57:18] Account Manager has logged out.
[19/08/2014 16:57:23] Account Manager has logged in.
[19/08/2014 16:58:38] Eternal Ozzot has logged out.
[19/08/2014 16:58:40] Eternal Ozzot has logged in.
[19/08/2014 16:59:31] Account Manager has logged out.
[19/08/2014 17:00:01] Eternal Ozzot has logged out.
[19/08/2014 17:01:35] Arizinha Andrade has logged out.
[19/08/2014 17:01:37] Arizinha Andrade has logged in.
[19/08/2014 17:02:30] Account Manager has logged in.
[19/08/2014 17:02:52] Pally Brisado has logged out.
[19/08/2014 17:02:54] Pally Brisado has logged in.
[19/08/2014 17:03:21] Account Manager has logged out.
[19/08/2014 17:03:40] > Broadcasted message: "Para duvidas, eventos, e futuramente compras E-mail/Msn -> deathpvp@live.com.".
[19/08/2014 17:03:45] Account Manager has logged in.
[19/08/2014 17:05:11] Account Manager has logged in.
[19/08/2014 17:05:34] Account Manager has logged out.
[19/08/2014 17:05:47] Account Manager has logged in.
[19/08/2014 17:05:51] Account Manager has logged out.
[19/08/2014 17:06:41] > Broadcasted message: "Game map cleaning in 1 minute, please pick up all your items.".
[19/08/2014 17:07:11] > CLEAN: Removed 6991 items from 2347 tiles in 0.413 seconds.
[19/08/2014 17:07:12] > Broadcasted message: "Map Cleaned.".
[19/08/2014 17:07:23] Yakuza has logged out.
[19/08/2014 17:07:36] Account Manager has logged out.
[19/08/2014 17:08:09] Cachorrao has logged in.
[19/08/2014 17:09:10] Cachorrao has logged out.
[19/08/2014 17:09:12] Cachorrao has logged in.
[19/08/2014 17:09:21] Eternal Ozzot has logged in.
[19/08/2014 17:10:21] > Broadcasted message: "Ot on das 07:00 as 00:00".
[19/08/2014 17:12:07] Lucas has logged in.
[19/08/2014 17:12:22] Nois Que Voa Bruxao has logged in.
[19/08/2014 17:12:27] Nois Que Voa Bruxao has logged out.
[19/08/2014 17:12:35] Rei Daleste has logged in.
[19/08/2014 17:12:57] Rei Daleste has logged out.
[19/08/2014 17:13:09] Anjo pk has logged out.
[19/08/2014 17:13:28] Cachorrao has logged out.
[19/08/2014 17:13:30] Cachorrao has logged in.
[19/08/2014 17:13:30] Arizinha Andrade has logged out.
[19/08/2014 17:13:32] Arizinha Andrade has logged in.
[19/08/2014 17:13:56] Lucas has logged out.
[19/08/2014 17:14:00] Lucas has logged in.
[19/08/2014 17:14:03] Lucas has logged out.
[19/08/2014 17:14:08] Anjo pk has logged in.
[19/08/2014 17:15:54] Arizinha Andrade has logged out.
[19/08/2014 17:15:56] Arizinha Andrade has logged in.
[19/08/2014 17:17:02] > Broadcasted message: "Para ver as noticias fale !notice".
[19/08/2014 17:17:54] Cachorrao has logged out.
[19/08/2014 17:17:56] Cachorrao has logged in.
[19/08/2014 17:18:21] Bomb has logged out.
[19/08/2014 17:18:23] Bomb has logged in.
[19/08/2014 17:18:38] Cachorrao has logged out.
[19/08/2014 17:18:39] Cachorrao has logged in.
[19/08/2014 17:19:51] Cachorrao has logged out.
[19/08/2014 17:23:00] Bomb has logged out.
[19/08/2014 17:23:01] Account Manager has logged in.
[19/08/2014 17:23:15] > Saving server...
[19/08/2014 17:23:18] > SAVE: Complete in 2.421 seconds using relational house storage.
[19/08/2014 17:23:22] > Broadcasted message: "Game map cleaning in 1 minute, please pick up all your items.".
[19/08/2014 17:23:43] > Broadcasted message: "Para ver as noticias fale !notice".
[19/08/2014 17:23:53] > CLEAN: Removed 3489 items from 1958 tiles in 0.242 seconds.
[19/08/2014 17:23:53] > Broadcasted message: "Map Cleaned.".
[19/08/2014 17:24:03] Account Manager has logged out.
[19/08/2014 17:24:55] Bob Dyller has logged in.
[19/08/2014 17:27:56] 
[19/08/2014 17:27:56] Lua Script Error: [CreatureScript Interface] 
[19/08/2014 17:27:56] data/creaturescripts/scripts/playerdeath.lua:onDeath
[19/08/2014 17:27:56] 
[19/08/2014 17:27:56] luaGetCreatureName(). Creature not found
[19/08/2014 17:27:56] 
[19/08/2014 17:27:56] Lua Script Error: [CreatureScript Interface] 
[19/08/2014 17:27:56] data/creaturescripts/scripts/playerdeath.lua:onDeath
[19/08/2014 17:27:57] 
[19/08/2014 17:27:57] luaGetCreatureName(). Creature not found
[19/08/2014 17:27:57] Pally Brisado has logged out.
[19/08/2014 17:28:42] Pally Brisado has logged in.
[19/08/2014 17:29:13] Bob Dyller has logged out.
[19/08/2014 17:29:15] Bob Dyller has logged in.
[19/08/2014 17:29:32] Bob Dyller has logged out.
[19/08/2014 17:29:33] Bomb has logged in.
[19/08/2014 17:30:07] Bomb has logged out.
[19/08/2014 17:30:08] Bob Dyller has logged in.
[19/08/2014 17:30:24] > Broadcasted message: "Para ver as noticias fale !notice".
[19/08/2014 17:30:56] Anjo pk has logged out.
[19/08/2014 17:30:58] Anjo pk has logged in.
[19/08/2014 17:33:27] Anjo pk has logged out.
[19/08/2014 17:33:29] Anjo pk has logged in.
[19/08/2014 17:35:41] Arizinha Andrade has logged out.
[19/08/2014 17:37:05] > Broadcasted message: "Para comprar bless digite !bless".
[19/08/2014 17:37:28] Eternal Ozzot has logged out.
[19/08/2014 17:40:03] > Broadcasted message: "Game map cleaning in 1 minute, please pick up all your items.".
[19/08/2014 17:40:34] > CLEAN: Removed 2826 items from 1256 tiles in 0.339 seconds.
[19/08/2014 17:40:34] > Broadcasted message: "Map Cleaned.".
[19/08/2014 17:42:03] Pally Brisado has logged out.
[19/08/2014 17:42:05] Pally Brisado has logged in.
[19/08/2014 17:42:47] Pally Brisado has logged out.
[19/08/2014 17:42:57] Pally Brisado has logged in.
[19/08/2014 17:43:46] > Broadcasted message: "Para duvidas, eventos, e futuramente compras E-mail/Msn -> deathpvp@live.com.".
[19/08/2014 17:45:34] Bob Dyller has logged out.
[19/08/2014 17:45:35] Bomb has logged in.
[19/08/2014 17:46:44] Bomb has logged out.
[19/08/2014 17:46:45] Bob Dyller has logged in.
[19/08/2014 17:50:27] > Broadcasted message: "Novo CLIENTE = http://www.4shared.com/rar/Xvc96eOece/Death_PVP.html".
[19/08/2014 17:53:37] Pally Brisado has logged out.
[19/08/2014 17:53:39] Pally Brisado has logged in.
[19/08/2014 17:55:33] Pally Brisado has logged out.
[19/08/2014 17:55:35] Pally Brisado has logged in.
[19/08/2014 17:56:36] > Saving server...
[19/08/2014 17:56:38] > SAVE: Complete in 2.162 seconds using relational house storage.
[19/08/2014 17:56:44] > Broadcasted message: "Game map cleaning in 1 minute, please pick up all your items.".
[19/08/2014 17:57:03] Account Manager has logged in.
[19/08/2014 17:57:05] Account Manager has logged out.
[19/08/2014 17:57:08] > Broadcasted message: "Novo CLIENTE = http://www.4shared.com/rar/Xvc96eOece/Death_PVP.html".
[19/08/2014 17:57:15] > CLEAN: Removed 396 items from 362 tiles in 0.171 seconds.
[19/08/2014 17:57:15] > Broadcasted message: "Map Cleaned.".
[19/08/2014 17:57:53] Nois Que Voa Bruxao has logged in.
[19/08/2014 17:59:24] Gotak has logged in.
[19/08/2014 18:00:35] Gotak has logged out.
[19/08/2014 18:01:45] Gotak has logged in.
[19/08/2014 18:03:02] Pally Brisado has logged out.
[19/08/2014 18:03:07] Pally Brisado has logged in.
[19/08/2014 18:03:49] > Broadcasted message: "Para ver as noticias fale !notice".
[19/08/2014 18:03:57] [Hoster] Jean has logged in.
[19/08/2014 18:04:29] Gotak has logged out.
[19/08/2014 18:04:31] Gotak has logged in.
[19/08/2014 18:04:47] Gotak has logged out.
[19/08/2014 18:04:49] Gotak has logged in.
[19/08/2014 18:05:26] Pally Brisado has logged out.
[19/08/2014 18:05:28] Pally Brisado has logged in.
[19/08/2014 18:06:11] Anjo pk has logged out.
[19/08/2014 18:06:13] Anjo pk has logged in.
[19/08/2014 18:06:14] Bob Dyller has logged out.
[19/08/2014 18:06:19] Bob Dyller has logged in.
[19/08/2014 18:06:48] Gotak has logged out.
[19/08/2014 18:06:50] Gotak has logged in.
[19/08/2014 18:10:21] Pally Brisado has logged out.
[19/08/2014 18:10:30] > Broadcasted message: "Novo CLIENTE = http://www.4shared.com/rar/Xvc96eOece/Death_PVP.html".
[19/08/2014 18:12:02] Gotak has logged out.
[19/08/2014 18:13:25] > Broadcasted message: "Game map cleaning in 1 minute, please pick up all your items.".
[19/08/2014 18:13:57] > CLEAN: Removed 46 items from 81 tiles in 0.202 seconds.
[19/08/2014 18:13:58] > Broadcasted message: "Map Cleaned.".
[19/08/2014 18:17:11] > Broadcasted message: "Para duvidas, eventos, e futuramente compras E-mail/Msn -> deathpvp@live.com.".
[19/08/2014 18:23:49] Druidzerah Mythus has logged in.
[19/08/2014 18:23:52] > Broadcasted message: "Para esclarecer algumas duvidas digite !notice, para mais informacoes fale com um [CM]".
[19/08/2014 18:25:22] Lucas has logged in.
[19/08/2014 18:25:28] Arizinha Andrade has logged in.
[19/08/2014 18:26:39] Bob Dyller has logged out.
[19/08/2014 18:26:43] Bob Dyller has logged in.
[19/08/2014 18:28:50] Arizinha Andrade has logged out.
[19/08/2014 18:28:52] Arizinha Andrade has logged in.
[19/08/2014 18:29:57] > Saving server...
[19/08/2014 18:30:00] > SAVE: Complete in 3.195 seconds using relational house storage.
[19/08/2014 18:30:06] > Broadcasted message: "Game map cleaning in 1 minute, please pick up all your items.".
[19/08/2014 18:30:33] > Broadcasted message: "Para duvidas, eventos, e futuramente compras E-mail/Msn -> deathpvp@live.com.".
[19/08/2014 18:30:37] > CLEAN: Removed 2361 items from 1680 tiles in 0.355 seconds.
[19/08/2014 18:30:37] > Broadcasted message: "Map Cleaned.".
[19/08/2014 18:33:32] Nadador Arqueiro has logged in.
[19/08/2014 18:33:40] Nadador Arqueiro has logged out.
[19/08/2014 18:33:59] Account Manager has logged in.
[19/08/2014 18:34:23] Account Manager has logged out.
[19/08/2014 18:34:32] Nadador Arqueiro has logged in.
[19/08/2014 18:34:44] Nadador Arqueiro has logged out.
[19/08/2014 18:34:53] Nadador Kina has logged in.
[19/08/2014 18:34:55] Nois Que Voa Bruxao has logged out.
[19/08/2014 18:37:14] > Broadcasted message: "Para esclarecer algumas duvidas digite !notice, para mais informacoes fale com um [CM]".
[19/08/2014 18:38:46] Nadador Kina has logged out.
[19/08/2014 18:39:10] Nadador Kina has logged in.
[19/08/2014 18:42:01] Nadador Kina has logged out.
[19/08/2014 18:42:04] Nadador Kina has logged in.
[19/08/2014 18:43:55] > Broadcasted message: "Novo CLIENTE = http://www.4shared.com/rar/Xvc96eOece/Death_PVP.html".
[19/08/2014 18:43:59] Nadador Kina has logged out.
[19/08/2014 18:44:01] Nadador Kina has logged in.
[19/08/2014 18:45:35] > Saving server...
[19/08/2014 18:45:38] > SAVE: Complete in 3.416 seconds using relational house storage.
[19/08/2014 18:45:39] [Hoster] Jean has logged out.
[19/08/2014 18:46:47] > Broadcasted message: "Game map cleaning in 1 minute, please pick up all your items.".
[19/08/2014 18:47:10] Pally Brisado has logged in.
[19/08/2014 18:47:18] > CLEAN: Removed 6323 items from 3790 tiles in 0.234 seconds.
[19/08/2014 18:47:18] > Broadcasted message: "Map Cleaned.".
[19/08/2014 18:50:20] Nadador Kina has logged out.
[19/08/2014 18:50:27] Nadador Arqueiro has logged in.
[19/08/2014 18:50:32] Juninhosza has logged in.
[19/08/2014 18:50:36] > Broadcasted message: "Ot on das 07:00 as 00:00".
[19/08/2014 18:51:19] Sorczinho Sapeca has logged out.
[19/08/2014 18:51:21] Sorczinho Sapeca has logged in.
[19/08/2014 18:51:31] Sorczinho Sapeca has logged out.
[19/08/2014 18:51:37] Sorczinho Sapeca has logged in.
[19/08/2014 18:52:08] Juninhosza has logged out.
[19/08/2014 18:52:52] Anjo pk has logged out.
[19/08/2014 18:52:53] Anjo pk has logged in.
[19/08/2014 18:53:34] Anjo pk has logged out.
[19/08/2014 18:53:35] Anjo pk has logged in.
[19/08/2014 18:54:21] Pally Brisado has logged out.
[19/08/2014 18:54:33] Anjo pk has logged out.
[19/08/2014 18:54:34] Anjo pk has logged in.
[19/08/2014 18:54:46] Nadador Arqueiro has logged out.
[19/08/2014 18:54:49] Nadador Arqueiro has logged in.
[19/08/2014 18:55:49] Anjo pk has logged out.
[19/08/2014 18:55:50] Anjo pk has logged in.
[19/08/2014 18:57:17] > Broadcasted message: "Para ver a lista de proximos tutores digite !tutores.".
[19/08/2014 18:57:44] Nadador Arqueiro has logged out.
[19/08/2014 18:57:46] Nadador Arqueiro has logged in.
[19/08/2014 18:57:47] Arizinha Andrade has logged out.
[19/08/2014 18:57:49] Arizinha Andrade has logged in.
[19/08/2014 19:00:35] Pally Brisado has logged in.
[19/08/2014 19:02:45] Arizinha Andrade has logged out.
[19/08/2014 19:02:46] Arizinha Andrade has logged in.
[19/08/2014 19:02:47] Arizinha Andrade has logged out.
[19/08/2014 19:02:51] Arizinha Andrade has logged in.
[19/08/2014 19:03:18] > Saving server...
[19/08/2014 19:03:22] > SAVE: Complete in 4.15 seconds using relational house storage.
[19/08/2014 19:03:28] > Broadcasted message: "Game map cleaning in 1 minute, please pick up all your items.".
[19/08/2014 19:03:58] > Broadcasted message: "Novo CLIENTE = http://www.4shared.com/rar/Xvc96eOece/Death_PVP.html".
[19/08/2014 19:03:58] > CLEAN: Removed 6570 items from 3994 tiles in 0.358 seconds.
[19/08/2014 19:03:59] > Broadcasted message: "Map Cleaned.".
[19/08/2014 19:04:23] Pally Brisado has logged out.
[19/08/2014 19:04:50] Lucas has logged out.
[19/08/2014 19:06:58] Nois Que Voa Bruxao has logged in.
[19/08/2014 19:07:45] Account Manager has logged in.
[19/08/2014 19:07:49] Account Manager has logged out.
[19/08/2014 19:08:52] Nadador Arqueiro has logged out.
[19/08/2014 19:08:54] Nadador Arqueiro has logged in.
[19/08/2014 19:09:07] Anjo pk has logged out.
[19/08/2014 19:09:08] Anjo pk has logged in.
[19/08/2014 19:09:08] Nadador Arqueiro has logged out.
[19/08/2014 19:09:10] Nadador Arqueiro has logged in.
[19/08/2014 19:09:26] Druidzerah Mythus has logged out.
[19/08/2014 19:09:28] Druidzerah Mythus has logged in.
[19/08/2014 19:10:39] > Broadcasted message: "Novo CLIENTE = http://www.4shared.com/rar/Xvc96eOece/Death_PVP.html".
[19/08/2014 19:10:49] Arizinha Andrade has logged out.
[19/08/2014 19:10:51] Arizinha Andrade has logged in.
[19/08/2014 19:11:17] Arizinha Andrade has logged out.
[19/08/2014 19:11:18] Arizinha Andrade has logged in.
[19/08/2014 19:12:38] Juninhosza has logged in.
[19/08/2014 19:12:54] Bob Dyller has logged out.
[19/08/2014 19:12:58] Bomb has logged in.
[19/08/2014 19:13:37] Bomb has logged out.
[19/08/2014 19:13:44] Anjo pk has logged out.
[19/08/2014 19:13:56] Bob Dyller has logged in.
[19/08/2014 19:14:00] Anjo pk has logged in.
[19/08/2014 19:17:20] > Broadcasted message: "Para comprar bless digite !bless".
[19/08/2014 19:18:05] Bob Dyller has logged out.
[19/08/2014 19:18:12] Bob Dyller has logged in.
[19/08/2014 19:18:21] Magezinho Sapeca has logged in.
[19/08/2014 19:18:23] Magezinho Sapeca has logged out.
[19/08/2014 19:18:32] Magezinho Sapeca has logged in.
[19/08/2014 19:19:29] Juninhosza has logged out.
[19/08/2014 19:19:31] Juninhosza has logged in.
[19/08/2014 19:20:09] > Broadcasted message: "Game map cleaning in 1 minute, please pick up all your items.".
[19/08/2014 19:20:39] > CLEAN: Removed 8191 items from 4630 tiles in 0.25 seconds.
[19/08/2014 19:20:40] > Broadcasted message: "Map Cleaned.".
[19/08/2014 19:21:45] Nois Que Voa Bruxao has logged out.
[19/08/2014 19:21:47] Nois Que Voa Bruxao has logged in.
[19/08/2014 19:21:49] Arizinha Andrade has logged out.
[19/08/2014 19:21:51] Arizinha Andrade has logged in.
[19/08/2014 19:22:41] Nadador Arqueiro has logged out.
[19/08/2014 19:22:43] Nadador Arqueiro has logged in.
[19/08/2014 19:24:01] > Broadcasted message: "Ot on das 07:00 as 00:00".
[19/08/2014 19:24:20] Sorczinho Sapeca has logged out.
[19/08/2014 19:24:22] Sorczinho Sapeca has logged in.
[19/08/2014 19:24:22] Magezinho Sapeca has logged out.
[19/08/2014 19:27:21] Magezinho Sapeca has logged in.
[19/08/2014 19:27:49] Nois Que Voa Bruxao has logged out.
[19/08/2014 19:27:52] Nois Que Voa Bruxao has logged in.
[19/08/2014 19:28:58] Nois Que Voa Bruxao has logged out.
[19/08/2014 19:29:03] Account Manager has logged in.
[19/08/2014 19:29:20] Account Manager has logged out.
[19/08/2014 19:29:24] Account Manager has logged in.
[19/08/2014 19:29:43] Account Manager has logged out.
[19/08/2014 19:29:48] Nois Que Voa Bruxao has logged in.
[19/08/2014 19:30:27] Juninhosza has logged out.
[19/08/2014 19:30:29] Juninhosza has logged in.
[19/08/2014 19:30:42] > Broadcasted message: "Para ver as noticias fale !notice".
[19/08/2014 19:34:20] Account Manager has logged in.
[19/08/2014 19:34:22] Account Manager has logged out.
[19/08/2014 19:36:39] > Saving server...
[19/08/2014 19:36:42] > SAVE: Complete in 2.694 seconds using relational house storage.
[19/08/2014 19:36:50] > Broadcasted message: "Game map cleaning in 1 minute, please pick up all your items.".
[19/08/2014 19:37:20] > CLEAN: Removed 5135 items from 3170 tiles in 0.336 seconds.
[19/08/2014 19:37:21] > Broadcasted message: "Map Cleaned.".
[19/08/2014 19:37:23] > Broadcasted message: "Novo CLIENTE = http://www.4shared.com/rar/Xvc96eOece/Death_PVP.html".
[19/08/2014 19:38:54] Magezinho Sapeca has logged out.
[19/08/2014 19:39:10] Magezinho Sapeca has logged in.
[19/08/2014 19:41:37] Account Manager has logged in.
[19/08/2014 19:41:38] Account Manager has logged out.
[19/08/2014 19:42:18] Duff Maluko has logged in.
[19/08/2014 19:42:19] Duff Maluko has logged out.
[19/08/2014 19:43:20] Duff Maluko has logged in.
[19/08/2014 19:44:04] > Broadcasted message: "Novo CLIENTE = http://www.4shared.com/rar/Xvc96eOece/Death_PVP.html".
[19/08/2014 19:44:14] Duff Maluko has logged out.
[19/08/2014 19:44:16] Duff Maluko has logged in.
[19/08/2014 19:44:39] Account Manager has logged in.
[19/08/2014 19:44:40] Account Manager has logged out.
[19/08/2014 19:45:09] Duff Maluko has logged out.
[19/08/2014 19:47:02] Anjo pk has logged out.
[19/08/2014 19:47:03] Anjo pk has logged in.
[19/08/2014 19:47:21] Lucas has logged in.
[19/08/2014 19:50:45] > Broadcasted message: "Para ver as noticias fale !notice".
[19/08/2014 19:52:46] Sorczinho Sapeca has logged out.
[19/08/2014 19:53:14] Sorczinho Sapeca has logged in.
[19/08/2014 19:53:31] > Broadcasted message: "Game map cleaning in 1 minute, please pick up all your items.".
[19/08/2014 19:54:02] > CLEAN: Removed 2834 items from 1779 tiles in 0.262 seconds.
[19/08/2014 19:54:02] > Broadcasted message: "Map Cleaned.".
[19/08/2014 19:54:24] Nois Que Voa Bruxao has logged out.
[19/08/2014 19:56:40] Magezinho Sapeca has logged out.
[19/08/2014 19:56:44] Magezinho Sapeca has logged in.
[19/08/2014 19:57:26] > Broadcasted message: "Sempre Ao Criar Uma Conta, Pegue A RK Dela No Account Manager Da Conta E Anote, Nunca Passe A Sua Senha Para Outras Pessoas, E Ao Entrar Em Outros OT´s Crie Contas Diferentes Para Não Sofrer HACKED, Não Me Responsabilizo Por Perdas, Obrigado".
[19/08/2014 19:58:16] Nadador Arqueiro has logged out.
[19/08/2014 20:00:58] [Hoster] Jean has logged in.
[19/08/2014 20:01:06] Juninhosza has logged out.
[19/08/2014 20:01:07] Juninhosza has logged in.
[19/08/2014 20:01:19] Lucas has logged out.
[19/08/2014 20:01:26] Lucas has logged in.
[19/08/2014 20:01:47] Lucas has logged out.
[19/08/2014 20:02:20] Druidzerah Mythus has logged out.
[19/08/2014 20:02:23] Druidzerah Mythus has logged in.
[19/08/2014 20:04:07] > Broadcasted message: "Para duvidas, eventos, e futuramente compras E-mail/Msn -> deathpvp@live.com.".
[19/08/2014 20:04:56] Juninhosza has logged out.
[19/08/2014 20:04:56] Lucas has logged in.
[19/08/2014 20:04:58] Juninhosza has logged in.
[19/08/2014 20:07:19] Juninhosza has logged out.
[19/08/2014 20:07:21] Juninhosza has logged in.
[19/08/2014 20:07:29] Juninhosza has logged out.
[19/08/2014 20:08:42] Juninhosza has logged in.
[19/08/2014 20:09:28] Anjo pk has logged out.
[19/08/2014 20:09:30] Anjo pk has logged in.
[19/08/2014 20:09:37] Sorczinho Sapeca has logged out.
[19/08/2014 20:10:00] > Saving server...
[19/08/2014 20:10:03] > SAVE: Complete in 2.56 seconds using relational house storage.
[19/08/2014 20:10:12] > Broadcasted message: "Game map cleaning in 1 minute, please pick up all your items.".
[19/08/2014 20:10:43] > CLEAN: Removed 3595 items from 2657 tiles in 0.639 seconds.
[19/08/2014 20:10:44] > Broadcasted message: "Map Cleaned.".
[19/08/2014 20:10:48] > Broadcasted message: "Ot on das 07:00 as 00:00".
[19/08/2014 20:11:45] Juninhosza has logged out.
[19/08/2014 20:11:47] Juninhosza has logged in.
[19/08/2014 20:12:48] Sorczinho Sapeca has logged in.
[19/08/2014 20:15:55] Arizinha Andrade has logged out.
[19/08/2014 20:15:57] Arizinha Andrade has logged in.
[19/08/2014 20:17:29] > Broadcasted message: "Para ver as noticias fale !notice".
[19/08/2014 20:17:45] Eternal Ozzot has logged in.
[19/08/2014 20:21:46] Lucas has logged out.
[19/08/2014 20:23:13] Lucas has logged in.
[19/08/2014 20:24:10] > Broadcasted message: "Para ver as noticias fale !notice".
[19/08/2014 20:24:29] Druidzerah Mythus has logged out.
[19/08/2014 20:24:31] Druidzerah Mythus has logged in.
[19/08/2014 20:25:14] Sorczinho Sapeca has logged out.
[19/08/2014 20:25:15] Sorczinho Sapeca has logged in.
[19/08/2014 20:25:19] Sorczinho Sapeca has logged out.
[19/08/2014 20:25:21] Sorczinho Sapeca has logged in.
[19/08/2014 20:25:28] Sorczinho Sapeca has logged out.
[19/08/2014 20:25:30] Sorczinho Sapeca has logged in.
[19/08/2014 20:26:53] > Broadcasted message: "Game map cleaning in 1 minute, please pick up all your items.".
[19/08/2014 20:26:59] Magezinho Sapeca has logged out.
[19/08/2014 20:27:23] Magezinho Sapeca has logged in.
[19/08/2014 20:27:24] > CLEAN: Removed 9212 items from 4531 tiles in 0.466 seconds.
[19/08/2014 20:27:25] > Broadcasted message: "Map Cleaned.".
[19/08/2014 20:28:53] Druidzerah Mythus has logged out.
[19/08/2014 20:29:02] Druidzerah Mythus has logged in.
[19/08/2014 20:29:37] Account Manager has logged in.
[19/08/2014 20:30:18] Account Manager has logged out.
[19/08/2014 20:30:31] Account Manager has logged in.
[19/08/2014 20:30:43] Duff Maluko has logged in.
[19/08/2014 20:30:51] > Broadcasted message: "Para ver a lista de proximos tutores digite !tutores.".
[19/08/2014 20:31:22] Account Manager has logged out.
[19/08/2014 20:31:32] Mllk Loko has logged in.
[19/08/2014 20:31:33] Blublu has logged in.
[19/08/2014 20:33:17] Mllk Loko has logged out.
[19/08/2014 20:33:19] Mllk Loko has logged in.
[19/08/2014 20:33:41] Duff Maluko has logged out.
[19/08/2014 20:33:57] Blublu has logged out.
[19/08/2014 20:37:32] > Broadcasted message: "Ot on das 07:00 as 00:00".
[19/08/2014 20:37:35] Magezinho Sapeca has logged out.
[19/08/2014 20:37:37] Magezinho Sapeca has logged in.
[19/08/2014 20:37:46] Duff Maluko has logged in.
[19/08/2014 20:40:29] Bob Dyller has logged out.
[19/08/2014 20:42:00] Bomb has logged in.
[19/08/2014 20:42:10] Duff Maluko has logged out.
[19/08/2014 20:43:21] > Saving server...
[19/08/2014 20:43:24] > SAVE: Complete in 2.956 seconds using relational house storage.
[19/08/2014 20:43:34] > Broadcasted message: "Game map cleaning in 1 minute, please pick up all your items.".
[19/08/2014 20:43:40] Anjo pk has logged out.
[19/08/2014 20:44:06] > CLEAN: Removed 7482 items from 4742 tiles in 0.482 seconds.
[19/08/2014 20:44:07] > Broadcasted message: "Map Cleaned.".
[19/08/2014 20:44:13] > Broadcasted message: "Para duvidas, eventos, e futuramente compras E-mail/Msn -> deathpvp@live.com.".
[19/08/2014 20:44:58] Bomb has logged out.
[19/08/2014 20:45:00] Bomb has logged in.
[19/08/2014 20:45:05] Bomb has logged out.
[19/08/2014 20:45:07] Bob Dyller has logged in.
[19/08/2014 20:46:59] Lucas has logged out.
[19/08/2014 20:48:24] Arizinha Andrade has logged out.
[19/08/2014 20:48:49] Arizinha Andrade has logged in.
[19/08/2014 20:49:36] Druidzerah Mythus has logged out.
[19/08/2014 20:50:27] Bob Dyller has logged out.
[19/08/2014 20:50:54] > Broadcasted message: "Para esclarecer algumas duvidas digite !notice, para mais informacoes fale com um [CM]".
[19/08/2014 20:51:04] Nadador Arqueiro has logged in.
[19/08/2014 20:51:10] Druidzerah Mythus has logged in.
[19/08/2014 20:51:21] Arizinha Andrade has logged out.
[19/08/2014 20:54:10] Sorczinho Sapeca has logged out.
[19/08/2014 20:54:12] Sorczinho Sapeca has logged in.
[19/08/2014 20:54:42] Juninhosza has logged out.
[19/08/2014 20:54:45] Juninhosza has logged in.
[19/08/2014 20:55:43] Arizinha Andrade has logged in.
[19/08/2014 20:57:35] > Broadcasted message: "Para comprar bless digite !bless".
[19/08/2014 20:58:25] Sorczinho Sapeca has logged out.
[19/08/2014 20:58:29] Mllk Loko has logged out.
[19/08/2014 20:58:51] Mllk Loko has logged in.
[19/08/2014 20:58:55] Sorczinho Sapeca has logged in.
[19/08/2014 20:59:26] Sorczinho Sapeca has logged out.
[19/08/2014 20:59:32] Sorczinho Sapeca has logged in.
[19/08/2014 21:00:15] > Broadcasted message: "Game map cleaning in 1 minute, please pick up all your items.".
[19/08/2014 21:00:46] > CLEAN: Removed 5472 items from 3410 tiles in 0.534 seconds.
[19/08/2014 21:00:47] > Broadcasted message: "Map Cleaned.".
[19/08/2014 21:04:16] > Broadcasted message: "Para ver a lista de proximos tutores digite !tutores.".
[19/08/2014 21:06:10] Bob Dyller has logged in.
[19/08/2014 21:07:21] Eternal Ozzot has logged out.
[19/08/2014 21:07:23] Eternal Ozzot has logged in.
[19/08/2014 21:09:19] Account Manager has logged in.
[19/08/2014 21:09:21] Account Manager has logged out.
[19/08/2014 21:10:57] > Broadcasted message: "Para ver as noticias fale !notice".
[19/08/2014 21:11:34] Mllk Loko has logged out.
[19/08/2014 21:11:37] Mllk Loko has logged in.
[19/08/2014 21:12:06] Mllk Loko has logged out.
[19/08/2014 21:12:14] Mlk Lokoo has logged in.
[19/08/2014 21:15:58] Honda has logged in.
[19/08/2014 21:16:42] > Saving server...
[19/08/2014 21:16:45] > SAVE: Complete in 2.893 seconds using relational house storage.
[19/08/2014 21:16:56] > Broadcasted message: "Game map cleaning in 1 minute, please pick up all your items.".
[19/08/2014 21:17:27] > CLEAN: Removed 5073 items from 3758 tiles in 0.431 seconds.
[19/08/2014 21:17:28] > Broadcasted message: "Map Cleaned.".
[19/08/2014 21:17:38] > Broadcasted message: "Sempre Ao Criar Uma Conta, Pegue A RK Dela No Account Manager Da Conta E Anote, Nunca Passe A Sua Senha Para Outras Pessoas, E Ao Entrar Em Outros OT´s Crie Contas Diferentes Para Não Sofrer HACKED, Não Me Responsabilizo Por Perdas, Obrigado".
[19/08/2014 21:18:26] Druidzerah Mythus has logged out.
[19/08/2014 21:18:34] Druidzerah Mythus has logged in.
[19/08/2014 21:19:54] Nadador Arqueiro has logged out.
[19/08/2014 21:19:57] Nadador Arqueiro has logged in.
[19/08/2014 21:20:10] Bob Dyller has logged out.
[19/08/2014 21:20:12] Bob Dyller has logged in.
[19/08/2014 21:20:27] 
[19/08/2014 21:20:27] Lua Script Error: [TalkAction Interface] 
[19/08/2014 21:20:28] data/talkactions/scripts/deathlist.lua:onSay
[19/08/2014 21:20:29] 
[19/08/2014 21:20:29] luaGetPlayerNameByGUID(). Player not found
[19/08/2014 21:20:30] 
[19/08/2014 21:20:30] Lua Script Error: [TalkAction Interface] 
[19/08/2014 21:20:31] data/talkactions/scripts/deathlist.lua:onSay
[19/08/2014 21:20:31] 
[19/08/2014 21:20:31] data/talkactions/scripts/deathlist.lua:47: attempt to concatenate local 'killed' (a nil value)
[19/08/2014 21:20:33] stack traceback:
[19/08/2014 21:20:33] 	data/talkactions/scripts/deathlist.lua:47: in function <data/talkactions/scripts/deathlist.lua:5>
[19/08/2014 21:20:41] 
[19/08/2014 21:20:41] Lua Script Error: [TalkAction Interface] 
[19/08/2014 21:20:42] data/talkactions/scripts/deathlist.lua:onSay
[19/08/2014 21:20:43] 
[19/08/2014 21:20:43] luaGetPlayerNameByGUID(). Player not found
[19/08/2014 21:20:43] 
[19/08/2014 21:20:43] Lua Script Error: [TalkAction Interface] 
[19/08/2014 21:20:44] data/talkactions/scripts/deathlist.lua:onSay
[19/08/2014 21:20:44] 
[19/08/2014 21:20:44] data/talkactions/scripts/deathlist.lua:47: attempt to concatenate local 'killed' (a nil value)
[19/08/2014 21:20:46] stack traceback:
[19/08/2014 21:20:46] 	data/talkactions/scripts/deathlist.lua:47: in function <data/talkactions/scripts/deathlist.lua:5>
[19/08/2014 21:21:05] Duff Maluko has logged in.
[19/08/2014 21:21:20] Nadador Arqueiro has logged out.
[19/08/2014 21:21:27] Nadador Arqueiro has logged in.
[19/08/2014 21:21:35] 
[19/08/2014 21:21:35] Lua Script Error: [TalkAction Interface] 
[19/08/2014 21:21:35] data/talkactions/scripts/deathlist.lua:onSay
[19/08/2014 21:21:36] 
[19/08/2014 21:21:36] luaGetPlayerNameByGUID(). Player not found
[19/08/2014 21:21:36] 
[19/08/2014 21:21:36] Lua Script Error: [TalkAction Interface] 
[19/08/2014 21:21:37] data/talkactions/scripts/deathlist.lua:onSay
[19/08/2014 21:21:37] 
[19/08/2014 21:21:37] data/talkactions/scripts/deathlist.lua:47: attempt to concatenate local 'killed' (a nil value)
[19/08/2014 21:21:38] stack traceback:
[19/08/2014 21:21:38] 	data/talkactions/scripts/deathlist.lua:47: in function <data/talkactions/scripts/deathlist.lua:5>
[19/08/2014 21:21:44] > Saving server...
[19/08/2014 21:21:47] > SAVE: Complete in 2.93 seconds using relational house storage.
[19/08/2014 21:21:48] Honda has logged out.
[19/08/2014 21:21:49] [Hoster] Jean has logged out.
[19/08/2014 21:22:01] Hegazy has logged in.
[19/08/2014 21:23:01] Bob Dyller has logged out.
[19/08/2014 21:23:03] Bob Dyller has logged in.
[19/08/2014 21:23:51] Bob Dyller has logged out.
[19/08/2014 21:23:54] Bob Dyller has logged in.
[19/08/2014 21:24:07] Juninhosza has logged out.
[19/08/2014 21:24:09] Juninhosza has logged in.
[19/08/2014 21:24:17] Nadador Arqueiro has logged out.
[19/08/2014 21:24:19] > Broadcasted message: "Ot on das 07:00 as 00:00".
[19/08/2014 21:24:20] Nadador Arqueiro has logged in.
[19/08/2014 21:24:54] Hegazy has logged out.
[19/08/2014 21:25:36] Duff Maluko has logged out.
[19/08/2014 21:25:44] Honda has logged in.
[19/08/2014 21:25:56] Honda has logged out.
[19/08/2014 21:26:04] Hegazy has logged in.
[19/08/2014 21:28:43] Nadador Arqueiro has logged out.
[19/08/2014 21:28:45] Nadador Arqueiro has logged in.
[19/08/2014 21:29:55] Foguete has logged in.
[19/08/2014 21:30:21] Hegazy has logged out.
[19/08/2014 21:31:00] > Broadcasted message: "Ot on das 07:00 as 00:00".
[19/08/2014 21:31:03] Bob Dyller has logged out.
[19/08/2014 21:31:07] Bob Dyller has logged in.
[19/08/2014 21:31:15] Hegazy has logged in.
[19/08/2014 21:31:29] Hegazy has logged out.
[19/08/2014 21:31:58] Hegazy has logged in.
[19/08/2014 21:32:08] Hegazy has logged out.
[19/08/2014 21:33:02] Hegazy has logged in.
[19/08/2014 21:33:37] > Broadcasted message: "Game map cleaning in 1 minute, please pick up all your items.".
[19/08/2014 21:33:43] Nadador Arqueiro has logged out.
[19/08/2014 21:33:46] Nadador Arqueiro has logged in.
[19/08/2014 21:34:08] > CLEAN: Removed 5809 items from 3703 tiles in 0.243 seconds.
[19/08/2014 21:34:08] > Broadcasted message: "Map Cleaned.".
[19/08/2014 21:34:21] Nadador Arqueiro has logged out.
[19/08/2014 21:34:24] Nadador Arqueiro has logged in.
[19/08/2014 21:34:26] Knight Furiozo has logged in.
[19/08/2014 21:35:02] Bob Dyller has logged out.
[19/08/2014 21:35:08] Bob Dyller has logged in.
[19/08/2014 21:36:37] Nadador Arqueiro has logged out.
[19/08/2014 21:36:38] 
[19/08/2014 21:36:38] Lua Script Error: [Spell Interface] 
[19/08/2014 21:36:38] in a timer event called from: 
[19/08/2014 21:36:38] data/spells/scripts/max power rune.lua:onCastSpell
[19/08/2014 21:36:38] 
[19/08/2014 21:36:38] luaDoCombat(). Creature not found
[19/08/2014 21:36:38] 
[19/08/2014 21:36:38] Lua Script Error: [Spell Interface] 
[19/08/2014 21:36:38] in a timer event called from: 
[19/08/2014 21:36:39] data/spells/scripts/max power rune.lua:onCastSpell
[19/08/2014 21:36:39] 
[19/08/2014 21:36:39] luaDoCombat(). Creature not found
[19/08/2014 21:36:39] 
[19/08/2014 21:36:39] Lua Script Error: [Spell Interface] 
[19/08/2014 21:36:39] in a timer event called from: 
[19/08/2014 21:36:39] data/spells/scripts/max power rune.lua:onCastSpell
[19/08/2014 21:36:39] 
[19/08/2014 21:36:40] luaDoCombat(). Creature not found
[19/08/2014 21:36:40] 
[19/08/2014 21:36:40] Lua Script Error: [Spell Interface] 
[19/08/2014 21:36:40] in a timer event called from: 
[19/08/2014 21:36:40] data/spells/scripts/max power rune.lua:onCastSpell
[19/08/2014 21:36:40] 
[19/08/2014 21:36:40] luaDoCombat(). Creature not found
[19/08/2014 21:36:43] Nadador Arqueiro has logged in.
[19/08/2014 21:36:53] Nadador Arqueiro has logged out.
[19/08/2014 21:36:55] Nadador Arqueiro has logged in.
[19/08/2014 21:36:58] Juninhosza has logged out.
[19/08/2014 21:37:05] Hegazy has logged out.
[19/08/2014 21:37:07] Hegazy has logged in.
[19/08/2014 21:37:41] > Broadcasted message: "Novo CLIENTE = http://www.4shared.com/rar/Xvc96eOece/Death_PVP.html".
[19/08/2014 21:38:23] Druidd has logged in.
[19/08/2014 21:38:47] Nadador Arqueiro has logged out.
[19/08/2014 21:38:50] Nadador Arqueiro has logged in.
[19/08/2014 21:38:55] Druidd has logged out.
[19/08/2014 21:38:57] Druidd has logged in.
[19/08/2014 21:39:08] Druidd has logged out.
[19/08/2014 21:39:10] Druidd has logged in.
[19/08/2014 21:39:27] Druidd has logged out.
[19/08/2014 21:39:29] Druidd has logged in.
[19/08/2014 21:39:40] Druidd has logged out.
[19/08/2014 21:39:42] Druidd has logged in.
[19/08/2014 21:39:51] Druidd has logged out.
[19/08/2014 21:40:14] Druidd has logged in.
[19/08/2014 21:40:27] Druidd has logged out.
[19/08/2014 21:40:29] Druidd has logged in.
[19/08/2014 21:40:41] Druidd has logged out.
[19/08/2014 21:40:42] Druidd has logged in.
[19/08/2014 21:40:54] Druidd has logged out.
[19/08/2014 21:40:55] Druidd has logged in.
[19/08/2014 21:41:04] Druidd has logged out.
[19/08/2014 21:41:05] Druidd has logged in.
[19/08/2014 21:41:16] Druidd has logged out.
[19/08/2014 21:41:21] Druidd has logged in.
[19/08/2014 21:41:39] Druidd has logged out.
[19/08/2014 21:41:41] Druidd has logged in.
[19/08/2014 21:41:51] Druidd has logged out.
[19/08/2014 21:41:53] Druidd has logged in.
[19/08/2014 21:42:18] Magezinho Sapeca has logged out.
[19/08/2014 21:42:54] Magezinho Sapeca has logged in.
[19/08/2014 21:43:20] Knight Furiozo has logged out.
[19/08/2014 21:43:25] Druidd has logged out.
[19/08/2014 21:43:31] Druidd has logged in.
[19/08/2014 21:43:40] Knight Furiozo has logged in.
[19/08/2014 21:43:45] Druidd has logged out.
[19/08/2014 21:43:47] Druidd has logged in.
[19/08/2014 21:43:59] Druidd has logged out.
[19/08/2014 21:44:02] Druidd has logged in.
[19/08/2014 21:44:12] Druidd has logged out.
[19/08/2014 21:44:16] Druidd has logged in.
[19/08/2014 21:44:22] > Broadcasted message: "Para duvidas, eventos, e futuramente compras E-mail/Msn -> deathpvp@live.com.".
[19/08/2014 21:44:30] Druidd has logged out.
[19/08/2014 21:44:30] Magezinho Sapeca has logged out.
[19/08/2014 21:44:32] Magezinho Sapeca has logged in.
[19/08/2014 21:44:33] Druidd has logged in.
[19/08/2014 21:44:34] Duff Maluko has logged in.
[19/08/2014 21:44:53] Druidd has logged out.
[19/08/2014 21:44:56] Druidd has logged in.
[19/08/2014 21:45:03] Druidd has logged out.
[19/08/2014 21:45:25] Juninhosza has logged in.
[19/08/2014 21:45:52] Knight Furiozo has logged out.
[19/08/2014 21:47:28] Duff Maluko has logged out.
[19/08/2014 21:47:46] Nois Que Voa Bruxao has logged in.
[19/08/2014 21:49:51] Mlk Lokoo has logged out.
[19/08/2014 21:49:53] Mlk Lokoo has logged in.
[19/08/2014 21:50:03] > Saving server...
[19/08/2014 21:50:06] > SAVE: Complete in 3.159 seconds using relational house storage.
[19/08/2014 21:50:18] > Broadcasted message: "Game map cleaning in 1 minute, please pick up all your items.".
[19/08/2014 21:50:49] > CLEAN: Removed 5485 items from 3728 tiles in 0.241 seconds.
[19/08/2014 21:50:49] > Broadcasted message: "Map Cleaned.".
[19/08/2014 21:51:03] > Broadcasted message: "Novo CLIENTE = http://www.4shared.com/rar/Xvc96eOece/Death_PVP.html".
[19/08/2014 21:53:42] Druidzerah Mythus has logged out.
[19/08/2014 21:54:19] Lallana has logged in.
[19/08/2014 21:55:48] Lallana has logged out.
[19/08/2014 21:55:49] Lallana has logged in.
[19/08/2014 21:56:10] Lallana has logged out.
[19/08/2014 21:56:12] Lallana has logged in.
[19/08/2014 21:56:24] Lallana has logged out.
[19/08/2014 21:56:30] Lallana has logged in.
[19/08/2014 21:56:53] Knight Furiozo has logged in.
[19/08/2014 21:57:09] Magezinho Sapeca has logged out.
[19/08/2014 21:57:17] Lallana has logged out.
[19/08/2014 21:57:32] Magezinho Sapeca has logged in.
[19/08/2014 21:57:32] Lallana has logged in.
[19/08/2014 21:57:44] > Broadcasted message: "Para ver as noticias fale !notice".
[19/08/2014 21:58:15] Lallana has logged out.
[19/08/2014 21:58:21] Lallana has logged in.
[19/08/2014 21:58:39] Lallana has logged out.
[19/08/2014 21:58:45] Lallana has logged in.
[19/08/2014 21:59:02] Lallana has logged out.
[19/08/2014 21:59:38] Sorczinho Sapeca has logged out.
[19/08/2014 21:59:40] Knight Furiozo has logged out.
[19/08/2014 21:59:53] Mlk Lokoo has logged out.
[19/08/2014 21:59:54] Mlk Lokoo has logged in.
[19/08/2014 22:00:04] Druidzerah Mythus has logged in.
[19/08/2014 22:00:14] Sorczinho Sapeca has logged in.
[19/08/2014 22:00:15] Foguete has logged out.
[19/08/2014 22:00:16] Sorczinho Sapeca has logged out.
[19/08/2014 22:00:32] Sorczinho Sapeca has logged in.
[19/08/2014 22:01:33] Mlk Lokoo has logged out.
[19/08/2014 22:01:53] Mlk Lokoo has logged in.
[19/08/2014 22:02:23] Nadador Arqueiro has logged out.
[19/08/2014 22:02:26] Nadador Arqueiro has logged in.
[19/08/2014 22:04:25] > Broadcasted message: "Para ver a lista de proximos tutores digite !tutores.".
[19/08/2014 22:04:57] Bob Dyller has logged out.
[19/08/2014 22:04:59] Bob Dyller has logged in.
[19/08/2014 22:06:59] > Broadcasted message: "Game map cleaning in 1 minute, please pick up all your items.".
[19/08/2014 22:07:30] > CLEAN: Removed 5356 items from 3555 tiles in 0.221 seconds.
[19/08/2014 22:07:30] > Broadcasted message: "Map Cleaned.".
[19/08/2014 22:10:49] Duff Maluko has logged in.
[19/08/2014 22:11:01] Magezinho Sapeca has logged out.
[19/08/2014 22:11:03] Magezinho Sapeca has logged in.
[19/08/2014 22:11:06] > Broadcasted message: "Sempre Ao Criar Uma Conta, Pegue A RK Dela No Account Manager Da Conta E Anote, Nunca Passe A Sua Senha Para Outras Pessoas, E Ao Entrar Em Outros OT´s Crie Contas Diferentes Para Não Sofrer HACKED, Não Me Responsabilizo Por Perdas, Obrigado".
[19/08/2014 22:12:10] Bob Dyller has logged out.
[19/08/2014 22:12:12] Bob Dyller has logged in.
[19/08/2014 22:12:47] Magezinho Sapeca has logged out.
[19/08/2014 22:13:01] Magezinho Sapeca has logged in.
[19/08/2014 22:13:52] Nois Que Voa Bruxao has logged out.
[19/08/2014 22:13:54] Nois Que Voa Bruxao has logged in.
[19/08/2014 22:16:24] Nois Que Voa Bruxao has logged out.
[19/08/2014 22:16:26] Nois Que Voa Bruxao has logged in.
[19/08/2014 22:17:43] Juninhosza has logged out.
[19/08/2014 22:17:46] Juninhosza has logged in.
[19/08/2014 22:17:47] > Broadcasted message: "Para duvidas, eventos, e futuramente compras E-mail/Msn -> deathpvp@live.com.".
[19/08/2014 22:21:29] Bob Dyller has logged out.
[19/08/2014 22:21:33] Bob Dyller has logged in.
[19/08/2014 22:21:40] Druidzerah Mythus has logged out.
[19/08/2014 22:21:43] Druidzerah Mythus has logged in.
[19/08/2014 22:22:41] Mlk Lokoo has logged out.
[19/08/2014 22:22:50] Mllk Loko has logged in.
[19/08/2014 22:23:11] Hegazy has logged out.
[19/08/2014 22:23:13] Hegazy has logged in.
[19/08/2014 22:23:23] Nois Que Voa Bruxao has logged out.
[19/08/2014 22:23:24] > Saving server...
[19/08/2014 22:23:27] > SAVE: Complete in 2.819 seconds using relational house storage.
[19/08/2014 22:23:29] Nois Que Voa Bruxao has logged in.
[19/08/2014 22:23:40] > Broadcasted message: "Game map cleaning in 1 minute, please pick up all your items.".
[19/08/2014 22:24:11] > CLEAN: Removed 3429 items from 1322 tiles in 0.371 seconds.
[19/08/2014 22:24:11] > Broadcasted message: "Map Cleaned.".
[19/08/2014 22:24:28] > Broadcasted message: "Para ver as noticias fale !notice".
[19/08/2014 22:25:04] Nadador Arqueiro has logged out.
[19/08/2014 22:25:28] Mllk Loko has logged out.
[19/08/2014 22:25:30] Mllk Loko has logged in.
[19/08/2014 22:25:43] Druidzerah Mythus has logged out.
[19/08/2014 22:26:13] Mllk Loko has logged out.
[19/08/2014 22:26:17] Mllk Loko has logged in.
[19/08/2014 22:26:20] Druidzerah Mythus has logged in.
[19/08/2014 22:29:05] Hegazy has logged out.
[19/08/2014 22:29:07] Hegazy has logged in.
[19/08/2014 22:30:26] Juninhosza has logged out.
[19/08/2014 22:30:33] Druidd has logged in.
[19/08/2014 22:30:35] Hegazy has logged out.
[19/08/2014 22:30:37] Druidd has logged out.
[19/08/2014 22:30:38] Hegazy has logged in.
[19/08/2014 22:30:46] Druidzerah Mythus has logged out.
[19/08/2014 22:30:48] Juninhosza has logged in.
[19/08/2014 22:30:49] Druidzerah Mythus has logged in.
[19/08/2014 22:31:09] > Broadcasted message: "Para duvidas, eventos, e futuramente compras E-mail/Msn -> deathpvp@live.com.".
[19/08/2014 22:32:14] Hegazy has logged out.
[19/08/2014 22:32:16] Hegazy has logged in.
[19/08/2014 22:32:20] Druidzerah Mythus has logged out.
[19/08/2014 22:32:22] Druidzerah Mythus has logged in.
[19/08/2014 22:32:24] Mllk Loko has logged out.
[19/08/2014 22:32:26] Mllk Loko has logged in.
[19/08/2014 22:32:57] Mllk Loko has logged out.
[19/08/2014 22:32:58] Mllk Loko has logged in.
[19/08/2014 22:32:58] Mllk Loko has logged out.
[19/08/2014 22:33:03] Microbiio I has logged in.
[19/08/2014 22:33:19] Knight Furiozo has logged in.
[19/08/2014 22:35:03] Juninhosza has logged out.
[19/08/2014 22:35:05] Juninhosza has logged in.
[19/08/2014 22:37:46] Pally Brisado has logged in.
[19/08/2014 22:37:50] > Broadcasted message: "Ot on das 07:00 as 00:00".
[19/08/2014 22:37:52] Duff Maluko has logged out.
[19/08/2014 22:37:54] Duff Maluko has logged in.
[19/08/2014 22:38:43] Hegazy has logged out.
[19/08/2014 22:39:00] Hegazy has logged in.
[19/08/2014 22:40:21] > Broadcasted message: "Game map cleaning in 1 minute, please pick up all your items.".
[19/08/2014 22:40:51] > CLEAN: Removed 2645 items from 2063 tiles in 0.198 seconds.
[19/08/2014 22:40:51] > Broadcasted message: "Map Cleaned.".
[19/08/2014 22:40:53] Arizinha Andrade has logged out.
[19/08/2014 22:40:59] Lord Biiel has logged in.
[19/08/2014 22:41:18] Lord Biiel has logged out.
[19/08/2014 22:41:23] Arizinha Andrade has logged in.
[19/08/2014 22:41:46] Knight Furiozo has logged out.
[19/08/2014 22:42:01] Nois Que Voa Bruxao has logged out.
[19/08/2014 22:42:04] Nois Que Voa Bruxao has logged in.
[19/08/2014 22:43:09] Nois Que Voa Bruxao has logged out.
[19/08/2014 22:43:16] Nois Que Voa Bruxao has logged in.
[19/08/2014 22:43:31] Microbiio I has logged out.
[19/08/2014 22:43:35] Microbiio I has logged in.
[19/08/2014 22:43:35] Microbiio I has logged out.
[19/08/2014 22:43:44] Microbiio I has logged in.
[19/08/2014 22:44:31] > Broadcasted message: "Ot on das 07:00 as 00:00".
[19/08/2014 22:44:54] Juninhosza has logged out.
[19/08/2014 22:45:28] Pally Brisado has logged out.
[19/08/2014 22:47:57] Druidzerah Mythus has logged out.
[19/08/2014 22:48:13] Druidzerah Mythus has logged in.
[19/08/2014 22:50:14] Druidzerah Mythus has logged out.
[19/08/2014 22:50:17] Druidzerah Mythus has logged in.
[19/08/2014 22:50:21] Microbiio I has logged out.
[19/08/2014 22:50:25] Microbiio I has logged in.
[19/08/2014 22:51:12] > Broadcasted message: "Sempre Ao Criar Uma Conta, Pegue A RK Dela No Account Manager Da Conta E Anote, Nunca Passe A Sua Senha Para Outras Pessoas, E Ao Entrar Em Outros OT´s Crie Contas Diferentes Para Não Sofrer HACKED, Não Me Responsabilizo Por Perdas, Obrigado".
[19/08/2014 22:51:57] Druidzerah Mythus has logged out.
[19/08/2014 22:52:00] Druidzerah Mythus has logged in.
[19/08/2014 22:52:32] Druidzerah Mythus has logged out.
[19/08/2014 22:52:35] Druidzerah Mythus has logged in.
[19/08/2014 22:53:09] Druidzerah Mythus has logged out.
[19/08/2014 22:53:11] Druidzerah Mythus has logged in.
[19/08/2014 22:55:24] Duff Maluko has logged out.
[19/08/2014 22:55:26] Duff Maluko has logged in.
[19/08/2014 22:56:45] > Saving server...
[19/08/2014 22:56:48] > SAVE: Complete in 2.729 seconds using relational house storage.
[19/08/2014 22:57:02] > Broadcasted message: "Game map cleaning in 1 minute, please pick up all your items.".
[19/08/2014 22:57:32] > CLEAN: Removed 2729 items from 1966 tiles in 0.201 seconds.
[19/08/2014 22:57:33] > Broadcasted message: "Map Cleaned.".
[19/08/2014 22:57:42] Magezinho Sapeca has logged out.
[19/08/2014 22:57:53] > Broadcasted message: "Para ver as noticias fale !notice".
[19/08/2014 22:58:19] Magezinho Sapeca has logged in.
[19/08/2014 22:58:21] Eternal Ozzot has logged out.
[19/08/2014 22:58:24] Eternal Ozzot has logged in.
[19/08/2014 22:59:33] Nois Que Voa Bruxao has logged out.
[19/08/2014 22:59:35] Nois Que Voa Bruxao has logged in.
[19/08/2014 23:00:09] Nois Que Voa Bruxao has logged out.
[19/08/2014 23:00:11] Nois Que Voa Bruxao has logged in.
[19/08/2014 23:00:34] Sorczinho Sapeca has logged out.
[19/08/2014 23:00:54] Sorczinho Sapeca has logged in.
[19/08/2014 23:02:42] Eternal Ozzot has logged out.
[19/08/2014 23:02:44] Eternal Ozzot has logged in.
[19/08/2014 23:03:55] Druidzerah Mythus has logged out.
[19/08/2014 23:03:57] Druidzerah Mythus has logged in.
[19/08/2014 23:04:32] Druidzerah Mythus has logged out.
[19/08/2014 23:04:34] > Broadcasted message: "Sempre Ao Criar Uma Conta, Pegue A RK Dela No Account Manager Da Conta E Anote, Nunca Passe A Sua Senha Para Outras Pessoas, E Ao Entrar Em Outros OT´s Crie Contas Diferentes Para Não Sofrer HACKED, Não Me Responsabilizo Por Perdas, Obrigado".
[19/08/2014 23:04:35] Druidzerah Mythus has logged in.
[19/08/2014 23:05:31] Duff Maluko has logged out.
[19/08/2014 23:05:32] Duff Maluko has logged in.
[19/08/2014 23:06:16] Eternal Ozzot has logged out.
[19/08/2014 23:06:17] Nois Que Voa Bruxao has logged out.
[19/08/2014 23:06:18] Eternal Ozzot has logged in.
[19/08/2014 23:06:19] Nois Que Voa Bruxao has logged in.
[19/08/2014 23:09:08] Druidzerah Mythus has logged out.
[19/08/2014 23:09:10] Druidzerah Mythus has logged in.
[19/08/2014 23:09:15] Druidzerah Mythus has logged out.
[19/08/2014 23:09:59] Druidzerah Mythus has logged in.
[19/08/2014 23:10:14] Microbiio I has logged out.
[19/08/2014 23:10:28] Duff Maluko has logged out.
[19/08/2014 23:10:37] Duff Maluko has logged in.
[19/08/2014 23:10:38] Mlk Lokoo has logged in.
[19/08/2014 23:11:09] Magezinho Sapeca has logged out.
[19/08/2014 23:11:11] Magezinho Sapeca has logged in.
[19/08/2014 23:11:15] > Broadcasted message: "Para esclarecer algumas duvidas digite !notice, para mais informacoes fale com um [CM]".
[19/08/2014 23:13:43] > Broadcasted message: "Game map cleaning in 1 minute, please pick up all your items.".
[19/08/2014 23:14:14] > CLEAN: Removed 5161 items from 2196 tiles in 0.228 seconds.
[19/08/2014 23:14:14] > Broadcasted message: "Map Cleaned.".
[19/08/2014 23:14:25] Sorczinho Sapeca has logged out.
[19/08/2014 23:14:31] Sorczinho Sapeca has logged in.
[19/08/2014 23:17:12] Duff Maluko has logged out.
[19/08/2014 23:17:52] Duff Maluko has logged in.
[19/08/2014 23:17:56] Hegazy has logged out.
[19/08/2014 23:17:57] > Broadcasted message: "Para comprar bless digite !bless".
[19/08/2014 23:23:24] Mlk Lokoo has logged out.
[19/08/2014 23:23:26] Mlk Lokoo has logged in.
[19/08/2014 23:24:38] > Broadcasted message: "Sempre Ao Criar Uma Conta, Pegue A RK Dela No Account Manager Da Conta E Anote, Nunca Passe A Sua Senha Para Outras Pessoas, E Ao Entrar Em Outros OT´s Crie Contas Diferentes Para Não Sofrer HACKED, Não Me Responsabilizo Por Perdas, Obrigado".
[19/08/2014 23:25:05] Duff Maluko has logged out.
[19/08/2014 23:25:07] Duff Maluko has logged in.
[19/08/2014 23:25:13] Nois Que Voa Bruxao has logged out.
[19/08/2014 23:25:15] Nois Que Voa Bruxao has logged in.
[19/08/2014 23:25:59] Duff Maluko has logged out.
[19/08/2014 23:26:02] Duff Maluko has logged in.
[19/08/2014 23:27:49] Duff Maluko has logged out.
[19/08/2014 23:27:51] Duff Maluko has logged in.
[19/08/2014 23:29:27] Nois Que Voa Bruxao has logged out.
[19/08/2014 23:29:28] Nois Que Voa Bruxao has logged in.
[19/08/2014 23:29:34] Druidzerah Mythus has logged out.
[19/08/2014 23:29:36] Druidzerah Mythus has logged in.
[19/08/2014 23:30:06] > Saving server...
[19/08/2014 23:30:09] > SAVE: Complete in 2.639 seconds using relational house storage.
[19/08/2014 23:30:24] > Broadcasted message: "Game map cleaning in 1 minute, please pick up all your items.".
[19/08/2014 23:30:55] > CLEAN: Removed 333 items from 506 tiles in 0.172 seconds.
[19/08/2014 23:30:55] > Broadcasted message: "Map Cleaned.".
[19/08/2014 23:31:13] Nois Que Voa Bruxao has logged out.
[19/08/2014 23:31:14] Sorczinho Sapeca has logged out.
[19/08/2014 23:31:15] Magezinho Sapeca has logged out.
[19/08/2014 23:31:15] Nois Que Voa Bruxao has logged in.
[19/08/2014 23:31:16] Sorczinho Sapeca has logged in.
[19/08/2014 23:31:17] Magezinho Sapeca has logged in.
[19/08/2014 23:31:19] > Broadcasted message: "Para duvidas, eventos, e futuramente compras E-mail/Msn -> deathpvp@live.com.".
[19/08/2014 23:31:41] Magezinho Sapeca has logged out.
[19/08/2014 23:31:42] Magezinho Sapeca has logged in.
[19/08/2014 23:33:11] > Saving server...
[19/08/2014 23:33:14] > SAVE: Complete in 2.816 seconds using relational house storage.
[19/08/2014 23:34:12] Nois Que Voa Bruxao has logged out.
[19/08/2014 23:34:13] Nois Que Voa Bruxao has logged in.
[19/08/2014 23:34:14] > Saving server...
[19/08/2014 23:34:17] > SAVE: Complete in 2.554 seconds using relational house storage.
[19/08/2014 23:34:18] Bob Dyller has logged out.
[19/08/2014 23:34:18] Arizinha Andrade has logged out.
[19/08/2014 23:34:18] Eternal Ozzot has logged out.
[19/08/2014 23:34:19] Mlk Lokoo has logged out.
[19/08/2014 23:34:19] Duff Maluko has logged out.
[19/08/2014 23:34:19] Druidzerah Mythus has logged out.
[19/08/2014 23:34:20] Sorczinho Sapeca has logged out.
[19/08/2014 23:34:20] Magezinho Sapeca has logged out.
[19/08/2014 23:34:20] Nois Que Voa Bruxao has logged out.
[19/08/2014 23:34:21] > Saving server...
[19/08/2014 23:34:22] > SAVE: Complete in 1.319 seconds using relational house storage.
[19/08/2014 23:34:22] Preparing to shutdown server..
[19/08/2014 23:34:23] .
[19/08/2014 23:34:23] Exiting
