[23/03/2015 00:00:05] Druid Of Lindo has logged out.
[23/03/2015 00:00:37] Haas has logged out.
[23/03/2015 00:00:46] Honda has logged in.
[23/03/2015 00:00:58] Druid Of Lindo has logged in.
[23/03/2015 00:01:39] > Broadcasted message: "Game map cleaning in 1 minute, please pick up all your items.".
[23/03/2015 00:02:10] > CLEAN: Removed 6921 items from 5136 tiles in 0.415 seconds.
[23/03/2015 00:02:10] > Broadcasted message: "Map Cleaned.".
[23/03/2015 00:02:17] > Broadcasted message: "Para comprar bless digite !bless".
[23/03/2015 00:02:31] Honda has logged out.
[23/03/2015 00:02:32] Honda has logged in.
[23/03/2015 00:02:33] Honda has logged out.
[23/03/2015 00:02:38] Haas has logged in.
[23/03/2015 00:02:44] Haas has logged out.
[23/03/2015 00:02:45] Haas has logged in.
[23/03/2015 00:02:46] Haas has logged out.
[23/03/2015 00:02:51] Honda has logged in.
[23/03/2015 00:03:01] Honda has logged out.
[23/03/2015 00:03:02] Honda has logged in.
[23/03/2015 00:03:03] Honda has logged out.
[23/03/2015 00:03:07] Haas has logged in.
[23/03/2015 00:03:54] Druidzerah Mythus has logged out.
[23/03/2015 00:04:00] Druidzerah Mythus has logged in.
[23/03/2015 00:10:38] > Broadcasted message: "Para ver as noticias fale !notice".
[23/03/2015 00:11:29] > Saving server...
[23/03/2015 00:11:31] > SAVE: Complete in 2.371 seconds using relational house storage.
[23/03/2015 00:17:20] Account Manager has logged in.
[23/03/2015 00:17:41] Account Manager has logged out.
[23/03/2015 00:17:51] Account Manager has logged in.
[23/03/2015 00:18:20] > Broadcasted message: "Game map cleaning in 1 minute, please pick up all your items.".
[23/03/2015 00:18:26] Account Manager has logged out.
[23/03/2015 00:18:35] Dzarms has logged in.
[23/03/2015 00:18:51] > CLEAN: Removed 5550 items from 3758 tiles in 0.25 seconds.
[23/03/2015 00:18:51] > Broadcasted message: "Map Cleaned.".
[23/03/2015 00:18:59] > Broadcasted message: "Sempre Ao Criar Uma Conta, Pegue A RK Dela No Account Manager Da Conta E Anote, Nunca Passe A Sua Senha Para Outras Pessoas, E Ao Entrar Em Outros OT´s Crie Contas Diferentes Para Não Sofrer HACKED, Não Me Responsabilizo Por Perdas, Obrigado".
[23/03/2015 00:25:09] Druid Of Lindo has logged out.
[23/03/2015 00:25:20] Druid Of Lindo has logged in.
[23/03/2015 00:26:03] Dzarms has logged out.
[23/03/2015 00:27:20] > Broadcasted message: "Para ver as noticias fale !notice".
[23/03/2015 00:28:14] Druid Of Lindo has logged out.
[23/03/2015 00:28:15] Druid Of Lindo has logged in.
[23/03/2015 00:28:34] Druid Of Lindo has logged out.
[23/03/2015 00:28:36] Druid Of Lindo has logged in.
[23/03/2015 00:28:52] Druid Of Lindo has logged out.
[23/03/2015 00:29:07] Account Manager has logged in.
[23/03/2015 00:29:08] Account Manager has logged out.
[23/03/2015 00:29:20] Loco Sem Amigos has logged out.
[23/03/2015 00:29:44] Loco Sem Amigos has logged in.
[23/03/2015 00:31:16] Druid Of Lindo has logged in.
[23/03/2015 00:34:22] Druid Of Lindo has logged out.
[23/03/2015 00:34:50] > Saving server...
[23/03/2015 00:34:52] > SAVE: Complete in 1.916 seconds using relational house storage.
[23/03/2015 00:35:01] > Broadcasted message: "Game map cleaning in 1 minute, please pick up all your items.".
[23/03/2015 00:35:32] > CLEAN: Removed 5449 items from 3172 tiles in 0.246 seconds.
[23/03/2015 00:35:32] > Broadcasted message: "Map Cleaned.".
[23/03/2015 00:35:41] > Broadcasted message: "Sempre Ao Criar Uma Conta, Pegue A RK Dela No Account Manager Da Conta E Anote, Nunca Passe A Sua Senha Para Outras Pessoas, E Ao Entrar Em Outros OT´s Crie Contas Diferentes Para Não Sofrer HACKED, Não Me Responsabilizo Por Perdas, Obrigado".
[23/03/2015 00:37:17] Druidzerah Mythus has logged out.
[23/03/2015 00:37:19] Druidzerah Mythus has logged in.
[23/03/2015 00:39:23] Druidzerah Mythus has logged out.
[23/03/2015 00:39:26] Loco Sem Amigos has logged out.
[23/03/2015 00:39:28] Loco Sem Amigos has logged in.
[23/03/2015 00:39:46] Druidzerah Mythus has logged in.
[23/03/2015 00:44:02] > Broadcasted message: "Para ver as noticias fale !notice".
[23/03/2015 00:45:34] Haas has logged out.
[23/03/2015 00:45:34] Haas has logged in.
[23/03/2015 00:46:09] > Saving server...
[23/03/2015 00:46:12] > SAVE: Complete in 2.826 seconds using relational house storage.
[23/03/2015 00:46:14] Loco Sem Amigos has logged out.
[23/03/2015 00:46:15] Druidzerah Mythus has logged out.
[23/03/2015 00:46:16] Haas has logged out.
[23/03/2015 00:46:17] > Saving server...
[23/03/2015 00:46:19] > SAVE: Complete in 1.453 seconds using relational house storage.
[23/03/2015 00:46:19] Preparing to shutdown server.[23/03/2015 13:07:06] The Forgotten Server, version 0.3.4 (Crying Damson)
[23/03/2015 13:07:06] Sever Criado Por Alissow e Comedinha.
[23/03/2015 13:07:06] Publicidade: www.sotserv.blogspot.com <- <- <- Tudo sobre otserv.
[23/03/2015 13:07:07] Bom Jogo!!!
[23/03/2015 13:07:07] 
[23/03/2015 13:07:07] >> Debugging: nothing.
[23/03/2015 13:07:07] >> Checking software version... failed checking - malformed file.
[23/03/2015 13:07:08] 
[23/03/2015 13:07:08] >> Loading config (config.lua)
[23/03/2015 13:07:09] > Using plaintext passwords
[23/03/2015 13:07:09] >> Loading RSA key
[23/03/2015 13:07:09] >> Starting SQL connection
[23/03/2015 13:07:09] >> Running Database Manager
[23/03/2015 13:07:10] > Optimized database.
[23/03/2015 13:07:10] >> Loading items
[23/03/2015 13:07:10] >> Loading groups
[23/03/2015 13:07:10] >> Loading vocations
[23/03/2015 13:07:10] >> Loading script systems
[23/03/2015 13:07:13] >> Loading chat channels
[23/03/2015 13:07:13] >> Loading outfits
[23/03/2015 13:07:13] >> Loading experience stages
[23/03/2015 13:07:13] >> Loading monsters
[23/03/2015 13:07:16] >> Loading map and spawns...
[23/03/2015 13:07:24] > Map size: 65000x65000.
[23/03/2015 13:07:24] > Map descriptions: 
[23/03/2015 13:07:24] Saved with Remere's Map Editor 2.2
[23/03/2015 13:07:24] No map description available.
[23/03/2015 13:07:25] Duplicate uniqueId 2407
[23/03/2015 13:07:28] > Map loading time: 7.41 seconds.
[23/03/2015 13:07:30] > Data loading time: 1.31 seconds.
[23/03/2015 13:07:30] > Unserialization time for houses: 0.031 seconds.
[23/03/2015 13:07:54] > Unserialization time for map: 23.681 seconds.
[23/03/2015 13:07:54] >> Checking world type... PvP
[23/03/2015 13:07:54] >> Initializing game state modules and registering services...
[23/03/2015 13:07:55] > Global address: deathpvp.no-ip.biz
[23/03/2015 13:07:55] > Local ports:
[23/03/2015 13:07:55] 7171	7172	
[23/03/2015 13:07:56] >> All modules were loaded, server starting up...
[23/03/2015 13:07:56] >> OT Death server Online!
[23/03/2015 13:07:56] 
[23/03/2015 13:08:40] sqlite3_step(): SQLITE ERROR: columns id, world_id are not unique
[23/03/2015 13:08:41] Account Manager has logged in.
[23/03/2015 13:08:47] Account Manager has logged out.
[23/03/2015 13:09:09] Magezin Sapeca has logged in.
[23/03/2015 13:09:12] Magezin Sapeca has logged out.
[23/03/2015 13:09:13] Magezin Sapeca has logged in.
[23/03/2015 13:10:15] Account Manager has logged in.
[23/03/2015 13:10:17] Knightzerah Mythus has logged in.
[23/03/2015 13:10:18] Account Manager has logged out.
[23/03/2015 13:10:19] Tocalepaumarco has logged in.
[23/03/2015 13:10:23] Skize Da Xurupita has logged in.
[23/03/2015 13:10:32] Skize Da Xurupita has logged out.
[23/03/2015 13:10:42] Honda has logged in.
[23/03/2015 13:11:29] Skize Da Xurupita has logged in.
[23/03/2015 13:11:35] Honda has logged out.
[23/03/2015 13:11:51] Magezin Sapeca has logged out.
[23/03/2015 13:12:24] Druidzerah Mythus has logged in.
[23/03/2015 13:13:34] Druidzerah Mythus has logged out.
[23/03/2015 13:13:42] Druidzerah Mythus has logged in.
[23/03/2015 13:14:41] Skize Da Xurupita has logged out.
[23/03/2015 13:14:55] Skize Da Xurupita has logged in.
[23/03/2015 13:15:15] Skize Da Xurupita has logged out.
[23/03/2015 13:15:34] > Broadcasted message: "Sempre Ao Criar Uma Conta, Pegue A RK Dela No Account Manager Da Conta E Anote, Nunca Passe A Sua Senha Para Outras Pessoas, E Ao Entrar Em Outros OT´s Crie Contas Diferentes Para Não Sofrer HACKED, Não Me Responsabilizo Por Perdas, Obrigado".
[23/03/2015 13:15:45] Knightzerah Mythus has logged out.
[23/03/2015 13:15:46] Knightzerah Mythus has logged in.
[23/03/2015 13:15:59] Skize Da Xurupita has logged in.
[23/03/2015 13:16:08] Knightzerah Mythus has logged out.
[23/03/2015 13:17:40] Knightzerah Mythus has logged in.
[23/03/2015 13:19:51] Loco Sem Amigos has logged in.
[23/03/2015 13:20:02] Xerath has logged in.
[23/03/2015 13:20:03] Xerath has logged out.
[23/03/2015 13:20:15] Loco Sem Amigos has logged out.
[23/03/2015 13:20:24] Knightzerah Mythus has logged out.
[23/03/2015 13:21:05] Xerath has logged in.
[23/03/2015 13:21:51] Magezin Sapeca has logged in.
[23/03/2015 13:21:55] Knightzerah Mythus has logged in.
[23/03/2015 13:22:43] Loco Sem Amigos has logged in.
[23/03/2015 13:23:54] > Broadcasted message: "Game map cleaning in 1 minute, please pick up all your items.".
[23/03/2015 13:23:55] > Broadcasted message: "Novo CLIENTE = http://www.4shared.com/rar/cfxSV4o7ce/Death_PVP.html".
[23/03/2015 13:24:24] > CLEAN: Removed 3066 items from 2322 tiles in 0.218 seconds.
[23/03/2015 13:24:25] > Broadcasted message: "Map Cleaned.".
[23/03/2015 13:26:32] Magezin Sapeca has logged out.
[23/03/2015 13:26:39] Xerath has logged out.
[23/03/2015 13:26:42] Skize Da Xurupita has logged out.
[23/03/2015 13:26:43] Knightzerah Mythus has logged out.
[23/03/2015 13:27:02] Loco Sem Amigos has logged out.
[23/03/2015 13:27:04] Knightzerah Mythus has logged in.
[23/03/2015 13:27:05] Skize Da Xurupita has logged in.
[23/03/2015 13:27:06] Loco Sem Amigos has logged in.
[23/03/2015 13:27:06] Magezin Sapeca has logged in.
[23/03/2015 13:27:20] Xerath has logged in.
[23/03/2015 13:27:22] Account Manager has logged in.
[23/03/2015 13:27:26] Account Manager has logged out.
[23/03/2015 13:27:31] Nirvana has logged in.
[23/03/2015 13:27:57] Druidzerah Mythus has logged out.
[23/03/2015 13:28:00] Druidzerah Mythus has logged in.
[23/03/2015 13:28:24] Honda has logged in.
[23/03/2015 13:30:03] Magezin Sapeca has logged out.
[23/03/2015 13:30:04] Loco Sem Amigos has logged out.
[23/03/2015 13:30:06] Xerath has logged out.
[23/03/2015 13:30:06] Honda has logged out.
[23/03/2015 13:30:13] Nirvana has logged out.
[23/03/2015 13:30:17] Skize Da Xurupita has logged out.
[23/03/2015 13:30:39] > Saving server...
[23/03/2015 13:30:41] > SAVE: Complete in 1.832 seconds using relational house storage.
[23/03/2015 13:30:41] Druidzerah Mythus has logged out.
[23/03/2015 13:30:46] Tocalepaumarco has logged out.
[23/03/2015 13:30:55] Magezin Sapeca has logged in.
[23/03/2015 13:30:56] Magezin Sapeca has logged out.
[23/03/2015 13:30:58] Honda has logged in.
[23/03/2015 13:31:01] Magezin Sapeca has logged in.
[23/03/2015 13:31:01] Druidzerah Mythus has logged in.
[23/03/2015 13:31:02] Loco Sem Amigos has logged in.
[23/03/2015 13:31:04] Magezin Sapeca has logged out.
[23/03/2015 13:31:04] Skize Da Xurupita has logged in.
[23/03/2015 13:31:13] Magezin Sapeca has logged in.
[23/03/2015 13:31:14] Nirvana has logged in.
[23/03/2015 13:31:15] Xerath has logged in.
[23/03/2015 13:32:16] > Broadcasted message: "Para ver as noticias fale !notice".
[23/03/2015 13:32:37] Nirvana has logged out.
[23/03/2015 13:32:51] Cronzera has logged in.
[23/03/2015 13:32:52] Cronzera has logged out.
[23/03/2015 13:32:54] Cronzera has logged in.
[23/03/2015 13:32:55] Cronzera has logged out.
[23/03/2015 13:32:58] Cronzera has logged in.
[23/03/2015 13:32:59] Cronzera has logged out.
[23/03/2015 13:33:00] Cronzera has logged in.
[23/03/2015 13:33:01] Cronzera has logged out.
[23/03/2015 13:34:40] Nirvana has logged in.
[23/03/2015 13:35:07] Loco Sem Amigos has logged out.
[23/03/2015 13:35:14] Knightzerah Mythus has logged out.
[23/03/2015 13:35:16] Nirvana has logged out.
[23/03/2015 13:35:17] Honda has logged out.
[23/03/2015 13:35:17] Skize Da Xurupita has logged out.
[23/03/2015 13:35:19] Xerath has logged out.
[23/03/2015 13:35:20] Magezin Sapeca has logged out.
[23/03/2015 13:35:52] Druidzerah Mythus has logged out.
[23/03/2015 13:37:17] Skize Da Xurupita has logged in.
[23/03/2015 13:37:19] Magezin Sapeca has logged in.
[23/03/2015 13:37:19] Knightzerah Mythus has logged in.
[23/03/2015 13:37:36] Xerath has logged in.
[23/03/2015 13:37:36] Druidzerah Mythus has logged in.
[23/03/2015 13:37:41] Cheguei No Pistao has logged in.
[23/03/2015 13:37:45] Druidzerah Mythus has logged out.
[23/03/2015 13:37:46] Druidzerah Mythus has logged in.
[23/03/2015 13:38:27] Nirvana has logged in.
[23/03/2015 13:38:42] Cheguei No Pistao has logged out.
[23/03/2015 13:39:04] Knightzerah Mythus has logged out.
[23/03/2015 13:39:08] Knightzerah Mythus has logged in.
[23/03/2015 13:39:09] Knightzerah Mythus has logged out.
[23/03/2015 13:39:10] Kanguru Mage has logged in.
[23/03/2015 13:39:15] Knightzerah Mythus has logged in.
[23/03/2015 13:40:14] Knightzerah Mythus has logged out.
[23/03/2015 13:40:16] Knightzerah Mythus has logged in.
[23/03/2015 13:40:18] Skize Da Xurupita has logged out.
[23/03/2015 13:40:20] Nirvana has logged out.
[23/03/2015 13:40:20] Skize Da Xurupita has logged in.
[23/03/2015 13:40:21] Knightzerah Mythus has logged out.
[23/03/2015 13:40:35] > Broadcasted message: "Game map cleaning in 1 minute, please pick up all your items.".
[23/03/2015 13:40:37] > Broadcasted message: "Para comprar bless digite !bless".
[23/03/2015 13:41:06] > CLEAN: Removed 1949 items from 1394 tiles in 0.501 seconds.
[23/03/2015 13:41:06] > Broadcasted message: "Map Cleaned.".
[23/03/2015 13:41:14] Honda has logged in.
[23/03/2015 13:41:28] Knightzerah Mythus has logged in.
[23/03/2015 13:42:20] Honda has logged out.
[23/03/2015 13:42:28] Magezin Sapeca has logged out.
[23/03/2015 13:42:42] Honda has logged in.
[23/03/2015 13:42:54] [Warning - Protocol::RSA_decrypt] Not valid packet size
[23/03/2015 13:43:02] Magezin Sapeca has logged in.
[23/03/2015 13:43:08] Honda has logged out.
[23/03/2015 13:43:20] [Warning - Protocol::RSA_decrypt] Not valid packet size
[23/03/2015 13:45:38] Magezin Sapeca has logged out.
[23/03/2015 13:45:39] Kanguru Mage has logged out.
[23/03/2015 13:45:42] Knightzerah Mythus has logged out.
[23/03/2015 13:45:47] Skize Da Xurupita has logged out.
[23/03/2015 13:47:11] Knightzerah Mythus has logged in.
[23/03/2015 13:47:17] Skize Da Xurupita has logged in.
[23/03/2015 13:47:20] Magezin Sapeca has logged in.
[23/03/2015 13:47:30] Kanguru Mage has logged in.
[23/03/2015 13:47:37] Xerath has logged out.
[23/03/2015 13:47:41] Xerath has logged in.
[23/03/2015 13:48:13] Skize Da Xurupita has logged out.
[23/03/2015 13:48:18] Skize Da Xurupita has logged in.
[23/03/2015 13:48:34] Druidzerah Mythus has logged out.
[23/03/2015 13:48:36] Druidzerah Mythus has logged in.
[23/03/2015 13:48:58] > Broadcasted message: "Novo CLIENTE = http://www.4shared.com/rar/cfxSV4o7ce/Death_PVP.html".
[23/03/2015 13:49:07] Skize Da Xurupita has logged out.
[23/03/2015 13:49:13] Skize Da Xurupita has logged in.
[23/03/2015 13:49:31] Kanguru Mage has logged out.
[23/03/2015 13:49:33] Knightzerah Mythus has logged out.
[23/03/2015 13:49:40] Magezin Sapeca has logged out.
[23/03/2015 13:50:07] Skize Da Xurupita has logged out.
[23/03/2015 13:51:00] Druidzerah Mythus has logged out.
[23/03/2015 13:51:25] Xerath has logged out.
[23/03/2015 13:53:49] Knightzerah Mythus has logged in.
[23/03/2015 13:53:50] Druidzerah Mythus has logged in.
[23/03/2015 13:53:51] Skize Da Xurupita has logged in.
[23/03/2015 13:54:00] > Saving server...
[23/03/2015 13:54:03] > SAVE: Complete in 1.95 seconds using relational house storage.
[23/03/2015 13:54:07] Magezin Sapeca has logged in.
[23/03/2015 13:54:08] Xerath has logged in.
[23/03/2015 13:54:50] Cheguei No Pistao has logged in.
[23/03/2015 13:55:40] Magezin Sapeca has logged out.
[23/03/2015 13:55:40] Magezin Sapeca has logged in.
[23/03/2015 13:57:07] Magezin Sapeca has logged out.
[23/03/2015 13:57:07] Knightzerah Mythus has logged out.
[23/03/2015 13:57:08] Skize Da Xurupita has logged out.
[23/03/2015 13:57:08] Xerath has logged out.
[23/03/2015 13:57:16] > Broadcasted message: "Game map cleaning in 1 minute, please pick up all your items.".
[23/03/2015 13:57:19] > Broadcasted message: "Sempre Ao Criar Uma Conta, Pegue A RK Dela No Account Manager Da Conta E Anote, Nunca Passe A Sua Senha Para Outras Pessoas, E Ao Entrar Em Outros OT´s Crie Contas Diferentes Para Não Sofrer HACKED, Não Me Responsabilizo Por Perdas, Obrigado".
[23/03/2015 13:57:41] Cheguei No Pistao has logged out.
[23/03/2015 13:57:47] > CLEAN: Removed 2749 items from 1774 tiles in 0.234 seconds.
[23/03/2015 13:57:47] > Broadcasted message: "Map Cleaned.".
[23/03/2015 13:58:04] Druidzerah Mythus has logged out.
[23/03/2015 13:59:46] Skize Da Xurupita has logged in.
[23/03/2015 13:59:46] Xerath has logged in.
[23/03/2015 13:59:47] Magezin Sapeca has logged in.
[23/03/2015 13:59:47] Druidzerah Mythus has logged in.
[23/03/2015 13:59:53] Knightzerah Mythus has logged in.
[23/03/2015 14:00:56] Knightzerah Mythus has logged out.
[23/03/2015 14:01:46] Knightzerah Mythus has logged in.
[23/03/2015 14:02:32] Account Manager has logged in.
[23/03/2015 14:03:13] Account Manager has logged out.
[23/03/2015 14:03:14] Skize Da Xurupita has logged out.
[23/03/2015 14:03:24] Account Manager has logged in.
[23/03/2015 14:03:33] Account Manager has logged in.
[23/03/2015 14:03:44] Account Manager has logged out.
[23/03/2015 14:04:08] Account Manager has logged out.
[23/03/2015 14:04:37] Skize Da Xurupita has logged in.
[23/03/2015 14:05:14] Druidzerah Mythus has logged out.
[23/03/2015 14:05:29] Knightzerah Mythus has logged out.
[23/03/2015 14:05:35] Magezin Sapeca has logged out.
[23/03/2015 14:05:39] Skize Da Xurupita has logged out.
[23/03/2015 14:05:40] > Broadcasted message: "Para comprar bless digite !bless".
[23/03/2015 14:05:49] > Saving server...
[23/03/2015 14:05:52] > SAVE: Complete in 1.923 seconds using relational house storage.
[23/03/2015 14:05:53] Xerath has logged out.
[23/03/2015 14:06:21] > Saving server...
[23/03/2015 14:06:22] > SAVE: Complete in 1.516 seconds using relational house storage.
[23/03/2015 14:06:24] > Saving server...
[23/03/2015 14:06:26] > SAVE: Complete in 1.406 seconds using relational house storage.
[23/03/2015 14:06:26] Preparing to shutdown server..
[23/03/2015 14:06:26] .
[23/03/2015 14:06:26] Exiting
[23/03/2015 14:42:12] The Forgotten Server, version 0.3.4 (Crying Damson)
[23/03/2015 14:42:12] Sever Criado Por Alissow e Comedinha.
[23/03/2015 14:42:12] Publicidade: www.sotserv.blogspot.com <- <- <- Tudo sobre otserv.
[23/03/2015 14:42:12] Bom Jogo!!!
[23/03/2015 14:42:12] 
[23/03/2015 14:42:12] >> Debugging: nothing.
[23/03/2015 14:42:13] >> Checking software version... failed checking - malformed file.
[23/03/2015 14:42:14] 
[23/03/2015 14:42:14] >> Loading config (config.lua)
[23/03/2015 14:42:14] > Using plaintext passwords
[23/03/2015 14:42:14] >> Loading RSA key
[23/03/2015 14:42:14] >> Starting SQL connection
[23/03/2015 14:42:14] >> Running Database Manager
[23/03/2015 14:42:15] > Optimized database.
[23/03/2015 14:42:15] >> Loading items
[23/03/2015 14:42:15] >> Loading groups
[23/03/2015 14:42:15] >> Loading vocations
[23/03/2015 14:42:15] >> Loading script systems
[23/03/2015 14:42:18] >> Loading chat channels
[23/03/2015 14:42:18] >> Loading outfits
[23/03/2015 14:42:18] >> Loading experience stages
[23/03/2015 14:42:18] >> Loading monsters
[23/03/2015 14:42:22] >> Loading map and spawns...
[23/03/2015 14:42:24] > Map size: 65000x65000.
[23/03/2015 14:42:24] > Map descriptions: 
[23/03/2015 14:42:24] Saved with Remere's Map Editor 2.2
[23/03/2015 14:42:24] No map description available.
[23/03/2015 14:42:24] Duplicate uniqueId 2407
[23/03/2015 14:42:28] > Map loading time: 5.398 seconds.
[23/03/2015 14:42:29] > Data loading time: 1.185 seconds.
[23/03/2015 14:42:29] > Unserialization time for houses: 0.032 seconds.
[23/03/2015 14:42:54] > Unserialization time for map: 24.024 seconds.
[23/03/2015 14:42:54] >> Checking world type... PvP
[23/03/2015 14:42:54] >> Initializing game state modules and registering services...
[23/03/2015 14:42:55] > Global address: deathpvp.no-ip.biz
[23/03/2015 14:42:55] > Local ports:
[23/03/2015 14:42:55] 7171	7172	
[23/03/2015 14:42:55] >> All modules were loaded, server starting up...
[23/03/2015 14:42:55] >> OT Death server Online!
[23/03/2015 14:42:55] 
[23/03/2015 14:42:56] Druidzerah Mythus has logged in.
[23/03/2015 14:44:48] sqlite3_step(): SQLITE ERROR: columns id, world_id are not unique
[23/03/2015 14:44:49] Magezin Sapeca has logged in.
[23/03/2015 14:45:06] Honda has logged in.
[23/03/2015 14:45:16] Honda has logged out.
[23/03/2015 14:45:25] Skize Da Xurupita has logged in.
[23/03/2015 14:45:47] Magezin Sapeca has logged out.
[23/03/2015 14:47:36] Skize Da Xurupita has logged out.
[23/03/2015 14:48:34] Druidzerah Mythus has logged out.
[23/03/2015 14:48:45] Skize Da Xurupita has logged in.
[23/03/2015 14:48:59] Druidzerah Mythus has logged in.
[23/03/2015 14:49:12] Knightzerah Mythus has logged in.
[23/03/2015 14:49:18] Knightzerah Mythus has logged out.
[23/03/2015 14:49:46] Knightzerah Mythus has logged in.
[23/03/2015 14:50:39] > Broadcasted message: "Sempre Ao Criar Uma Conta, Pegue A RK Dela No Account Manager Da Conta E Anote, Nunca Passe A Sua Senha Para Outras Pessoas, E Ao Entrar Em Outros OT´s Crie Contas Diferentes Para Não Sofrer HACKED, Não Me Responsabilizo Por Perdas, Obrigado".
[23/03/2015 14:55:56] Xerath has logged in.
[23/03/2015 14:57:19] Jean has logged in.
[23/03/2015 14:57:43] Skize Da Xurupita has logged out.
[23/03/2015 14:57:45] Knightzerah Mythus has logged out.
[23/03/2015 14:57:49] Skize Da Xurupita has logged in.
[23/03/2015 14:57:49] Knightzerah Mythus has logged in.
[23/03/2015 14:57:58] Pallyzin has logged in.
[23/03/2015 14:58:05] Skize Da Xurupita has logged out.
[23/03/2015 14:58:44] Skize Da Xurupita has logged in.
[23/03/2015 14:58:46] Skize Da Xurupita has logged out.
[23/03/2015 14:58:59] > Broadcasted message: "Game map cleaning in 1 minute, please pick up all your items.".
[23/03/2015 14:59:01] > Broadcasted message: "Para ver as noticias fale !notice".
[23/03/2015 14:59:30] > CLEAN: Removed 2114 items from 1527 tiles in 0.286 seconds.
[23/03/2015 14:59:30] > Broadcasted message: "Map Cleaned.".
[23/03/2015 15:00:32] Mr Thug has logged in.
[23/03/2015 15:01:47] Pallyzin has logged out.
[23/03/2015 15:01:49] Pallyzin has logged in.
[23/03/2015 15:03:57] Pallyzin has logged out.
[23/03/2015 15:04:15] Pallyzin has logged in.
[23/03/2015 15:04:54] Knightzerah Mythus has logged out.
[23/03/2015 15:05:44] > Saving server...
[23/03/2015 15:05:47] > SAVE: Complete in 2.826 seconds using relational house storage.
[23/03/2015 15:05:49] Magezin Sapeca has logged in.
[23/03/2015 15:07:22] > Broadcasted message: "Sempre Ao Criar Uma Conta, Pegue A RK Dela No Account Manager Da Conta E Anote, Nunca Passe A Sua Senha Para Outras Pessoas, E Ao Entrar Em Outros OT´s Crie Contas Diferentes Para Não Sofrer HACKED, Não Me Responsabilizo Por Perdas, Obrigado".
[23/03/2015 15:07:42] Mr Thug has logged out.
[23/03/2015 15:07:52] Honda has logged in.
[23/03/2015 15:09:20] Honda has logged out.
[23/03/2015 15:09:39] Magezin Sapeca has logged out.
[23/03/2015 15:09:39] Skize Da Xurupita has logged in.
[23/03/2015 15:09:44] Tocalepaumarco has logged in.
[23/03/2015 15:10:22] Skize Da Xurupita has logged out.
[23/03/2015 15:10:30] Skize Da Xurupita has logged in.
[23/03/2015 15:11:57] Knightzerah Mythus has logged in.
[23/03/2015 15:13:08] Xerath has logged out.
[23/03/2015 15:13:22] Druidzerah Mythus has logged out.
[23/03/2015 15:13:30] Knightzerah Mythus has logged out.
[23/03/2015 15:13:35] > Saving server...
[23/03/2015 15:13:38] > SAVE: Complete in 2.201 seconds using relational house storage.
[23/03/2015 15:13:39] Pallyzin has logged out.
[23/03/2015 15:13:39] Skize Da Xurupita has logged out.
[23/03/2015 15:13:49] > Saving server...
[23/03/2015 15:13:51] > SAVE: Complete in 1.666 seconds using relational house storage.
[23/03/2015 15:13:55] Jean has logged out.
[23/03/2015 15:13:56] Tocalepaumarco has logged out.
[23/03/2015 15:13:56] > Saving server...
[23/03/2015 15:13:58] > SAVE: Complete in 1.512 seconds using relational house storage.
[23/03/2015 15:13:59] Preparing to shutdown server..
[23/03/2015 15:13:59] .
[23/03/2015 15:13:59] Exiting
[23/03/2015 15:21:37] The Forgotten Server, version 0.3.4 (Crying Damson)
[23/03/2015 15:21:37] Sever Criado Por Alissow e Comedinha.
[23/03/2015 15:21:38] Publicidade: www.sotserv.blogspot.com <- <- <- Tudo sobre otserv.
[23/03/2015 15:21:38] Bom Jogo!!!
[23/03/2015 15:21:38] 
[23/03/2015 15:21:38] >> Debugging: nothing.
[23/03/2015 15:21:38] >> Checking software version... failed checking - malformed file.
[23/03/2015 15:21:40] 
[23/03/2015 15:21:40] >> Loading config (config.lua)
[23/03/2015 15:21:40] > Using plaintext passwords
[23/03/2015 15:21:40] >> Loading RSA key
[23/03/2015 15:21:41] >> Starting SQL connection
[23/03/2015 15:21:41] >> Running Database Manager
[23/03/2015 15:21:41] > Optimized database.
[23/03/2015 15:21:42] >> Loading items
[23/03/2015 15:21:42] >> Loading groups
[23/03/2015 15:21:42] >> Loading vocations
[23/03/2015 15:21:42] >> Loading script systems
[23/03/2015 15:21:43] >> Loading chat channels
[23/03/2015 15:21:43] >> Loading outfits
[23/03/2015 15:21:43] >> Loading experience stages
[23/03/2015 15:21:43] >> Loading monsters
[23/03/2015 15:21:45] >> Loading map and spawns...
[23/03/2015 15:21:46] > Map size: 65000x65000.
[23/03/2015 15:21:47] > Map descriptions: 
[23/03/2015 15:21:47] Saved with Remere's Map Editor 2.2
[23/03/2015 15:21:47] No map description available.
[23/03/2015 15:21:47] Duplicate uniqueId 2407
[23/03/2015 15:21:51] > Map loading time: 5.398 seconds.
[23/03/2015 15:21:52] > Data loading time: 0.702 seconds.
[23/03/2015 15:21:52] > Unserialization time for houses: 0.031 seconds.
[23/03/2015 15:22:17] > Unserialization time for map: 24.414 seconds.
[23/03/2015 15:22:17] >> Checking world type... PvP
[23/03/2015 15:22:17] >> Initializing game state modules and registering services...
[23/03/2015 15:22:18] > Global address: deathpvp.no-ip.biz
[23/03/2015 15:22:18] > Local ports:
[23/03/2015 15:22:18] 7171	7172	
[23/03/2015 15:22:18] >> All modules were loaded, server starting up...
[23/03/2015 15:22:18] >> OT Death server Online!
[23/03/2015 15:22:18] 
[23/03/2015 15:22:21] Skize Da Xurupita has logged in.
[23/03/2015 15:22:23] Knightzerah Mythus has logged in.
[23/03/2015 15:22:30] Xerath has logged in.
[23/03/2015 15:22:45] sqlite3_step(): SQLITE ERROR: columns id, world_id are not unique
[23/03/2015 15:22:47] Jean has logged in.
[23/03/2015 15:22:50] Magezin Sapeca has logged in.
[23/03/2015 15:23:07] Knightzerah Mythus has logged out.
[23/03/2015 15:23:25] Magezin Sapeca has logged out.
[23/03/2015 15:23:39] Account Manager has logged in.
[23/03/2015 15:23:40] Account Manager has logged out.
[23/03/2015 15:23:44] Druidzerah Mythus has logged in.
[23/03/2015 15:23:46] Knightzerah Mythus has logged in.
[23/03/2015 15:24:53] Skize Da Xurupita has logged out.
[23/03/2015 15:25:02] Knightzerah Mythus has logged out.
[23/03/2015 15:25:23] Honda has logged in.
[23/03/2015 15:25:58] Pallyzin has logged in.
[23/03/2015 15:26:04] Tocalepaumarco has logged in.
[23/03/2015 15:27:05] Pallyzin has logged out.
[23/03/2015 15:27:21] Xerath has logged out.
[23/03/2015 15:27:43] Honda has logged out.
[23/03/2015 15:28:40] Druidzerah Mythus has logged out.
[23/03/2015 15:30:04] > Broadcasted message: "Sempre Ao Criar Uma Conta, Pegue A RK Dela No Account Manager Da Conta E Anote, Nunca Passe A Sua Senha Para Outras Pessoas, E Ao Entrar Em Outros OT´s Crie Contas Diferentes Para Não Sofrer HACKED, Não Me Responsabilizo Por Perdas, Obrigado".
[23/03/2015 15:30:29] > Saving server...
[23/03/2015 15:30:32] > SAVE: Complete in 2.277 seconds using relational house storage.
[23/03/2015 15:30:33] Jean has logged out.
[23/03/2015 15:31:03] Honda has logged in.
[23/03/2015 15:31:14] Druidzera has logged in.
[23/03/2015 15:31:27] Druidzerah Mythus has logged in.
[23/03/2015 15:34:38] Tocalepaumarco has logged out.
[23/03/2015 15:34:39] Tocalepaumarco has logged in.
[23/03/2015 15:36:22] Mr Thug has logged in.
[23/03/2015 15:36:57] Mr Thug has logged out.
[23/03/2015 15:37:00] Vem Monstro has logged in.
[23/03/2015 15:37:34] Druidzera has logged out.
[23/03/2015 15:37:37] Redzao has logged in.
[23/03/2015 15:37:41] Redzao has logged out.
[23/03/2015 15:37:43] Druidzera has logged in.
[23/03/2015 15:38:04] Tocalepaumarco has logged out.
[23/03/2015 15:38:08] Magezin Sapeca has logged in.
[23/03/2015 15:38:12] Mete Akky has logged in.
[23/03/2015 15:38:19] Vem Monstro has logged out.
[23/03/2015 15:38:20] Vem Monstro has logged in.
[23/03/2015 15:38:23] Vem Monstro has logged out.
[23/03/2015 15:38:24] > Broadcasted message: "Game map cleaning in 1 minute, please pick up all your items.".
[23/03/2015 15:38:25] Mr Thug has logged in.
[23/03/2015 15:38:25] > Broadcasted message: "Sempre Ao Criar Uma Conta, Pegue A RK Dela No Account Manager Da Conta E Anote, Nunca Passe A Sua Senha Para Outras Pessoas, E Ao Entrar Em Outros OT´s Crie Contas Diferentes Para Não Sofrer HACKED, Não Me Responsabilizo Por Perdas, Obrigado".
[23/03/2015 15:38:48] Druidzera has logged out.
[23/03/2015 15:38:51] Pallyzin has logged in.
[23/03/2015 15:38:54] > CLEAN: Removed 829 items from 701 tiles in 0.203 seconds.
[23/03/2015 15:38:54] > Broadcasted message: "Map Cleaned.".
[23/03/2015 15:40:21] Pallyzin has logged out.
[23/03/2015 15:40:23] Druidzera has logged in.
[23/03/2015 15:45:09] > Saving server...
[23/03/2015 15:45:12] > SAVE: Complete in 2.62 seconds using relational house storage.
[23/03/2015 15:45:19] Skize Da Xurupita has logged in.
[23/03/2015 15:46:13] Magezin Sapeca has logged out.
[23/03/2015 15:46:15] Magezin Sapeca has logged in.
[23/03/2015 15:46:46] > Broadcasted message: "Para comprar bless digite !bless".
[23/03/2015 15:46:51] Mr Thug has logged out.
[23/03/2015 15:46:54] Shake That Ass has logged in.
[23/03/2015 15:47:35] Shake That Ass has logged out.
[23/03/2015 15:47:37] Mr Thug has logged in.
[23/03/2015 15:48:36] Mr Thug has logged out.
[23/03/2015 15:48:39] Shake That Ass has logged in.
[23/03/2015 15:48:41] Shake That Ass has logged out.
[23/03/2015 15:48:43] Vem Monstro has logged in.
[23/03/2015 15:48:44] Vem Monstro has logged out.
[23/03/2015 15:48:46] Long Viber has logged in.
[23/03/2015 15:48:48] Long Viber has logged out.
[23/03/2015 15:48:49] Mr Thug has logged in.
[23/03/2015 15:55:05] > Broadcasted message: "Game map cleaning in 1 minute, please pick up all your items.".
[23/03/2015 15:55:07] > Broadcasted message: "Para comprar bless digite !bless".
[23/03/2015 15:55:36] > CLEAN: Removed 4369 items from 3205 tiles in 0.281 seconds.
[23/03/2015 15:55:36] > Broadcasted message: "Map Cleaned.".
[23/03/2015 15:57:19] 
[23/03/2015 15:57:19] Lua Script Error: [Npc interface] 
[23/03/2015 15:57:19] (Unknown scriptfile)
[23/03/2015 15:57:19] 
[23/03/2015 15:57:19] luaDoAddContainerItem(). Container not found
[23/03/2015 15:57:20] 
[23/03/2015 15:57:20] Lua Script Error: [Npc interface] 
[23/03/2015 15:57:20] (Unknown scriptfile)
[23/03/2015 15:57:20] 
[23/03/2015 15:57:20] luaDoAddContainerItem(). Container not found
[23/03/2015 15:57:20] 
[23/03/2015 15:57:20] Lua Script Error: [Npc interface] 
[23/03/2015 15:57:20] (Unknown scriptfile)
[23/03/2015 15:57:20] 
[23/03/2015 15:57:20] luaDoAddContainerItem(). Container not found
[23/03/2015 15:57:21] 
[23/03/2015 15:57:21] Lua Script Error: [Npc interface] 
[23/03/2015 15:57:21] (Unknown scriptfile)
[23/03/2015 15:57:21] 
[23/03/2015 15:57:21] luaDoAddContainerItem(). Container not found
[23/03/2015 15:57:21] 
[23/03/2015 15:57:21] Lua Script Error: [Npc interface] 
[23/03/2015 15:57:21] (Unknown scriptfile)
[23/03/2015 15:57:21] 
[23/03/2015 15:57:21] luaDoAddContainerItem(). Container not found
[23/03/2015 15:57:21] 
[23/03/2015 15:57:21] Lua Script Error: [Npc interface] 
[23/03/2015 15:57:22] (Unknown scriptfile)
[23/03/2015 15:57:22] 
[23/03/2015 15:57:22] luaDoAddContainerItem(). Container not found
[23/03/2015 15:57:22] 
[23/03/2015 15:57:22] Lua Script Error: [Npc interface] 
[23/03/2015 15:57:22] (Unknown scriptfile)
[23/03/2015 15:57:22] 
[23/03/2015 15:57:22] luaDoAddContainerItem(). Container not found
[23/03/2015 15:57:22] 
[23/03/2015 15:57:22] Lua Script Error: [Npc interface] 
[23/03/2015 15:57:23] (Unknown scriptfile)
[23/03/2015 15:57:23] 
[23/03/2015 15:57:23] luaDoAddContainerItem(). Container not found
[23/03/2015 15:57:23] 
[23/03/2015 15:57:23] Lua Script Error: [Npc interface] 
[23/03/2015 15:57:23] (Unknown scriptfile)
[23/03/2015 15:57:23] 
[23/03/2015 15:57:23] luaDoAddContainerItem(). Container not found
[23/03/2015 15:57:23] 
[23/03/2015 15:57:23] Lua Script Error: [Npc interface] 
[23/03/2015 15:57:24] (Unknown scriptfile)
[23/03/2015 15:57:24] 
[23/03/2015 15:57:24] luaDoAddContainerItem(). Container not found
[23/03/2015 15:57:24] 
[23/03/2015 15:57:24] Lua Script Error: [Npc interface] 
[23/03/2015 15:57:24] (Unknown scriptfile)
[23/03/2015 15:57:24] 
[23/03/2015 15:57:24] luaDoAddContainerItem(). Container not found
[23/03/2015 15:57:24] 
[23/03/2015 15:57:24] Lua Script Error: [Npc interface] 
[23/03/2015 15:57:25] (Unknown scriptfile)
[23/03/2015 15:57:25] 
[23/03/2015 15:57:25] luaDoAddContainerItem(). Container not found
[23/03/2015 15:57:25] 
[23/03/2015 15:57:25] Lua Script Error: [Npc interface] 
[23/03/2015 15:57:25] (Unknown scriptfile)
[23/03/2015 15:57:25] 
[23/03/2015 15:57:25] luaDoAddContainerItem(). Container not found
[23/03/2015 15:59:12] Druidzera has logged out.
[23/03/2015 15:59:58] Mete Akky has logged out.
[23/03/2015 16:00:00] Mete Akky has logged in.
[23/03/2015 16:03:11] Kanguru Pally has logged in.
[23/03/2015 16:03:28] > Broadcasted message: "Para ver as noticias fale !notice".
[23/03/2015 16:04:25] Kanguru Jack has logged in.
[23/03/2015 16:04:58] Knightzerah Mythus has logged in.
[23/03/2015 16:06:41] Mr Thug has logged out.
[23/03/2015 16:06:42] Mr Thug has logged in.
[23/03/2015 16:08:30] > Saving server...
[23/03/2015 16:08:33] > SAVE: Complete in 2.356 seconds using relational house storage.
[23/03/2015 16:11:46] > Broadcasted message: "Game map cleaning in 1 minute, please pick up all your items.".
[23/03/2015 16:11:49] > Broadcasted message: "Para comprar bless digite !bless".
[23/03/2015 16:12:10] Knightzerah Mythus has logged out.
[23/03/2015 16:12:16] > CLEAN: Removed 8466 items from 4948 tiles in 0.297 seconds.
[23/03/2015 16:12:16] > Broadcasted message: "Map Cleaned.".
[23/03/2015 16:12:21] Honda has logged out.
[23/03/2015 16:12:24] Skize Da Xurupita has logged out.
[23/03/2015 16:12:25] Mr Thug has logged out.
[23/03/2015 16:12:32] Magezin Sapeca has logged out.
[23/03/2015 16:12:57] Druidzerah Mythus has logged out.
[23/03/2015 16:13:33] Knightzerah Mythus has logged in.
[23/03/2015 16:13:35] Magezin Sapeca has logged in.
[23/03/2015 16:13:59] Pallyzerah Mythus has logged in.
[23/03/2015 16:13:59] Cheguei No Pistao has logged in.
[23/03/2015 16:14:01] Pallyzerah Mythus has logged out.
[23/03/2015 16:14:02] Druidzerah Mythus has logged in.
[23/03/2015 16:14:22] Cheguei No Pistao has logged out.
[23/03/2015 16:14:23] Cheguei No Pistao has logged in.
[23/03/2015 16:15:07] Skize Da Xurupita has logged in.
[23/03/2015 16:15:26] Honda has logged in.
[23/03/2015 16:16:48] Knightzerah Mythus has logged out.
[23/03/2015 16:16:49] Magezin Sapeca has logged out.
[23/03/2015 16:16:50] Skize Da Xurupita has logged out.
[23/03/2015 16:16:56] Honda has logged out.
[23/03/2015 16:17:00] Cheguei No Pistao has logged out.
[23/03/2015 16:17:41] Honda has logged in.
[23/03/2015 16:17:43] Knightzerah Mythus has logged in.
[23/03/2015 16:17:48] Cheguei No Pistao has logged in.
[23/03/2015 16:17:54] Magezin Sapeca has logged in.
[23/03/2015 16:18:41] Skize Da Xurupita has logged in.
[23/03/2015 16:19:28] Magezin Sapeca has logged out.
[23/03/2015 16:19:29] Skize Da Xurupita has logged out.
[23/03/2015 16:19:31] Honda has logged out.
[23/03/2015 16:19:33] Knightzerah Mythus has logged out.
[23/03/2015 16:19:38] Cheguei No Pistao has logged out.
[23/03/2015 16:20:10] > Broadcasted message: "Sempre Ao Criar Uma Conta, Pegue A RK Dela No Account Manager Da Conta E Anote, Nunca Passe A Sua Senha Para Outras Pessoas, E Ao Entrar Em Outros OT´s Crie Contas Diferentes Para Não Sofrer HACKED, Não Me Responsabilizo Por Perdas, Obrigado".
[23/03/2015 16:20:19] Mete Akky has logged out.
[23/03/2015 16:21:24] Honda has logged in.
[23/03/2015 16:21:27] Druidzerah Mythus has logged out.
[23/03/2015 16:21:32] Druidzerah Mythus has logged in.
[23/03/2015 16:21:40] Magezin Sapeca has logged in.
[23/03/2015 16:22:10] Knightzerah Mythus has logged in.
[23/03/2015 16:22:31] Knightzerah Mythus has logged out.
[23/03/2015 16:22:44] Knightzerah Mythus has logged in.
[23/03/2015 16:22:53] Knightzerah Mythus has logged out.
[23/03/2015 16:26:26] Honda has logged out.
[23/03/2015 16:27:12] Druidzerah Mythus has logged out.
[23/03/2015 16:27:24] Druidzerah Mythus has logged in.
[23/03/2015 16:28:13] Honda has logged in.
[23/03/2015 16:28:27] > Broadcasted message: "Game map cleaning in 1 minute, please pick up all your items.".
[23/03/2015 16:28:31] > Broadcasted message: "Para ver as noticias fale !notice".
[23/03/2015 16:28:57] > CLEAN: Removed 1608 items from 1158 tiles in 0.234 seconds.
[23/03/2015 16:28:57] > Broadcasted message: "Map Cleaned.".
[23/03/2015 16:29:44] Druidzerah Mythus has logged out.
[23/03/2015 16:29:45] Druidzerah Mythus has logged in.
[23/03/2015 16:30:07] Druidzerah Mythus has logged out.
[23/03/2015 16:30:09] Druidzerah Mythus has logged in.
[23/03/2015 16:30:09] Druidzerah Mythus has logged out.
[23/03/2015 16:30:58] Mr Thug has logged in.
[23/03/2015 16:31:47] Honda has logged out.
[23/03/2015 16:31:51] Honda has logged in.
[23/03/2015 16:31:51] > Saving server...
[23/03/2015 16:31:53] > SAVE: Complete in 1.872 seconds using relational house storage.
[23/03/2015 16:32:22] Honda has logged out.
[23/03/2015 16:32:23] Kanguru Jack has logged out.
[23/03/2015 16:32:26] Magezin Sapeca has logged out.
[23/03/2015 16:32:30] Tocalepaumarco has logged in.
[23/03/2015 16:32:38] Knightzerah Mythus has logged in.
[23/03/2015 16:34:30] Knightzerah Mythus has logged out.
[23/03/2015 16:35:14] Druidzerah Mythus has logged in.
[23/03/2015 16:36:32] Tocalepaumarco has logged out.
[23/03/2015 16:36:40] Magezin Sapeca has logged in.
[23/03/2015 16:36:44] Kanguru Pally has logged out.
[23/03/2015 16:36:52] > Broadcasted message: "Novo CLIENTE = http://www.4shared.com/rar/cfxSV4o7ce/Death_PVP.html".
[23/03/2015 16:38:37] Druidzerah Mythus has logged out.
[23/03/2015 16:39:26] Knight Mortal has logged in.
[23/03/2015 16:39:30] Biozard has logged in.
[23/03/2015 16:39:30] 
[23/03/2015 16:39:30] Lua Script Error: [CreatureScript Interface] 
[23/03/2015 16:39:31] data/creaturescripts/scripts/playerdeath.lua:onDeath
[23/03/2015 16:39:31] 
[23/03/2015 16:39:31] luaGetCreatureName(). Creature not found
[23/03/2015 16:39:31] Biozard has logged out.
[23/03/2015 16:39:38] Cronzera has logged in.
[23/03/2015 16:41:40] Knight Mortal has logged out.
[23/03/2015 16:41:44] Knight Mortal has logged in.
[23/03/2015 16:41:46] Cronzera has logged out.
[23/03/2015 16:42:13] Knight Mortal has logged out.
[23/03/2015 16:42:15] Cronzera has logged in.
[23/03/2015 16:42:15] Knight Mortal has logged in.
[23/03/2015 16:44:34] Cronzera has logged out.
[23/03/2015 16:44:37] Cronzera has logged in.
[23/03/2015 16:44:44] Cronzera has logged out.
[23/03/2015 16:45:01] Walker has logged in.
[23/03/2015 16:45:08] > Broadcasted message: "Game map cleaning in 1 minute, please pick up all your items.".
[23/03/2015 16:45:13] > Broadcasted message: "Para ver as noticias fale !notice".
[23/03/2015 16:45:38] > CLEAN: Removed 1786 items from 1191 tiles in 0.249 seconds.
[23/03/2015 16:45:39] > Broadcasted message: "Map Cleaned.".
[23/03/2015 16:47:30] Walker has logged out.
[23/03/2015 16:47:33] Walker has logged in.
[23/03/2015 16:48:44] Magezin Sapeca has logged out.
[23/03/2015 16:48:53] Tocalepaumarco has logged in.
[23/03/2015 16:52:25] Druidzerah Mythus has logged in.
[23/03/2015 16:52:28] Mr Thug has logged out.
[23/03/2015 16:53:34] > Broadcasted message: "Para ver as noticias fale !notice".
[23/03/2015 16:55:12] > Saving server...
[23/03/2015 16:55:14] > SAVE: Complete in 1.685 seconds using relational house storage.
[23/03/2015 16:55:30] Knight Mortal has logged out.
[23/03/2015 16:55:31] Knight Mortal has logged in.
[23/03/2015 16:55:54] Druidzerah Mythus has logged out.
[23/03/2015 16:55:57] Druidzerah Mythus has logged in.
[23/03/2015 16:58:12] Tocalepaumarco has logged out.
[23/03/2015 16:58:17] Magezin Sapeca has logged in.
[23/03/2015 16:59:21] Druidzerah Mythus has logged out.
[23/03/2015 17:00:32] Account Manager has logged in.
[23/03/2015 17:00:33] Account Manager has logged out.
[23/03/2015 17:01:18] Loco Sem Amigos has logged in.
[23/03/2015 17:01:49] > Broadcasted message: "Game map cleaning in 1 minute, please pick up all your items.".
[23/03/2015 17:01:55] > Broadcasted message: "Para ver as noticias fale !notice".
[23/03/2015 17:02:20] > CLEAN: Removed 536 items from 403 tiles in 0.202 seconds.
[23/03/2015 17:02:20] > Broadcasted message: "Map Cleaned.".
[23/03/2015 17:05:27] Knightzerah Mythus has logged in.
[23/03/2015 17:07:15] Druid Of Lindo has logged in.
[23/03/2015 17:09:29] Mlk Loko I has logged in.
[23/03/2015 17:09:47] Knightzerah Mythus has logged out.
[23/03/2015 17:09:49] Knightzerah Mythus has logged in.
[23/03/2015 17:10:16] > Broadcasted message: "Sempre Ao Criar Uma Conta, Pegue A RK Dela No Account Manager Da Conta E Anote, Nunca Passe A Sua Senha Para Outras Pessoas, E Ao Entrar Em Outros OT´s Crie Contas Diferentes Para Não Sofrer HACKED, Não Me Responsabilizo Por Perdas, Obrigado".
[23/03/2015 17:10:25] Knightzerah Mythus has logged out.
[23/03/2015 17:11:12] Mlk Loko I has logged out.
[23/03/2015 17:11:13] Mlk Loko I has logged in.
[23/03/2015 17:11:14] Mlk Loko I has logged out.
[23/03/2015 17:12:07] Druidzera has logged in.
[23/03/2015 17:12:24] Knightzerah Mythus has logged in.
[23/03/2015 17:13:05] Druidzera has logged out.
[23/03/2015 17:13:08] Druidzera has logged in.
[23/03/2015 17:14:24] Mlk Loko I has logged in.
[23/03/2015 17:14:28] Knightzerah Mythus has logged out.
[23/03/2015 17:15:01] Druidzerah Mythus has logged in.
[23/03/2015 17:16:06] Druidzerah Mythus has logged out.
[23/03/2015 17:16:09] Pallyzerah Mythus has logged in.
[23/03/2015 17:16:21] Pallyzerah Mythus has logged out.
[23/03/2015 17:16:25] Druidzerah Mythus has logged in.
[23/03/2015 17:17:12] Druidzerah Mythus has logged out.
[23/03/2015 17:17:21] Walker has logged out.
[23/03/2015 17:17:23] Honda has logged in.
[23/03/2015 17:18:30] > Broadcasted message: "Game map cleaning in 1 minute, please pick up all your items.".
[23/03/2015 17:18:33] > Saving server...
[23/03/2015 17:18:35] > SAVE: Complete in 2.137 seconds using relational house storage.
[23/03/2015 17:18:37] > Broadcasted message: "Sempre Ao Criar Uma Conta, Pegue A RK Dela No Account Manager Da Conta E Anote, Nunca Passe A Sua Senha Para Outras Pessoas, E Ao Entrar Em Outros OT´s Crie Contas Diferentes Para Não Sofrer HACKED, Não Me Responsabilizo Por Perdas, Obrigado".
[23/03/2015 17:19:01] > CLEAN: Removed 6248 items from 6965 tiles in 0.265 seconds.
[23/03/2015 17:19:01] > Broadcasted message: "Map Cleaned.".
[23/03/2015 17:21:19] Knight Mortal has logged out.
[23/03/2015 17:21:21] Knight Mortal has logged in.
[23/03/2015 17:22:28] Druidzera has logged out.
[23/03/2015 17:22:30] Druidzera has logged in.
[23/03/2015 17:23:49] Loco Sem Amigos has logged out.
[23/03/2015 17:23:50] Knight Mortal has logged out.
[23/03/2015 17:23:52] Loco Sem Amigos has logged in.
[23/03/2015 17:23:52] Mago Nefasto has logged in.
[23/03/2015 17:24:10] Mago Nefasto has logged out.
[23/03/2015 17:24:12] Knight Mortal has logged in.
[23/03/2015 17:24:16] Druidzera has logged out.
[23/03/2015 17:24:18] Druidzera has logged in.
[23/03/2015 17:24:39] Magezin Sapeca has logged out.
[23/03/2015 17:25:05] Knight Mortal has logged out.
[23/03/2015 17:25:07] 
[23/03/2015 17:25:07] Lua Script Error: [CreatureScript Interface] 
[23/03/2015 17:25:08] data/creaturescripts/scripts/playerdeath.lua:onDeath
[23/03/2015 17:25:08] 
[23/03/2015 17:25:08] luaGetCreatureName(). Creature not found
[23/03/2015 17:25:09] Druidzera has logged out.
[23/03/2015 17:25:10] Knight Mortal has logged in.
[23/03/2015 17:25:11] Druidzera has logged in.
[23/03/2015 17:25:15] Magezin Sapeca has logged in.
[23/03/2015 17:25:22] Knight Mortal has logged out.
[23/03/2015 17:25:24] Knight Mortal has logged in.
[23/03/2015 17:26:33] Loco Sem Amigos has logged out.
[23/03/2015 17:26:42] Loco Sem Amigos has logged in.
[23/03/2015 17:26:44] Druid Of Lindo has logged out.
[23/03/2015 17:26:58] > Broadcasted message: "Para ver as noticias fale !notice".
[23/03/2015 17:28:01] Druidzera has logged out.
[23/03/2015 17:28:03] Druidzera has logged in.
[23/03/2015 17:28:57] Knight Mortal has logged out.
[23/03/2015 17:28:58] Druidzera has logged out.
[23/03/2015 17:28:59] Knight Mortal has logged in.
[23/03/2015 17:29:00] Honda has logged out.
[23/03/2015 17:29:01] Druidzera has logged in.
[23/03/2015 17:29:04] Honda has logged in.
[23/03/2015 17:29:22] Honda has logged out.
[23/03/2015 17:29:51] Druidzera has logged out.
[23/03/2015 17:29:53] Druidzera has logged in.
[23/03/2015 17:30:28] Honda has logged in.
[23/03/2015 17:32:53] Magezin Sapeca has logged out.
[23/03/2015 17:33:05] Druidzera has logged out.
[23/03/2015 17:33:06] Druid Of Lindo has logged in.
[23/03/2015 17:33:07] Druidzera has logged in.
[23/03/2015 17:35:11] > Broadcasted message: "Game map cleaning in 1 minute, please pick up all your items.".
[23/03/2015 17:35:19] > Broadcasted message: "Novo CLIENTE = http://www.4shared.com/rar/cfxSV4o7ce/Death_PVP.html".
[23/03/2015 17:35:42] > CLEAN: Removed 3521 items from 4365 tiles in 0.565 seconds.
[23/03/2015 17:35:43] > Broadcasted message: "Map Cleaned.".
[23/03/2015 17:36:26] Druidzerah Mythus has logged in.
[23/03/2015 17:39:04] Druidzerah Mythus has logged out.
[23/03/2015 17:41:54] > Saving server...
[23/03/2015 17:41:57] > SAVE: Complete in 2.388 seconds using relational house storage.
[23/03/2015 17:43:40] > Broadcasted message: "Sempre Ao Criar Uma Conta, Pegue A RK Dela No Account Manager Da Conta E Anote, Nunca Passe A Sua Senha Para Outras Pessoas, E Ao Entrar Em Outros OT´s Crie Contas Diferentes Para Não Sofrer HACKED, Não Me Responsabilizo Por Perdas, Obrigado".
[23/03/2015 17:43:47] Druidzera has logged out.
[23/03/2015 17:43:52] Druidzera has logged in.
[23/03/2015 17:44:47] Druid Of Lindo has logged out.
[23/03/2015 17:44:51] Druid Of Lindo has logged in.
[23/03/2015 17:44:54] Tibbers has logged in.
[23/03/2015 17:47:01] Tibbers has logged out.
[23/03/2015 17:48:08] Honda has logged out.
[23/03/2015 17:48:39] Knightzerah Mythus has logged in.
[23/03/2015 17:49:44] Brumm-bromm has logged in.
[23/03/2015 17:51:25] Druidzera has logged out.
[23/03/2015 17:51:27] Pallyzin has logged in.
[23/03/2015 17:51:50] Pallyzin has logged out.
[23/03/2015 17:51:52] > Broadcasted message: "Game map cleaning in 1 minute, please pick up all your items.".
[23/03/2015 17:51:53] Druidzera has logged in.
[23/03/2015 17:52:01] > Broadcasted message: "Sempre Ao Criar Uma Conta, Pegue A RK Dela No Account Manager Da Conta E Anote, Nunca Passe A Sua Senha Para Outras Pessoas, E Ao Entrar Em Outros OT´s Crie Contas Diferentes Para Não Sofrer HACKED, Não Me Responsabilizo Por Perdas, Obrigado".
[23/03/2015 17:52:23] > CLEAN: Removed 7404 items from 5598 tiles in 0.633 seconds.
[23/03/2015 17:52:23] > Broadcasted message: "Map Cleaned.".
[23/03/2015 17:52:24] Druidzerah Mythus has logged in.
[23/03/2015 17:55:47] Kanguru Pally has logged in.
[23/03/2015 17:56:27] Druidzera has logged out.
[23/03/2015 17:56:33] Mlk Loko I has logged out.
[23/03/2015 17:56:35] Druidzera has logged in.
[23/03/2015 17:57:46] Knight Mortal has logged out.
[23/03/2015 17:58:14] Kanguru Mage has logged in.
[23/03/2015 18:00:11] Loco Sem Amigos has logged out.
[23/03/2015 18:00:16] Loco Sem Amigos has logged in.
[23/03/2015 18:00:22] > Broadcasted message: "Sempre Ao Criar Uma Conta, Pegue A RK Dela No Account Manager Da Conta E Anote, Nunca Passe A Sua Senha Para Outras Pessoas, E Ao Entrar Em Outros OT´s Crie Contas Diferentes Para Não Sofrer HACKED, Não Me Responsabilizo Por Perdas, Obrigado".
[23/03/2015 18:04:55] Druidzera has logged out.
[23/03/2015 18:04:58] Druidzera has logged in.
[23/03/2015 18:05:14] Druidzera has logged out.
[23/03/2015 18:05:15] > Saving server...
[23/03/2015 18:05:20] > SAVE: Complete in 4.985 seconds using relational house storage.
[23/03/2015 18:05:25] Druidzera has logged in.
[23/03/2015 18:05:29] Loco Sem Amigos has logged out.
[23/03/2015 18:05:31] Loco Sem Amigos has logged in.
[23/03/2015 18:05:55] Knightzerah Mythus has logged out.
[23/03/2015 18:06:19] Account Manager has logged in.
[23/03/2015 18:07:24] Brumm-bromm has logged out.
[23/03/2015 18:08:09] Account Manager has logged out.
[23/03/2015 18:08:25] Kanguru Pally has logged out.
[23/03/2015 18:08:33] > Broadcasted message: "Game map cleaning in 1 minute, please pick up all your items.".
[23/03/2015 18:08:35] Kanguru Jack has logged in.
[23/03/2015 18:08:43] > Broadcasted message: "Para ver as noticias fale !notice".
[23/03/2015 18:09:04] > CLEAN: Removed 7326 items from 4436 tiles in 1.17 seconds.
[23/03/2015 18:09:05] > Broadcasted message: "Map Cleaned.".
[23/03/2015 18:10:13] Knightzerah Mythus has logged in.
[23/03/2015 18:10:23] Knightzerah Mythus has logged out.
[23/03/2015 18:10:25] Account Manager has logged in.
[23/03/2015 18:11:15] Account Manager has logged out.
[23/03/2015 18:11:32] Cronzera has logged in.
[23/03/2015 18:12:47] Xerath has logged in.
[23/03/2015 18:13:03] Druidzera has logged out.
[23/03/2015 18:13:05] Druidzera has logged in.
[23/03/2015 18:13:10] Druidzera has logged out.
[23/03/2015 18:13:32] Druidzera has logged in.
[23/03/2015 18:13:54] Druid Of Lindo has logged out.
[23/03/2015 18:13:57] Cronzera has logged out.
[23/03/2015 18:13:58] Druid Of Lindo has logged in.
[23/03/2015 18:13:59] Account Manager has logged in.
[23/03/2015 18:14:27] Account Manager has logged out.
[23/03/2015 18:14:43] Knightzerah Mythus has logged in.
[23/03/2015 18:16:12] Loco Sem Amigos has logged out.
[23/03/2015 18:17:04] > Broadcasted message: "Para comprar bless digite !bless".
[23/03/2015 18:17:40] Druidzera has logged out.
[23/03/2015 18:17:44] Druidzera has logged in.
[23/03/2015 18:21:14] Loco Sem Amigos has logged in.
[23/03/2015 18:22:18] Druidzera has logged out.
[23/03/2015 18:22:20] Pallyzin has logged in.
[23/03/2015 18:22:39] Pallyzin has logged out.
[23/03/2015 18:22:41] Druidzera has logged in.
[23/03/2015 18:23:44] Loco Sem Amigos has logged out.
[23/03/2015 18:24:53] Druidzera has logged out.
[23/03/2015 18:24:55] Pallyzin has logged in.
[23/03/2015 18:25:14] > Broadcasted message: "Game map cleaning in 1 minute, please pick up all your items.".
[23/03/2015 18:25:25] > Broadcasted message: "Novo CLIENTE = http://www.4shared.com/rar/cfxSV4o7ce/Death_PVP.html".
[23/03/2015 18:25:45] > CLEAN: Removed 15858 items from 7933 tiles in 0.909 seconds.
[23/03/2015 18:25:46] > Broadcasted message: "Map Cleaned.".
[23/03/2015 18:26:34] Loco Sem Amigos has logged in.
[23/03/2015 18:28:36] > Saving server...
[23/03/2015 18:28:38] > SAVE: Complete in 2.337 seconds using relational house storage.
[23/03/2015 18:28:53] Pallyzin has logged out.
[23/03/2015 18:28:55] Pallyzin has logged in.
[23/03/2015 18:29:24] Knight has logged in.
[23/03/2015 18:33:46] > Broadcasted message: "Novo CLIENTE = http://www.4shared.com/rar/cfxSV4o7ce/Death_PVP.html".
[23/03/2015 18:34:43] Knightzerah Mythus has logged out.
[23/03/2015 18:34:45] Account Manager has logged in.
[23/03/2015 18:35:06] Account Manager has logged out.
[23/03/2015 18:35:16] Account Manager has logged in.
[23/03/2015 18:35:21] Knight has logged out.
[23/03/2015 18:35:33] Knight Mortal has logged in.
[23/03/2015 18:36:20] Loco Sem Amigos has logged out.
[23/03/2015 18:36:24] Account Manager has logged out.
[23/03/2015 18:36:45] Pallyzin has logged out.
[23/03/2015 18:36:47] Pallyzin has logged in.
[23/03/2015 18:36:55] Knight Mortal has logged out.
[23/03/2015 18:36:57] Pallyzin has logged out.
[23/03/2015 18:37:00] Loco Sem Amigos has logged in.
[23/03/2015 18:37:04] Knight has logged in.
[23/03/2015 18:37:13] Account Manager has logged in.
[23/03/2015 18:37:21] Druidzera has logged in.
[23/03/2015 18:37:51] Druidzera has logged out.
[23/03/2015 18:37:54] Pallyzin has logged in.
[23/03/2015 18:37:56] Account Manager has logged in.
[23/03/2015 18:38:13] Account Manager has logged out.
[23/03/2015 18:38:17] Account Manager has logged out.
[23/03/2015 18:39:02] Sofoda has logged in.
[23/03/2015 18:39:08] Sofoda has logged out.
[23/03/2015 18:39:10] Account Manager has logged in.
[23/03/2015 18:39:33] Account Manager has logged out.
[23/03/2015 18:39:46] Sofoda has logged in.
[23/03/2015 18:41:01] Druidzerah Mythus has logged out.
[23/03/2015 18:41:18] Knightzerah Mythus has logged in.
[23/03/2015 18:41:55] > Broadcasted message: "Game map cleaning in 1 minute, please pick up all your items.".
[23/03/2015 18:42:07] > Broadcasted message: "Sempre Ao Criar Uma Conta, Pegue A RK Dela No Account Manager Da Conta E Anote, Nunca Passe A Sua Senha Para Outras Pessoas, E Ao Entrar Em Outros OT´s Crie Contas Diferentes Para Não Sofrer HACKED, Não Me Responsabilizo Por Perdas, Obrigado".
[23/03/2015 18:42:26] > CLEAN: Removed 16810 items from 8369 tiles in 0.739 seconds.
[23/03/2015 18:42:27] > Broadcasted message: "Map Cleaned.".
[23/03/2015 18:42:27] Skize Da Xurupita has logged in.
[23/03/2015 18:42:28] Skize Da Xurupita has logged out.
[23/03/2015 18:43:01] Skise Da Xurupita has logged in.
[23/03/2015 18:43:11] Skise Da Xurupita has logged out.
[23/03/2015 18:43:18] Druidzerah Mythus has logged in.
[23/03/2015 18:45:33] Account Manager has logged in.
[23/03/2015 18:45:59] Account Manager has logged out.
[23/03/2015 18:46:01] Account Manager has logged in.
[23/03/2015 18:46:01] Account Manager has logged out.
[23/03/2015 18:46:41] Knight Mortal has logged in.
[23/03/2015 18:46:49] Sofoda has logged out.
[23/03/2015 18:46:57] Haas has logged in.
[23/03/2015 18:50:28] > Broadcasted message: "Para ver as noticias fale !notice".
[23/03/2015 18:50:54] Knight Mortal has logged out.
[23/03/2015 18:50:56] Knight Mortal has logged in.
[23/03/2015 18:51:25] Knight Mortal has logged out.
[23/03/2015 18:51:27] Knight Mortal has logged in.
[23/03/2015 18:51:57] > Saving server...
[23/03/2015 18:52:00] > SAVE: Complete in 2.692 seconds using relational house storage.
[23/03/2015 18:52:24] Knight Mortal has logged out.
[23/03/2015 18:52:26] Knight Mortal has logged in.
[23/03/2015 18:53:25] Druid Of Lindo has logged out.
[23/03/2015 18:54:12] Loco Sem Amigos has logged out.
[23/03/2015 18:56:04] Kanguru Mage has logged out.
[23/03/2015 18:56:34] Kanguru Mage has logged in.
[23/03/2015 18:57:19] Knight has logged out.
[23/03/2015 18:58:20] Kanguru Jack has logged out.
[23/03/2015 18:58:36] > Broadcasted message: "Game map cleaning in 1 minute, please pick up all your items.".
[23/03/2015 18:58:49] > Broadcasted message: "Sempre Ao Criar Uma Conta, Pegue A RK Dela No Account Manager Da Conta E Anote, Nunca Passe A Sua Senha Para Outras Pessoas, E Ao Entrar Em Outros OT´s Crie Contas Diferentes Para Não Sofrer HACKED, Não Me Responsabilizo Por Perdas, Obrigado".
[23/03/2015 18:59:00] Kanguru Jack has logged in.
[23/03/2015 18:59:07] > CLEAN: Removed 17974 items from 8498 tiles in 0.691 seconds.
[23/03/2015 18:59:08] > Broadcasted message: "Map Cleaned.".
[23/03/2015 18:59:58] Honda has logged in.
[23/03/2015 18:59:59] Honda has logged out.
[23/03/2015 19:00:09] Druidzerah Mythus has logged out.
[23/03/2015 19:00:09] Pallyzerah Mythus has logged in.
[23/03/2015 19:00:18] Pallyzerah Mythus has logged out.
[23/03/2015 19:00:20] Druidzerah Mythus has logged in.
[23/03/2015 19:03:16] Pallyzin has logged out.
[23/03/2015 19:03:36] Knightzerah Mythus has logged out.
[23/03/2015 19:03:41] Knightzerah Mythus has logged in.
[23/03/2015 19:05:56] Druidzerah Mythus has logged out.
[23/03/2015 19:05:57] Account Manager has logged in.
[23/03/2015 19:06:11] Account Manager has logged out.
[23/03/2015 19:06:19] Druidzerah Mythus has logged in.
[23/03/2015 19:07:10] > Broadcasted message: "Novo CLIENTE = http://www.4shared.com/rar/cfxSV4o7ce/Death_PVP.html".
[23/03/2015 19:08:25] Knightzerah Mythus has logged out.
[23/03/2015 19:12:55] Xerath has logged out.
[23/03/2015 19:13:56] Xerath has logged in.
[23/03/2015 19:14:50] Druidzerah Mythus has logged out.
[23/03/2015 19:15:17] > Broadcasted message: "Game map cleaning in 1 minute, please pick up all your items.".
[23/03/2015 19:15:18] > Saving server...
[23/03/2015 19:15:20] > SAVE: Complete in 2.095 seconds using relational house storage.
[23/03/2015 19:15:21] Druidzerah Mythus has logged in.
[23/03/2015 19:15:31] > Broadcasted message: "Novo CLIENTE = http://www.4shared.com/rar/cfxSV4o7ce/Death_PVP.html".
[23/03/2015 19:15:48] > CLEAN: Removed 16419 items from 7693 tiles in 0.619 seconds.
[23/03/2015 19:15:48] > Broadcasted message: "Map Cleaned.".
[23/03/2015 19:19:15] Xerath has logged out.
[23/03/2015 19:19:17] Xerath has logged in.
[23/03/2015 19:19:28] Knight Mortal has logged out.
[23/03/2015 19:19:30] Knight Mortal has logged in.
[23/03/2015 19:19:43] Druid Of Lindo has logged in.
[23/03/2015 19:20:09] Honda has logged in.
[23/03/2015 19:23:52] > Broadcasted message: "Novo CLIENTE = http://www.4shared.com/rar/cfxSV4o7ce/Death_PVP.html".
[23/03/2015 19:24:52] Kanguru Jack has logged out.
[23/03/2015 19:25:13] Kanguru Mage has logged out.
[23/03/2015 19:26:45] Kanguru Jack has logged in.
[23/03/2015 19:28:27] Loco Sem Amigos has logged in.
[23/03/2015 19:30:02] Honda has logged out.
[23/03/2015 19:30:03] Honda has logged in.
[23/03/2015 19:30:40] Honda has logged out.
[23/03/2015 19:30:41] Honda has logged in.
[23/03/2015 19:31:06] Honda has logged out.
[23/03/2015 19:31:07] Honda has logged in.
[23/03/2015 19:31:58] > Broadcasted message: "Game map cleaning in 1 minute, please pick up all your items.".
[23/03/2015 19:32:13] > Broadcasted message: "Novo CLIENTE = http://www.4shared.com/rar/cfxSV4o7ce/Death_PVP.html".
[23/03/2015 19:32:29] > CLEAN: Removed 12514 items from 8071 tiles in 0.375 seconds.
[23/03/2015 19:32:29] > Broadcasted message: "Map Cleaned.".
[23/03/2015 19:32:31] Knightzerah Mythus has logged in.
[23/03/2015 19:33:18] Haas has logged out.
[23/03/2015 19:33:19] Haas has logged in.
[23/03/2015 19:36:05] Druid Of Lindo has logged out.
[23/03/2015 19:37:32] Sofoda has logged in.
[23/03/2015 19:38:01] Honda has logged out.
[23/03/2015 19:38:02] Honda has logged in.
[23/03/2015 19:38:39] > Saving server...
[23/03/2015 19:38:42] > SAVE: Complete in 2.645 seconds using relational house storage.
[23/03/2015 19:40:34] > Broadcasted message: "Para ver as noticias fale !notice".
[23/03/2015 19:43:57] Druid Do Torro has logged in.
[23/03/2015 19:44:02] Haas has logged out.
[23/03/2015 19:44:08] Hashi has logged in.
[23/03/2015 19:44:51] Loco Sem Amigos has logged out.
[23/03/2015 19:45:59] Honda has logged out.
[23/03/2015 19:46:03] Account Manager has logged in.
[23/03/2015 19:46:30] Account Manager has logged out.
[23/03/2015 19:46:33] Account Manager has logged in.
[23/03/2015 19:46:54] Account Manager has logged out.
[23/03/2015 19:46:59] Hashi has logged out.
[23/03/2015 19:47:01] Account Manager has logged in.
[23/03/2015 19:47:01] Haas has logged in.
[23/03/2015 19:47:22] Account Manager has logged out.
[23/03/2015 19:47:32] Skiller has logged in.
[23/03/2015 19:48:39] > Broadcasted message: "Game map cleaning in 1 minute, please pick up all your items.".
[23/03/2015 19:48:55] > Broadcasted message: "Para ver as noticias fale !notice".
[23/03/2015 19:49:10] > CLEAN: Removed 7222 items from 7201 tiles in 0.627 seconds.
[23/03/2015 19:49:11] > Broadcasted message: "Map Cleaned.".
[23/03/2015 19:49:20] Haas has logged out.
[23/03/2015 19:49:21] Haas has logged in.
[23/03/2015 19:49:22] Haas has logged out.
[23/03/2015 19:51:09] Xerath has logged out.
[23/03/2015 19:51:12] Account Manager has logged in.
[23/03/2015 19:51:34] Account Manager has logged out.
[23/03/2015 19:51:42] Kinaa has logged in.
[23/03/2015 19:53:18] Druid Do Torro has logged out.
[23/03/2015 19:57:16] > Broadcasted message: "Sempre Ao Criar Uma Conta, Pegue A RK Dela No Account Manager Da Conta E Anote, Nunca Passe A Sua Senha Para Outras Pessoas, E Ao Entrar Em Outros OT´s Crie Contas Diferentes Para Não Sofrer HACKED, Não Me Responsabilizo Por Perdas, Obrigado".
[23/03/2015 20:00:17] Druidzera has logged in.
[23/03/2015 20:00:21] Druidzera has logged out.
[23/03/2015 20:00:23] Pallyzin has logged in.
[23/03/2015 20:01:28] Kinaa has logged out.
[23/03/2015 20:01:30] Kinaa has logged in.
[23/03/2015 20:02:00] > Saving server...
[23/03/2015 20:02:02] > SAVE: Complete in 2.212 seconds using relational house storage.
[23/03/2015 20:02:17] Nirvana has logged in.
[23/03/2015 20:02:23] Nirvana has logged out.
[23/03/2015 20:02:44] Account Manager has logged in.
[23/03/2015 20:03:01] Account Manager has logged out.
[23/03/2015 20:03:10] Mage Ziika has logged in.
[23/03/2015 20:04:31] Mage Ziika has logged out.
[23/03/2015 20:05:20] > Broadcasted message: "Game map cleaning in 1 minute, please pick up all your items.".
[23/03/2015 20:05:37] > Broadcasted message: "Novo CLIENTE = http://www.4shared.com/rar/cfxSV4o7ce/Death_PVP.html".
[23/03/2015 20:05:51] > CLEAN: Removed 736 items from 881 tiles in 0.348 seconds.
[23/03/2015 20:05:52] > Broadcasted message: "Map Cleaned.".
[23/03/2015 20:06:16] Kinaa has logged out.
[23/03/2015 20:06:17] Kinaa has logged in.
[23/03/2015 20:06:35] Kinaa has logged out.
[23/03/2015 20:06:37] Kinaa has logged in.
[23/03/2015 20:09:57] Pallyzin has logged out.
[23/03/2015 20:10:09] Knight Mortal has logged out.
[23/03/2015 20:11:49] Skiller has logged out.
[23/03/2015 20:13:58] > Broadcasted message: "Novo CLIENTE = http://www.4shared.com/rar/cfxSV4o7ce/Death_PVP.html".
[23/03/2015 20:14:38] Knightzerah Mythus has logged out.
[23/03/2015 20:16:16] Sofoda has logged out.
[23/03/2015 20:16:18] Account Manager has logged in.
[23/03/2015 20:18:16] Kinaa has logged out.
[23/03/2015 20:18:23] Account Manager has logged out.
[23/03/2015 20:18:28] Account Manager has logged in.
[23/03/2015 20:18:29] Kanguru Jack has logged out.
[23/03/2015 20:19:19] Pallyzin has logged in.
[23/03/2015 20:20:33] Account Manager has logged out.
[23/03/2015 20:21:44] Druidzerah Mythus has logged out.
[23/03/2015 20:21:50] Sofoda has logged in.
[23/03/2015 20:22:01] > Broadcasted message: "Game map cleaning in 1 minute, please pick up all your items.".
[23/03/2015 20:22:13] Knight Furiozo has logged in.
[23/03/2015 20:22:17] Skiller has logged in.
[23/03/2015 20:22:19] > Broadcasted message: "Para comprar bless digite !bless".
[23/03/2015 20:22:29] Account Manager has logged in.
[23/03/2015 20:22:32] Knightzerah Mythus has logged in.
[23/03/2015 20:22:33] > CLEAN: Removed 363 items from 358 tiles in 0.285 seconds.
[23/03/2015 20:22:33] > Broadcasted message: "Map Cleaned.".
[23/03/2015 20:23:12] Knight Furiozo has logged out.
[23/03/2015 20:23:15] Account Manager has logged in.
[23/03/2015 20:24:36] Account Manager has logged out.
[23/03/2015 20:24:39] Skiller has logged out.
[23/03/2015 20:24:40] Account Manager has logged in.
[23/03/2015 20:24:41] Skiller has logged in.
[23/03/2015 20:25:07] Account Manager has logged out.
[23/03/2015 20:25:15] Hashi has logged in.
[23/03/2015 20:25:21] > Saving server...
[23/03/2015 20:25:24] > SAVE: Complete in 2.124 seconds using relational house storage.
[23/03/2015 20:25:50] Hashi has logged out.
[23/03/2015 20:25:53] Haas has logged in.
[23/03/2015 20:26:26] Account Manager has logged out.
[23/03/2015 20:26:36] Honda has logged in.
[23/03/2015 20:29:16] Knightzerah Mythus has logged out.
[23/03/2015 20:29:43] Sofoda has logged out.
[23/03/2015 20:30:35] Sofoda has logged in.
[23/03/2015 20:30:40] > Broadcasted message: "Novo CLIENTE = http://www.4shared.com/rar/cfxSV4o7ce/Death_PVP.html".
[23/03/2015 20:32:37] Druidzerah Mythus has logged in.
[23/03/2015 20:32:55] Knightzerah Mythus has logged in.
[23/03/2015 20:33:17] Druidzerah Mythus has logged out.
[23/03/2015 20:33:21] Druidzerah Mythus has logged in.
[23/03/2015 20:33:39] Druidzerah Mythus has logged out.
[23/03/2015 20:33:43] Druidzerah Mythus has logged in.
[23/03/2015 20:33:54] Druidzerah Mythus has logged out.
[23/03/2015 20:34:21] Druidzerah Mythus has logged in.
[23/03/2015 20:34:33] Druidzerah Mythus has logged out.
[23/03/2015 20:34:36] Druidzerah Mythus has logged in.
[23/03/2015 20:34:37] Cheguei No Pistao has logged in.
[23/03/2015 20:34:49] Druidzerah Mythus has logged out.
[23/03/2015 20:34:51] Druidzerah Mythus has logged in.
[23/03/2015 20:35:08] Haas has logged out.
[23/03/2015 20:35:14] Haas has logged in.
[23/03/2015 20:36:45] Honda has logged out.
[23/03/2015 20:36:49] Honda has logged in.
[23/03/2015 20:37:19] Druidzerah Mythus has logged out.
[23/03/2015 20:37:20] Druidzerah Mythus has logged in.
[23/03/2015 20:38:42] > Broadcasted message: "Game map cleaning in 1 minute, please pick up all your items.".
[23/03/2015 20:39:01] > Broadcasted message: "Para comprar bless digite !bless".
[23/03/2015 20:39:13] > CLEAN: Removed 2083 items from 1099 tiles in 0.27 seconds.
[23/03/2015 20:39:13] > Broadcasted message: "Map Cleaned.".
[23/03/2015 20:40:32] Druidzerah Mythus has logged out.
[23/03/2015 20:40:35] Druidzerah Mythus has logged in.
[23/03/2015 20:41:37] Druidzerah Mythus has logged out.
[23/03/2015 20:41:44] Druidzerah Mythus has logged in.
[23/03/2015 20:41:49] Honda has logged out.
[23/03/2015 20:41:50] Haas has logged out.
[23/03/2015 20:41:54] Haas has logged in.
[23/03/2015 20:41:55] Knightzerah Mythus has logged out.
[23/03/2015 20:42:00] Knightzerah Mythus has logged in.
[23/03/2015 20:42:02] Honda has logged in.
[23/03/2015 20:42:54] Knightzerah Mythus has logged out.
[23/03/2015 20:42:59] Account Manager has logged in.
[23/03/2015 20:43:06] Account Manager has logged out.
[23/03/2015 20:43:10] Knightzerah Mythus has logged in.
[23/03/2015 20:44:09] Druidzerah Mythus has logged out.
[23/03/2015 20:44:32] Druidzerah Mythus has logged in.
[23/03/2015 20:44:53] Druidzerah Mythus has logged out.
[23/03/2015 20:44:59] Druidzerah Mythus has logged in.
[23/03/2015 20:45:14] Druidzerah Mythus has logged out.
[23/03/2015 20:45:17] Druidzerah Mythus has logged in.
[23/03/2015 20:45:32] Druidzerah Mythus has logged out.
[23/03/2015 20:45:39] Druidzerah Mythus has logged in.
[23/03/2015 20:45:51] Honda has logged out.
[23/03/2015 20:46:05] Honda has logged in.
[23/03/2015 20:47:22] > Broadcasted message: "Novo CLIENTE = http://www.4shared.com/rar/cfxSV4o7ce/Death_PVP.html".
[23/03/2015 20:47:52] Sofoda has logged out.
[23/03/2015 20:48:04] Sofoda has logged in.
[23/03/2015 20:48:42] > Saving server...
[23/03/2015 20:48:45] > SAVE: Complete in 2.198 seconds using relational house storage.
[23/03/2015 20:50:05] Druidzerah Mythus has logged out.
[23/03/2015 20:50:12] Druidzerah Mythus has logged in.
[23/03/2015 20:51:30] Hiroshi has logged in.
[23/03/2015 20:53:58] Druidzerah Mythus has logged out.
[23/03/2015 20:54:23] Druidzerah Mythus has logged in.
[23/03/2015 20:54:44] Skiller has logged out.
[23/03/2015 20:54:47] Skiller has logged in.
[23/03/2015 20:55:23] > Broadcasted message: "Game map cleaning in 1 minute, please pick up all your items.".
[23/03/2015 20:55:43] > Broadcasted message: "Sempre Ao Criar Uma Conta, Pegue A RK Dela No Account Manager Da Conta E Anote, Nunca Passe A Sua Senha Para Outras Pessoas, E Ao Entrar Em Outros OT´s Crie Contas Diferentes Para Não Sofrer HACKED, Não Me Responsabilizo Por Perdas, Obrigado".
[23/03/2015 20:55:53] > CLEAN: Removed 162 items from 175 tiles in 0.234 seconds.
[23/03/2015 20:55:54] > Broadcasted message: "Map Cleaned.".
[23/03/2015 20:57:32] Druidzerah Mythus has logged out.
[23/03/2015 20:57:41] Druidzerah Mythus has logged in.
[23/03/2015 20:58:18] Druidzerah Mythus has logged out.
[23/03/2015 20:58:19] Hiroshi has logged out.
[23/03/2015 20:59:09] Druidzerah Mythus has logged in.
[23/03/2015 21:01:32] Druidzerah Mythus has logged out.
[23/03/2015 21:02:33] Druidzerah Mythus has logged in.
[23/03/2015 21:02:54] Druidzerah Mythus has logged out.
[23/03/2015 21:02:57] Druidzerah Mythus has logged in.
[23/03/2015 21:03:21] Druidzerah Mythus has logged out.
[23/03/2015 21:03:23] Druidzerah Mythus has logged in.
[23/03/2015 21:03:44] Druidzerah Mythus has logged out.
[23/03/2015 21:03:53] Druidzerah Mythus has logged in.
[23/03/2015 21:04:04] > Broadcasted message: "Para comprar bless digite !bless".
[23/03/2015 21:06:20] Pallyzin has logged out.
[23/03/2015 21:07:52] Pallyzin has logged in.
[23/03/2015 21:07:55] Druidzerah Mythus has logged out.
[23/03/2015 21:08:10] Druidzerah Mythus has logged in.
[23/03/2015 21:09:10] Knightzerah Mythus has logged out.
[23/03/2015 21:10:28] Druidzerah Mythus has logged out.
[23/03/2015 21:10:50] Druidzerah Mythus has logged in.
[23/03/2015 21:11:12] Sofoda has logged out.
[23/03/2015 21:11:18] Sofoda has logged in.
[23/03/2015 21:12:03] > Saving server...
[23/03/2015 21:12:05] > SAVE: Complete in 2.074 seconds using relational house storage.
[23/03/2015 21:12:05] > Broadcasted message: "Game map cleaning in 1 minute, please pick up all your items.".
[23/03/2015 21:12:25] > Broadcasted message: "Novo CLIENTE = http://www.4shared.com/rar/cfxSV4o7ce/Death_PVP.html".
[23/03/2015 21:12:36] > CLEAN: Removed 170 items from 181 tiles in 0.242 seconds.
[23/03/2015 21:12:36] > Broadcasted message: "Map Cleaned.".
[23/03/2015 21:16:09] Druidzerah Mythus has logged out.
[23/03/2015 21:18:31] Sofoda has logged out.
[23/03/2015 21:18:34] Sofoda has logged in.
[23/03/2015 21:19:29] Druidzerah Mythus has logged in.
[23/03/2015 21:20:46] > Broadcasted message: "Novo CLIENTE = http://www.4shared.com/rar/cfxSV4o7ce/Death_PVP.html".
[23/03/2015 21:23:40] Druidzerah Mythus has logged out.
[23/03/2015 21:24:00] Druidzerah Mythus has logged in.
[23/03/2015 21:25:21] Druidzerah Mythus has logged out.
[23/03/2015 21:25:26] Druidzerah Mythus has logged in.
[23/03/2015 21:25:37] Druidzerah Mythus has logged out.
[23/03/2015 21:25:39] Druidzerah Mythus has logged in.
[23/03/2015 21:25:54] Druidzerah Mythus has logged out.
[23/03/2015 21:25:55] Honda has logged out.
[23/03/2015 21:26:01] Honda has logged in.
[23/03/2015 21:26:04] Honda has logged out.
[23/03/2015 21:26:05] Honda has logged in.
[23/03/2015 21:26:06] Honda has logged out.
[23/03/2015 21:26:18] Brother has logged in.
[23/03/2015 21:26:38] Druidzerah Mythus has logged in.
[23/03/2015 21:26:58] Druidzerah Mythus has logged out.
[23/03/2015 21:27:00] Druidzerah Mythus has logged in.
[23/03/2015 21:27:05] Pallyzin has logged out.
[23/03/2015 21:27:07] Pallyzin has logged in.
[23/03/2015 21:27:19] Haas has logged out.
[23/03/2015 21:27:21] Haas has logged in.
[23/03/2015 21:27:21] Haas has logged out.
[23/03/2015 21:27:38] Haas has logged in.
[23/03/2015 21:28:46] > Broadcasted message: "Game map cleaning in 1 minute, please pick up all your items.".
[23/03/2015 21:29:07] > Broadcasted message: "Sempre Ao Criar Uma Conta, Pegue A RK Dela No Account Manager Da Conta E Anote, Nunca Passe A Sua Senha Para Outras Pessoas, E Ao Entrar Em Outros OT´s Crie Contas Diferentes Para Não Sofrer HACKED, Não Me Responsabilizo Por Perdas, Obrigado".
[23/03/2015 21:29:16] > CLEAN: Removed 229 items from 193 tiles in 0.221 seconds.
[23/03/2015 21:29:17] > Broadcasted message: "Map Cleaned.".
[23/03/2015 21:29:54] Cheguei No Pistao has logged out.
[23/03/2015 21:29:55] 
[23/03/2015 21:29:55] Lua Script Error: [Spell Interface] 
[23/03/2015 21:29:55] in a timer event called from: 
[23/03/2015 21:29:55] data/spells/scripts/max power rune.lua:onCastSpell
[23/03/2015 21:29:55] 
[23/03/2015 21:29:55] luaDoCombat(). Creature not found
[23/03/2015 21:29:55] 
[23/03/2015 21:29:55] Lua Script Error: [Spell Interface] 
[23/03/2015 21:29:56] in a timer event called from: 
[23/03/2015 21:29:56] data/spells/scripts/max power rune.lua:onCastSpell
[23/03/2015 21:29:56] 
[23/03/2015 21:29:56] luaDoCombat(). Creature not found
[23/03/2015 21:29:56] 
[23/03/2015 21:29:56] Lua Script Error: [Spell Interface] 
[23/03/2015 21:29:56] in a timer event called from: 
[23/03/2015 21:29:57] data/spells/scripts/max power rune.lua:onCastSpell
[23/03/2015 21:29:57] 
[23/03/2015 21:29:57] luaDoCombat(). Creature not found
[23/03/2015 21:29:57] 
[23/03/2015 21:29:57] Lua Script Error: [Spell Interface] 
[23/03/2015 21:29:57] in a timer event called from: 
[23/03/2015 21:29:58] data/spells/scripts/max power rune.lua:onCastSpell
[23/03/2015 21:29:58] 
[23/03/2015 21:29:58] luaDoCombat(). Creature not found
[23/03/2015 21:29:59] Cheguei No Pistao has logged in.
[23/03/2015 21:30:03] Druidzerah Mythus has logged out.
[23/03/2015 21:30:13] Skiller has logged out.
[23/03/2015 21:30:16] Skiller has logged in.
[23/03/2015 21:30:59] Druidzerah Mythus has logged in.
[23/03/2015 21:31:54] Druidzerah Mythus has logged out.
[23/03/2015 21:32:01] Druidzerah Mythus has logged in.
[23/03/2015 21:32:17] Brother has logged out.
[23/03/2015 21:32:18] Druidzerah Mythus has logged out.
[23/03/2015 21:32:22] Druidzerah Mythus has logged in.
[23/03/2015 21:33:30] Sofoda has logged out.
[23/03/2015 21:33:33] Sofoda has logged in.
[23/03/2015 21:33:37] Cheguei No Pistao has logged out.
[23/03/2015 21:33:39] Cheguei No Pistao has logged in.
[23/03/2015 21:33:57] Druidzerah Mythus has logged out.
[23/03/2015 21:33:59] Cheguei No Pistao has logged out.
[23/03/2015 21:34:03] Cheguei No Pistao has logged in.
[23/03/2015 21:35:21] Pallyzin has logged out.
[23/03/2015 21:35:23] Pallyzin has logged in.
[23/03/2015 21:35:24] > Saving server...
[23/03/2015 21:35:26] > SAVE: Complete in 1.938 seconds using relational house storage.
[23/03/2015 21:35:26] Sofoda has logged out.
[23/03/2015 21:35:30] Sofoda has logged in.
[23/03/2015 21:35:34] Druidzerah Mythus has logged in.
[23/03/2015 21:35:44] Sofoda has logged out.
[23/03/2015 21:35:44] Druidzerah Mythus has logged out.
[23/03/2015 21:35:46] Sofoda has logged in.
[23/03/2015 21:35:53] Cheguei No Pistao has logged out.
[23/03/2015 21:35:54] Cheguei No Pistao has logged in.
[23/03/2015 21:37:16] Druidzerah Mythus has logged in.
[23/03/2015 21:37:28] > Broadcasted message: "Sempre Ao Criar Uma Conta, Pegue A RK Dela No Account Manager Da Conta E Anote, Nunca Passe A Sua Senha Para Outras Pessoas, E Ao Entrar Em Outros OT´s Crie Contas Diferentes Para Não Sofrer HACKED, Não Me Responsabilizo Por Perdas, Obrigado".
[23/03/2015 21:37:30] Druidzerah Mythus has logged out.
[23/03/2015 21:37:36] Pallyzin has logged out.
[23/03/2015 21:37:41] Pallyzin has logged in.
[23/03/2015 21:37:42] Druidzerah Mythus has logged in.
[23/03/2015 21:37:51] Druidzerah Mythus has logged out.
[23/03/2015 21:37:58] Knightzerah Mythus has logged in.
[23/03/2015 21:38:15] Druidzerah Mythus has logged in.
[23/03/2015 21:39:38] Haas has logged out.
[23/03/2015 21:42:11] Cheguei No Pistao has logged out.
[23/03/2015 21:42:12] Cheguei No Pistao has logged in.
[23/03/2015 21:44:57] Account Manager has logged in.
[23/03/2015 21:45:04] Cheguei No Pistao has logged out.
[23/03/2015 21:45:05] Cheguei No Pistao has logged in.
[23/03/2015 21:45:12] Cheguei No Pistao has logged out.
[23/03/2015 21:45:27] > Broadcasted message: "Game map cleaning in 1 minute, please pick up all your items.".
[23/03/2015 21:45:49] > Broadcasted message: "Sempre Ao Criar Uma Conta, Pegue A RK Dela No Account Manager Da Conta E Anote, Nunca Passe A Sua Senha Para Outras Pessoas, E Ao Entrar Em Outros OT´s Crie Contas Diferentes Para Não Sofrer HACKED, Não Me Responsabilizo Por Perdas, Obrigado".
[23/03/2015 21:45:57] > CLEAN: Removed 1827 items from 1319 tiles in 0.259 seconds.
[23/03/2015 21:45:58] > Broadcasted message: "Map Cleaned.".
[23/03/2015 21:46:16] Account Manager has logged out.
[23/03/2015 21:47:03] Account Manager has logged in.
[23/03/2015 21:47:37] Account Manager has logged out.
[23/03/2015 21:47:55] Account Manager has logged in.
[23/03/2015 21:48:10] Account Manager has logged out.
[23/03/2015 21:48:42] Haas has logged in.
[23/03/2015 21:49:27] Sofoda has logged out.
[23/03/2015 21:49:31] Sofoda has logged in.
[23/03/2015 21:49:56] Knight has logged in.
[23/03/2015 21:50:10] Pallyzin has logged out.
[23/03/2015 21:50:10] Knightzerah Mythus has logged out.
[23/03/2015 21:50:11] Knight has logged out.
[23/03/2015 21:50:13] Pallyzin has logged in.
[23/03/2015 21:50:13] Knight has logged in.
[23/03/2015 21:50:20] Sofoda has logged out.
[23/03/2015 21:50:26] Knight has logged out.
[23/03/2015 21:50:27] Knight has logged in.
[23/03/2015 21:50:44] Sofoda has logged in.
[23/03/2015 21:50:50] Knight has logged out.
[23/03/2015 21:50:51] Knight has logged in.
[23/03/2015 21:51:31] Pallyzin has logged out.
[23/03/2015 21:51:33] Pallyzin has logged in.
[23/03/2015 21:51:57] Sofoda has logged out.
[23/03/2015 21:51:59] Sofoda has logged in.
[23/03/2015 21:52:25] Knight has logged out.
[23/03/2015 21:52:26] Knight has logged in.
[23/03/2015 21:52:58] Sofoda has logged out.
[23/03/2015 21:53:01] Sofoda has logged in.
[23/03/2015 21:54:10] > Broadcasted message: "Para ver as noticias fale !notice".
[23/03/2015 21:55:41] Sofoda has logged out.
[23/03/2015 21:55:43] Sofoda has logged in.
[23/03/2015 21:58:45] > Saving server...
[23/03/2015 21:58:48] > SAVE: Complete in 2.076 seconds using relational house storage.
[23/03/2015 21:59:19] Mr Thug has logged in.
[23/03/2015 22:01:17] Pallyzin has logged out.
[23/03/2015 22:01:18] Druidzera has logged in.
[23/03/2015 22:02:08] > Broadcasted message: "Game map cleaning in 1 minute, please pick up all your items.".
[23/03/2015 22:02:31] > Broadcasted message: "Para comprar bless digite !bless".
[23/03/2015 22:02:39] > CLEAN: Removed 6898 items from 3955 tiles in 0.295 seconds.
[23/03/2015 22:02:39] > Broadcasted message: "Map Cleaned.".
[23/03/2015 22:04:00] Sofoda has logged out.
[23/03/2015 22:04:01] Knight has logged out.
[23/03/2015 22:04:03] Knight has logged in.
[23/03/2015 22:04:04] Sofoda has logged in.
[23/03/2015 22:04:49] Knightzerah Mythus has logged in.
[23/03/2015 22:05:20] Druidzera has logged out.
[23/03/2015 22:05:22] Pallyzin has logged in.
[23/03/2015 22:05:27] Knightzerah Mythus has logged out.
[23/03/2015 22:07:11] Mete Akky has logged in.
[23/03/2015 22:07:16] Knightzerah Mythus has logged in.
[23/03/2015 22:09:35] Mete Akky has logged out.
[23/03/2015 22:10:01] Mr Thug has logged out.
[23/03/2015 22:10:02] Mr Thug has logged in.
[23/03/2015 22:10:52] Mete Akky has logged in.
[23/03/2015 22:10:52] > Broadcasted message: "Para ver as noticias fale !notice".
[23/03/2015 22:10:59] Mete Akky has logged out.
[23/03/2015 22:12:04] Sofoda has logged out.
[23/03/2015 22:12:07] Sofoda has logged in.
[23/03/2015 22:12:10] Knight Mortal has logged in.
[23/03/2015 22:12:39] Sofoda has logged out.
[23/03/2015 22:12:42] Sofoda has logged in.
[23/03/2015 22:12:52] Jean has logged in.
[23/03/2015 22:13:24] Sofoda has logged out.
[23/03/2015 22:13:26] Sofoda has logged in.
[23/03/2015 22:13:55] Knight Mortal has logged out.
[23/03/2015 22:13:57] Knight Mortal has logged in.
[23/03/2015 22:15:51] Sofoda has logged out.
[23/03/2015 22:16:08] Mr Thug has logged out.
[23/03/2015 22:16:09] Mr Thug has logged in.
[23/03/2015 22:17:48] Mr Thug has logged out.
[23/03/2015 22:17:50] Mr Thug has logged in.
[23/03/2015 22:17:53] Mr Thug has logged out.
[23/03/2015 22:18:34] Mete Akky has logged in.
[23/03/2015 22:18:49] > Broadcasted message: "Game map cleaning in 1 minute, please pick up all your items.".
[23/03/2015 22:19:13] > Broadcasted message: "Novo CLIENTE = http://www.4shared.com/rar/cfxSV4o7ce/Death_PVP.html".
[23/03/2015 22:19:20] > CLEAN: Removed 5489 items from 3943 tiles in 0.362 seconds.
[23/03/2015 22:19:20] > Broadcasted message: "Map Cleaned.".
[23/03/2015 22:19:44] Mete Akky has logged out.
[23/03/2015 22:19:45] Mete Akky has logged in.
[23/03/2015 22:21:20] Mete Akky has logged out.
[23/03/2015 22:21:21] Mete Akky has logged in.
[23/03/2015 22:21:34] Mete Akky has logged out.
[23/03/2015 22:21:36] Meu Pau has logged in.
[23/03/2015 22:21:56] Knight has logged out.
[23/03/2015 22:22:06] > Saving server...
[23/03/2015 22:22:08] > SAVE: Complete in 2.234 seconds using relational house storage.
[23/03/2015 22:22:11] Meu Pau has logged out.
[23/03/2015 22:22:12] Mete Akky has logged in.
[23/03/2015 22:22:13] Kanguru Jack has logged in.
[23/03/2015 22:22:37] Mete Akky has logged out.
[23/03/2015 22:22:38] Mete Akky has logged in.
[23/03/2015 22:22:40] > Saving server...
[23/03/2015 22:22:42] > SAVE: Complete in 2.379 seconds using relational house storage.
[23/03/2015 22:22:43] Jean has logged out.
[23/03/2015 22:23:18] Pallyzin has logged out.
[23/03/2015 22:24:19] Mete Akky has logged out.
[23/03/2015 22:24:21] Mete Akky has logged in.
[23/03/2015 22:24:32] Mete Akky has logged out.
[23/03/2015 22:27:34] > Broadcasted message: "Sempre Ao Criar Uma Conta, Pegue A RK Dela No Account Manager Da Conta E Anote, Nunca Passe A Sua Senha Para Outras Pessoas, E Ao Entrar Em Outros OT´s Crie Contas Diferentes Para Não Sofrer HACKED, Não Me Responsabilizo Por Perdas, Obrigado".
[23/03/2015 22:27:39] Haas has logged out.
[23/03/2015 22:27:41] Haas has logged in.
[23/03/2015 22:27:41] Haas has logged out.
[23/03/2015 22:27:47] Honda has logged in.
[23/03/2015 22:27:50] Honda has logged out.
[23/03/2015 22:27:53] Account Manager has logged in.
[23/03/2015 22:28:08] Account Manager has logged out.
[23/03/2015 22:28:09] Account Manager has logged in.
[23/03/2015 22:28:10] Account Manager has logged out.
[23/03/2015 22:28:16] Honda has logged in.
[23/03/2015 22:29:06] Honda has logged out.
[23/03/2015 22:29:13] Haas has logged in.
[23/03/2015 22:30:32] Nadador Knight has logged in.
[23/03/2015 22:33:00] Knightzerah Mythus has logged out.
[23/03/2015 22:33:25] Kina Top has logged in.
[23/03/2015 22:34:02] Kina Top has logged out.
[23/03/2015 22:34:05] Kina Top has logged in.
[23/03/2015 22:34:29] Brumm-bromm has logged in.
[23/03/2015 22:35:30] > Broadcasted message: "Game map cleaning in 1 minute, please pick up all your items.".
[23/03/2015 22:35:55] > Broadcasted message: "Sempre Ao Criar Uma Conta, Pegue A RK Dela No Account Manager Da Conta E Anote, Nunca Passe A Sua Senha Para Outras Pessoas, E Ao Entrar Em Outros OT´s Crie Contas Diferentes Para Não Sofrer HACKED, Não Me Responsabilizo Por Perdas, Obrigado".
[23/03/2015 22:36:01] > CLEAN: Removed 5349 items from 3759 tiles in 0.292 seconds.
[23/03/2015 22:36:01] > Broadcasted message: "Map Cleaned.".
[23/03/2015 22:37:14] Nadador Knight has logged out.
[23/03/2015 22:37:17] Nadador Knight has logged in.
[23/03/2015 22:38:07] Kina Top has logged out.
[23/03/2015 22:38:17] Knightzerah Mythus has logged in.
[23/03/2015 22:38:33] Knight Mortal has logged out.
[23/03/2015 22:38:35] Knight Mortal has logged in.
[23/03/2015 22:38:58] Sofoda has logged in.
[23/03/2015 22:39:15] Sofoda has logged out.
[23/03/2015 22:41:53] Knightzerah Mythus has logged out.
[23/03/2015 22:41:58] Knightzerah Mythus has logged in.
[23/03/2015 22:42:05] Druidzerah Mythus has logged out.
[23/03/2015 22:42:44] Knightzerah Mythus has logged out.
[23/03/2015 22:42:46] Knightzerah Mythus has logged in.
[23/03/2015 22:44:16] > Broadcasted message: "Para ver as noticias fale !notice".
[23/03/2015 22:44:55] Brumm-bromm has logged out.
[23/03/2015 22:44:56] Brumm-bromm has logged in.
[23/03/2015 22:45:27] > Saving server...
[23/03/2015 22:45:30] > SAVE: Complete in 2.14 seconds using relational house storage.
[23/03/2015 22:46:03] Knightzerah Mythus has logged out.
[23/03/2015 22:46:06] Knightzerah Mythus has logged in.
[23/03/2015 22:47:17] Knight Mortal has logged out.
[23/03/2015 22:47:18] Brumm-bromm has logged out.
[23/03/2015 22:47:19] Brumm-bromm has logged in.
[23/03/2015 22:47:20] Knight Mortal has logged in.
[23/03/2015 22:49:04] Skiller has logged out.
[23/03/2015 22:49:26] Skiller has logged in.
[23/03/2015 22:50:39] Brumm-bromm has logged out.
[23/03/2015 22:50:41] Brumm-bromm has logged in.
[23/03/2015 22:52:11] > Broadcasted message: "Game map cleaning in 1 minute, please pick up all your items.".
[23/03/2015 22:52:37] > Broadcasted message: "Para comprar bless digite !bless".
[23/03/2015 22:52:42] > CLEAN: Removed 2027 items from 1634 tiles in 0.278 seconds.
[23/03/2015 22:52:42] > Broadcasted message: "Map Cleaned.".
[23/03/2015 22:53:35] Knight Mortal has logged out.
[23/03/2015 22:53:37] Knight Mortal has logged in.
[23/03/2015 22:55:01] Brumm-bromm has logged out.
[23/03/2015 22:55:03] Brumm-bromm has logged in.
[23/03/2015 22:56:45] Knight Mortal has logged out.
[23/03/2015 22:56:47] Knight Mortal has logged in.
[23/03/2015 23:00:06] Knightzerah Mythus has logged out.
[23/03/2015 23:00:21] Druidzerah Mythus has logged in.
[23/03/2015 23:00:58] > Broadcasted message: "Para ver as noticias fale !notice".
[23/03/2015 23:03:36] Haas has logged out.
[23/03/2015 23:04:47] Knight Mortal has logged out.
[23/03/2015 23:04:50] Knight Mortal has logged in.
[23/03/2015 23:08:48] > Saving server...
[23/03/2015 23:08:51] > SAVE: Complete in 2.299 seconds using relational house storage.
[23/03/2015 23:08:52] > Broadcasted message: "Game map cleaning in 1 minute, please pick up all your items.".
[23/03/2015 23:09:19] > Broadcasted message: "Para comprar bless digite !bless".
[23/03/2015 23:09:23] > CLEAN: Removed 5182 items from 5219 tiles in 0.38 seconds.
[23/03/2015 23:09:23] > Broadcasted message: "Map Cleaned.".
[23/03/2015 23:09:32] Nadador Knight has logged out.
[23/03/2015 23:11:55] Account Manager has logged in.
[23/03/2015 23:12:08] Account Manager has logged out.
[23/03/2015 23:12:09] Account Manager has logged in.
[23/03/2015 23:12:10] Account Manager has logged out.
[23/03/2015 23:12:11] 
[23/03/2015 23:12:11] Lua Script Error: [CreatureScript Interface] 
[23/03/2015 23:12:11] in a timer event called from: 
[23/03/2015 23:12:11] data/creaturescripts/scripts/antimc.lua:onLogin
[23/03/2015 23:12:12] 
[23/03/2015 23:12:12] luaDoRemoveCreature(). Creature not found
[23/03/2015 23:12:31] Haas has logged in.
[23/03/2015 23:14:09] Characcter has logged in.
[23/03/2015 23:14:44] Characcter has logged out.
[23/03/2015 23:16:34] Brumm-bromm has logged out.
[23/03/2015 23:17:40] > Broadcasted message: "Novo CLIENTE = http://www.4shared.com/rar/cfxSV4o7ce/Death_PVP.html".
[23/03/2015 23:21:35] Knight Mortal has logged out.
[23/03/2015 23:21:43] Kanguru Jack has logged out.
[23/03/2015 23:24:43] Druidzerah Mythus has logged out.
[23/03/2015 23:24:52] Honda has logged in.
[23/03/2015 23:25:33] > Broadcasted message: "Game map cleaning in 1 minute, please pick up all your items.".
[23/03/2015 23:26:01] > Broadcasted message: "Novo CLIENTE = http://www.4shared.com/rar/cfxSV4o7ce/Death_PVP.html".
[23/03/2015 23:26:04] > CLEAN: Removed 6825 items from 5443 tiles in 0.54 seconds.
[23/03/2015 23:26:04] > Broadcasted message: "Map Cleaned.".
[23/03/2015 23:26:28] Honda has logged out.
[23/03/2015 23:26:44] Honda has logged in.
[23/03/2015 23:27:01] Skiller has logged out.
[23/03/2015 23:27:09] Cheguei No Pistao has logged in.
[23/03/2015 23:27:12] Skiller has logged in.
[23/03/2015 23:28:06] Haas has logged out.
[23/03/2015 23:28:11] Haas has logged in.
[23/03/2015 23:28:27] Honda has logged out.
[23/03/2015 23:28:35] Honda has logged in.
[23/03/2015 23:28:45] Cheguei No Pistao has logged out.
[23/03/2015 23:28:46] Cheguei No Pistao has logged in.
[23/03/2015 23:29:15] Cheguei No Pistao has logged out.
[23/03/2015 23:29:16] Cheguei No Pistao has logged in.
[23/03/2015 23:29:29] Nadador Knight has logged in.
[23/03/2015 23:29:42] Cheguei No Pistao has logged out.
[23/03/2015 23:29:43] Cheguei No Pistao has logged in.
[23/03/2015 23:29:50] Cheguei No Pistao has logged out.
[23/03/2015 23:30:15] Skiller has logged out.
[23/03/2015 23:30:19] Skiller has logged in.
[23/03/2015 23:30:41] Haas has logged out.
[23/03/2015 23:30:43] Haas has logged in.
[23/03/2015 23:30:59] Honda has logged out.
[23/03/2015 23:31:12] Honda has logged in.
[23/03/2015 23:31:30] Skiller has logged out.
[23/03/2015 23:31:32] Skiller has logged in.
[23/03/2015 23:32:01] Haas has logged out.
[23/03/2015 23:32:03] Haas has logged in.
[23/03/2015 23:32:09] > Saving server...
[23/03/2015 23:32:11] > SAVE: Complete in 1.873 seconds using relational house storage.
[23/03/2015 23:32:24] Honda has logged out.
[23/03/2015 23:32:32] Honda has logged in.
[23/03/2015 23:32:49] Skiller has logged out.
[23/03/2015 23:32:51] Skiller has logged in.
[23/03/2015 23:33:28] Haas has logged out.
[23/03/2015 23:33:29] Haas has logged in.
[23/03/2015 23:33:45] Honda has logged out.
[23/03/2015 23:33:49] Honda has logged in.
[23/03/2015 23:34:12] Skiller has logged out.
[23/03/2015 23:34:15] Skiller has logged in.
[23/03/2015 23:34:22] > Broadcasted message: "Sempre Ao Criar Uma Conta, Pegue A RK Dela No Account Manager Da Conta E Anote, Nunca Passe A Sua Senha Para Outras Pessoas, E Ao Entrar Em Outros OT´s Crie Contas Diferentes Para Não Sofrer HACKED, Não Me Responsabilizo Por Perdas, Obrigado".
[23/03/2015 23:35:00] Haas has logged out.
[23/03/2015 23:35:02] Haas has logged in.
[23/03/2015 23:35:23] Honda has logged out.
[23/03/2015 23:35:25] Nadador Knight has logged out.
[23/03/2015 23:35:27] Nadador Knight has logged in.
[23/03/2015 23:38:55] Honda has logged in.
[23/03/2015 23:39:24] Skiller has logged out.
[23/03/2015 23:39:28] Skiller has logged in.
[23/03/2015 23:39:58] Nadador Knight has logged out.
[23/03/2015 23:40:01] Nadador Knight has logged in.
[23/03/2015 23:41:33] Haas has logged out.
[23/03/2015 23:41:35] Haas has logged in.
[23/03/2015 23:42:14] > Broadcasted message: "Game map cleaning in 1 minute, please pick up all your items.".
[23/03/2015 23:42:43] > Broadcasted message: "Sempre Ao Criar Uma Conta, Pegue A RK Dela No Account Manager Da Conta E Anote, Nunca Passe A Sua Senha Para Outras Pessoas, E Ao Entrar Em Outros OT´s Crie Contas Diferentes Para Não Sofrer HACKED, Não Me Responsabilizo Por Perdas, Obrigado".
[23/03/2015 23:42:45] > CLEAN: Removed 926 items from 741 tiles in 0.29 seconds.
[23/03/2015 23:42:46] > Broadcasted message: "Map Cleaned.".
[23/03/2015 23:45:28] Nadador Knight has logged out.
[23/03/2015 23:45:30] Nadador Knight has logged in.
[23/03/2015 23:46:56] Nadador Knight has logged out.
[23/03/2015 23:47:04] Nadador Knight has logged in.
[23/03/2015 23:48:58] Honda has logged out.
[23/03/2015 23:49:20] Honda has logged in.
[23/03/2015 23:51:04] > Broadcasted message: "Para comprar bless digite !bless".
