[25/03/2015 00:00:12] > Broadcasted message: "Para ver as noticias fale !notice".
[25/03/2015 00:00:33] Knight Mortal has logged out.
[25/03/2015 00:00:36] Account Manager has logged in.
[25/03/2015 00:01:02] Account Manager has logged out.
[25/03/2015 00:01:02] > Saving server...
[25/03/2015 00:01:04] > SAVE: Complete in 1.778 seconds using relational house storage.
[25/03/2015 00:01:20] Account Manager has logged in.
[25/03/2015 00:01:49] Account Manager has logged out.
[25/03/2015 00:01:50] Account Manager has logged in.
[25/03/2015 00:02:30] Account Manager has logged out.
[25/03/2015 00:02:38] Knight Mortal has logged in.
[25/03/2015 00:02:46] Mythus Pvp has logged out.
[25/03/2015 00:02:51] Mythus Pvp has logged in.
[25/03/2015 00:03:26] Knight Mortal has logged out.
[25/03/2015 00:03:32] Druid Vancinii has logged in.
[25/03/2015 00:04:07] Druid Vancinii has logged out.
[25/03/2015 00:04:20] Knight Mortal has logged in.
[25/03/2015 00:05:30] Mythus Pvp has logged out.
[25/03/2015 00:05:31] Knight Mortal has logged out.
[25/03/2015 00:05:33] Mythus Pvp has logged in.
[25/03/2015 00:05:36] Account Manager has logged in.
[25/03/2015 00:06:19] Account Manager has logged out.
[25/03/2015 00:06:21] Knight Mortal has logged in.
[25/03/2015 00:07:53] > Broadcasted message: "Game map cleaning in 1 minute, please pick up all your items.".
[25/03/2015 00:08:02] Mythus Pvp has logged out.
[25/03/2015 00:08:05] Mythus Pvp has logged in.
[25/03/2015 00:08:19] Mythus Pvp has logged out.
[25/03/2015 00:08:23] > CLEAN: Removed 11 items from 116 tiles in 0.141 seconds.
[25/03/2015 00:08:23] > Broadcasted message: "Map Cleaned.".
[25/03/2015 00:08:24] Mythus Top has logged out.
[25/03/2015 00:08:26] Mythus Top has logged in.
[25/03/2015 00:08:33] > Broadcasted message: "Sempre Ao Criar Uma Conta, Pegue A RK Dela No Account Manager Da Conta E Anote, Nunca Passe A Sua Senha Para Outras Pessoas, E Ao Entrar Em Outros OT´s Crie Contas Diferentes Para Não Sofrer HACKED, Não Me Responsabilizo Por Perdas, Obrigado".
[25/03/2015 00:08:34] Mythus Top has logged out.
[25/03/2015 00:08:47] Mythus Pvp has logged in.
[25/03/2015 00:11:11] Mythus Pvp has logged out.
[25/03/2015 00:11:16] Mythus Pvp has logged in.
[25/03/2015 00:13:07] Knight Mortal has logged out.
[25/03/2015 00:13:18] Knight Mortal has logged in.
[25/03/2015 00:13:44] Druid Vancinii has logged in.
[25/03/2015 00:13:54] Mythus Pvp has logged out.
[25/03/2015 00:13:56] Mythus Pvp has logged in.
[25/03/2015 00:14:35] Yakuza has logged in.
[25/03/2015 00:14:41] Mythus Pvp has logged out.
[25/03/2015 00:14:45] Knight Mortal has logged out.
[25/03/2015 00:15:03] Druid Vancinii has logged out.
[25/03/2015 00:15:06] Mythus Pvp has logged in.
[25/03/2015 00:15:09] Mythus Top has logged in.
[25/03/2015 00:16:53] Mythus Pvp has logged out.
[25/03/2015 00:16:54] > Broadcasted message: "Para comprar bless digite !bless".
[25/03/2015 00:16:55] Mythus Pvp has logged in.
[25/03/2015 00:17:28] Mythus Pvp has logged out.
[25/03/2015 00:17:31] Account Manager has logged in.
[25/03/2015 00:17:47] Magezin Sapeca has logged out.
[25/03/2015 00:18:16] Jean has logged in.
[25/03/2015 00:18:18] Account Manager has logged out.
[25/03/2015 00:18:30] Account Manager has logged in.
[25/03/2015 00:18:35] Account Manager has logged out.
[25/03/2015 00:18:37] Mythus Pvp has logged in.
[25/03/2015 00:18:47] Mythus Top has logged out.
[25/03/2015 00:19:11] > Saving server...
[25/03/2015 00:19:13] > SAVE: Complete in 1.779 seconds using relational house storage.
[25/03/2015 00:19:14] Jean has logged out.
[25/03/2015 00:19:18] Skiller has logged out.
[25/03/2015 00:19:18] Yakuza has logged out.
[25/03/2015 00:19:18] Mythus Pvp has logged out.
[25/03/2015 00:19:19] > Saving server...
[25/03/2015 00:19:20] > SAVE: Complete in 1.279 seconds using relational house storage.
[25/03/2015 00:19:20] Preparing to shutdown server..
[25/03/2015 00:19:21] .
[25/03/2015 00:19:21] Exiting
[25/03/2015 12:34:31] The Forgotten Server, version 0.3.4 (Crying Damson)
[25/03/2015 12:34:32] Sever Criado Por Alissow e Comedinha.
[25/03/2015 12:34:32] Publicidade: www.sotserv.blogspot.com <- <- <- Tudo sobre otserv.
[25/03/2015 12:34:32] Bom Jogo!!!
[25/03/2015 12:34:32] 
[25/03/2015 12:34:32] >> Debugging: nothing.
[25/03/2015 12:34:32] >> Checking software version... failed checking - malformed file.
[25/03/2015 12:34:36] 
[25/03/2015 12:34:36] >> Loading config (config.lua)
[25/03/2015 12:34:36] > Using plaintext passwords
[25/03/2015 12:34:36] >> Loading RSA key
[25/03/2015 12:34:36] >> Starting SQL connection
[25/03/2015 12:34:37] >> Running Database Manager
[25/03/2015 12:34:39] > Optimized database.
[25/03/2015 12:34:39] >> Loading items
[25/03/2015 12:34:39] >> Loading groups
[25/03/2015 12:34:39] >> Loading vocations
[25/03/2015 12:34:40] >> Loading script systems
[25/03/2015 12:34:45] >> Loading chat channels
[25/03/2015 12:34:45] >> Loading outfits
[25/03/2015 12:34:45] >> Loading experience stages
[25/03/2015 12:34:45] >> Loading monsters
[25/03/2015 12:34:51] >> Loading map and spawns...
[25/03/2015 12:34:52] > Map size: 65000x65000.
[25/03/2015 12:34:52] > Map descriptions: 
[25/03/2015 12:34:52] Saved with Remere's Map Editor 2.2
[25/03/2015 12:34:52] No map description available.
[25/03/2015 12:34:53] Duplicate uniqueId 2407
[25/03/2015 12:34:56] > Map loading time: 5.335 seconds.
[25/03/2015 12:34:59] > Data loading time: 3.073 seconds.
[25/03/2015 12:35:00] > Unserialization time for houses: 0.032 seconds.
[25/03/2015 12:35:24] > Unserialization time for map: 23.9 seconds.
[25/03/2015 12:35:24] >> Checking world type... PvP
[25/03/2015 12:35:24] >> Initializing game state modules and registering services...
[25/03/2015 12:35:25] > Global address: deathpvp.no-ip.biz
[25/03/2015 12:35:25] > Local ports:
[25/03/2015 12:35:25] 7171	7172	
[25/03/2015 12:35:26] >> All modules were loaded, server starting up...
[25/03/2015 12:35:26] >> OT Death server Online!
[25/03/2015 12:35:26] 
[25/03/2015 12:36:01] sqlite3_step(): SQLITE ERROR: columns id, world_id are not unique
[25/03/2015 12:36:13] Thiago Matado has logged in.
[25/03/2015 12:36:36] Thiago Matado has logged out.
[25/03/2015 12:37:23] Account Manager has logged in.
[25/03/2015 12:37:31] Account Manager has logged out.
[25/03/2015 12:37:39] Thiago Matado has logged in.
[25/03/2015 12:38:24] Pallyzin has logged in.
[25/03/2015 12:39:09] Pallyzin has logged out.
[25/03/2015 12:39:11] Druidzera has logged in.
[25/03/2015 12:39:34] Skiller has logged in.
[25/03/2015 12:43:06] > Broadcasted message: "Para ver as noticias fale !notice".
[25/03/2015 12:43:23] Skiller has logged out.
[25/03/2015 12:43:48] Skiller has logged in.
[25/03/2015 12:44:08] Skiller has logged out.
[25/03/2015 12:44:19] Account Manager has logged in.
[25/03/2015 12:44:21] Account Manager has logged out.
[25/03/2015 12:44:27] Skiller has logged in.
[25/03/2015 12:44:39] Skiller has logged out.
[25/03/2015 12:44:41] Account Manager has logged in.
[25/03/2015 12:44:53] Account Manager has logged out.
[25/03/2015 12:44:58] Account Manager has logged in.
[25/03/2015 12:45:02] Account Manager has logged out.
[25/03/2015 12:45:08] Skiller has logged in.
[25/03/2015 12:45:38] Druidzerah Mythus has logged in.
[25/03/2015 12:49:04] Mythus Pvp has logged in.
[25/03/2015 12:50:26] Thiago Matado has logged out.
[25/03/2015 12:50:34] Mythus Top has logged in.
[25/03/2015 12:51:26] > Broadcasted message: "Game map cleaning in 1 minute, please pick up all your items.".
[25/03/2015 12:51:28] > Broadcasted message: "Para ver as noticias fale !notice".
[25/03/2015 12:51:57] > CLEAN: Removed 2538 items from 1861 tiles in 0.218 seconds.
[25/03/2015 12:51:57] > Broadcasted message: "Map Cleaned.".
[25/03/2015 12:54:59] Mythus Top has logged out.
[25/03/2015 12:55:01] Mythus Top has logged in.
[25/03/2015 12:58:11] > Saving server...
[25/03/2015 12:58:13] > SAVE: Complete in 2.059 seconds using relational house storage.
[25/03/2015 12:59:00] Druidzera has logged out.
[25/03/2015 12:59:02] Druidzera has logged in.
[25/03/2015 12:59:30] Knight has logged in.
[25/03/2015 12:59:31] Druidzera has logged out.
[25/03/2015 12:59:33] Pallyzin has logged in.
[25/03/2015 12:59:46] Mythus Top has logged out.
[25/03/2015 12:59:49] > Broadcasted message: "Para comprar bless digite !bless".
[25/03/2015 13:00:01] Pallyzin has logged out.
[25/03/2015 13:00:02] Druidzera has logged in.
[25/03/2015 13:00:07] Knightzerah Mythus has logged in.
[25/03/2015 13:01:10] Druidzera has logged out.
[25/03/2015 13:01:14] Druidzera has logged in.
[25/03/2015 13:03:31] Mythus Pvp has logged out.
[25/03/2015 13:03:33] Mythus Pvp has logged in.
[25/03/2015 13:04:53] Druidzera has logged out.
[25/03/2015 13:04:55] Pallyzin has logged in.
[25/03/2015 13:05:04] Knightzerah Mythus has logged out.
[25/03/2015 13:05:14] Knightzerah Mythus has logged in.
[25/03/2015 13:06:06] Mythus Pvp has logged out.
[25/03/2015 13:06:09] Mythus Pvp has logged in.
[25/03/2015 13:06:54] Knightzerah Mythus has logged out.
[25/03/2015 13:07:04] Knightzerah Mythus has logged in.
[25/03/2015 13:08:07] > Broadcasted message: "Game map cleaning in 1 minute, please pick up all your items.".
[25/03/2015 13:08:10] > Broadcasted message: "Novo CLIENTE = http://www.4shared.com/rar/cfxSV4o7ce/Death_PVP.html".
[25/03/2015 13:08:37] > CLEAN: Removed 5157 items from 2285 tiles in 0.234 seconds.
[25/03/2015 13:08:37] > Broadcasted message: "Map Cleaned.".
[25/03/2015 13:08:45] Knight has logged out.
[25/03/2015 13:08:46] Mythus Pvp has logged out.
[25/03/2015 13:08:47] Mythus Pvp has logged in.
[25/03/2015 13:08:51] Knight has logged in.
[25/03/2015 13:09:15] Knight has logged out.
[25/03/2015 13:09:16] Knight has logged in.
[25/03/2015 13:10:58] Knight has logged out.
[25/03/2015 13:11:00] Knight has logged in.
[25/03/2015 13:11:43] Mythus Pvp has logged out.
[25/03/2015 13:11:47] Mythus Pvp has logged in.
[25/03/2015 13:11:48] Knight has logged out.
[25/03/2015 13:11:51] Knight has logged in.
[25/03/2015 13:13:58] Mythus Pvp has logged out.
[25/03/2015 13:14:00] Mythus Pvp has logged in.
[25/03/2015 13:15:47] Knight has logged out.
[25/03/2015 13:15:49] Knight has logged in.
[25/03/2015 13:16:25] Mythus Pvp has logged out.
[25/03/2015 13:16:27] Mythus Pvp has logged in.
[25/03/2015 13:16:31] > Broadcasted message: "Para comprar bless digite !bless".
[25/03/2015 13:16:49] Knightzerah Mythus has logged out.
[25/03/2015 13:17:00] Kina Top has logged in.
[25/03/2015 13:17:06] Kina Top has logged out.
[25/03/2015 13:17:08] Mythus Top has logged in.
[25/03/2015 13:18:14] Pallyzin has logged out.
[25/03/2015 13:18:19] Pallyzin has logged in.
[25/03/2015 13:21:02] Mythus Top has logged out.
[25/03/2015 13:21:04] Sofoda has logged in.
[25/03/2015 13:21:32] > Saving server...
[25/03/2015 13:21:35] > SAVE: Complete in 2.589 seconds using relational house storage.
[25/03/2015 13:21:43] Sofoda has logged out.
[25/03/2015 13:21:45] Sofoda has logged in.
[25/03/2015 13:22:57] Sofoda has logged out.
[25/03/2015 13:22:59] Sofoda has logged in.
[25/03/2015 13:23:43] Sofoda has logged out.
[25/03/2015 13:23:45] Mythus Top has logged in.
[25/03/2015 13:24:08] Knight has logged out.
[25/03/2015 13:24:10] Knight has logged in.
[25/03/2015 13:24:48] > Broadcasted message: "Game map cleaning in 1 minute, please pick up all your items.".
[25/03/2015 13:24:52] > Broadcasted message: "Para comprar bless digite !bless".
[25/03/2015 13:25:19] > CLEAN: Removed 4725 items from 1966 tiles in 0.218 seconds.
[25/03/2015 13:25:19] > Broadcasted message: "Map Cleaned.".
[25/03/2015 13:26:11] Mythus Top has logged out.
[25/03/2015 13:26:28] Yakuza has logged in.
[25/03/2015 13:26:42] Knightzerah Mythus has logged in.
[25/03/2015 13:27:51] Mythus Pvp has logged out.
[25/03/2015 13:27:52] Mythus Pvp has logged in.
[25/03/2015 13:28:14] Knight has logged out.
[25/03/2015 13:28:15] Knight has logged in.
[25/03/2015 13:31:09] Jean has logged in.
[25/03/2015 13:32:16] Yakuza has logged out.
[25/03/2015 13:32:18] Yakuza has logged in.
[25/03/2015 13:33:13] > Broadcasted message: "Para comprar bless digite !bless".
[25/03/2015 13:34:06] Knightzerah Mythus has logged out.
[25/03/2015 13:34:15] > Saving server...
[25/03/2015 13:34:17] > SAVE: Complete in 2.324 seconds using relational house storage.
[25/03/2015 13:34:18] Jean has logged out.
[25/03/2015 13:34:21] Knightzerah Mythus has logged in.
[25/03/2015 13:38:25] Knightzerah Mythus has logged out.
[25/03/2015 13:38:39] Mythus Top has logged in.
[25/03/2015 13:39:02] Pallyzin has logged out.
[25/03/2015 13:39:40] Mythus Pvp has logged out.
[25/03/2015 13:39:42] Mythus Pvp has logged in.
[25/03/2015 13:40:39] Knight Mortal has logged in.
[25/03/2015 13:41:04] Knight Mortal has logged out.
[25/03/2015 13:41:04] Account Manager has logged in.
[25/03/2015 13:41:30] > Broadcasted message: "Game map cleaning in 1 minute, please pick up all your items.".
[25/03/2015 13:41:31] Account Manager has logged out.
[25/03/2015 13:41:31] Account Manager has logged in.
[25/03/2015 13:41:34] > Broadcasted message: "Novo CLIENTE = http://www.4shared.com/rar/cfxSV4o7ce/Death_PVP.html".
[25/03/2015 13:41:49] Account Manager has logged out.
[25/03/2015 13:41:49] Account Manager has logged in.
[25/03/2015 13:41:50] Account Manager has logged out.
[25/03/2015 13:41:55] Knight Mortal has logged in.
[25/03/2015 13:41:59] Mythus Pvp has logged out.
[25/03/2015 13:42:00] > CLEAN: Removed 4543 items from 1888 tiles in 0.218 seconds.
[25/03/2015 13:42:00] > Broadcasted message: "Map Cleaned.".
[25/03/2015 13:42:03] Mythus Pvp has logged in.
[25/03/2015 13:43:48] Mythus Pvp has logged out.
[25/03/2015 13:43:49] Knight Mortal has logged out.
[25/03/2015 13:43:51] Mythus Pvp has logged in.
[25/03/2015 13:43:56] Druid Vancinii has logged in.
[25/03/2015 13:44:36] Druid Vancinii has logged out.
[25/03/2015 13:44:44] Knight Mortal has logged in.
[25/03/2015 13:44:53] > Saving server...
[25/03/2015 13:44:56] > SAVE: Complete in 2.325 seconds using relational house storage.
[25/03/2015 13:45:05] Mythus Top has logged out.
[25/03/2015 13:46:00] Skiller has logged out.
[25/03/2015 13:46:03] Account Manager has logged in.
[25/03/2015 13:46:05] Account Manager has logged out.
[25/03/2015 13:46:11] Skiller has logged in.
[25/03/2015 13:46:14] Mythus Pvp has logged out.
[25/03/2015 13:46:16] Mythus Pvp has logged in.
[25/03/2015 13:46:51] Knightzerah Mythus has logged in.
[25/03/2015 13:47:31] Knightzerah Mythus has logged out.
[25/03/2015 13:47:40] Knightzerah Mythus has logged in.
[25/03/2015 13:48:19] Knightzerah Mythus has logged out.
[25/03/2015 13:48:25] Knightzerah Mythus has logged in.
[25/03/2015 13:49:00] Knightzerah Mythus has logged out.
[25/03/2015 13:49:10] Knightzerah Mythus has logged in.
[25/03/2015 13:49:51] Knightzerah Mythus has logged out.
[25/03/2015 13:49:55] > Broadcasted message: "Para ver as noticias fale !notice".
[25/03/2015 13:50:07] Mythus Top has logged in.
[25/03/2015 13:50:36] Mythus Top has logged out.
[25/03/2015 13:50:50] Knightzerah Mythus has logged in.
[25/03/2015 13:51:06] Kanguru Mage has logged in.
[25/03/2015 13:51:17] Knightzerah Mythus has logged out.
[25/03/2015 13:51:27] Knightzerah Mythus has logged in.
[25/03/2015 13:52:41] Knightzerah Mythus has logged out.
[25/03/2015 13:52:45] Knightzerah Mythus has logged in.
[25/03/2015 13:53:11] Knightzerah Mythus has logged out.
[25/03/2015 13:53:22] Knightzerah Mythus has logged in.
[25/03/2015 13:53:28] Kanguru Jack has logged in.
[25/03/2015 13:53:53] Knightzerah Mythus has logged out.
[25/03/2015 13:54:05] Knightzerah Mythus has logged in.
[25/03/2015 13:57:26] Mythus Pvp has logged out.
[25/03/2015 13:57:28] Mythus Pvp has logged in.
[25/03/2015 13:58:11] > Broadcasted message: "Game map cleaning in 1 minute, please pick up all your items.".
[25/03/2015 13:58:16] > Broadcasted message: "Novo CLIENTE = http://www.4shared.com/rar/cfxSV4o7ce/Death_PVP.html".
[25/03/2015 13:58:42] > CLEAN: Removed 8451 items from 4491 tiles in 0.25 seconds.
[25/03/2015 13:58:42] > Broadcasted message: "Map Cleaned.".
[25/03/2015 13:59:59] Knight has logged out.
[25/03/2015 14:01:03] Mythus Pvp has logged out.
[25/03/2015 14:01:05] Mythus Pvp has logged in.
[25/03/2015 14:03:13] Knightzerah Mythus has logged out.
[25/03/2015 14:03:20] Mythus Pvp has logged out.
[25/03/2015 14:03:25] Mythus Top has logged in.
[25/03/2015 14:04:04] Kina Insane has logged in.
[25/03/2015 14:04:43] Mythus Pvp has logged in.
[25/03/2015 14:04:52] Kina Insane has logged out.
[25/03/2015 14:04:54] Kina Insane has logged in.
[25/03/2015 14:04:55] Kina Insane has logged out.
[25/03/2015 14:05:05] Pally Destrocty has logged in.
[25/03/2015 14:05:26] Mythus Pvp has logged out.
[25/03/2015 14:05:28] Mythus Pvp has logged in.
[25/03/2015 14:06:37] > Broadcasted message: "Sempre Ao Criar Uma Conta, Pegue A RK Dela No Account Manager Da Conta E Anote, Nunca Passe A Sua Senha Para Outras Pessoas, E Ao Entrar Em Outros OT´s Crie Contas Diferentes Para Não Sofrer HACKED, Não Me Responsabilizo Por Perdas, Obrigado".
[25/03/2015 14:06:38] Yakuza has logged out.
[25/03/2015 14:08:14] > Saving server...
[25/03/2015 14:08:17] > SAVE: Complete in 2.496 seconds using relational house storage.
[25/03/2015 14:11:07] Pally Destrocty has logged out.
[25/03/2015 14:12:35] Mythus Pvp has logged out.
[25/03/2015 14:12:37] Mythus Pvp has logged in.
[25/03/2015 14:14:01] Account Manager has logged in.
[25/03/2015 14:14:18] Kanguru Jack has logged out.
[25/03/2015 14:14:39] Kanguru Mage has logged out.
[25/03/2015 14:14:52] > Broadcasted message: "Game map cleaning in 1 minute, please pick up all your items.".
[25/03/2015 14:14:54] Account Manager has logged out.
[25/03/2015 14:14:58] > Broadcasted message: "Sempre Ao Criar Uma Conta, Pegue A RK Dela No Account Manager Da Conta E Anote, Nunca Passe A Sua Senha Para Outras Pessoas, E Ao Entrar Em Outros OT´s Crie Contas Diferentes Para Não Sofrer HACKED, Não Me Responsabilizo Por Perdas, Obrigado".
[25/03/2015 14:15:01] Matanza has logged in.
[25/03/2015 14:15:23] > CLEAN: Removed 12854 items from 6090 tiles in 0.297 seconds.
[25/03/2015 14:15:23] > Broadcasted message: "Map Cleaned.".
[25/03/2015 14:15:30] Kanguru Jack has logged in.
[25/03/2015 14:15:31] Kanguru Mage has logged in.
[25/03/2015 14:17:31] Mr Thug has logged in.
[25/03/2015 14:19:57] Mr Thug has logged out.
[25/03/2015 14:23:19] > Broadcasted message: "Para comprar bless digite !bless".
[25/03/2015 14:24:03] Mr Thug has logged in.
[25/03/2015 14:26:16] Mr Thug has logged out.
[25/03/2015 14:26:17] Matanza has logged out.
[25/03/2015 14:26:17] Mr Thug has logged in.
[25/03/2015 14:26:18] Thiago Matado has logged in.
[25/03/2015 14:27:12] Thiago Matado has logged out.
[25/03/2015 14:27:13] Thiago Matado has logged in.
[25/03/2015 14:27:18] Mr Thug has logged out.
[25/03/2015 14:27:21] Thiago Matado has logged out.
[25/03/2015 14:27:22] Matanza has logged in.
[25/03/2015 14:27:34] Matanza has logged out.
[25/03/2015 14:27:42] Matanza has logged in.
[25/03/2015 14:30:08] Account Manager has logged in.
[25/03/2015 14:31:04] Account Manager has logged out.
[25/03/2015 14:31:21] Account Manager has logged in.
[25/03/2015 14:31:33] > Broadcasted message: "Game map cleaning in 1 minute, please pick up all your items.".
[25/03/2015 14:31:35] > Saving server...
[25/03/2015 14:31:38] > SAVE: Complete in 2.605 seconds using relational house storage.
[25/03/2015 14:31:40] > Broadcasted message: "Para ver as noticias fale !notice".
[25/03/2015 14:31:42] Account Manager has logged out.
[25/03/2015 14:32:02] Pepe Tcp has logged in.
[25/03/2015 14:32:04] > CLEAN: Removed 9726 items from 4175 tiles in 0.265 seconds.
[25/03/2015 14:32:04] > Broadcasted message: "Map Cleaned.".
[25/03/2015 14:40:01] > Broadcasted message: "Novo CLIENTE = http://www.4shared.com/rar/cfxSV4o7ce/Death_PVP.html".
[25/03/2015 14:48:03] Mlk Loko I has logged in.
[25/03/2015 14:48:14] > Broadcasted message: "Game map cleaning in 1 minute, please pick up all your items.".
[25/03/2015 14:48:22] > Broadcasted message: "Sempre Ao Criar Uma Conta, Pegue A RK Dela No Account Manager Da Conta E Anote, Nunca Passe A Sua Senha Para Outras Pessoas, E Ao Entrar Em Outros OT´s Crie Contas Diferentes Para Não Sofrer HACKED, Não Me Responsabilizo Por Perdas, Obrigado".
[25/03/2015 14:48:23] Kanguru Mage has logged out.
[25/03/2015 14:48:45] > CLEAN: Removed 10990 items from 5043 tiles in 0.296 seconds.
[25/03/2015 14:48:45] > Broadcasted message: "Map Cleaned.".
[25/03/2015 14:48:46] Skiller has logged out.
[25/03/2015 14:49:14] Skiller has logged in.
[25/03/2015 14:51:12] Knight Mortal has logged out.
[25/03/2015 14:54:56] > Saving server...
[25/03/2015 14:54:59] > SAVE: Complete in 2.558 seconds using relational house storage.
[25/03/2015 14:55:43] Pallyzin has logged in.
[25/03/2015 14:56:43] > Broadcasted message: "Novo CLIENTE = http://www.4shared.com/rar/cfxSV4o7ce/Death_PVP.html".
[25/03/2015 14:57:11] Pepe Tcp has logged out.
[25/03/2015 14:57:16] Pepe Tcp has logged in.
[25/03/2015 14:59:22] Matanza has logged out.
[25/03/2015 14:59:29] Matanza has logged in.
[25/03/2015 14:59:36] Matanza has logged out.
[25/03/2015 14:59:47] Pepe Tcp has logged out.
[25/03/2015 14:59:49] Pepe Tcp has logged in.
[25/03/2015 15:00:24] Pepe Tcp has logged out.
[25/03/2015 15:00:26] Pepe Tcp has logged in.
[25/03/2015 15:01:05] Pepe Tcp has logged out.
[25/03/2015 15:01:06] Pepe Tcp has logged in.
[25/03/2015 15:01:12] Mythus Pvp has logged out.
[25/03/2015 15:01:13] Mythus Pvp has logged in.
[25/03/2015 15:01:24] Thiago Matado has logged in.
[25/03/2015 15:02:34] Thiago Matado has logged out.
[25/03/2015 15:02:36] Thiago Matado has logged in.
[25/03/2015 15:03:07] Thiago Matado has logged out.
[25/03/2015 15:03:09] Thiago Matado has logged in.
[25/03/2015 15:03:15] Thiago Matado has logged out.
[25/03/2015 15:03:39] Pepe Tcp has logged out.
[25/03/2015 15:03:48] Pepe Tcp has logged in.
[25/03/2015 15:04:29] Mythus Pvp has logged out.
[25/03/2015 15:04:31] Pepe Tcp has logged out.
[25/03/2015 15:04:33] Pepe Tcp has logged in.
[25/03/2015 15:04:33] Mythus Pvp has logged in.
[25/03/2015 15:04:55] > Broadcasted message: "Game map cleaning in 1 minute, please pick up all your items.".
[25/03/2015 15:05:04] > Broadcasted message: "Novo CLIENTE = http://www.4shared.com/rar/cfxSV4o7ce/Death_PVP.html".
[25/03/2015 15:05:15] Pepe Tcp has logged out.
[25/03/2015 15:05:17] Pepe Tcp has logged in.
[25/03/2015 15:05:26] > CLEAN: Removed 6541 items from 4021 tiles in 0.25 seconds.
[25/03/2015 15:05:26] > Broadcasted message: "Map Cleaned.".
[25/03/2015 15:08:39] Mlk Loko I has logged out.
[25/03/2015 15:09:06] Mythus Top has logged out.
[25/03/2015 15:09:42] Mythus Top has logged in.
[25/03/2015 15:13:25] > Broadcasted message: "Para ver as noticias fale !notice".
[25/03/2015 15:15:40] Mythus Pvp has logged out.
[25/03/2015 15:15:42] Mythus Pvp has logged in.
[25/03/2015 15:17:16] Mythus Pvp has logged out.
[25/03/2015 15:17:17] Mythus Pvp has logged in.
[25/03/2015 15:18:17] > Saving server...
[25/03/2015 15:18:19] > SAVE: Complete in 2.246 seconds using relational house storage.
[25/03/2015 15:19:06] Mythus Pvp has logged out.
[25/03/2015 15:19:12] Mythus Top has logged out.
[25/03/2015 15:19:18] Mythus Top has logged in.
[25/03/2015 15:19:24] Mythus Top has logged out.
[25/03/2015 15:19:36] Mythus Pvp has logged in.
[25/03/2015 15:21:36] > Broadcasted message: "Game map cleaning in 1 minute, please pick up all your items.".
[25/03/2015 15:21:46] > Broadcasted message: "Sempre Ao Criar Uma Conta, Pegue A RK Dela No Account Manager Da Conta E Anote, Nunca Passe A Sua Senha Para Outras Pessoas, E Ao Entrar Em Outros OT´s Crie Contas Diferentes Para Não Sofrer HACKED, Não Me Responsabilizo Por Perdas, Obrigado".
[25/03/2015 15:22:07] > CLEAN: Removed 6604 items from 3292 tiles in 0.25 seconds.
[25/03/2015 15:22:07] > Broadcasted message: "Map Cleaned.".
[25/03/2015 15:24:25] Knightzerah Mythus has logged in.
[25/03/2015 15:25:50] Knightzerah Mythus has logged out.
[25/03/2015 15:26:54] Knightzerah Mythus has logged in.
[25/03/2015 15:27:18] Knightzerah Mythus has logged out.
[25/03/2015 15:28:28] Kanguru Jack has logged out.
[25/03/2015 15:29:49] Knight Mortal has logged in.
[25/03/2015 15:30:07] > Broadcasted message: "Para ver as noticias fale !notice".
[25/03/2015 15:30:26] Mythus Top has logged in.
[25/03/2015 15:31:40] Pepe Tcp has logged out.
[25/03/2015 15:31:42] Pepe Tcp has logged in.
[25/03/2015 15:34:31] Mythus Pvp has logged out.
[25/03/2015 15:34:33] Mythus Pvp has logged in.
[25/03/2015 15:37:03] Pepe Tcp has logged out.
[25/03/2015 15:38:13] Pepe Tcp has logged in.
[25/03/2015 15:38:17] > Broadcasted message: "Game map cleaning in 1 minute, please pick up all your items.".
[25/03/2015 15:38:28] > Broadcasted message: "Sempre Ao Criar Uma Conta, Pegue A RK Dela No Account Manager Da Conta E Anote, Nunca Passe A Sua Senha Para Outras Pessoas, E Ao Entrar Em Outros OT´s Crie Contas Diferentes Para Não Sofrer HACKED, Não Me Responsabilizo Por Perdas, Obrigado".
[25/03/2015 15:38:48] > CLEAN: Removed 5922 items from 3241 tiles in 0.234 seconds.
[25/03/2015 15:38:48] > Broadcasted message: "Map Cleaned.".
[25/03/2015 15:41:38] > Saving server...
[25/03/2015 15:41:40] > SAVE: Complete in 2.465 seconds using relational house storage.
[25/03/2015 15:43:34] Pepe Tcp has logged out.
[25/03/2015 15:43:36] Pepe Tcp has logged in.
[25/03/2015 15:43:36] Mythus Top has logged out.
[25/03/2015 15:44:50] Mythus Top has logged in.
[25/03/2015 15:46:49] > Broadcasted message: "Para ver as noticias fale !notice".
[25/03/2015 15:48:56] Pallyzin has logged out.
[25/03/2015 15:53:44] Skiller has logged out.
[25/03/2015 15:54:10] Skiller has logged in.
[25/03/2015 15:54:58] > Broadcasted message: "Game map cleaning in 1 minute, please pick up all your items.".
[25/03/2015 15:55:10] > Broadcasted message: "Novo CLIENTE = http://www.4shared.com/rar/cfxSV4o7ce/Death_PVP.html".
[25/03/2015 15:55:28] > CLEAN: Removed 8832 items from 4560 tiles in 0.25 seconds.
[25/03/2015 15:55:29] > Broadcasted message: "Map Cleaned.".
[25/03/2015 15:57:09] Pallyzin has logged in.
[25/03/2015 16:00:13] Pepe Tcp has logged out.
[25/03/2015 16:00:15] Pepe Tcp has logged in.
[25/03/2015 16:00:25] Pepe Tcp has logged out.
[25/03/2015 16:00:27] Pepe Tcp has logged in.
[25/03/2015 16:01:17] Knight Mortal has logged out.
[25/03/2015 16:01:18] Knight Mortal has logged in.
[25/03/2015 16:02:34] Account Manager has logged in.
[25/03/2015 16:02:42] Account Manager has logged out.
[25/03/2015 16:03:31] > Broadcasted message: "Para comprar bless digite !bless".
[25/03/2015 16:04:19] Account Manager has logged in.
[25/03/2015 16:04:47] Account Manager has logged out.
[25/03/2015 16:04:59] > Saving server...
[25/03/2015 16:05:01] > SAVE: Complete in 2.34 seconds using relational house storage.
[25/03/2015 16:07:02] Pepe Tcp has logged out.
[25/03/2015 16:07:20] Batgol has logged in.
[25/03/2015 16:07:24] Batgol has logged out.
[25/03/2015 16:07:25] Pepe Tcp has logged in.
[25/03/2015 16:07:30] Pepe Tcp has logged out.
[25/03/2015 16:07:32] Pepe Tcp has logged in.
[25/03/2015 16:09:03] Pallyzin has logged out.
[25/03/2015 16:09:29] Mythus Pvp has logged out.
[25/03/2015 16:10:02] Pallyzin has logged in.
[25/03/2015 16:11:22] Mythus Pvp has logged in.
[25/03/2015 16:11:39] > Broadcasted message: "Game map cleaning in 1 minute, please pick up all your items.".
[25/03/2015 16:11:52] > Broadcasted message: "Para comprar bless digite !bless".
[25/03/2015 16:12:10] > CLEAN: Removed 7548 items from 3539 tiles in 0.25 seconds.
[25/03/2015 16:12:10] > Broadcasted message: "Map Cleaned.".
[25/03/2015 16:19:09] Pepe Tcp has logged out.
[25/03/2015 16:19:12] Pepe Tcp has logged in.
[25/03/2015 16:19:41] Pepe Tcp has logged out.
[25/03/2015 16:19:46] Pepe Tcp has logged in.
[25/03/2015 16:20:13] > Broadcasted message: "Sempre Ao Criar Uma Conta, Pegue A RK Dela No Account Manager Da Conta E Anote, Nunca Passe A Sua Senha Para Outras Pessoas, E Ao Entrar Em Outros OT´s Crie Contas Diferentes Para Não Sofrer HACKED, Não Me Responsabilizo Por Perdas, Obrigado".
[25/03/2015 16:28:20] > Saving server...
[25/03/2015 16:28:22] > SAVE: Complete in 2.496 seconds using relational house storage.
[25/03/2015 16:28:22] > Broadcasted message: "Game map cleaning in 1 minute, please pick up all your items.".
[25/03/2015 16:28:34] > Broadcasted message: "Novo CLIENTE = http://www.4shared.com/rar/cfxSV4o7ce/Death_PVP.html".
[25/03/2015 16:28:53] > CLEAN: Removed 5614 items from 2903 tiles in 0.234 seconds.
[25/03/2015 16:28:53] > Broadcasted message: "Map Cleaned.".
[25/03/2015 16:32:34] Knight Mortal has logged out.
[25/03/2015 16:36:55] > Broadcasted message: "Sempre Ao Criar Uma Conta, Pegue A RK Dela No Account Manager Da Conta E Anote, Nunca Passe A Sua Senha Para Outras Pessoas, E Ao Entrar Em Outros OT´s Crie Contas Diferentes Para Não Sofrer HACKED, Não Me Responsabilizo Por Perdas, Obrigado".
[25/03/2015 16:44:41] Knight has logged in.
[25/03/2015 16:45:03] > Broadcasted message: "Game map cleaning in 1 minute, please pick up all your items.".
[25/03/2015 16:45:16] > Broadcasted message: "Para comprar bless digite !bless".
[25/03/2015 16:45:34] > CLEAN: Removed 7635 items from 3890 tiles in 0.234 seconds.
[25/03/2015 16:45:34] > Broadcasted message: "Map Cleaned.".
[25/03/2015 16:49:16] Pepe Tcp has logged out.
[25/03/2015 16:49:18] Pepe Tcp has logged in.
[25/03/2015 16:49:23] Druidzerah Mythus has logged out.
[25/03/2015 16:49:23] Pallyzerah Mythus has logged in.
[25/03/2015 16:49:32] Pallyzerah Mythus has logged out.
[25/03/2015 16:49:33] Druidzerah Mythus has logged in.
[25/03/2015 16:51:41] > Saving server...
[25/03/2015 16:51:43] > SAVE: Complete in 2.294 seconds using relational house storage.
[25/03/2015 16:53:37] > Broadcasted message: "Sempre Ao Criar Uma Conta, Pegue A RK Dela No Account Manager Da Conta E Anote, Nunca Passe A Sua Senha Para Outras Pessoas, E Ao Entrar Em Outros OT´s Crie Contas Diferentes Para Não Sofrer HACKED, Não Me Responsabilizo Por Perdas, Obrigado".
[25/03/2015 16:54:13] Skiller has logged out.
[25/03/2015 16:54:22] Skiller has logged in.
[25/03/2015 16:57:53] Druidzerah Mythus has logged out.
[25/03/2015 16:59:17] Mythus Pvp has logged out.
[25/03/2015 16:59:21] Mythus Pvp has logged in.
[25/03/2015 17:01:44] > Broadcasted message: "Game map cleaning in 1 minute, please pick up all your items.".
[25/03/2015 17:01:58] > Broadcasted message: "Sempre Ao Criar Uma Conta, Pegue A RK Dela No Account Manager Da Conta E Anote, Nunca Passe A Sua Senha Para Outras Pessoas, E Ao Entrar Em Outros OT´s Crie Contas Diferentes Para Não Sofrer HACKED, Não Me Responsabilizo Por Perdas, Obrigado".
[25/03/2015 17:02:15] > CLEAN: Removed 4588 items from 3616 tiles in 0.234 seconds.
[25/03/2015 17:02:15] > Broadcasted message: "Map Cleaned.".
[25/03/2015 17:02:50] Druidzerah Mythus has logged in.
[25/03/2015 17:03:29] Mythus Top has logged out.
[25/03/2015 17:03:32] Kina Top has logged in.
[25/03/2015 17:03:52] Druidzerah Mythus has logged out.
[25/03/2015 17:04:53] Kina Top has logged out.
[25/03/2015 17:04:54] Kina Top has logged in.
[25/03/2015 17:05:01] Kina Top has logged out.
[25/03/2015 17:05:03] Mythus Top has logged in.
[25/03/2015 17:05:25] Mythus Top has logged out.
[25/03/2015 17:05:27] Sofoda has logged in.
[25/03/2015 17:05:54] Sofoda has logged out.
[25/03/2015 17:05:56] Mythus Top has logged in.
[25/03/2015 17:05:59] Knight has logged out.
[25/03/2015 17:06:01] Mythus Top has logged out.
[25/03/2015 17:06:03] Sofoda has logged in.
[25/03/2015 17:09:32] Sofoda has logged out.
[25/03/2015 17:09:35] Mythus Top has logged in.
[25/03/2015 17:10:16] 
[25/03/2015 17:10:16] Lua Script Error: [Npc interface] 
[25/03/2015 17:10:16] (Unknown scriptfile)
[25/03/2015 17:10:16] 
[25/03/2015 17:10:16] luaDoAddContainerItem(). Container not found
[25/03/2015 17:10:19] > Broadcasted message: "Para ver as noticias fale !notice".
[25/03/2015 17:10:35] Mythus Top has logged out.
[25/03/2015 17:10:59] Mythus Pvp has logged out.
[25/03/2015 17:11:01] Mythus Pvp has logged in.
[25/03/2015 17:11:07] Mythus Pvp has logged out.
[25/03/2015 17:12:15] Mythus Top has logged in.
[25/03/2015 17:12:23] Mythus Top has logged out.
[25/03/2015 17:12:25] Sofoda has logged in.
[25/03/2015 17:15:01] Sofoda has logged out.
[25/03/2015 17:15:02] > Saving server...
[25/03/2015 17:15:04] > SAVE: Complete in 1.779 seconds using relational house storage.
[25/03/2015 17:15:08] Sofoda has logged in.
[25/03/2015 17:15:14] Sofoda has logged out.
[25/03/2015 17:15:17] Mythus Top has logged in.
[25/03/2015 17:16:37] Mythus Top has logged out.
[25/03/2015 17:16:43] Sofoda has logged in.
[25/03/2015 17:18:25] > Broadcasted message: "Game map cleaning in 1 minute, please pick up all your items.".
[25/03/2015 17:18:40] > Broadcasted message: "Novo CLIENTE = http://www.4shared.com/rar/cfxSV4o7ce/Death_PVP.html".
[25/03/2015 17:18:53] Pepe Tcp has logged out.
[25/03/2015 17:18:55] > CLEAN: Removed 295 items from 480 tiles in 0.203 seconds.
[25/03/2015 17:18:55] > Broadcasted message: "Map Cleaned.".
[25/03/2015 17:18:56] Pepe Tcp has logged in.
[25/03/2015 17:20:37] Sofoda has logged out.
[25/03/2015 17:20:40] Sofoda has logged in.
[25/03/2015 17:20:53] Sofoda has logged out.
[25/03/2015 17:20:55] Mythus Top has logged in.
[25/03/2015 17:21:55] Mythus Top has logged out.
[25/03/2015 17:21:57] Sofoda has logged in.
[25/03/2015 17:23:52] Sofoda has logged out.
[25/03/2015 17:23:54] Sofoda has logged in.
[25/03/2015 17:24:10] Sofoda has logged out.
[25/03/2015 17:24:11] Mythus Top has logged in.
[25/03/2015 17:25:08] Mythus Top has logged out.
[25/03/2015 17:25:10] Sofoda has logged in.
[25/03/2015 17:27:01] > Broadcasted message: "Sempre Ao Criar Uma Conta, Pegue A RK Dela No Account Manager Da Conta E Anote, Nunca Passe A Sua Senha Para Outras Pessoas, E Ao Entrar Em Outros OT´s Crie Contas Diferentes Para Não Sofrer HACKED, Não Me Responsabilizo Por Perdas, Obrigado".
[25/03/2015 17:29:27] Sofoda has logged out.
[25/03/2015 17:29:29] Mythus Top has logged in.
[25/03/2015 17:30:51] Mythus Top has logged out.
[25/03/2015 17:30:54] Sofoda has logged in.
[25/03/2015 17:30:56] Pepe Tcp has logged out.
[25/03/2015 17:30:58] Batgol has logged in.
[25/03/2015 17:34:49] Sofoda has logged out.
[25/03/2015 17:34:51] Mythus Top has logged in.
[25/03/2015 17:35:06] > Broadcasted message: "Game map cleaning in 1 minute, please pick up all your items.".
[25/03/2015 17:35:22] > Broadcasted message: "Para comprar bless digite !bless".
[25/03/2015 17:35:37] > CLEAN: Removed 167 items from 132 tiles in 0.202 seconds.
[25/03/2015 17:35:37] > Broadcasted message: "Map Cleaned.".
[25/03/2015 17:35:48] Mythus Top has logged out.
[25/03/2015 17:35:51] Sofoda has logged in.
[25/03/2015 17:36:44] Mythus Pvp has logged in.
[25/03/2015 17:38:23] > Saving server...
[25/03/2015 17:38:25] > SAVE: Complete in 2.153 seconds using relational house storage.
[25/03/2015 17:40:59] Sofoda has logged out.
[25/03/2015 17:41:01] Sofoda has logged in.
[25/03/2015 17:41:09] Mythus Pvp has logged out.
[25/03/2015 17:41:13] Mythus Pvp has logged in.
[25/03/2015 17:41:25] Sofoda has logged out.
[25/03/2015 17:41:26] Mythus Top has logged in.
[25/03/2015 17:43:43] > Broadcasted message: "Para comprar bless digite !bless".
[25/03/2015 17:43:51] Pallyzin has logged out.
[25/03/2015 17:46:50] Pallyzin has logged in.
[25/03/2015 17:51:47] > Broadcasted message: "Game map cleaning in 1 minute, please pick up all your items.".
[25/03/2015 17:52:04] > Broadcasted message: "Para comprar bless digite !bless".
[25/03/2015 17:52:18] > CLEAN: Removed 28 items from 37 tiles in 0.171 seconds.
[25/03/2015 17:52:18] > Broadcasted message: "Map Cleaned.".
[25/03/2015 17:53:03] Brumm-bromm has logged in.
[25/03/2015 17:53:10] Skiller has logged out.
[25/03/2015 17:58:20] Batgol has logged out.
[25/03/2015 18:00:25] > Broadcasted message: "Novo CLIENTE = http://www.4shared.com/rar/cfxSV4o7ce/Death_PVP.html".
[25/03/2015 18:01:44] > Saving server...
[25/03/2015 18:01:49] > SAVE: Complete in 4.449 seconds using relational house storage.
[25/03/2015 18:02:11] Brumm-bromm has logged out.
[25/03/2015 18:05:57] Mythus Pvp has logged out.
[25/03/2015 18:06:03] Pallyzin has logged out.
[25/03/2015 18:08:28] > Broadcasted message: "Game map cleaning in 1 minute, please pick up all your items.".
[25/03/2015 18:08:46] > Broadcasted message: "Para ver as noticias fale !notice".
[25/03/2015 18:08:58] > CLEAN: Removed 88 items from 124 tiles in 0.242 seconds.
[25/03/2015 18:08:59] > Broadcasted message: "Map Cleaned.".
[25/03/2015 18:11:54] Knight Mortal has logged in.
[25/03/2015 18:15:15] Skiller has logged in.
[25/03/2015 18:17:07] > Broadcasted message: "Sempre Ao Criar Uma Conta, Pegue A RK Dela No Account Manager Da Conta E Anote, Nunca Passe A Sua Senha Para Outras Pessoas, E Ao Entrar Em Outros OT´s Crie Contas Diferentes Para Não Sofrer HACKED, Não Me Responsabilizo Por Perdas, Obrigado".
[25/03/2015 18:25:05] > Saving server...
[25/03/2015 18:25:07] > SAVE: Complete in 2.569 seconds using relational house storage.
[25/03/2015 18:25:09] > Broadcasted message: "Game map cleaning in 1 minute, please pick up all your items.".
[25/03/2015 18:25:28] > Broadcasted message: "Para ver as noticias fale !notice".
[25/03/2015 18:25:40] > CLEAN: Removed 2480 items from 1798 tiles in 0.389 seconds.
[25/03/2015 18:25:40] > Broadcasted message: "Map Cleaned.".
[25/03/2015 18:30:44] Knight Mortal has logged out.
[25/03/2015 18:30:46] Knight Mortal has logged in.
[25/03/2015 18:32:05] Skiller has logged out.
[25/03/2015 18:33:49] > Broadcasted message: "Novo CLIENTE = http://www.4shared.com/rar/cfxSV4o7ce/Death_PVP.html".
[25/03/2015 18:35:38] Mythus Top has logged out.
[25/03/2015 18:41:50] > Broadcasted message: "Game map cleaning in 1 minute, please pick up all your items.".
[25/03/2015 18:42:10] > Broadcasted message: "Sempre Ao Criar Uma Conta, Pegue A RK Dela No Account Manager Da Conta E Anote, Nunca Passe A Sua Senha Para Outras Pessoas, E Ao Entrar Em Outros OT´s Crie Contas Diferentes Para Não Sofrer HACKED, Não Me Responsabilizo Por Perdas, Obrigado".
[25/03/2015 18:42:21] > CLEAN: Removed 806 items from 718 tiles in 0.228 seconds.
[25/03/2015 18:42:21] > Broadcasted message: "Map Cleaned.".
[25/03/2015 18:44:11] Knight Mortal has logged out.
[25/03/2015 18:44:13] Knight Mortal has logged in.
[25/03/2015 18:48:19] Brumm-bromm has logged in.
[25/03/2015 18:48:26] > Saving server...
[25/03/2015 18:48:28] > SAVE: Complete in 1.912 seconds using relational house storage.
[25/03/2015 18:50:31] > Broadcasted message: "Sempre Ao Criar Uma Conta, Pegue A RK Dela No Account Manager Da Conta E Anote, Nunca Passe A Sua Senha Para Outras Pessoas, E Ao Entrar Em Outros OT´s Crie Contas Diferentes Para Não Sofrer HACKED, Não Me Responsabilizo Por Perdas, Obrigado".
[25/03/2015 18:51:49] Brumm-bromm has logged out.
[25/03/2015 18:58:31] > Broadcasted message: "Game map cleaning in 1 minute, please pick up all your items.".
[25/03/2015 18:58:52] > Broadcasted message: "Para ver as noticias fale !notice".
[25/03/2015 18:59:02] > CLEAN: Removed 86 items from 71 tiles in 0.289 seconds.
[25/03/2015 18:59:02] > Broadcasted message: "Map Cleaned.".
[25/03/2015 18:59:23] Skiller has logged in.
[25/03/2015 19:02:23] Mythus Top has logged in.
[25/03/2015 19:03:45] Knight Mortal has logged out.
[25/03/2015 19:07:13] > Broadcasted message: "Para ver as noticias fale !notice".
[25/03/2015 19:11:47] > Saving server...
[25/03/2015 19:11:49] > SAVE: Complete in 1.898 seconds using relational house storage.
[25/03/2015 19:15:12] > Broadcasted message: "Game map cleaning in 1 minute, please pick up all your items.".
[25/03/2015 19:15:34] > Broadcasted message: "Para comprar bless digite !bless".
[25/03/2015 19:15:43] > CLEAN: Removed 13 items from 31 tiles in 0.223 seconds.
[25/03/2015 19:15:43] > Broadcasted message: "Map Cleaned.".
[25/03/2015 19:16:03] Mythus Top has logged out.
[25/03/2015 19:16:06] Mythus Top has logged in.
[25/03/2015 19:23:28] Mythus Pvp has logged in.
[25/03/2015 19:23:55] > Broadcasted message: "Novo CLIENTE = http://www.4shared.com/rar/cfxSV4o7ce/Death_PVP.html".
[25/03/2015 19:31:53] > Broadcasted message: "Game map cleaning in 1 minute, please pick up all your items.".
[25/03/2015 19:32:16] > Broadcasted message: "Para comprar bless digite !bless".
[25/03/2015 19:32:23] > CLEAN: Removed 8 items from 39 tiles in 0.225 seconds.
[25/03/2015 19:32:24] > Broadcasted message: "Map Cleaned.".
[25/03/2015 19:33:17] Mythus Pvp has logged out.
[25/03/2015 19:35:08] > Saving server...
[25/03/2015 19:35:10] > SAVE: Complete in 1.732 seconds using relational house storage.
[25/03/2015 19:40:37] > Broadcasted message: "Sempre Ao Criar Uma Conta, Pegue A RK Dela No Account Manager Da Conta E Anote, Nunca Passe A Sua Senha Para Outras Pessoas, E Ao Entrar Em Outros OT´s Crie Contas Diferentes Para Não Sofrer HACKED, Não Me Responsabilizo Por Perdas, Obrigado".
[25/03/2015 19:48:34] > Broadcasted message: "Game map cleaning in 1 minute, please pick up all your items.".
[25/03/2015 19:48:58] > Broadcasted message: "Novo CLIENTE = http://www.4shared.com/rar/cfxSV4o7ce/Death_PVP.html".
[25/03/2015 19:49:05] > CLEAN: Removed 3 items from 17 tiles in 0.189 seconds.
[25/03/2015 19:49:05] > Broadcasted message: "Map Cleaned.".
[25/03/2015 19:51:46] Mythus Top has logged out.
[25/03/2015 19:51:59] Matanza has logged in.
[25/03/2015 19:52:19] Mythus Pvp has logged in.
[25/03/2015 19:52:36] Nadador Knight has logged in.
[25/03/2015 19:54:38] Mythus Pvp has logged out.
[25/03/2015 19:54:42] Mythus Pvp has logged in.
[25/03/2015 19:56:20] Mythus Top has logged in.
[25/03/2015 19:57:19] > Broadcasted message: "Para ver as noticias fale !notice".
[25/03/2015 19:58:29] > Saving server...
[25/03/2015 19:58:31] > SAVE: Complete in 2.087 seconds using relational house storage.
[25/03/2015 20:01:32] Mythus Pvp has logged out.
[25/03/2015 20:01:50] Mythus Top has logged out.
[25/03/2015 20:01:55] Mythus Top has logged in.
[25/03/2015 20:02:05] Mythus Pvp has logged in.
[25/03/2015 20:05:15] > Broadcasted message: "Game map cleaning in 1 minute, please pick up all your items.".
[25/03/2015 20:05:40] > Broadcasted message: "Para comprar bless digite !bless".
[25/03/2015 20:05:45] > CLEAN: Removed 194 items from 185 tiles in 0.194 seconds.
[25/03/2015 20:05:46] > Broadcasted message: "Map Cleaned.".
[25/03/2015 20:08:34] Nadador Knight has logged out.
[25/03/2015 20:08:37] Nadador Knight has logged in.
[25/03/2015 20:09:06] Matanza has logged out.
[25/03/2015 20:09:11] Thiago Matado has logged in.
[25/03/2015 20:09:42] Skiller has logged out.
[25/03/2015 20:10:04] Skiller has logged in.
[25/03/2015 20:10:41] Mythus Pvp has logged out.
[25/03/2015 20:10:44] Mythus Pvp has logged in.
[25/03/2015 20:12:56] Mythus Top has logged out.
[25/03/2015 20:14:01] > Broadcasted message: "Sempre Ao Criar Uma Conta, Pegue A RK Dela No Account Manager Da Conta E Anote, Nunca Passe A Sua Senha Para Outras Pessoas, E Ao Entrar Em Outros OT´s Crie Contas Diferentes Para Não Sofrer HACKED, Não Me Responsabilizo Por Perdas, Obrigado".
[25/03/2015 20:14:08] Mythus Top has logged in.
[25/03/2015 20:15:52] Nadador Knight has logged out.
[25/03/2015 20:16:14] Mythus Top has logged out.
[25/03/2015 20:16:15] Mythus Top has logged in.
[25/03/2015 20:16:30] Mythus Pvp has logged out.
[25/03/2015 20:20:51] Account Manager has logged in.
[25/03/2015 20:21:03] Characcter has logged in.
[25/03/2015 20:21:04] Account Manager has logged out.
[25/03/2015 20:21:05] Account Manager has logged in.
[25/03/2015 20:21:06] Account Manager has logged out.
[25/03/2015 20:21:14] Pallyzin has logged in.
[25/03/2015 20:21:50] > Saving server...
[25/03/2015 20:21:53] > SAVE: Complete in 2.373 seconds using relational house storage.
[25/03/2015 20:21:56] > Broadcasted message: "Game map cleaning in 1 minute, please pick up all your items.".
[25/03/2015 20:22:22] > Broadcasted message: "Para comprar bless digite !bless".
[25/03/2015 20:22:27] > CLEAN: Removed 2281 items from 2320 tiles in 0.546 seconds.
[25/03/2015 20:22:27] > Broadcasted message: "Map Cleaned.".
[25/03/2015 20:27:25] Pallyzin has logged out.
[25/03/2015 20:27:32] Pallyzin has logged in.
[25/03/2015 20:29:51] Mythus Top has logged out.
[25/03/2015 20:29:53] Mythus Top has logged in.
[25/03/2015 20:30:43] > Broadcasted message: "Para ver as noticias fale !notice".
[25/03/2015 20:31:24] Characcter has logged out.
[25/03/2015 20:31:25] Characcter has logged in.
[25/03/2015 20:36:21] Mythus Pvp has logged in.
[25/03/2015 20:36:23] Characcter has logged out.
[25/03/2015 20:36:25] Characcter has logged in.
[25/03/2015 20:38:37] > Broadcasted message: "Game map cleaning in 1 minute, please pick up all your items.".
[25/03/2015 20:39:04] > Broadcasted message: "Para comprar bless digite !bless".
[25/03/2015 20:39:07] > CLEAN: Removed 2173 items from 2761 tiles in 0.474 seconds.
[25/03/2015 20:39:08] > Broadcasted message: "Map Cleaned.".
[25/03/2015 20:40:55] Pallyzin has logged out.
[25/03/2015 20:41:23] Pallyzin has logged in.
[25/03/2015 20:41:42] Pallyzin has logged out.
[25/03/2015 20:41:44] Pallyzin has logged in.
[25/03/2015 20:41:51] Characcter has logged out.
[25/03/2015 20:43:26] Account Manager has logged in.
[25/03/2015 20:43:27] Account Manager has logged out.
[25/03/2015 20:43:28] Account Manager has logged in.
[25/03/2015 20:43:29] Account Manager has logged out.
[25/03/2015 20:43:38] Characcter has logged in.
[25/03/2015 20:44:21] Pallyzin has logged out.
[25/03/2015 20:44:24] Knight Mortal has logged in.
[25/03/2015 20:44:28] Hashi has logged in.
[25/03/2015 20:44:43] Pallyzin has logged in.
[25/03/2015 20:45:11] > Saving server...
[25/03/2015 20:45:14] > SAVE: Complete in 2.703 seconds using relational house storage.
[25/03/2015 20:45:49] Pallyzin has logged out.
[25/03/2015 20:46:32] Thiago Matado has logged out.
[25/03/2015 20:46:34] Thiago Matado has logged in.
[25/03/2015 20:47:25] > Broadcasted message: "Para comprar bless digite !bless".
[25/03/2015 20:48:09] Pallyzin has logged in.
[25/03/2015 20:49:21] Pallyzin has logged out.
[25/03/2015 20:50:17] Pallyzin has logged in.
[25/03/2015 20:50:36] Knight Mortal has logged out.
[25/03/2015 20:50:38] Knight Mortal has logged in.
[25/03/2015 20:51:36] Knight Mortal has logged out.
[25/03/2015 20:51:38] Knight Mortal has logged in.
[25/03/2015 20:52:57] Magezin Sapeca has logged in.
[25/03/2015 20:53:16] Pallyzin has logged out.
[25/03/2015 20:53:38] Magezin Sapeca has logged out.
[25/03/2015 20:54:15] Thiago Matado has logged out.
[25/03/2015 20:54:26] Thiago Matado has logged in.
[25/03/2015 20:54:39] Thiago Matado has logged out.
[25/03/2015 20:54:40] Pallyzin has logged in.
[25/03/2015 20:54:41] Matanza has logged in.
[25/03/2015 20:55:18] > Broadcasted message: "Game map cleaning in 1 minute, please pick up all your items.".
[25/03/2015 20:55:21] Magezin Sapeca has logged in.
[25/03/2015 20:55:46] > Broadcasted message: "Para ver as noticias fale !notice".
[25/03/2015 20:55:48] > CLEAN: Removed 132 items from 310 tiles in 0.188 seconds.
[25/03/2015 20:55:48] > Broadcasted message: "Map Cleaned.".
[25/03/2015 20:55:57] Pallyzin has logged out.
[25/03/2015 20:56:28] Knight Mortal has logged out.
[25/03/2015 20:56:30] Knight Mortal has logged in.
[25/03/2015 20:56:50] Matanza has logged out.
[25/03/2015 20:56:55] Matanza has logged in.
[25/03/2015 20:56:57] Matanza has logged out.
[25/03/2015 20:56:59] Thiago Matado has logged in.
[25/03/2015 20:57:24] Hashi has logged out.
[25/03/2015 20:57:26] Hashi has logged in.
[25/03/2015 20:57:31] Pallyzin has logged in.
[25/03/2015 20:57:47] Thiago Matado has logged out.
[25/03/2015 20:58:19] Knight Mortal has logged out.
[25/03/2015 20:58:21] Knight Mortal has logged in.
[25/03/2015 20:58:26] Thiago Matado has logged in.
[25/03/2015 20:58:47] Thiago Matado has logged out.
[25/03/2015 20:58:56] Thiago Matado has logged in.
[25/03/2015 20:59:13] Thiago Matado has logged out.
[25/03/2015 20:59:15] Thiago Matado has logged in.
[25/03/2015 20:59:18] Knight Mortal has logged out.
[25/03/2015 20:59:19] Hashi has logged out.
[25/03/2015 20:59:20] Knight Mortal has logged in.
[25/03/2015 20:59:21] Hashi has logged in.
[25/03/2015 20:59:38] Magezin Sapeca has logged out.
[25/03/2015 20:59:39] Magezin Sapeca has logged in.
[25/03/2015 20:59:39] Magezin Sapeca has logged out.
[25/03/2015 20:59:53] Thiago Matado has logged out.
[25/03/2015 20:59:56] Thiago Matado has logged in.
[25/03/2015 21:01:00] Thiago Matado has logged out.
[25/03/2015 21:01:02] Account Manager has logged in.
[25/03/2015 21:01:03] Mythus Pvp has logged out.
[25/03/2015 21:01:05] Mythus Pvp has logged in.
[25/03/2015 21:01:28] Jean has logged in.
[25/03/2015 21:01:35] Account Manager has logged out.
[25/03/2015 21:01:42] Ozambinladi has logged in.
[25/03/2015 21:01:59] Jean has logged out.
[25/03/2015 21:02:00] Fakedoi has logged in.
[25/03/2015 21:03:06] Ozambinladi has logged out.
[25/03/2015 21:03:09] Thiago Matado has logged in.
[25/03/2015 21:03:19] Magezin Sapeca has logged in.
[25/03/2015 21:03:48] Mythus Pvp has logged out.
[25/03/2015 21:03:50] Mythus Pvp has logged in.
[25/03/2015 21:04:07] > Broadcasted message: "Para comprar bless digite !bless".
[25/03/2015 21:04:30] Fakedoi has logged out.
[25/03/2015 21:04:31] Jean has logged in.
[25/03/2015 21:04:34] Thiago Matado has logged out.
[25/03/2015 21:04:36] Ozambinladi has logged in.
[25/03/2015 21:04:39] > Broadcasted message: "Ice Lord esta atacando o templo com seu set perfeito.".
[25/03/2015 21:04:46] Ozambinladi has logged out.
[25/03/2015 21:04:57] Account Manager has logged in.
[25/03/2015 21:05:04] Account Manager has logged out.
[25/03/2015 21:06:05] Ozambinladi has logged in.
[25/03/2015 21:06:20] Ozambinladi has logged out.
[25/03/2015 21:06:22] Matanza has logged in.
[25/03/2015 21:07:01] Matanza has logged out.
[25/03/2015 21:07:02] Thiago Matado has logged in.
[25/03/2015 21:07:20] Pallyzin has logged out.
[25/03/2015 21:07:22] Pallyzin has logged in.
[25/03/2015 21:07:47] Thiago Matado has logged out.
[25/03/2015 21:07:52] Thiago Matado has logged in.
[25/03/2015 21:07:57] Hashi has logged out.
[25/03/2015 21:07:59] Haas has logged in.
[25/03/2015 21:08:32] > Saving server...
[25/03/2015 21:08:35] > SAVE: Complete in 3.135 seconds using relational house storage.
[25/03/2015 21:10:08] Knight Mortal has logged out.
[25/03/2015 21:10:10] Knight Mortal has logged in.
[25/03/2015 21:10:14] Mythus Pvp has logged out.
[25/03/2015 21:10:15] Mythus Pvp has logged in.
[25/03/2015 21:11:59] > Broadcasted message: "Game map cleaning in 1 minute, please pick up all your items.".
[25/03/2015 21:12:28] > Broadcasted message: "Novo CLIENTE = http://www.4shared.com/rar/cfxSV4o7ce/Death_PVP.html".
[25/03/2015 21:12:30] > CLEAN: Removed 138 items from 303 tiles in 0.234 seconds.
[25/03/2015 21:12:30] > Broadcasted message: "Map Cleaned.".
[25/03/2015 21:12:50] Haas has logged out.
[25/03/2015 21:12:52] Hashi has logged in.
[25/03/2015 21:12:59] Hashi has logged out.
[25/03/2015 21:13:01] Haas has logged in.
[25/03/2015 21:13:28] Mythus Top has logged out.
[25/03/2015 21:14:00] Skiller has logged out.
[25/03/2015 21:14:02] Account Manager has logged in.
[25/03/2015 21:14:17] Account Manager has logged out.
[25/03/2015 21:14:18] Account Manager has logged in.
[25/03/2015 21:14:21] Account Manager has logged out.
[25/03/2015 21:14:30] Skiller has logged in.
[25/03/2015 21:15:40] Mythus Pvp has logged out.
[25/03/2015 21:15:42] Mythus Pvp has logged in.
[25/03/2015 21:17:20] Account Manager has logged in.
[25/03/2015 21:18:31] Account Manager has logged out.
[25/03/2015 21:20:49] > Broadcasted message: "Sempre Ao Criar Uma Conta, Pegue A RK Dela No Account Manager Da Conta E Anote, Nunca Passe A Sua Senha Para Outras Pessoas, E Ao Entrar Em Outros OT´s Crie Contas Diferentes Para Não Sofrer HACKED, Não Me Responsabilizo Por Perdas, Obrigado".
[25/03/2015 21:22:29] > Saving server...
[25/03/2015 21:22:32] > SAVE: Complete in 2.808 seconds using relational house storage.
[25/03/2015 21:22:33] Jean has logged out.
[25/03/2015 21:22:40] Knight Mortal has logged out.
[25/03/2015 21:22:41] Knight Mortal has logged in.
[25/03/2015 21:25:12] Cheguei No Pistao has logged in.
[25/03/2015 21:25:13] Account Manager has logged in.
[25/03/2015 21:25:16] Account Manager has logged out.
[25/03/2015 21:25:18] Tibbers has logged in.
[25/03/2015 21:25:46] Cheguei No Pistao has logged out.
[25/03/2015 21:26:00] Knight Mortal has logged out.
[25/03/2015 21:26:02] Knight Mortal has logged in.
[25/03/2015 21:26:10] Pallyzin has logged out.
[25/03/2015 21:26:39] Pallyzin has logged in.
[25/03/2015 21:27:12] Tibbers has logged out.
[25/03/2015 21:28:40] > Broadcasted message: "Game map cleaning in 1 minute, please pick up all your items.".
[25/03/2015 21:29:10] > Broadcasted message: "Para ver as noticias fale !notice".
[25/03/2015 21:29:11] > CLEAN: Removed 115 items from 175 tiles in 0.776 seconds.
[25/03/2015 21:29:12] > Broadcasted message: "Map Cleaned.".
[25/03/2015 21:31:53] > Saving server...
[25/03/2015 21:31:56] > SAVE: Complete in 2.913 seconds using relational house storage.
[25/03/2015 21:34:06] Thiago Matado has logged out.
[25/03/2015 21:34:08] Ozambinladi has logged in.
[25/03/2015 21:34:28] Ozambinladi has logged out.
[25/03/2015 21:34:47] Ozambinladi has logged in.
[25/03/2015 21:35:11] Ozambinladi has logged out.
[25/03/2015 21:35:13] Thiago Matado has logged in.
[25/03/2015 21:35:31] Thiago Matado has logged out.
[25/03/2015 21:35:33] Ozambinladi has logged in.
[25/03/2015 21:37:31] > Broadcasted message: "Para comprar bless digite !bless".
[25/03/2015 21:38:08] Knight Mortal has logged out.
[25/03/2015 21:38:10] Knight Mortal has logged in.
[25/03/2015 21:38:29] Ozambinladi has logged out.
[25/03/2015 21:38:31] Thiago Matado has logged in.
[25/03/2015 21:38:54] Knight Mortal has logged out.
[25/03/2015 21:38:56] Knight Mortal has logged in.
[25/03/2015 21:39:27] Thiago Matado has logged out.
[25/03/2015 21:39:30] Ozambinladi has logged in.
[25/03/2015 21:39:57] Ozambinladi has logged out.
[25/03/2015 21:39:59] Thiago Matado has logged in.
[25/03/2015 21:40:20] Thiago Matado has logged out.
[25/03/2015 21:40:27] Thiago Matado has logged in.
[25/03/2015 21:40:36] Thiago Matado has logged out.
[25/03/2015 21:40:38] Ozambinladi has logged in.
[25/03/2015 21:41:19] Ozambinladi has logged out.
[25/03/2015 21:41:22] Ozambinladi has logged in.
[25/03/2015 21:42:41] Pallyzin has logged out.
[25/03/2015 21:43:11] Knightzerah Mythus has logged in.
[25/03/2015 21:44:26] Knightzerah Mythus has logged out.
[25/03/2015 21:44:29] Knightzerah Mythus has logged in.
[25/03/2015 21:45:21] > Broadcasted message: "Game map cleaning in 1 minute, please pick up all your items.".
[25/03/2015 21:45:49] Pallyzin has logged in.
[25/03/2015 21:45:51] > CLEAN: Removed 98 items from 208 tiles in 0.231 seconds.
[25/03/2015 21:45:52] > Broadcasted message: "Map Cleaned.".
[25/03/2015 21:45:52] > Broadcasted message: "Para ver as noticias fale !notice".
[25/03/2015 21:46:33] Ozambinladi has logged out.
[25/03/2015 21:47:25] Knight Mortal has logged out.
[25/03/2015 21:47:26] Knightzerah Mythus has logged out.
[25/03/2015 21:47:27] Knight Mortal has logged in.
[25/03/2015 21:47:29] Knightzerah Mythus has logged in.
[25/03/2015 21:47:47] Magezin Sapeca has logged out.
[25/03/2015 21:48:11] Pallyzin has logged out.
[25/03/2015 21:49:07] Characcter has logged out.
[25/03/2015 21:49:20] Pallyzin has logged in.
[25/03/2015 21:52:34] Mythus Pvp has logged out.
[25/03/2015 21:52:46] Mythus Top has logged in.
[25/03/2015 21:54:13] > Broadcasted message: "Sempre Ao Criar Uma Conta, Pegue A RK Dela No Account Manager Da Conta E Anote, Nunca Passe A Sua Senha Para Outras Pessoas, E Ao Entrar Em Outros OT´s Crie Contas Diferentes Para Não Sofrer HACKED, Não Me Responsabilizo Por Perdas, Obrigado".
[25/03/2015 21:55:14] Haas has logged out.
[25/03/2015 21:55:14] > Saving server...
[25/03/2015 21:55:17] > SAVE: Complete in 2.138 seconds using relational house storage.
[25/03/2015 21:55:20] Pallyzin has logged out.
[25/03/2015 21:55:57] Knightzerah Mythus has logged out.
[25/03/2015 21:56:00] Pallyzeraah Mythus has logged in.
[25/03/2015 21:56:53] Pallyzeraah Mythus has logged out.
[25/03/2015 21:57:00] Pallyzeraah Mythus has logged in.
[25/03/2015 21:57:04] Pallyzeraah Mythus has logged out.
[25/03/2015 21:57:07] Knightzerah Mythus has logged in.
[25/03/2015 21:57:09] Pallyzin has logged in.
[25/03/2015 21:57:55] Knightzerah Mythus has logged out.
[25/03/2015 21:57:58] Knightzerah Mythus has logged in.
[25/03/2015 22:02:02] > Broadcasted message: "Game map cleaning in 1 minute, please pick up all your items.".
[25/03/2015 22:02:33] > CLEAN: Removed 7 items from 13 tiles in 0.187 seconds.
[25/03/2015 22:02:33] > Broadcasted message: "Map Cleaned.".
[25/03/2015 22:02:34] > Broadcasted message: "Para comprar bless digite !bless".
[25/03/2015 22:04:57] Knightzerah Mythus has logged out.
[25/03/2015 22:04:59] Pallyzeraah Mythus has logged in.
[25/03/2015 22:05:08] Pallyzeraah Mythus has logged out.
[25/03/2015 22:05:26] Skise Da Xurupita has logged in.
[25/03/2015 22:05:58] Skise Da Xurupita has logged out.
[25/03/2015 22:06:23] Skise Da Xurupita has logged in.
[25/03/2015 22:08:31] Skise Da Xurupita has logged out.
[25/03/2015 22:08:35] Pallyzin has logged out.
[25/03/2015 22:08:48] Mythus Pvp has logged in.
[25/03/2015 22:10:19] Pallyzin has logged in.
[25/03/2015 22:10:47] Mythus Pvp has logged out.
[25/03/2015 22:10:49] Account Manager has logged in.
[25/03/2015 22:10:55] > Broadcasted message: "Para comprar bless digite !bless".
[25/03/2015 22:11:50] Account Manager has logged out.
[25/03/2015 22:12:10] Dead Mort has logged in.
[25/03/2015 22:14:02] Pallyzin has logged out.
[25/03/2015 22:17:25] Knight Mortal has logged out.
[25/03/2015 22:18:35] > Saving server...
[25/03/2015 22:18:37] > SAVE: Complete in 1.861 seconds using relational house storage.
[25/03/2015 22:18:43] > Broadcasted message: "Game map cleaning in 1 minute, please pick up all your items.".
[25/03/2015 22:18:53] Dead Mort has logged out.
[25/03/2015 22:18:55] Mythus Pvp has logged in.
[25/03/2015 22:19:02] Pallyzin has logged in.
[25/03/2015 22:19:13] > CLEAN: Removed 3 items from 12 tiles in 0.192 seconds.
[25/03/2015 22:19:13] > Broadcasted message: "Map Cleaned.".
[25/03/2015 22:19:16] > Broadcasted message: "Para ver as noticias fale !notice".
[25/03/2015 22:27:37] > Broadcasted message: "Novo CLIENTE = http://www.4shared.com/rar/cfxSV4o7ce/Death_PVP.html".
[25/03/2015 22:28:26] Mythus Top has logged out.
[25/03/2015 22:28:49] Pallyzin has logged out.
[25/03/2015 22:28:51] Pallyzin has logged in.
[25/03/2015 22:29:03] Pallyzin has logged out.
[25/03/2015 22:29:05] Pallyzin has logged in.
[25/03/2015 22:29:29] Mateus has logged in.
[25/03/2015 22:30:02] Pallyzin has logged out.
[25/03/2015 22:30:05] Account Manager has logged in.
[25/03/2015 22:31:09] Account Manager has logged out.
[25/03/2015 22:31:11] Pallyzin has logged in.
[25/03/2015 22:34:30] Account Manager has logged in.
[25/03/2015 22:34:46] Account Manager has logged out.
[25/03/2015 22:34:48] Account Manager has logged in.
[25/03/2015 22:34:49] Account Manager has logged out.
[25/03/2015 22:35:09] Haas has logged in.
[25/03/2015 22:35:14] Mythus Pvp has logged out.
[25/03/2015 22:35:15] Pallyzin has logged out.
[25/03/2015 22:35:24] > Broadcasted message: "Game map cleaning in 1 minute, please pick up all your items.".
[25/03/2015 22:35:38] Mythus Top has logged in.
[25/03/2015 22:35:54] > CLEAN: Removed 705 items from 367 tiles in 0.312 seconds.
[25/03/2015 22:35:55] > Broadcasted message: "Map Cleaned.".
[25/03/2015 22:35:58] > Broadcasted message: "Sempre Ao Criar Uma Conta, Pegue A RK Dela No Account Manager Da Conta E Anote, Nunca Passe A Sua Senha Para Outras Pessoas, E Ao Entrar Em Outros OT´s Crie Contas Diferentes Para Não Sofrer HACKED, Não Me Responsabilizo Por Perdas, Obrigado".
[25/03/2015 22:36:51] Skiller has logged out.
[25/03/2015 22:37:23] Knight castiga has logged in.
[25/03/2015 22:37:24] Knight castiga has logged out.
[25/03/2015 22:37:43] Pallyzin has logged in.
[25/03/2015 22:37:45] Coronel Brandock has logged in.
[25/03/2015 22:37:46] Coronel Brandock has logged out.
[25/03/2015 22:37:52] Skiller has logged in.
[25/03/2015 22:37:59] Coronel Brandock has logged in.
[25/03/2015 22:38:00] Coronel Brandock has logged out.
[25/03/2015 22:38:01] Characcter has logged in.
[25/03/2015 22:38:21] Characcter has logged out.
[25/03/2015 22:38:22] 
[25/03/2015 22:38:22] Lua Script Error: [Spell Interface] 
[25/03/2015 22:38:22] in a timer event called from: 
[25/03/2015 22:38:22] data/spells/scripts/max power rune.lua:onCastSpell
[25/03/2015 22:38:23] 
[25/03/2015 22:38:23] luaDoCombat(). Creature not found
[25/03/2015 22:38:23] 
[25/03/2015 22:38:23] Lua Script Error: [Spell Interface] 
[25/03/2015 22:38:23] in a timer event called from: 
[25/03/2015 22:38:23] data/spells/scripts/max power rune.lua:onCastSpell
[25/03/2015 22:38:24] 
[25/03/2015 22:38:24] luaDoCombat(). Creature not found
[25/03/2015 22:38:24] 
[25/03/2015 22:38:24] Lua Script Error: [Spell Interface] 
[25/03/2015 22:38:24] in a timer event called from: 
[25/03/2015 22:38:24] data/spells/scripts/max power rune.lua:onCastSpell
[25/03/2015 22:38:25] 
[25/03/2015 22:38:25] luaDoCombat(). Creature not found
[25/03/2015 22:38:25] 
[25/03/2015 22:38:25] Lua Script Error: [Spell Interface] 
[25/03/2015 22:38:25] in a timer event called from: 
[25/03/2015 22:38:25] data/spells/scripts/max power rune.lua:onCastSpell
[25/03/2015 22:38:26] 
[25/03/2015 22:38:26] luaDoCombat(). Creature not found
[25/03/2015 22:38:27] Characcter has logged in.
[25/03/2015 22:39:32] Pallyzin has logged out.
[25/03/2015 22:39:57] Pallyzin has logged in.
[25/03/2015 22:41:13] Characcter has logged out.
[25/03/2015 22:41:14] Characcter has logged in.
[25/03/2015 22:41:44] Haas has logged out.
[25/03/2015 22:41:45] Haas has logged in.
[25/03/2015 22:41:56] > Saving server...
[25/03/2015 22:41:58] > SAVE: Complete in 2.247 seconds using relational house storage.
[25/03/2015 22:42:45] Mateus has logged out.
[25/03/2015 22:42:46] Mateus has logged in.
[25/03/2015 22:43:06] > CLEAN: Removed 15 items from 18 tiles in 0.234 seconds.
[25/03/2015 22:43:49] Mythus Pvp has logged in.
[25/03/2015 22:44:19] > Broadcasted message: "Novo CLIENTE = http://www.4shared.com/rar/cfxSV4o7ce/Death_PVP.html".
[25/03/2015 22:45:01] Characcter has logged out.
[25/03/2015 22:45:03] Characcter has logged in.
[25/03/2015 22:45:03] Pallyzin has logged out.
[25/03/2015 22:45:30] Pallyzin has logged in.
[25/03/2015 22:45:31] Mythus Pvp has logged out.
[25/03/2015 22:45:32] Mythus Pvp has logged in.
[25/03/2015 22:45:36] Characcter has logged out.
[25/03/2015 22:45:59] Pallyzin has logged out.
[25/03/2015 22:47:31] Pallyzin has logged in.
[25/03/2015 22:48:48] Pallyzin has logged out.
[25/03/2015 22:52:05] > Broadcasted message: "Game map cleaning in 1 minute, please pick up all your items.".
[25/03/2015 22:52:06] Mateus has logged out.
[25/03/2015 22:52:36] > CLEAN: Removed 2 items from 7 tiles in 0.188 seconds.
[25/03/2015 22:52:36] > Broadcasted message: "Map Cleaned.".
[25/03/2015 22:52:40] > Broadcasted message: "Sempre Ao Criar Uma Conta, Pegue A RK Dela No Account Manager Da Conta E Anote, Nunca Passe A Sua Senha Para Outras Pessoas, E Ao Entrar Em Outros OT´s Crie Contas Diferentes Para Não Sofrer HACKED, Não Me Responsabilizo Por Perdas, Obrigado".
[25/03/2015 22:59:02] Characcter has logged in.
[25/03/2015 22:59:39] Characcter has logged out.
[25/03/2015 22:59:40] Characcter has logged in.
[25/03/2015 23:01:01] > Broadcasted message: "Para comprar bless digite !bless".
[25/03/2015 23:01:12] Characcter has logged out.
[25/03/2015 23:01:16] Jean has logged in.
[25/03/2015 23:01:54] Jean has logged out.
[25/03/2015 23:04:44] Haas has logged out.
[25/03/2015 23:04:47] Haas has logged in.
[25/03/2015 23:05:17] > Saving server...
[25/03/2015 23:05:19] > SAVE: Complete in 2.185 seconds using relational house storage.
[25/03/2015 23:08:46] > Broadcasted message: "Game map cleaning in 1 minute, please pick up all your items.".
[25/03/2015 23:09:16] > CLEAN: Removed 2 items from 12 tiles in 0.2 seconds.
[25/03/2015 23:09:16] > Broadcasted message: "Map Cleaned.".
[25/03/2015 23:09:22] > Broadcasted message: "Para ver as noticias fale !notice".
[25/03/2015 23:14:23] Haas has logged out.
[25/03/2015 23:14:24] Haas has logged in.
[25/03/2015 23:14:28] Haas has logged out.
[25/03/2015 23:14:30] Haas has logged in.
[25/03/2015 23:14:31] Haas has logged out.
[25/03/2015 23:15:16] Skiller has logged out.
[25/03/2015 23:15:22] Account Manager has logged in.
[25/03/2015 23:15:30] Account Manager has logged out.
[25/03/2015 23:15:47] Hashi has logged in.
[25/03/2015 23:16:17] Mythus Pvp has logged out.
[25/03/2015 23:16:34] Honda has logged in.
[25/03/2015 23:16:37] Druidzerah Mythus has logged in.
[25/03/2015 23:17:43] > Broadcasted message: "Para comprar bless digite !bless".
[25/03/2015 23:17:54] Honda has logged out.
[25/03/2015 23:17:56] Honda has logged in.
[25/03/2015 23:18:30] Honda has logged out.
[25/03/2015 23:18:32] Honda has logged in.
[25/03/2015 23:19:10] Honda has logged out.
[25/03/2015 23:19:11] Honda has logged in.
[25/03/2015 23:19:33] Honda has logged out.
[25/03/2015 23:19:34] Honda has logged in.
[25/03/2015 23:19:48] Honda has logged out.
[25/03/2015 23:19:50] Honda has logged in.
[25/03/2015 23:20:11] Honda has logged out.
[25/03/2015 23:20:15] Honda has logged in.
[25/03/2015 23:20:28] Honda has logged out.
[25/03/2015 23:20:30] Honda has logged in.
[25/03/2015 23:20:42] Honda has logged out.
[25/03/2015 23:20:44] Honda has logged in.
[25/03/2015 23:20:58] Honda has logged out.
[25/03/2015 23:21:00] Honda has logged in.
[25/03/2015 23:21:21] Honda has logged out.
[25/03/2015 23:21:23] Honda has logged in.
[25/03/2015 23:21:38] Honda has logged out.
[25/03/2015 23:21:40] Honda has logged in.
[25/03/2015 23:22:09] Honda has logged out.
[25/03/2015 23:22:11] Honda has logged in.
[25/03/2015 23:22:31] Druidzerah Mythus has logged out.
[25/03/2015 23:22:33] Druidzerah Mythus has logged in.
[25/03/2015 23:23:12] Druidzerah Mythus has logged out.
[25/03/2015 23:23:31] Druidzerah Mythus has logged in.
[25/03/2015 23:23:56] Hashi has logged out.
[25/03/2015 23:23:58] Hashi has logged in.
[25/03/2015 23:24:18] Honda has logged out.
[25/03/2015 23:24:20] Honda has logged in.
[25/03/2015 23:24:53] Druidzerah Mythus has logged out.
[25/03/2015 23:24:56] Druidzerah Mythus has logged in.
[25/03/2015 23:25:27] > Broadcasted message: "Game map cleaning in 1 minute, please pick up all your items.".
[25/03/2015 23:25:33] Hashi has logged out.
[25/03/2015 23:25:58] > CLEAN: Removed 16 items from 14 tiles in 0.203 seconds.
[25/03/2015 23:25:58] > Broadcasted message: "Map Cleaned.".
[25/03/2015 23:26:04] > Broadcasted message: "Para ver as noticias fale !notice".
[25/03/2015 23:26:19] Hashi has logged in.
[25/03/2015 23:26:46] Hashi has logged out.
[25/03/2015 23:26:51] Hashi has logged in.
[25/03/2015 23:27:33] Hashi has logged out.
[25/03/2015 23:27:46] Hashi has logged in.
[25/03/2015 23:28:03] Honda has logged out.
[25/03/2015 23:28:05] Honda has logged in.
[25/03/2015 23:28:29] Druidzerah Mythus has logged out.
[25/03/2015 23:28:32] Druidzerah Mythus has logged in.
[25/03/2015 23:28:38] > Saving server...
[25/03/2015 23:28:40] > SAVE: Complete in 1.996 seconds using relational house storage.
[25/03/2015 23:28:50] Hashi has logged out.
[25/03/2015 23:28:52] Hashi has logged in.
[25/03/2015 23:29:14] Honda has logged out.
[25/03/2015 23:29:15] Honda has logged in.
[25/03/2015 23:29:33] Druidzerah Mythus has logged out.
[25/03/2015 23:29:35] Druidzerah Mythus has logged in.
[25/03/2015 23:29:48] Hashi has logged out.
[25/03/2015 23:29:49] Hashi has logged in.
[25/03/2015 23:30:04] Honda has logged out.
[25/03/2015 23:30:06] Honda has logged in.
[25/03/2015 23:30:25] Druidzerah Mythus has logged out.
[25/03/2015 23:30:35] Druidzerah Mythus has logged in.
[25/03/2015 23:31:03] Hashi has logged out.
[25/03/2015 23:31:05] Hashi has logged in.
[25/03/2015 23:31:23] Honda has logged out.
[25/03/2015 23:31:25] Honda has logged in.
[25/03/2015 23:31:43] Druidzerah Mythus has logged out.
[25/03/2015 23:31:48] Druidzerah Mythus has logged in.
[25/03/2015 23:32:01] Hashi has logged out.
[25/03/2015 23:32:24] Hashi has logged in.
[25/03/2015 23:32:44] Honda has logged out.
[25/03/2015 23:32:46] Honda has logged in.
[25/03/2015 23:33:01] Druidzerah Mythus has logged out.
[25/03/2015 23:33:08] Druidzerah Mythus has logged in.
[25/03/2015 23:33:13] Honda has logged out.
[25/03/2015 23:33:14] Honda has logged in.
[25/03/2015 23:33:23] Hashi has logged out.
[25/03/2015 23:33:26] Hashi has logged in.
[25/03/2015 23:33:45] Honda has logged out.
[25/03/2015 23:33:46] Honda has logged in.
[25/03/2015 23:34:08] Druidzerah Mythus has logged out.
[25/03/2015 23:34:10] Druidzerah Mythus has logged in.
[25/03/2015 23:34:14] Brumm-bromm has logged in.
[25/03/2015 23:34:23] Hashi has logged out.
[25/03/2015 23:34:25] > Broadcasted message: "Novo CLIENTE = http://www.4shared.com/rar/cfxSV4o7ce/Death_PVP.html".
[25/03/2015 23:34:30] Hashi has logged in.
[25/03/2015 23:34:44] Honda has logged out.
[25/03/2015 23:34:46] Honda has logged in.
[25/03/2015 23:35:15] Druidzerah Mythus has logged out.
[25/03/2015 23:35:17] Druidzerah Mythus has logged in.
[25/03/2015 23:39:38] Brumm-bromm has logged out.
[25/03/2015 23:39:40] Brumm-bromm has logged in.
[25/03/2015 23:40:32] Honda has logged out.
[25/03/2015 23:40:35] Honda has logged in.
[25/03/2015 23:42:08] > Broadcasted message: "Game map cleaning in 1 minute, please pick up all your items.".
[25/03/2015 23:42:38] > CLEAN: Removed 22 items from 13 tiles in 0.187 seconds.
[25/03/2015 23:42:39] > Broadcasted message: "Map Cleaned.".
[25/03/2015 23:42:46] > Broadcasted message: "Novo CLIENTE = http://www.4shared.com/rar/cfxSV4o7ce/Death_PVP.html".
[25/03/2015 23:42:55] Mythus Top has logged out.
[25/03/2015 23:43:12] Mythus Pvp has logged in.
[25/03/2015 23:46:36] Mythus Pvp has logged out.
[25/03/2015 23:46:38] Mythus Pvp has logged in.
[25/03/2015 23:47:41] Honda has logged out.
[25/03/2015 23:48:02] Mythus Top has logged in.
[25/03/2015 23:49:50] Brumm-bromm has logged out.
[25/03/2015 23:49:51] Brumm-bromm has logged in.
[25/03/2015 23:50:57] Mythus Pvp has logged out.
[25/03/2015 23:50:59] Mythus Pvp has logged in.
[25/03/2015 23:51:07] > Broadcasted message: "Para ver as noticias fale !notice".
[25/03/2015 23:51:42] Mythus Pvp has logged out.
[25/03/2015 23:51:45] Mythus Pvp has logged in.
[25/03/2015 23:51:59] > Saving server...
[25/03/2015 23:52:02] > SAVE: Complete in 2.247 seconds using relational house storage.
[25/03/2015 23:52:56] Brumm-bromm has logged out.
[25/03/2015 23:53:24] Mythus Pvp has logged out.
[25/03/2015 23:53:35] Honda has logged in.
[25/03/2015 23:54:03] Honda has logged out.
[25/03/2015 23:54:06] Honda has logged in.
[25/03/2015 23:54:51] Druidzerah Mythus has logged out.
[25/03/2015 23:54:58] Druidzerah Mythus has logged in.
[25/03/2015 23:55:18] Hashi has logged out.
[25/03/2015 23:55:21] Hashi has logged in.
[25/03/2015 23:55:36] Honda has logged out.
[25/03/2015 23:55:42] Honda has logged in.
[25/03/2015 23:56:02] Druidzerah Mythus has logged out.
[25/03/2015 23:56:04] Druidzerah Mythus has logged in.
[25/03/2015 23:56:32] Hashi has logged out.
[25/03/2015 23:56:40] Hashi has logged in.
[25/03/2015 23:57:03] Honda has logged out.
[25/03/2015 23:57:06] Honda has logged in.
[25/03/2015 23:57:23] Druidzerah Mythus has logged out.
[25/03/2015 23:57:26] Druidzerah Mythus has logged in.
[25/03/2015 23:57:41] Hashi has logged out.
[25/03/2015 23:57:51] Hashi has logged in.
[25/03/2015 23:58:05] Honda has logged out.
[25/03/2015 23:58:06] Honda has logged in.
[25/03/2015 23:58:27] Druidzerah Mythus has logged out.
[25/03/2015 23:58:30] Druidzerah Mythus has logged in.
[25/03/2015 23:58:41] Hashi has logged out.
[25/03/2015 23:58:43] Hashi has logged in.
[25/03/2015 23:58:49] > Broadcasted message: "Game map cleaning in 1 minute, please pick up all your items.".
[25/03/2015 23:59:01] Honda has logged out.
[25/03/2015 23:59:05] Honda has logged in.
[25/03/2015 23:59:19] > CLEAN: Removed 18 items from 28 tiles in 0.203 seconds.
[25/03/2015 23:59:19] > Broadcasted message: "Map Cleaned.".
[25/03/2015 23:59:28] > Broadcasted message: "Para comprar bless digite !bless".
[25/03/2015 23:59:33] Druidzerah Mythus has logged out.
[25/03/2015 23:59:35] Druidzerah Mythus has logged in.
[25/03/2015 23:59:58] Druidzerah Mythus has logged out.
