[26/08/2014 00:00:19] > Broadcasted message: "Para comprar bless digite !bless".
[26/08/2014 00:02:31] Master Kina has logged in.
[26/08/2014 00:03:03] Master Kina has logged out.
[26/08/2014 00:03:06] Master Pally has logged in.
[26/08/2014 00:03:19] Master Pally has logged out.
[26/08/2014 00:06:04] > Saving server...
[26/08/2014 00:06:08] > SAVE: Complete in 2.743 seconds using relational house storage.
[26/08/2014 00:06:11] Magezinho Sapeca has logged out.
[26/08/2014 00:06:11] Yakuza has logged out.
[26/08/2014 00:06:11] Druidzerah Mythus has logged out.
[26/08/2014 00:06:12] Sorczinho Sapeca has logged out.
[26/08/2014 00:06:12] Kaiozinho has logged out.
[26/08/2014 00:06:13] Mc Livinho has logged out.
[26/08/2014 00:06:13] Kinna Zikinha has logged out.
[26/08/2014 00:06:13] > Saving server...
[26/08/2014 00:06:15] > SAVE: Complete in 1.286 seconds using relational house storage.
[26/08/2014 00:06:15] Preparing to shutdown server.[26/08/2014 12:57:11] The Forgotten Server, version 0.3.4 (Crying Damson)
[26/08/2014 12:57:11] Sever Criado Por Alissow e Comedinha.
[26/08/2014 12:57:11] Publicidade: www.sotserv.blogspot.com <- <- <- Tudo sobre otserv.
[26/08/2014 12:57:12] Bom Jogo!!!
[26/08/2014 12:57:12] 
[26/08/2014 12:57:12] >> Debugging: nothing.
[26/08/2014 12:57:12] >> Checking software version... failed checking - malformed file.
[26/08/2014 12:57:13] 
[26/08/2014 12:57:13] >> Loading config (config.lua)
[26/08/2014 12:57:13] > Using plaintext passwords
[26/08/2014 12:57:13] >> Loading RSA key
[26/08/2014 12:57:13] >> Starting SQL connection
[26/08/2014 12:57:13] >> Running Database Manager
[26/08/2014 12:57:14] > Optimized database.
[26/08/2014 12:57:14] >> Loading items
[26/08/2014 12:57:14] >> Loading groups
[26/08/2014 12:57:14] >> Loading vocations
[26/08/2014 12:57:14] >> Loading script systems
[26/08/2014 12:57:16] >> Loading chat channels
[26/08/2014 12:57:16] >> Loading outfits
[26/08/2014 12:57:16] >> Loading experience stages
[26/08/2014 12:57:16] >> Loading monsters
[26/08/2014 12:57:18] >> Loading map and spawns...
[26/08/2014 12:57:19] > Map size: 65000x65000.
[26/08/2014 12:57:19] > Map descriptions: 
[26/08/2014 12:57:19] Saved with Remere's Map Editor 2.2
[26/08/2014 12:57:19] No map description available.
[26/08/2014 12:57:20] Duplicate uniqueId 2407
[26/08/2014 12:57:23] > Map loading time: 4.992 seconds.
[26/08/2014 12:57:24] > Data loading time: 0.873 seconds.
[26/08/2014 12:57:25] > Unserialization time for houses: 0.016 seconds.
[26/08/2014 12:57:47] > Unserialization time for map: 22.121 seconds.
[26/08/2014 12:57:47] >> Checking world type... PvP
[26/08/2014 12:57:47] >> Initializing game state modules and registering services...
[26/08/2014 12:57:48] > Global address: deathpvp.no-ip.info
[26/08/2014 12:57:48] > Local ports:
[26/08/2014 12:57:48] 7171	7172	
[26/08/2014 12:57:48] >> All modules were loaded, server starting up...
[26/08/2014 12:57:48] >> OT Death server Online!
[26/08/2014 12:57:49] 
[26/08/2014 13:01:09] sqlite3_step(): SQLITE ERROR: columns id, world_id are not unique
[26/08/2014 13:03:57] > Broadcasted message: "Para ver a lista de proximos tutores digite !tutores.".
[26/08/2014 13:07:33] > Saving server...
[26/08/2014 13:07:34] > SAVE: Complete in 1.396 seconds using relational house storage.
[26/08/2014 13:07:35] Preparing to shutdown server..
[26/08/2014 13:07:35] .
[26/08/2014 13:07:35] Exiting
[26/08/2014 13:07:43] The Forgotten Server, version 0.3.4 (Crying Damson)
[26/08/2014 13:07:43] Sever Criado Por Alissow e Comedinha.
[26/08/2014 13:07:43] Publicidade: www.sotserv.blogspot.com <- <- <- Tudo sobre otserv.
[26/08/2014 13:07:44] Bom Jogo!!!
[26/08/2014 13:07:44] 
[26/08/2014 13:07:44] >> Debugging: nothing.
[26/08/2014 13:07:44] >> Checking software version... failed checking - malformed file.
[26/08/2014 13:07:45] 
[26/08/2014 13:07:45] >> Loading config (config.lua)
[26/08/2014 13:07:45] > Using plaintext passwords
[26/08/2014 13:07:45] >> Loading RSA key
[26/08/2014 13:07:45] >> Starting SQL connection
[26/08/2014 13:07:45] >> Running Database Manager
[26/08/2014 13:07:46] > Optimized database.
[26/08/2014 13:07:46] >> Loading items
[26/08/2014 13:07:46] >> Loading groups
[26/08/2014 13:07:46] >> Loading vocations
[26/08/2014 13:07:47] >> Loading script systems
[26/08/2014 13:07:47] >> Loading chat channels
[26/08/2014 13:07:47] >> Loading outfits
[26/08/2014 13:07:47] >> Loading experience stages
[26/08/2014 13:07:47] >> Loading monsters
[26/08/2014 13:07:48] >> Loading map and spawns...
[26/08/2014 13:07:49] > Map size: 65000x65000.
[26/08/2014 13:07:49] > Map descriptions: 
[26/08/2014 13:07:49] Saved with Remere's Map Editor 2.2
[26/08/2014 13:07:49] No map description available.
[26/08/2014 13:07:50] Duplicate uniqueId 2407
[26/08/2014 13:07:53] > Map loading time: 4.859 seconds.
[26/08/2014 13:07:54] > Data loading time: 0.432 seconds.
[26/08/2014 13:07:54] > Unserialization time for houses: 0.025 seconds.
[26/08/2014 13:08:17] > Unserialization time for map: 23.1 seconds.
[26/08/2014 13:08:17] >> Checking world type... PvP
[26/08/2014 13:08:18] >> Initializing game state modules and registering services...
[26/08/2014 13:08:18] > Global address: deathpvp.no-ip.info
[26/08/2014 13:08:18] > Local ports:
[26/08/2014 13:08:18] 7171	7172	
[26/08/2014 13:08:19] >> All modules were loaded, server starting up...
[26/08/2014 13:08:19] >> OT Death server Online!
[26/08/2014 13:08:19] 
[26/08/2014 13:08:39] sqlite3_step(): SQLITE ERROR: columns id, world_id are not unique
[26/08/2014 13:08:40] Account Manager has logged in.
[26/08/2014 13:08:43] Account Manager has logged out.
[26/08/2014 13:09:15] Account Manager has logged in.
[26/08/2014 13:09:39] Account Manager has logged out.
[26/08/2014 13:09:46] Account Manager has logged in.
[26/08/2014 13:10:03] Menino Mal has logged in.
[26/08/2014 13:10:09] Account Manager has logged out.
[26/08/2014 13:10:16] Kina Rullex has logged in.
[26/08/2014 13:12:45] Knightzinho has logged in.
[26/08/2014 13:14:28] > Broadcasted message: "Para comprar bless digite !bless".
[26/08/2014 13:15:43] Polo play has logged in.
[26/08/2014 13:18:03] Alvo Severo Potter has logged in.
[26/08/2014 13:21:09] > Broadcasted message: "Para ver as noticias fale !notice".
[26/08/2014 13:22:16] Alvo Severo Potter has logged out.
[26/08/2014 13:24:28] > Broadcasted message: "Game map cleaning in 1 minute, please pick up all your items.".
[26/08/2014 13:24:41] Garoto Nestle has logged in.
[26/08/2014 13:24:59] > CLEAN: Removed 49 items from 111 tiles in 0.204 seconds.
[26/08/2014 13:24:59] > Broadcasted message: "Map Cleaned.".
[26/08/2014 13:27:50] > Broadcasted message: "Para comprar bless digite !bless".
[26/08/2014 13:29:01] Juninhosza has logged in.
[26/08/2014 13:29:13] Hegazy has logged in.
[26/08/2014 13:29:13] Knightzinho has logged out.
[26/08/2014 13:30:17] Mata Pally has logged in.
[26/08/2014 13:30:18] Mata Pally has logged out.
[26/08/2014 13:30:50] Mata Pally has logged in.
[26/08/2014 13:32:47] Meele Pally has logged in.
[26/08/2014 13:33:16] Polo play has logged out.
[26/08/2014 13:33:19] Polo play has logged in.
[26/08/2014 13:34:30] Juninhosza has logged out.
[26/08/2014 13:34:31] > Broadcasted message: "Para ver a lista de proximos tutores digite !tutores.".
[26/08/2014 13:34:33] Juninhosza has logged in.
[26/08/2014 13:34:34] Juninhosza has logged out.
[26/08/2014 13:34:38] Juninhosza has logged in.
[26/08/2014 13:34:39] Juninhosza has logged out.
[26/08/2014 13:34:52] Juninhosza has logged in.
[26/08/2014 13:36:06] Juninhosza has logged out.
[26/08/2014 13:36:36] Mata Pally has logged out.
[26/08/2014 13:36:42] Polo play has logged out.
[26/08/2014 13:41:09] > Broadcasted message: "Game map cleaning in 1 minute, please pick up all your items.".
[26/08/2014 13:41:12] > Broadcasted message: "Para esclarecer algumas duvidas digite !notice, para mais informacoes fale com um [CM]".
[26/08/2014 13:41:13] > Saving server...
[26/08/2014 13:41:15] > SAVE: Complete in 1.952 seconds using relational house storage.
[26/08/2014 13:41:39] > CLEAN: Removed 2601 items from 2174 tiles in 0.221 seconds.
[26/08/2014 13:41:39] > Broadcasted message: "Map Cleaned.".
[26/08/2014 13:42:31] Mata Pally has logged in.
[26/08/2014 13:42:46] Magezinho Sapeca has logged in.
[26/08/2014 13:42:55] Magezinho Sapeca has logged out.
[26/08/2014 13:43:13] Marina has logged in.
[26/08/2014 13:43:46] Hegazy has logged out.
[26/08/2014 13:43:53] Honda has logged in.
[26/08/2014 13:44:09] Hegazy has logged in.
[26/08/2014 13:44:32] Honda has logged out.
[26/08/2014 13:44:34] Duff Maluko has logged in.
[26/08/2014 13:44:55] Honda has logged in.
[26/08/2014 13:45:19] Honda has logged out.
[26/08/2014 13:45:26] Duff Maluko has logged out.
[26/08/2014 13:45:37] Marina has logged out.
[26/08/2014 13:45:59] Gotack has logged in.
[26/08/2014 13:46:39] Marina has logged in.
[26/08/2014 13:46:46] Honda has logged in.
[26/08/2014 13:47:53] > Broadcasted message: "Para esclarecer algumas duvidas digite !notice, para mais informacoes fale com um [CM]".
[26/08/2014 13:50:40] Juninhosza has logged in.
[26/08/2014 13:51:03] Gotack has logged out.
[26/08/2014 13:51:07] Gotack has logged in.
[26/08/2014 13:51:08] Gotack has logged out.
[26/08/2014 13:51:32] Gotack has logged in.
[26/08/2014 13:53:28] Jean has logged in.
[26/08/2014 13:54:15] Mlk Piranha has logged in.
[26/08/2014 13:54:23] Mlk Piranha has logged out.
[26/08/2014 13:54:24] Yakuza has logged in.
[26/08/2014 13:54:32] Pally Brisado has logged in.
[26/08/2014 13:54:34] > Broadcasted message: "Novo CLIENTE = http://www.4shared.com/rar/Xvc96eOece/Death_PVP.html".
[26/08/2014 13:54:58] Underdown has logged in.
[26/08/2014 13:55:33] Jean has logged out.
[26/08/2014 13:56:01] Juninhosza has logged out.
[26/08/2014 13:56:05] Manager has logged in.
[26/08/2014 13:56:19] Juninhosza has logged in.
[26/08/2014 13:56:20] Juninhosza has logged out.
[26/08/2014 13:56:22] Juninhosza has logged in.
[26/08/2014 13:56:23] Juninhosza has logged out.
[26/08/2014 13:56:37] > Saving server...
[26/08/2014 13:56:41] > SAVE: Complete in 3.463 seconds using relational house storage.
[26/08/2014 13:56:42] Menino Mal has logged out.
[26/08/2014 13:56:42] Kina Rullex has logged out.
[26/08/2014 13:56:43] Garoto Nestle has logged out.
[26/08/2014 13:56:43] Meele Pally has logged out.
[26/08/2014 13:56:44] Mata Pally has logged out.
[26/08/2014 13:56:44] Hegazy has logged out.
[26/08/2014 13:56:44] Marina has logged out.
[26/08/2014 13:56:45] Honda has logged out.
[26/08/2014 13:56:45] Gotack has logged out.
[26/08/2014 13:56:46] Yakuza has logged out.
[26/08/2014 13:56:46] Pally Brisado has logged out.
[26/08/2014 13:56:46] Underdown has logged out.
[26/08/2014 13:56:47] Manager has logged out.
[26/08/2014 13:56:47] > Saving server...
[26/08/2014 13:56:48] > SAVE: Complete in 1.295 seconds using relational house storage.
[26/08/2014 13:56:49] Preparing to shutdown server..
[26/08/2014 13:56:49] .
[26/08/2014 13:56:49] Exiting
[26/08/2014 16:43:47] The Forgotten Server, version 0.3.4 (Crying Damson)
[26/08/2014 16:43:48] Sever Criado Por Alissow e Comedinha.
[26/08/2014 16:43:48] Publicidade: www.sotserv.blogspot.com <- <- <- Tudo sobre otserv.
[26/08/2014 16:43:48] Bom Jogo!!!
[26/08/2014 16:43:48] 
[26/08/2014 16:43:48] >> Debugging: nothing.
[26/08/2014 16:43:48] >> Checking software version... failed checking - malformed file.
[26/08/2014 16:43:49] 
[26/08/2014 16:43:49] >> Loading config (config.lua)
[26/08/2014 16:43:49] > Using plaintext passwords
[26/08/2014 16:43:49] >> Loading RSA key
[26/08/2014 16:43:50] >> Starting SQL connection
[26/08/2014 16:43:50] >> Running Database Manager
[26/08/2014 16:43:50] > Optimized database.
[26/08/2014 16:43:50] >> Loading items
[26/08/2014 16:43:51] >> Loading groups
[26/08/2014 16:43:51] >> Loading vocations
[26/08/2014 16:43:51] >> Loading script systems
[26/08/2014 16:43:53] >> Loading chat channels
[26/08/2014 16:43:53] >> Loading outfits
[26/08/2014 16:43:53] >> Loading experience stages
[26/08/2014 16:43:53] >> Loading monsters
[26/08/2014 16:43:55] >> Loading map and spawns...
[26/08/2014 16:43:56] > Map size: 65000x65000.
[26/08/2014 16:43:56] > Map descriptions: 
[26/08/2014 16:43:56] Saved with Remere's Map Editor 2.2
[26/08/2014 16:43:56] No map description available.
[26/08/2014 16:43:57] Duplicate uniqueId 2407
[26/08/2014 16:44:00] > Map loading time: 4.883 seconds.
[26/08/2014 16:44:01] > Data loading time: 0.811 seconds.
[26/08/2014 16:44:01] > Unserialization time for houses: 0.031 seconds.
[26/08/2014 16:44:23] > Unserialization time for map: 21.247 seconds.
[26/08/2014 16:44:23] >> Checking world type... PvP
[26/08/2014 16:44:23] >> Initializing game state modules and registering services...
[26/08/2014 16:44:23] > Global address: deathpvp.no-ip.info
[26/08/2014 16:44:24] > Local ports:
[26/08/2014 16:44:24] 7171	7172	
[26/08/2014 16:44:24] >> All modules were loaded, server starting up...
[26/08/2014 16:44:24] >> OT Death server Online!
[26/08/2014 16:44:24] 
[26/08/2014 16:46:30] sqlite3_step(): SQLITE ERROR: columns id, world_id are not unique
[26/08/2014 16:46:31] Account Manager has logged in.
[26/08/2014 16:46:35] Account Manager has logged out.
[26/08/2014 16:50:34] > Broadcasted message: "Para duvidas, eventos, e futuramente compras E-mail/Msn -> deathpvp@live.com.".
[26/08/2014 16:50:46] To De Boa has logged in.
[26/08/2014 16:53:38] Boss-sykes has logged in.
[26/08/2014 16:53:46] Menino Mal has logged in.
[26/08/2014 16:58:22] Boss-sykes has logged out.
[26/08/2014 16:58:23] > Broadcasted message: "Sempre Ao Criar Uma Conta, Pegue A RK Dela No Account Manager Da Conta E Anote, Nunca Passe A Sua Senha Para Outras Pessoas, E Ao Entrar Em Outros OT´s Crie Contas Diferentes Para Não Sofrer HACKED, Não Me Responsabilizo Por Perdas, Obrigado".
[26/08/2014 16:58:24] Menino Mal has logged out.
[26/08/2014 16:58:27] Menino Mal has logged in.
[26/08/2014 17:00:34] > Broadcasted message: "Game map cleaning in 1 minute, please pick up all your items.".
[26/08/2014 17:00:56] Boss-sykes has logged in.
[26/08/2014 17:01:05] > CLEAN: Removed 14 items from 92 tiles in 0.156 seconds.
[26/08/2014 17:01:05] > Broadcasted message: "Map Cleaned.".
[26/08/2014 17:01:40] Boss-sykes has logged out.
[26/08/2014 17:02:35] Boss-sykes has logged in.
[26/08/2014 17:02:37] Magezinho Sapeca has logged in.
[26/08/2014 17:03:56] To De Boa has logged out.
[26/08/2014 17:05:04] > Broadcasted message: "Sempre Ao Criar Uma Conta, Pegue A RK Dela No Account Manager Da Conta E Anote, Nunca Passe A Sua Senha Para Outras Pessoas, E Ao Entrar Em Outros OT´s Crie Contas Diferentes Para Não Sofrer HACKED, Não Me Responsabilizo Por Perdas, Obrigado".
[26/08/2014 17:05:47] Magezinho Sapeca has logged out.
[26/08/2014 17:05:55] Knightzinho has logged in.
[26/08/2014 17:06:34] Menina Mal has logged in.
[26/08/2014 17:11:25] Kina Rullex has logged in.
[26/08/2014 17:11:45] > Broadcasted message: "Para esclarecer algumas duvidas digite !notice, para mais informacoes fale com um [CM]".
[26/08/2014 17:12:05] Gotack has logged in.
[26/08/2014 17:12:45] Polo play has logged in.
[26/08/2014 17:12:56] Blackgt has logged in.
[26/08/2014 17:15:26] Blackgt has logged out.
[26/08/2014 17:15:28] Blackgt has logged in.
[26/08/2014 17:17:15] > Broadcasted message: "Game map cleaning in 1 minute, please pick up all your items.".
[26/08/2014 17:17:19] > Saving server...
[26/08/2014 17:17:22] > SAVE: Complete in 2.726 seconds using relational house storage.
[26/08/2014 17:17:37] Polo play has logged out.
[26/08/2014 17:17:39] Polo play has logged in.
[26/08/2014 17:17:46] > CLEAN: Removed 2102 items from 2201 tiles in 0.233 seconds.
[26/08/2014 17:17:46] > Broadcasted message: "Map Cleaned.".
[26/08/2014 17:18:26] > Broadcasted message: "Para comprar bless digite !bless".
[26/08/2014 17:22:21] Gotack has logged out.
[26/08/2014 17:22:22] Gotack has logged in.
[26/08/2014 17:23:12] Knightzinho has logged out.
[26/08/2014 17:23:15] Palazinho has logged in.
[26/08/2014 17:23:37] Blackgt has logged out.
[26/08/2014 17:23:39] Blackgt has logged in.
[26/08/2014 17:24:26] Blackgt has logged out.
[26/08/2014 17:24:28] Blackgt has logged in.
[26/08/2014 17:24:58] Blackgt has logged out.
[26/08/2014 17:24:59] Blackgt has logged in.
[26/08/2014 17:25:07] > Broadcasted message: "Sempre Ao Criar Uma Conta, Pegue A RK Dela No Account Manager Da Conta E Anote, Nunca Passe A Sua Senha Para Outras Pessoas, E Ao Entrar Em Outros OT´s Crie Contas Diferentes Para Não Sofrer HACKED, Não Me Responsabilizo Por Perdas, Obrigado".
[26/08/2014 17:25:12] Palazinho has logged out.
[26/08/2014 17:25:13] Palazinho has logged in.
[26/08/2014 17:25:17] Kaiozinho has logged in.
[26/08/2014 17:25:26] Blackgt has logged out.
[26/08/2014 17:25:28] Blackgt has logged in.
[26/08/2014 17:25:48] Polo play has logged out.
[26/08/2014 17:25:50] Polo play has logged in.
[26/08/2014 17:25:54] Blackgt has logged out.
[26/08/2014 17:25:56] Blackgt has logged in.
[26/08/2014 17:26:03] Blackgt has logged out.
[26/08/2014 17:26:04] Blackgt has logged in.
[26/08/2014 17:26:25] Gotack has logged out.
[26/08/2014 17:26:26] Account Manager has logged in.
[26/08/2014 17:26:28] Account Manager has logged out.
[26/08/2014 17:26:29] The Lord Kina has logged in.
[26/08/2014 17:26:30] Gotack has logged in.
[26/08/2014 17:26:47] Gotack has logged out.
[26/08/2014 17:26:49] Mc Livinho has logged in.
[26/08/2014 17:27:46] Palazinho has logged out.
[26/08/2014 17:27:51] Knightzinho has logged in.
[26/08/2014 17:28:10] Blackgt has logged out.
[26/08/2014 17:28:11] Blackgt has logged in.
[26/08/2014 17:28:15] Gotack has logged in.
[26/08/2014 17:28:31] Mc Livinho has logged out.
[26/08/2014 17:28:32] Mc Livinho has logged in.
[26/08/2014 17:28:49] Polo play has logged out.
[26/08/2014 17:28:50] Polo play has logged in.
[26/08/2014 17:29:17] Blackgt has logged out.
[26/08/2014 17:29:19] Blackgt has logged in.
[26/08/2014 17:29:51] Blackgt has logged out.
[26/08/2014 17:29:53] Blackgt has logged in.
[26/08/2014 17:30:45] Mc Livinho has logged out.
[26/08/2014 17:30:47] Mc Livinho has logged in.
[26/08/2014 17:30:48] Marina has logged in.
[26/08/2014 17:31:13] Knightzinho has logged out.
[26/08/2014 17:31:15] Knightzinho has logged in.
[26/08/2014 17:31:18] Boss-sykes has logged out.
[26/08/2014 17:31:31] The Lord Kina has logged out.
[26/08/2014 17:31:33] The Lord Kina has logged in.
[26/08/2014 17:31:48] > Broadcasted message: "Novo CLIENTE = http://www.4shared.com/rar/Xvc96eOece/Death_PVP.html".
[26/08/2014 17:31:54] Blackgt has logged out.
[26/08/2014 17:31:55] Blackgt has logged in.
[26/08/2014 17:31:56] Menino Mal has logged out.
[26/08/2014 17:31:58] Menino Mal has logged in.
[26/08/2014 17:31:59] Marina has logged out.
[26/08/2014 17:32:06] Blackgt has logged out.
[26/08/2014 17:32:07] Blackgt has logged in.
[26/08/2014 17:32:41] Gotack has logged out.
[26/08/2014 17:32:46] Gotack has logged in.
[26/08/2014 17:32:54] Polo play has logged out.
[26/08/2014 17:32:55] Polo play has logged in.
[26/08/2014 17:33:30] Blackgt has logged out.
[26/08/2014 17:33:32] Blackgt has logged in.
[26/08/2014 17:33:38] Polo play has logged out.
[26/08/2014 17:33:40] Polo play has logged in.
[26/08/2014 17:33:46] Blackgt has logged out.
[26/08/2014 17:33:47] Blackgt has logged in.
[26/08/2014 17:33:50] Gotack has logged out.
[26/08/2014 17:33:53] Polo play has logged out.
[26/08/2014 17:33:55] Gotack has logged in.
[26/08/2014 17:33:55] Polo play has logged in.
[26/08/2014 17:33:56] Polo play has logged out.
[26/08/2014 17:33:57] > Broadcasted message: "Game map cleaning in 1 minute, please pick up all your items.".
[26/08/2014 17:34:03] Polo play has logged in.
[26/08/2014 17:34:27] > CLEAN: Removed 1324 items from 1695 tiles in 0.191 seconds.
[26/08/2014 17:34:28] > Broadcasted message: "Map Cleaned.".
[26/08/2014 17:35:14] Blackgt has logged out.
[26/08/2014 17:35:16] Blackgt has logged in.
[26/08/2014 17:35:21] Polo play has logged out.
[26/08/2014 17:35:24] Polo play has logged in.
[26/08/2014 17:35:30] Blackgt has logged out.
[26/08/2014 17:35:31] Blackgt has logged in.
[26/08/2014 17:35:54] Polo play has logged out.
[26/08/2014 17:35:56] Polo play has logged in.
[26/08/2014 17:36:02] Mlk Lokoo has logged in.
[26/08/2014 17:36:27] Blackgt has logged out.
[26/08/2014 17:36:29] Blackgt has logged in.
[26/08/2014 17:36:54] Blackgt has logged out.
[26/08/2014 17:36:56] Blackgt has logged in.
[26/08/2014 17:37:06] Blackgt has logged out.
[26/08/2014 17:37:08] Blackgt has logged in.
[26/08/2014 17:37:54] Polo play has logged out.
[26/08/2014 17:37:55] Polo play has logged in.
[26/08/2014 17:38:19] Blackgt has logged out.
[26/08/2014 17:38:21] Blackgt has logged in.
[26/08/2014 17:38:23] Mlk Lokoo has logged out.
[26/08/2014 17:38:29] > Broadcasted message: "Para duvidas, eventos, e futuramente compras E-mail/Msn -> deathpvp@live.com.".
[26/08/2014 17:38:51] Polo play has logged out.
[26/08/2014 17:38:53] Polo play has logged in.
[26/08/2014 17:39:14] Mlk Lokoo has logged in.
[26/08/2014 17:39:19] Account Manager has logged in.
[26/08/2014 17:39:20] Blackgt has logged out.
[26/08/2014 17:39:21] Account Manager has logged out.
[26/08/2014 17:39:22] Blackgt has logged in.
[26/08/2014 17:39:26] Alvo Severo Potter has logged in.
[26/08/2014 17:39:27] Mlk Lokoo has logged out.
[26/08/2014 17:39:34] Mc Livinho has logged out.
[26/08/2014 17:39:35] Mc Livinho has logged in.
[26/08/2014 17:39:41] Mlk Lokoo has logged in.
[26/08/2014 17:39:48] Polo play has logged out.
[26/08/2014 17:39:49] Polo play has logged in.
[26/08/2014 17:39:51] Mlk Lokoo has logged out.
[26/08/2014 17:40:06] Mlk Lokoo has logged in.
[26/08/2014 17:40:17] Mlk Lokoo has logged out.
[26/08/2014 17:40:26] Polo play has logged out.
[26/08/2014 17:40:28] Polo play has logged in.
[26/08/2014 17:40:35] Mlk Lokoo has logged in.
[26/08/2014 17:40:38] Alvo Severo Potter has logged out.
[26/08/2014 17:40:40] Alvo Severo Potter has logged in.
[26/08/2014 17:40:50] Mlk Lokoo has logged out.
[26/08/2014 17:41:02] Mlk Lokoo has logged in.
[26/08/2014 17:41:04] Blackgt has logged out.
[26/08/2014 17:41:06] Blackgt has logged in.
[26/08/2014 17:41:07] Account Manager has logged in.
[26/08/2014 17:41:11] Account Manager has logged out.
[26/08/2014 17:41:15] Mlk Lokoo has logged out.
[26/08/2014 17:41:17] Duff Maluko has logged in.
[26/08/2014 17:41:19] Mlk Lokoo has logged in.
[26/08/2014 17:41:22] Polo play has logged out.
[26/08/2014 17:41:24] Polo play has logged in.
[26/08/2014 17:41:25] Gotack has logged out.
[26/08/2014 17:41:27] Duff Maluko has logged out.
[26/08/2014 17:41:28] Gotack has logged in.
[26/08/2014 17:41:33] Mlk Lokoo has logged out.
[26/08/2014 17:41:48] Mlk Lokoo has logged in.
[26/08/2014 17:42:17] The Lord Kina has logged out.
[26/08/2014 17:42:22] Mlk Lokoo has logged out.
[26/08/2014 17:42:30] Mlk Lokoo has logged in.
[26/08/2014 17:42:42] Mlk Lokoo has logged out.
[26/08/2014 17:43:37] Alvo Severo Potter has logged out.
[26/08/2014 17:43:39] Alvo Severo Potter has logged in.
[26/08/2014 17:43:54] Menina Mal has logged out.
[26/08/2014 17:44:20] Garoto Nestle has logged in.
[26/08/2014 17:45:10] > Broadcasted message: "Ot on das 07:00 as 00:00".
[26/08/2014 17:45:20] Pally Brisado has logged in.
[26/08/2014 17:45:50] Blackgt has logged out.
[26/08/2014 17:45:52] Blackgt has logged in.
[26/08/2014 17:46:38] Alvo Severo Potter has logged out.
[26/08/2014 17:46:39] Alvo Severo Potter has logged in.
[26/08/2014 17:47:05] Duff Maluko has logged in.
[26/08/2014 17:47:17] Blackgt has logged out.
[26/08/2014 17:47:19] Blackgt has logged in.
[26/08/2014 17:47:32] Kinna Zikinha has logged in.
[26/08/2014 17:48:16] Blackgt has logged out.
[26/08/2014 17:48:18] Blackgt has logged in.
[26/08/2014 17:48:19] Blackgt has logged out.
[26/08/2014 17:48:27] Blackgt has logged in.
[26/08/2014 17:48:39] Mc Livinho has logged out.
[26/08/2014 17:48:56] Duff Maluko has logged out.
[26/08/2014 17:49:19] Polo play has logged out.
[26/08/2014 17:49:20] Polo play has logged in.
[26/08/2014 17:50:04] Blackgt has logged out.
[26/08/2014 17:50:09] Blackgt has logged in.
[26/08/2014 17:50:35] Mc Livinho has logged in.
[26/08/2014 17:50:38] > Broadcasted message: "Game map cleaning in 1 minute, please pick up all your items.".
[26/08/2014 17:50:40] > Saving server...
[26/08/2014 17:50:44] > SAVE: Complete in 3.534 seconds using relational house storage.
[26/08/2014 17:50:57] Blackgt has logged out.
[26/08/2014 17:50:59] Blackgt has logged in.
[26/08/2014 17:51:09] > CLEAN: Removed 71 items from 88 tiles in 0.178 seconds.
[26/08/2014 17:51:09] > Broadcasted message: "Map Cleaned.".
[26/08/2014 17:51:14] Blackgt has logged out.
[26/08/2014 17:51:16] Blackgt has logged in.
[26/08/2014 17:51:25] Blackgt has logged out.
[26/08/2014 17:51:26] Blackgt has logged in.
[26/08/2014 17:51:32] Polo play has logged out.
[26/08/2014 17:51:33] Polo play has logged in.
[26/08/2014 17:51:48] Mc Livinho has logged out.
[26/08/2014 17:51:51] > Broadcasted message: "Para ver as noticias fale !notice".
[26/08/2014 17:51:57] Blackgt has logged out.
[26/08/2014 17:51:59] Blackgt has logged in.
[26/08/2014 17:52:08] Blackgt has logged out.
[26/08/2014 17:52:10] Blackgt has logged in.
[26/08/2014 17:52:20] Blackgt has logged out.
[26/08/2014 17:52:22] Blackgt has logged in.
[26/08/2014 17:52:36] Mc Livinho has logged in.
[26/08/2014 17:52:38] Garoto Nestle has logged out.
[26/08/2014 17:52:41] Blackgt has logged out.
[26/08/2014 17:52:42] Druid Zughy has logged in.
[26/08/2014 17:52:43] Blackgt has logged in.
[26/08/2014 17:52:49] Blackgt has logged out.
[26/08/2014 17:52:50] Blackgt has logged in.
[26/08/2014 17:53:06] Druid Zughy has logged out.
[26/08/2014 17:53:09] Kina Na Neurose has logged in.
[26/08/2014 17:53:24] Kina Na Neurose has logged out.
[26/08/2014 17:53:26] Garoto Nestle has logged in.
[26/08/2014 17:53:36] Pally Brisado has logged out.
[26/08/2014 17:54:09] Blackgt has logged out.
[26/08/2014 17:54:11] Gotack has logged out.
[26/08/2014 17:54:12] Blackgt has logged in.
[26/08/2014 17:54:14] Gotack has logged in.
[26/08/2014 17:55:23] Blackgt has logged out.
[26/08/2014 17:55:26] Polo play has logged out.
[26/08/2014 17:55:26] Blackgt has logged in.
[26/08/2014 17:56:23] Mc Livinho has logged out.
[26/08/2014 17:56:54] Polo play has logged in.
[26/08/2014 17:58:04] Mc Livinho has logged in.
[26/08/2014 17:58:32] > Broadcasted message: "Para comprar bless digite !bless".
[26/08/2014 17:58:42] Blackgt has logged out.
[26/08/2014 17:58:45] Blackgt has logged in.
[26/08/2014 17:59:52] Blackgt has logged out.
[26/08/2014 17:59:54] Blackgt has logged in.
[26/08/2014 18:00:32] Polo play has logged out.
[26/08/2014 18:00:34] Polo play has logged in.
[26/08/2014 18:00:43] Blackgt has logged out.
[26/08/2014 18:00:43] sqlite3_step(): SQLITE ERROR: unable to open database file
[26/08/2014 18:00:47] Blackgt has logged in.
[26/08/2014 18:01:19] Blackgt has logged out.
[26/08/2014 18:01:23] Blackgt has logged in.
[26/08/2014 18:04:04] Blackgt has logged out.
[26/08/2014 18:04:06] Blackgt has logged in.
[26/08/2014 18:05:10] Polo play has logged out.
[26/08/2014 18:05:13] > Broadcasted message: "Para esclarecer algumas duvidas digite !notice, para mais informacoes fale com um [CM]".
[26/08/2014 18:05:59] Blackgt has logged out.
[26/08/2014 18:06:01] Blackgt has logged in.
[26/08/2014 18:07:06] Blackgt has logged out.
[26/08/2014 18:07:08] Blackgt has logged in.
[26/08/2014 18:07:19] > Broadcasted message: "Game map cleaning in 1 minute, please pick up all your items.".
[26/08/2014 18:07:50] > CLEAN: Removed 815 items from 659 tiles in 0.202 seconds.
[26/08/2014 18:07:50] > Broadcasted message: "Map Cleaned.".
[26/08/2014 18:09:31] Gotack has logged out.
[26/08/2014 18:09:37] Gotack has logged in.
[26/08/2014 18:10:14] Duff Maluko has logged in.
[26/08/2014 18:10:17] Duff Maluko has logged out.
[26/08/2014 18:11:05] Blackgt has logged out.
[26/08/2014 18:11:07] Blackgt has logged in.
[26/08/2014 18:11:12] Blackgt has logged out.
[26/08/2014 18:11:16] Blackgt has logged in.
[26/08/2014 18:11:37] Garoto Nestle has logged out.
[26/08/2014 18:11:42] Gotack has logged out.
[26/08/2014 18:11:49] Gotack has logged in.
[26/08/2014 18:11:54] > Broadcasted message: "Para esclarecer algumas duvidas digite !notice, para mais informacoes fale com um [CM]".
[26/08/2014 18:12:27] Kaiozinho has logged out.
[26/08/2014 18:12:39] Blackgt has logged out.
[26/08/2014 18:12:42] Blackgt has logged in.
[26/08/2014 18:13:31] Blackgt has logged out.
[26/08/2014 18:13:34] Blackgt has logged in.
[26/08/2014 18:13:35] Blackgt has logged out.
[26/08/2014 18:13:38] Blackgt has logged in.
[26/08/2014 18:13:53] Mllk Loko has logged in.
[26/08/2014 18:14:50] Blackgt has logged out.
[26/08/2014 18:14:52] Blackgt has logged in.
[26/08/2014 18:16:11] Garoto Nestle has logged in.
[26/08/2014 18:17:09] Blackgt has logged out.
[26/08/2014 18:17:11] Blackgt has logged in.
[26/08/2014 18:17:16] Mc Livinho has logged out.
[26/08/2014 18:17:18] Mc Livinho has logged in.
[26/08/2014 18:17:35] Blackgt has logged out.
[26/08/2014 18:17:37] Blackgt has logged in.
[26/08/2014 18:17:45] Blackgt has logged out.
[26/08/2014 18:17:46] Blackgt has logged in.
[26/08/2014 18:17:53] Mllk Loko has logged out.
[26/08/2014 18:17:56] Mllk Loko has logged in.
[26/08/2014 18:18:35] > Broadcasted message: "Para esclarecer algumas duvidas digite !notice, para mais informacoes fale com um [CM]".
[26/08/2014 18:18:44] Knightzinho has logged out.
[26/08/2014 18:18:46] Knightzinho has logged in.
[26/08/2014 18:18:46] Knightzinho has logged out.
[26/08/2014 18:18:48] Blackgt has logged out.
[26/08/2014 18:18:49] Blackgt has logged in.
[26/08/2014 18:19:05] Knightzinho has logged in.
[26/08/2014 18:19:19] Blackgt has logged out.
[26/08/2014 18:19:22] Blackgt has logged in.
[26/08/2014 18:19:50] Alvo Severo Potter has logged out.
[26/08/2014 18:19:52] Alvo Severo Potter has logged in.
[26/08/2014 18:20:03] Blackgt has logged out.
[26/08/2014 18:20:05] Blackgt has logged in.
[26/08/2014 18:20:54] Blackgt has logged out.
[26/08/2014 18:20:56] Blackgt has logged in.
[26/08/2014 18:21:08] Blackgt has logged out.
[26/08/2014 18:21:10] Blackgt has logged in.
[26/08/2014 18:21:42] Gotack has logged out.
[26/08/2014 18:21:45] Gotack has logged in.
[26/08/2014 18:21:59] Mc Livinho has logged out.
[26/08/2014 18:22:01] Gotack has logged out.
[26/08/2014 18:22:03] Gotack has logged in.
[26/08/2014 18:23:35] Alvo Severo Potter has logged out.
[26/08/2014 18:23:37] Alvo Severo Potter has logged in.
[26/08/2014 18:24:00] > Broadcasted message: "Game map cleaning in 1 minute, please pick up all your items.".
[26/08/2014 18:24:01] > Saving server...
[26/08/2014 18:24:04] > SAVE: Complete in 2.963 seconds using relational house storage.
[26/08/2014 18:24:30] > CLEAN: Removed 22 items from 30 tiles in 0.172 seconds.
[26/08/2014 18:24:31] > Broadcasted message: "Map Cleaned.".
[26/08/2014 18:24:32] Mc Livinho has logged in.
[26/08/2014 18:24:47] Blackgt has logged out.
[26/08/2014 18:24:49] Blackgt has logged in.
[26/08/2014 18:25:06] Blackgt has logged out.
[26/08/2014 18:25:07] Gotack has logged out.
[26/08/2014 18:25:11] Gotack has logged in.
[26/08/2014 18:25:11] Blackgt has logged in.
[26/08/2014 18:25:16] > Broadcasted message: "Para ver a lista de proximos tutores digite !tutores.".
[26/08/2014 18:25:30] Gotack has logged out.
[26/08/2014 18:25:31] Gotack has logged in.
[26/08/2014 18:25:53] Blackgt has logged out.
[26/08/2014 18:25:54] Kinna Zikinha has logged out.
[26/08/2014 18:25:55] Blackgt has logged in.
[26/08/2014 18:26:15] Blackgt has logged out.
[26/08/2014 18:26:17] Blackgt has logged in.
[26/08/2014 18:27:11] Knightzinho has logged out.
[26/08/2014 18:27:12] Knightzinho has logged in.
[26/08/2014 18:28:04] Hegazy has logged in.
[26/08/2014 18:28:25] Gotack has logged out.
[26/08/2014 18:28:33] Blackgt has logged out.
[26/08/2014 18:28:35] Blackgt has logged in.
[26/08/2014 18:29:13] Blackgt has logged out.
[26/08/2014 18:29:15] Blackgt has logged in.
[26/08/2014 18:29:17] Gotack has logged in.
[26/08/2014 18:29:34] Blackgt has logged out.
[26/08/2014 18:29:37] Blackgt has logged in.
[26/08/2014 18:30:04] Gotack has logged out.
[26/08/2014 18:30:06] Gotack has logged in.
[26/08/2014 18:30:07] Blackgt has logged out.
[26/08/2014 18:30:08] Blackgt has logged in.
[26/08/2014 18:30:13] Alvo Severo Potter has logged out.
[26/08/2014 18:30:15] Alvo Severo Potter has logged in.
[26/08/2014 18:30:31] Blackgt has logged out.
[26/08/2014 18:30:32] Blackgt has logged in.
[26/08/2014 18:31:35] Polo play has logged in.
[26/08/2014 18:31:50] Polo play has logged out.
[26/08/2014 18:31:53] Polo play has logged in.
[26/08/2014 18:31:57] > Broadcasted message: "Para comprar bless digite !bless".
[26/08/2014 18:33:38] Blackgt has logged out.
[26/08/2014 18:33:39] Blackgt has logged in.
[26/08/2014 18:33:45] Blackgt has logged out.
[26/08/2014 18:33:46] Mc Livinho has logged out.
[26/08/2014 18:33:47] Blackgt has logged in.
[26/08/2014 18:34:03] Blackgt has logged out.
[26/08/2014 18:34:04] Blackgt has logged in.
[26/08/2014 18:34:27] Polo play has logged out.
[26/08/2014 18:34:38] Mc Livinho has logged in.
[26/08/2014 18:34:45] Blackgt has logged out.
[26/08/2014 18:34:47] Blackgt has logged in.
[26/08/2014 18:35:35] Mllk Loko has logged out.
[26/08/2014 18:35:42] Gotack has logged out.
[26/08/2014 18:35:46] Garoto Nestle has logged out.
[26/08/2014 18:35:51] Polo play has logged in.
[26/08/2014 18:36:44] Gotack has logged in.
[26/08/2014 18:37:05] Garoto Nestle has logged in.
[26/08/2014 18:37:27] Kaiozinho has logged in.
[26/08/2014 18:38:32] Polo play has logged out.
[26/08/2014 18:38:34] Polo play has logged in.
[26/08/2014 18:38:38] > Broadcasted message: "Para esclarecer algumas duvidas digite !notice, para mais informacoes fale com um [CM]".
[26/08/2014 18:39:28] Blackgt has logged out.
[26/08/2014 18:39:32] Blackgt has logged in.
[26/08/2014 18:39:49] Polo play has logged out.
[26/08/2014 18:39:51] Polo play has logged in.
[26/08/2014 18:40:15] Blackgt has logged out.
[26/08/2014 18:40:16] Blackgt has logged in.
[26/08/2014 18:40:41] > Broadcasted message: "Game map cleaning in 1 minute, please pick up all your items.".
[26/08/2014 18:40:56] Blackgt has logged out.
[26/08/2014 18:40:58] Blackgt has logged in.
[26/08/2014 18:41:11] > CLEAN: Removed 1816 items from 1966 tiles in 0.22 seconds.
[26/08/2014 18:41:12] > Broadcasted message: "Map Cleaned.".
[26/08/2014 18:41:16] Blackgt has logged out.
[26/08/2014 18:41:18] Blackgt has logged in.
[26/08/2014 18:41:39] Blackgt has logged out.
[26/08/2014 18:41:42] Blackgt has logged in.
[26/08/2014 18:41:56] Blackgt has logged out.
[26/08/2014 18:41:58] Blackgt has logged in.
[26/08/2014 18:42:06] Blackgt has logged out.
[26/08/2014 18:42:08] Blackgt has logged in.
[26/08/2014 18:42:18] Kaiozinho has logged out.
[26/08/2014 18:42:19] Kina Rullex has logged out.
[26/08/2014 18:42:28] Blackgt has logged out.
[26/08/2014 18:42:30] Blackgt has logged in.
[26/08/2014 18:43:03] Blackgt has logged out.
[26/08/2014 18:43:05] Blackgt has logged in.
[26/08/2014 18:43:12] Blackgt has logged out.
[26/08/2014 18:43:15] Blackgt has logged in.
[26/08/2014 18:43:27] Polo play has logged out.
[26/08/2014 18:43:29] Polo play has logged in.
[26/08/2014 18:43:42] Blackgt has logged out.
[26/08/2014 18:43:44] Blackgt has logged in.
[26/08/2014 18:43:55] Blackgt has logged out.
[26/08/2014 18:43:57] Blackgt has logged in.
[26/08/2014 18:44:35] Gotack has logged out.
[26/08/2014 18:44:41] Gotack has logged in.
[26/08/2014 18:45:19] > Broadcasted message: "Ot on das 07:00 as 00:00".
[26/08/2014 18:45:22] Gotack has logged out.
[26/08/2014 18:45:23] Gotack has logged in.
[26/08/2014 18:46:22] Polo play has logged out.
[26/08/2014 18:46:24] Gotack has logged out.
[26/08/2014 18:46:24] Polo play has logged in.
[26/08/2014 18:46:27] Gotack has logged in.
[26/08/2014 18:46:41] Blackgt has logged out.
[26/08/2014 18:46:42] Blackgt has logged in.
[26/08/2014 18:47:29] Blackgt has logged out.
[26/08/2014 18:47:30] Blackgt has logged in.
[26/08/2014 18:47:41] Menina Mal has logged in.
[26/08/2014 18:48:00] Blackgt has logged out.
[26/08/2014 18:48:02] Blackgt has logged in.
[26/08/2014 18:48:12] Blackgt has logged out.
[26/08/2014 18:48:14] Blackgt has logged in.
[26/08/2014 18:49:13] Druidzerah Mythus has logged in.
[26/08/2014 18:49:43] Kinna Zikinha has logged in.
[26/08/2014 18:50:28] Blackgt has logged out.
[26/08/2014 18:50:31] Blackgt has logged in.
[26/08/2014 18:51:13] Blackgt has logged out.
[26/08/2014 18:51:15] Blackgt has logged in.
[26/08/2014 18:51:29] Blackgt has logged out.
[26/08/2014 18:51:33] Blackgt has logged in.
[26/08/2014 18:52:00] > Broadcasted message: "Para duvidas, eventos, e futuramente compras E-mail/Msn -> deathpvp@live.com.".
[26/08/2014 18:52:02] Blackgt has logged out.
[26/08/2014 18:52:04] Blackgt has logged in.
[26/08/2014 18:52:51] Blackgt has logged out.
[26/08/2014 18:52:52] Blackgt has logged in.
[26/08/2014 18:52:54] Blackgt has logged out.
[26/08/2014 18:53:09] The Lord Kina has logged in.
[26/08/2014 18:53:16] Hegazy has logged out.
[26/08/2014 18:53:37] Heinderberg has logged in.
[26/08/2014 18:54:00] Account Manager has logged in.
[26/08/2014 18:54:01] Account Manager has logged out.
[26/08/2014 18:55:41] Blackgt has logged in.
[26/08/2014 18:55:59] Blackgt has logged out.
[26/08/2014 18:56:01] Blackgt has logged in.
[26/08/2014 18:56:11] Blackgt has logged out.
[26/08/2014 18:56:12] Blackgt has logged in.
[26/08/2014 18:56:52] Knightzinho has logged out.
[26/08/2014 18:57:03] Blackgt has logged out.
[26/08/2014 18:57:04] Blackgt has logged in.
[26/08/2014 18:57:16] Gotack has logged out.
[26/08/2014 18:57:20] Gotack has logged in.
[26/08/2014 18:57:22] > Saving server...
[26/08/2014 18:57:25] > SAVE: Complete in 3.241 seconds using relational house storage.
[26/08/2014 18:57:26] > Broadcasted message: "Game map cleaning in 1 minute, please pick up all your items.".
[26/08/2014 18:57:56] > CLEAN: Removed 1934 items from 1479 tiles in 0.219 seconds.
[26/08/2014 18:57:56] > Broadcasted message: "Map Cleaned.".
[26/08/2014 18:57:57] Blackgt has logged out.
[26/08/2014 18:57:59] Blackgt has logged in.
[26/08/2014 18:58:41] > Broadcasted message: "Novo CLIENTE = http://www.4shared.com/rar/Xvc96eOece/Death_PVP.html".
[26/08/2014 18:59:55] Knightzinho has logged in.
[26/08/2014 19:00:15] Heinderberg has logged out.
[26/08/2014 19:01:32] Mc Livinho has logged out.
[26/08/2014 19:02:11] Polo play has logged out.
[26/08/2014 19:03:43] Hegazy has logged in.
[26/08/2014 19:04:00] Gotack has logged out.
[26/08/2014 19:04:03] Gotack has logged in.
[26/08/2014 19:04:50] Garoto Nestle has logged out.
[26/08/2014 19:05:15] Heinderberg has logged in.
[26/08/2014 19:05:17] Garoto Nestle has logged in.
[26/08/2014 19:05:22] > Broadcasted message: "Para comprar bless digite !bless".
[26/08/2014 19:05:22] Garoto Nestle has logged out.
[26/08/2014 19:05:35] Garoto Nestle has logged in.
[26/08/2014 19:06:38] Kina Rullex has logged in.
[26/08/2014 19:07:28] Alvo Severo Potter has logged out.
[26/08/2014 19:07:30] Alvo Severo Potter has logged in.
[26/08/2014 19:07:56] Heinderberg has logged out.
[26/08/2014 19:08:55] Biozard Zikao has logged in.
[26/08/2014 19:09:03] Biozard Zikao has logged out.
[26/08/2014 19:09:06] Fastporra has logged in.
[26/08/2014 19:09:20] Fastporra has logged out.
[26/08/2014 19:09:24] Biozard has logged in.
[26/08/2014 19:09:31] Biozard has logged out.
[26/08/2014 19:09:34] Duff Maluko has logged in.
[26/08/2014 19:09:35] Biozard Zikao has logged in.
[26/08/2014 19:10:14] Alvo Severo Potter has logged out.
[26/08/2014 19:10:17] Alvo Severo Potter has logged in.
[26/08/2014 19:10:38] Biozard Zikao has logged out.
[26/08/2014 19:10:45] Biozard Zikao has logged in.
[26/08/2014 19:10:54] Duff Maluko has logged out.
[26/08/2014 19:10:56] Kina Rullex has logged out.
[26/08/2014 19:10:59] Kina Rullex has logged in.
[26/08/2014 19:10:59] Biozard Zikao has logged out.
[26/08/2014 19:11:32] Biozard Zikao has logged in.
[26/08/2014 19:12:03] > Broadcasted message: "Ot on das 07:00 as 00:00".
[26/08/2014 19:12:25] Heinderberg has logged in.
[26/08/2014 19:13:04] Blackgt has logged out.
[26/08/2014 19:13:08] Heinderberg has logged out.
[26/08/2014 19:13:24] Blackgt has logged in.
[26/08/2014 19:13:44] Druidzerah Mythus has logged out.
[26/08/2014 19:14:07] > Broadcasted message: "Game map cleaning in 1 minute, please pick up all your items.".
[26/08/2014 19:14:08] Druidzerah Mythus has logged in.
[26/08/2014 19:14:38] > CLEAN: Removed 1924 items from 1350 tiles in 0.681 seconds.
[26/08/2014 19:14:39] > Broadcasted message: "Map Cleaned.".
[26/08/2014 19:15:16] Knightzinho has logged out.
[26/08/2014 19:15:28] Biozard Zikao has logged out.
[26/08/2014 19:15:44] Knightzinho has logged in.
[26/08/2014 19:15:54] Biozard Zikao has logged in.
[26/08/2014 19:16:22] Druidzerah Mythus has logged out.
[26/08/2014 19:16:39] Biozard Zikao has logged out.
[26/08/2014 19:16:55] Biozard Zikao has logged in.
[26/08/2014 19:17:01] Heinderberg has logged in.
[26/08/2014 19:18:19] Biozard Zikao has logged out.
[26/08/2014 19:18:24] Hegazy has logged out.
[26/08/2014 19:18:35] Biozard Zikao has logged in.
[26/08/2014 19:18:44] > Broadcasted message: "Novo CLIENTE = http://www.4shared.com/rar/Xvc96eOece/Death_PVP.html".
[26/08/2014 19:18:50] Biozard Zikao has logged out.
[26/08/2014 19:18:57] Yakuza has logged in.
[26/08/2014 19:19:00] Biozard Zikao has logged in.
[26/08/2014 19:19:07] Biozard Zikao has logged out.
[26/08/2014 19:19:11] Account Manager has logged in.
[26/08/2014 19:20:13] Account Manager has logged out.
[26/08/2014 19:20:14] Druidzerah Mythus has logged in.
[26/08/2014 19:20:59] Bug Kinne has logged in.
[26/08/2014 19:25:25] > Broadcasted message: "Para ver as noticias fale !notice".
[26/08/2014 19:29:55] Alvo Severo Potter has logged out.
[26/08/2014 19:30:00] Blackgt has logged out.
[26/08/2014 19:30:05] Alvo Severo Potter has logged in.
[26/08/2014 19:30:37] The Lord Kina has logged out.
[26/08/2014 19:30:43] > Saving server...
[26/08/2014 19:30:47] > SAVE: Complete in 3.429 seconds using relational house storage.
[26/08/2014 19:30:48] > Broadcasted message: "Game map cleaning in 1 minute, please pick up all your items.".
[26/08/2014 19:31:19] > CLEAN: Removed 1159 items from 665 tiles in 0.323 seconds.
[26/08/2014 19:31:19] > Broadcasted message: "Map Cleaned.".
[26/08/2014 19:32:06] > Broadcasted message: "Para ver as noticias fale !notice".
[26/08/2014 19:34:01] Knightzinho has logged out.
[26/08/2014 19:34:02] 
[26/08/2014 19:34:02] Lua Script Error: [CreatureScript Interface] 
[26/08/2014 19:34:02] data/creaturescripts/scripts/playerdeath.lua:onDeath
[26/08/2014 19:34:02] 
[26/08/2014 19:34:02] luaGetCreatureName(). Creature not found
[26/08/2014 19:34:03] 
[26/08/2014 19:34:03] Lua Script Error: [CreatureScript Interface] 
[26/08/2014 19:34:03] data/creaturescripts/scripts/playerdeath.lua:onDeath
[26/08/2014 19:34:04] 
[26/08/2014 19:34:04] luaGetCreatureName(). Creature not found
[26/08/2014 19:34:04] Kinna Zikinha has logged out.
[26/08/2014 19:34:06] Knightzinho has logged in.
[26/08/2014 19:34:07] Kinna Zikinha has logged in.
[26/08/2014 19:35:39] Blackgt has logged in.
[26/08/2014 19:36:14] Gotack has logged out.
[26/08/2014 19:36:19] Gotack has logged in.
[26/08/2014 19:37:46] Bug Kinne has logged out.
[26/08/2014 19:38:16] Alvo Severo Potter has logged out.
[26/08/2014 19:38:18] Alvo Severo Potter has logged in.
[26/08/2014 19:38:47] > Broadcasted message: "Ot on das 07:00 as 00:00".
[26/08/2014 19:38:51] Bug Kinne has logged in.
[26/08/2014 19:38:52] Bug Kinne has logged out.
[26/08/2014 19:39:17] The Lord Kina has logged in.
[26/08/2014 19:39:20] The Lord Kina has logged out.
[26/08/2014 19:39:25] The Lord Kina has logged in.
[26/08/2014 19:39:50] Mc Livinho has logged in.
[26/08/2014 19:40:27] Porra Manw has logged in.
[26/08/2014 19:40:45] Gotack has logged out.
[26/08/2014 19:40:48] Porra Manw has logged out.
[26/08/2014 19:40:48] Gotack has logged in.
[26/08/2014 19:41:03] Alvo Severo Potter has logged out.
[26/08/2014 19:41:07] Alvo Severo Potter has logged in.
[26/08/2014 19:42:02] The Lord Kina has logged out.
[26/08/2014 19:42:09] Menina Mal has logged out.
[26/08/2014 19:42:12] The Lord Kina has logged in.
[26/08/2014 19:42:17] Gotack has logged out.
[26/08/2014 19:42:18] Heinderberg has logged out.
[26/08/2014 19:42:19] Gotack has logged in.
[26/08/2014 19:42:21] Heinderberg has logged in.
[26/08/2014 19:42:22] Garoto Nestle has logged out.
[26/08/2014 19:42:25] Garoto Nestle has logged in.
[26/08/2014 19:43:45] Menina Mal has logged in.
[26/08/2014 19:44:58] Gotack has logged out.
[26/08/2014 19:45:06] Gotack has logged in.
[26/08/2014 19:45:28] > Broadcasted message: "Ot on das 07:00 as 00:00".
[26/08/2014 19:46:39] Menina Mal has logged out.
[26/08/2014 19:47:03] Gotack has logged out.
[26/08/2014 19:47:08] Gotack has logged in.
[26/08/2014 19:47:29] > Broadcasted message: "Game map cleaning in 1 minute, please pick up all your items.".
[26/08/2014 19:47:59] > CLEAN: Removed 3346 items from 2689 tiles in 0.358 seconds.
[26/08/2014 19:48:00] > Broadcasted message: "Map Cleaned.".
[26/08/2014 19:48:20] Gotack has logged out.
[26/08/2014 19:48:22] Gotack has logged in.
[26/08/2014 19:48:57] Gotack has logged out.
[26/08/2014 19:49:02] Gotack has logged in.
[26/08/2014 19:49:37] Druidzerah Mythus has logged out.
[26/08/2014 19:49:45] Gotack has logged out.
[26/08/2014 19:49:51] Hegazy has logged in.
[26/08/2014 19:50:04] Honda has logged in.
[26/08/2014 19:50:12] Bug Kinne has logged in.
[26/08/2014 19:50:12] Bug Kinne has logged out.
[26/08/2014 19:50:16] Polo play has logged in.
[26/08/2014 19:50:21] Porra Manw has logged in.
[26/08/2014 19:50:23] Alvo Severo Potter has logged out.
[26/08/2014 19:50:25] Alvo Severo Potter has logged in.
[26/08/2014 19:50:39] Gotack has logged in.
[26/08/2014 19:50:47] Yakuza has logged out.
[26/08/2014 19:50:59] Porra Manw has logged out.
[26/08/2014 19:51:00] Porra Manw has logged in.
[26/08/2014 19:51:57] Gotack has logged out.
[26/08/2014 19:52:04] Gotack has logged in.
[26/08/2014 19:52:09] > Broadcasted message: "Sempre Ao Criar Uma Conta, Pegue A RK Dela No Account Manager Da Conta E Anote, Nunca Passe A Sua Senha Para Outras Pessoas, E Ao Entrar Em Outros OT´s Crie Contas Diferentes Para Não Sofrer HACKED, Não Me Responsabilizo Por Perdas, Obrigado".
[26/08/2014 19:52:45] Gotack has logged out.
[26/08/2014 19:52:49] Gotack has logged in.
[26/08/2014 19:53:35] Polo play has logged out.
[26/08/2014 19:55:31] Heinderberg has logged out.
[26/08/2014 19:55:33] Arizinha Andrade has logged in.
[26/08/2014 19:55:37] Heinderberg has logged in.
[26/08/2014 19:55:44] Menino Mal has logged out.
[26/08/2014 19:57:21] Honda has logged out.
[26/08/2014 19:57:49] Menino Mal has logged in.
[26/08/2014 19:58:50] > Broadcasted message: "Ot on das 07:00 as 00:00".
[26/08/2014 19:58:56] Mc Livinho has logged out.
[26/08/2014 19:58:58] Mc Livinho has logged in.
[26/08/2014 19:59:01] Gotack has logged out.
[26/08/2014 19:59:03] Gotack has logged in.
[26/08/2014 19:59:15] Honda has logged in.
[26/08/2014 19:59:30] Blackgt has logged out.
[26/08/2014 19:59:37] Mc Livinho has logged out.
[26/08/2014 19:59:40] Mc Livinho has logged in.
[26/08/2014 20:00:05] Mc Livinho has logged out.
[26/08/2014 20:00:07] Mc Livinho has logged in.
[26/08/2014 20:01:28] Gotack has logged out.
[26/08/2014 20:01:30] Gotack has logged in.
[26/08/2014 20:01:49] Blackgt has logged in.
[26/08/2014 20:02:29] Garoto Nestle has logged out.
[26/08/2014 20:02:37] Knightzinho has logged out.
[26/08/2014 20:02:39] Knightzinho has logged in.
[26/08/2014 20:03:32] Kinna Zikinha has logged out.
[26/08/2014 20:04:04] > Saving server...
[26/08/2014 20:04:07] > SAVE: Complete in 3.571 seconds using relational house storage.
[26/08/2014 20:04:10] > Broadcasted message: "Game map cleaning in 1 minute, please pick up all your items.".
[26/08/2014 20:04:40] > CLEAN: Removed 304 items from 204 tiles in 0.188 seconds.
[26/08/2014 20:04:40] > Broadcasted message: "Map Cleaned.".
[26/08/2014 20:05:07] The Lord Kina has logged out.
[26/08/2014 20:05:11] The Lord Kina has logged in.
[26/08/2014 20:05:31] > Broadcasted message: "Para ver a lista de proximos tutores digite !tutores.".
[26/08/2014 20:05:42] Gotack has logged out.
[26/08/2014 20:05:44] Gotack has logged in.
[26/08/2014 20:06:22] Hegazy has logged out.
[26/08/2014 20:07:32] Mc Livinho has logged out.
[26/08/2014 20:07:34] Mc Livinho has logged in.
[26/08/2014 20:08:07] Mata Pally has logged in.
[26/08/2014 20:08:26] Gotack has logged out.
[26/08/2014 20:08:27] Alvo Severo Potter has logged out.
[26/08/2014 20:08:28] Alvo Severo Potter has logged in.
[26/08/2014 20:08:29] Gotack has logged in.
[26/08/2014 20:08:56] The Lord Kina has logged out.
[26/08/2014 20:09:05] The Lord Kina has logged in.
[26/08/2014 20:09:27] Porra Manw has logged out.
[26/08/2014 20:09:36] Gotack has logged out.
[26/08/2014 20:09:38] Gotack has logged in.
[26/08/2014 20:10:20] Knightzinho has logged out.
[26/08/2014 20:10:21] Knightzinho has logged in.
[26/08/2014 20:10:35] Hegazy has logged in.
[26/08/2014 20:10:37] The Lord Kina has logged out.
[26/08/2014 20:10:41] The Lord Kina has logged in.
[26/08/2014 20:11:44] Hegazy has logged out.
[26/08/2014 20:12:12] > Broadcasted message: "Sempre Ao Criar Uma Conta, Pegue A RK Dela No Account Manager Da Conta E Anote, Nunca Passe A Sua Senha Para Outras Pessoas, E Ao Entrar Em Outros OT´s Crie Contas Diferentes Para Não Sofrer HACKED, Não Me Responsabilizo Por Perdas, Obrigado".
[26/08/2014 20:12:31] The Lord Kina has logged out.
[26/08/2014 20:12:33] The Lord Kina has logged in.
[26/08/2014 20:12:33] Druidzerah Mythus has logged in.
[26/08/2014 20:13:12] The Lord Kina has logged out.
[26/08/2014 20:13:34] Menina Mal has logged in.
[26/08/2014 20:14:05] Heinderberg has logged out.
[26/08/2014 20:14:07] Heinderberg has logged in.
[26/08/2014 20:14:49] Knightzinho has logged out.
[26/08/2014 20:14:56] Mata Pally has logged out.
[26/08/2014 20:14:58] Knightzinho has logged in.
[26/08/2014 20:14:58] Mata Pally has logged in.
[26/08/2014 20:15:45] Arizinha Andrade has logged out.
[26/08/2014 20:16:23] Menino Mal has logged out.
[26/08/2014 20:16:50] Menina Mal has logged out.
[26/08/2014 20:16:51] Menina Mal has logged in.
[26/08/2014 20:17:07] Heinderberg has logged out.
[26/08/2014 20:17:08] Knightzinho has logged out.
[26/08/2014 20:17:10] Heinderberg has logged in.
[26/08/2014 20:17:10] Knightzinho has logged in.
[26/08/2014 20:18:13] Blackgt has logged out.
[26/08/2014 20:18:17] Garoto Nestle has logged in.
[26/08/2014 20:18:53] Alvo Severo Potter has logged out.
[26/08/2014 20:18:53] > Broadcasted message: "Para esclarecer algumas duvidas digite !notice, para mais informacoes fale com um [CM]".
[26/08/2014 20:18:55] Alvo Severo Potter has logged in.
[26/08/2014 20:18:57] Mc Livinho has logged out.
[26/08/2014 20:19:02] Mc Livinho has logged in.
[26/08/2014 20:20:26] Mc Livinho has logged out.
[26/08/2014 20:20:27] Mc Livinho has logged in.
[26/08/2014 20:20:45] Heinderberg has logged out.
[26/08/2014 20:20:51] > Broadcasted message: "Game map cleaning in 1 minute, please pick up all your items.".
[26/08/2014 20:21:13] Garoto Nestle has logged out.
[26/08/2014 20:21:15] Garoto Nestle has logged in.
[26/08/2014 20:21:22] > CLEAN: Removed 2618 items from 1460 tiles in 0.212 seconds.
[26/08/2014 20:21:22] > Broadcasted message: "Map Cleaned.".
[26/08/2014 20:21:28] Blackgt has logged in.
[26/08/2014 20:22:16] Druidzerah Mythus has logged out.
[26/08/2014 20:22:45] Knightzinho has logged out.
[26/08/2014 20:22:47] Knightzinho has logged in.
[26/08/2014 20:25:34] > Broadcasted message: "Para duvidas, eventos, e futuramente compras E-mail/Msn -> deathpvp@live.com.".
[26/08/2014 20:26:45] Garoto Nestle has logged out.
[26/08/2014 20:26:47] Garoto Nestle has logged in.
[26/08/2014 20:27:08] Alvo Severo Potter has logged out.
[26/08/2014 20:27:09] Alvo Severo Potter has logged in.
[26/08/2014 20:27:42] Heinderberg has logged in.
[26/08/2014 20:27:57] Heinderberg has logged out.
[26/08/2014 20:28:04] Heinderberg has logged in.
[26/08/2014 20:29:13] Gotack has logged out.
[26/08/2014 20:29:36] Heinderberg has logged out.
[26/08/2014 20:29:38] Knightzinho has logged out.
[26/08/2014 20:29:39] Heinderberg has logged in.
[26/08/2014 20:29:53] Mata Pally has logged out.
[26/08/2014 20:29:54] 
[26/08/2014 20:29:54] Lua Script Error: [CreatureScript Interface] 
[26/08/2014 20:29:54] data/creaturescripts/scripts/playerdeath.lua:onDeath
[26/08/2014 20:29:54] 
[26/08/2014 20:29:54] luaGetCreatureName(). Creature not found
[26/08/2014 20:29:55] 
[26/08/2014 20:29:55] Lua Script Error: [CreatureScript Interface] 
[26/08/2014 20:29:55] data/creaturescripts/scripts/playerdeath.lua:onDeath
[26/08/2014 20:29:55] 
[26/08/2014 20:29:55] luaGetCreatureName(). Creature not found
[26/08/2014 20:29:55] Mc Livinho has logged out.
[26/08/2014 20:30:00] Mata Pally has logged in.
[26/08/2014 20:30:00] Mc Livinho has logged in.
[26/08/2014 20:30:01] Druidzerah Mythus has logged in.
[26/08/2014 20:30:02] Knightzinho has logged in.
[26/08/2014 20:30:27] Porra Manw has logged in.
[26/08/2014 20:30:31] Garoto Nestle has logged out.
[26/08/2014 20:30:36] Garoto Nestle has logged in.
[26/08/2014 20:31:09] Garoto Nestle has logged out.
[26/08/2014 20:31:11] Garoto Nestle has logged in.
[26/08/2014 20:31:58] Garoto Nestle has logged out.
[26/08/2014 20:31:59] Knightzinho has logged out.
[26/08/2014 20:32:00] Garoto Nestle has logged in.
[26/08/2014 20:32:01] Knightzinho has logged in.
[26/08/2014 20:32:15] > Broadcasted message: "Ot on das 07:00 as 00:00".
[26/08/2014 20:32:17] Mc Livinho has logged out.
[26/08/2014 20:32:19] Mc Livinho has logged in.
[26/08/2014 20:32:26] Knightzinho has logged out.
[26/08/2014 20:32:31] Magezinho Sapeca has logged in.
[26/08/2014 20:32:42] Marina has logged in.
[26/08/2014 20:35:35] Mata Pally has logged out.
[26/08/2014 20:35:37] Mata Pally has logged in.
[26/08/2014 20:36:04] Marina has logged out.
[26/08/2014 20:36:05] Marina has logged in.
[26/08/2014 20:36:32] Garoto Nestle has logged out.
[26/08/2014 20:36:35] Garoto Nestle has logged in.
[26/08/2014 20:37:03] Heinderberg has logged out.
[26/08/2014 20:37:04] Mc Livinho has logged out.
[26/08/2014 20:37:09] Mc Livinho has logged in.
[26/08/2014 20:37:25] > Saving server...
[26/08/2014 20:37:28] > SAVE: Complete in 3.215 seconds using relational house storage.
[26/08/2014 20:37:32] > Broadcasted message: "Game map cleaning in 1 minute, please pick up all your items.".
[26/08/2014 20:37:34] Garoto Nestle has logged out.
[26/08/2014 20:37:36] Garoto Nestle has logged in.
[26/08/2014 20:37:52] Blackgt has logged out.
[26/08/2014 20:38:03] > CLEAN: Removed 1893 items from 1190 tiles in 0.222 seconds.
[26/08/2014 20:38:03] > Broadcasted message: "Map Cleaned.".
[26/08/2014 20:38:11] Garoto Nestle has logged out.
[26/08/2014 20:38:14] Alvo Severo Potter has logged out.
[26/08/2014 20:38:16] Alvo Severo Potter has logged in.
[26/08/2014 20:38:17] Garoto Nestle has logged in.
[26/08/2014 20:38:25] Garoto Nestle has logged out.
[26/08/2014 20:38:31] Garoto Nestle has logged in.
[26/08/2014 20:38:56] > Broadcasted message: "Sempre Ao Criar Uma Conta, Pegue A RK Dela No Account Manager Da Conta E Anote, Nunca Passe A Sua Senha Para Outras Pessoas, E Ao Entrar Em Outros OT´s Crie Contas Diferentes Para Não Sofrer HACKED, Não Me Responsabilizo Por Perdas, Obrigado".
[26/08/2014 20:39:12] Alvo Severo Potter has logged out.
[26/08/2014 20:39:14] Alvo Severo Potter has logged in.
[26/08/2014 20:39:18] Marina has logged out.
[26/08/2014 20:39:19] Marina has logged in.
[26/08/2014 20:39:22] Heinderberg has logged in.
[26/08/2014 20:39:42] Heinderberg has logged out.
[26/08/2014 20:39:42] Alvo Severo Potter has logged out.
[26/08/2014 20:39:44] Heinderberg has logged in.
[26/08/2014 20:39:44] Alvo Severo Potter has logged in.
[26/08/2014 20:40:54] Marina has logged out.
[26/08/2014 20:40:56] Marina has logged in.
[26/08/2014 20:40:58] Blackgt has logged in.
[26/08/2014 20:41:47] Marina has logged out.
[26/08/2014 20:41:48] Marina has logged in.
[26/08/2014 20:42:31] Heinderberg has logged out.
[26/08/2014 20:42:34] Heinderberg has logged in.
[26/08/2014 20:43:02] Marina has logged out.
[26/08/2014 20:43:04] Marina has logged in.
[26/08/2014 20:44:48] Menina Mal has logged out.
[26/08/2014 20:44:49] 
[26/08/2014 20:44:49] Lua Script Error: [CreatureScript Interface] 
[26/08/2014 20:44:49] data/creaturescripts/scripts/playerdeath.lua:onDeath
[26/08/2014 20:44:49] 
[26/08/2014 20:44:49] luaGetCreatureName(). Creature not found
[26/08/2014 20:44:49] Marina has logged out.
[26/08/2014 20:44:50] Mata Pally has logged out.
[26/08/2014 20:44:51] Marina has logged in.
[26/08/2014 20:44:52] Mata Pally has logged in.
[26/08/2014 20:44:53] Menina Mal has logged in.
[26/08/2014 20:45:18] Heinderberg has logged out.
[26/08/2014 20:45:20] Heinderberg has logged in.
[26/08/2014 20:45:37] > Broadcasted message: "Ot on das 07:00 as 00:00".
[26/08/2014 20:45:38] Heinderberg has logged out.
[26/08/2014 20:45:40] Heinderberg has logged in.
[26/08/2014 20:47:01] Alvo Severo Potter has logged out.
[26/08/2014 20:47:03] Alvo Severo Potter has logged in.
[26/08/2014 20:47:50] Heinderberg has logged out.
[26/08/2014 20:47:53] Heinderberg has logged in.
[26/08/2014 20:48:41] Pally Brisado has logged in.
[26/08/2014 20:48:56] Mata Pally has logged out.
[26/08/2014 20:48:56] Marina has logged out.
[26/08/2014 20:48:59] Marina has logged in.
[26/08/2014 20:48:59] Mata Pally has logged in.
[26/08/2014 20:49:15] Porra Manw has logged out.
[26/08/2014 20:50:18] Honda has logged out.
[26/08/2014 20:50:56] Menino Mal has logged in.
[26/08/2014 20:51:51] Mc Livinho has logged out.
[26/08/2014 20:51:53] Mc Livinho has logged in.
[26/08/2014 20:52:18] > Broadcasted message: "Ot on das 07:00 as 00:00".
[26/08/2014 20:52:49] Pally Brisado has logged out.
[26/08/2014 20:54:06] Hegazy has logged in.
[26/08/2014 20:54:13] > Broadcasted message: "Game map cleaning in 1 minute, please pick up all your items.".
[26/08/2014 20:54:14] Druidzerah Mythus has logged out.
[26/08/2014 20:54:25] Honda has logged in.
[26/08/2014 20:54:44] > CLEAN: Removed 6053 items from 1420 tiles in 0.426 seconds.
[26/08/2014 20:54:44] > Broadcasted message: "Map Cleaned.".
[26/08/2014 20:55:15] Mc Livinho has logged out.
[26/08/2014 20:55:16] Mc Livinho has logged in.
[26/08/2014 20:57:33] Mc Livinho has logged out.
[26/08/2014 20:57:45] Druid Do Terror has logged in.
[26/08/2014 20:57:47] Druid Do Terror has logged out.
[26/08/2014 20:57:50] Pallyzinho has logged in.
[26/08/2014 20:58:35] Pallyzinho has logged out.
[26/08/2014 20:58:38] Druid Do Terror has logged in.
[26/08/2014 20:58:42] Druid Do Terror has logged out.
[26/08/2014 20:58:53] Honda has logged out.
[26/08/2014 20:58:56] Pallyzinho has logged in.
[26/08/2014 20:58:59] Honda has logged in.
[26/08/2014 20:58:59] > Broadcasted message: "Para comprar bless digite !bless".
[26/08/2014 20:59:17] Hegazy has logged out.
[26/08/2014 20:59:24] Hegazy has logged in.
[26/08/2014 20:59:44] Pallyzinho has logged out.
[26/08/2014 20:59:50] Mc Livinho has logged in.
[26/08/2014 21:04:39] Kina Rullex has logged out.
[26/08/2014 21:05:40] > Broadcasted message: "Novo CLIENTE = http://www.4shared.com/rar/Xvc96eOece/Death_PVP.html".
[26/08/2014 21:07:13] Juninhosza has logged in.
[26/08/2014 21:07:35] Hegazy has logged out.
[26/08/2014 21:07:43] Hegazy has logged in.
[26/08/2014 21:08:14] Juninhosza has logged out.
[26/08/2014 21:08:22] Juninhosza has logged in.
[26/08/2014 21:09:19] Mata Pally has logged out.
[26/08/2014 21:09:26] Mata Pally has logged in.
[26/08/2014 21:10:47] > Saving server...
[26/08/2014 21:10:55] > SAVE: Complete in 7.98 seconds using relational house storage.
[26/08/2014 21:10:56] > Broadcasted message: "Game map cleaning in 1 minute, please pick up all your items.".
[26/08/2014 21:11:01] Honda has logged out.
[26/08/2014 21:11:05] Honda has logged in.
[26/08/2014 21:11:11] Yakuza has logged in.
[26/08/2014 21:11:14] Marina has logged out.
[26/08/2014 21:11:19] Marina has logged in.
[26/08/2014 21:11:27] > CLEAN: Removed 3910 items from 1793 tiles in 0.521 seconds.
[26/08/2014 21:11:28] > Broadcasted message: "Map Cleaned.".
[26/08/2014 21:12:21] > Broadcasted message: "Para esclarecer algumas duvidas digite !notice, para mais informacoes fale com um [CM]".
[26/08/2014 21:12:24] Blackgt has logged out.
[26/08/2014 21:12:24] Heinderberg has logged out.
[26/08/2014 21:12:41] Heinderberg has logged in.
[26/08/2014 21:12:49] Mlk Lokoo has logged in.
[26/08/2014 21:13:24] Mlk Lokoo has logged out.
[26/08/2014 21:13:26] Account Manager has logged in.
[26/08/2014 21:13:53] Account Manager has logged out.
[26/08/2014 21:13:54] Account Manager has logged in.
[26/08/2014 21:14:10] Account Manager has logged out.
[26/08/2014 21:15:01] Kina Rullex has logged in.
[26/08/2014 21:15:15] Account Manager has logged in.
[26/08/2014 21:15:37] Hegazy has logged out.
[26/08/2014 21:15:49] Hegazy has logged in.
[26/08/2014 21:15:53] Heinderberg has logged out.
[26/08/2014 21:15:56] Heinderberg has logged in.
[26/08/2014 21:16:11] Marina has logged out.
[26/08/2014 21:16:26] Account Manager has logged out.
[26/08/2014 21:16:34] Mlk Lokoo has logged in.
[26/08/2014 21:16:38] Mata Pally has logged out.
[26/08/2014 21:16:47] Mlk Lokoo has logged out.
[26/08/2014 21:17:01] Mata Pally has logged in.
[26/08/2014 21:17:25] Juninhosza has logged out.
[26/08/2014 21:17:29] Mata Pally has logged out.
[26/08/2014 21:17:35] Mata Pally has logged in.
[26/08/2014 21:17:38] Juninhosza has logged in.
[26/08/2014 21:17:47] > Saving server...
[26/08/2014 21:17:52] > SAVE: Complete in 4.903 seconds using relational house storage.
[26/08/2014 21:18:04] Juninhosza has logged out.
[26/08/2014 21:18:27] Juninhosza has logged in.
[26/08/2014 21:19:00] Mc Livinho has logged out.
[26/08/2014 21:19:02] > Broadcasted message: "Ot on das 07:00 as 00:00".
[26/08/2014 21:19:07] Mlk Lokoo has logged in.
[26/08/2014 21:19:22] Hegazy has logged out.
[26/08/2014 21:19:23] Heinderberg has logged out.
[26/08/2014 21:19:26] Heinderberg has logged in.
[26/08/2014 21:19:31] Hegazy has logged in.
[26/08/2014 21:19:32] Alvo Severo Potter has logged out.
[26/08/2014 21:19:35] Alvo Severo Potter has logged in.
[26/08/2014 21:19:50] Hegazy has logged out.
[26/08/2014 21:20:07] Account Manager has logged in.
[26/08/2014 21:20:21] Account Manager has logged out.
[26/08/2014 21:20:56] Catatal has logged in.
[26/08/2014 21:21:18] Juninhosza has logged out.
[26/08/2014 21:21:25] Juninhosza has logged in.
[26/08/2014 21:22:00] Heinderberg has logged out.
[26/08/2014 21:22:24] Alvo Severo Potter has logged out.
[26/08/2014 21:22:43] Hegazy has logged in.
[26/08/2014 21:24:18] Mata Pally has logged out.
[26/08/2014 21:24:31] Mata Pally has logged in.
[26/08/2014 21:24:33] Honda has logged out.
[26/08/2014 21:24:35] Honda has logged in.
[26/08/2014 21:25:13] Porra Manw has logged in.
[26/08/2014 21:25:20] Marina has logged in.
[26/08/2014 21:25:43] > Broadcasted message: "Para esclarecer algumas duvidas digite !notice, para mais informacoes fale com um [CM]".
[26/08/2014 21:26:02] Heinderberg has logged in.
[26/08/2014 21:26:11] Honda has logged out.
[26/08/2014 21:26:14] Honda has logged in.
[26/08/2014 21:26:31] Menino Mal has logged out.
[26/08/2014 21:26:39] Account Manager has logged in.
[26/08/2014 21:26:47] Account Manager has logged out.
[26/08/2014 21:27:11] Account Manager has logged in.
[26/08/2014 21:27:14] Account Manager has logged out.
[26/08/2014 21:27:37] > Broadcasted message: "Game map cleaning in 1 minute, please pick up all your items.".
[26/08/2014 21:27:54] Juninhosza has logged out.
[26/08/2014 21:28:03] Juninhosza has logged in.
[26/08/2014 21:28:07] > CLEAN: Removed 1859 items from 1259 tiles in 0.242 seconds.
[26/08/2014 21:28:08] > Broadcasted message: "Map Cleaned.".
[26/08/2014 21:28:31] Juninhosza has logged out.
[26/08/2014 21:28:53] Juninhosza has logged in.
[26/08/2014 21:29:13] Mata Pally has logged out.
[26/08/2014 21:29:17] Mata Pally has logged in.
[26/08/2014 21:29:50] Hegazy has logged out.
[26/08/2014 21:29:56] Mlk Lokoo has logged out.
[26/08/2014 21:29:57] Mlk Lokoo has logged in.
[26/08/2014 21:29:58] Mlk Lokoo has logged out.
[26/08/2014 21:30:10] Account Manager has logged in.
[26/08/2014 21:30:10] Account Manager has logged in.
[26/08/2014 21:30:17] Yakuza has logged out.
[26/08/2014 21:30:18] Account Manager has logged out.
[26/08/2014 21:30:18] Account Manager has logged in.
[26/08/2014 21:30:19] Account Manager has logged out.
[26/08/2014 21:30:20] 
[26/08/2014 21:30:20] Lua Script Error: [CreatureScript Interface] 
[26/08/2014 21:30:20] in a timer event called from: 
[26/08/2014 21:30:20] data/creaturescripts/scripts/antimc.lua:onLogin
[26/08/2014 21:30:21] 
[26/08/2014 21:30:21] luaDoRemoveCreature(). Creature not found
[26/08/2014 21:30:21] Magezinho Sapeca has logged out.
[26/08/2014 21:30:22] Account Manager has logged out.
[26/08/2014 21:30:26] Menino Mal has logged in.
[26/08/2014 21:30:31] Yakuza has logged in.
[26/08/2014 21:30:45] Catatal has logged out.
[26/08/2014 21:30:52] Hegazy has logged in.
[26/08/2014 21:30:59] Chico Bioca has logged in.
[26/08/2014 21:31:18] Honda has logged out.
[26/08/2014 21:31:19] Honda has logged in.
[26/08/2014 21:31:36] Kina Rullex has logged out.
[26/08/2014 21:31:56] Magezinho Sapeca has logged in.
[26/08/2014 21:32:24] > Broadcasted message: "Ot on das 07:00 as 00:00".
[26/08/2014 21:33:16] Chico Bioca has logged out.
[26/08/2014 21:33:57] Mc Livinho has logged in.
[26/08/2014 21:34:09] Mc Livinho has logged out.
[26/08/2014 21:34:18] Juninhosza has logged out.
[26/08/2014 21:34:27] Juninhosza has logged in.
[26/08/2014 21:34:35] Account Manager has logged in.
[26/08/2014 21:35:02] Mata Pally has logged out.
[26/08/2014 21:35:12] Account Manager has logged out.
[26/08/2014 21:35:12] Mata Pally has logged in.
[26/08/2014 21:35:49] Honda has logged out.
[26/08/2014 21:35:53] Honda has logged in.
[26/08/2014 21:35:58] Porra Manw has logged out.
[26/08/2014 21:35:59] Mc Livinho has logged in.
[26/08/2014 21:36:05] Mc Livinho has logged out.
[26/08/2014 21:36:14] Mlk Lokoo has logged in.
[26/08/2014 21:36:34] Juninhosza has logged out.
[26/08/2014 21:36:57] Juninhosza has logged in.
[26/08/2014 21:37:05] sqlite3_step(): SQLITE ERROR: database is locked
[26/08/2014 21:37:05] > ERROR: Failed to save account: 1!
[26/08/2014 21:37:22] Magezinho Sapeca has logged out.
[26/08/2014 21:37:26] Palazinho has logged in.
[26/08/2014 21:37:27] Duff Maluko has logged in.
[26/08/2014 21:37:29] Palazinho has logged out.
[26/08/2014 21:37:30] Palazinho has logged in.
[26/08/2014 21:37:35] Mata Pally has logged out.
[26/08/2014 21:37:52] Mata Pally has logged in.
[26/08/2014 21:38:07] Account Manager has logged in.
[26/08/2014 21:38:08] Mlk Lokoo has logged out.
[26/08/2014 21:38:14] Mc Livinho has logged in.
[26/08/2014 21:38:42] Honda has logged out.
[26/08/2014 21:38:45] Honda has logged in.
[26/08/2014 21:39:05] > Broadcasted message: "Novo CLIENTE = http://www.4shared.com/rar/Xvc96eOece/Death_PVP.html".
[26/08/2014 21:39:10] Mlk Lokoo has logged in.
[26/08/2014 21:39:21] Juninhosza has logged out.
[26/08/2014 21:39:37] Marina has logged out.
[26/08/2014 21:39:38] Juninhosza has logged in.
[26/08/2014 21:39:38] Marina has logged in.
[26/08/2014 21:39:58] Account Manager has logged out.
[26/08/2014 21:40:06] Mata Pally has logged out.
[26/08/2014 21:40:10] Mlk Lokoo has logged out.
[26/08/2014 21:40:10] Mata Pally has logged in.
[26/08/2014 21:40:11] Account Manager has logged in.
[26/08/2014 21:40:12] Mata Pally has logged out.
[26/08/2014 21:40:23] Account Manager has logged out.
[26/08/2014 21:40:26] Mata Pally has logged in.
[26/08/2014 21:40:48] Mlk Lokoo has logged in.
[26/08/2014 21:40:58] Mc Livinho has logged out.
[26/08/2014 21:40:59] sqlite3_step(): SQLITE ERROR: unable to open database file
[26/08/2014 21:41:00] Honda has logged out.
[26/08/2014 21:41:01] Account Manager has logged in.
[26/08/2014 21:41:02] Honda has logged in.
[26/08/2014 21:41:05] Kaiozinho has logged in.
[26/08/2014 21:41:27] Account Manager has logged out.
[26/08/2014 21:41:28] Account Manager has logged in.
[26/08/2014 21:41:49] Account Manager has logged out.
[26/08/2014 21:41:57] Mc Livinho has logged in.
[26/08/2014 21:42:00] Hegazy has logged out.
[26/08/2014 21:42:05] Hegazy has logged in.
[26/08/2014 21:42:08] Mlk Lokoo has logged out.
[26/08/2014 21:42:33] Account Manager has logged in.
[26/08/2014 21:42:34] Juninhosza has logged out.
[26/08/2014 21:42:40] Account Manager has logged out.
[26/08/2014 21:42:40] Account Manager has logged in.
[26/08/2014 21:42:44] Kaiozinho has logged out.
[26/08/2014 21:42:45] Juninhosza has logged in.
[26/08/2014 21:42:45] Mc Livinho has logged out.
[26/08/2014 21:42:47] Kaiozinho has logged in.
[26/08/2014 21:42:47] Mc Livinho has logged in.
[26/08/2014 21:42:48] Honda has logged out.
[26/08/2014 21:42:56] Account Manager has logged out.
[26/08/2014 21:42:57] Account Manager has logged in.
[26/08/2014 21:42:59] Menino Mal has logged out.
[26/08/2014 21:43:00] Menino Mal has logged in.
[26/08/2014 21:43:01] Menino Mal has logged out.
[26/08/2014 21:43:04] Honda has logged in.
[26/08/2014 21:43:07] Mlk Lokoo has logged in.
[26/08/2014 21:43:08] Garoto Nestle has logged out.
[26/08/2014 21:43:12] Palazinho has logged out.
[26/08/2014 21:43:13] Marina has logged out.
[26/08/2014 21:43:15] Marina has logged in.
[26/08/2014 21:43:17] Palazinho has logged in.
[26/08/2014 21:43:34] Account Manager has logged out.
[26/08/2014 21:43:40] Mata Pally has logged out.
[26/08/2014 21:43:50] Mata Pally has logged in.
[26/08/2014 21:44:03] Palazinho has logged out.
[26/08/2014 21:44:07] > Saving server...
[26/08/2014 21:44:08] sqlite3_step(): SQLITE ERROR: unable to open database file
[26/08/2014 21:44:10] sqlite3_step(): SQLITE ERROR: unable to open database file
[26/08/2014 21:44:10] > SAVE: Complete in 3.739 seconds using relational house storage.
[26/08/2014 21:44:12] Mlk Lokoo has logged out.
[26/08/2014 21:44:18] > Broadcasted message: "Game map cleaning in 1 minute, please pick up all your items.".
[26/08/2014 21:44:21] Honda has logged out.
[26/08/2014 21:44:30] Menino Mal has logged in.
[26/08/2014 21:44:30] Magezinho Sapeca has logged in.
[26/08/2014 21:44:30] Honda has logged in.
[26/08/2014 21:44:48] > CLEAN: Removed 4736 items from 1670 tiles in 0.197 seconds.
[26/08/2014 21:44:49] > Broadcasted message: "Map Cleaned.".
[26/08/2014 21:44:53] Marina has logged out.
[26/08/2014 21:44:55] Marina has logged in.
[26/08/2014 21:45:23] Hegazy has logged out.
[26/08/2014 21:45:28] Hegazy has logged in.
[26/08/2014 21:45:46] > Broadcasted message: "Para esclarecer algumas duvidas digite !notice, para mais informacoes fale com um [CM]".
[26/08/2014 21:45:49] Blackgt has logged in.
[26/08/2014 21:45:57] Mata Pally has logged out.
[26/08/2014 21:45:58] Mata Pally has logged in.
[26/08/2014 21:46:28] Juninhosza has logged out.
[26/08/2014 21:46:50] Duff Maluko has logged out.
[26/08/2014 21:46:51] Honda has logged out.
[26/08/2014 21:46:53] Honda has logged in.
[26/08/2014 21:47:26] Hegazy has logged out.
[26/08/2014 21:47:39] Druidzerah Mythus has logged in.
[26/08/2014 21:52:11] Marina has logged out.
[26/08/2014 21:52:12] Marina has logged in.
[26/08/2014 21:52:22] Mc Livinho has logged out.
[26/08/2014 21:52:24] Mc Livinho has logged in.
[26/08/2014 21:52:27] > Broadcasted message: "Para ver a lista de proximos tutores digite !tutores.".
[26/08/2014 21:52:35] Menino Mal has logged out.
[26/08/2014 21:52:36] sqlite3_step(): SQLITE ERROR: unable to open database file
[26/08/2014 21:52:37] Heinderberg has logged out.
[26/08/2014 21:52:38] Menino Mal has logged in.
[26/08/2014 21:52:40] Heinderberg has logged in.
[26/08/2014 21:52:57] Mc Livinho has logged out.
[26/08/2014 21:52:59] Mc Livinho has logged in.
[26/08/2014 21:53:09] Marina has logged out.
[26/08/2014 21:53:10] 
[26/08/2014 21:53:10] Lua Script Error: [CreatureScript Interface] 
[26/08/2014 21:53:10] data/creaturescripts/scripts/playerdeath.lua:onDeath
[26/08/2014 21:53:11] 
[26/08/2014 21:53:11] luaGetCreatureName(). Creature not found
[26/08/2014 21:53:11] 
[26/08/2014 21:53:11] Lua Script Error: [CreatureScript Interface] 
[26/08/2014 21:53:13] data/creaturescripts/scripts/playerdeath.lua:onDeath
[26/08/2014 21:53:14] 
[26/08/2014 21:53:14] luaGetCreatureName(). Creature not found
[26/08/2014 21:53:15] Menina Mal has logged out.
[26/08/2014 21:53:17] Menina Mal has logged in.
[26/08/2014 21:53:31] Marina has logged in.
[26/08/2014 21:54:40] Yakuza has logged out.
[26/08/2014 21:55:03] Yakuza has logged in.
[26/08/2014 21:55:21] Heinderberg has logged out.
[26/08/2014 21:55:24] Heinderberg has logged in.
[26/08/2014 21:55:29] Marina has logged out.
[26/08/2014 21:55:34] Marina has logged in.
[26/08/2014 21:55:40] Blackgt has logged out.
[26/08/2014 21:56:36] Mc Livinho has logged out.
[26/08/2014 21:56:38] Mc Livinho has logged in.
[26/08/2014 21:56:46] Heinderberg has logged out.
[26/08/2014 21:56:49] Heinderberg has logged in.
[26/08/2014 21:57:39] Mc Livinho has logged out.
[26/08/2014 21:57:41] Mc Livinho has logged in.
[26/08/2014 21:57:45] Menina Mal has logged out.
[26/08/2014 21:57:48] Menina Mal has logged in.
[26/08/2014 21:58:55] Menina Mal has logged out.
[26/08/2014 21:58:58] Menina Mal has logged in.
[26/08/2014 21:59:08] > Broadcasted message: "Para comprar bless digite !bless".
[26/08/2014 22:00:59] > Broadcasted message: "Game map cleaning in 1 minute, please pick up all your items.".
[26/08/2014 22:01:23] Yakuza has logged out.
[26/08/2014 22:01:25] Yakuza has logged in.
[26/08/2014 22:01:31] > CLEAN: Removed 2300 items from 1288 tiles in 1.012 seconds.
[26/08/2014 22:01:33] > Broadcasted message: "Map Cleaned.".
[26/08/2014 22:02:09] Heinderberg has logged out.
[26/08/2014 22:02:14] Heinderberg has logged in.
[26/08/2014 22:03:32] Kaiozinho has logged out.
[26/08/2014 22:03:33] Heinderberg has logged out.
[26/08/2014 22:03:35] Heinderberg has logged in.
[26/08/2014 22:04:00] Mata Pally has logged out.
[26/08/2014 22:04:07] Honda has logged out.
[26/08/2014 22:04:21] Blackgt has logged in.
[26/08/2014 22:04:38] Menino Mal has logged out.
[26/08/2014 22:04:38] Druidzerah Mythus has logged out.
[26/08/2014 22:05:09] Honda has logged in.
[26/08/2014 22:05:23] Honda has logged out.
[26/08/2014 22:05:32] Mc Livinho has logged out.
[26/08/2014 22:05:34] Mc Livinho has logged in.
[26/08/2014 22:05:43] Heinderberg has logged out.
[26/08/2014 22:05:45] Heinderberg has logged in.
[26/08/2014 22:05:49] > Broadcasted message: "Para ver as noticias fale !notice".
[26/08/2014 22:07:39] Menino Mal has logged in.
[26/08/2014 22:08:14] Marina has logged out.
[26/08/2014 22:08:15] Heinderberg has logged out.
[26/08/2014 22:08:15] Marina has logged in.
[26/08/2014 22:08:16] Heinderberg has logged in.
[26/08/2014 22:08:17] Mc Livinho has logged out.
[26/08/2014 22:08:19] Mc Livinho has logged in.
[26/08/2014 22:09:57] Mc Livinho has logged out.
[26/08/2014 22:09:59] Mc Livinho has logged in.
[26/08/2014 22:10:18] Yakuza has logged out.
[26/08/2014 22:10:19] Yakuza has logged in.
[26/08/2014 22:10:20] Menino Mal has logged out.
[26/08/2014 22:10:21] Menino Mal has logged in.
[26/08/2014 22:11:19] Kina Rullex has logged in.
[26/08/2014 22:11:29] 
[26/08/2014 22:11:29] Lua Script Error: [Action Interface] 
[26/08/2014 22:11:29] data/actions/scripts/prateleira.lua:onUse
[26/08/2014 22:11:30] 
[26/08/2014 22:11:30] luaDoRemoveItem(). Item not found
[26/08/2014 22:11:30] 
[26/08/2014 22:11:30] Lua Script Error: [Action Interface] 
[26/08/2014 22:11:30] data/actions/scripts/prateleira.lua:onUse
[26/08/2014 22:11:30] 
[26/08/2014 22:11:30] luaDoRemoveItem(). Item not found
[26/08/2014 22:11:34] Account Manager has logged in.
[26/08/2014 22:11:38] Account Manager has logged out.
[26/08/2014 22:12:30] > Broadcasted message: "Novo CLIENTE = http://www.4shared.com/rar/Xvc96eOece/Death_PVP.html".
[26/08/2014 22:14:01] Marina has logged out.
[26/08/2014 22:14:06] Marina has logged in.
[26/08/2014 22:14:46] Heinderberg has logged out.
[26/08/2014 22:14:48] Heinderberg has logged in.
[26/08/2014 22:15:15] Account Manager has logged in.
[26/08/2014 22:15:16] Account Manager has logged out.
[26/08/2014 22:15:26] Account Manager has logged in.
[26/08/2014 22:15:27] Account Manager has logged out.
[26/08/2014 22:15:49] Account Manager has logged in.
[26/08/2014 22:15:49] Account Manager has logged out.
[26/08/2014 22:15:52] Heinderberg has logged out.
[26/08/2014 22:15:54] Heinderberg has logged in.
[26/08/2014 22:15:56] Yakuza has logged out.
[26/08/2014 22:15:57] Menino Mal has logged out.
[26/08/2014 22:15:58] Yakuza has logged in.
[26/08/2014 22:15:58] Menino Mal has logged in.
[26/08/2014 22:15:58] Yakuza has logged out.
[26/08/2014 22:16:00] Yakuza has logged in.
[26/08/2014 22:16:34] Heinderberg has logged out.
[26/08/2014 22:16:36] Heinderberg has logged in.
[26/08/2014 22:17:28] > Saving server...
[26/08/2014 22:17:31] > SAVE: Complete in 3.014 seconds using relational house storage.
[26/08/2014 22:17:40] > Broadcasted message: "Game map cleaning in 1 minute, please pick up all your items.".
[26/08/2014 22:17:52] Heinderberg has logged out.
[26/08/2014 22:17:54] Heinderberg has logged in.
[26/08/2014 22:18:10] > CLEAN: Removed 78 items from 168 tiles in 0.184 seconds.
[26/08/2014 22:18:10] > Broadcasted message: "Map Cleaned.".
[26/08/2014 22:18:16] Kinna Zikinha has logged in.
[26/08/2014 22:18:19] Mc Livinho has logged out.
[26/08/2014 22:18:20] Mc Livinho has logged in.
[26/08/2014 22:18:27] Menino Mal has logged out.
[26/08/2014 22:18:27] 
[26/08/2014 22:18:27] Lua Script Error: [CreatureScript Interface] 
[26/08/2014 22:18:28] data/creaturescripts/scripts/playerdeath.lua:onDeath
[26/08/2014 22:18:28] 
[26/08/2014 22:18:28] luaGetCreatureName(). Creature not found
[26/08/2014 22:18:28] Yakuza has logged out.
[26/08/2014 22:18:30] Yakuza has logged in.
[26/08/2014 22:18:30] Menino Mal has logged in.
[26/08/2014 22:18:30] 
[26/08/2014 22:18:30] Lua Script Error: [CreatureScript Interface] 
[26/08/2014 22:18:30] data/creaturescripts/scripts/playerdeath.lua:onDeath
[26/08/2014 22:18:31] 
[26/08/2014 22:18:31] luaGetCreatureName(). Creature not found
[26/08/2014 22:18:31] 
[26/08/2014 22:18:31] Lua Script Error: [CreatureScript Interface] 
[26/08/2014 22:18:31] data/creaturescripts/scripts/playerdeath.lua:onDeath
[26/08/2014 22:18:31] 
[26/08/2014 22:18:31] luaGetCreatureName(). Creature not found
[26/08/2014 22:18:32] Menina Mal has logged out.
[26/08/2014 22:18:33] Menina Mal has logged in.
[26/08/2014 22:19:11] > Broadcasted message: "Para duvidas, eventos, e futuramente compras E-mail/Msn -> deathpvp@live.com.".
[26/08/2014 22:19:33] Bug Kinne has logged in.
[26/08/2014 22:20:12] Porra Manw has logged in.
[26/08/2014 22:20:24] Mc Livinho has logged out.
[26/08/2014 22:20:26] Mc Livinho has logged in.
[26/08/2014 22:20:43] Porra Manw has logged out.
[26/08/2014 22:20:49] Duff Maluko has logged in.
[26/08/2014 22:21:00] Blackgt has logged out.
[26/08/2014 22:21:02] Menino Mal has logged out.
[26/08/2014 22:21:04] Menino Mal has logged in.
[26/08/2014 22:21:05] Duff Maluko has logged out.
[26/08/2014 22:21:37] Magezinho Sapeca has logged out.
[26/08/2014 22:21:39] Duff Maluko has logged in.
[26/08/2014 22:21:59] Manager has logged in.
[26/08/2014 22:22:07] Druidzerah Mythus has logged in.
[26/08/2014 22:22:09] Manager has logged out.
[26/08/2014 22:22:17] Underdown has logged in.
[26/08/2014 22:22:19] Magezinho Sapeca has logged in.
[26/08/2014 22:22:52] Underdown has logged out.
[26/08/2014 22:23:16] Heinderberg has logged out.
[26/08/2014 22:23:18] Heinderberg has logged in.
[26/08/2014 22:24:01] Magezinho Sapeca has logged out.
[26/08/2014 22:24:03] Magezinho Sapeca has logged in.
[26/08/2014 22:24:04] Down has logged in.
[26/08/2014 22:24:34] Down has logged out.
[26/08/2014 22:25:52] > Broadcasted message: "Para ver as noticias fale !notice".
[26/08/2014 22:27:43] Yakuza has logged out.
[26/08/2014 22:27:44] Yakuza has logged in.
[26/08/2014 22:28:22] Magezinho Sapeca has logged out.
[26/08/2014 22:28:24] Magezinho Sapeca has logged in.
[26/08/2014 22:28:29] Kina Rullex has logged out.
[26/08/2014 22:28:32] Kina Rullex has logged in.
[26/08/2014 22:29:09] Menina Mal has logged out.
[26/08/2014 22:29:11] Menina Mal has logged in.
[26/08/2014 22:32:06] Mc Livinho has logged out.
[26/08/2014 22:32:08] Mc Livinho has logged in.
[26/08/2014 22:32:31] Kina Rullex has logged out.
[26/08/2014 22:32:33] > Broadcasted message: "Ot on das 07:00 as 00:00".
[26/08/2014 22:32:33] Kina Rullex has logged in.
[26/08/2014 22:33:25] Account Manager has logged in.
[26/08/2014 22:33:28] Account Manager has logged out.
[26/08/2014 22:33:45] Blackgt has logged in.
[26/08/2014 22:34:21] > Broadcasted message: "Game map cleaning in 1 minute, please pick up all your items.".
[26/08/2014 22:34:29] Blackgt has logged out.
[26/08/2014 22:34:32] Blackgt has logged in.
[26/08/2014 22:34:52] > CLEAN: Removed 25 items from 83 tiles in 0.2 seconds.
[26/08/2014 22:34:52] > Broadcasted message: "Map Cleaned.".
[26/08/2014 22:35:05] Blackgt has logged out.
[26/08/2014 22:35:07] Blackgt has logged in.
[26/08/2014 22:35:43] Blackgt has logged out.
[26/08/2014 22:35:46] Blackgt has logged in.
[26/08/2014 22:36:02] Heinderberg has logged out.
[26/08/2014 22:36:06] Blackgt has logged out.
[26/08/2014 22:36:33] Bug Kinne has logged out.
[26/08/2014 22:37:05] Duff Maluko has logged out.
[26/08/2014 22:37:14] Duff Maluko has logged in.
[26/08/2014 22:37:28] Duff Maluko has logged out.
[26/08/2014 22:37:29] Duff Maluko has logged in.
[26/08/2014 22:37:43] Magezinho Sapeca has logged out.
[26/08/2014 22:37:44] Magezinho Sapeca has logged in.
[26/08/2014 22:37:45] Magezinho Sapeca has logged out.
[26/08/2014 22:37:46] Magezinho Sapeca has logged in.
[26/08/2014 22:37:49] Magezinho Sapeca has logged out.
[26/08/2014 22:39:14] > Broadcasted message: "Ot on das 07:00 as 00:00".
[26/08/2014 22:40:28] Mc Livinho has logged out.
[26/08/2014 22:40:30] Mc Livinho has logged in.
[26/08/2014 22:41:20] Mc Livinho has logged out.
[26/08/2014 22:41:21] Mc Livinho has logged in.
[26/08/2014 22:41:32] Menino Mal has logged out.
[26/08/2014 22:41:34] Menino Mal has logged in.
[26/08/2014 22:41:35] Bug Kinne has logged in.
[26/08/2014 22:42:21] Mc Livinho has logged out.
[26/08/2014 22:42:23] Mc Livinho has logged in.
[26/08/2014 22:43:10] Menino Mal has logged out.
[26/08/2014 22:43:32] Microbiio I has logged in.
[26/08/2014 22:45:22] Mc Livinho has logged out.
[26/08/2014 22:45:23] Menina Mal has logged out.
[26/08/2014 22:45:24] Mc Livinho has logged in.
[26/08/2014 22:45:29] Menina Mal has logged in.
[26/08/2014 22:45:55] > Broadcasted message: "Ot on das 07:00 as 00:00".
[26/08/2014 22:48:45] Marina has logged out.
[26/08/2014 22:49:04] Kina Rullex has logged out.
[26/08/2014 22:49:38] Microbiio I has logged out.
[26/08/2014 22:49:42] Microbiio I has logged in.
[26/08/2014 22:50:34] Microbiio I has logged out.
[26/08/2014 22:50:35] Microbiio I has logged in.
[26/08/2014 22:50:49] > Saving server...
[26/08/2014 22:50:53] > SAVE: Complete in 3.527 seconds using relational house storage.
[26/08/2014 22:51:02] > Broadcasted message: "Game map cleaning in 1 minute, please pick up all your items.".
[26/08/2014 22:51:33] > CLEAN: Removed 36 items from 49 tiles in 0.253 seconds.
[26/08/2014 22:51:34] > Broadcasted message: "Map Cleaned.".
[26/08/2014 22:52:03] Marina has logged in.
[26/08/2014 22:52:36] > Broadcasted message: "Ot on das 07:00 as 00:00".
[26/08/2014 22:56:46] Microbiio I has logged out.
[26/08/2014 22:56:49] Microbiio I has logged in.
[26/08/2014 22:57:49] Bug Kinne has logged out.
[26/08/2014 22:58:47] Druidzerah Mythus has logged out.
[26/08/2014 22:59:17] > Broadcasted message: "Para ver a lista de proximos tutores digite !tutores.".
[26/08/2014 22:59:39] Druidzerah Mythus has logged in.
[26/08/2014 23:01:30] Yakuza has logged out.
[26/08/2014 23:01:32] Yakuza has logged in.
[26/08/2014 23:05:58] > Broadcasted message: "Para esclarecer algumas duvidas digite !notice, para mais informacoes fale com um [CM]".
[26/08/2014 23:06:50] Duff Maluko has logged out.
[26/08/2014 23:07:22] Menina Mal has logged out.
[26/08/2014 23:07:27] Marina has logged out.
[26/08/2014 23:07:43] > Broadcasted message: "Game map cleaning in 1 minute, please pick up all your items.".
[26/08/2014 23:08:14] > CLEAN: Removed 3420 items from 2517 tiles in 0.538 seconds.
[26/08/2014 23:08:14] > Broadcasted message: "Map Cleaned.".
[26/08/2014 23:09:37] Kina Rullex has logged in.
[26/08/2014 23:09:51] Porra Manw has logged in.
[26/08/2014 23:12:39] > Broadcasted message: "Sempre Ao Criar Uma Conta, Pegue A RK Dela No Account Manager Da Conta E Anote, Nunca Passe A Sua Senha Para Outras Pessoas, E Ao Entrar Em Outros OT´s Crie Contas Diferentes Para Não Sofrer HACKED, Não Me Responsabilizo Por Perdas, Obrigado".
[26/08/2014 23:16:43] Microbiio I has logged out.
[26/08/2014 23:18:50] Mc Livinho has logged out.
[26/08/2014 23:19:02] Yakuza has logged out.
[26/08/2014 23:19:20] > Broadcasted message: "Para ver as noticias fale !notice".
[26/08/2014 23:20:50] Bug Kinne has logged in.
[26/08/2014 23:22:15] Mc Livinho has logged in.
[26/08/2014 23:22:39] Druidzerah Mythus has logged out.
[26/08/2014 23:22:41] Kinna Zikinha has logged out.
[26/08/2014 23:22:44] Kinna Zikinha has logged in.
[26/08/2014 23:24:10] > Saving server...
[26/08/2014 23:24:13] > SAVE: Complete in 2.231 seconds using relational house storage.
[26/08/2014 23:24:24] > Broadcasted message: "Game map cleaning in 1 minute, please pick up all your items.".
[26/08/2014 23:24:55] > CLEAN: Removed 3051 items from 2261 tiles in 0.284 seconds.
[26/08/2014 23:24:55] > Broadcasted message: "Map Cleaned.".
[26/08/2014 23:25:47] Kina Rullex has logged out.
[26/08/2014 23:26:01] > Broadcasted message: "Para ver as noticias fale !notice".
[26/08/2014 23:26:10] Druidzerah Mythus has logged in.
[26/08/2014 23:26:22] Porra Manw has logged out.
[26/08/2014 23:29:04] Druidzerah Mythus has logged out.
[26/08/2014 23:29:43] Garoto Nestle has logged in.
[26/08/2014 23:32:42] > Broadcasted message: "Sempre Ao Criar Uma Conta, Pegue A RK Dela No Account Manager Da Conta E Anote, Nunca Passe A Sua Senha Para Outras Pessoas, E Ao Entrar Em Outros OT´s Crie Contas Diferentes Para Não Sofrer HACKED, Não Me Responsabilizo Por Perdas, Obrigado".
[26/08/2014 23:32:57] Druidzerah Mythus has logged in.
[26/08/2014 23:34:04] Garoto Nestle has logged out.
[26/08/2014 23:34:06] Garoto Nestle has logged in.
[26/08/2014 23:37:02] Bug Kinne has logged out.
[26/08/2014 23:39:23] > Broadcasted message: "Novo CLIENTE = http://www.4shared.com/rar/Xvc96eOece/Death_PVP.html".
[26/08/2014 23:41:05] > Broadcasted message: "Game map cleaning in 1 minute, please pick up all your items.".
[26/08/2014 23:41:09] > Saving server...
[26/08/2014 23:41:11] > SAVE: Complete in 1.997 seconds using relational house storage.
[26/08/2014 23:41:14] Mc Livinho has logged out.
[26/08/2014 23:41:14] Kinna Zikinha has logged out.
[26/08/2014 23:41:15] Druidzerah Mythus has logged out.
[26/08/2014 23:41:15] Garoto Nestle has logged out.
[26/08/2014 23:41:15] > Saving server...
[26/08/2014 23:41:17] > SAVE: Complete in 1.202 seconds using relational house storage.
[26/08/2014 23:41:17] Preparing to shutdown server..
[26/08/2014 23:41:19] .
[26/08/2014 23:41:19] Exiting
