[28/04/2018 12:06:00] The Forgotten Server, version 0.3.4 (Crying Damson)
[28/04/2018 12:06:00] Sever Criado Por Alissow e Comedinha.
[28/04/2018 12:06:00] Publicidade: www.sotserv.blogspot.com <- <- <- Tudo sobre otserv.
[28/04/2018 12:06:00] Bom Jogo!!!
[28/04/2018 12:06:00] 
[28/04/2018 12:06:00] >> Debugging: nothing.
[28/04/2018 12:06:00] >> Checking software version... failed - could not parse remote file (are you connected to the internet?)
[28/04/2018 12:06:00] 
[28/04/2018 12:06:00] >> Loading config (config.lua)
[28/04/2018 12:06:00] > Using plaintext passwords
[28/04/2018 12:06:00] >> Loading RSA key
[28/04/2018 12:06:00] >> Starting SQL connection
[28/04/2018 12:06:00] >> Running Database Manager
[28/04/2018 12:06:01] > Optimized database.
[28/04/2018 12:06:01] >> Loading items
[28/04/2018 12:06:01] >> Loading groups
[28/04/2018 12:06:01] >> Loading vocations
[28/04/2018 12:06:01] >> Loading script systems
[28/04/2018 12:06:04] >> Loading chat channels
[28/04/2018 12:06:04] >> Loading outfits
[28/04/2018 12:06:04] >> Loading experience stages
[28/04/2018 12:06:04] >> Loading monsters
[28/04/2018 12:06:06] >> Loading map and spawns...
[28/04/2018 12:06:07] > Map size: 65000x65000.
[28/04/2018 12:06:07] > Map descriptions: 
[28/04/2018 12:06:07] Saved with Remere's Map Editor 2.2
[28/04/2018 12:06:07] No map description available.
[28/04/2018 12:06:08] Duplicate uniqueId 2407
[28/04/2018 12:06:11] > Map loading time: 4.93 seconds.
[28/04/2018 12:06:14] > Data loading time: 2.59 seconds.
[28/04/2018 12:06:14] > Unserialization time for houses: 0.015 seconds.
[28/04/2018 12:06:36] > Unserialization time for map: 21.839 seconds.
[28/04/2018 12:06:36] >> Checking world type... PvP
[28/04/2018 12:06:36] >> Initializing game state modules and registering services...
[28/04/2018 12:06:36] > Global address: deathpvp.servegame.com
[28/04/2018 12:06:37] > Local ports:
[28/04/2018 12:06:37] 7171	7172	
[28/04/2018 12:06:37] >> All modules were loaded, server starting up...
[28/04/2018 12:06:37] >> OT Death server Online!
[28/04/2018 12:06:37] 
[28/04/2018 12:07:19] sqlite3_step(): SQLITE ERROR: columns id, world_id are not unique
[28/04/2018 12:07:20] Account Manager has logged in.
[28/04/2018 12:07:22] Account Manager has logged out.
[28/04/2018 12:07:29] Mateus has logged in.
[28/04/2018 12:09:23] Mateus has logged out.
[28/04/2018 12:09:32] Fakedoi has logged in.
[28/04/2018 12:11:45] Fakedoi has logged out.
[28/04/2018 12:11:46] Jean has logged in.
[28/04/2018 12:14:25] > Broadcasted message: "Para comprar bless digite !bless".
[28/04/2018 12:18:06] Jean has logged out.
[28/04/2018 12:18:08] Fakedoi has logged in.
[28/04/2018 12:22:45] > Broadcasted message: "Game map cleaning in 1 minute, please pick up all your items.".
[28/04/2018 12:22:46] > Broadcasted message: "Novo CLIENTE = http://www.4shared.com/rar/cfxSV4o7ce/Death_PVP.html".
[28/04/2018 12:23:15] > CLEAN: Removed 77 items from 115 tiles in 0 seconds.
[28/04/2018 12:23:15] > Broadcasted message: "Map Cleaned.".
[28/04/2018 12:26:13] Fakedoi has logged out.
[28/04/2018 12:29:30] > Saving server...
[28/04/2018 12:29:32] > SAVE: Complete in 1.755 seconds using relational house storage.
[28/04/2018 12:29:39] Account Manager has logged in.
[28/04/2018 12:29:41] Account Manager has logged out.
[28/04/2018 12:31:07] > Broadcasted message: "Para ver as noticias fale !notice".
[28/04/2018 12:39:26] > Broadcasted message: "Game map cleaning in 1 minute, please pick up all your items.".
[28/04/2018 12:39:28] > Broadcasted message: "Para ver as noticias fale !notice".
[28/04/2018 12:39:56] > CLEAN: Removed 347 items from 233 tiles in 0.019 seconds.
[28/04/2018 12:39:56] > Broadcasted message: "Map Cleaned.".
[28/04/2018 12:40:56] Fakedoi has logged in.
[28/04/2018 12:47:49] > Broadcasted message: "Sempre Ao Criar Uma Conta, Pegue A RK Dela No Account Manager Da Conta E Anote, Nunca Passe A Sua Senha Para Outras Pessoas, E Ao Entrar Em Outros OT´s Crie Contas Diferentes Para Não Sofrer HACKED, Não Me Responsabilizo Por Perdas, Obrigado".
[28/04/2018 12:47:57] Fakedoi has logged out.
[28/04/2018 12:47:59] Fakedoi has logged in.
[28/04/2018 12:52:51] > Saving server...
[28/04/2018 12:52:52] > SAVE: Complete in 1.745 seconds using relational house storage.
[28/04/2018 12:55:04] Fakedoi has logged out.
[28/04/2018 12:55:11] > Saving server...
[28/04/2018 12:55:12] > SAVE: Complete in 1.35 seconds using relational house storage.
[28/04/2018 12:55:12] Preparing to shutdown server..
[28/04/2018 12:55:12] .
[28/04/2018 12:55:12] Exiting
[28/04/2018 13:14:18] The Forgotten Server, version 0.3.4 (Crying Damson)
[28/04/2018 13:14:19] Sever Criado Por Alissow e Comedinha.
[28/04/2018 13:14:19] Publicidade: www.sotserv.blogspot.com <- <- <- Tudo sobre otserv.
[28/04/2018 13:14:19] Bom Jogo!!!
[28/04/2018 13:14:19] 
[28/04/2018 13:14:19] >> Debugging: nothing.
[28/04/2018 13:14:19] >> Checking software version... failed - could not parse remote file (are you connected to the internet?)
[28/04/2018 13:14:19] 
[28/04/2018 13:14:19] >> Loading config (config.lua)
[28/04/2018 13:14:19] > Using plaintext passwords
[28/04/2018 13:14:19] >> Loading RSA key
[28/04/2018 13:14:19] >> Starting SQL connection
[28/04/2018 13:14:19] >> Running Database Manager
[28/04/2018 13:14:20] > Optimized database.
[28/04/2018 13:14:20] >> Loading items
[28/04/2018 13:14:20] >> Loading groups
[28/04/2018 13:14:20] >> Loading vocations
[28/04/2018 13:14:20] >> Loading script systems
[28/04/2018 13:14:23] >> Loading chat channels
[28/04/2018 13:14:23] >> Loading outfits
[28/04/2018 13:14:23] >> Loading experience stages
[28/04/2018 13:14:23] >> Loading monsters
[28/04/2018 13:14:25] >> Loading map and spawns...
[28/04/2018 13:14:26] > Map size: 65000x65000.
[28/04/2018 13:14:26] > Map descriptions: 
[28/04/2018 13:14:26] Saved with Remere's Map Editor 2.2
[28/04/2018 13:14:26] No map description available.
[28/04/2018 13:14:27] Duplicate uniqueId 2407
[28/04/2018 13:14:30] > Map loading time: 5.071 seconds.
[28/04/2018 13:14:31] > Data loading time: 0.729 seconds.
[28/04/2018 13:14:31] > Unserialization time for houses: 0.027 seconds.
[28/04/2018 13:14:55] > Unserialization time for map: 23.987 seconds.
[28/04/2018 13:14:55] >> Checking world type... PvP
[28/04/2018 13:14:55] >> Initializing game state modules and registering services...
[28/04/2018 13:14:56] > Global address: deathpvp.servegame.com
[28/04/2018 13:14:56] > Local ports:
[28/04/2018 13:14:56] 7171	7172	
[28/04/2018 13:14:56] >> All modules were loaded, server starting up...
[28/04/2018 13:14:56] >> OT Death server Online!
[28/04/2018 13:14:56] 
[28/04/2018 13:15:21] > Saving server...
[28/04/2018 13:15:23] > SAVE: Complete in 1.779 seconds using relational house storage.
[28/04/2018 13:15:23] Preparing to shutdown server..
[28/04/2018 13:15:23] .
[28/04/2018 13:15:23] Exiting
